Loading core dump: .\Order.API-3.dmp ...
Statistics:
          MT   Count  TotalSize Class Name
7ffcf3483cf0       1         24 System.Reflection.Metadata.TypeNameParseOptions
7ffcf373d618       1         24 Microsoft.Extensions.DependencyModel.DependencyContextJsonReader+TargetLibrary[]
7ffcf37419d0       1         24 Microsoft.Extensions.DependencyModel.DependencyContextJsonReader+RuntimeTargetEntryStub[]
7ffcf39db988       1         24 Serilog.Events.EventProperty[]
7ffcf470d198       1         24 System.Reflection.CustomAttributeTypedArgument[]
7ffcf4740818       1         24 System.Reflection.CustomAttributeNamedArgument[]
7ffcf47f6030       1         24 Polly.Utilities.EmptyStruct
7ffcf4895528       1         24 System.Net.Security.SslApplicationProtocol[]
7ffcf48bfa88       1         24 System.Security.Cryptography.X509Certificates.X509ChainStatus[]
7ffcf4950100       1         24 System.Runtime.InteropServices.GCHandle[]
7ffcf4b17218       1         24 Microsoft.Extensions.Primitives.StringSegment[]
7ffcf4be86a0       1         24 System.Text.Json.Serialization.Metadata.PropertyRef[]
7ffcf52d8498       1         24 System.Collections.Generic.KeyValuePair<System.Int32, System.ValueTuple<System.Nullable<Microsoft.EntityFrameworkCore.WarningBehavior>, System.Nullable<Microsoft.Extensions.Logging.LogLevel>>>[]
7ffcf58cdec8       1         24 AutoMapper.Execution.Member[]
7ffcf59ed1b8       1         24 AutoMapper.Internal.TypePair[]
7ffcf5a66718       1         24 Microsoft.AspNetCore.Mvc.ModelBinding.DefaultModelBindingContext+State[]
7ffcf6823ee0       1         24 System.Configuration.SimpleBitVector32
7ffcf81e68a0       1         24 System.Collections.Generic.KeyValuePair<System.Diagnostics.Tracing.EtwEventProvider+SessionInfo, System.Boolean>[]
7ffcf5bb8340       1         24 Microsoft.EntityFrameworkCore.Infrastructure.DbContextModelAttribute[]
7ffcf5a6ed40       1         24 System.Text.Json.Serialization.Metadata.JsonTypeInfo<Order.Business.Mediator.Commands.Order.GetSubOrderCommand>+<>c__DisplayClass37_0
7ffcf3401e80       1         24 System.Collections.Generic.StringEqualityComparer
7ffcf3405ab0       1         24 System.OrdinalCaseSensitiveComparer
7ffcf34050a8       1         24 System.Collections.Generic.NonRandomizedStringEqualityComparer+OrdinalIgnoreCaseComparer
7ffcf3405eb0       1         24 System.OrdinalIgnoreCaseComparer
7ffcf343e4e0       1         24 System.WeakReference<System.Runtime.Loader.AssemblyLoadContext>
7ffcf34d67e8       1         24 System.Reflection.Missing
7ffcf34d6968       1         24 System.Type+<>c
7ffcf3520728       1         24 System.Buffers.SharedArrayPool<System.Char>+<>c
7ffcf3533b88       1         24 Microsoft.DotNet.HotReload.AgentReporter
7ffcf3552188       1         24 System.Collections.Generic.ObjectEqualityComparer<System.Reflection.Assembly>
7ffcf3560800       1         24 System.DefaultBinder
7ffcf61da318       1         24 System.Collections.ObjectModel.ReadOnlyCollection<System.Reflection.MemberInfo>
7ffcf356cf48       1         24 System.Collections.Concurrent.ConcurrentQueue<System.Object>[]
7ffcf356e758       1         24 System.Threading.ThreadPool+<>c
7ffcf358e958       1         24 System.Security.Claims.Claim[]
7ffcf35958a8       1         24 System.Threading.Tasks.ValueTask+ValueTaskSourceAsTask+<>c
7ffcf35a3430       1         24 System.Threading.Tasks.Task+<>c
7ffcf3596ef0       1         24 System.Threading.PortableThreadPool+WorkerThread+<>c
7ffcf35ac060       1         24 System.Buffers.SharedArrayPool<System.Byte>+<>c
7ffcf35d2f60       1         24 System.Threading.Tasks.ValueTask<System.Int32>+ValueTaskSourceAsTask+<>c
7ffcf628aa28       1         24 Microsoft.EntityFrameworkCore.SqlServer.Internal.SqlServerResources+<>c
7ffcf35ad9d8       1         24 System.Threading.Tasks.ThreadPoolTaskScheduler
7ffcf3683298       1         24 Microsoft.Extensions.Primitives.ChangeToken+<>c
7ffcf3683f70       1         24 Microsoft.Extensions.FileProviders.Physical.Internal.PathUtils+<>c
7ffcf3690310       1         24 System.Collections.Generic.ObjectEqualityComparer<Microsoft.Extensions.FileProviders.IPollingChangeToken>
7ffcf369b9c0       1         24 System.IO.FileSystemWatcher+<>c
7ffcf369c6c0       1         24 Microsoft.Extensions.Primitives.ChangeToken+ChangeTokenRegistration<System.Action>+<>c
7ffcf369cae0       1         24 Microsoft.Extensions.Primitives.CancellationChangeToken+<>c
7ffcf369d218       1         24 Microsoft.Extensions.Primitives.ChangeToken+ChangeTokenRegistration<System.Action>+NoopDisposable
7ffcf36e5da0       1         24 System.Buffers.SharedArrayPool<System.Boolean>+<>c
7ffcf36f2bd8       1         24 System.Text.EncoderExceptionFallback
7ffcf36f2d98       1         24 System.Text.DecoderExceptionFallback
7ffcf3711358       1         24 Microsoft.Extensions.Configuration.ConfigurationReloadToken+<>c
7ffcf371a8a0       1         24 Serilog.Core.ILogEventFilter[]
7ffcf371ab38       1         24 System.Collections.Generic.ObjectEqualityComparer<System.Type>
7ffcf3732cf8       1         24 Microsoft.Extensions.DependencyModel.FileWrapper
7ffcf3732eb8       1         24 Microsoft.Extensions.DependencyModel.DirectoryWrapper
7ffcf37305d8       1         24 Microsoft.Extensions.DependencyModel.DependencyContextLoader+<>c
7ffcf373c380       1         24 Microsoft.Extensions.DependencyModel.DependencyContextJsonReader+Target[]
7ffcf373ab50       1         24 Microsoft.Extensions.DependencyModel.DependencyContextJsonReader+<>c
7ffcf374c8f8       1         24 System.Buffers.SharedArrayPool<Microsoft.Extensions.DependencyModel.CompilationLibrary>+<>c
7ffcf3776018       1         24 System.Buffers.SharedArrayPool<Microsoft.Extensions.DependencyModel.RuntimeFile>+<>c
7ffcf37763e0       1         24 System.Buffers.SharedArrayPool<Microsoft.Extensions.DependencyModel.RuntimeLibrary>+<>c
7ffcf377ba18       1         24 System.Collections.Generic.ObjectEqualityComparer<Microsoft.Extensions.DependencyModel.RuntimeFallbacks>
7ffcf37a0fa8       1         24 Microsoft.Extensions.Configuration.ConfigurationKeyComparer
7ffcf377d160       1         24 Serilog.Settings.Configuration.ConfigurationReader+<>c
7ffcf37abdb8       1         24 System.Reflection.AssemblyName[]
7ffcf37ac088       1         24 Serilog.Settings.Configuration.Assemblies.DependencyContextAssemblyFinder+<>c
7ffcf37b4358       1         24 Microsoft.Extensions.DependencyModel.RuntimeAssetGroup+<>c
7ffcf37ba718       1         24 System.Buffers.SharedArrayPool<System.Reflection.AssemblyName>+<>c
7ffcf37baa50       1         24 Serilog.Settings.Configuration.Assemblies.DllScanningAssemblyFinder+<>c
7ffcf37bf5d0       1         24 System.IO.Enumeration.FileSystemEnumerableFactory+<>c
7ffcf3803c88       1         24 System.Collections.Immutable.ImmutableArray<System.Reflection.PortableExecutable.SectionHeader>
7ffcf380bea0       1         24 System.Reflection.PortableExecutable.SectionHeader[]
7ffcf380f470       1         24 System.Reflection.Metadata.MetadataStringDecoder
7ffcf3851318       1         24 System.Collections.Generic.ObjectEqualityComparer<System.RuntimeType>
7ffcf3868948       1         24 System.Reflection.CustomAttributeData[]
7ffcf386bce8       1         24 System.Reflection.CustomAttributeCtorParameter[]
7ffcf389f268       1         24 System.Buffers.SharedArrayPool<System.Reflection.MethodInfo>+<>c
7ffcf389f400       1         24 Serilog.Settings.Configuration.SurrogateConfigurationMethods+<>c
7ffcf391c850       1         24 System.Collections.Generic.ObjectComparer<System.Tuple<System.Int32, System.Int32>>
7ffcf39224c8       1         24 Serilog.Debugging.SelfLog+SelfLogFailureListener
7ffcf3924368       1         24 System.DBNull
7ffcf3947ad0       1         24 System.Text.RegularExpressions.RegexNode[]
7ffcf3947c70       1         24 System.Text.RegularExpressions.RegexCharClass+<>c
7ffcf392ba08       1         24 Serilog.Settings.Configuration.StringArgumentValue+<>c
7ffcf39573a0       1         24 System.Buffers.SharedArrayPool<Serilog.Parsing.MessageTemplateToken>+<>c
7ffcf3979798       1         24 System.Collections.Generic.ObjectEqualityComparer<System.Text.RegularExpressions.RegexNode>
7ffcf3994ad0       1         24 System.Reflection.CerHashtable<System.Reflection.RuntimeMethodInfo, System.Reflection.RuntimeMethodInfo>
7ffcf3996878       1         24 System.Reflection.Emit.LocalBuilder[]
7ffcf399a0a8       1         24 System.Threading.Tasks.ThreadPoolTaskScheduler+<>c
7ffcf399d2f0       1         24 System.Threading.CancellationTokenSource+LinkedNCancellationTokenSource+<>c
7ffcf3a20708       1         24 Serilog.Sinks.File.Clock+<>c
7ffcf3a218f0       1         24 Serilog.Sinks.File.RollingFileSink+<>c
7ffcf391c528       1         24 System.Collections.Generic.NullableComparer<System.Int32>
7ffcf39a2c28       1         24 Serilog.Sinks.SystemConsole.Themes.SystemConsoleTheme+<>c
7ffcf39afce0       1         24 Serilog.Sinks.SystemConsole.Themes.EmptyConsoleTheme
7ffcf39c4ae0       1         24 Serilog.Core.Pipeline.ByReferenceStringComparer
7ffcf39c0d40       1         24 Serilog.LoggerConfiguration+<>c
7ffcf39c5c90       1         24 Serilog.Core.LevelOverrideMap+<>c
7ffcf39c8c28       1         24 System.Collections.Generic.GenericComparer<System.String>
7ffcf39d1e98       1         24 System.Linq.Enumerable+EnumerableSorter<System.Collections.Generic.KeyValuePair<System.String, Serilog.Core.LoggingLevelSwitch>>+<>c
7ffcf39db170       1         24 Serilog.Core.Pipeline.SilentLogger
7ffcf39e4250       1         24 System.Diagnostics.ActivityListener[]
7ffcf39e44e0       1         24 System.Diagnostics.ActivitySource+<>c
7ffcf39e1590       1         24 System.Threading.AsyncLocal<System.Diagnostics.Activity>
7ffcf39ed2e8       1         24 System.Threading.AsyncLocal<Serilog.Context.EnricherStack>
7ffcf3a24460       1         24 System.IO.Stream+NullStream
7ffcf3a28320       1         24 System.Collections.Generic.EnumEqualityComparer<Serilog.Sinks.SystemConsole.Themes.ConsoleThemeStyle>
7ffcf3a3bf10       1         24 System.Collections.Generic.EnumEqualityComparer<Serilog.Events.LogEventLevel>
7ffcf391b9e8       1         24 System.Collections.Generic.GenericComparer<System.Int32>
7ffcf3a3cbd0       1         24 System.Threading.AsyncLocal<System.Boolean>
7ffcf3a3f320       1         24 System.Collections.Generic.NullableComparer<System.DateTime>
7ffcf3a53e58       1         24 Microsoft.Extensions.Hosting.HostApplicationBuilder+<>c
7ffcf3a59018       1         24 System.Buffers.SharedArrayPool<Serilog.Sinks.File.RollingLogFile>+<>c
7ffcf3a5aec0       1         24 System.Linq.Enumerable+EnumerableSorter<Serilog.Sinks.File.RollingLogFile>+<>c
7ffcf3a5e040       1         24 System.Collections.Generic.GenericComparer<System.DateTime>
7ffcf3402ce8       1         24 System.Collections.Generic.ObjectEqualityComparer<System.Object>
7ffcf3a5d940       1         24 Microsoft.Extensions.Hosting.HostBuilder+<>c
7ffcf3a624e8       1         24 Microsoft.Extensions.DependencyInjection.LoggingServiceCollectionExtensions+<>c
7ffcf3a63118       1         24 Microsoft.Extensions.Logging.DefaultLoggerLevelConfigureOptions
7ffcf3a63b98       1         24 Microsoft.Extensions.Logging.DefaultLoggerLevelConfigureOptions+<>c__DisplayClass0_0
7ffcf3a54e10       1         24 Microsoft.Extensions.Hosting.HostApplicationBuilder+LoggingBuilder
7ffcf3a551a8       1         24 Microsoft.Extensions.Hosting.HostApplicationBuilder+MetricsBuilder
7ffcf3a6be00       1         24 Microsoft.Extensions.Hosting.HostingHostBuilderExtensions+<>c
7ffcf3a6c150       1         24 Microsoft.Extensions.Logging.FilterLoggingBuilderExtensions+<>c__DisplayClass4_0<Microsoft.Extensions.Logging.EventLog.EventLogLoggerProvider>
7ffcf3a6cfb8       1         24 Microsoft.Extensions.Logging.LoggerFilterConfigureOptions
7ffcf3a6cb48       1         24 Microsoft.Extensions.Logging.Configuration.LoggingConfiguration
7ffcf3ab46d8       1         24 Microsoft.Extensions.Logging.LoggerFilterRule[]
7ffcf3ab57f8       1         24 Microsoft.Extensions.Diagnostics.Metrics.Configuration.MetricsConfigureOptions
7ffcf3ab5358       1         24 Microsoft.Extensions.Diagnostics.Metrics.Configuration.MetricsConfiguration
7ffcf3ab79d8       1         24 Microsoft.AspNetCore.Builder.WebApplicationBuilder+<>c
7ffcf3ab7f50       1         24 Microsoft.Extensions.Hosting.GenericHostWebHostBuilderExtensions+<>c
7ffcf3aba090       1         24 Microsoft.AspNetCore.WebHost+<>c
7ffcf3abbae8       1         24 Microsoft.AspNetCore.Hosting.WebHostBuilderSocketExtensions+<>c
7ffcf3abbfe8       1         24 Microsoft.AspNetCore.Hosting.WebHostBuilderKestrelExtensions+<>c
7ffcf3abc7c8       1         24 Microsoft.AspNetCore.Hosting.WebHostBuilderNamedPipeExtensions+<>c
7ffcf3abc9e0       1         24 Microsoft.AspNetCore.Hosting.WebHostBuilderQuicExtensions+<>c__DisplayClass1_0
7ffcf3b06768       1         24 System.Collections.Generic.GenericEqualityComparer<System.Guid>
7ffcf3b06f68       1         24 System.Net.NetEventSource+<>c
7ffcf3b08c78       1         24 System.Diagnostics.Metrics.MeterListener[]
7ffcf3b09028       1         24 System.Collections.Generic.ObjectEqualityComparer<System.Diagnostics.Metrics.Instrument>
7ffcf3b0bd20       1         24 Microsoft.AspNetCore.Hosting.WebHostBuilderQuicExtensions+<>c
7ffcf3b0be60       1         24 Microsoft.AspNetCore.Hosting.WebHostBuilderKestrelExtensions+<>c__DisplayClass6_0
7ffcf3b0bf80       1         24 Microsoft.AspNetCore.WebHost+<>c__DisplayClass12_0
7ffcf3bb0c00       1         24 System.Exception[]
7ffcf3bb1538       1         24 Microsoft.AspNetCore.Watch.BrowserRefresh.HostingStartup
7ffcf3bb1f10       1         24 Microsoft.WebTools.ApiEndpointDiscovery.HostingStartup
7ffcf3bb2568       1         24 Microsoft.WebTools.BrowserLink.Net.HostingStartup
7ffcf3bb2e20       1         24 Microsoft.Extensions.FileProviders.NullFileProvider
7ffcf3bb5e30       1         24 Microsoft.AspNetCore.Hosting.GenericWebHostBuilder+<>c
7ffcf3bb64f0       1         24 System.Diagnostics.W3CPropagator
7ffcf3bb7e28       1         24 Microsoft.Extensions.DependencyInjection.EndpointMetadataApiExplorerServiceCollectionExtensions+<>c
7ffcf3bbfad0       1         24 Microsoft.AspNetCore.WebHost+<>c__DisplayClass12_1
7ffcf3bd7318       1         24 Microsoft.Extensions.DependencyInjection.RoutingServiceCollectionExtensions+<>c__DisplayClass1_0
7ffcf3bd9e90       1         24 Microsoft.Extensions.DependencyInjection.RoutingServiceCollectionExtensions+<>c
7ffcf3601248       1         24 Order.API.Startup
7ffcf3bdb200       1         24 Order.API.Startup+<>c__DisplayClass8_0
7ffcf3c25058       1         24 Microsoft.Extensions.Configuration.ConfigurationBinder+<>c
7ffcf3c2af70       1         24 System.ComponentModel.WeakHashtable+WeakKeyComparer
7ffcf3c2e7f0       1         24 System.ComponentModel.ReflectTypeDescriptionProvider+<>c
7ffcf3c2de88       1         24 System.Runtime.InteropServices.GuidAttribute
7ffcf3c2eeb0       1         24 System.CLSCompliantAttribute
7ffcf3c2cdd0       1         24 System.ComponentModel.TypeConverterAttribute
7ffcf3c514a0       1         24 System.ComponentModel.StringConverter
7ffcf3c51998       1         24 System.ComponentModel.BooleanConverter
7ffcf3c52e30       1         24 Microsoft.Extensions.DependencyInjection.MvcCoreServiceCollectionExtensions+<>c__3<Microsoft.AspNetCore.Hosting.IWebHostEnvironment>
7ffcf3c533e8       1         24 Microsoft.Extensions.DependencyInjection.MvcCoreServiceCollectionExtensions+<>c__3<Microsoft.AspNetCore.Mvc.ApplicationParts.ApplicationPartManager>
7ffcf3c54e10       1         24 Microsoft.AspNetCore.Mvc.ApplicationParts.ApplicationPartManager+<>c
7ffcf3c55fa0       1         24 Microsoft.AspNetCore.Mvc.ApplicationParts.DefaultApplicationPartFactory
7ffcf3c56f60       1         24 Microsoft.AspNetCore.Mvc.ApplicationParts.RelatedAssemblyAttribute[]
7ffcf3c58b98       1         24 System.Linq.Enumerable+EnumerableSorter<System.Reflection.Assembly>+<>c
7ffcf3c58f78       1         24 Microsoft.AspNetCore.Mvc.Controllers.ControllerFeatureProvider
7ffcf3d38b28       1         24 Microsoft.Extensions.DependencyInjection.MvcCoreServiceCollectionExtensions+<>c
7ffcf3d394b0       1         24 Microsoft.Extensions.DependencyInjection.MvcApiExplorerMvcCoreBuilderExtensions+<>c
7ffcf3c21698       1         24 Order.API.CustomExtensionMethods+<>c
7ffcf3d51670       1         24 Microsoft.Extensions.DependencyInjection.ServiceCollectionExtensions+<>c
7ffcf3e625f0       1         24 Microsoft.Extensions.DependencyInjection.SwaggerGenServiceCollectionExtensions+<>c
7ffcf3e6b020       1         24 Microsoft.Extensions.DependencyInjection.EntityFrameworkServiceCollectionExtensions+<>c__DisplayClass1_0<Order.Infrastructure.OrderContext, Order.Infrastructure.OrderContext>
7ffcf3ee1580       1         24 Microsoft.Extensions.DependencyInjection.EntityFrameworkServiceCollectionExtensions+<>c__DisplayClass18_0<Order.Infrastructure.OrderContext>
7ffcf3ee17a8       1         24 Microsoft.Extensions.DependencyInjection.EntityFrameworkServiceCollectionExtensions+<>c__19<Order.Infrastructure.OrderContext>
7ffcf3ee1878       1         24 Microsoft.Extensions.DependencyInjection.EntityFrameworkServiceCollectionExtensions+<>c__10<Order.Infrastructure.OrderContext, Order.Infrastructure.OrderContext>
7ffcf3bdb9e0       1         24 Order.API.Startup+<>c
7ffcf3ee2910       1         24 Polly.PollyServiceCollectionExtensions+<>c__DisplayClass2_0<System.String>
7ffcf3ee6f88       1         24 Polly.PollyServiceCollectionExtensions+RegistryMarker<System.String>
7ffcf3ee7468       1         24 System.Collections.Generic.ObjectEqualityComparer<Microsoft.Extensions.DependencyInjection.ServiceDescriptor>
7ffcf3ee7828       1         24 Polly.PollyServiceCollectionExtensions+<>c
7ffcf3ee80d8       1         24 Polly.PollyServiceCollectionExtensions+<>c__5<System.String>
7ffcf3ee93a8       1         24 Microsoft.Extensions.DependencyInjection.OptionsConfigurationServiceCollectionExtensions+<>c__1<Order.API.OrderSetting>
7ffcf3eea428       1         24 Microsoft.Extensions.DependencyInjection.OptionsConfigurationServiceCollectionExtensions+<>c__1<EventBus.SprintEventBusSetting>
7ffcf3eeac50       1         24 Microsoft.Extensions.DependencyInjection.OptionsConfigurationServiceCollectionExtensions+<>c__1<HttpExtension.SprintHttpCommonSetting>
7ffcf3eeb478       1         24 Microsoft.Extensions.DependencyInjection.OptionsConfigurationServiceCollectionExtensions+<>c__1<EventBus.Kafka.EventBusKafkaSetting>
7ffcf3eebca0       1         24 Microsoft.Extensions.DependencyInjection.OptionsConfigurationServiceCollectionExtensions+<>c__1<Utility.Package.Models.Jwt>
7ffcf3eeeec8       1         24 Microsoft.Extensions.DependencyInjection.HttpClientFactoryServiceCollectionExtensions+<>c
7ffcf3eec718       1         24 Microsoft.Extensions.DependencyInjection.DefaultHttpClientConfigurationTracker
7ffcf3f01438       1         24 Microsoft.Extensions.DependencyInjection.DefaultHttpClientBuilder+<>c
7ffcf3f01f20       1         24 Microsoft.Extensions.DependencyInjection.HttpClientBuilderExtensions+<>c__DisplayClass13_0<HttpFactory.Implementations.HttpClientService>
7ffcf3f020f8       1         24 Microsoft.Extensions.DependencyInjection.HttpClientBuilderExtensions+<>c
7ffcf3f02d50       1         24 Microsoft.AspNetCore.Mvc.ViewComponents.ViewComponentFeatureProvider
7ffcf3f113e0       1         24 Microsoft.Extensions.DependencyInjection.DataProtectionServiceCollectionExtensions+<>c
7ffcf3f137e0       1         24 Microsoft.Extensions.DependencyInjection.AntiforgeryServiceCollectionExtensions+<>c
7ffcf3f15a48       1         24 Microsoft.Extensions.DependencyInjection.EncoderServiceCollectionExtensions+<>c
7ffcf3f166b8       1         24 Microsoft.Extensions.DependencyInjection.MvcViewFeaturesMvcCoreBuilderExtensions+<>c
7ffcf3f60358       1         24 Microsoft.Extensions.DependencyInjection.RazorComponentsServiceCollectionExtensions+<>c
7ffcf3f61518       1         24 Microsoft.Extensions.DependencyInjection.CascadingValueServiceCollectionExtensions+<>c__DisplayClass3_0<Microsoft.AspNetCore.Http.HttpContext>
7ffcf3f62248       1         24 Microsoft.AspNetCore.Components.Web.InteractiveServerRenderMode
7ffcf3f62340       1         24 Microsoft.AspNetCore.Components.Web.InteractiveWebAssemblyRenderMode
7ffcf3f62150       1         24 Microsoft.AspNetCore.Components.Web.InteractiveAutoRenderMode
7ffcf3f62a40       1         24 Microsoft.AspNetCore.Components.PersistentServiceRegistration<Microsoft.AspNetCore.Components.ResourceCollectionProvider>
7ffcf3f637e8       1         24 Microsoft.AspNetCore.Components.Forms.Mapping.SupplyParameterFromFormServiceCollectionExtensions+<>c
7ffcf3f63950       1         24 Microsoft.AspNetCore.Components.PersistentServiceRegistration<Microsoft.AspNetCore.Components.Forms.AntiforgeryStateProvider>
7ffcf3f64180       1         24 Microsoft.AspNetCore.Mvc.Razor.TagHelpers.TagHelperFeatureProvider
7ffcf3f64548       1         24 Microsoft.AspNetCore.Mvc.ApplicationParts.RazorCompiledItemFeatureProvider
7ffcf3f80b48       1         24 Microsoft.Extensions.DependencyInjection.MvcRazorPagesMvcCoreBuilderExtensions+<>c
7ffcf3f81560       1         24 EventBus.Kafka.EventBusKafkaHelper+<>c__DisplayClass2_0
7ffcf40379e0       1         24 FluentValidation.AssemblyScanner+<>c
7ffcf403aff0       1         24 Microsoft.Extensions.DependencyInjection.MediatRServiceConfiguration+<>c
7ffcf403b868       1         24 MediatR.NotificationPublishers.ForeachAwaitPublisher
7ffcf403c7b8       1         24 MediatR.Registration.ServiceRegistrar+<>c
7ffcf41f11d8       1         24 System.Buffers.SharedArrayPool<System.Type>+<>c
7ffcf41f20c8       1         24 Microsoft.Extensions.Hosting.HostingHostBuilderExtensions+<>c__DisplayClass10_0<Autofac.ContainerBuilder>
7ffcf41f26b8       1         24 Microsoft.AspNetCore.Builder.ConfigureHostBuilder+<>c__DisplayClass10_0<Autofac.ContainerBuilder>
7ffcf41f27e0       1         24 Autofac.Extensions.DependencyInjection.AutofacServiceProviderFactory+<>c
7ffcf41f2b68       1         24 Microsoft.AspNetCore.Builder.ConfigureHostBuilder+ServiceProviderFactoryAdapter<Autofac.ContainerBuilder>
7ffcf3609128       1         24 Order.API.Program+<>c
7ffcf41f3350       1         24 Serilog.SerilogServiceCollectionExtensions+<>c
7ffcf41f37a8       1         24 Serilog.SerilogServiceCollectionExtensions+<>c__DisplayClass4_0
7ffcf41f8218       1         24 System.Collections.Generic.ObjectEqualityComparer<Autofac.Core.Service>
7ffcf41f8938       1         24 Autofac.Core.Registration.IServiceMiddlewareSource[]
7ffcf41f9910       1         24 Autofac.Core.InternalReflectionCaches+<>c
7ffcf4217af8       1         24 Autofac.Core.ReflectionCacheSet+<>c__10<Autofac.Util.Cache.ReflectionCacheAssemblyDictionary<System.Reflection.Assembly, System.Collections.Generic.IEnumerable<System.Type>>>
7ffcf4218f70       1         24 Autofac.Core.ReflectionCacheSet+CacheFactory<Autofac.Util.Cache.ReflectionCacheDictionary<System.Type, System.Boolean>>+<>c
7ffcf4219130       1         24 Autofac.Core.ReflectionCacheSet+<>c__10<Autofac.Util.Cache.ReflectionCacheDictionary<System.Type, System.Boolean>>
7ffcf4219b28       1         24 Autofac.Core.ReflectionCacheSet+CacheFactory<Autofac.Util.Cache.ReflectionCacheTupleDictionary<System.Type, System.Boolean>>+<>c
7ffcf4219cc8       1         24 Autofac.Core.ReflectionCacheSet+<>c__10<Autofac.Util.Cache.ReflectionCacheTupleDictionary<System.Type, System.Boolean>>
7ffcf421ac90       1         24 Autofac.Core.ReflectionCacheSet+CacheFactory<Autofac.Util.Cache.ReflectionCacheDictionary<System.Reflection.ConstructorInfo, System.Func<System.Object[], System.Object>>>+<>c
7ffcf421ae30       1         24 Autofac.Core.ReflectionCacheSet+<>c__10<Autofac.Util.Cache.ReflectionCacheDictionary<System.Reflection.ConstructorInfo, System.Func<System.Object[], System.Object>>>
7ffcf421b5a8       1         24 System.Collections.Generic.ObjectEqualityComparer<System.Reflection.ConstructorInfo>
7ffcf421b868       1         24 Autofac.Core.ReflectionCacheSet+CacheFactory<Autofac.Util.Cache.ReflectionCacheDictionary<System.Reflection.PropertyInfo, System.Action<System.Object, System.Object>>>+<>c
7ffcf421ba08       1         24 Autofac.Core.ReflectionCacheSet+<>c__10<Autofac.Util.Cache.ReflectionCacheDictionary<System.Reflection.PropertyInfo, System.Action<System.Object, System.Object>>>
7ffcf421c170       1         24 System.Collections.Generic.ObjectEqualityComparer<System.Reflection.PropertyInfo>
7ffcf421c430       1         24 Autofac.Core.ReflectionCacheSet+CacheFactory<Autofac.Util.Cache.ReflectionCacheDictionary<System.Type, System.Collections.Generic.IReadOnlyList<System.Reflection.PropertyInfo>>>+<>c
7ffcf421c5d0       1         24 Autofac.Core.ReflectionCacheSet+<>c__10<Autofac.Util.Cache.ReflectionCacheDictionary<System.Type, System.Collections.Generic.IReadOnlyList<System.Reflection.PropertyInfo>>>
7ffcf421cd48       1         24 Autofac.Core.ReflectionCacheSet+CacheFactory<Autofac.Util.Cache.ReflectionCacheDictionary<System.Type, System.Reflection.ConstructorInfo[]>>+<>c
7ffcf421cee8       1         24 Autofac.Core.ReflectionCacheSet+<>c__10<Autofac.Util.Cache.ReflectionCacheDictionary<System.Type, System.Reflection.ConstructorInfo[]>>
7ffcf421d6b0       1         24 Autofac.Core.ReflectionCacheSet+CacheFactory<Autofac.Util.Cache.ReflectionCacheDictionary<System.Type, System.Type>>+<>c
7ffcf421d850       1         24 Autofac.Core.ReflectionCacheSet+<>c__10<Autofac.Util.Cache.ReflectionCacheDictionary<System.Type, System.Type>>
7ffcf41f89e0       1         24 System.WeakReference<Autofac.Core.ReflectionCacheSet>
7ffcf421ee78       1         24 Autofac.Builder.DeferredCallback[]
7ffcf42284f8       1         24 Autofac.Core.Activators.Reflection.DefaultConstructorFinder
7ffcf42285f8       1         24 Autofac.Core.Activators.Reflection.MostParametersConstructorSelector
7ffcf4228e00       1         24 System.EventHandler<Autofac.Core.ComponentRegisteredEventArgs>[]
7ffcf4229c70       1         24 Autofac.Core.Lifetime.CurrentScopeLifetime
7ffcf422aa58       1         24 Autofac.Core.Lifetime.RootScopeLifetime
7ffcf4223070       1         24 Autofac.Extensions.DependencyInjection.AnyKeyRegistrationSource
7ffcf4233a98       1         24 Autofac.Util.Enforce+<>c__0<Autofac.Core.Service>
7ffcf3d5c240       1         24 Order.API.Dependency.Business.CommonModule
7ffcf3d5c8d0       1         24 Order.API.Dependency.Business.ServiceModule
7ffcf3d5c6a0       1         24 Order.API.Dependency.Business.OrderModule
7ffcf3d5c9e8       1         24 Order.API.Dependency.Business.SubOrderModule
7ffcf3d5b388       1         24 Order.API.Dependency.EventBus.EventBusModule
7ffcf3608ce8       1         24 Autofac.Builder.ContainerBuildOptions
7ffcf4236760       1         24 Autofac.Core.SelfComponentRegistration+<>c
7ffcf4237568       1         24 Autofac.Core.Registration.DefaultRegisteredServicesTracker+<>c
7ffcf4239aa8       1         24 Autofac.Features.Collections.CollectionRegistrationSource
7ffcf429dc18       1         24 System.Collections.Generic.ObjectEqualityComparer<System.Linq.Expressions.ParameterExpression>
7ffcf42b75d0       1         24 System.Collections.Generic.ObjectEqualityComparer<System.Linq.Expressions.LambdaExpression>
7ffcf42b77f0       1         24 System.Linq.Expressions.Compiler.CompilerScope[]
7ffcf42b79e8       1         24 System.Linq.Expressions.Compiler.BoundConstants[]
7ffcf42bf8b0       1         24 System.Collections.Generic.ReferenceEqualityComparer
7ffcf42c3350       1         24 System.Collections.Generic.ObjectEqualityComparer<System.Linq.Expressions.LabelTarget>
7ffcf42c50f0       1         24 System.Reflection.Emit.RuntimeMethodBuilder[]
7ffcf427d170       1         24 Autofac.Core.Resolving.Middleware.DisposalTrackingMiddleware
7ffcf423a350       1         24 Autofac.Features.LazyDependencies.LazyWithMetadataRegistrationSource
7ffcf423a508       1         24 Autofac.Features.Metadata.StronglyTypedMetaRegistrationSource
7ffcf423a668       1         24 Autofac.Features.GeneratedFactories.GeneratedFactoryRegistrationSource
7ffcf423f078       1         24 Autofac.Core.Activators.Reflection.DefaultConstructorFinder+<>c
7ffcf4251800       1         24 Autofac.Features.OpenGenerics.OpenGenericServiceBinder+<>c
7ffcf427c0b0       1         24 Autofac.Extensions.DependencyInjection.KeyedServiceMiddleware+<>c
7ffcf427cfd0       1         24 Autofac.Core.Resolving.Middleware.ActivatorErrorHandlingMiddleware
7ffcf427e4d0       1         24 Autofac.Core.Resolving.Pipeline.ResolvePipelineBuilder+<>c
7ffcf427eb70       1         24 Autofac.Core.Activators.Reflection.ReflectionActivator+<>c
7ffcf427fcf0       1         24 Autofac.Util.ReflectionExtensions+<>c
7ffcf4412110       1         24 Autofac.Core.Resolving.Middleware.CircularDependencyDetectorMiddleware
7ffcf4412280       1         24 Autofac.Core.Resolving.Middleware.ScopeSelectionMiddleware
7ffcf4412400       1         24 Autofac.Core.Resolving.Middleware.SharingMiddleware
7ffcf44125a0       1         24 Autofac.Core.Resolving.Middleware.RegistrationPipelineInvokeMiddleware
7ffcf44189b8       1         24 Autofac.Util.InternalTypeExtensions+<>c
7ffcf441e8b0       1         24 Autofac.Core.ReflectionCacheSet+CacheFactory<Autofac.Util.Cache.ReflectionCacheDictionary<System.Type, System.ValueTuple<System.Type, System.Type, System.Func<System.Int32, System.Collections.IList>>>>+<>c
7ffcf441ea50       1         24 Autofac.Core.ReflectionCacheSet+<>c__10<Autofac.Util.Cache.ReflectionCacheDictionary<System.Type, System.ValueTuple<System.Type, System.Type, System.Func<System.Int32, System.Collections.IList>>>>
7ffcf441e3f8       1         24 Autofac.Features.Collections.CollectionRegistrationSource+<>c
7ffcf43fc8f8       1         24 Autofac.Builder.StartableManager+<>c
7ffcf4446e68       1         24 System.GenericEmptyEnumerator<System.Collections.Generic.KeyValuePair<System.String, System.String>>
7ffcf41f30c0       1         24 Serilog.SerilogServiceCollectionExtensions+RegisteredLogger
7ffcf4447d48       1         24 Serilog.Extensions.Logging.SerilogLoggerProvider+<>c
7ffcf4448310       1         24 System.Threading.AsyncLocal<Serilog.Extensions.Logging.SerilogLoggerScope>
7ffcf44457f0       1         24 Microsoft.Extensions.Logging.Logger<Microsoft.Extensions.Hosting.Internal.ApplicationLifetime>
7ffcf444f728       1         24 Microsoft.Extensions.Logging.Logger<Microsoft.Extensions.Hosting.Internal.Host>
7ffcf4477508       1         24 System.Collections.Generic.GenericComparer<System.Int64>
7ffcf4471ad0       1         24 Microsoft.Extensions.Options.IConfigureOptions<Microsoft.Extensions.Hosting.ConsoleLifetimeOptions>[]
7ffcf4471d08       1         24 Microsoft.Extensions.Options.IPostConfigureOptions<Microsoft.Extensions.Hosting.ConsoleLifetimeOptions>[]
7ffcf4470a48       1         24 Microsoft.Extensions.Options.IValidateOptions<Microsoft.Extensions.Hosting.ConsoleLifetimeOptions>[]
7ffcf447e4d0       1         24 Microsoft.Extensions.Options.IPostConfigureOptions<Microsoft.Extensions.Hosting.HostOptions>[]
7ffcf447d388       1         24 Microsoft.Extensions.Options.IValidateOptions<Microsoft.Extensions.Hosting.HostOptions>[]
7ffcf4250e10       1         24 Microsoft.Extensions.Hosting.ConsoleLifetimeOptions
7ffcf4483988       1         24 System.Linq.Enumerable+EnumerableSorter<Autofac.Core.ServiceRegistration>+<>c
7ffcf3bbb3e8       1         24 Microsoft.AspNetCore.Server.Kestrel.Core.Internal.KestrelServerOptionsSetup
7ffcf4481530       1         24 Microsoft.Extensions.Options.IPostConfigureOptions<Microsoft.AspNetCore.Server.Kestrel.Core.KestrelServerOptions>[]
7ffcf44803e8       1         24 Microsoft.Extensions.Options.IValidateOptions<Microsoft.AspNetCore.Server.Kestrel.Core.KestrelServerOptions>[]
7ffcf4485bb0       1         24 Microsoft.Extensions.Logging.Logger<Microsoft.AspNetCore.Server.Kestrel.Core.Internal.PinnedBlockMemoryPoolFactory>
7ffcf430d6d8       1         24 System.Collections.Generic.ObjectEqualityComparer<Microsoft.AspNetCore.PinnedBlockMemoryPool>
7ffcf4487010       1         24 System.TimeProvider+SystemTimeProvider
7ffcf44851e8       1         24 Microsoft.Extensions.Options.IPostConfigureOptions<Microsoft.AspNetCore.Server.Kestrel.Transport.Sockets.SocketTransportOptions>[]
7ffcf44840a0       1         24 Microsoft.Extensions.Options.IValidateOptions<Microsoft.AspNetCore.Server.Kestrel.Transport.Sockets.SocketTransportOptions>[]
7ffcf3bb8f50       1         24 Microsoft.AspNetCore.Server.Kestrel.Internal.DefaultSimpleMemoryPoolFactory
7ffcf4488c50       1         24 Microsoft.Extensions.Options.IPostConfigureOptions<Microsoft.AspNetCore.Server.Kestrel.Transport.NamedPipes.NamedPipeTransportOptions>[]
7ffcf4487b08       1         24 Microsoft.Extensions.Options.IValidateOptions<Microsoft.AspNetCore.Server.Kestrel.Transport.NamedPipes.NamedPipeTransportOptions>[]
7ffcf3bbc8e8       1         24 Microsoft.Extensions.ObjectPool.DefaultObjectPoolProvider
7ffcf4489888       1         24 Microsoft.AspNetCore.Server.Kestrel.Internal.DefaultSimpleMemoryPoolFactory
7ffcf448afc0       1         24 Microsoft.Extensions.Options.IPostConfigureOptions<Microsoft.AspNetCore.Server.Kestrel.Transport.Quic.QuicTransportOptions>[]
7ffcf4489e78       1         24 Microsoft.Extensions.Options.IValidateOptions<Microsoft.AspNetCore.Server.Kestrel.Transport.Quic.QuicTransportOptions>[]
7ffcf448cd70       1         24 Microsoft.Extensions.Logging.Logger<Microsoft.AspNetCore.Server.Kestrel.Core.KestrelServer>
7ffcf448ce40       1         24 Microsoft.Extensions.Logging.Logger<Microsoft.AspNetCore.Server.Kestrel.Https.Internal.HttpsConnectionMiddleware>
7ffcf448f988       1         24 <>z__ReadOnlyArray<System.Int32>
7ffcf42fddf0       1         24 System.Collections.Generic.GenericComparer<System.Double>
7ffcf44a26f0       1         24 Microsoft.AspNetCore.Server.Kestrel.Core.KestrelServerOptions+<>c
7ffcf44a2c90       1         24 Microsoft.AspNetCore.Server.Kestrel.Core.Http3Limits
7ffcf44a3a08       1         24 Microsoft.Extensions.Logging.Logger<Microsoft.AspNetCore.Server.Kestrel.Core.Internal.CertificatePathWatcher>
7ffcf44a3c78       1         24 Microsoft.AspNetCore.Server.Kestrel.Core.Internal.CertificatePathWatcher+<>c
7ffcf44a5e80       1         24 System.Action[]
7ffcf44a62c0       1         24 Microsoft.AspNetCore.Server.Kestrel.Core.Internal.Infrastructure.ResourceCounter+UnlimitedCounter
7ffcf43032e8       1         24 Microsoft.AspNetCore.Server.Kestrel.Core.Internal.Infrastructure.DebuggerWrapper
7ffcf44a9098       1         24 Microsoft.AspNetCore.Server.Kestrel.Core.Internal.Infrastructure.Heartbeat+<>c
7ffcf44a92d8       1         24 System.IO.Pipelines.ThreadPoolScheduler
7ffcf44a91c0       1         24 System.IO.Pipelines.InlineScheduler
7ffcf44a0b90       1         24 Microsoft.AspNetCore.Server.Kestrel.Core.Internal.Http.HttpParser<Microsoft.AspNetCore.Server.Kestrel.Core.Internal.Http.Http1ParsingHandler>
7ffcf44aa6c8       1         24 Microsoft.AspNetCore.Http.DebuggerWrapper
7ffcf4222d28       1         24 Autofac.Extensions.DependencyInjection.AutofacServiceScopeFactory
7ffcf44c1710       1         24 Microsoft.Extensions.Options.OptionsCache<Swashbuckle.AspNetCore.Swagger.SwaggerOptions>+<>c
7ffcf44c2df8       1         24 System.Action<Microsoft.OpenApi.Models.OpenApiDocument, Microsoft.AspNetCore.Http.HttpRequest>[]
7ffcf44c7878       1         24 Microsoft.Extensions.Options.OptionsCache<Swashbuckle.AspNetCore.SwaggerUI.SwaggerUIOptions>+<>c
7ffcf44c7d70       1         24 Swashbuckle.AspNetCore.SwaggerUI.SwaggerUIOptions+<>c
7ffcf44cdab8       1         24 System.ComponentModel.Int32Converter
7ffcf44cdc60       1         24 Microsoft.Extensions.Options.OptionsWrapper<Utility.Package.Models.Jwt>
7ffcf44acb10       1         24 Microsoft.AspNetCore.Builder.UseMiddlewareExtensions+InterfaceMiddlewareBinder
7ffcf4051188       1         24 Order.Business.Validations.FluentValidationHandlerExtension+<>c
7ffcf44cf458       1         24 Microsoft.AspNetCore.Builder.ApplicationBuilder+<>c
7ffcf44cf5b0       1         24 Microsoft.Extensions.Options.OptionsWrapper<Microsoft.AspNetCore.Builder.ExceptionHandlerOptions>
7ffcf44cfe98       1         24 Microsoft.AspNetCore.Builder.MvcApplicationBuilderExtensions+<>c
7ffcf3c5c168       1         24 Microsoft.Extensions.DependencyInjection.MvcMarkerService
7ffcf44d2fd8       1         24 Microsoft.Extensions.Options.IPostConfigureOptions<Microsoft.AspNetCore.Mvc.JsonOptions>[]
7ffcf44d1e90       1         24 Microsoft.Extensions.Options.IValidateOptions<Microsoft.AspNetCore.Mvc.JsonOptions>[]
7ffcf3d50418       1         24 Microsoft.AspNetCore.Mvc.DataAnnotations.ValidationAttributeAdapterProvider
7ffcf44d46c8       1         24 Microsoft.Extensions.Options.IConfigureOptions<Microsoft.AspNetCore.Mvc.DataAnnotations.MvcDataAnnotationsLocalizationOptions>[]
7ffcf44d4788       1         24 Microsoft.Extensions.Options.IPostConfigureOptions<Microsoft.AspNetCore.Mvc.DataAnnotations.MvcDataAnnotationsLocalizationOptions>[]
7ffcf44d3640       1         24 Microsoft.Extensions.Options.IValidateOptions<Microsoft.AspNetCore.Mvc.DataAnnotations.MvcDataAnnotationsLocalizationOptions>[]
7ffcf3f09528       1         24 Microsoft.Extensions.DependencyInjection.TempDataMvcOptionsSetup
7ffcf44d0768       1         24 Microsoft.Extensions.Options.IValidateOptions<Microsoft.AspNetCore.Mvc.MvcOptions>[]
7ffcf44d9238       1         24 Microsoft.AspNetCore.Mvc.Infrastructure.ICompatibilitySwitch[]
7ffcf43e6a38       1         24 Microsoft.AspNetCore.Mvc.Filters.FilterCollection
7ffcf44d6680       1         24 Microsoft.AspNetCore.Mvc.Formatters.FormatterMappings
7ffcf44d7508       1         24 Microsoft.AspNetCore.Mvc.Formatters.FormatterCollection<Microsoft.AspNetCore.Mvc.Formatters.IInputFormatter>
7ffcf44dcfa8       1         24 Microsoft.AspNetCore.Mvc.ModelBinding.Metadata.DefaultModelBindingMessageProvider+<>c
7ffcf44de388       1         24 Microsoft.AspNetCore.Mvc.ModelBinding.Binders.BinderTypeModelBinderProvider
7ffcf44df0f8       1         24 Microsoft.AspNetCore.Mvc.ModelBinding.Binders.HeaderModelBinderProvider
7ffcf44dee08       1         24 Microsoft.AspNetCore.Mvc.ModelBinding.Binders.FloatingPointTypeModelBinderProvider
7ffcf44ded20       1         24 Microsoft.AspNetCore.Mvc.ModelBinding.Binders.EnumTypeModelBinderProvider
7ffcf44deb38       1         24 Microsoft.AspNetCore.Mvc.ModelBinding.Binders.DateTimeModelBinderProvider
7ffcf44df400       1         24 Microsoft.AspNetCore.Mvc.ModelBinding.Binders.SimpleTypeModelBinderProvider
7ffcf44df4f0       1         24 Microsoft.AspNetCore.Mvc.ModelBinding.Binders.TryParseModelBinderProvider
7ffcf44de828       1         24 Microsoft.AspNetCore.Mvc.ModelBinding.Binders.CancellationTokenModelBinderProvider
7ffcf44de710       1         24 Microsoft.AspNetCore.Mvc.ModelBinding.Binders.CancellationTokenModelBinder
7ffcf44de620       1         24 Microsoft.AspNetCore.Mvc.ModelBinding.Binders.ByteArrayModelBinderProvider
7ffcf44defe8       1         24 Microsoft.AspNetCore.Mvc.ModelBinding.Binders.FormFileModelBinderProvider
7ffcf44deef8       1         24 Microsoft.AspNetCore.Mvc.ModelBinding.Binders.FormCollectionModelBinderProvider
7ffcf44df1e8       1         24 Microsoft.AspNetCore.Mvc.ModelBinding.Binders.KeyValuePairModelBinderProvider
7ffcf44dec28       1         24 Microsoft.AspNetCore.Mvc.ModelBinding.Binders.DictionaryModelBinderProvider
7ffcf44de298       1         24 Microsoft.AspNetCore.Mvc.ModelBinding.Binders.ArrayModelBinderProvider
7ffcf44de938       1         24 Microsoft.AspNetCore.Mvc.ModelBinding.Binders.CollectionModelBinderProvider
7ffcf44dea48       1         24 Microsoft.AspNetCore.Mvc.ModelBinding.Binders.ComplexObjectModelBinderProvider
7ffcf44ddfc8       1         24 Microsoft.AspNetCore.Mvc.ModelBinding.UnsupportedContentTypeFilter
7ffcf44e0618       1         24 System.Text.Json.JsonCamelCaseNamingPolicy
7ffcf44e0980       1         24 System.Text.Json.JsonSnakeCaseLowerNamingPolicy
7ffcf44e0a18       1         24 System.Text.Json.JsonSnakeCaseUpperNamingPolicy
7ffcf44e0850       1         24 System.Text.Json.JsonKebabCaseLowerNamingPolicy
7ffcf44e08e8       1         24 System.Text.Json.JsonKebabCaseUpperNamingPolicy
7ffcf44ef7a0       1         24 Microsoft.Extensions.Logging.Logger<Microsoft.AspNetCore.Mvc.Formatters.SystemTextJsonInputFormatter>
7ffcf4584380       1         24 System.Text.EncoderLatin1BestFitFallback
7ffcf44df648       1         24 Microsoft.AspNetCore.Mvc.Formatters.HttpNoContentOutputFormatter
7ffcf44df758       1         24 Microsoft.AspNetCore.Mvc.Formatters.StreamOutputFormatter
7ffcf44ddb68       1         24 Microsoft.AspNetCore.Mvc.ModelBinding.FormValueProviderFactory
7ffcf44dde58       1         24 Microsoft.AspNetCore.Mvc.ModelBinding.RouteValueProviderFactory
7ffcf44ddd68       1         24 Microsoft.AspNetCore.Mvc.ModelBinding.QueryStringValueProviderFactory
7ffcf44ddc78       1         24 Microsoft.AspNetCore.Mvc.ModelBinding.JQueryFormValueProviderFactory
7ffcf44dda58       1         24 Microsoft.AspNetCore.Mvc.ModelBinding.FormFileValueProviderFactory
7ffcf45881a0       1         24 Microsoft.AspNetCore.Mvc.ModelBinding.Metadata.ExcludeBindingMetadataProvider
7ffcf4587f80       1         24 Microsoft.AspNetCore.Mvc.ModelBinding.Metadata.DefaultBindingMetadataProvider
7ffcf4588078       1         24 Microsoft.AspNetCore.Mvc.ModelBinding.Metadata.DefaultValidationMetadataProvider
7ffcf458d460       1         24 System.Resources.FastResourceComparer
7ffcf44de198       1         24 Microsoft.AspNetCore.Mvc.ModelBinding.Validation.DefaultModelValidatorProvider
7ffcf458e520       1         24 Swashbuckle.AspNetCore.SwaggerGen.SwaggerApplicationConvention
7ffcf458e6a0       1         24 Microsoft.AspNetCore.Mvc.ViewFeatures.SaveTempDataAttribute
7ffcf458ec18       1         24 Microsoft.AspNetCore.Mvc.ModelBinding.Validation.HasValidatorsValidationMetadataProvider+<>c
7ffcf3bd7218       1         24 Microsoft.AspNetCore.Routing.RoutingMarkerService
7ffcf4590018       1         24 Microsoft.AspNetCore.Mvc.ModelBinding.Metadata.DefaultCompositeMetadataDetailsProvider
7ffcf4594978       1         24 System.Collections.Generic.ObjectEqualityComparer<System.Reflection.Module>
7ffcf4594c38       1         24 System.Collections.Generic.ObjectEqualityComparer<System.Reflection.MemberInfo>
7ffcf3c2cbd0       1         24 System.ComponentModel.TypeConverter
7ffcf4595338       1         24 Microsoft.AspNetCore.Http.ParameterBindingMethodCache+<>c
7ffcf45c64f0       1         24 Microsoft.Extensions.Logging.LoggerMessage+LogValues<Microsoft.AspNetCore.Mvc.ModelBinding.IModelBinderProvider[]>+<>c
7ffcf435cbe8       1         24 System.Collections.Generic.GenericEqualityComparer<System.Int32>
7ffcf45d38e8       1         24 Microsoft.AspNetCore.Mvc.ModelBinding.Validation.ValidatorCache
7ffcf43524a0       1         24 System.Collections.Generic.GenericEqualityComparer<Microsoft.AspNetCore.Mvc.ModelBinding.ModelMetadata>
7ffcf45d3770       1         24 Microsoft.AspNetCore.Mvc.ModelBinding.Validation.CompositeModelValidatorProvider
7ffcf4846098       1         24 System.Net.Sockets.SocketAsyncEventArgs+<>c
7ffcf4849430       1         24 System.Net.Sockets.DynamicWinsockMethods+<>c
7ffcf3c5b6c8       1         24 Microsoft.AspNetCore.Mvc.Filters.DefaultFilterProvider
7ffcf4352a28       1         24 Microsoft.AspNetCore.Mvc.Infrastructure.TypeActivatorCache+<>c
7ffcf3d305e8       1         24 Microsoft.AspNetCore.Mvc.Controllers.DefaultControllerActivator
7ffcf4344898       1         24 Microsoft.AspNetCore.Mvc.Infrastructure.ControllerActionInvokerCache+<>c
7ffcf3c5e228       1         24 Microsoft.AspNetCore.Mvc.Infrastructure.ActionResultTypeMapper
7ffcf45d6398       1         24 Microsoft.AspNetCore.Mvc.Infrastructure.ActionContextAccessor+NullActionContextAccessor
7ffcf45d6460       1         24 System.Threading.AsyncLocal<Microsoft.AspNetCore.Mvc.ActionContext>
7ffcf3f806c0       1         24 Microsoft.Extensions.DependencyInjection.RazorPagesOptionsSetup
7ffcf45d7cc0       1         24 Microsoft.Extensions.Options.IPostConfigureOptions<Microsoft.AspNetCore.Mvc.RazorPages.RazorPagesOptions>[]
7ffcf45d6b78       1         24 Microsoft.Extensions.Options.IValidateOptions<Microsoft.AspNetCore.Mvc.RazorPages.RazorPagesOptions>[]
7ffcf43e80d8       1         24 Microsoft.AspNetCore.Mvc.ApplicationModels.DefaultPageApplicationModelPartsProvider+<>c
7ffcf43e7c10       1         24 Microsoft.AspNetCore.Mvc.Filters.PageHandlerPageFilter
7ffcf43e7e00       1         24 Microsoft.AspNetCore.Mvc.Filters.PageHandlerResultFilter
7ffcf45d80e0       1         24 Microsoft.AspNetCore.Mvc.ApplicationModels.IPageConvention[]
7ffcf43e7f50       1         24 Microsoft.AspNetCore.Mvc.RazorPages.Infrastructure.HandleOptionsRequestsPageFilter
7ffcf3f6f250       1         24 Microsoft.AspNetCore.Mvc.ApplicationModels.AutoValidateAntiforgeryPageApplicationModelProvider
7ffcf62d27a8       1         24 Microsoft.EntityFrameworkCore.Metadata.Conventions.RuntimeModelConvention+<>c__6<Microsoft.EntityFrameworkCore.Metadata.IIndex, Microsoft.EntityFrameworkCore.Metadata.RuntimeIndex>
7ffcf45d9858       1         24 Microsoft.Extensions.Options.IConfigureOptions<Microsoft.AspNetCore.Authorization.AuthorizationOptions>[]
7ffcf45d9918       1         24 Microsoft.Extensions.Options.IPostConfigureOptions<Microsoft.AspNetCore.Authorization.AuthorizationOptions>[]
7ffcf45d87d0       1         24 Microsoft.Extensions.Options.IValidateOptions<Microsoft.AspNetCore.Authorization.AuthorizationOptions>[]
7ffcf4372d60       1         24 Microsoft.AspNetCore.Authorization.Infrastructure.DenyAnonymousAuthorizationRequirement
7ffcf4373d00       1         24 System.Collections.ObjectModel.ReadOnlyCollection<Microsoft.AspNetCore.Authorization.IAuthorizationRequirement>
7ffcf3f084b8       1         24 Microsoft.AspNetCore.Mvc.ViewFeatures.Infrastructure.DefaultTempDataSerializer
7ffcf3f6f8f0       1         24 Microsoft.AspNetCore.Mvc.ApplicationModels.TempDataFilterPageApplicationModelProvider
7ffcf3f6faa8       1         24 Microsoft.AspNetCore.Mvc.ApplicationModels.ViewDataAttributePageApplicationModelProvider
7ffcf3f66a68       1         24 Microsoft.AspNetCore.Mvc.Razor.Compilation.DefaultViewCompilerProvider
7ffcf43ca040       1         24 Microsoft.Extensions.Logging.Logger<Microsoft.AspNetCore.Mvc.Razor.Compilation.DefaultViewCompiler>
7ffcf45dac28       1         24 Microsoft.AspNetCore.Mvc.Razor.Compilation.CompiledViewDescriptor[]
7ffcf45dd870       1         24 Microsoft.Extensions.Logging.LoggerMessage+LogValues+<>c
7ffcf3bd5e98       1         24 Microsoft.Extensions.DependencyInjection.ConfigureRouteOptions
7ffcf3bd0a10       1         24 Microsoft.Extensions.DependencyInjection.RegexInlineRouteConstraintSetup
7ffcf3d37f88       1         24 Microsoft.Extensions.DependencyInjection.MvcCoreRouteOptionsSetup
7ffcf46005e0       1         24 Microsoft.Extensions.Options.IPostConfigureOptions<Microsoft.AspNetCore.Routing.RouteOptions>[]
7ffcf45df360       1         24 Microsoft.Extensions.Options.IValidateOptions<Microsoft.AspNetCore.Routing.RouteOptions>[]
7ffcf3bd3b90       1         24 Microsoft.AspNetCore.Routing.Patterns.DefaultRoutePatternTransformer
7ffcf435d440       1         24 Microsoft.Extensions.Logging.Logger<Microsoft.AspNetCore.Mvc.Infrastructure.ControllerActionInvoker>
7ffcf3c5cb90       1         24 Microsoft.AspNetCore.Mvc.Routing.UrlHelperFactory
7ffcf3f06890       1         24 Microsoft.AspNetCore.Mvc.Rendering.SystemTextJsonHelper
7ffcf4604710       1         24 Microsoft.Extensions.Options.IConfigureOptions<Microsoft.Extensions.WebEncoders.WebEncoderOptions>[]
7ffcf46047d0       1         24 Microsoft.Extensions.Options.IPostConfigureOptions<Microsoft.Extensions.WebEncoders.WebEncoderOptions>[]
7ffcf4603688       1         24 Microsoft.Extensions.Options.IValidateOptions<Microsoft.Extensions.WebEncoders.WebEncoderOptions>[]
7ffcf4602f70       1         24 Microsoft.Extensions.WebEncoders.WebEncoderOptions
7ffcf43a75b0       1         24 System.Text.Encodings.Web.DefaultHtmlEncoder
7ffcf4606620       1         24 System.Text.Encodings.Web.DefaultHtmlEncoder+EscaperImplementation
7ffcf4385938       1         24 Microsoft.AspNetCore.Mvc.ViewFeatures.LambdaExpressionComparer
7ffcf3f6da40       1         24 Microsoft.AspNetCore.Mvc.RazorPages.Infrastructure.DefaultPageModelFactoryProvider
7ffcf3f0f658       1         24 Microsoft.AspNetCore.DataProtection.Internal.DataProtectionOptionsSetup
7ffcf4608a20       1         24 Microsoft.Extensions.Options.IPostConfigureOptions<Microsoft.AspNetCore.DataProtection.DataProtectionOptions>[]
7ffcf46078d8       1         24 Microsoft.Extensions.Options.IValidateOptions<Microsoft.AspNetCore.DataProtection.DataProtectionOptions>[]
7ffcf437aa30       1         24 Microsoft.AspNetCore.DataProtection.RegistryPolicyResolver+<>c
7ffcf4608f88       1         24 Microsoft.Extensions.Options.IValidateOptions<Microsoft.AspNetCore.DataProtection.KeyManagement.KeyManagementOptions>[]
7ffcf437cb48       1         24 Microsoft.AspNetCore.DataProtection.Repositories.DefaultKeyStorageDirectories
7ffcf437dd50       1         24 Microsoft.AspNetCore.DataProtection.KeyManagement.XmlKeyManager+<>c
7ffcf437e908       1         24 Microsoft.Extensions.Logging.Logger<Microsoft.AspNetCore.DataProtection.KeyManagement.XmlKeyManager>
7ffcf4382728       1         24 Microsoft.AspNetCore.DataProtection.KeyManagement.IKeyEscrowSink[]
7ffcf460a7b8       1         24 Microsoft.AspNetCore.DataProtection.AuthenticatedEncryption.CngGcmAuthenticatedEncryptorFactory
7ffcf460b4d8       1         24 Microsoft.Extensions.Logging.Logger<Microsoft.AspNetCore.DataProtection.AuthenticatedEncryption.CngGcmAuthenticatedEncryptorFactory>
7ffcf460a5d8       1         24 Microsoft.AspNetCore.DataProtection.AuthenticatedEncryption.CngCbcAuthenticatedEncryptorFactory
7ffcf460b628       1         24 Microsoft.Extensions.Logging.Logger<Microsoft.AspNetCore.DataProtection.AuthenticatedEncryption.CngCbcAuthenticatedEncryptorFactory>
7ffcf460a9b8       1         24 Microsoft.AspNetCore.DataProtection.AuthenticatedEncryption.ManagedAuthenticatedEncryptorFactory
7ffcf460b778       1         24 Microsoft.Extensions.Logging.Logger<Microsoft.AspNetCore.DataProtection.AuthenticatedEncryption.ManagedAuthenticatedEncryptorFactory>
7ffcf460ac38       1         24 Microsoft.AspNetCore.DataProtection.AuthenticatedEncryption.AuthenticatedEncryptorFactory
7ffcf460dba8       1         24 Microsoft.Extensions.Logging.Logger<Microsoft.AspNetCore.DataProtection.XmlEncryption.DpapiXmlEncryptor>
7ffcf460dd90       1         24 Microsoft.Extensions.Logging.Logger<Microsoft.AspNetCore.DataProtection.Repositories.FileSystemXmlRepository>
7ffcf62ce000       1         24 System.Linq.Enumerable+EnumerableSorter<Microsoft.EntityFrameworkCore.Infrastructure.Annotation>+<>c
7ffcf3dbcbe0       1         24 Order.API.MappingProfiles.OrderFront.CreateOrderFrontProfile+<>c
7ffcf3dbced0       1         24 Order.API.MappingProfiles.OrderFront.OrderFrontMappingProfile+<>c
7ffcf58cc038       1         24 AutoMapper.Internal.MemberPath
7ffcf3dbe018       1         24 Order.API.MappingProfiles.OrderFront.UpdateOrderFrontProfile+<>c
7ffcf3dbe908       1         24 Order.API.MappingProfiles.OrderFront.UpdateSubOrderFrontProfile+<>c
7ffcf3dbeb98       1         24 Order.API.MappingProfiles.CompanyBuMapping.GetCompanyBuMappingByIdProfile+<>c
7ffcf3dbedf8       1         24 Order.API.MappingProfiles.CompanyBuMapping.GetCompanyBuMappingProfile+<>c
7ffcf3dbf058       1         24 Order.API.MappingProfiles.CompanyBuMapping.GetCompanyBuMappingsQueryProfile+<>c
7ffcf5929178       1         24 AutoMapper.Features.Features<AutoMapper.Features.IRuntimeFeature>
7ffcf592de68       1         24 System.Collections.Generic.ObjectEqualityComparer<AutoMapper.TypeMap>
7ffcf67d4ca0       1         24 Microsoft.EntityFrameworkCore.Diagnostics.Internal.RelationalResources+<>c
7ffcf4296dc0       1         24 System.Linq.Expressions.PrimitiveParameterExpression<System.Exception>
7ffcf592ef68       1         24 AutoMapper.Profile+<>c
7ffcf59874d0       1         24 AutoMapper.Internal.LockingConcurrentDictionary<AutoMapper.Internal.MapRequest, System.Delegate>+<>c__DisplayClass2_0
7ffcf598b1a8       1         24 AutoMapper.ProfileMap+<>c
7ffcf598c948       1         24 System.Action<AutoMapper.PropertyMap, AutoMapper.IMemberConfigurationExpression>[]
7ffcf598d2b0       1         24 System.Action<AutoMapper.TypeMap, AutoMapper.IMappingExpression>[]
7ffcf59a5370       1         24 AutoMapper.Internal.TypeDetails+<>c
7ffcf59a8798       1         24 System.Buffers.SharedArrayPool<System.Reflection.MemberInfo>+<>c
7ffcf59d5358       1         24 System.Collections.Generic.GenericEqualityComparer<AutoMapper.Internal.TypePair>
7ffcf59ef098       1         24 System.Linq.Expressions.LambdaExpression[]
7ffcf59a4610       1         24 System.Collections.Generic.Dictionary<AutoMapper.Internal.TypePair, AutoMapper.TypeMap>+ValueCollection
7ffcf59fa218       1         24 System.Collections.ObjectModel.ReadOnlyCollection<System.Linq.Expressions.CatchBlock>
7ffcf59fd630       1         24 AutoMapper.IncludedMember[]
7ffcf5a10e38       1         24 AutoMapper.Internal.TypeExtensions+<>c
7ffcf4656ef8       1         24 Microsoft.Extensions.Logging.LoggerMessage+LogValues<System.String>+<>c
7ffcf437e4a0       1         24 Microsoft.AspNetCore.DataProtection.Internal.DefaultTypeNameResolver
7ffcf43817c0       1         24 Microsoft.Extensions.Logging.Logger<Microsoft.AspNetCore.DataProtection.KeyManagement.DefaultKeyResolver>
7ffcf43828a8       1         24 Microsoft.Extensions.Logging.Logger<Microsoft.AspNetCore.DataProtection.KeyManagement.KeyRingProvider>
7ffcf4657660       1         24 System.Random+ThreadSafeRandom
7ffcf4657838       1         24 Microsoft.Extensions.Logging.Logger<Microsoft.AspNetCore.DataProtection.KeyManagement.KeyRingBasedDataProtector>
7ffcf3f0f500       1         24 Microsoft.AspNetCore.DataProtection.DataProtectionOptions
7ffcf465a478       1         24 Microsoft.Extensions.Options.IConfigureOptions<Microsoft.AspNetCore.Mvc.CookieTempDataProviderOptions>[]
7ffcf465a538       1         24 Microsoft.Extensions.Options.IPostConfigureOptions<Microsoft.AspNetCore.Mvc.CookieTempDataProviderOptions>[]
7ffcf46593f0       1         24 Microsoft.Extensions.Options.IValidateOptions<Microsoft.AspNetCore.Mvc.CookieTempDataProviderOptions>[]
7ffcf4389090       1         24 Microsoft.Extensions.Logging.Logger<Microsoft.AspNetCore.Mvc.ViewFeatures.CookieTempDataProvider>
7ffcf4258198       1         24 Microsoft.AspNetCore.Mvc.CookieTempDataProviderOptions
7ffcf3f07948       1         24 Microsoft.AspNetCore.Mvc.ViewFeatures.TempDataDictionaryFactory
7ffcf3f683d8       1         24 Microsoft.AspNetCore.Mvc.Razor.RazorViewEngineOptionsSetup
7ffcf3f802a0       1         24 Microsoft.Extensions.DependencyInjection.RazorPagesRazorViewEngineOptionsSetup
7ffcf465d8e0       1         24 Microsoft.Extensions.Options.IPostConfigureOptions<Microsoft.AspNetCore.Mvc.Razor.RazorViewEngineOptions>[]
7ffcf465c798       1         24 Microsoft.Extensions.Options.IValidateOptions<Microsoft.AspNetCore.Mvc.Razor.RazorViewEngineOptions>[]
7ffcf465e3b8       1         24 Microsoft.AspNetCore.Mvc.RazorPages.Infrastructure.PageViewLocationExpander
7ffcf43c4a70       1         24 Microsoft.Extensions.Logging.Logger<Microsoft.AspNetCore.Mvc.Razor.RazorViewEngine>
7ffcf42e1b70       1         24 Microsoft.Extensions.Logging.Abstractions.NullLoggerFactory
7ffcf465e5c8       1         24 Microsoft.Extensions.Logging.Abstractions.NullLogger
7ffcf3f68588       1         24 Microsoft.Extensions.DependencyInjection.MvcRazorMvcViewOptionsSetup
7ffcf465c1b8       1         24 Microsoft.Extensions.Options.IPostConfigureOptions<Microsoft.AspNetCore.Mvc.MvcViewOptions>[]
7ffcf465b070       1         24 Microsoft.Extensions.Options.IValidateOptions<Microsoft.AspNetCore.Mvc.MvcViewOptions>[]
7ffcf3f6ded8       1         24 Microsoft.AspNetCore.Mvc.RazorPages.Infrastructure.DefaultPageHandlerMethodSelector
7ffcf465ed78       1         24 Microsoft.AspNetCore.Mvc.DataAnnotations.DefaultClientModelValidatorProvider
7ffcf465ee68       1         24 Microsoft.AspNetCore.Mvc.DataAnnotations.NumericClientModelValidatorProvider
7ffcf465efd8       1         24 Microsoft.AspNetCore.Mvc.Routing.ActionEndpointFactory+<>c__DisplayClass10_0
7ffcf43e65e8       1         24 Microsoft.AspNetCore.Mvc.RazorPages.Infrastructure.CompiledPageActionDescriptorFactory+<>c
7ffcf465f560       1         24 System.Linq.Enumerable+EnumerableSorter<Microsoft.AspNetCore.Mvc.ApplicationModels.IPageApplicationModelProvider>+<>c
7ffcf3c5dfe0       1         24 Microsoft.AspNetCore.Mvc.Infrastructure.ActionInvokerFactory
7ffcf4342610       1         24 Microsoft.AspNetCore.Mvc.Infrastructure.ActionInvokerFactory+<>c
7ffcf465f978       1         24 System.Linq.Enumerable+EnumerableSorter<Microsoft.AspNetCore.Mvc.Abstractions.IActionInvokerProvider>+<>c
7ffcf432b2c8       1         24 Microsoft.AspNetCore.Mvc.ApplicationModels.DefaultApplicationModelProvider+<>c
7ffcf3d32a90       1         24 Microsoft.Extensions.DependencyInjection.ApiBehaviorOptionsSetup
7ffcf4673378       1         24 Microsoft.Extensions.Options.IPostConfigureOptions<Microsoft.AspNetCore.Mvc.ApiBehaviorOptions>[]
7ffcf4672230       1         24 Microsoft.Extensions.Options.IValidateOptions<Microsoft.AspNetCore.Mvc.ApiBehaviorOptions>[]
7ffcf3d31878       1         24 Microsoft.AspNetCore.Mvc.ApplicationModels.ApiBehaviorApplicationModelProvider
7ffcf432c0c8       1         24 Microsoft.AspNetCore.Mvc.ApplicationModels.ApiVisibilityConvention
7ffcf432c890       1         24 Microsoft.AspNetCore.Mvc.ApplicationModels.ClientErrorResultFilterConvention
7ffcf432cb40       1         24 Microsoft.AspNetCore.Mvc.Infrastructure.ClientErrorResultFilterFactory
7ffcf432c758       1         24 Microsoft.AspNetCore.Mvc.ApplicationModels.InvalidModelStateFilterConvention
7ffcf432cc80       1         24 Microsoft.AspNetCore.Mvc.Infrastructure.ModelStateInvalidFilterFactory
7ffcf432c620       1         24 Microsoft.AspNetCore.Mvc.ApplicationModels.ConsumesConstraintForFormFileParameterConvention
7ffcf432b710       1         24 Microsoft.AspNetCore.Mvc.ProducesErrorResponseTypeAttribute
7ffcf432c268       1         24 Microsoft.AspNetCore.Mvc.ApplicationModels.ApiConventionApplicationModelConvention
7ffcf3d3ee30       1         24 Microsoft.AspNetCore.Mvc.Cors.CorsApplicationModelProvider
7ffcf3f039c8       1         24 Microsoft.AspNetCore.Mvc.ViewFeatures.Filters.TempDataApplicationModelProvider
7ffcf3f03b80       1         24 Microsoft.AspNetCore.Mvc.ViewFeatures.Filters.ViewDataAttributeApplicationModelProvider
7ffcf4676ca0       1         24 Microsoft.Extensions.Logging.Logger<Microsoft.AspNetCore.Mvc.Core.Filters.AntiforgeryMiddlewareAuthorizationFilter>
7ffcf42582f0       1         24 Microsoft.AspNetCore.Mvc.Core.Filters.AntiforgeryMiddlewareAuthorizationFilter
7ffcf432a558       1         24 Microsoft.AspNetCore.Mvc.ApplicationModels.ApplicationModelFactory+<>c
7ffcf4676f30       1         24 System.Linq.Enumerable+EnumerableSorter<Microsoft.AspNetCore.Mvc.ApplicationModels.IApplicationModelProvider>+<>c
7ffcf4677168       1         24 Microsoft.Extensions.Logging.Logger<Microsoft.AspNetCore.Mvc.ApplicationModels.CompiledPageRouteModelProvider>
7ffcf43e49c8       1         24 Microsoft.AspNetCore.Mvc.RazorPages.Infrastructure.PageActionDescriptorProvider+<>c
7ffcf43e5558       1         24 Microsoft.AspNetCore.Mvc.ApplicationModels.IPageRouteModelConvention[]
7ffcf3f65c38       1         24 Microsoft.AspNetCore.Mvc.Razor.Infrastructure.DefaultTagHelperActivator
7ffcf43cf338       1         24 Microsoft.AspNetCore.Mvc.Razor.DefaultTagHelperFactory+<>c
7ffcf4671c30       1         24 Microsoft.Extensions.Logging.Logger<Microsoft.AspNetCore.Mvc.Infrastructure.DefaultActionDescriptorCollectionProvider>
7ffcf42fea80       1         24 Microsoft.AspNetCore.Mvc.Infrastructure.DefaultActionDescriptorCollectionProvider+<>c
7ffcf4677928       1         24 System.Linq.Enumerable+EnumerableSorter<Microsoft.AspNetCore.Mvc.Abstractions.IActionDescriptorProvider>+<>c
7ffcf3c5b980       1         24 Microsoft.AspNetCore.Mvc.ActionConstraints.DefaultActionConstraintProvider
7ffcf432daa8       1         24 Microsoft.AspNetCore.Mvc.ActionConstraints.ActionConstraintCache+<>c
7ffcf432d218       1         24 Microsoft.Extensions.Logging.Logger<Microsoft.AspNetCore.Mvc.Infrastructure.ActionSelector>
7ffcf4358340       1         24 Microsoft.Extensions.Logging.Logger<Microsoft.AspNetCore.Mvc.Routing.MvcRouteHandler>
7ffcf4677ef8       1         24 Microsoft.AspNetCore.Mvc.Routing.AttributeRouting+<>c__DisplayClass0_0
7ffcf3c5f050       1         24 Microsoft.AspNetCore.Mvc.Infrastructure.OrderedEndpointsSequenceProviderCache
7ffcf43590b8       1         24 System.Collections.Generic.ObjectEqualityComparer<Microsoft.AspNetCore.Routing.IEndpointRouteBuilder>
7ffcf3c5c4f8       1         24 Microsoft.AspNetCore.Mvc.Routing.ControllerActionEndpointDataSourceIdProvider
7ffcf4358458       1         24 Microsoft.AspNetCore.Mvc.Infrastructure.OrderedEndpointsSequenceProvider
7ffcf385e958       1         24 System.Reflection.TypeInfo[]
7ffcf467f5f8       1         24 System.Collections.Generic.ObjectEqualityComparer<System.Reflection.TypeInfo>
7ffcf46fc740       1         24 Microsoft.AspNetCore.Mvc.ApplicationModels.ControllerModel[]
7ffcf4700d20       1         24 Microsoft.AspNetCore.Mvc.ApplicationModels.PropertyModel[]
7ffcf4700de0       1         24 Microsoft.AspNetCore.Mvc.ApplicationModels.SelectorModel[]
7ffcf4348008       1         24 System.Collections.Generic.GenericEqualityComparer<Microsoft.AspNetCore.Mvc.ModelBinding.Metadata.ModelMetadataIdentity>
7ffcf470c3a8       1         24 System.Reflection.NullabilityInfo[]
7ffcf470dd08       1         24 Microsoft.AspNetCore.Mvc.ModelBinding.Metadata.DefaultModelMetadata+<>c
7ffcf470eaa8       1         24 System.Linq.Enumerable+EnumerableSorter<Microsoft.AspNetCore.Mvc.ModelBinding.ModelMetadata>+<>c
7ffcf470f700       1         24 Microsoft.AspNetCore.Mvc.ModelBinding.Metadata.DisplayMetadata+<>c
7ffcf47281e0       1         24 Microsoft.AspNetCore.Mvc.ModelBinding.IPropertyFilterProvider[]
7ffcf472e488       1         24 System.ComponentModel.CollectionConverter
7ffcf475d6c0       1         24 Newtonsoft.Json.JsonIgnoreAttribute
7ffcf475f450       1         24 System.ComponentModel.DateTimeConverter
7ffcf60a8348       1         24 Microsoft.EntityFrameworkCore.Infrastructure.ModelRuntimeInitializer+<>c
7ffcf628f1f8       1         24 Microsoft.EntityFrameworkCore.Infrastructure.AnnotatableBase+<>c__30<Microsoft.EntityFrameworkCore.Metadata.IModel, Microsoft.EntityFrameworkCore.Metadata.IModel>
7ffcf62ab448       1         24 Microsoft.EntityFrameworkCore.Metadata.ITypeMappingConfiguration[]
7ffcf62aded0       1         24 Microsoft.EntityFrameworkCore.Infrastructure.RuntimeAnnotatableBase+<>c
7ffcf62ae708       1         24 System.ValueTuple<Microsoft.EntityFrameworkCore.Metadata.IEntityType, Microsoft.EntityFrameworkCore.Metadata.RuntimeEntityType>[]
7ffcf62af400       1         24 Microsoft.EntityFrameworkCore.Metadata.Internal.ModelExtensions+<>c
7ffcf62a4480       1         24 Microsoft.EntityFrameworkCore.Metadata.Conventions.RuntimeModelConvention+<>c
7ffcf62c73a0       1         24 System.Collections.Generic.ObjectEqualityComparer<System.Collections.Generic.IReadOnlyList<Microsoft.EntityFrameworkCore.Metadata.IReadOnlyProperty>>
7ffcf47419e8       1         24 Microsoft.AspNetCore.Mvc.ViewFeatures.ViewDataDictionaryAttribute
7ffcf47485f8       1         24 System.Collections.Generic.GenericEqualityComparer<System.UInt16>
7ffcf474a608       1         24 Microsoft.AspNetCore.Authorization.IAuthorizeData[]
7ffcf4750330       1         24 Microsoft.AspNetCore.Mvc.ApiConventionTypeAttribute[]
7ffcf4751b80       1         24 Microsoft.AspNetCore.Mvc.ApplicationModels.ActionAttributeRouteModel+<>c
7ffcf475b1f0       1         24 Microsoft.AspNetCore.Routing.Template.InlineConstraint[]
7ffcf475b3b0       1         24 Microsoft.AspNetCore.Mvc.ApplicationModels.InferParameterBindingInfoConvention+<>c
7ffcf475c830       1         24 Microsoft.AspNetCore.Routing.Patterns.RoutePatternParameterPolicyReference[]
7ffcf475c9c0       1         24 Microsoft.AspNetCore.Routing.Template.TemplatePart+<>c
7ffcf4783370       1         24 System.ComponentModel.DecimalConverter
7ffcf478bb28       1         24 Microsoft.AspNetCore.Mvc.ApplicationModels.IControllerModelConvention[]
7ffcf478cd80       1         24 Microsoft.AspNetCore.Mvc.ApplicationModels.IParameterModelConvention[]
7ffcf4791be8       1         24 Microsoft.AspNetCore.Mvc.Controllers.ControllerActionDescriptor[]
7ffcf4791e70       1         24 System.Collections.Generic.ObjectEqualityComparer<System.Reflection.MethodInfo>
7ffcf4792330       1         24 System.ValueTuple<Microsoft.AspNetCore.Mvc.ApplicationModels.ActionModel, Microsoft.AspNetCore.Mvc.ApplicationModels.SelectorModel>[]
7ffcf4793488       1         24 Microsoft.AspNetCore.Mvc.ApplicationModels.ControllerActionDescriptorBuilder+<>c
7ffcf4796c20       1         24 Microsoft.AspNetCore.Mvc.Filters.FilterDescriptorOrderComparer
7ffcf4797ff8       1         24 System.Linq.Enumerable+EnumerableSorter<Microsoft.AspNetCore.Mvc.Filters.FilterDescriptor>+<>c
7ffcf4798438       1         24 System.GenericEmptyEnumerator<System.Collections.Generic.KeyValuePair<System.Object, System.Object>>
7ffcf4798d58       1         24 System.Buffers.SharedArrayPool<Microsoft.AspNetCore.Mvc.Filters.FilterDescriptor>+<>c
7ffcf479a758       1         24 Microsoft.AspNetCore.Mvc.ApplicationModels.PageRouteModel[]
7ffcf467d4f0       1         24 System.Collections.ObjectModel.ReadOnlyCollection<Microsoft.AspNetCore.Mvc.Abstractions.ActionDescriptor>
7ffcf479f2f8       1         24 Microsoft.Extensions.Logging.Logger<EventBus.RabbitMQ.DefaultRabbitMQPersistentConnection>
7ffcf47b17f8       1         24 RabbitMQ.Client.PlainMechanismFactory
7ffcf479f588       1         24 RabbitMQ.Client.ConnectionFactory+<>c
7ffcf47b2808       1         24 Microsoft.Extensions.Logging.Logger<EventBus.RabbitMQ.EventBusRabbitMQ>
7ffcf47be7d8       1         24 Polly.Policy+<>c__135<System.Net.Sockets.SocketException>
7ffcf47befc8       1         24 Polly.ExceptionPredicate[]
7ffcf47bf428       1         24 Polly.PolicyBuilder+<>c__8<RabbitMQ.Client.Exceptions.BrokerUnreachableException>
7ffcf47bb438       1         24 EventBus.RabbitMQ.DefaultRabbitMQPersistentConnection+<>c
7ffcf47f6d20       1         24 Polly.ResultPredicates<Polly.Utilities.EmptyStruct>
7ffcf4803a40       1         24 System.Collections.Generic.ObjectEqualityComparer<RabbitMQ.Client.Impl.RecordedBinding>
7ffcf4808628       1         24 System.Threading.Channels.SingleConsumerUnboundedChannel<RabbitMQ.Client.Framing.Impl.AutorecoveringConnection+RecoveryCommand>+UnboundedChannelWriter
7ffcf480d358       1         24 System.Linq.Enumerable+EnumerableSorter<RabbitMQ.Client.AmqpTcpEndpoint>+<>c
7ffcf48309e0       1         24 System.Threading.Channels.SingleConsumerUnboundedChannel<System.Memory<System.Byte>>+UnboundedChannelWriter
7ffcf4831830       1         24 RabbitMQ.Client.Impl.TcpClientAdapter
7ffcf480f700       1         24 RabbitMQ.Client.Impl.SslHelper
7ffcf4880250       1         24 System.Security.Cryptography.X509Certificates.X509CertificateCollection
7ffcf488a950       1         24 System.Security.Cryptography.X509Certificates.X509Certificate[]
7ffcf488be98       1         24 System.Security.Cryptography.X509Certificates.CertificatePal+<>c
7ffcf488dd90       1         24 System.Threading.AsyncLocal<Microsoft.Win32.SafeHandles.SafeAccessTokenHandle>
7ffcf488e970       1         24 System.Threading.AsyncLocalValueMap+EmptyAsyncLocalValueMap
7ffcf4899010       1         24 System.Net.SSPIAuthType
7ffcf48993a0       1         24 System.Net.SSPISecureChannelType
7ffcf489fc88       1         24 System.Collections.Generic.EnumEqualityComparer<Interop+SECURITY_STATUS>
7ffcf4890b20       1         24 System.Net.Security.SafeCredentialReference
7ffcf48d4ec0       1         24 RabbitMQ.Client.ShutdownReportEntry[]
7ffcf48d67f0       1         24 System.Collections.Generic.ObjectEqualityComparer<RabbitMQ.Client.IModel>
7ffcf48de028       1         24 RabbitMQ.Client.Impl.RpcContinuationQueue+EmptyRpcContinuation
7ffcf48b93c8       1         24 System.Security.Cryptography.X509Certificates.X509Pal
7ffcf48b9d00       1         24 System.Collections.Generic.GenericEqualityComparer<System.Net.Security.SslSessionsCache+SslCredKey>
7ffcf48bcd48       1         24 System.Security.Cryptography.Oid[]
7ffcf48befe8       1         24 Microsoft.Win32.SafeHandles.SafeCrypt32Handle<System.Security.Cryptography.X509Certificates.SafeLocalAllocHandle>+<>c
7ffcf490f9a8       1         24 Microsoft.Extensions.Logging.FormattedLogValues+<>c
7ffcf491ad08       1         24 System.Threading.TimerQueueTimer+<>c
7ffcf4a45740       1         24 System.Xml.Linq.XElement[]
7ffcf3f81790       1         24 EventBus.Kafka.DefaultKafkaPersistentConnection
7ffcf491b250       1         24 Microsoft.Extensions.Logging.Logger<EventBus.Kafka.EventBusKafka>
7ffcf4950c80       1         24 Confluent.Kafka.Config+<>c
7ffcf4959c60       1         24 Confluent.Kafka.Impl.Librdkafka+<>c
7ffcf4a11588       1         24 Confluent.Kafka.Producer<Confluent.Kafka.Null, System.String>+<>c
7ffcf4a19f50       1         24 Confluent.Kafka.Serializers+Utf8Serializer
7ffcf4a1a040       1         24 Confluent.Kafka.Serializers+NullSerializer
7ffcf4a1a130       1         24 Confluent.Kafka.Serializers+Int64Serializer
7ffcf4a1a220       1         24 Confluent.Kafka.Serializers+Int32Serializer
7ffcf4a1a310       1         24 Confluent.Kafka.Serializers+SingleSerializer
7ffcf4a1a400       1         24 Confluent.Kafka.Serializers+DoubleSerializer
7ffcf4a1a4f0       1         24 Confluent.Kafka.Serializers+ByteArraySerializer
7ffcf4a1a6c0       1         24 System.Threading.CancellationToken+<>c
7ffcf4a1ba88       1         24 Microsoft.Extensions.Hosting.Internal.ConsoleLifetime+<>c
7ffcf43815e8       1         24 Microsoft.Extensions.Logging.Logger<Microsoft.AspNetCore.DataProtection.Internal.DataProtectionHostedService>
7ffcf4a1e518       1         24 Microsoft.Extensions.Options.IPostConfigureOptions<Microsoft.AspNetCore.Hosting.GenericWebHostServiceOptions>[]
7ffcf4a1d3d0       1         24 Microsoft.Extensions.Options.IValidateOptions<Microsoft.AspNetCore.Hosting.GenericWebHostServiceOptions>[]
7ffcf4a1fbf8       1         24 Microsoft.Extensions.Options.IConfigureOptions<Microsoft.AspNetCore.Http.Features.FormOptions>[]
7ffcf4a1fcb8       1         24 Microsoft.Extensions.Options.IPostConfigureOptions<Microsoft.AspNetCore.Http.Features.FormOptions>[]
7ffcf4a1eb70       1         24 Microsoft.Extensions.Options.IValidateOptions<Microsoft.AspNetCore.Http.Features.FormOptions>[]
7ffcf3bb3730       1         24 Microsoft.AspNetCore.Hosting.Builder.ApplicationBuilderFactory
7ffcf3bbeac8       1         24 Microsoft.AspNetCore.HostFilteringStartupFilter
7ffcf3bbe950       1         24 Microsoft.AspNetCore.ForwardedHeadersStartupFilter
7ffcf3c5a820       1         24 Microsoft.AspNetCore.Mvc.Filters.MiddlewareFilterBuilderStartupFilter
7ffcf4a31a00       1         24 <>z__ReadOnlyArray<System.Int32>
7ffcf4a37408       1         24 System.Buffers.SharedArrayPool<Autofac.Core.ServiceRegistration>+<>c
7ffcf4a3b898       1         24 Microsoft.Extensions.Options.IPostConfigureOptions<Microsoft.Extensions.Diagnostics.Metrics.MetricsOptions>[]
7ffcf4a3a750       1         24 Microsoft.Extensions.Options.IValidateOptions<Microsoft.Extensions.Diagnostics.Metrics.MetricsOptions>[]
7ffcf4a3ba18       1         24 Microsoft.Extensions.Options.OptionsCache<Microsoft.Extensions.Diagnostics.Metrics.MetricsOptions>
7ffcf4a3c930       1         24 Microsoft.Extensions.Primitives.ChangeToken+ChangeTokenRegistration<System.String>+<>c
7ffcf4a3c9e0       1         24 Microsoft.Extensions.Primitives.ChangeToken+ChangeTokenRegistration<System.String>+NoopDisposable
7ffcf42e5b40       1         24 Microsoft.Extensions.Diagnostics.Metrics.IMetricsListener[]
7ffcf42e4108       1         24 Microsoft.Extensions.Diagnostics.Metrics.ListenerSubscription[]
7ffcf42f0258       1         24 Microsoft.Extensions.Options.OptionsMonitorExtensions+<>c__DisplayClass0_0<Microsoft.Extensions.Diagnostics.Metrics.MetricsOptions>
7ffcf4a3d1d8       1         24 Microsoft.Extensions.Options.OptionsMonitor<Microsoft.Extensions.Diagnostics.Metrics.MetricsOptions>+<>c
7ffcf4a3d748       1         24 Microsoft.Extensions.Options.OptionsCache<Microsoft.Extensions.Diagnostics.Metrics.MetricsOptions>+<>c__3<Microsoft.Extensions.Options.IOptionsFactory<Microsoft.Extensions.Diagnostics.Metrics.MetricsOptions>>
7ffcf3ab54b8       1         24 Microsoft.Extensions.Diagnostics.Metrics.MetricsOptions
7ffcf42e65a8       1         24 Microsoft.Extensions.Diagnostics.Metrics.InstrumentRule[]
7ffcf3a65528       1         24 Microsoft.Extensions.DependencyInjection.MetricsServiceExtensions+SubscriptionActivator
7ffcf4a392d0       1         24 Microsoft.Extensions.Options.IPostConfigureOptions<Microsoft.Extensions.DependencyInjection.MetricsServiceExtensions+NoOpOptions>[]
7ffcf4a38188       1         24 Microsoft.Extensions.Options.IValidateOptions<Microsoft.Extensions.DependencyInjection.MetricsServiceExtensions+NoOpOptions>[]
7ffcf4a39450       1         24 Microsoft.Extensions.Options.OptionsCache<Microsoft.Extensions.DependencyInjection.MetricsServiceExtensions+NoOpOptions>
7ffcf4a33c08       1         24 Microsoft.Extensions.Options.IPostConfigureOptions<Microsoft.Extensions.Options.StartupValidatorOptions>[]
7ffcf4a32ac0       1         24 Microsoft.Extensions.Options.IValidateOptions<Microsoft.Extensions.Options.StartupValidatorOptions>[]
7ffcf3a66938       1         24 Microsoft.Extensions.Options.StartupValidatorOptions
7ffcf4a406f0       1         24 System.Collections.Generic.GenericEqualityComparer<System.ValueTuple<System.Type, System.String>>
7ffcf4a41148       1         24 System.Collections.Generic.Dictionary<System.ValueTuple<System.Type, System.String>, System.Action>+ValueCollection
7ffcf4a41330       1         24 Microsoft.Extensions.Options.OptionsMonitor<Microsoft.Extensions.DependencyInjection.MetricsServiceExtensions+NoOpOptions>+<>c
7ffcf4a41588       1         24 Microsoft.Extensions.Options.OptionsCache<Microsoft.Extensions.DependencyInjection.MetricsServiceExtensions+NoOpOptions>+<>c__3<Microsoft.Extensions.Options.IOptionsFactory<Microsoft.Extensions.DependencyInjection.MetricsServiceExtensions+NoOpOptions>>
7ffcf3a64e68       1         24 Microsoft.Extensions.DependencyInjection.MetricsServiceExtensions+NoOpOptions
7ffcf4a43378       1         24 Microsoft.AspNetCore.DataProtection.KeyManagement.KeyRingProvider+<>c
7ffcf4a63e80       1         24 System.Xml.Linq.XHashtable<System.WeakReference<System.Xml.Linq.XNamespace>>
7ffcf4a6f578       1         24 System.Xml.XmlQualifiedName[]
7ffcf4a7fa38       1         24 Microsoft.AspNetCore.DataProtection.KeyManagement.DefaultKeyResolver+<>c
7ffcf4a905e0       1         24 System.Collections.Generic.GenericComparer<System.DateTimeOffset>
7ffcf4a91500       1         24 System.Collections.Generic.GenericComparer<System.Guid>
7ffcf4a95f90       1         24 System.Collections.Generic.ObjectEqualityComparer<System.Xml.Linq.XElement>
7ffcf3f0cd78       1         24 Microsoft.AspNetCore.DataProtection.SimpleActivator
7ffcf4a9a9e0       1         24 Microsoft.AspNetCore.Cryptography.Cng.CachedAlgorithmHandles+<>c
7ffcf4a9b178       1         24 Microsoft.AspNetCore.DataProtection.Cng.BCryptGenRandomImpl
7ffcf4a9b5f0       1         24 Microsoft.AspNetCore.DataProtection.SP800_108.Win8SP800_108_CTR_HMACSHA512Provider
7ffcf4c43968       1         24 System.Threading.AsyncOverSyncWithIoCancellation+<>c
7ffcf4a9ff48       1         24 Microsoft.AspNetCore.Watch.BrowserRefresh.HostingStartup+<>c
7ffcf4ab2fb0       1         24 Microsoft.Extensions.Logging.Logger<Microsoft.AspNetCore.Watch.BrowserRefresh.BlazorWasmHotReloadMiddleware>
7ffcf4ab0df8       1         24 Microsoft.AspNetCore.Watch.BrowserRefresh.BlazorWasmHotReloadMiddleware
7ffcf4ab3db0       1         24 Microsoft.AspNetCore.Watch.BrowserRefresh.BlazorWasmHotReloadMiddleware+Update[]
7ffcf4ab4390       1         24 Microsoft.Extensions.Logging.Logger<Microsoft.AspNetCore.Watch.BrowserRefresh.BrowserScriptMiddleware>
7ffcf4ab8748       1         24 Microsoft.WebTools.BrowserLink.Net.HostConnectionData[]
7ffcf3c5fee8       1         24 Microsoft.AspNetCore.Mvc.Filters.MiddlewareFilterConfigurationProvider
7ffcf3d3e278       1         24 Microsoft.AspNetCore.Authorization.Policy.AuthorizationPolicyMarkerService
7ffcf4abf948       1         24 System.Collections.Generic.ObjectEqualityComparer<Microsoft.AspNetCore.Routing.EndpointDataSource>
7ffcf4abfac0       1         24 Microsoft.Extensions.Logging.Logger<Microsoft.AspNetCore.Routing.EndpointMiddleware>
7ffcf44cf338       1         24 Microsoft.AspNetCore.Builder.RunExtensions+<>c__DisplayClass0_0
7ffcf3bd4a80       1         24 Microsoft.AspNetCore.Routing.Matching.DfaMatcherFactory
7ffcf4abfc40       1         24 Microsoft.Extensions.Logging.Logger<Microsoft.AspNetCore.Routing.EndpointRoutingMiddleware>
7ffcf4ac0370       1         24 Microsoft.Extensions.Logging.Logger<Microsoft.AspNetCore.Builder.RouterMiddleware>
7ffcf4ac0788       1         24 Microsoft.AspNetCore.Diagnostics.IExceptionHandler[]
7ffcf4ac10f8       1         24 Microsoft.Extensions.Logging.Logger<Microsoft.AspNetCore.Diagnostics.ExceptionHandlerMiddleware>
7ffcf4ac2968       1         24 Microsoft.Extensions.Options.IPostConfigureOptions<Utility.Package.Models.Jwt>[]
7ffcf4ac1820       1         24 Microsoft.Extensions.Options.IValidateOptions<Utility.Package.Models.Jwt>[]
7ffcf4ac2bd8       1         24 Microsoft.Extensions.Logging.Logger<Utility.Package.Middlewares.DecryptAndBindingMiddleware>
7ffcf4ac2ed0       1         24 Microsoft.Extensions.Logging.Logger<Utility.Package.Middlewares.SprintConnectMiddleWareService>
7ffcf4ac98a0       1         24 Microsoft.Extensions.Options.IPostConfigureOptions<Microsoft.AspNetCore.Cors.Infrastructure.CorsOptions>[]
7ffcf4ac8758       1         24 Microsoft.Extensions.Options.IValidateOptions<Microsoft.AspNetCore.Cors.Infrastructure.CorsOptions>[]
7ffcf4377748       1         24 Microsoft.Extensions.Logging.Logger<Microsoft.AspNetCore.Cors.Infrastructure.CorsService>
7ffcf4acc520       1         24 Microsoft.Extensions.Logging.Logger<Microsoft.AspNetCore.Cors.Infrastructure.CorsMiddleware>
7ffcf4af88f0       1         24 Microsoft.Extensions.Logging.Logger<HttpExtension.Extensions.HttpRequestExtension>
7ffcf4afb730       1         24 Microsoft.Extensions.Options.IPostConfigureOptions<EventBus.SprintEventBusSetting>[]
7ffcf4afa5e8       1         24 Microsoft.Extensions.Options.IValidateOptions<EventBus.SprintEventBusSetting>[]
7ffcf4afce58       1         24 Microsoft.Extensions.Options.IPostConfigureOptions<HttpExtension.SprintHttpCommonSetting>[]
7ffcf4afbd10       1         24 Microsoft.Extensions.Options.IValidateOptions<HttpExtension.SprintHttpCommonSetting>[]
7ffcf4aff2d0       1         24 Microsoft.AspNetCore.Builder.StaticFileOptions+<>c
7ffcf4aff728       1         24 Microsoft.AspNetCore.StaticFiles.FileExtensionContentTypeProvider
7ffcf4aff7f8       1         24 Microsoft.Extensions.Logging.Logger<Microsoft.AspNetCore.StaticFiles.StaticFileMiddleware>
7ffcf4b002a0       1         24 Microsoft.AspNetCore.Routing.Template.RouteTemplate+<>c
7ffcf4b00c00       1         24 Microsoft.AspNetCore.Routing.Template.TemplateSegment+<>c
7ffcf4b040c0       1         24 Microsoft.Extensions.Options.IConfigureOptions<Microsoft.AspNetCore.Builder.DeveloperExceptionPageOptions>[]
7ffcf4b04180       1         24 Microsoft.Extensions.Options.IPostConfigureOptions<Microsoft.AspNetCore.Builder.DeveloperExceptionPageOptions>[]
7ffcf4b03038       1         24 Microsoft.Extensions.Options.IValidateOptions<Microsoft.AspNetCore.Builder.DeveloperExceptionPageOptions>[]
7ffcf4b05730       1         24 Microsoft.Extensions.Options.IConfigureOptions<Microsoft.AspNetCore.Http.Json.JsonOptions>[]
7ffcf4b057f0       1         24 Microsoft.Extensions.Options.IPostConfigureOptions<Microsoft.AspNetCore.Http.Json.JsonOptions>[]
7ffcf4b046a8       1         24 Microsoft.Extensions.Options.IValidateOptions<Microsoft.AspNetCore.Http.Json.JsonOptions>[]
7ffcf4b026b0       1         24 Microsoft.AspNetCore.Http.Json.JsonOptions
7ffcf4b028f8       1         24 Microsoft.AspNetCore.Diagnostics.IDeveloperPageExceptionFilter[]
7ffcf4b08ef0       1         24 Microsoft.Extensions.Logging.Logger<Microsoft.AspNetCore.Authorization.AuthorizationMiddleware>
7ffcf3d3c2b0       1         24 Microsoft.AspNetCore.Authorization.Policy.AuthorizationPolicyCache
7ffcf4377028       1         24 Microsoft.AspNetCore.Authorization.Policy.AuthorizationPolicyCache+<>c
7ffcf4b09c68       1         24 Microsoft.AspNetCore.Routing.RouteValueEqualityComparer
7ffcf4b09d98       1         24 System.GenericEmptyEnumerator<System.Collections.Generic.KeyValuePair<System.String, System.Object>>
7ffcf4b0a0b0       1         24 Microsoft.AspNetCore.Routing.Patterns.RoutePattern+RequiredValueAnySentinal
7ffcf4b0a988       1         24 Microsoft.AspNetCore.Builder.EndpointBuilder+EmptyServiceProvider
7ffcf4b0c468       1         24 Microsoft.AspNetCore.Mvc.Routing.ActionEndpointFactory+<>c
7ffcf4b0d3f0       1         24 System.Func<Microsoft.AspNetCore.Http.EndpointFilterFactoryContext, Microsoft.AspNetCore.Http.EndpointFilterDelegate, Microsoft.AspNetCore.Http.EndpointFilterDelegate>[]
7ffcf4b308a8       1         24 Microsoft.AspNetCore.Server.Kestrel.Core.Internal.EndpointConfig[]
7ffcf5198768       1         24 System.Net.Http.HttpConnectionBase[]
7ffcf6433910       1         24 Microsoft.EntityFrameworkCore.Metadata.Internal.RelationalModel+<>c
7ffcf64646a0       1         24 System.Collections.Generic.GenericComparer<System.ValueTuple<System.String, System.String>>
7ffcf6468280       1         24 System.Linq.Enumerable+EnumerableSorter<System.Collections.Generic.KeyValuePair<System.ValueTuple<System.String, System.String>, Microsoft.EntityFrameworkCore.Metadata.Internal.Table>>+<>c
7ffcf64702d8       1         24 System.Collections.Generic.ObjectEqualityComparer<Microsoft.EntityFrameworkCore.Metadata.ITypeBase>
7ffcf64706f0       1         24 System.ValueTuple<Microsoft.EntityFrameworkCore.Metadata.ITypeBase, System.Boolean>[]
7ffcf6477598       1         24 Microsoft.EntityFrameworkCore.Metadata.KeyComparer
7ffcf6479bd0       1         24 Microsoft.EntityFrameworkCore.Metadata.Internal.UniqueConstraintComparer
7ffcf647b0f0       1         24 Microsoft.EntityFrameworkCore.Metadata.RuntimeTrigger[]
7ffcf647e628       1         24 Microsoft.EntityFrameworkCore.Metadata.IndexComparer
7ffcf647e8b8       1         24 Microsoft.EntityFrameworkCore.Metadata.Internal.TableIndexComparer
7ffcf6484ce8       1         24 System.Collections.Generic.ObjectEqualityComparer<Microsoft.EntityFrameworkCore.Metadata.Internal.Column>
7ffcf6485078       1         24 Microsoft.EntityFrameworkCore.Infrastructure.IAnnotation[]
7ffcf6486738       1         24 System.Collections.Generic.KeyValuePair<System.ValueTuple<System.String, System.String>, Microsoft.EntityFrameworkCore.Metadata.Internal.View>[]
7ffcf64878c8       1         24 System.Collections.Generic.KeyValuePair<System.String, Microsoft.EntityFrameworkCore.Metadata.Internal.SqlQuery>[]
7ffcf648da80       1         24 System.Collections.Generic.KeyValuePair<System.ValueTuple<System.String, System.String, System.Collections.Generic.IReadOnlyList<System.String>>, Microsoft.EntityFrameworkCore.Metadata.Internal.StoreFunction>[]
7ffcf648ec20       1         24 System.Collections.Generic.KeyValuePair<System.ValueTuple<System.String, System.String>, Microsoft.EntityFrameworkCore.Metadata.Internal.StoreStoredProcedure>[]
7ffcf648f508       1         24 Microsoft.EntityFrameworkCore.Metadata.ISqlQueryMapping[]
7ffcf6403510       1         24 Microsoft.EntityFrameworkCore.Query.RelationalQueryableMethodTranslatingExpressionVisitor+<>c
7ffcf64acde0       1         24 Microsoft.EntityFrameworkCore.Metadata.IFunctionMapping[]
7ffcf646f570       1         24 Microsoft.EntityFrameworkCore.Metadata.ITableMappingBase[]
7ffcf64ae7a8       1         24 Microsoft.EntityFrameworkCore.Metadata.IEntityType+<>c
7ffcf64afe58       1         24 Microsoft.EntityFrameworkCore.Metadata.Internal.ColumnMappingBase+<>c
7ffcf64b0af8       1         24 System.Collections.Generic.ObjectEqualityComparer<Microsoft.EntityFrameworkCore.Metadata.ITableBase>
7ffcf64b1760       1         24 System.Collections.Generic.ObjectEqualityComparer<Microsoft.EntityFrameworkCore.Metadata.INavigation>
7ffcf64b7290       1         24 Microsoft.EntityFrameworkCore.Query.RelationalStructuralTypeShaperExpression+<>c
7ffcf64c0f98       1         24 Microsoft.EntityFrameworkCore.Query.RelationalSqlTranslatingExpressionVisitor+<>c
7ffcf64f2828       1         24 Microsoft.EntityFrameworkCore.SqlServer.Query.Internal.SqlServerStringMethodTranslator+<>c
7ffcf64f9cc8       1         24 Microsoft.EntityFrameworkCore.Query.SqlExpressions.OuterApplyExpression[]
7ffcf64fc958       1         24 Microsoft.EntityFrameworkCore.Query.SqlExpressions.SelectExpression+<>c
7ffcf6545400       1         24 System.Collections.Generic.ObjectEqualityComparer<Microsoft.EntityFrameworkCore.Query.ProjectionBindingExpression>
7ffcf6562cf8       1         24 Microsoft.EntityFrameworkCore.Storage.Json.JsonNullReaderWriter
7ffcf65628b0       1         24 Microsoft.EntityFrameworkCore.Storage.RelationalTypeMapping+<>c
7ffcf6563a48       1         24 Microsoft.EntityFrameworkCore.Storage.ReaderColumn+<>c
7ffcf6545cf0       1         24 Microsoft.EntityFrameworkCore.Query.RelationalShapedQueryCompilingExpressionVisitor+ShaperProcessingExpressionVisitor+<>c
7ffcf6541110       1         24 Microsoft.EntityFrameworkCore.Query.RelationalShapedQueryCompilingExpressionVisitor+<>c
7ffcf53b5c78       1         24 Microsoft.EntityFrameworkCore.Migrations.MigrationsAnnotationProviderDependencies
7ffcf536e0f0       1         24 Microsoft.EntityFrameworkCore.SqlServer.Migrations.Internal.SqlServerMigrationsAnnotationProvider
7ffcf539ab08       1         24 Microsoft.EntityFrameworkCore.Update.Internal.RowIdentityMapFactory
7ffcf6e451f0       1         24 Order.Infrastructure.Entities.Promotion.PromotionItemModel[]
7ffcf6e46e80       1         24 Microsoft.EntityFrameworkCore.Query.Internal.SingleQueryingEnumerable<Order.Infrastructure.Entities.Promotion.PromotionItemModel>+Enumerator+<>c
7ffcf657ae00       1         24 Microsoft.EntityFrameworkCore.Query.Internal.RelationalCommandCache+<>c
7ffcf65a2670       1         24 System.Collections.Generic.ObjectEqualityComparer<Microsoft.EntityFrameworkCore.Query.SqlExpressions.SqlParameterExpression>
7ffcf65a2db0       1         24 Microsoft.EntityFrameworkCore.SqlServer.Query.Internal.ParametersCounter+<>c
7ffcf65aad50       1         24 System.Collections.Generic.EnumEqualityComparer<System.Linq.Expressions.ExpressionType>
7ffcf65b8068       1         24 System.Collections.Generic.ObjectEqualityComparer<Microsoft.EntityFrameworkCore.Query.SqlExpressions.ColumnExpression>
7ffcf6e45ba0       1         24 Microsoft.EntityFrameworkCore.Query.Internal.CompiledQueryCache+<>c__3<System.Collections.Generic.IEnumerable<Order.Infrastructure.Entities.Promotion.PromotionItemModel>>
7ffcf6577520       1         24 System.Threading.AsyncLocal<System.Transactions.ContextKey>
7ffcf65bd810       1         24 Microsoft.EntityFrameworkCore.SqlServer.Query.Internal.SqlServerQuerySqlGenerator+<>c__25<Microsoft.EntityFrameworkCore.Query.SqlExpressions.ProjectionExpression>
7ffcf65bc5a0       1         24 Microsoft.EntityFrameworkCore.Query.QuerySqlGenerator+<>c
7ffcf67dd370       1         24 System.Collections.Generic.ObjectEqualityComparer<Microsoft.Data.SqlClient.ConnectionPool.DbConnectionPoolKey>
7ffcf67f9b38       1         24 Microsoft.Data.SqlClient.SqlConfigurableRetryLogicManager+<>c
7ffcf6822398       1         24 System.Configuration.Internal.InternalConfigHost
7ffcf67f50c0       1         24 System.Collections.Generic.ObjectEqualityComparer<Microsoft.Data.SqlClient.ConnectionPool.DbConnectionPoolIdentity>
7ffcf6865478       1         24 System.Collections.Generic.GenericEqualityComparer<System.ValueTuple<System.String, Interop+BCrypt+BCryptOpenAlgorithmProviderFlags>>
7ffcf6865b48       1         24 System.Collections.Generic.EnumEqualityComparer<Interop+BCrypt+BCryptOpenAlgorithmProviderFlags>
7ffcf686a088       1         24 Microsoft.Data.SqlClient.SqlConfigurableRetryFactory+<>c
7ffcf8232808       1         24 System.Collections.Generic.ObjectEqualityComparer<Microsoft.Data.ProviderBase.DbConnectionInternal>
7ffcf6885140       1         24 System.Collections.Generic.ObjectEqualityComparer<Microsoft.Data.SqlClient.ConnectionPool.DbConnectionPoolAuthenticationContextKey>
7ffcf6885d60       1         24 System.Collections.Generic.ObjectEqualityComparer<System.Transactions.Transaction>
7ffcf688a180       1         24 Microsoft.Data.SqlClient.TdsParserStateObjectFactory
7ffcf688ed20       1         24 Interop.Windows.Sni.SniNativeMethods
7ffcf6892c08       1         24 Microsoft.Data.SqlClient.SNIPacket[]
7ffcf68b0ea8       1         24 Microsoft.Data.SqlClient.SQLFallbackDNSCache
7ffcf81f4378       1         24 System.Threading.AsyncLocal<System.Diagnostics.Tracing.ActivityTracker+ActivityInfo>
7ffcf694fbc0       1         24 System.Collections.Generic.GenericEqualityComparer<System.Char>
7ffcf69711d0       1         24 Microsoft.EntityFrameworkCore.Query.ShapedQueryCompilingExpressionVisitor+StructuralTypeMaterializerInjector+<>c
7ffcf6972150       1         24 Microsoft.EntityFrameworkCore.Metadata.RuntimePropertyBase+<>c
7ffcf63cf618       1         24 Microsoft.EntityFrameworkCore.Metadata.RuntimeEntityType+<>c
7ffcf6976740       1         24 Microsoft.EntityFrameworkCore.Metadata.RuntimeServiceProperty[]
7ffcf6977cf8       1         24 Microsoft.EntityFrameworkCore.ChangeTracking.Internal.Snapshot
7ffcf697bec0       1         24 Microsoft.EntityFrameworkCore.Query.Internal.StructuralTypeMaterializerSource+<>c
7ffcf697dbf0       1         24 Microsoft.EntityFrameworkCore.Metadata.IComplexProperty[]
7ffcf697df30       1         24 Microsoft.EntityFrameworkCore.Metadata.IServiceProperty[]
7ffcf6982310       1         24 Microsoft.EntityFrameworkCore.Metadata.IComplexType[]
7ffcf633df30       1         24 System.Collections.ObjectModel.ReadOnlyCollection<System.Linq.Expressions.SwitchCase>
7ffcf64b6fd0       1         24 System.Linq.Expressions.SwitchCase[]
7ffcf69a1cb8       1         24 Microsoft.EntityFrameworkCore.Storage.ValueBuffer+<>c
7ffcf69a7108       1         24 System.Dynamic.Utils.TypeUtils+<>c
7ffcf69bbec8       1         24 Microsoft.EntityFrameworkCore.Query.Internal.CompiledQueryCache+<>c__3<System.Collections.Generic.IEnumerable<Order.Infrastructure.Entities.SubOrderModels.SubOrderModel>>
7ffcf69c4630       1         24 System.Collections.Generic.GenericEqualityComparer<System.ValueTuple<Microsoft.EntityFrameworkCore.Metadata.IForeignKey, System.Boolean>>
7ffcf69f4340       1         24 System.Collections.Generic.ObjectEqualityComparer<Microsoft.EntityFrameworkCore.Query.StructuralTypeProjectionExpression>
7ffcf6a082f0       1         24 System.Collections.Generic.ObjectEqualityComparer<Microsoft.EntityFrameworkCore.Query.Internal.TpcTablesExpression>
7ffcf6a10728       1         24 Microsoft.EntityFrameworkCore.ChangeTracking.ValueComparer[]
7ffcf6a11358       1         24 System.Collections.Generic.ObjectEqualityComparer<Microsoft.EntityFrameworkCore.Query.SqlExpressions.SqlExpression>
7ffcf6a16ee8       1         24 System.Collections.Generic.ObjectEqualityComparer<Microsoft.EntityFrameworkCore.Metadata.IComplexProperty>
7ffcf6a18d80       1         24 System.Buffers.SharedArrayPool<Microsoft.EntityFrameworkCore.Query.SqlExpressions.ProjectionExpression>+<>c
7ffcf6a1a910       1         24 Microsoft.EntityFrameworkCore.Metadata.RuntimeNavigation+<>c
7ffcf6a1b088       1         24 Microsoft.EntityFrameworkCore.Metadata.Internal.ClrCollectionAccessorFactory
7ffcf6a1cbe8       1         24 Microsoft.EntityFrameworkCore.Metadata.Internal.CollectionTypeFactory
7ffcf6a40318       1         24 System.Buffers.SharedArrayPool<System.Linq.Expressions.Expression>+<>c
7ffcf6bc3338       1         24 Microsoft.EntityFrameworkCore.Query.Internal.SplitQueryingEnumerable<Order.Infrastructure.Entities.SubOrderModels.SubOrderModel>+Enumerator+<>c
7ffcf6bc47e0       1         24 Microsoft.EntityFrameworkCore.Query.QuerySqlGenerator+<>c__53<Microsoft.EntityFrameworkCore.Query.SqlExpressions.OrderingExpression>
7ffcf68f3868       1         24 System.Data.SqlTypes.SqlBinary
7ffcf6a4c700       1         24 System.Collections.Generic.ObjectEqualityComparer<Order.Infrastructure.Entities.SubOrderModels.SubOrderRemarkModel>
7ffcf6a4f338       1         24 System.Collections.Generic.ObjectEqualityComparer<Order.Infrastructure.Entities.SubOrderModels.SubOrderPromotionModel>
7ffcf6ac8ad0       1         24 System.Collections.Generic.ObjectEqualityComparer<Order.Infrastructure.Entities.SubOrderModels.SubOrderFeeModel>
7ffcf6bc5eb8       1         24 Microsoft.EntityFrameworkCore.Metadata.INavigationBase+<>c
7ffcf6a323d0       1         24 System.Collections.Generic.ObjectEqualityComparer<Order.Infrastructure.Entities.SubOrderModels.SubOrderAddressModel>
7ffcf6a49fa8       1         24 System.Collections.Generic.ObjectEqualityComparer<Order.Infrastructure.Entities.SubOrderModels.SubOrderItemModel>
7ffcf6bcaa78       1         24 Microsoft.EntityFrameworkCore.Query.RelationalShapedQueryCompilingExpressionVisitor+ShaperProcessingExpressionVisitor+<>c__26<Order.Infrastructure.Entities.SubOrderModels.SubOrderModel, Order.Infrastructure.Entities.SubOrderModels.SubOrderAddressModel>
7ffcf6e4a9a8       1         24 System.Collections.Generic.EnumEqualityComparer<Order.Business.EnumConfig.StatusCodeEnum>
7ffcf6bf1060       1         24 Microsoft.EntityFrameworkCore.Query.RelationalShapedQueryCompilingExpressionVisitor+ShaperProcessingExpressionVisitor+<>c__26<Order.Infrastructure.Entities.SubOrderModels.SubOrderModel, Order.Infrastructure.Entities.SubOrderModels.SubOrderItemModel>
7ffcf6e4bbe8       1         24 System.Text.Json.Serialization.Metadata.ReflectionEmitCachingMemberAccessor+Cache<System.ValueTuple<System.String, System.Type, System.Reflection.MemberInfo>>+<>c__6<System.Func<System.Object, System.Collections.Generic.List<System.String>>>
7ffcf6e4c3e0       1         24 System.Text.Json.Serialization.Metadata.ReflectionEmitCachingMemberAccessor+Cache<System.ValueTuple<System.String, System.Type, System.Reflection.MemberInfo>>+<>c__6<System.Action<System.Object, System.Collections.Generic.List<System.String>>>
7ffcf6e4d318       1         24 System.Text.Json.Serialization.Metadata.ReflectionEmitCachingMemberAccessor+Cache<System.ValueTuple<System.String, System.Type, System.Reflection.MemberInfo>>+<>c__6<System.Func<System.Object, System.DateTime>>
7ffcf6e4dab0       1         24 System.Text.Json.Serialization.Metadata.ReflectionEmitCachingMemberAccessor+Cache<System.ValueTuple<System.String, System.Type, System.Reflection.MemberInfo>>+<>c__6<System.Action<System.Object, System.DateTime>>
7ffcf6e505c8       1         24 System.Text.Json.Serialization.Metadata.ReflectionEmitCachingMemberAccessor+Cache<System.ValueTuple<System.String, System.Type, System.Reflection.MemberInfo>>+<>c__6<System.Func<System.Object, System.Collections.Generic.List<CommonApiMessage.AggregatesModel.SubOrderMessage.SubOrderMessageRemarkViewModel>>>
7ffcf6e50dc0       1         24 System.Text.Json.Serialization.Metadata.ReflectionEmitCachingMemberAccessor+Cache<System.ValueTuple<System.String, System.Type, System.Reflection.MemberInfo>>+<>c__6<System.Action<System.Object, System.Collections.Generic.List<CommonApiMessage.AggregatesModel.SubOrderMessage.SubOrderMessageRemarkViewModel>>>
7ffcf6e51780       1         24 System.Text.Json.Serialization.Metadata.ReflectionEmitCachingMemberAccessor+Cache<System.ValueTuple<System.String, System.Type, System.Reflection.MemberInfo>>+<>c__6<System.Func<System.Object, System.Collections.Generic.List<CommonApiMessage.AggregatesModel.SubOrderMessage.SubOrderMessageAddressViewModel>>>
7ffcf6e53a20       1         24 System.Text.Json.Serialization.Metadata.ReflectionEmitCachingMemberAccessor+Cache<System.ValueTuple<System.String, System.Type, System.Reflection.MemberInfo>>+<>c__6<System.Action<System.Object, System.Collections.Generic.List<CommonApiMessage.AggregatesModel.SubOrderMessage.SubOrderMessageAddressViewModel>>>
7ffcf6e54438       1         24 System.Text.Json.Serialization.Metadata.ReflectionEmitCachingMemberAccessor+Cache<System.ValueTuple<System.String, System.Type, System.Reflection.MemberInfo>>+<>c__6<System.Func<System.Object, System.Collections.Generic.List<CommonApiMessage.AggregatesModel.SubOrderMessage.SubOrderMessageItemViewModel>>>
7ffcf6e54ba8       1         24 System.Text.Json.Serialization.Metadata.ReflectionEmitCachingMemberAccessor+Cache<System.ValueTuple<System.String, System.Type, System.Reflection.MemberInfo>>+<>c__6<System.Action<System.Object, System.Collections.Generic.List<CommonApiMessage.AggregatesModel.SubOrderMessage.SubOrderMessageItemViewModel>>>
7ffcf6e52068       1         24 System.Text.Json.Serialization.Metadata.ReflectionEmitCachingMemberAccessor+Cache<System.ValueTuple<System.String, System.Type, System.Reflection.MemberInfo>>+<>c__6<System.Func<System.Object, System.Collections.Generic.List<CommonApiMessage.AggregatesModel.OrderMessage.OrderMessagePaymentViewModel>>>
7ffcf6e52840       1         24 System.Text.Json.Serialization.Metadata.ReflectionEmitCachingMemberAccessor+Cache<System.ValueTuple<System.String, System.Type, System.Reflection.MemberInfo>>+<>c__6<System.Action<System.Object, System.Collections.Generic.List<CommonApiMessage.AggregatesModel.OrderMessage.OrderMessagePaymentViewModel>>>
7ffcf6e53200       1         24 System.Text.Json.Serialization.Metadata.ReflectionEmitCachingMemberAccessor+Cache<System.ValueTuple<System.String, System.Type, System.Reflection.MemberInfo>>+<>c__6<System.Func<System.Object, System.Collections.Generic.List<CommonApiMessage.AggregatesModel.OrderMessage.OrderMessageCustomerViewModel>>>
7ffcf6e559b0       1         24 System.Text.Json.Serialization.Metadata.ReflectionEmitCachingMemberAccessor+Cache<System.ValueTuple<System.String, System.Type, System.Reflection.MemberInfo>>+<>c__6<System.Action<System.Object, System.Collections.Generic.List<CommonApiMessage.AggregatesModel.OrderMessage.OrderMessageCustomerViewModel>>>
7ffcf6e562f0       1         24 System.Text.Json.Serialization.Metadata.ReflectionEmitCachingMemberAccessor+Cache<System.ValueTuple<System.String, System.Type, System.Reflection.MemberInfo>>+<>c__6<System.Func<System.Object, System.Collections.Generic.List<CommonApiMessage.AggregatesModel.OrderMessage.OrderMessageItemViewModel>>>
7ffcf6e56a78       1         24 System.Text.Json.Serialization.Metadata.ReflectionEmitCachingMemberAccessor+Cache<System.ValueTuple<System.String, System.Type, System.Reflection.MemberInfo>>+<>c__6<System.Action<System.Object, System.Collections.Generic.List<CommonApiMessage.AggregatesModel.OrderMessage.OrderMessageItemViewModel>>>
7ffcf6a45188       1         24 System.Collections.Generic.ObjectEqualityComparer<Order.Infrastructure.Entities.SubOrderModels.SubOrderItemRemarkModel>
7ffcf6a42a30       1         24 System.Collections.Generic.ObjectEqualityComparer<Order.Infrastructure.Entities.SubOrderModels.SubOrderItemPayModel>
7ffcf6e573b8       1         24 System.Text.Json.Serialization.Metadata.ReflectionEmitCachingMemberAccessor+Cache<System.ValueTuple<System.String, System.Type, System.Reflection.MemberInfo>>+<>c__6<System.Func<System.Object, System.Collections.Generic.List<CommonApiMessage.AggregatesModel.OrderMessage.OrderMessagePromotionViewModel>>>
7ffcf6e57b40       1         24 System.Text.Json.Serialization.Metadata.ReflectionEmitCachingMemberAccessor+Cache<System.ValueTuple<System.String, System.Type, System.Reflection.MemberInfo>>+<>c__6<System.Action<System.Object, System.Collections.Generic.List<CommonApiMessage.AggregatesModel.OrderMessage.OrderMessagePromotionViewModel>>>
7ffcf6e58480       1         24 System.Text.Json.Serialization.Metadata.ReflectionEmitCachingMemberAccessor+Cache<System.ValueTuple<System.String, System.Type, System.Reflection.MemberInfo>>+<>c__6<System.Func<System.Object, System.Collections.Generic.List<CommonApiMessage.AggregatesModel.SubOrderMessage.SubOrderMessagePromotionViewModel>>>
7ffcf6e58c08       1         24 System.Text.Json.Serialization.Metadata.ReflectionEmitCachingMemberAccessor+Cache<System.ValueTuple<System.String, System.Type, System.Reflection.MemberInfo>>+<>c__6<System.Action<System.Object, System.Collections.Generic.List<CommonApiMessage.AggregatesModel.SubOrderMessage.SubOrderMessagePromotionViewModel>>>
7ffcf6e595b8       1         24 System.Text.Json.Serialization.Metadata.ReflectionEmitCachingMemberAccessor+Cache<System.ValueTuple<System.String, System.Type, System.Reflection.MemberInfo>>+<>c__6<System.Func<System.Object, System.Collections.Generic.List<CommonApiMessage.AggregatesModel.SubOrderMessage.SubOrderMessageFeeViewModel>>>
7ffcf6e59db0       1         24 System.Text.Json.Serialization.Metadata.ReflectionEmitCachingMemberAccessor+Cache<System.ValueTuple<System.String, System.Type, System.Reflection.MemberInfo>>+<>c__6<System.Action<System.Object, System.Collections.Generic.List<CommonApiMessage.AggregatesModel.SubOrderMessage.SubOrderMessageFeeViewModel>>>
7ffcf6e5c388       1         24 System.Text.Json.Serialization.Metadata.ReflectionEmitCachingMemberAccessor+Cache<System.ValueTuple<System.String, System.Type, System.Reflection.MemberInfo>>+<>c__6<System.Func<System.Object, System.Collections.Generic.List<CommonApiMessage.AggregatesModel.Package.PackageInfoMessageViewModel>>>
7ffcf6a37548       1         24 System.Collections.Generic.ObjectEqualityComparer<Order.Infrastructure.Entities.SubOrderModels.SubOrderItemTaxModel>
7ffcf6bf3518       1         24 Microsoft.EntityFrameworkCore.Query.RelationalShapedQueryCompilingExpressionVisitor+ShaperProcessingExpressionVisitor+<>c__26<Order.Infrastructure.Entities.SubOrderModels.SubOrderItemAmtDtlModel, Order.Infrastructure.Entities.SubOrderModels.SubOrderItemTaxModel>
7ffcf6e5cb80       1         24 System.Text.Json.Serialization.Metadata.ReflectionEmitCachingMemberAccessor+Cache<System.ValueTuple<System.String, System.Type, System.Reflection.MemberInfo>>+<>c__6<System.Action<System.Object, System.Collections.Generic.List<CommonApiMessage.AggregatesModel.Package.PackageInfoMessageViewModel>>>
7ffcf6e5d540       1         24 System.Text.Json.Serialization.Metadata.ReflectionEmitCachingMemberAccessor+Cache<System.ValueTuple<System.String, System.Type, System.Reflection.MemberInfo>>+<>c__6<System.Func<System.Object, System.Collections.Generic.List<CommonApiMessage.AggregatesModel.OrderMessage.OrderMessageAddressViewModel>>>
7ffcf6e5dd38       1         24 System.Text.Json.Serialization.Metadata.ReflectionEmitCachingMemberAccessor+Cache<System.ValueTuple<System.String, System.Type, System.Reflection.MemberInfo>>+<>c__6<System.Action<System.Object, System.Collections.Generic.List<CommonApiMessage.AggregatesModel.OrderMessage.OrderMessageAddressViewModel>>>
7ffcf6e5e6f8       1         24 System.Text.Json.Serialization.Metadata.ReflectionEmitCachingMemberAccessor+Cache<System.ValueTuple<System.String, System.Type, System.Reflection.MemberInfo>>+<>c__6<System.Func<System.Object, System.Collections.Generic.List<CommonApiMessage.AggregatesModel.Package.PackageTbMessage>>>
7ffcf6e5eef0       1         24 System.Text.Json.Serialization.Metadata.ReflectionEmitCachingMemberAccessor+Cache<System.ValueTuple<System.String, System.Type, System.Reflection.MemberInfo>>+<>c__6<System.Action<System.Object, System.Collections.Generic.List<CommonApiMessage.AggregatesModel.Package.PackageTbMessage>>>
7ffcf6e6a840       1         24 System.Text.Json.Serialization.Metadata.ReflectionEmitCachingMemberAccessor+Cache<System.ValueTuple<System.String, System.Type, System.Reflection.MemberInfo>>+<>c__6<System.Func<System.Object, System.Decimal>>
7ffcf6e6afd0       1         24 System.Text.Json.Serialization.Metadata.ReflectionEmitCachingMemberAccessor+Cache<System.ValueTuple<System.String, System.Type, System.Reflection.MemberInfo>>+<>c__6<System.Action<System.Object, System.Decimal>>
7ffcf6bf3758       1         24 Microsoft.EntityFrameworkCore.Query.RelationalShapedQueryCompilingExpressionVisitor+ShaperProcessingExpressionVisitor+<>c__26<Order.Infrastructure.Entities.SubOrderModels.SubOrderItemFulFillmentModel, Order.Infrastructure.Entities.SubOrderModels.SubOrderItemDeliveryWindowModel>
7ffcf6e6fa40       1         24 System.Text.Json.Serialization.Metadata.ReflectionEmitCachingMemberAccessor+Cache<System.ValueTuple<System.String, System.Type, System.Reflection.MemberInfo>>+<>c__6<System.Func<System.Object, System.Int64>>
7ffcf6e70328       1         24 System.Text.Json.Serialization.Metadata.ReflectionEmitCachingMemberAccessor+Cache<System.ValueTuple<System.String, System.Type, System.Reflection.MemberInfo>>+<>c__6<System.Action<System.Object, System.Int64>>
7ffcf6e719d0       1         24 System.Text.Json.Serialization.Metadata.ReflectionEmitCachingMemberAccessor+Cache<System.ValueTuple<System.String, System.Type, System.Reflection.MemberInfo>>+<>c__6<System.Func<System.Object, System.Nullable<System.Int64>>>
7ffcf6e73d78       1         24 System.Text.Json.Serialization.Metadata.ReflectionEmitCachingMemberAccessor+Cache<System.ValueTuple<System.String, System.Type, System.Reflection.MemberInfo>>+<>c__6<System.Action<System.Object, System.Nullable<System.Int64>>>
7ffcf6e76878       1         24 System.Text.Json.Serialization.Metadata.ReflectionEmitCachingMemberAccessor+Cache<System.ValueTuple<System.String, System.Type, System.Reflection.MemberInfo>>+<>c__6<System.Func<System.Object, CommonApiMessage.AggregatesModel.SubOrderMessage.SubOrderMessageItemPromotionViewModel>>
7ffcf6e77070       1         24 System.Text.Json.Serialization.Metadata.ReflectionEmitCachingMemberAccessor+Cache<System.ValueTuple<System.String, System.Type, System.Reflection.MemberInfo>>+<>c__6<System.Action<System.Object, CommonApiMessage.AggregatesModel.SubOrderMessage.SubOrderMessageItemPromotionViewModel>>
7ffcf6e77a30       1         24 System.Text.Json.Serialization.Metadata.ReflectionEmitCachingMemberAccessor+Cache<System.ValueTuple<System.String, System.Type, System.Reflection.MemberInfo>>+<>c__6<System.Func<System.Object, CommonApiMessage.AggregatesModel.SubOrderMessage.SubOrderMessageItemFulFillmentViewModel>>
7ffcf6e78228       1         24 System.Text.Json.Serialization.Metadata.ReflectionEmitCachingMemberAccessor+Cache<System.ValueTuple<System.String, System.Type, System.Reflection.MemberInfo>>+<>c__6<System.Action<System.Object, CommonApiMessage.AggregatesModel.SubOrderMessage.SubOrderMessageItemFulFillmentViewModel>>
7ffcf6e78be8       1         24 System.Text.Json.Serialization.Metadata.ReflectionEmitCachingMemberAccessor+Cache<System.ValueTuple<System.String, System.Type, System.Reflection.MemberInfo>>+<>c__6<System.Func<System.Object, System.Collections.Generic.List<CommonApiMessage.AggregatesModel.SubOrderMessage.SubOrderMessageItemRemarkViewModel>>>
7ffcf6e793e0       1         24 System.Text.Json.Serialization.Metadata.ReflectionEmitCachingMemberAccessor+Cache<System.ValueTuple<System.String, System.Type, System.Reflection.MemberInfo>>+<>c__6<System.Action<System.Object, System.Collections.Generic.List<CommonApiMessage.AggregatesModel.SubOrderMessage.SubOrderMessageItemRemarkViewModel>>>
7ffcf6e79da0       1         24 System.Text.Json.Serialization.Metadata.ReflectionEmitCachingMemberAccessor+Cache<System.ValueTuple<System.String, System.Type, System.Reflection.MemberInfo>>+<>c__6<System.Func<System.Object, CommonApiMessage.AggregatesModel.SubOrderMessage.SubOrderMessageItemAmountViewModel>>
7ffcf6e7a598       1         24 System.Text.Json.Serialization.Metadata.ReflectionEmitCachingMemberAccessor+Cache<System.ValueTuple<System.String, System.Type, System.Reflection.MemberInfo>>+<>c__6<System.Action<System.Object, CommonApiMessage.AggregatesModel.SubOrderMessage.SubOrderMessageItemAmountViewModel>>
7ffcf6e7af58       1         24 System.Text.Json.Serialization.Metadata.ReflectionEmitCachingMemberAccessor+Cache<System.ValueTuple<System.String, System.Type, System.Reflection.MemberInfo>>+<>c__6<System.Func<System.Object, System.Collections.Generic.List<CommonApiMessage.AggregatesModel.SubOrderMessage.SubOrderMessageItemPaymentViewModel>>>
7ffcf6e7b750       1         24 System.Text.Json.Serialization.Metadata.ReflectionEmitCachingMemberAccessor+Cache<System.ValueTuple<System.String, System.Type, System.Reflection.MemberInfo>>+<>c__6<System.Action<System.Object, System.Collections.Generic.List<CommonApiMessage.AggregatesModel.SubOrderMessage.SubOrderMessageItemPaymentViewModel>>>
7ffcf6e7c110       1         24 System.Text.Json.Serialization.Metadata.ReflectionEmitCachingMemberAccessor+Cache<System.ValueTuple<System.String, System.Type, System.Reflection.MemberInfo>>+<>c__6<System.Func<System.Object, System.Collections.Generic.List<CommonApiMessage.AggregatesModel.SubOrderMessage.SubOrderMessageItemSubBarcodeViewModel>>>
7ffcf6e7c908       1         24 System.Text.Json.Serialization.Metadata.ReflectionEmitCachingMemberAccessor+Cache<System.ValueTuple<System.String, System.Type, System.Reflection.MemberInfo>>+<>c__6<System.Action<System.Object, System.Collections.Generic.List<CommonApiMessage.AggregatesModel.SubOrderMessage.SubOrderMessageItemSubBarcodeViewModel>>>
7ffcf6e7d2c8       1         24 System.Text.Json.Serialization.Metadata.ReflectionEmitCachingMemberAccessor+Cache<System.ValueTuple<System.String, System.Type, System.Reflection.MemberInfo>>+<>c__6<System.Func<System.Object, System.Collections.Generic.List<CommonApiMessage.AggregatesModel.SubOrderMessage.SubOrderMessageItemPromotionsViewModel>>>
7ffcf6e7dac0       1         24 System.Text.Json.Serialization.Metadata.ReflectionEmitCachingMemberAccessor+Cache<System.ValueTuple<System.String, System.Type, System.Reflection.MemberInfo>>+<>c__6<System.Action<System.Object, System.Collections.Generic.List<CommonApiMessage.AggregatesModel.SubOrderMessage.SubOrderMessageItemPromotionsViewModel>>>
7ffcf6e93d70       1         24 System.Text.Json.Serialization.Metadata.ReflectionEmitCachingMemberAccessor+Cache<System.ValueTuple<System.String, System.Type, System.Reflection.MemberInfo>>+<>c__6<System.Func<System.Object, System.Nullable<System.Decimal>>>
7ffcf6e94500       1         24 System.Text.Json.Serialization.Metadata.ReflectionEmitCachingMemberAccessor+Cache<System.ValueTuple<System.String, System.Type, System.Reflection.MemberInfo>>+<>c__6<System.Action<System.Object, System.Nullable<System.Decimal>>>
7ffcf6e97900       1         24 System.Text.Json.Serialization.Metadata.ReflectionEmitCachingMemberAccessor+Cache<System.ValueTuple<System.String, System.Type, System.Reflection.MemberInfo>>+<>c__6<System.Func<System.Object, System.Nullable<System.DateTime>>>
7ffcf6e98090       1         24 System.Text.Json.Serialization.Metadata.ReflectionEmitCachingMemberAccessor+Cache<System.ValueTuple<System.String, System.Type, System.Reflection.MemberInfo>>+<>c__6<System.Action<System.Object, System.Nullable<System.DateTime>>>
7ffcf6e98f78       1         24 System.Text.Json.Serialization.Metadata.ReflectionEmitCachingMemberAccessor+Cache<System.ValueTuple<System.String, System.Type, System.Reflection.MemberInfo>>+<>c__6<System.Func<System.Object, System.Collections.Generic.List<CommonApiMessage.AggregatesModel.SubOrderMessage.SubOrderMessageItemDeliveryWindowViewModel>>>
7ffcf6e99770       1         24 System.Text.Json.Serialization.Metadata.ReflectionEmitCachingMemberAccessor+Cache<System.ValueTuple<System.String, System.Type, System.Reflection.MemberInfo>>+<>c__6<System.Action<System.Object, System.Collections.Generic.List<CommonApiMessage.AggregatesModel.SubOrderMessage.SubOrderMessageItemDeliveryWindowViewModel>>>
7ffcf6bf3878       1         24 Microsoft.EntityFrameworkCore.Query.RelationalShapedQueryCompilingExpressionVisitor+ShaperProcessingExpressionVisitor+<>c__26<Order.Infrastructure.Entities.SubOrderModels.SubOrderItemModel, Order.Infrastructure.Entities.SubOrderModels.SubOrderItemPromotionsModel>
7ffcf6e9bd48       1         24 System.Text.Json.Serialization.Metadata.ReflectionEmitCachingMemberAccessor+Cache<System.ValueTuple<System.String, System.Type, System.Reflection.MemberInfo>>+<>c__6<System.Func<System.Object, System.Collections.Generic.List<CommonApiMessage.AggregatesModel.SubOrderMessage.SubOrderMessageItemFulFillmentServiceTypeViewModel>>>
7ffcf6e9c540       1         24 System.Text.Json.Serialization.Metadata.ReflectionEmitCachingMemberAccessor+Cache<System.ValueTuple<System.String, System.Type, System.Reflection.MemberInfo>>+<>c__6<System.Action<System.Object, System.Collections.Generic.List<CommonApiMessage.AggregatesModel.SubOrderMessage.SubOrderMessageItemFulFillmentServiceTypeViewModel>>>
7ffcf6eb4720       1         24 System.Text.Json.Serialization.Metadata.ReflectionEmitCachingMemberAccessor+Cache<System.ValueTuple<System.String, System.Type, System.Reflection.MemberInfo>>+<>c__6<System.Func<System.Object, CommonApiMessage.AggregatesModel.SubOrderMessage.SubOrderMessageItemAmountDetailViewModel>>
7ffcf6eb4f18       1         24 System.Text.Json.Serialization.Metadata.ReflectionEmitCachingMemberAccessor+Cache<System.ValueTuple<System.String, System.Type, System.Reflection.MemberInfo>>+<>c__6<System.Action<System.Object, CommonApiMessage.AggregatesModel.SubOrderMessage.SubOrderMessageItemAmountDetailViewModel>>
7ffcf6eb6170       1         24 System.Text.Json.Serialization.Metadata.ReflectionEmitCachingMemberAccessor+Cache<System.ValueTuple<System.String, System.Type, System.Reflection.MemberInfo>>+<>c__6<System.Func<System.Object, System.Collections.Generic.List<CommonApiMessage.AggregatesModel.SubOrderMessage.SubOrderMessageItemTaxViewModel>>>
7ffcf6eb6968       1         24 System.Text.Json.Serialization.Metadata.ReflectionEmitCachingMemberAccessor+Cache<System.ValueTuple<System.String, System.Type, System.Reflection.MemberInfo>>+<>c__6<System.Action<System.Object, System.Collections.Generic.List<CommonApiMessage.AggregatesModel.SubOrderMessage.SubOrderMessageItemTaxViewModel>>>
7ffcf6ec19c8       1         24 System.Text.Json.Serialization.Metadata.ReflectionEmitCachingMemberAccessor+Cache<System.ValueTuple<System.String, System.Type, System.Reflection.MemberInfo>>+<>c__6<System.Func<System.Object, System.Collections.Generic.List<CommonApiMessage.AggregatesModel.OrderMessage.OrderMessagePaymentTransactionViewModel>>>
7ffcf6ec21c0       1         24 System.Text.Json.Serialization.Metadata.ReflectionEmitCachingMemberAccessor+Cache<System.ValueTuple<System.String, System.Type, System.Reflection.MemberInfo>>+<>c__6<System.Action<System.Object, System.Collections.Generic.List<CommonApiMessage.AggregatesModel.OrderMessage.OrderMessagePaymentTransactionViewModel>>>
7ffcf6bf3c48       1         24 Microsoft.EntityFrameworkCore.Query.RelationalShapedQueryCompilingExpressionVisitor+ShaperProcessingExpressionVisitor+<>c__26<Order.Infrastructure.Entities.SubOrderModels.SubOrderItemModel, Order.Infrastructure.Entities.SubOrderModels.SubOrderItemPayModel>
7ffcf6ecd798       1         24 System.Text.Json.Serialization.Metadata.ReflectionEmitCachingMemberAccessor+Cache<System.ValueTuple<System.String, System.Type, System.Reflection.MemberInfo>>+<>c__6<System.Func<System.Object, CommonApiMessage.AggregatesModel.OrderMessage.OrderMessageItemFulFillmentViewModel>>
7ffcf6ecdf90       1         24 System.Text.Json.Serialization.Metadata.ReflectionEmitCachingMemberAccessor+Cache<System.ValueTuple<System.String, System.Type, System.Reflection.MemberInfo>>+<>c__6<System.Action<System.Object, CommonApiMessage.AggregatesModel.OrderMessage.OrderMessageItemFulFillmentViewModel>>
7ffcf6ece950       1         24 System.Text.Json.Serialization.Metadata.ReflectionEmitCachingMemberAccessor+Cache<System.ValueTuple<System.String, System.Type, System.Reflection.MemberInfo>>+<>c__6<System.Func<System.Object, System.Collections.Generic.List<CommonApiMessage.AggregatesModel.OrderMessage.OrderMessageItemRemarkViewModel>>>
7ffcf6ecf148       1         24 System.Text.Json.Serialization.Metadata.ReflectionEmitCachingMemberAccessor+Cache<System.ValueTuple<System.String, System.Type, System.Reflection.MemberInfo>>+<>c__6<System.Action<System.Object, System.Collections.Generic.List<CommonApiMessage.AggregatesModel.OrderMessage.OrderMessageItemRemarkViewModel>>>
7ffcf6ecfb08       1         24 System.Text.Json.Serialization.Metadata.ReflectionEmitCachingMemberAccessor+Cache<System.ValueTuple<System.String, System.Type, System.Reflection.MemberInfo>>+<>c__6<System.Func<System.Object, CommonApiMessage.AggregatesModel.OrderMessage.OrderMessageItemAmountViewModel>>
7ffcf6ed0300       1         24 System.Text.Json.Serialization.Metadata.ReflectionEmitCachingMemberAccessor+Cache<System.ValueTuple<System.String, System.Type, System.Reflection.MemberInfo>>+<>c__6<System.Action<System.Object, CommonApiMessage.AggregatesModel.OrderMessage.OrderMessageItemAmountViewModel>>
7ffcf6ed0cc0       1         24 System.Text.Json.Serialization.Metadata.ReflectionEmitCachingMemberAccessor+Cache<System.ValueTuple<System.String, System.Type, System.Reflection.MemberInfo>>+<>c__6<System.Func<System.Object, System.Collections.Generic.List<CommonApiMessage.AggregatesModel.OrderMessage.OrderMessageItemPaymentViewModel>>>
7ffcf6ed14b8       1         24 System.Text.Json.Serialization.Metadata.ReflectionEmitCachingMemberAccessor+Cache<System.ValueTuple<System.String, System.Type, System.Reflection.MemberInfo>>+<>c__6<System.Action<System.Object, System.Collections.Generic.List<CommonApiMessage.AggregatesModel.OrderMessage.OrderMessageItemPaymentViewModel>>>
7ffcf6ed1e78       1         24 System.Text.Json.Serialization.Metadata.ReflectionEmitCachingMemberAccessor+Cache<System.ValueTuple<System.String, System.Type, System.Reflection.MemberInfo>>+<>c__6<System.Func<System.Object, System.Collections.Generic.List<CommonApiMessage.AggregatesModel.OrderMessage.OrderMessageSubBarcodeViewModel>>>
7ffcf6ed2670       1         24 System.Text.Json.Serialization.Metadata.ReflectionEmitCachingMemberAccessor+Cache<System.ValueTuple<System.String, System.Type, System.Reflection.MemberInfo>>+<>c__6<System.Action<System.Object, System.Collections.Generic.List<CommonApiMessage.AggregatesModel.OrderMessage.OrderMessageSubBarcodeViewModel>>>
7ffcf6ed3030       1         24 System.Text.Json.Serialization.Metadata.ReflectionEmitCachingMemberAccessor+Cache<System.ValueTuple<System.String, System.Type, System.Reflection.MemberInfo>>+<>c__6<System.Func<System.Object, CommonApiMessage.AggregatesModel.OrderMessage.OrderMessageItemPromotionViewModel>>
7ffcf6ed3828       1         24 System.Text.Json.Serialization.Metadata.ReflectionEmitCachingMemberAccessor+Cache<System.ValueTuple<System.String, System.Type, System.Reflection.MemberInfo>>+<>c__6<System.Action<System.Object, CommonApiMessage.AggregatesModel.OrderMessage.OrderMessageItemPromotionViewModel>>
7ffcf6ed41e8       1         24 System.Text.Json.Serialization.Metadata.ReflectionEmitCachingMemberAccessor+Cache<System.ValueTuple<System.String, System.Type, System.Reflection.MemberInfo>>+<>c__6<System.Func<System.Object, System.Collections.Generic.List<CommonApiMessage.AggregatesModel.OrderMessage.OrderMessageItemPromotionsViewModel>>>
7ffcf6ed49e0       1         24 System.Text.Json.Serialization.Metadata.ReflectionEmitCachingMemberAccessor+Cache<System.ValueTuple<System.String, System.Type, System.Reflection.MemberInfo>>+<>c__6<System.Action<System.Object, System.Collections.Generic.List<CommonApiMessage.AggregatesModel.OrderMessage.OrderMessageItemPromotionsViewModel>>>
7ffcf6bf3ae8       1         24 Microsoft.EntityFrameworkCore.Query.RelationalShapedQueryCompilingExpressionVisitor+ShaperProcessingExpressionVisitor+<>c__26<Order.Infrastructure.Entities.SubOrderModels.SubOrderItemPayModel, Order.Infrastructure.Entities.SubOrderModels.SubOrderItemTaxModel>
7ffcf6ed7850       1         24 System.Text.Json.Serialization.Metadata.ReflectionEmitCachingMemberAccessor+Cache<System.ValueTuple<System.String, System.Type, System.Reflection.MemberInfo>>+<>c__6<System.Func<System.Object, System.Collections.Generic.List<CommonApiMessage.AggregatesModel.OrderMessage.OrderMessageItemDeliveryWindowViewModel>>>
7ffcf6ed8048       1         24 System.Text.Json.Serialization.Metadata.ReflectionEmitCachingMemberAccessor+Cache<System.ValueTuple<System.String, System.Type, System.Reflection.MemberInfo>>+<>c__6<System.Action<System.Object, System.Collections.Generic.List<CommonApiMessage.AggregatesModel.OrderMessage.OrderMessageItemDeliveryWindowViewModel>>>
7ffcf6eda620       1         24 System.Text.Json.Serialization.Metadata.ReflectionEmitCachingMemberAccessor+Cache<System.ValueTuple<System.String, System.Type, System.Reflection.MemberInfo>>+<>c__6<System.Func<System.Object, System.Collections.Generic.List<CommonApiMessage.AggregatesModel.OrderMessage.OrderMessageItemFulFillmentServiceTypeViewModel>>>
7ffcf6edae18       1         24 System.Text.Json.Serialization.Metadata.ReflectionEmitCachingMemberAccessor+Cache<System.ValueTuple<System.String, System.Type, System.Reflection.MemberInfo>>+<>c__6<System.Action<System.Object, System.Collections.Generic.List<CommonApiMessage.AggregatesModel.OrderMessage.OrderMessageItemFulFillmentServiceTypeViewModel>>>
7ffcf6edfc28       1         24 System.Text.Json.Serialization.Metadata.ReflectionEmitCachingMemberAccessor+Cache<System.ValueTuple<System.String, System.Type, System.Reflection.MemberInfo>>+<>c__6<System.Func<System.Object, CommonApiMessage.AggregatesModel.OrderMessage.OrderMessageItemAmountDetailViewModel>>
7ffcf6ee04a8       1         24 System.Text.Json.Serialization.Metadata.ReflectionEmitCachingMemberAccessor+Cache<System.ValueTuple<System.String, System.Type, System.Reflection.MemberInfo>>+<>c__6<System.Action<System.Object, CommonApiMessage.AggregatesModel.OrderMessage.OrderMessageItemAmountDetailViewModel>>
7ffcf6ee3318       1         24 System.Text.Json.Serialization.Metadata.ReflectionEmitCachingMemberAccessor+Cache<System.ValueTuple<System.String, System.Type, System.Reflection.MemberInfo>>+<>c__6<System.Func<System.Object, System.Collections.Generic.List<CommonApiMessage.AggregatesModel.OrderMessage.OrderMessageItemTaxViewModel>>>
7ffcf6ee3b10       1         24 System.Text.Json.Serialization.Metadata.ReflectionEmitCachingMemberAccessor+Cache<System.ValueTuple<System.String, System.Type, System.Reflection.MemberInfo>>+<>c__6<System.Action<System.Object, System.Collections.Generic.List<CommonApiMessage.AggregatesModel.OrderMessage.OrderMessageItemTaxViewModel>>>
7ffcf6eee920       1         24 System.Text.Json.Serialization.Metadata.ReflectionEmitCachingMemberAccessor+Cache<System.ValueTuple<System.String, System.Type, System.Reflection.MemberInfo>>+<>c__6<System.Func<System.Object, CommonApiMessage.AggregatesModel.OrderMessage.OrderMessagePromotionAmountViewModel>>
7ffcf6eef118       1         24 System.Text.Json.Serialization.Metadata.ReflectionEmitCachingMemberAccessor+Cache<System.ValueTuple<System.String, System.Type, System.Reflection.MemberInfo>>+<>c__6<System.Action<System.Object, CommonApiMessage.AggregatesModel.OrderMessage.OrderMessagePromotionAmountViewModel>>
7ffcf6bf4880       1         24 Microsoft.EntityFrameworkCore.Query.RelationalShapedQueryCompilingExpressionVisitor+ShaperProcessingExpressionVisitor+<>c__26<Order.Infrastructure.Entities.SubOrderModels.SubOrderItemModel, Order.Infrastructure.Entities.SubOrderModels.SubOrderItemRemarkModel>
7ffcf6ef1768       1         24 System.Text.Json.Serialization.Metadata.ReflectionEmitCachingMemberAccessor+Cache<System.ValueTuple<System.String, System.Type, System.Reflection.MemberInfo>>+<>c__6<System.Func<System.Object, CommonApiMessage.AggregatesModel.SubOrderMessage.SubOrderMessagePromotionAmountViewModel>>
7ffcf6ef1f60       1         24 System.Text.Json.Serialization.Metadata.ReflectionEmitCachingMemberAccessor+Cache<System.ValueTuple<System.String, System.Type, System.Reflection.MemberInfo>>+<>c__6<System.Action<System.Object, CommonApiMessage.AggregatesModel.SubOrderMessage.SubOrderMessagePromotionAmountViewModel>>
7ffcf6ef61b8       1         24 System.Text.Json.Serialization.Metadata.ReflectionEmitCachingMemberAccessor+Cache<System.ValueTuple<System.String, System.Type, System.Reflection.MemberInfo>>+<>c__6<System.Func<System.Object, CommonApiMessage.AggregatesModel.SubOrderMessage.SubOrderMessageFeeAmountViewModel>>
7ffcf6ef69b0       1         24 System.Text.Json.Serialization.Metadata.ReflectionEmitCachingMemberAccessor+Cache<System.ValueTuple<System.String, System.Type, System.Reflection.MemberInfo>>+<>c__6<System.Action<System.Object, CommonApiMessage.AggregatesModel.SubOrderMessage.SubOrderMessageFeeAmountViewModel>>
7ffcf6ef7370       1         24 System.Text.Json.Serialization.Metadata.ReflectionEmitCachingMemberAccessor+Cache<System.ValueTuple<System.String, System.Type, System.Reflection.MemberInfo>>+<>c__6<System.Func<System.Object, System.Collections.Generic.ICollection<CommonApiMessage.AggregatesModel.SubOrderMessage.SubOrderMessageFeePaymentViewModel>>>
7ffcf6ef7b68       1         24 System.Text.Json.Serialization.Metadata.ReflectionEmitCachingMemberAccessor+Cache<System.ValueTuple<System.String, System.Type, System.Reflection.MemberInfo>>+<>c__6<System.Action<System.Object, System.Collections.Generic.ICollection<CommonApiMessage.AggregatesModel.SubOrderMessage.SubOrderMessageFeePaymentViewModel>>>
7ffcf6ef8dc0       1         24 System.Text.Json.Serialization.Metadata.ReflectionEmitCachingMemberAccessor+Cache<System.ValueTuple<System.String, System.Type, System.Reflection.MemberInfo>>+<>c__6<System.Func<System.Object, CommonApiMessage.AggregatesModel.SubOrderMessage.SubOrderMessageFeeAmountDtlViewModel>>
7ffcf6ef95b8       1         24 System.Text.Json.Serialization.Metadata.ReflectionEmitCachingMemberAccessor+Cache<System.ValueTuple<System.String, System.Type, System.Reflection.MemberInfo>>+<>c__6<System.Action<System.Object, CommonApiMessage.AggregatesModel.SubOrderMessage.SubOrderMessageFeeAmountDtlViewModel>>
7ffcf6efc428       1         24 System.Text.Json.Serialization.Metadata.ReflectionEmitCachingMemberAccessor+Cache<System.ValueTuple<System.String, System.Type, System.Reflection.MemberInfo>>+<>c__6<System.Func<System.Object, System.Collections.Generic.ICollection<CommonApiMessage.AggregatesModel.SubOrderMessage.SubOrderMessageFeeTaxViewModel>>>
7ffcf6efcc20       1         24 System.Text.Json.Serialization.Metadata.ReflectionEmitCachingMemberAccessor+Cache<System.ValueTuple<System.String, System.Type, System.Reflection.MemberInfo>>+<>c__6<System.Action<System.Object, System.Collections.Generic.ICollection<CommonApiMessage.AggregatesModel.SubOrderMessage.SubOrderMessageFeeTaxViewModel>>>
7ffcf6efddf8       1         24 System.Text.Json.Serialization.Converters.ICollectionOfTConverter<System.Collections.Generic.ICollection<CommonApiMessage.AggregatesModel.SubOrderMessage.SubOrderMessageFeeTaxViewModel>, CommonApiMessage.AggregatesModel.SubOrderMessage.SubOrderMessageFeeTaxViewModel>+<>c
7ffcf6eff2c0       1         24 System.Text.Json.Serialization.Converters.ICollectionOfTConverter<System.Collections.Generic.ICollection<CommonApiMessage.AggregatesModel.SubOrderMessage.SubOrderMessageFeePaymentViewModel>, CommonApiMessage.AggregatesModel.SubOrderMessage.SubOrderMessageFeePaymentViewModel>+<>c
7ffcf6bf9de8       1         24 Microsoft.EntityFrameworkCore.Query.RelationalShapedQueryCompilingExpressionVisitor+ShaperProcessingExpressionVisitor+<>c__26<Order.Infrastructure.Entities.SubOrderModels.SubOrderItemModel, Order.Infrastructure.Entities.SubOrderModels.SubOrderItemBarcodeModel>
7ffcf6bfdf88       1         24 Microsoft.EntityFrameworkCore.Query.RelationalShapedQueryCompilingExpressionVisitor+ShaperProcessingExpressionVisitor+<>c__26<Order.Infrastructure.Entities.SubOrderModels.SubOrderModel, Order.Infrastructure.Entities.SubOrderModels.SubOrderRemarkModel>
7ffcf6c11cc8       1         24 Microsoft.EntityFrameworkCore.Query.RelationalShapedQueryCompilingExpressionVisitor+ShaperProcessingExpressionVisitor+<>c__26<Order.Infrastructure.Entities.SubOrderModels.SubOrderModel, Order.Infrastructure.Entities.SubOrderModels.SubOrderPromotionModel>
7ffcf6c156a0       1         24 Microsoft.EntityFrameworkCore.Query.RelationalShapedQueryCompilingExpressionVisitor+ShaperProcessingExpressionVisitor+<>c__26<Order.Infrastructure.Entities.SubOrderModels.SubOrderModel, Order.Infrastructure.Entities.SubOrderModels.SubOrderFeeModel>
7ffcf4b0bdb8       1         24 Microsoft.AspNetCore.Routing.SuppressMatchingMetadata
7ffcf4b0b888       1         24 Microsoft.AspNetCore.Routing.EndpointNameMetadata
7ffcf4b0e6e0       1         24 System.Collections.Generic.ObjectEqualityComparer<Microsoft.AspNetCore.Http.Endpoint>
7ffcf4b0feb0       1         24 Microsoft.Extensions.Options.IConfigureOptions<Microsoft.AspNetCore.Authentication.AuthenticationOptions>[]
7ffcf4b0ff70       1         24 Microsoft.Extensions.Options.IPostConfigureOptions<Microsoft.AspNetCore.Authentication.AuthenticationOptions>[]
7ffcf4b0ee28       1         24 Microsoft.Extensions.Options.IValidateOptions<Microsoft.AspNetCore.Authentication.AuthenticationOptions>[]
7ffcf4b119a0       1         24 Microsoft.AspNetCore.Authentication.AuthenticationSchemeBuilder[]
7ffcf4b12968       1         24 Microsoft.Extensions.Logging.Logger<Microsoft.AspNetCore.HostFiltering.HostFilteringMiddleware>
7ffcf4b14140       1         24 Microsoft.Extensions.Options.IConfigureOptions<Microsoft.AspNetCore.HostFiltering.HostFilteringOptions>[]
7ffcf4b130b8       1         24 Microsoft.Extensions.Options.IValidateOptions<Microsoft.AspNetCore.HostFiltering.HostFilteringOptions>[]
7ffcf4b14380       1         24 Microsoft.Extensions.Options.OptionsCache<Microsoft.AspNetCore.HostFiltering.HostFilteringOptions>
7ffcf4b15258       1         24 Microsoft.Extensions.Options.OptionsMonitor<Microsoft.AspNetCore.HostFiltering.HostFilteringOptions>+<>c
7ffcf4b154b0       1         24 Microsoft.Extensions.Options.OptionsCache<Microsoft.AspNetCore.HostFiltering.HostFilteringOptions>+<>c__3<Microsoft.Extensions.Options.IOptionsFactory<Microsoft.AspNetCore.HostFiltering.HostFilteringOptions>>
7ffcf4b17b90       1         24 Microsoft.Extensions.Options.OptionsMonitorExtensions+<>c__DisplayClass0_0<Microsoft.AspNetCore.HostFiltering.HostFilteringOptions>
7ffcf4b17fb0       1         24 Microsoft.Extensions.Logging.Logger<Microsoft.WebTools.BrowserLink.Net.BrowserLinkMiddleware>
7ffcf4b19f20       1         24 Microsoft.Extensions.Logging.Logger<Microsoft.WebTools.BrowserLink.Net.VsContentMiddleware>
7ffcf4b1a090       1         24 Microsoft.Extensions.Logging.Logger<Microsoft.AspNetCore.Watch.BrowserRefresh.BrowserRefreshMiddleware>
7ffcf62d1458       1         24 Microsoft.EntityFrameworkCore.Metadata.Conventions.RuntimeModelConvention+<>c__6<Microsoft.EntityFrameworkCore.Metadata.IKey, Microsoft.EntityFrameworkCore.Metadata.RuntimeKey>
7ffcf4b30af0       1         24 Microsoft.AspNetCore.Server.Kestrel.Core.Internal.CertificateConfig[]
7ffcf4b338f0       1         24 System.Func<Microsoft.AspNetCore.Connections.MultiplexedConnectionDelegate, Microsoft.AspNetCore.Connections.MultiplexedConnectionDelegate>[]
7ffcf4b35e20       1         24 Microsoft.AspNetCore.Server.Kestrel.Core.ListenOptions+<>c
7ffcf4b39ca0       1         24 Microsoft.AspNetCore.Connections.MemoryPoolOptions
7ffcf4b3ad30       1         24 Microsoft.AspNetCore.Server.Kestrel.Core.Internal.PinnedBlockMemoryPoolFactory+<>c
7ffcf4b3b7c8       1         24 System.Buffers.ArrayMemoryPool<System.Byte>
7ffcf4b41488       1         24 System.WeakReference<Microsoft.AspNetCore.Server.Kestrel.Core.KestrelServerOptions>
7ffcf4b46a98       1         24 System.Threading.CancellationTokenSource+CallbackNode+<>c
7ffcf4b4c138       1         24 Microsoft.WebTools.ApiEndpointDiscovery.Contracts.EndpointInfo[]
7ffcf4b4c948       1         24 Microsoft.AspNetCore.Mvc.ApiExplorer.ApiDescriptionGroupCollectionProvider+<>c
7ffcf4b4d308       1         24 System.Linq.Enumerable+EnumerableSorter<Microsoft.AspNetCore.Mvc.ApiExplorer.IApiDescriptionProvider>+<>c
7ffcf4b4d4f0       1         24 Microsoft.Extensions.Logging.Logger<Microsoft.AspNetCore.Mvc.ApiExplorer.ApiDescriptionGroupCollectionProvider>
7ffcf4b4f520       1         24 Microsoft.Extensions.Logging.LoggerMessage+LogValues<System.String, System.String, System.String>+<>c
7ffcf4b61eb0       1         24 System.Collections.Generic.GenericEqualityComparer<Serilog.Extensions.Logging.EventIdPropertyCache+EventKey>
7ffcf4b62bd0       1         24 Microsoft.AspNetCore.Mvc.ApiExplorer.DefaultApiDescriptionProvider+<>c
7ffcf4b66b00       1         24 System.Collections.Generic.ObjectEqualityComparer<Microsoft.AspNetCore.Mvc.ApiExplorer.DefaultApiDescriptionProvider+PseudoModelBindingVisitor+PropertyKey>
7ffcf4b69d50       1         24 Microsoft.AspNetCore.Mvc.ApiExplorer.ApiResponseTypeProvider+<>c
7ffcf4b6b600       1         24 Microsoft.AspNetCore.Http.Metadata.IProducesResponseTypeMetadata[]
7ffcf4b6ed78       1         24 Microsoft.AspNetCore.Mvc.ApiExplorer.IApiRequestMetadataProvider[]
7ffcf4b6a6e8       1         24 Microsoft.AspNetCore.Mvc.ApiExplorer.IApiResponseMetadataProvider[]
7ffcf4b70140       1         24 Microsoft.AspNetCore.Routing.IRouteConstraint[]
7ffcf4b75518       1         24 System.ComponentModel.Int64Converter
7ffcf4b7d9c8       1         24 System.ComponentModel.DataAnnotations.RequiredAttribute+<>c
7ffcf4b49c90       1         24 Microsoft.WebTools.ApiEndpointDiscovery.ApplicationEndpointWriter+<>c
7ffcf4b91da8       1         24 Microsoft.WebTools.ApiEndpointDiscovery.Contracts.ReturnInfo[]
7ffcf4b90f98       1         24 Microsoft.WebTools.ApiEndpointDiscovery.Contracts.EndpointParameter[]
7ffcf4b97b70       1         24 System.Text.Json.JsonSerializerOptions+EqualityComparer
7ffcf4bebd18       1         24 System.Text.Json.Serialization.Metadata.ReflectionEmitMemberAccessor
7ffcf4c11df0       1         24 System.Text.Json.Serialization.Metadata.ReflectionEmitCachingMemberAccessor+Cache<System.ValueTuple<System.String, System.Type, System.Reflection.MemberInfo>>+<>c__6<System.Func<System.Object>>
7ffcf4c21db0       1         24 System.Text.Json.Serialization.Metadata.ReflectionEmitCachingMemberAccessor+Cache<System.ValueTuple<System.String, System.Type, System.Reflection.MemberInfo>>+<>c__6<System.Func<System.Object, System.String>>
7ffcf4c24738       1         24 System.Text.Json.Serialization.Metadata.ReflectionEmitCachingMemberAccessor+Cache<System.ValueTuple<System.String, System.Type, System.Reflection.MemberInfo>>+<>c__6<System.Action<System.Object, System.String>>
7ffcf4c26870       1         24 System.Collections.Generic.GenericEqualityComparer<System.Text.Json.Serialization.Metadata.JsonTypeInfo+ParameterLookupKey>
7ffcf62d3950       1         24 Microsoft.EntityFrameworkCore.ChangeTracking.ValueComparer<Order.Infrastructure.Entities.Abstractions.BaseStatus>+<>c
7ffcf4c27ef8       1         24 System.Text.Json.Serialization.Metadata.ReflectionEmitCachingMemberAccessor+Cache<System.ValueTuple<System.String, System.Type, System.Reflection.MemberInfo>>+<>c__6<System.Func<System.Object, System.Boolean>>
7ffcf4c288d0       1         24 System.Text.Json.Serialization.Metadata.ReflectionEmitCachingMemberAccessor+Cache<System.ValueTuple<System.String, System.Type, System.Reflection.MemberInfo>>+<>c__6<System.Action<System.Object, System.Boolean>>
7ffcf4c29c68       1         24 System.Text.Json.Serialization.Metadata.ReflectionEmitCachingMemberAccessor+Cache<System.ValueTuple<System.String, System.Type, System.Reflection.MemberInfo>>+<>c__6<System.Func<System.Object, System.Int32>>
7ffcf4c2a548       1         24 System.Text.Json.Serialization.Metadata.ReflectionEmitCachingMemberAccessor+Cache<System.ValueTuple<System.String, System.Type, System.Reflection.MemberInfo>>+<>c__6<System.Action<System.Object, System.Int32>>
7ffcf62ed4f0       1         24 Microsoft.EntityFrameworkCore.Query.RelationalAggregateMethodCallTranslatorProvider+<>c
7ffcf4c2b2a0       1         24 System.Text.Json.Serialization.Metadata.ReflectionEmitCachingMemberAccessor+Cache<System.ValueTuple<System.String, System.Type, System.Reflection.MemberInfo>>+<>c__6<System.Func<System.Object, System.Collections.Generic.IReadOnlyList<Microsoft.WebTools.ApiEndpointDiscovery.Contracts.EndpointParameter>>>
7ffcf4c2ba98       1         24 System.Text.Json.Serialization.Metadata.ReflectionEmitCachingMemberAccessor+Cache<System.ValueTuple<System.String, System.Type, System.Reflection.MemberInfo>>+<>c__6<System.Action<System.Object, System.Collections.Generic.IReadOnlyList<Microsoft.WebTools.ApiEndpointDiscovery.Contracts.EndpointParameter>>>
7ffcf4c2c518       1         24 System.Text.Json.Serialization.Metadata.ReflectionEmitCachingMemberAccessor+Cache<System.ValueTuple<System.String, System.Type, System.Reflection.MemberInfo>>+<>c__6<System.Func<System.Object, System.Collections.Generic.IReadOnlyList<Microsoft.WebTools.ApiEndpointDiscovery.Contracts.ReturnInfo>>>
7ffcf4c2cd10       1         24 System.Text.Json.Serialization.Metadata.ReflectionEmitCachingMemberAccessor+Cache<System.ValueTuple<System.String, System.Type, System.Reflection.MemberInfo>>+<>c__6<System.Action<System.Object, System.Collections.Generic.IReadOnlyList<Microsoft.WebTools.ApiEndpointDiscovery.Contracts.ReturnInfo>>>
7ffcf4c2d790       1         24 System.Text.Json.Serialization.Metadata.ReflectionEmitCachingMemberAccessor+Cache<System.ValueTuple<System.String, System.Type, System.Reflection.MemberInfo>>+<>c__6<System.Func<System.Object, System.String[]>>
7ffcf4c2df88       1         24 System.Text.Json.Serialization.Metadata.ReflectionEmitCachingMemberAccessor+Cache<System.ValueTuple<System.String, System.Type, System.Reflection.MemberInfo>>+<>c__6<System.Action<System.Object, System.String[]>>
7ffcf4c2ea60       1         24 System.Text.Json.Serialization.Metadata.ReflectionEmitCachingMemberAccessor+Cache<System.ValueTuple<System.String, System.Type, System.Reflection.MemberInfo>>+<>c__6<System.Func<System.Object[], Microsoft.WebTools.ApiEndpointDiscovery.Contracts.EndpointInfo>>
7ffcf4c36318       1         24 System.Text.Json.Serialization.Metadata.ReflectionEmitCachingMemberAccessor+Cache<System.ValueTuple<System.String, System.Type, System.Reflection.MemberInfo>>+<>c__6<System.Text.Json.Serialization.Metadata.JsonTypeInfo+ParameterizedConstructorDelegate<Microsoft.WebTools.ApiEndpointDiscovery.Contracts.EndpointParameter, System.String, System.String, System.Boolean, System.Object>>
7ffcf4c395d0       1         24 System.Text.Json.Serialization.Metadata.ReflectionEmitCachingMemberAccessor+Cache<System.ValueTuple<System.String, System.Type, System.Reflection.MemberInfo>>+<>c__6<System.Func<System.Object, System.Collections.Generic.IReadOnlyList<System.String>>>
7ffcf4c39dc8       1         24 System.Text.Json.Serialization.Metadata.ReflectionEmitCachingMemberAccessor+Cache<System.ValueTuple<System.String, System.Type, System.Reflection.MemberInfo>>+<>c__6<System.Action<System.Object, System.Collections.Generic.IReadOnlyList<System.String>>>
7ffcf62ca048       1         24 Microsoft.EntityFrameworkCore.Infrastructure.Annotation[]
7ffcf62c98f0       1         24 Microsoft.EntityFrameworkCore.Metadata.Conventions.RuntimeModelConvention+<>c__6<Microsoft.EntityFrameworkCore.Metadata.IProperty, Microsoft.EntityFrameworkCore.Metadata.RuntimeProperty>
7ffcf4c3ac58       1         24 System.Text.Json.Serialization.Metadata.ReflectionEmitCachingMemberAccessor+Cache<System.ValueTuple<System.String, System.Type, System.Reflection.MemberInfo>>+<>c__6<System.Text.Json.Serialization.Metadata.JsonTypeInfo+ParameterizedConstructorDelegate<Microsoft.WebTools.ApiEndpointDiscovery.Contracts.ReturnInfo, System.String, System.Collections.Generic.IReadOnlyList<System.String>, System.Int32, System.Object>>
7ffcf4c3e658       1         24 System.Linq.Enumerable+EnumerableSorter<Microsoft.WebTools.ApiEndpointDiscovery.Contracts.EndpointInfo>+<>c
7ffcf4c41538       1         24 System.IO.RandomAccess+<>c
7ffcf4c4c378       1         24 Confluent.Kafka.ConsumerConfig
7ffcf4c775a0       1         24 Confluent.Kafka.Deserializers+Utf8Deserializer
7ffcf4c77690       1         24 Confluent.Kafka.Deserializers+NullDeserializer
7ffcf4c77780       1         24 Confluent.Kafka.Deserializers+IgnoreDeserializer
7ffcf4c77870       1         24 Confluent.Kafka.Deserializers+Int64Deserializer
7ffcf4c77960       1         24 Confluent.Kafka.Deserializers+Int32Deserializer
7ffcf4c77a50       1         24 Confluent.Kafka.Deserializers+SingleDeserializer
7ffcf4c77b40       1         24 Confluent.Kafka.Deserializers+DoubleDeserializer
7ffcf4c77c30       1         24 Confluent.Kafka.Deserializers+ByteArrayDeserializer
7ffcf4c78870       1         24 Confluent.Kafka.Consumer<Confluent.Kafka.Ignore, System.String>+<>c
7ffcf438dde0       1         24 System.Threading.Tasks.Task[]
7ffcf4c4efb0       1         24 Microsoft.Extensions.Hosting.HostingAbstractionsHostExtensions+<>c
7ffcf4c4f100       1         24 System.Threading.Tasks.Task+DelayPromiseWithCancellation+<>c
7ffcf4c7fd20       1         24 Confluent.Kafka.Impl.SafeKafkaHandle+<>c
7ffcf4c74be0       1         24 Microsoft.Extensions.Options.IPostConfigureOptions<Swashbuckle.AspNetCore.SwaggerGen.SwaggerGenOptions>[]
7ffcf4c73268       1         24 Microsoft.Extensions.Options.IValidateOptions<Swashbuckle.AspNetCore.SwaggerGen.SwaggerGenOptions>[]
7ffcf4c7fed8       1         24 Microsoft.OpenApi.Models.OpenApiServer[]
7ffcf4c904d0       1         24 Microsoft.OpenApi.Models.OpenApiSecurityRequirement[]
7ffcf4c905a0       1         24 Swashbuckle.AspNetCore.SwaggerGen.IParameterFilter[]
7ffcf4c906b0       1         24 Swashbuckle.AspNetCore.SwaggerGen.IRequestBodyFilter[]
7ffcf4c90770       1         24 Swashbuckle.AspNetCore.SwaggerGen.IOperationFilter[]
7ffcf4c90830       1         24 Swashbuckle.AspNetCore.SwaggerGen.IDocumentFilter[]
7ffcf4c92668       1         24 Swashbuckle.AspNetCore.SwaggerGen.ISchemaFilter[]
7ffcf4c92830       1         24 Swashbuckle.AspNetCore.SwaggerGen.FilterDescriptor[]
7ffcf4c49088       1         24 Microsoft.Extensions.Options.IPostConfigureOptions<Swashbuckle.AspNetCore.SwaggerGen.SwaggerGeneratorOptions>[]
7ffcf4c47f40       1         24 Microsoft.Extensions.Options.IValidateOptions<Swashbuckle.AspNetCore.SwaggerGen.SwaggerGeneratorOptions>[]
7ffcf44c0f30       1         24 Microsoft.Extensions.Options.IConfigureOptions<Swashbuckle.AspNetCore.Swagger.SwaggerOptions>[]
7ffcf44c0ff0       1         24 Microsoft.Extensions.Options.IPostConfigureOptions<Swashbuckle.AspNetCore.Swagger.SwaggerOptions>[]
7ffcf44afe00       1         24 Microsoft.Extensions.Options.IValidateOptions<Swashbuckle.AspNetCore.Swagger.SwaggerOptions>[]
7ffcf4c96f30       1         24 Microsoft.Extensions.Options.IPostConfigureOptions<Swashbuckle.AspNetCore.SwaggerGen.SchemaGeneratorOptions>[]
7ffcf4c95de8       1         24 Microsoft.Extensions.Options.IValidateOptions<Swashbuckle.AspNetCore.SwaggerGen.SchemaGeneratorOptions>[]
7ffcf4c97328       1         24 System.Collections.Generic.Dictionary<System.String, Microsoft.OpenApi.Models.OpenApiInfo>+KeyCollection
7ffcf46e1520       1         24 Swashbuckle.AspNetCore.SwaggerGen.SwaggerGenerator+<>c
7ffcf4c9f708       1         24 Microsoft.OpenApi.Models.OpenApiTag[]
7ffcf4ca1dd8       1         24 System.Buffers.SharedArrayPool<Microsoft.AspNetCore.Mvc.ApiExplorer.ApiDescription>+<>c
7ffcf4ca2050       1         24 System.Linq.Enumerable+EnumerableSorter<Microsoft.AspNetCore.Mvc.ApiExplorer.ApiDescription>+<>c
7ffcf46e1b50       1         24 Swashbuckle.AspNetCore.SwaggerGen.SwaggerGeneratorOptions+<>c
7ffcf4ca5098       1         24 Microsoft.OpenApi.Models.OpenApiParameter[]
7ffcf4caa728       1         24 System.Collections.Generic.GenericEqualityComparer<Microsoft.AspNetCore.Mvc.ModelBinding.BindingSource>
7ffcf46e0e68       1         24 Swashbuckle.AspNetCore.SwaggerGen.ApiParameterDescriptionExtensions+<>c
7ffcf4cb0ce8       1         24 Microsoft.OpenApi.Models.OpenApiSchema[]
7ffcf4cb3668       1         24 Microsoft.OpenApi.Any.IOpenApiAny[]
7ffcf4cbffa0       1         24 System.Text.RegularExpressions.RegexFindOptimizations+<>c
7ffcf4cd1a38       1         24 System.Text.RegularExpressions.RegexPrefixAnalyzer+<>c
7ffcf46dff98       1         24 Swashbuckle.AspNetCore.SwaggerGen.JsonSerializerDataContractResolver+<>c
7ffcf4cda460       1         24 Swashbuckle.AspNetCore.SwaggerGen.DataProperty[]
7ffcf4cdb3c8       1         24 System.Buffers.SharedArrayPool<System.Reflection.PropertyInfo>+<>c
7ffcf4cdb640       1         24 System.Linq.Enumerable+EnumerableSorter<System.Reflection.PropertyInfo>+<>c
7ffcf4cdb900       1         24 System.Text.Json.JsonCamelCaseNamingPolicy+<>c
7ffcf4ce1750       1         24 System.Collections.Generic.GenericEqualityComparer<System.Text.RegularExpressions.RegexCache+Key>
7ffcf46e03b8       1         24 Swashbuckle.AspNetCore.SwaggerGen.SchemaGenerator+<>c
7ffcf4cea1b8       1         24 System.ComponentModel.DataAnnotations.MaxLengthAttribute+<>c
7ffcf4cffc48       1         24 System.Buffers.SharedArrayPool<Microsoft.OpenApi.Models.OpenApiParameter>+<>c
7ffcf4d009b8       1         24 System.Collections.Generic.GenericArraySortHelper<System.UInt32>
7ffcf4d0b6f0       1         24 System.Collections.Generic.GenericArraySortHelper<System.UInt32, System.String>
7ffcf4d324e0       1         24 System.Text.Json.Reflection.ReflectionExtensions+<>c
7ffcf4d436f8       1         24 Microsoft.OpenApi.Writers.Scope[]
7ffcf4d45000       1         24 Microsoft.OpenApi.Models.OpenApiDocument+<>c
7ffcf4d47870       1         24 Microsoft.OpenApi.Models.OpenApiInfo+<>c
7ffcf4d48740       1         24 System.GenericEmptyEnumerator<System.Collections.Generic.KeyValuePair<System.String, Microsoft.OpenApi.Interfaces.IOpenApiExtension>>
7ffcf4d49d88       1         24 Microsoft.OpenApi.Models.OpenApiExtensibleDictionary<Microsoft.OpenApi.Models.OpenApiPathItem>+<>c
7ffcf4d4cfa8       1         24 System.Reflection.RuntimeEventInfo[]
7ffcf4d4a460       1         24 Microsoft.OpenApi.Models.OpenApiPathItem+<>c
7ffcf4d4f0f8       1         24 Microsoft.OpenApi.Models.OpenApiOperation+<>c
7ffcf4dd1068       1         24 Microsoft.OpenApi.Models.OpenApiParameter+<>c
7ffcf4dd2368       1         24 Microsoft.OpenApi.Models.OpenApiSchema+<>c
7ffcf4dd3f00       1         24 Microsoft.OpenApi.Models.OpenApiExtensibleDictionary<Microsoft.OpenApi.Models.OpenApiResponse>+<>c
7ffcf4dd43b8       1         24 Microsoft.OpenApi.Models.OpenApiResponse+<>c
7ffcf4dd4c40       1         24 Microsoft.OpenApi.Models.OpenApiRequestBody+<>c
7ffcf4dd7270       1         24 Microsoft.OpenApi.Models.OpenApiMediaType+<>c
7ffcf4dd7a38       1         24 Microsoft.OpenApi.Models.OpenApiComponents+<>c
7ffcf5198958       1         24 System.Net.Http.HttpConnectionPool+<>c
7ffcf4e237e0       1         24 Microsoft.AspNetCore.Server.Kestrel.Core.Internal.HttpConnection+<>c__12<Microsoft.AspNetCore.Hosting.HostingApplication+Context>
7ffcf4e29ca8       1         24 System.Collections.Generic.GenericEqualityComparer<System.Int64>
7ffcf4df0998       1         24 Microsoft.Win32.SafeHandles.SafeFileHandle+OverlappedValueTaskSource+<>c
7ffcf4df8a00       1         24 Microsoft.AspNetCore.Server.Kestrel.Transport.Sockets.Internal.SocketConnection+<>c
7ffcf4df9c10       1         24 System.IO.Pipelines.Pipe+<>c
7ffcf4dfd2b8       1         24 Microsoft.AspNetCore.Connections.CorrelationIdGenerator+<>c
7ffcf4e29ee8       1         24 Microsoft.AspNetCore.Server.Kestrel.Transport.Sockets.Internal.SocketAwaitableEventArgs+<>c
7ffcf4e987c8       1         24 System.WeakReference<System.Net.Http.HttpConnectionPoolManager>
7ffcf4e9d978       1         24 System.Net.Http.HttpConnectionPoolManager+<>c
7ffcf4e9ddf0       1         24 System.Net.Http.HttpClient+<>c
7ffcf4e2da40       1         24 Microsoft.AspNetCore.Server.Kestrel.Core.Internal.Infrastructure.StringUtilities+<>c
7ffcf4e2f688       1         24 Microsoft.AspNetCore.Server.Kestrel.Core.Internal.Infrastructure.HttpUtilities+<>c
7ffcf4e5c4f8       1         24 System.Threading.AsyncLocal<Microsoft.AspNetCore.Http.HttpContextAccessor+HttpContextHolder>
7ffcf4e5da80       1         24 Microsoft.AspNetCore.Http.DefaultHttpRequest+<>c
7ffcf4e5ee00       1         24 Microsoft.AspNetCore.Hosting.HostingApplicationDiagnostics+<>c
7ffcf4e5f7c8       1         24 System.HexConverter+<>c
7ffcf4e69d80       1         24 Microsoft.AspNetCore.Http.DefaultHttpContext+<>c
7ffcf4e6ba88       1         24 Microsoft.AspNetCore.Hosting.HostingRequestStartingLog+<>c
7ffcf4e740b0       1         24 Microsoft.Net.Http.Headers.NameValueHeaderValue[]
7ffcf4e74170       1         24 System.Collections.ObjectModel.ReadOnlyCollection<Microsoft.Net.Http.Headers.NameValueHeaderValue>
7ffcf4e749c0       1         24 Microsoft.AspNetCore.Http.DefaultHttpResponse+<>c
7ffcf4eeaed8       1         24 System.Net.NameResolutionPal+GetAddrInfoExState+<>c
7ffcf4eb2a60       1         24 System.Collections.Generic.GenericEqualityComparer<System.Uri>
7ffcf35a43e8       1         24 System.Threading.EventWaitHandle
7ffcf4eba138       1         24 System.Net.Http.DiagnosticsHandler+<>c
7ffcf4ebb098       1         24 System.Uri[]
7ffcf4ee0078       1         24 System.Net.Http.RequestQueue<System.Net.Http.HttpConnection>+QueueItem[]
7ffcf4ee0360       1         24 System.Net.Http.RequestQueue<System.Net.Http.Http2Connection>+QueueItem[]
7ffcf4ee58c0       1         24 System.Threading.Tasks.TaskCompletionSourceWithCancellation<System.Net.Http.HttpConnection>+<>c
7ffcf4ef4c50       1         24 System.Net.Http.HttpConnection+<>c
7ffcf36f3ef0       1         24 System.Buffers.Any3SearchValues<System.Byte, System.Byte>
7ffcf4ef8550       1         24 System.Net.Http.DiagnosticsHelper+<>c
7ffcf4efaa58       1         24 System.Net.Http.HttpContent+<>c
7ffcf4efeb78       1         24 Microsoft.AspNetCore.Http.HttpResponse+<>c
7ffcf4f115c0       1         24 Microsoft.AspNetCore.Authorization.AuthorizationPolicy[]
7ffcf4f12248       1         24 Microsoft.AspNetCore.Authorization.IAuthorizationRequirementData[]
7ffcf4f16910       1         24 System.Text.Json.Serialization.Metadata.JsonTypeInfo<Swashbuckle.AspNetCore.SwaggerUI.ConfigObject>+<>c__DisplayClass37_0
7ffcf4f17308       1         24 System.Text.Json.Serialization.Metadata.ReflectionEmitCachingMemberAccessor+Cache<System.ValueTuple<System.String, System.Type, System.Reflection.MemberInfo>>+<>c__6<System.Func<System.Object, System.Collections.Generic.IEnumerable<Swashbuckle.AspNetCore.SwaggerUI.UrlDescriptor>>>
7ffcf4f17b00       1         24 System.Text.Json.Serialization.Metadata.ReflectionEmitCachingMemberAccessor+Cache<System.ValueTuple<System.String, System.Type, System.Reflection.MemberInfo>>+<>c__6<System.Action<System.Object, System.Collections.Generic.IEnumerable<Swashbuckle.AspNetCore.SwaggerUI.UrlDescriptor>>>
7ffcf4f17e68       1         24 System.Text.Json.Serialization.Metadata.JsonPropertyInfo<System.Collections.Generic.IEnumerable<Swashbuckle.AspNetCore.SwaggerUI.UrlDescriptor>>+<>c__DisplayClass10_0
7ffcf4f19978       1         24 System.Text.Json.Serialization.Metadata.ReflectionEmitCachingMemberAccessor+Cache<System.ValueTuple<System.String, System.Type, System.Reflection.MemberInfo>>+<>c__6<System.Func<System.Object, Swashbuckle.AspNetCore.SwaggerUI.ModelRendering>>
7ffcf4f1a080       1         24 System.Text.Json.Serialization.Metadata.JsonPropertyInfo<Swashbuckle.AspNetCore.SwaggerUI.ModelRendering>+<>c__DisplayClass9_0
7ffcf4f1ad28       1         24 System.Text.Json.Serialization.Metadata.ReflectionEmitCachingMemberAccessor+Cache<System.ValueTuple<System.String, System.Type, System.Reflection.MemberInfo>>+<>c__6<System.Action<System.Object, Swashbuckle.AspNetCore.SwaggerUI.ModelRendering>>
7ffcf4f1b430       1         24 System.Text.Json.Serialization.Metadata.JsonPropertyInfo<Swashbuckle.AspNetCore.SwaggerUI.ModelRendering>+<>c__DisplayClass10_0
7ffcf4f1d188       1         24 System.Text.Json.Serialization.Metadata.ReflectionEmitCachingMemberAccessor+Cache<System.ValueTuple<System.String, System.Type, System.Reflection.MemberInfo>>+<>c__6<System.Func<System.Object, Swashbuckle.AspNetCore.SwaggerUI.DocExpansion>>
7ffcf4f1d528       1         24 System.Text.Json.Serialization.Metadata.JsonPropertyInfo<Swashbuckle.AspNetCore.SwaggerUI.DocExpansion>+<>c__DisplayClass9_0
7ffcf4f1d930       1         24 System.Text.Json.Serialization.Metadata.ReflectionEmitCachingMemberAccessor+Cache<System.ValueTuple<System.String, System.Type, System.Reflection.MemberInfo>>+<>c__6<System.Action<System.Object, Swashbuckle.AspNetCore.SwaggerUI.DocExpansion>>
7ffcf4f1dcd0       1         24 System.Text.Json.Serialization.Metadata.JsonPropertyInfo<Swashbuckle.AspNetCore.SwaggerUI.DocExpansion>+<>c__DisplayClass10_0
7ffcf4f30d00       1         24 System.Text.Json.Serialization.Metadata.ReflectionEmitCachingMemberAccessor+Cache<System.ValueTuple<System.String, System.Type, System.Reflection.MemberInfo>>+<>c__6<System.Func<System.Object, System.Nullable<System.Int32>>>
7ffcf4f310a0       1         24 System.Text.Json.Serialization.Metadata.JsonPropertyInfo<System.Nullable<System.Int32>>+<>c__DisplayClass9_0
7ffcf4f314a8       1         24 System.Text.Json.Serialization.Metadata.ReflectionEmitCachingMemberAccessor+Cache<System.ValueTuple<System.String, System.Type, System.Reflection.MemberInfo>>+<>c__6<System.Action<System.Object, System.Nullable<System.Int32>>>
7ffcf4f31848       1         24 System.Text.Json.Serialization.Metadata.JsonPropertyInfo<System.Nullable<System.Int32>>+<>c__DisplayClass10_0
7ffcf4f323b0       1         24 System.Text.Json.Serialization.Metadata.ReflectionEmitCachingMemberAccessor+Cache<System.ValueTuple<System.String, System.Type, System.Reflection.MemberInfo>>+<>c__6<System.Func<System.Object, System.Collections.Generic.IEnumerable<Swashbuckle.AspNetCore.SwaggerUI.SubmitMethod>>>
7ffcf4f32ba8       1         24 System.Text.Json.Serialization.Metadata.ReflectionEmitCachingMemberAccessor+Cache<System.ValueTuple<System.String, System.Type, System.Reflection.MemberInfo>>+<>c__6<System.Action<System.Object, System.Collections.Generic.IEnumerable<Swashbuckle.AspNetCore.SwaggerUI.SubmitMethod>>>
7ffcf4f32f10       1         24 System.Text.Json.Serialization.Metadata.JsonPropertyInfo<System.Collections.Generic.IEnumerable<Swashbuckle.AspNetCore.SwaggerUI.SubmitMethod>>+<>c__DisplayClass10_0
7ffcf4f33568       1         24 System.Text.Json.Serialization.Metadata.ReflectionEmitCachingMemberAccessor+Cache<System.ValueTuple<System.String, System.Type, System.Reflection.MemberInfo>>+<>c__6<System.Func<System.Object, System.Collections.Generic.Dictionary<System.String, System.Object>>>
7ffcf4f33d60       1         24 System.Text.Json.Serialization.Metadata.ReflectionEmitCachingMemberAccessor+Cache<System.ValueTuple<System.String, System.Type, System.Reflection.MemberInfo>>+<>c__6<System.Action<System.Object, System.Collections.Generic.Dictionary<System.String, System.Object>>>
7ffcf4f340c8       1         24 System.Text.Json.Serialization.Metadata.JsonPropertyInfo<System.Collections.Generic.Dictionary<System.String, System.Object>>+<>c__DisplayClass10_0
7ffcf4f359a0       1         24 System.Text.Json.Serialization.Metadata.JsonTypeInfo<Swashbuckle.AspNetCore.SwaggerUI.UrlDescriptor>+<>c__DisplayClass37_0
7ffcf4f36010       1         24 System.Collections.Generic.GenericEqualityComparer<System.ValueTuple<System.String, System.Type, System.Reflection.MemberInfo>>
7ffcf4f472d8       1         24 System.Text.Json.Serialization.Metadata.JsonTypeInfo<System.Collections.Generic.Dictionary<System.String, System.Object>>+<>c__DisplayClass37_0
7ffcf4f48350       1         24 System.Collections.Generic.GenericEqualityComparer<System.UInt64>
7ffcf4f4b3e0       1         24 System.Text.Json.Serialization.Metadata.JsonTypeInfo<Swashbuckle.AspNetCore.SwaggerUI.OAuthConfigObject>+<>c__DisplayClass37_0
7ffcf4f4d7d8       1         24 System.Text.Json.Serialization.Metadata.ReflectionEmitCachingMemberAccessor+Cache<System.ValueTuple<System.String, System.Type, System.Reflection.MemberInfo>>+<>c__6<System.Func<System.Object, System.Collections.Generic.IEnumerable<System.String>>>
7ffcf4f4dfd0       1         24 System.Text.Json.Serialization.Metadata.ReflectionEmitCachingMemberAccessor+Cache<System.ValueTuple<System.String, System.Type, System.Reflection.MemberInfo>>+<>c__6<System.Action<System.Object, System.Collections.Generic.IEnumerable<System.String>>>
7ffcf4f4e338       1         24 System.Text.Json.Serialization.Metadata.JsonPropertyInfo<System.Collections.Generic.IEnumerable<System.String>>+<>c__DisplayClass10_0
7ffcf4f4e990       1         24 System.Text.Json.Serialization.Metadata.ReflectionEmitCachingMemberAccessor+Cache<System.ValueTuple<System.String, System.Type, System.Reflection.MemberInfo>>+<>c__6<System.Func<System.Object, System.Collections.Generic.Dictionary<System.String, System.String>>>
7ffcf4f4f188       1         24 System.Text.Json.Serialization.Metadata.ReflectionEmitCachingMemberAccessor+Cache<System.ValueTuple<System.String, System.Type, System.Reflection.MemberInfo>>+<>c__6<System.Action<System.Object, System.Collections.Generic.Dictionary<System.String, System.String>>>
7ffcf4f4f4f0       1         24 System.Text.Json.Serialization.Metadata.JsonPropertyInfo<System.Collections.Generic.Dictionary<System.String, System.String>>+<>c__DisplayClass10_0
7ffcf4f606b8       1         24 System.Text.Json.Serialization.Metadata.JsonTypeInfo<System.Collections.Generic.Dictionary<System.String, System.String>>+<>c__DisplayClass37_0
7ffcf4f611a0       1         24 System.Text.Json.Serialization.Metadata.JsonTypeInfo<Swashbuckle.AspNetCore.SwaggerUI.InterceptorFunctions>+<>c__DisplayClass37_0
7ffcf4f80460       1         24 Microsoft.AspNetCore.Hosting.HostingRequestFinishedLog+<>c
7ffcf34dacb8       1         24 System.ModuleHandle
7ffcf51913f8       1         24 System.Buffers.SharedArrayPool<System.Net.Http.HttpConnection>+<>c
7ffcf519a150       1         24 System.Collections.Generic.GenericEqualityComparer<System.Net.Http.HttpConnectionPoolManager+HttpConnectionKey>
7ffcf519a698       1         24 System.Collections.Generic.ObjectEqualityComparer<System.Threading.ThreadPoolWorkQueue+WorkStealingQueue>
7ffcf519fee8       1         24 Microsoft.AspNetCore.Internal.AspNetCoreTempDirectory+<>c
7ffcf51da888       1         24 Microsoft.Extensions.Logging.Logger<Utility.Package.Middlewares.BodySignatureMiddleware>
7ffcf51dbe70       1         24 Microsoft.AspNetCore.Routing.UriBuilderContextPooledObjectPolicy
7ffcf51de690       1         24 Microsoft.AspNetCore.Routing.Tree.InboundRouteEntry[]
7ffcf51de750       1         24 Microsoft.AspNetCore.Routing.Tree.OutboundRouteEntry[]
7ffcf51de950       1         24 System.Text.Encodings.Web.DefaultUrlEncoder
7ffcf51deb90       1         24 System.Text.Encodings.Web.DefaultUrlEncoder+EscaperImplementation
7ffcf5200328       1         24 Microsoft.AspNetCore.Mvc.Routing.AttributeRoute+RouteInfo[]
7ffcf5200518       1         24 Microsoft.AspNetCore.Mvc.Routing.AttributeRoute+<>c
7ffcf7a3c858       1         24 Microsoft.AspNetCore.Server.Kestrel.Core.Internal.Http.HttpProtocol+<>c
7ffcf5200be0       1         24 Microsoft.AspNetCore.Mvc.Routing.AttributeRoute+NullRouter
7ffcf52028b0       1         24 Microsoft.AspNetCore.Mvc.Routing.AttributeRoute+RouteInfoEqualityComparer
7ffcf5206578       1         24 Microsoft.AspNetCore.Routing.Tree.UrlMatchingTree+<>c
7ffcf5206c68       1         24 Microsoft.AspNetCore.Routing.Tree.TreeRouteBuilder+<>c
7ffcf5209b88       1         24 System.ValueTuple<System.String, Microsoft.AspNetCore.Routing.IRouteConstraint>[]
7ffcf5209e70       1         24 System.ValueTuple<System.String, Microsoft.AspNetCore.Routing.IOutboundParameterTransformer>[]
7ffcf520e558       1         24 System.Collections.Generic.ObjectEqualityComparer<Microsoft.AspNetCore.Routing.DecisionTree.ItemDescriptor<Microsoft.AspNetCore.Routing.Tree.OutboundMatch>>
7ffcf5213118       1         24 System.Collections.Generic.ObjectEqualityComparer<Microsoft.AspNetCore.Routing.DecisionTree.DecisionCriterionValue>
7ffcf520b308       1         24 Microsoft.AspNetCore.Routing.DecisionTree.ItemDescriptor<Microsoft.AspNetCore.Routing.Tree.OutboundMatch>[]
7ffcf52159d8       1         24 Microsoft.AspNetCore.Routing.DecisionTree.DecisionTreeBuilder<Microsoft.AspNetCore.Routing.Tree.OutboundMatch>+<>c
7ffcf52175d0       1         24 System.Linq.Enumerable+EnumerableSorter<System.Collections.Generic.KeyValuePair<System.String, Microsoft.AspNetCore.Routing.DecisionTree.DecisionTreeBuilder<Microsoft.AspNetCore.Routing.Tree.OutboundMatch>+Criterion>>+<>c
7ffcf51deca0       1         24 Microsoft.Extensions.Logging.Logger<Microsoft.AspNetCore.Routing.Tree.TreeRouter>
7ffcf5216b70       1         24 System.Collections.Generic.KeyValuePair<System.String, Microsoft.AspNetCore.Routing.DecisionTree.DecisionTreeBuilder<Microsoft.AspNetCore.Routing.Tree.OutboundMatch>+Criterion>[]
7ffcf521e7d8       1         24 System.Collections.Generic.ObjectEqualityComparer<Microsoft.AspNetCore.Mvc.Abstractions.ActionDescriptor>
7ffcf52323d8       1         24 Microsoft.AspNetCore.Mvc.Filters.FilterFactory+<>c
7ffcf3f08fc0       1         24 Microsoft.AspNetCore.Mvc.ViewFeatures.Filters.SaveTempDataFilter
7ffcf5234370       1         24 Microsoft.Extensions.Options.IConfigureOptions<Microsoft.AspNetCore.Http.ProblemDetailsOptions>[]
7ffcf5234430       1         24 Microsoft.Extensions.Options.IPostConfigureOptions<Microsoft.AspNetCore.Http.ProblemDetailsOptions>[]
7ffcf52332d0       1         24 Microsoft.Extensions.Options.IValidateOptions<Microsoft.AspNetCore.Http.ProblemDetailsOptions>[]
7ffcf4255760       1         24 Microsoft.AspNetCore.Http.ProblemDetailsOptions
7ffcf3c5e788       1         24 Microsoft.AspNetCore.Mvc.Infrastructure.ProblemDetailsClientErrorFactory
7ffcf5232c58       1         24 Microsoft.Extensions.Logging.Logger<Microsoft.AspNetCore.Mvc.Infrastructure.ClientErrorResultFilter>
7ffcf523ab88       1         24 System.Collections.Generic.GenericEqualityComparer<System.Linq.Expressions.Compiler.BoundConstants+TypedConstant>
7ffcf523bd80       1         24 Microsoft.AspNetCore.Mvc.Controllers.ControllerActivatorProvider+<>c__DisplayClass7_0
7ffcf523e178       1         24 Microsoft.AspNetCore.Mvc.Controllers.DefaultControllerPropertyActivator+<>c__DisplayClass4_0
7ffcf523ed68       1         24 Microsoft.Extensions.Internal.PropertyActivator<Microsoft.AspNetCore.Mvc.ControllerContext>+<>c
7ffcf523e5b8       1         24 Microsoft.AspNetCore.Mvc.Controllers.DefaultControllerPropertyActivator+<>c
7ffcf523fd90       1         24 Microsoft.AspNetCore.Mvc.ViewFeatures.ViewDataDictionaryControllerPropertyActivator+<>c__DisplayClass7_0
7ffcf434f658       1         24 System.Collections.Generic.GenericEqualityComparer<Microsoft.AspNetCore.Mvc.ModelBinding.ModelBinderFactory+Key>
7ffcf5288b50       1         24 Microsoft.Extensions.Logging.LoggerMessage+LogValues<System.String, System.Reflection.MethodInfo, System.String, System.String>+<>c
7ffcf52849d8       1         24 Microsoft.AspNetCore.Mvc.Infrastructure.ActionMethodExecutor+VoidResultExecutor
7ffcf5284b20       1         24 Microsoft.AspNetCore.Mvc.Infrastructure.ActionMethodExecutor+SyncActionResultExecutor
7ffcf5284c68       1         24 Microsoft.AspNetCore.Mvc.Infrastructure.ActionMethodExecutor+SyncObjectResultExecutor
7ffcf5284db0       1         24 Microsoft.AspNetCore.Mvc.Infrastructure.ActionMethodExecutor+TaskResultExecutor
7ffcf5284ef8       1         24 Microsoft.AspNetCore.Mvc.Infrastructure.ActionMethodExecutor+AwaitableResultExecutor
7ffcf5285040       1         24 Microsoft.AspNetCore.Mvc.Infrastructure.ActionMethodExecutor+TaskOfIActionResultExecutor
7ffcf5285188       1         24 Microsoft.AspNetCore.Mvc.Infrastructure.ActionMethodExecutor+TaskOfActionResultExecutor
7ffcf52852d0       1         24 Microsoft.AspNetCore.Mvc.Infrastructure.ActionMethodExecutor+AwaitableObjectResultExecutor
7ffcf5284898       1         24 Microsoft.AspNetCore.Mvc.EmptyResult
7ffcf528ba40       1         24 Microsoft.AspNetCore.Mvc.MvcCoreLoggerExtensions+<>c
7ffcf528e2b8       1         24 Microsoft.Extensions.Logging.LoggerMessage+LogValues<System.String, System.String[]>+<>c
7ffcf52a1c38       1         24 Microsoft.AspNetCore.Mvc.ViewFeatures.Filters.SaveTempDataFilter+<>c
7ffcf7e913f0       1         24 Microsoft.Extensions.Caching.Memory.MemoryCache+<>c
7ffcf52a3880       1         24 Microsoft.Extensions.Logging.LoggerMessage+LogValues<System.String, System.String>+<>c
7ffcf52ca730       1         24 System.GenericEmptyEnumerator<System.Collections.Generic.KeyValuePair<System.Type, Microsoft.EntityFrameworkCore.Infrastructure.IDbContextOptionsExtension>>
7ffcf52a60b0       1         24 Microsoft.EntityFrameworkCore.Internal.TypeFullNameComparer
7ffcf52adc98       1         24 System.Collections.Generic.ObjectComparer<System.Type>
7ffcf52ae1a8       1         24 System.Collections.Generic.GenericEqualityComparer<System.ValueTuple<Microsoft.EntityFrameworkCore.Infrastructure.IDbContextOptionsExtension, System.Int32>>
7ffcf52a9760       1         24 Microsoft.EntityFrameworkCore.DbContextOptions+<>c
7ffcf52c0a00       1         24 System.Collections.Generic.KeyValuePair<System.Type, System.ValueTuple<Microsoft.EntityFrameworkCore.Infrastructure.IDbContextOptionsExtension, System.Int32>>[]
7ffcf6309fa0       1         24 System.Collections.Generic.ObjectEqualityComparer<Microsoft.EntityFrameworkCore.Update.IReadOnlyModificationCommand>
7ffcf52cf350       1         24 System.Collections.Generic.GenericEqualityComparer<System.ValueTuple<System.Nullable<Microsoft.EntityFrameworkCore.WarningBehavior>, System.Nullable<Microsoft.Extensions.Logging.LogLevel>>>
7ffcf52f8380       1         24 System.Collections.Generic.ObjectEqualityComparer<Microsoft.EntityFrameworkCore.Infrastructure.IDbContextOptionsExtension>
7ffcf5349270       1         24 System.Collections.Immutable.ImmutableSortedDictionary<System.Type, System.ValueTuple<Microsoft.EntityFrameworkCore.Infrastructure.IDbContextOptionsExtension, System.Int32>>+Node+<>c
7ffcf52fcb58       1         24 Microsoft.EntityFrameworkCore.Internal.ServiceProviderCache
7ffcf52fdd98       1         24 System.Collections.Generic.ObjectEqualityComparer<Microsoft.EntityFrameworkCore.Infrastructure.IDbContextOptions>
7ffcf52fe218       1         24 Microsoft.EntityFrameworkCore.Internal.ServiceProviderCache+<>c
7ffcf5366010       1         24 System.Collections.Generic.ObjectComparer<System.Collections.Generic.Dictionary<System.String, System.String>+KeyCollection>
7ffcf53647a8       1         24 System.Linq.Enumerable+EnumerableSorter<System.ValueTuple<Microsoft.EntityFrameworkCore.Infrastructure.IDbContextOptionsExtension, System.Int32>>+<>c
7ffcf5366cb0       1         24 System.Linq.Enumerable+EnumerableSorter<System.Collections.Generic.KeyValuePair<System.String, System.String>>+<>c
7ffcf5369a80       1         24 Microsoft.Extensions.DependencyInjection.SqlServerServiceCollectionExtensions+<>c
7ffcf539e178       1         24 Microsoft.EntityFrameworkCore.Infrastructure.EntityFrameworkRelationalServicesBuilder+<>c
7ffcf55d08a8       1         24 Microsoft.EntityFrameworkCore.Infrastructure.EntityFrameworkServicesBuilder+<>c
7ffcf55e3650       1         24 Microsoft.EntityFrameworkCore.Internal.RegisteredServices
7ffcf3ab6048       1         24 Microsoft.Extensions.DependencyInjection.ServiceProviderOptions
7ffcf55f4080       1         24 System.Collections.Generic.GenericEqualityComparer<Microsoft.Extensions.DependencyInjection.ServiceLookup.ServiceIdentifier>
7ffcf55f7db0       1         24 Microsoft.Extensions.DependencyInjection.ServiceLookup.CallSiteFactory+<>c
7ffcf55f5750       1         24 Microsoft.Extensions.DependencyInjection.DependencyInjectionEventSource+<>c
7ffcf55fa968       1         24 Microsoft.Extensions.DependencyInjection.ServiceLookup.CallSiteRuntimeResolver
7ffcf55fd6d8       1         24 Microsoft.Extensions.DependencyInjection.KeyedService+AnyKeyObj
7ffcf55fe4e8       1         24 System.Collections.Generic.GenericEqualityComparer<Microsoft.Extensions.DependencyInjection.ServiceLookup.ServiceCacheKey>
7ffcf5613280       1         24 System.Collections.Generic.ObjectEqualityComparer<System.Resources.ResourceSet>
7ffcf5612578       1         24 Microsoft.EntityFrameworkCore.Diagnostics.Internal.CoreResources+<>c
7ffcf53bfa58       1         24 Microsoft.EntityFrameworkCore.Infrastructure.Internal.DbSetFinder
7ffcf53bfcd0       1         24 Microsoft.EntityFrameworkCore.Internal.DbSetSource
7ffcf561ce88       1         24 Microsoft.EntityFrameworkCore.Metadata.Internal.ClrPropertySetterFactory
7ffcf5632b00       1         24 System.Collections.Generic.ObjectEqualityComparer<System.Collections.Generic.KeyValuePair<System.Int32, System.ValueTuple<System.Nullable<Microsoft.EntityFrameworkCore.WarningBehavior>, System.Nullable<Microsoft.Extensions.Logging.LogLevel>>>>
7ffcf5633bb8       1         24 System.Collections.Generic.NullableEqualityComparer<Microsoft.EntityFrameworkCore.WarningBehavior>
7ffcf56345c0       1         24 System.Collections.Generic.EnumEqualityComparer<Microsoft.EntityFrameworkCore.WarningBehavior>
7ffcf5634990       1         24 System.Collections.Generic.NullableEqualityComparer<Microsoft.Extensions.Logging.LogLevel>
7ffcf561d208       1         24 Microsoft.EntityFrameworkCore.Infrastructure.Internal.DbSetFinder+<>c
7ffcf6903170       1         24 System.Collections.ObjectModel.ReadOnlyCollection<System.Data.Common.DbColumn>
7ffcf69036e8       1         24 System.Data.Common.DbColumn[]
7ffcf6925018       1         24 Microsoft.EntityFrameworkCore.Query.Internal.BufferedDataReader+BufferedDataRecord+<>c
7ffcf63515a8       1         24 Microsoft.EntityFrameworkCore.SqlServer.Storage.Internal.SqlServerConnection+<>c
7ffcf65734c8       1         24 System.Threading.AsyncLocal<System.Int32>
7ffcf6573838       1         24 Microsoft.EntityFrameworkCore.Query.Internal.SingleQueryingEnumerable<<>f__AnonymousType11<System.String, System.String>>+Enumerator+<>c
7ffcf5752140       1         24 Microsoft.EntityFrameworkCore.Internal.DbSetSource+<>c__5<Order.Infrastructure.Entities.Setting.AllowedStatusModel>
7ffcf574c990       1         24 System.Buffers.SharedArrayPool<Microsoft.EntityFrameworkCore.Infrastructure.DbSetProperty>+<>c
7ffcf5757cb0       1         24 Microsoft.EntityFrameworkCore.Internal.DbSetSource+<>c__5<Order.Infrastructure.Entities.Setting.BackGroudSeviceModel>
7ffcf575a168       1         24 Microsoft.EntityFrameworkCore.Internal.DbSetSource+<>c__5<Order.Infrastructure.Entities.EmailMaster.EmailRecipientModel>
7ffcf5618608       1         24 Microsoft.EntityFrameworkCore.Internal.DbSetInitializer+<>c
7ffcf574f458       1         24 Microsoft.EntityFrameworkCore.Internal.DbSetSource+<>c
7ffcf5757f68       1         24 Microsoft.EntityFrameworkCore.Internal.DbSetSource+<>c__5<Order.Infrastructure.Entities.StoreLocation.BuModel>
7ffcf575b738       1         24 Microsoft.EntityFrameworkCore.Internal.DbSetSource+<>c__5<Order.Infrastructure.Entities.MessageLog.MessageLogsModel>
7ffcf5758268       1         24 Microsoft.EntityFrameworkCore.Internal.DbSetSource+<>c__5<Order.Infrastructure.Entities.EmailMaster.EmailMasterModel>
7ffcf575a4e0       1         24 Microsoft.EntityFrameworkCore.Internal.DbSetSource+<>c__5<Order.Infrastructure.Entities.MessageLog.ExternalLogModel>
7ffcf575a888       1         24 Microsoft.EntityFrameworkCore.Internal.DbSetSource+<>c__5<Order.Infrastructure.Entities.SettingModel.FunctionModel>
7ffcf575ac30       1         24 Microsoft.EntityFrameworkCore.Internal.DbSetSource+<>c__5<Order.Infrastructure.Entities.MessageLog.HttpLogModel>
7ffcf575afd8       1         24 Microsoft.EntityFrameworkCore.Internal.DbSetSource+<>c__5<Order.Infrastructure.Entities.Log.InternalLog>
7ffcf575b408       1         24 Microsoft.EntityFrameworkCore.Internal.DbSetSource+<>c__5<Order.Infrastructure.Entities.OrderItemInformation.OrderItemOtherInfoModel>
7ffcf575bef0       1         24 Microsoft.EntityFrameworkCore.Internal.DbSetSource+<>c__5<Order.Infrastructure.Entities.OrderModels.OrderAddressModel>
7ffcf575c970       1         24 Microsoft.EntityFrameworkCore.Internal.DbSetSource+<>c__5<Order.Infrastructure.Entities.OrderModels.OrderFeeAmountDtlModel>
7ffcf575bad0       1         24 Microsoft.EntityFrameworkCore.Internal.DbSetSource+<>c__5<Order.Infrastructure.Entities.OrderModels.OrderModel>
7ffcf575cd18       1         24 Microsoft.EntityFrameworkCore.Internal.DbSetSource+<>c__5<Order.Infrastructure.Entities.OrderModels.OrderFeeModel>
7ffcf575d0c0       1         24 Microsoft.EntityFrameworkCore.Internal.DbSetSource+<>c__5<Order.Infrastructure.Entities.OrderModels.OrderFeePaymentModel>
7ffcf575d468       1         24 Microsoft.EntityFrameworkCore.Internal.DbSetSource+<>c__5<Order.Infrastructure.Entities.OrderModels.OrderFeeTaxModel>
7ffcf575c250       1         24 Microsoft.EntityFrameworkCore.Internal.DbSetSource+<>c__5<Order.Infrastructure.Entities.OrderModels.OrderCustomerModel>
7ffcf575c640       1         24 Microsoft.EntityFrameworkCore.Internal.DbSetSource+<>c__5<Order.Infrastructure.Entities.OrderModels.OrderFeeAmountModel>
7ffcf575d810       1         24 Microsoft.EntityFrameworkCore.Internal.DbSetSource+<>c__5<Order.Infrastructure.Entities.OrderModels.OrderItemModel>
7ffcf575eff8       1         24 Microsoft.EntityFrameworkCore.Internal.DbSetSource+<>c__5<Order.Infrastructure.Entities.OrderModels.OrderItemAmountModel>
7ffcf575f3a0       1         24 Microsoft.EntityFrameworkCore.Internal.DbSetSource+<>c__5<Order.Infrastructure.Entities.OrderModels.OrderItemAmountDtlModel>
7ffcf57621b0       1         24 Microsoft.EntityFrameworkCore.Internal.DbSetSource+<>c__5<Order.Infrastructure.Entities.OrderModels.OrderItemPaymentModel>
7ffcf575dfb8       1         24 Microsoft.EntityFrameworkCore.Internal.DbSetSource+<>c__5<Order.Infrastructure.Entities.OrderModels.OrderItemPromotionModel>
7ffcf5761298       1         24 Microsoft.EntityFrameworkCore.Internal.DbSetSource+<>c__5<Order.Infrastructure.Entities.OrderModels.OrderItemBarcodeModel>
7ffcf5761648       1         24 Microsoft.EntityFrameworkCore.Internal.DbSetSource+<>c__5<Order.Infrastructure.Entities.OrderModels.OrderItemDeliveryWindowModel>
7ffcf5761e08       1         24 Microsoft.EntityFrameworkCore.Internal.DbSetSource+<>c__5<Order.Infrastructure.Entities.OrderModels.OrderItemFulFillmentServiceTypeModel>
7ffcf5763210       1         24 Microsoft.EntityFrameworkCore.Internal.DbSetSource+<>c__5<Order.Infrastructure.Entities.OrderModels.OrderPaymentModel>
7ffcf5765100       1         24 Microsoft.EntityFrameworkCore.Internal.DbSetSource+<>c__5<Order.Infrastructure.Entities.OrderModels.OrderPaymentTransactionModel>
7ffcf5761a60       1         24 Microsoft.EntityFrameworkCore.Internal.DbSetSource+<>c__5<Order.Infrastructure.Entities.OrderModels.OrderItemFulFillmentModel>
7ffcf5762748       1         24 Microsoft.EntityFrameworkCore.Internal.DbSetSource+<>c__5<Order.Infrastructure.Entities.OrderModels.OrderItemRemarkModel>
7ffcf5762ae0       1         24 Microsoft.EntityFrameworkCore.Internal.DbSetSource+<>c__5<Order.Infrastructure.Entities.OrderModels.OrderItemTaxModel>
7ffcf5762e78       1         24 Microsoft.EntityFrameworkCore.Internal.DbSetSource+<>c__5<Order.Infrastructure.Entities.SysStatusAggregate.OrderOutboxModel>
7ffcf575e348       1         24 Microsoft.EntityFrameworkCore.Internal.DbSetSource+<>c__5<Order.Infrastructure.Entities.OrderModels.OrderItemPromotionsModel>
7ffcf57654a8       1         24 Microsoft.EntityFrameworkCore.Internal.DbSetSource+<>c__5<Order.Infrastructure.Entities.OrderProcessCondition.OrderProcessConditionModel>
7ffcf5765850       1         24 Microsoft.EntityFrameworkCore.Internal.DbSetSource+<>c__5<Order.Infrastructure.Entities.OrderModels.OrderPromotionModel>
7ffcf5765bf8       1         24 Microsoft.EntityFrameworkCore.Internal.DbSetSource+<>c__5<Order.Infrastructure.Entities.OrderModels.OrderPromotionAmountModel>
7ffcf5765fa0       1         24 Microsoft.EntityFrameworkCore.Internal.DbSetSource+<>c__5<Order.Infrastructure.Entities.OrderReference.OrderReferenceModel>
7ffcf57671e8       1         24 Microsoft.EntityFrameworkCore.Internal.DbSetSource+<>c__5<Order.Infrastructure.Entities.OrderStaging.OrderStagingModel>
7ffcf5766348       1         24 Microsoft.EntityFrameworkCore.Internal.DbSetSource+<>c__5<Order.Infrastructure.Entities.OrderModels.OrderRemarkModel>
7ffcf57666f0       1         24 Microsoft.EntityFrameworkCore.Internal.DbSetSource+<>c__5<Order.Infrastructure.Entities.OrderReturn.OrderReturnModel>
7ffcf5766a98       1         24 Microsoft.EntityFrameworkCore.Internal.DbSetSource+<>c__5<Order.Infrastructure.Entities.OrderReturn.OrderReturnItemModel>
7ffcf5766e40       1         24 Microsoft.EntityFrameworkCore.Internal.DbSetSource+<>c__5<Order.Infrastructure.Entities.SysStatusAggregate.OrderSagaModel>
7ffcf576a038       1         24 Microsoft.EntityFrameworkCore.Internal.DbSetSource+<>c__5<Order.Infrastructure.Entities.ProcessOrder.ProcessOrderItemModel>
7ffcf576a3f0       1         24 Microsoft.EntityFrameworkCore.Internal.DbSetSource+<>c__5<Order.Infrastructure.Entities.Promotion.ConditionPromotionItemModel>
7ffcf576a798       1         24 Microsoft.EntityFrameworkCore.Internal.DbSetSource+<>c__5<Order.Infrastructure.Entities.Promotion.PromotionItemModel>
7ffcf5767590       1         24 Microsoft.EntityFrameworkCore.Internal.DbSetSource+<>c__5<Order.Infrastructure.Entities.PackageAuditInfo.PackageAuditInfoModel>
7ffcf5767938       1         24 Microsoft.EntityFrameworkCore.Internal.DbSetSource+<>c__5<Order.Infrastructure.Entities.Package.PackageInfoModel>
7ffcf5769ca0       1         24 Microsoft.EntityFrameworkCore.Internal.DbSetSource+<>c__5<Order.Infrastructure.Entities.ProcessOrder.ProcessOrderModel>
7ffcf57698f8       1         24 Microsoft.EntityFrameworkCore.Internal.DbSetSource+<>c__5<Order.Infrastructure.Entities.Package.PackageTbModel>
7ffcf576ab40       1         24 Microsoft.EntityFrameworkCore.Internal.DbSetSource+<>c__5<Order.Infrastructure.Entities.Setting.StateControlModel>
7ffcf576aee8       1         24 Microsoft.EntityFrameworkCore.Internal.DbSetSource+<>c__5<Order.Infrastructure.Entities.StoreLocation.StoreLocationModel>
7ffcf576b390       1         24 Microsoft.EntityFrameworkCore.Internal.DbSetSource+<>c__5<Order.Infrastructure.Entities.SubOrderModels.SubOrderModel>
7ffcf576b648       1         24 Microsoft.EntityFrameworkCore.Internal.DbSetSource+<>c__5<Order.Infrastructure.Entities.SubOrderModels.SubOrderAddressModel>
7ffcf576b9e0       1         24 Microsoft.EntityFrameworkCore.Internal.DbSetSource+<>c__5<Order.Infrastructure.Entities.SubOrderModels.SubOrderFeeAmountModel>
7ffcf576bd88       1         24 Microsoft.EntityFrameworkCore.Internal.DbSetSource+<>c__5<Order.Infrastructure.Entities.SubOrderModels.SubOrderFeeAmountDtlModel>
7ffcf576c160       1         24 Microsoft.EntityFrameworkCore.Internal.DbSetSource+<>c__5<Order.Infrastructure.Entities.SubOrderModels.SubOrderFeeModel>
7ffcf5780870       1         24 Microsoft.EntityFrameworkCore.Internal.DbSetSource+<>c__5<Order.Infrastructure.Entities.SubOrderModels.SubOrderItemAmountModel>
7ffcf5781ef0       1         24 Microsoft.EntityFrameworkCore.Internal.DbSetSource+<>c__5<Order.Infrastructure.Entities.SubOrderModels.SubOrderFeePaymentModel>
7ffcf5780100       1         24 Microsoft.EntityFrameworkCore.Internal.DbSetSource+<>c__5<Order.Infrastructure.Entities.SubOrderModels.SubOrderFeeTaxModel>
7ffcf57804a8       1         24 Microsoft.EntityFrameworkCore.Internal.DbSetSource+<>c__5<Order.Infrastructure.Entities.SubOrderModels.SubOrderItemModel>
7ffcf5780c08       1         24 Microsoft.EntityFrameworkCore.Internal.DbSetSource+<>c__5<Order.Infrastructure.Entities.SubOrderModels.SubOrderItemAmtDtlModel>
7ffcf5780fb0       1         24 Microsoft.EntityFrameworkCore.Internal.DbSetSource+<>c__5<Order.Infrastructure.Entities.SubOrderModels.SubOrderItemBarcodeModel>
7ffcf5781358       1         24 Microsoft.EntityFrameworkCore.Internal.DbSetSource+<>c__5<Order.Infrastructure.Entities.SubOrderModels.SubOrderItemDeliveryWindowModel>
7ffcf5781700       1         24 Microsoft.EntityFrameworkCore.Internal.DbSetSource+<>c__5<Order.Infrastructure.Entities.SubOrderModels.SubOrderItemFulFillmentModel>
7ffcf576c468       1         24 Microsoft.EntityFrameworkCore.Internal.DbSetSource+<>c__5<Order.Infrastructure.Entities.SubOrderModels.SubOrderItemFulFillmentServiceTypeModel>
7ffcf576c800       1         24 Microsoft.EntityFrameworkCore.Internal.DbSetSource+<>c__5<Order.Infrastructure.Entities.SubOrderModels.SubOrderItemPayModel>
7ffcf5784608       1         24 Microsoft.EntityFrameworkCore.Internal.DbSetSource+<>c__5<Order.Infrastructure.Entities.MasterData.SysChannelModel>
7ffcf5783b40       1         24 Microsoft.EntityFrameworkCore.Internal.DbSetSource+<>c__5<Order.Infrastructure.Entities.SubOrderModels.SubOrderPromotionAmountModel>
7ffcf5783ed8       1         24 Microsoft.EntityFrameworkCore.Internal.DbSetSource+<>c__5<Order.Infrastructure.Entities.SubOrderModels.SubOrderRemarkModel>
7ffcf5784270       1         24 Microsoft.EntityFrameworkCore.Internal.DbSetSource+<>c__5<Order.Infrastructure.Entities.MasterData.SysAddressTypeModel>
7ffcf57849a0       1         24 Microsoft.EntityFrameworkCore.Internal.DbSetSource+<>c__5<Order.Infrastructure.Entities.MasterData.SysConfigChannelUploadMappingModel>
7ffcf576cb98       1         24 Microsoft.EntityFrameworkCore.Internal.DbSetSource+<>c__5<Order.Infrastructure.Entities.SubOrderModels.SubOrderItemPromotionModel>
7ffcf576cf30       1         24 Microsoft.EntityFrameworkCore.Internal.DbSetSource+<>c__5<Order.Infrastructure.Entities.SubOrderModels.SubOrderItemPromotionsModel>
7ffcf576d2c8       1         24 Microsoft.EntityFrameworkCore.Internal.DbSetSource+<>c__5<Order.Infrastructure.Entities.SubOrderModels.SubOrderItemRemarkModel>
7ffcf5783410       1         24 Microsoft.EntityFrameworkCore.Internal.DbSetSource+<>c__5<Order.Infrastructure.Entities.SubOrderModels.SubOrderItemTaxModel>
7ffcf57837a8       1         24 Microsoft.EntityFrameworkCore.Internal.DbSetSource+<>c__5<Order.Infrastructure.Entities.SubOrderModels.SubOrderPromotionModel>
7ffcf5784d38       1         24 Microsoft.EntityFrameworkCore.Internal.DbSetSource+<>c__5<Order.Infrastructure.Entities.MasterData.SysDeliverySubTypeModel>
7ffcf5785498       1         24 Microsoft.EntityFrameworkCore.Internal.DbSetSource+<>c__5<Order.Infrastructure.Entities.MasterData.SysFulfillmentOptionModel>
7ffcf5785898       1         24 Microsoft.EntityFrameworkCore.Internal.DbSetSource+<>c__5<Order.Infrastructure.Entities.MasterData.SysFulfillmentPriorityModel>
7ffcf5785bc8       1         24 Microsoft.EntityFrameworkCore.Internal.DbSetSource+<>c__5<Order.Infrastructure.Entities.MasterData.SysFulfillmentTypeModel>
7ffcf6312780       1         24 Microsoft.EntityFrameworkCore.Metadata.IReadOnlyEntityType+<>c
7ffcf57850d0       1         24 Microsoft.EntityFrameworkCore.Internal.DbSetSource+<>c__5<Order.Infrastructure.Entities.MasterData.SysDeliveryTypeModel>
7ffcf5786a88       1         24 Microsoft.EntityFrameworkCore.Internal.DbSetSource+<>c__5<Order.Infrastructure.Entities.MasterData.SysOrderFulfillmentTypeModel>
7ffcf5785f60       1         24 Microsoft.EntityFrameworkCore.Internal.DbSetSource+<>c__5<Order.Infrastructure.Entities.SettingModel.SysFunctionConfigModel>
7ffcf5786308       1         24 Microsoft.EntityFrameworkCore.Internal.DbSetSource+<>c__5<Order.Infrastructure.Entities.SettingModel.SysFunctionModel>
7ffcf5786628       1         24 Microsoft.EntityFrameworkCore.Internal.DbSetSource+<>c__5<Order.Infrastructure.Entities.MasterData.SysInsuranceConfigurationModel>
7ffcf5786e00       1         24 Microsoft.EntityFrameworkCore.Internal.DbSetSource+<>c__5<Order.Infrastructure.Entities.MasterData.SysOrderTypeModel>
7ffcf57871a8       1         24 Microsoft.EntityFrameworkCore.Internal.DbSetSource+<>c__5<Order.Infrastructure.Entities.MasterData.SysRoleChannelMappingModel>
7ffcf5787650       1         24 Microsoft.EntityFrameworkCore.Internal.DbSetSource+<>c__5<Order.Infrastructure.Entities.SysRunningNumber.SysRunningNumberModel>
7ffcf5787908       1         24 Microsoft.EntityFrameworkCore.Internal.DbSetSource+<>c__5<Order.Infrastructure.Entities.SysRunningNumber.SysRunningNumberTypeModel>
7ffcf5787ca0       1         24 Microsoft.EntityFrameworkCore.Internal.DbSetSource+<>c__5<Order.Infrastructure.Entities.SysStatusAggregate.SysStatusAggregateModel>
7ffcf5787fc0       1         24 Microsoft.EntityFrameworkCore.Internal.DbSetSource+<>c__5<Order.Infrastructure.Entities.MasterData.SysStatusModel>
7ffcf5789aa0       1         24 Microsoft.EntityFrameworkCore.Infrastructure.Internal.EntityFrameworkMetrics+<>c
7ffcf5789f88       1         24 Microsoft.Extensions.Logging.Logger<Order.API.Controllers.OrderController>
7ffcf57b3828       1         24 Microsoft.Extensions.Options.IPostConfigureOptions<AutoMapper.MapperConfigurationExpression>[]
7ffcf57b26c8       1         24 Microsoft.Extensions.Options.IValidateOptions<AutoMapper.MapperConfigurationExpression>[]
7ffcf57b7328       1         24 System.Action<AutoMapper.Configuration.ValidationContext>[]
7ffcf57b6a80       1         24 AutoMapper.Features.Features<AutoMapper.Features.IGlobalFeature>
7ffcf57b8d38       1         24 AutoMapper.PascalCaseNamingConvention
7ffcf57b9078       1         24 AutoMapper.Internal.Mappers.CollectionMapper
7ffcf57b91b0       1         24 AutoMapper.Internal.Mappers.AssignableMapper
7ffcf57b92f8       1         24 AutoMapper.Internal.Mappers.NullableSourceMapper
7ffcf57b9410       1         24 AutoMapper.Internal.Mappers.ToStringMapper
7ffcf57b9558       1         24 AutoMapper.Internal.Mappers.NullableDestinationMapper
7ffcf57b9690       1         24 AutoMapper.Internal.Mappers.ConvertMapper
7ffcf57b9828       1         24 AutoMapper.Internal.Mappers.StringToEnumMapper
7ffcf57b9980       1         24 AutoMapper.Internal.Mappers.EnumToEnumMapper
7ffcf57b9ad0       1         24 AutoMapper.Internal.Mappers.ParseStringMapper
7ffcf57b9be0       1         24 AutoMapper.Internal.Mappers.UnderlyingTypeEnumMapper
7ffcf57b9d10       1         24 AutoMapper.Internal.Mappers.KeyValueMapper
7ffcf57b9e40       1         24 AutoMapper.Internal.Mappers.ConstructorMapper
7ffcf57ba150       1         24 AutoMapper.Internal.Mappers.FromStringDictionaryMapper
7ffcf57ba2c8       1         24 AutoMapper.Internal.Mappers.ToStringDictionaryMapper
7ffcf57ba460       1         24 AutoMapper.Internal.Mappers.FromDynamicMapper
7ffcf57ba5f8       1         24 AutoMapper.Internal.Mappers.ToDynamicMapper
7ffcf57bd920       1         24 AutoMapper.MapperConfigurationExpression+<>c
7ffcf57d47b8       1         24 System.Action<AutoMapper.TypeMap>[]
7ffcf3db6eb0       1         24 Order.API.MappingProfiles.OrderMappingProfile+<>c
7ffcf3db7620       1         24 Order.API.MappingProfiles.SubOrderMappingProfile+<>c
7ffcf63ea290       1         24 Microsoft.EntityFrameworkCore.Query.QueryCompilationContext+NotTranslatedExpressionType
7ffcf6e2b348       1         24 Order.Infrastructure.Entities.OrderModels.OrderPromotionModel[]
7ffcf6e44598       1         24 CommonApiMessage.AggregatesModel.RewardPromotion.Internal.RewardItemPromotionViewModel[]
7ffcf6e44628       1         24 Microsoft.EntityFrameworkCore.Internal.InternalDbSet<Order.Infrastructure.Entities.Promotion.PromotionItemModel>+<>c
7ffcf3db7790       1         24 Order.API.MappingProfiles.RoleChannelMapping.CreateRoleChannelMappingProfile+<>c
7ffcf63f2e88       1         24 System.Collections.Generic.ObjectEqualityComparer<Microsoft.EntityFrameworkCore.Query.ProjectionMember>
7ffcf63f30c0       1         24 Microsoft.EntityFrameworkCore.Query.ProjectionMember[]
7ffcf3db7960       1         24 Order.API.MappingProfiles.Order.GetOrderDeliveryNoteByPackingIdProfile+<>c
7ffcf3db7b30       1         24 Order.API.MappingProfiles.Order.GetOrderDeliveryNoteProfile+<>c
7ffcf3dba5f8       1         24 Order.API.MappingProfiles.OrderFront.CreateOrderFrontManualProfile+<>c
7ffcf5876c50       1         24 System.Linq.Expressions.Expression+<>c
7ffcf5876e50       1         24 System.Collections.ObjectModel.ReadOnlyCollection<System.Linq.Expressions.MemberBinding>
7ffcf5a3cc48       1         24 AutoMapper.Execution.ExpressionBuilder+<>c
7ffcf5a56678       1         24 AutoMapper.Internal.LockingConcurrentDictionary<AutoMapper.Internal.TypePair, AutoMapper.TypeMap>+<>c__DisplayClass2_0
7ffcf5a5e068       1         24 Microsoft.AspNetCore.Http.Features.QueryFeature+<>c
7ffcf5a5e958       1         24 Microsoft.AspNetCore.Http.QueryCollection
7ffcf5a60a18       1         24 Microsoft.Extensions.Logging.LoggerMessage+LogValues<System.String, System.Type>+<>c
7ffcf4d006c0       1         24 System.Collections.Generic.GenericArraySortHelper<System.String>
7ffcf5a67940       1         24 Microsoft.Extensions.Logging.LoggerMessage+LogValues<System.String, System.Type, System.String>+<>c
7ffcf5a6b270       1         24 System.Collections.Generic.ObjectEqualityComparer<Microsoft.AspNetCore.Mvc.ModelBinding.Metadata.DefaultModelMetadata>
7ffcf5aa3360       1         24 MediatR.Mediator+<>c__7<CommonApiMessage.AggregatesModel.SubOrderMessage.SubOrderMessageViewModel>
7ffcf5aa3858       1         24 MediatR.Wrappers.RequestHandlerWrapperImpl<Order.Business.Mediator.Commands.Order.GetSubOrderCommand, CommonApiMessage.AggregatesModel.SubOrderMessage.SubOrderMessageViewModel>
7ffcf5aacc18       1         24 FluentValidation.AbstractValidator<Order.Business.Mediator.Commands.Order.GetSubOrderCommand>+<>c
7ffcf5ac6578       1         24 FluentValidation.ValidatorConfiguration+<>c
7ffcf5ac7280       1         24 FluentValidation.ValidatorSelectorOptions+<>c
7ffcf5aa6ac8       1         24 Microsoft.Extensions.Logging.Logger<Order.Business.Validations.Order.GetSubOrderValidator>
7ffcf5ac9018       1         24 System.Collections.Generic.ObjectEqualityComparer<FluentValidation.Internal.AccessorCache<Order.Business.Mediator.Commands.Order.GetSubOrderCommand>+Key>
7ffcf5ac8350       1         24 FluentValidation.Internal.AccessorCache<Order.Business.Mediator.Commands.Order.GetSubOrderCommand>+<>c__1<Order.Business.Mediator.Commands.Order.GetSubOrderCommand>
7ffcf5accdd8       1         24 FluentValidation.Internal.PropertyChain+<>c
7ffcf4052090       1         24 Order.Business.Validations.Order.GetSubOrderValidator+<>c
7ffcf5ad4038       1         24 FluentValidation.Internal.DefaultValidatorSelector
7ffcf5ad4128       1         24 FluentValidation.Results.ValidationFailure[]
7ffcf5ad4a98       1         24 Order.Business.Validations.ValidationBehavior<Order.Business.Mediator.Commands.Order.GetSubOrderCommand, CommonApiMessage.AggregatesModel.SubOrderMessage.SubOrderMessageViewModel>+<>c
7ffcf5af5d68       1         24 Order.Infrastructure.Entities.Setting.AllowedStatusModel[]
7ffcf5adb038       1         24 Microsoft.Extensions.Logging.Logger<Order.Business.Mediator.Handlers.Order.GetSubOrderHandler>
7ffcf55dbac8       1         24 Microsoft.EntityFrameworkCore.Storage.DatabaseProviderDependencies
7ffcf53697f8       1         24 Microsoft.EntityFrameworkCore.Storage.DatabaseProvider<Microsoft.EntityFrameworkCore.SqlServer.Infrastructure.Internal.SqlServerOptionsExtension>
7ffcf5b06cd0       1         24 Microsoft.EntityFrameworkCore.Diagnostics.Internal.Interceptors+<>c
7ffcf5b05708       1         24 System.Collections.Generic.KeyValuePair<System.Int32, Microsoft.Extensions.DependencyInjection.ServiceLookup.ServiceCallSite>[]
7ffcf53bfeb8       1         24 Microsoft.EntityFrameworkCore.Internal.EntityFinderSource
7ffcf55d1068       1         24 Microsoft.EntityFrameworkCore.ChangeTracking.Internal.EntityEntryGraphIterator
7ffcf538ad80       1         24 Microsoft.EntityFrameworkCore.SqlServer.Storage.Internal.SqlServerExceptionDetector
7ffcf53b4a98       1         24 Microsoft.EntityFrameworkCore.Storage.RelationalSqlGenerationHelperDependencies
7ffcf536cc18       1         24 Microsoft.EntityFrameworkCore.SqlServer.Storage.Internal.SqlServerSqlGenerationHelper
7ffcf53b6338       1         24 Microsoft.EntityFrameworkCore.Storage.RelationalTransactionFactoryDependencies
7ffcf5380c08       1         24 Microsoft.EntityFrameworkCore.SqlServer.Storage.Internal.SqlServerTransactionFactory
7ffcf55dd338       1         24 Microsoft.EntityFrameworkCore.Storage.ValueConversion.ValueConverterSelectorDependencies
7ffcf55de8b8       1         24 Microsoft.EntityFrameworkCore.Storage.Json.JsonValueReaderWriterSourceDependencies
7ffcf55db168       1         24 Microsoft.EntityFrameworkCore.Storage.Json.JsonValueReaderWriterSource
7ffcf5b0fe08       1         24 Microsoft.EntityFrameworkCore.Storage.ITypeMappingSourcePlugin[]
7ffcf5b0fef8       1         24 Microsoft.EntityFrameworkCore.Storage.IRelationalTypeMappingSourcePlugin[]
7ffcf53b4ec0       1         24 Microsoft.EntityFrameworkCore.Storage.RelationalTypeMappingSourceDependencies
7ffcf5b29e18       1         24 Microsoft.EntityFrameworkCore.Storage.Json.JsonFloatReaderWriter
7ffcf68da180       1         24 Microsoft.Data.SqlClient.SqlClientFactory
7ffcf5b2ca40       1         24 Microsoft.EntityFrameworkCore.Storage.Json.JsonByteArrayReaderWriter
7ffcf5b2e0e0       1         24 Microsoft.EntityFrameworkCore.Storage.ValueConversion.NumberToBytesConverter<System.Int64>+<>c
7ffcf5b2f0b0       1         24 Microsoft.EntityFrameworkCore.Storage.Json.JsonInt64ReaderWriter
7ffcf4297e08       1         24 System.Linq.Expressions.PrimitiveParameterExpression<System.UInt64>
7ffcf5b2fac0       1         24 Microsoft.EntityFrameworkCore.Storage.ValueConversion.NumberToBytesConverter<System.UInt64>+<>c
7ffcf5b50300       1         24 Microsoft.EntityFrameworkCore.Storage.Json.JsonStringReaderWriter
7ffcf5b50790       1         24 Microsoft.EntityFrameworkCore.Storage.Json.JsonDateTimeReaderWriter
7ffcf5b50b60       1         24 Microsoft.EntityFrameworkCore.Storage.Json.JsonDoubleReaderWriter
7ffcf5b50f20       1         24 Microsoft.EntityFrameworkCore.Storage.Json.JsonDateTimeOffsetReaderWriter
7ffcf5b512e0       1         24 Microsoft.EntityFrameworkCore.Storage.Json.JsonDecimalReaderWriter
7ffcf5b516e0       1         24 Microsoft.EntityFrameworkCore.Storage.Json.JsonTimeOnlyReaderWriter
7ffcf5b51aa0       1         24 Microsoft.EntityFrameworkCore.Storage.Json.JsonGuidReaderWriter
7ffcf5b51e80       1         24 Microsoft.EntityFrameworkCore.Storage.Json.JsonInt32ReaderWriter
7ffcf5b52540       1         24 Microsoft.EntityFrameworkCore.Storage.Json.JsonDateOnlyReaderWriter
7ffcf5b52930       1         24 Microsoft.EntityFrameworkCore.Storage.Json.JsonBoolReaderWriter
7ffcf5b52d10       1         24 Microsoft.EntityFrameworkCore.Storage.Json.JsonByteReaderWriter
7ffcf5b53ef8       1         24 Microsoft.EntityFrameworkCore.Storage.Json.JsonInt16ReaderWriter
7ffcf5b542f8       1         24 Microsoft.EntityFrameworkCore.Storage.Json.JsonTimeSpanReaderWriter
7ffcf343cdd8       1         24 System.StringComparison
7ffcf46ae428       1         24 Order.Domain.AggregatesModel.SubOrder.SubOrderRepository+<>c
7ffcf6943a28       1         24 Microsoft.EntityFrameworkCore.Internal.InternalDbSet<Order.Infrastructure.Entities.OrderReference.OrderReferenceModel>+<>c
7ffcf539c6e0       1         24 Microsoft.EntityFrameworkCore.Storage.RelationalCommandBuilderFactory
7ffcf5baba68       1         24 System.Text.RegularExpressions.Generated.<RegexGenerator_g>FCDFAA894408A4BE52DB36407A8838158E1347B18C8E6D1FBD1331CEC2A9DD6BE__CreateConnectionStringValidKeyRegex_0+RunnerFactory
7ffcf5babdf8       1         24 System.Text.RegularExpressions.Generated.<RegexGenerator_g>FCDFAA894408A4BE52DB36407A8838158E1347B18C8E6D1FBD1331CEC2A9DD6BE__CreateConnectionStringQuoteValueRegex_1+RunnerFactory
7ffcf5bac008       1         24 System.Text.RegularExpressions.Generated.<RegexGenerator_g>FCDFAA894408A4BE52DB36407A8838158E1347B18C8E6D1FBD1331CEC2A9DD6BE__CreateConnectionStringQuoteOdbcValueRegex_2+RunnerFactory
7ffcf55d5908       1         24 Microsoft.EntityFrameworkCore.Query.Internal.CompiledQueryCache
7ffcf55dcce8       1         24 Microsoft.EntityFrameworkCore.Infrastructure.ModelCustomizerDependencies
7ffcf539ae00       1         24 Microsoft.EntityFrameworkCore.Infrastructure.RelationalModelCustomizer
7ffcf55dd010       1         24 Microsoft.EntityFrameworkCore.Infrastructure.ModelCacheKeyFactoryDependencies
7ffcf55d0410       1         24 Microsoft.EntityFrameworkCore.Infrastructure.ModelCacheKeyFactory
7ffcf55d9b38       1         24 Microsoft.EntityFrameworkCore.Metadata.Internal.PropertyParameterBindingFactory
7ffcf55db7a0       1         24 Microsoft.EntityFrameworkCore.Metadata.LazyLoaderParameterBindingFactoryDependencies
7ffcf55da220       1         24 Microsoft.EntityFrameworkCore.Metadata.Internal.ContextParameterBindingFactory
7ffcf55da400       1         24 Microsoft.EntityFrameworkCore.Metadata.Internal.EntityTypeParameterBindingFactory
7ffcf53b5950       1         24 Microsoft.EntityFrameworkCore.Metadata.RelationalAnnotationProviderDependencies
7ffcf536d7d0       1         24 Microsoft.EntityFrameworkCore.SqlServer.Metadata.Internal.SqlServerAnnotationProvider
7ffcf5397610       1         24 Microsoft.EntityFrameworkCore.SqlServer.Update.Internal.SqlServerUpdateSqlGenerator
7ffcf55dc5b8       1         24 Microsoft.EntityFrameworkCore.Infrastructure.ModelValidatorDependencies
7ffcf53b5250       1         24 Microsoft.EntityFrameworkCore.Infrastructure.RelationalModelValidatorDependencies
7ffcf539a490       1         24 Microsoft.EntityFrameworkCore.Update.Internal.RowKeyValueFactoryFactory
7ffcf539a6e0       1         24 Microsoft.EntityFrameworkCore.Update.Internal.RowForeignKeyValueFactoryFactory
7ffcf539a8f8       1         24 Microsoft.EntityFrameworkCore.Update.Internal.RowIndexValueFactoryFactory
7ffcf5be0be0       1         24 Microsoft.EntityFrameworkCore.Metadata.Conventions.IModelInitializedConvention[]
7ffcf5be0ca0       1         24 Microsoft.EntityFrameworkCore.Metadata.Conventions.IModelFinalizingConvention[]
7ffcf5be0d60       1         24 Microsoft.EntityFrameworkCore.Metadata.Conventions.IModelFinalizedConvention[]
7ffcf5be0e20       1         24 Microsoft.EntityFrameworkCore.Metadata.Conventions.IModelAnnotationChangedConvention[]
7ffcf5be0ee0       1         24 Microsoft.EntityFrameworkCore.Metadata.Conventions.IModelEmbeddedDiscriminatorNameConvention[]
7ffcf5be0fa0       1         24 Microsoft.EntityFrameworkCore.Metadata.Conventions.ITypeIgnoredConvention[]
7ffcf5be1060       1         24 Microsoft.EntityFrameworkCore.Metadata.Conventions.IEntityTypeAddedConvention[]
7ffcf5be1120       1         24 Microsoft.EntityFrameworkCore.Metadata.Conventions.IEntityTypeRemovedConvention[]
7ffcf5be11e0       1         24 Microsoft.EntityFrameworkCore.Metadata.Conventions.IEntityTypeMemberIgnoredConvention[]
7ffcf5be12a0       1         24 Microsoft.EntityFrameworkCore.Metadata.Conventions.IDiscriminatorPropertySetConvention[]
7ffcf5be1360       1         24 Microsoft.EntityFrameworkCore.Metadata.Conventions.IEntityTypeBaseTypeChangedConvention[]
7ffcf5be1420       1         24 Microsoft.EntityFrameworkCore.Metadata.Conventions.IEntityTypePrimaryKeyChangedConvention[]
7ffcf5be14e0       1         24 Microsoft.EntityFrameworkCore.Metadata.Conventions.IEntityTypeAnnotationChangedConvention[]
7ffcf5be15a0       1         24 Microsoft.EntityFrameworkCore.Metadata.Conventions.IComplexTypeMemberIgnoredConvention[]
7ffcf5be1660       1         24 Microsoft.EntityFrameworkCore.Metadata.Conventions.IComplexTypeAnnotationChangedConvention[]
7ffcf5be1720       1         24 Microsoft.EntityFrameworkCore.Metadata.Conventions.IComplexPropertyAddedConvention[]
7ffcf5be17e0       1         24 Microsoft.EntityFrameworkCore.Metadata.Conventions.IComplexPropertyRemovedConvention[]
7ffcf5be18a0       1         24 Microsoft.EntityFrameworkCore.Metadata.Conventions.IComplexPropertyNullabilityChangedConvention[]
7ffcf5be1960       1         24 Microsoft.EntityFrameworkCore.Metadata.Conventions.IComplexPropertyFieldChangedConvention[]
7ffcf5be1a20       1         24 Microsoft.EntityFrameworkCore.Metadata.Conventions.IComplexPropertyAnnotationChangedConvention[]
7ffcf5be1ae0       1         24 Microsoft.EntityFrameworkCore.Metadata.Conventions.IForeignKeyAddedConvention[]
7ffcf5be1ba0       1         24 Microsoft.EntityFrameworkCore.Metadata.Conventions.IForeignKeyRemovedConvention[]
7ffcf5be1c60       1         24 Microsoft.EntityFrameworkCore.Metadata.Conventions.IForeignKeyPrincipalEndChangedConvention[]
7ffcf5be1d20       1         24 Microsoft.EntityFrameworkCore.Metadata.Conventions.IForeignKeyPropertiesChangedConvention[]
7ffcf5be1de0       1         24 Microsoft.EntityFrameworkCore.Metadata.Conventions.IForeignKeyUniquenessChangedConvention[]
7ffcf5be1ea0       1         24 Microsoft.EntityFrameworkCore.Metadata.Conventions.IForeignKeyRequirednessChangedConvention[]
7ffcf5be1f60       1         24 Microsoft.EntityFrameworkCore.Metadata.Conventions.IForeignKeyDependentRequirednessChangedConvention[]
7ffcf5be2020       1         24 Microsoft.EntityFrameworkCore.Metadata.Conventions.IForeignKeyOwnershipChangedConvention[]
7ffcf5be20e0       1         24 Microsoft.EntityFrameworkCore.Metadata.Conventions.IForeignKeyAnnotationChangedConvention[]
7ffcf5be21a0       1         24 Microsoft.EntityFrameworkCore.Metadata.Conventions.IForeignKeyNullNavigationSetConvention[]
7ffcf5be2260       1         24 Microsoft.EntityFrameworkCore.Metadata.Conventions.INavigationAddedConvention[]
7ffcf5be2320       1         24 Microsoft.EntityFrameworkCore.Metadata.Conventions.INavigationAnnotationChangedConvention[]
7ffcf5be23e0       1         24 Microsoft.EntityFrameworkCore.Metadata.Conventions.INavigationRemovedConvention[]
7ffcf5be24a0       1         24 Microsoft.EntityFrameworkCore.Metadata.Conventions.ISkipNavigationAddedConvention[]
7ffcf5be2560       1         24 Microsoft.EntityFrameworkCore.Metadata.Conventions.ISkipNavigationAnnotationChangedConvention[]
7ffcf5be2620       1         24 Microsoft.EntityFrameworkCore.Metadata.Conventions.ISkipNavigationForeignKeyChangedConvention[]
7ffcf5be26e0       1         24 Microsoft.EntityFrameworkCore.Metadata.Conventions.ISkipNavigationInverseChangedConvention[]
7ffcf5be27a0       1         24 Microsoft.EntityFrameworkCore.Metadata.Conventions.ISkipNavigationRemovedConvention[]
7ffcf5be2860       1         24 Microsoft.EntityFrameworkCore.Metadata.Conventions.ITriggerAddedConvention[]
7ffcf5be2920       1         24 Microsoft.EntityFrameworkCore.Metadata.Conventions.ITriggerRemovedConvention[]
7ffcf5be29e0       1         24 Microsoft.EntityFrameworkCore.Metadata.Conventions.IKeyAddedConvention[]
7ffcf5be2aa0       1         24 Microsoft.EntityFrameworkCore.Metadata.Conventions.IKeyRemovedConvention[]
7ffcf5be2b60       1         24 Microsoft.EntityFrameworkCore.Metadata.Conventions.IKeyAnnotationChangedConvention[]
7ffcf5be2c20       1         24 Microsoft.EntityFrameworkCore.Metadata.Conventions.IIndexAddedConvention[]
7ffcf5be2ce0       1         24 Microsoft.EntityFrameworkCore.Metadata.Conventions.IIndexRemovedConvention[]
7ffcf5be2da0       1         24 Microsoft.EntityFrameworkCore.Metadata.Conventions.IIndexUniquenessChangedConvention[]
7ffcf5be2e60       1         24 Microsoft.EntityFrameworkCore.Metadata.Conventions.IIndexSortOrderChangedConvention[]
7ffcf5be2f20       1         24 Microsoft.EntityFrameworkCore.Metadata.Conventions.IIndexAnnotationChangedConvention[]
7ffcf5be2fe0       1         24 Microsoft.EntityFrameworkCore.Metadata.Conventions.IPropertyAddedConvention[]
7ffcf5be30a0       1         24 Microsoft.EntityFrameworkCore.Metadata.Conventions.IPropertyNullabilityChangedConvention[]
7ffcf5be3160       1         24 Microsoft.EntityFrameworkCore.Metadata.Conventions.IPropertyFieldChangedConvention[]
7ffcf5be3220       1         24 Microsoft.EntityFrameworkCore.Metadata.Conventions.IPropertyElementTypeChangedConvention[]
7ffcf5be32e0       1         24 Microsoft.EntityFrameworkCore.Metadata.Conventions.IPropertyAnnotationChangedConvention[]
7ffcf5be33a0       1         24 Microsoft.EntityFrameworkCore.Metadata.Conventions.IPropertyRemovedConvention[]
7ffcf5be3460       1         24 Microsoft.EntityFrameworkCore.Metadata.Conventions.IElementTypeNullabilityChangedConvention[]
7ffcf5be3520       1         24 Microsoft.EntityFrameworkCore.Metadata.Conventions.IElementTypeAnnotationChangedConvention[]
7ffcf5c1f5e8       1         24 System.Collections.Generic.SortedDictionary<System.String, Microsoft.EntityFrameworkCore.Metadata.Internal.EntityType>+KeyValuePairComparer
7ffcf5c1f330       1         24 Microsoft.EntityFrameworkCore.Metadata.TypeBaseNameComparer
7ffcf5c2b588       1         24 System.Collections.Generic.ObjectEqualityComparer<Microsoft.EntityFrameworkCore.Metadata.IConventionForeignKey>
7ffcf5c320a0       1         24 Microsoft.EntityFrameworkCore.Metadata.Internal.Model+<>c
7ffcf389c560       1         24 System.DateOnly
7ffcf39c3408       1         24 System.TimeOnly
7ffcf5c38958       1         24 Microsoft.EntityFrameworkCore.Metadata.ForeignKeyComparer
7ffcf5c3fe60       1         24 Microsoft.EntityFrameworkCore.Metadata.Internal.PropertyListComparer
7ffcf5c4c0f0       1         24 System.SharedTypeExtensions+<>c
7ffcf5c4de60       1         24 Microsoft.EntityFrameworkCore.Metadata.Conventions.Internal.ConventionDispatcher+ConventionNode[]
7ffcf5c4dfe0       1         24 Microsoft.EntityFrameworkCore.Metadata.Conventions.RelationalDbFunctionAttributeConvention+<>c
7ffcf5c63090       1         24 Microsoft.EntityFrameworkCore.Metadata.Conventions.Internal.ConventionDispatcher+ConventionScope[]
7ffcf5c76280       1         24 System.Reflection.PropertyInfoExtensions+<>c
7ffcf5c7ac78       1         24 System.ValueTuple<System.Reflection.PropertyInfo, System.Type>[]
7ffcf5c80b38       1         24 Microsoft.EntityFrameworkCore.Storage.RelationalTypeMappingSource+<>c
7ffcf5c81d20       1         24 System.Collections.Generic.GenericEqualityComparer<Microsoft.EntityFrameworkCore.Storage.TypeMappingInfo>
7ffcf5c82580       1         24 System.Collections.Generic.ObjectEqualityComparer<Microsoft.EntityFrameworkCore.Storage.CoreTypeMapping>
7ffcf5c82720       1         24 System.Collections.Generic.GenericEqualityComparer<System.Boolean>
7ffcf34045f8       1         24 System.Collections.Generic.NullableEqualityComparer<System.Int32>
7ffcf5c82b28       1         24 System.Collections.Generic.NullableEqualityComparer<System.Boolean>
7ffcf5c82d48       1         24 System.Collections.Generic.ObjectEqualityComparer<Microsoft.EntityFrameworkCore.Storage.Json.JsonValueReaderWriter>
7ffcf5c82fc8       1         24 System.Collections.Generic.NullableEqualityComparer<System.Data.DbType>
7ffcf5c8bb60       1         24 Microsoft.EntityFrameworkCore.Metadata.Internal.EntityType[]
7ffcf5c8cf20       1         24 Microsoft.EntityFrameworkCore.Metadata.Internal.ServiceProperty[]
7ffcf5c8d418       1         24 Microsoft.EntityFrameworkCore.Metadata.Internal.ComplexProperty[]
7ffcf5c8da00       1         24 Microsoft.EntityFrameworkCore.Metadata.Internal.Navigation[]
7ffcf5c8de70       1         24 Microsoft.EntityFrameworkCore.Metadata.Internal.SkipNavigation[]
7ffcf5c8fef8       1         24 Microsoft.EntityFrameworkCore.Metadata.Internal.TypeBase[]
7ffcf5ca88b0       1         24 System.Collections.Generic.GenericEqualityComparer<System.ValueTuple<Microsoft.EntityFrameworkCore.Storage.RelationalTypeMappingInfo, System.Type, Microsoft.EntityFrameworkCore.Storage.ValueConversion.ValueConverter, Microsoft.EntityFrameworkCore.Storage.CoreTypeMapping>>
7ffcf5ca9c50       1         24 System.Collections.Generic.GenericEqualityComparer<Microsoft.EntityFrameworkCore.Storage.RelationalTypeMappingInfo>
7ffcf5caa3a8       1         24 System.Collections.Generic.ObjectEqualityComparer<Microsoft.EntityFrameworkCore.Storage.ValueConversion.ValueConverter>
7ffcf5cac738       1         24 Microsoft.EntityFrameworkCore.Metadata.Conventions.KeyDiscoveryConvention+<>c
7ffcf5cae7d0       1         24 Microsoft.EntityFrameworkCore.Metadata.Conventions.RelationalKeyDiscoveryConvention+<>c
7ffcf5cdca50       1         24 System.Collections.Generic.ObjectEqualityComparer<Microsoft.EntityFrameworkCore.Metadata.IConventionEntityType>
7ffcf5cdd900       1         24 Microsoft.EntityFrameworkCore.Metadata.Conventions.RelationshipDiscoveryConvention+RelationshipCandidate[]
7ffcf5c73468       1         24 Microsoft.EntityFrameworkCore.Infrastructure.Internal.MemberInfoNameComparer
7ffcf5d0ce50       1         24 Microsoft.EntityFrameworkCore.Metadata.MemberIdentity
7ffcf5cdfd00       1         24 Microsoft.EntityFrameworkCore.Metadata.Conventions.RelationshipDiscoveryConvention+<>c
7ffcf5d0e660       1         24 System.Collections.Generic.ObjectEqualityComparer<Microsoft.EntityFrameworkCore.Metadata.Conventions.RelationshipDiscoveryConvention+RelationshipCandidate>
7ffcf5d189c8       1         24 Microsoft.EntityFrameworkCore.Metadata.Internal.InternalForeignKeyBuilder+<>c
7ffcf5d1a090       1         24 Microsoft.EntityFrameworkCore.Metadata.Internal.InternalTypeBaseBuilder+<>c
7ffcf5d1f0f0       1         24 Microsoft.EntityFrameworkCore.Metadata.Internal.ForeignKey+<>c
7ffcf5d2eeb8       1         24 System.ValueTuple<Microsoft.EntityFrameworkCore.Metadata.Internal.InternalForeignKeyBuilder, System.Boolean, Microsoft.EntityFrameworkCore.Metadata.Internal.InternalForeignKeyBuilder+Resolution, System.Boolean>[]
7ffcf5d498f0       1         24 System.Collections.Generic.ObjectEqualityComparer<Microsoft.EntityFrameworkCore.Metadata.Internal.InternalForeignKeyBuilder>
7ffcf5d4b200       1         24 Microsoft.EntityFrameworkCore.Metadata.IReadOnlyNavigation[]
7ffcf5d4ab40       1         24 Microsoft.EntityFrameworkCore.Metadata.Internal.EntityTypeExtensions+<>c
7ffcf5cb1950       1         24 Microsoft.EntityFrameworkCore.Metadata.Internal.InternalEntityTypeBuilder+<>c
7ffcf5d65cc0       1         24 System.Collections.Generic.ObjectEqualityComparer<Microsoft.EntityFrameworkCore.Metadata.Internal.Property>
7ffcf5d66ea8       1         24 System.Collections.Generic.ObjectEqualityComparer<Microsoft.EntityFrameworkCore.Metadata.Internal.ForeignKey>
7ffcf5d6b088       1         24 Microsoft.EntityFrameworkCore.Metadata.Internal.RelationshipSnapshot[]
7ffcf5d6cc88       1         24 System.Collections.Generic.ObjectEqualityComparer<Microsoft.EntityFrameworkCore.Metadata.Internal.Key>
7ffcf62e27a8       1         24 System.Threading.AsyncLocal<Microsoft.EntityFrameworkCore.Storage.ExecutionStrategy>
7ffcf5d033d0       1         24 Microsoft.EntityFrameworkCore.Storage.ValueConversion.ValueConverterSelector+<>c
7ffcf5da1098       1         24 Microsoft.EntityFrameworkCore.Storage.ValueConversion.EnumToNumberConverter<Order.Infrastructure.Entities.Abstractions.BaseStatus, System.Int32>+<>c
7ffcf69a7c28       1         24 Microsoft.EntityFrameworkCore.Query.Internal.SingleQueryingEnumerable<Order.Infrastructure.Entities.OrderReference.OrderReferenceModel>+Enumerator+<>c
7ffcf694ed30       1         24 Microsoft.EntityFrameworkCore.EnumerableMethods+<>c
7ffcf5daced0       1         24 Microsoft.EntityFrameworkCore.Metadata.Conventions.BackingFieldConvention+<>c
7ffcf5daf978       1         24 System.Linq.Enumerable+EnumerableSorter<System.Collections.Generic.KeyValuePair<System.String, System.Reflection.FieldInfo>>+<>c
7ffcf5fc9cd8       1         24 Microsoft.EntityFrameworkCore.Metadata.Conventions.ForeignKeyIndexConvention+<>c
7ffcf5fcbe60       1         24 Microsoft.EntityFrameworkCore.Metadata.IConventionIndex[]
7ffcf5fcc290       1         24 Microsoft.EntityFrameworkCore.Metadata.Conventions.ForeignKeyPropertyDiscoveryConvention+<>c
7ffcf5fd20f8       1         24 Microsoft.EntityFrameworkCore.RelationalEntityTypeExtensions+<>c
7ffcf5fd77e0       1         24 Microsoft.EntityFrameworkCore.RelationalPropertyExtensions+<>c
7ffcf5fd9680       1         24 Microsoft.EntityFrameworkCore.Metadata.Conventions.ValueGenerationConvention+<>c
7ffcf5ff5d90       1         24 Microsoft.EntityFrameworkCore.Metadata.Conventions.SqlServerOnDeleteConvention+<>c
7ffcf600e978       1         24 System.Collections.Generic.ObjectEqualityComparer<Microsoft.EntityFrameworkCore.Metadata.IConventionProperty>
7ffcf600f2c8       1         24 System.Collections.Generic.ObjectEqualityComparer<Microsoft.EntityFrameworkCore.Metadata.IReadOnlyProperty>
7ffcf5cb9ea0       1         24 Microsoft.EntityFrameworkCore.Metadata.Internal.Property+<>c
7ffcf6016578       1         24 System.Linq.Enumerable+EnumerableSorter<Microsoft.EntityFrameworkCore.Metadata.Internal.ForeignKey>+<>c
7ffcf601c808       1         24 Microsoft.EntityFrameworkCore.Metadata.Internal.InternalIndexBuilder[]
7ffcf6033f28       1         24 System.ComponentModel.DataAnnotations.Schema.InversePropertyAttribute[]
7ffcf6034648       1         24 Microsoft.EntityFrameworkCore.BackingFieldAttribute[]
7ffcf6034b78       1         24 System.ComponentModel.DataAnnotations.RequiredAttribute[]
7ffcf4c213f0       1         24 System.Text.Json.Serialization.JsonPropertyNameAttribute[]
7ffcf6013350       1         24 Microsoft.EntityFrameworkCore.Metadata.Conventions.ForeignKeyAttributeConvention+<>c
7ffcf5cad410       1         24 Microsoft.EntityFrameworkCore.Metadata.IConventionProperty[]
7ffcf5ff36b8       1         24 Microsoft.EntityFrameworkCore.Metadata.Conventions.SqlServerMemoryOptimizedTablesConvention+<>c
7ffcf609bff0       1         24 System.Collections.Generic.ObjectEqualityComparer<Microsoft.EntityFrameworkCore.Metadata.Internal.Index>
7ffcf416e880       1         24 Order.Infrastructure.OrderContext+<>c
7ffcf60aa460       1         24 System.Collections.Generic.SortedDictionary<System.String, Microsoft.EntityFrameworkCore.Metadata.Internal.EntityType>+ValueCollection
7ffcf60adc10       1         24 Microsoft.EntityFrameworkCore.Metadata.Conventions.ModelCleanupConvention+GraphAdapter+<>c
7ffcf60bc348       1         24 Microsoft.EntityFrameworkCore.Metadata.Internal.ConstructorBindingFactory+<>c
7ffcf60bf158       1         24 Microsoft.EntityFrameworkCore.Metadata.InstantiationBinding[]
7ffcf60bf218       1         24 System.Collections.Generic.IEnumerable<System.Reflection.ParameterInfo>[]
7ffcf60bf2c0       1         24 Microsoft.EntityFrameworkCore.Metadata.Internal.ConstructorBindingFactory+<>c__8<Microsoft.EntityFrameworkCore.Metadata.IConventionEntityType>
7ffcf60d0328       1         24 Microsoft.EntityFrameworkCore.Metadata.ParameterBinding[]
7ffcf60dead8       1         24 Microsoft.EntityFrameworkCore.Metadata.IQueryFilter[]
7ffcf60e32d0       1         24 Microsoft.EntityFrameworkCore.Metadata.IProperty[]
7ffcf60ea490       1         24 System.Collections.Generic.ObjectEqualityComparer<Microsoft.EntityFrameworkCore.Metadata.IProperty>
7ffcf60ea750       1         24 System.Collections.Generic.GenericEqualityComparer<System.ValueTuple<System.Type, System.Type>>
7ffcf60edbf8       1         24 Microsoft.EntityFrameworkCore.Metadata.IDbFunction[]
7ffcf6104ff0       1         24 System.Collections.Generic.GenericEqualityComparer<Microsoft.EntityFrameworkCore.Metadata.StoreObjectIdentifier>
7ffcf610a1c8       1         24 Microsoft.EntityFrameworkCore.Metadata.IConventionEntityTypeMappingFragment[]
7ffcf610a338       1         24 Microsoft.EntityFrameworkCore.Metadata.Conventions.DiscriminatorLengthConvention+<>c
7ffcf611c318       1         24 System.Collections.Generic.GenericEqualityComparer<System.ValueTuple<System.String, System.String>>
7ffcf612fb20       1         24 Microsoft.EntityFrameworkCore.Metadata.ICheckConstraint[]
7ffcf61435e8       1         24 Microsoft.EntityFrameworkCore.Metadata.Internal.Trigger[]
7ffcf6143c40       1         24 Microsoft.EntityFrameworkCore.Metadata.Internal.RelationalForeignKeyExtensions+<>c
7ffcf6148440       1         24 System.Text.StringBuilderExtensions+<>c
7ffcf614b698       1         24 Microsoft.EntityFrameworkCore.Metadata.Internal.RelationalIndexExtensions+<>c
7ffcf614ea18       1         24 Microsoft.EntityFrameworkCore.Metadata.Conventions.RelationalMapToJsonConvention+<>c
7ffcf6153b00       1         24 Microsoft.EntityFrameworkCore.Metadata.Conventions.SqlServerTemporalConvention+<>c
7ffcf6154ae0       1         24 Microsoft.EntityFrameworkCore.Infrastructure.AnnotatableBase+<>c
7ffcf6156970       1         24 Microsoft.EntityFrameworkCore.SqlServer.Infrastructure.Internal.SqlServerModelValidator+<>c
7ffcf615ef38       1         24 Microsoft.EntityFrameworkCore.Infrastructure.ModelValidator+<>c
7ffcf617ec50       1         24 Microsoft.EntityFrameworkCore.Infrastructure.RelationalModelValidator+<>c
7ffcf6185e28       1         24 System.Collections.Generic.ObjectEqualityComparer<Microsoft.EntityFrameworkCore.Metadata.IEntityType>
7ffcf618c9d8       1         24 System.Collections.Generic.List<Microsoft.EntityFrameworkCore.Metadata.IEntityType>[]
7ffcf619ece8       1         24 System.Collections.Generic.ObjectEqualityComparer<Microsoft.EntityFrameworkCore.Metadata.IPropertyBase>
7ffcf619f260       1         24 System.Collections.Generic.ObjectEqualityComparer<System.Reflection.FieldInfo>
7ffcf619f898       1         24 Microsoft.EntityFrameworkCore.Metadata.Internal.TypeBase+<>c
7ffcf61befd0       1         24 System.Collections.Generic.ObjectEqualityComparer<Microsoft.EntityFrameworkCore.Metadata.IKey>
7ffcf61c36e8       1         24 System.Collections.Generic.IDictionary<System.String, System.Object>[]
7ffcf61c74e8       1         24 Microsoft.EntityFrameworkCore.Metadata.IReadOnlyProperty+<>c
7ffcf61c8de0       1         24 Microsoft.EntityFrameworkCore.Storage.CoreTypeMapping+<>c
7ffcf69444e0       1         24 Order.Infrastructure.Entities.OrderReference.OrderReferenceModel[]
7ffcf6944dd8       1         24 Microsoft.EntityFrameworkCore.Query.Internal.CompiledQueryCache+<>c__3<System.Collections.Generic.IEnumerable<Order.Infrastructure.Entities.OrderReference.OrderReferenceModel>>
7ffcf63c1768       1         24 Microsoft.EntityFrameworkCore.Metadata.RuntimeEntityType[]
7ffcf694be30       1         24 Microsoft.EntityFrameworkCore.EnumerableMethods+<>c
7ffcf61d1e08       1         24 Microsoft.EntityFrameworkCore.Metadata.Internal.PropertyBase+<>c
7ffcf61d20e8       1         24 Microsoft.EntityFrameworkCore.ChangeTracking.Internal.CurrentValueComparerFactory
7ffcf61d50b0       1         24 Microsoft.EntityFrameworkCore.ChangeTracking.ValueComparer<System.DateTime>+<>c
7ffcf69b23e0       1         24 Microsoft.EntityFrameworkCore.Infrastructure.Uniquifier+<>c__1<System.Object>
7ffcf69b2ed0       1         24 Microsoft.EntityFrameworkCore.Query.QuerySqlGenerator+<>c__53<Microsoft.EntityFrameworkCore.Query.SqlExpressions.SqlExpression>
7ffcf61f0680       1         24 System.Collections.Generic.NullableComparer<System.Int64>
7ffcf61f6390       1         24 Microsoft.EntityFrameworkCore.EnumerableMethods+<>c
7ffcf62688c8       1         24 System.GenericEmptyEnumerator<System.Collections.Generic.KeyValuePair<System.Int32, System.Collections.Generic.List<System.String>>>
7ffcf6c1f368       1         24 Microsoft.EntityFrameworkCore.Internal.InternalDbSet<Order.Infrastructure.Entities.OrderItemInformation.OrderItemOtherInfoModel>+<>c
7ffcf6c1fef8       1         24 Order.Infrastructure.Entities.OrderItemInformation.OrderItemOtherInfoModel[]
7ffcf6c30798       1         24 Microsoft.EntityFrameworkCore.Query.Internal.CompiledQueryCache+<>c__3<System.Collections.Generic.IEnumerable<Order.Infrastructure.Entities.OrderItemInformation.OrderItemOtherInfoModel>>
7ffcf6c33880       1         24 Microsoft.EntityFrameworkCore.Query.Internal.SingleQueryingEnumerable<Order.Infrastructure.Entities.OrderItemInformation.OrderItemOtherInfoModel>+Enumerator+<>c
7ffcf6c34ba0       1         24 CommonApiMessage.AggregatesModel.SubOrderMessage.SubOrderMessageItemTaxViewModel[]
7ffcf6c35400       1         24 CommonApiMessage.AggregatesModel.SubOrderMessage.SubOrderMessageItemPromotionsViewModel[]
7ffcf6c35758       1         24 CommonApiMessage.AggregatesModel.SubOrderMessage.SubOrderMessageItemRemarkViewModel[]
7ffcf6c362f8       1         24 CommonApiMessage.AggregatesModel.SubOrderMessage.SubOrderMessageItemSubBarcodeViewModel[]
7ffcf6c37098       1         24 Microsoft.EntityFrameworkCore.Internal.InternalDbSet<Order.Infrastructure.Entities.StoreLocation.StoreLocationModel>+<>c
7ffcf6c38508       1         24 Microsoft.EntityFrameworkCore.Query.Internal.CompiledQueryCache+<>c__3<System.Collections.Generic.IEnumerable<Order.Infrastructure.Entities.StoreLocation.StoreLocationModel>>
7ffcf43550a8       1         24 Microsoft.Extensions.Logging.Logger<Microsoft.AspNetCore.Mvc.Infrastructure.DefaultOutputFormatterSelector>
7ffcf4354ed0       1         24 System.Collections.ObjectModel.ReadOnlyCollection<Microsoft.AspNetCore.Mvc.Formatters.IOutputFormatter>
7ffcf4355378       1         24 Microsoft.Extensions.Logging.Logger<Microsoft.AspNetCore.Mvc.Infrastructure.ObjectResultExecutor>
7ffcf6f0fc48       1         24 Microsoft.Extensions.Logging.LoggerMessage+LogValues<System.Collections.Generic.IEnumerable<Microsoft.AspNetCore.Mvc.Formatters.IOutputFormatter>>+<>c
7ffcf6c3d230       1         24 Microsoft.EntityFrameworkCore.Query.Internal.SingleQueryingEnumerable<Order.Infrastructure.Entities.StoreLocation.StoreLocationModel>+Enumerator+<>c
7ffcf6f32ab0       1         24 Microsoft.Extensions.Logging.LoggerMessage+LogValues<Microsoft.AspNetCore.Mvc.Formatters.MediaTypeCollection>+<>c
7ffcf6f33378       1         24 Microsoft.Extensions.Logging.LoggerMessage+LogValues<Microsoft.AspNetCore.Mvc.Formatters.IOutputFormatter, System.String>+<>c
7ffcf6f343b8       1         24 Microsoft.Net.Http.Headers.StringWithQualityHeaderValue[]
7ffcf6c3dd48       1         24 Microsoft.EntityFrameworkCore.Metadata.RuntimeKey+<>c
7ffcf6c3edc0       1         24 Microsoft.EntityFrameworkCore.Metadata.RuntimeKey+<>c__26<System.Int32>
7ffcf565f0c8       1         24 Microsoft.EntityFrameworkCore.Metadata.Internal.PropertyAccessorsFactory
7ffcf6f359e0       1         24 System.Globalization.CalendarData+<>c
7ffcf6f35c70       1         24 System.IO.Pipelines.StreamPipeWriter+<>c
7ffcf6f375b8       1         24 Microsoft.Extensions.Logging.LoggerMessage+LogValues<System.String, System.Double>+<>c
7ffcf6c43638       1         24 Microsoft.EntityFrameworkCore.ChangeTracking.Internal.InternalEntryBase+<>c
7ffcf5fd2710       1         24 Microsoft.EntityFrameworkCore.Metadata.IReadOnlyForeignKey[]
7ffcf6c49c90       1         24 Microsoft.EntityFrameworkCore.ChangeTracking.Internal.IdentityMap<System.Int32>+<>c
7ffcf6c4e080       1         24 Microsoft.EntityFrameworkCore.Metadata.RuntimeTypeBase+<>c
7ffcf6c4e3b8       1         24 Microsoft.EntityFrameworkCore.ChangeTracking.Internal.EmptyShadowValuesFactoryFactory
7ffcf6c65ac8       1         24 System.Buffers.SharedArrayPool<Microsoft.EntityFrameworkCore.Metadata.RuntimeProperty>+<>c
7ffcf61ccd40       1         24 Microsoft.EntityFrameworkCore.ChangeTracking.ValueComparer<System.Int32>+<>c
7ffcf6c7b200       1         24 Microsoft.EntityFrameworkCore.ChangeTracking.Internal.OriginalValuesFactoryFactory
7ffcf6c7de90       1         24 System.Buffers.SharedArrayPool<Microsoft.EntityFrameworkCore.Metadata.RuntimePropertyBase>+<>c
7ffcf619e4f0       1         24 Microsoft.EntityFrameworkCore.Metadata.IPropertyBase[]
7ffcf6c923d0       1         24 Microsoft.EntityFrameworkCore.ChangeTracking.ValueComparer+<>c
7ffcf6cab2e0       1         24 Microsoft.EntityFrameworkCore.ChangeTracking.Internal.RelationshipSnapshotFactoryFactory
7ffcf6cab9a0       1         24 CommonApiMessage.AggregatesModel.SubOrderMessage.SubOrderMessageRemarkViewModel[]
7ffcf6cabb58       1         24 CommonApiMessage.AggregatesModel.SubOrderMessage.SubOrderMessagePromotionViewModel[]
7ffcf6cabd10       1         24 CommonApiMessage.AggregatesModel.SubOrderMessage.SubOrderMessageFeeViewModel[]
7ffcf6cacb00       1         24 Microsoft.EntityFrameworkCore.Internal.InternalDbSet<Order.Infrastructure.Entities.Package.PackageInfoModel>+<>c
7ffcf6cadb40       1         24 Microsoft.EntityFrameworkCore.Query.Internal.CompiledQueryCache+<>c__3<System.Collections.Generic.IEnumerable<Order.Infrastructure.Entities.Package.PackageInfoModel>>
7ffcf6d10c40       1         24 Microsoft.EntityFrameworkCore.Query.Internal.SingleQueryingEnumerable<Order.Infrastructure.Entities.Package.PackageInfoModel>+Enumerator+<>c
7ffcf6d1b7e8       1         24 Microsoft.EntityFrameworkCore.Internal.InternalDbSet<Order.Infrastructure.Entities.Package.PackageTbModel>+<>c
7ffcf6d1c7a8       1         24 Microsoft.EntityFrameworkCore.Query.Internal.CompiledQueryCache+<>c__3<System.Boolean>
7ffcf6d30c68       1         24 Microsoft.EntityFrameworkCore.Query.Internal.SingleQueryingEnumerable<System.Boolean>+Enumerator+<>c
7ffcf65b55f0       1         24 Microsoft.EntityFrameworkCore.Query.SqlExpressionFactory+<>c
7ffcf64f20b8       1         24 Microsoft.EntityFrameworkCore.Query.SqlExpressions.CaseWhenClause[]
7ffcf6d46918       1         24 Microsoft.EntityFrameworkCore.Query.Internal.SingleQueryingEnumerable<System.Nullable<System.DateTime>>+Enumerator+<>c
7ffcf6d3f838       1         24 Microsoft.EntityFrameworkCore.Query.Internal.CompiledQueryCache+<>c__3<System.Nullable<System.DateTime>>
7ffcf6d4f450       1         24 Microsoft.EntityFrameworkCore.Query.Internal.CompiledQueryCache+<>c__3<System.Collections.Generic.IEnumerable<Order.Infrastructure.Entities.Package.PackageTbModel>>
7ffcf6d549c0       1         24 Microsoft.EntityFrameworkCore.Query.Internal.SingleQueryingEnumerable<Order.Infrastructure.Entities.Package.PackageTbModel>+Enumerator+<>c
7ffcf6d55950       1         24 Microsoft.EntityFrameworkCore.Metadata.RuntimeKey+<>c__26<System.Guid>
7ffcf6d59a20       1         24 Microsoft.EntityFrameworkCore.ChangeTracking.Internal.IdentityMap<System.Guid>+<>c
7ffcf6d56508       1         24 Microsoft.EntityFrameworkCore.ChangeTracking.Internal.SimplePrincipalKeyValueFactory<System.Guid>+NoNullsCustomEqualityComparer
7ffcf61f4c60       1         24 Microsoft.EntityFrameworkCore.ChangeTracking.ValueComparer<System.Guid>+<>c
7ffcf6d5fc88       1         24 Microsoft.EntityFrameworkCore.ChangeTracking.ValueComparer<System.Nullable<System.DateTime>>+<>c
7ffcf6d78230       1         24 Microsoft.EntityFrameworkCore.ChangeTracking.ValueComparer<System.Nullable<System.Decimal>>+<>c
7ffcf407b330       1         24 Order.Business.Mediator.Handlers.Order.GetSubOrderHandler+<>c
7ffcf6de2cf8       1         24 System.Collections.Generic.ObjectEqualityComparer<<>f__AnonymousType14<System.String>>
7ffcf6de77e8       1         24 Microsoft.EntityFrameworkCore.Query.Internal.CompiledQueryCache+<>c__3<Order.Infrastructure.Entities.OrderReference.OrderReferenceModel>
7ffcf6deaca8       1         24 Microsoft.EntityFrameworkCore.Internal.InternalDbSet<Order.Infrastructure.Entities.OrderModels.OrderModel>+<>c
7ffcf6deccf0       1         24 Microsoft.EntityFrameworkCore.Query.Internal.CompiledQueryCache+<>c__3<Order.Infrastructure.Entities.OrderModels.OrderModel>
7ffcf650a3a8       1         24 Microsoft.EntityFrameworkCore.Query.SqlExpressions.SelectExpression+IdentifierComparer
7ffcf6df10a0       1         24 System.Collections.Generic.GenericEqualityComparer<System.ValueTuple<Microsoft.EntityFrameworkCore.Query.SqlExpressions.ColumnExpression, Microsoft.EntityFrameworkCore.ChangeTracking.ValueComparer>>
7ffcf6e01628       1         24 Microsoft.EntityFrameworkCore.Query.Internal.SingleQueryingEnumerable<Order.Infrastructure.Entities.OrderModels.OrderModel>+Enumerator+<>c
7ffcf6e03d10       1         24 System.Collections.Generic.ObjectEqualityComparer<Order.Infrastructure.Entities.OrderModels.OrderRemarkModel>
7ffcf6e04520       1         24 System.Collections.Generic.ObjectEqualityComparer<Order.Infrastructure.Entities.OrderModels.OrderItemModel>
7ffcf6e047d0       1         24 System.Collections.Generic.ObjectEqualityComparer<Order.Infrastructure.Entities.OrderModels.OrderPromotionModel>
7ffcf6e04a80       1         24 System.Collections.Generic.ObjectEqualityComparer<Order.Infrastructure.Entities.OrderModels.OrderFeeModel>
7ffcf6e04270       1         24 System.Collections.Generic.ObjectEqualityComparer<Order.Infrastructure.Entities.OrderModels.OrderPaymentModel>
7ffcf6df93b8       1         24 System.Collections.Generic.ObjectEqualityComparer<Order.Infrastructure.Entities.OrderModels.OrderCustomerModel>
7ffcf6e03fc0       1         24 System.Collections.Generic.ObjectEqualityComparer<Order.Infrastructure.Entities.OrderModels.OrderAddressModel>
7ffcf6e05a88       1         24 Microsoft.EntityFrameworkCore.Query.RelationalShapedQueryCompilingExpressionVisitor+ShaperProcessingExpressionVisitor+<>c__24<Order.Infrastructure.Entities.OrderModels.OrderModel, Order.Infrastructure.Entities.OrderModels.OrderCustomerModel>
7ffcf6e285c0       1         24 Microsoft.EntityFrameworkCore.Query.Internal.SplitQueryingEnumerable<Order.Infrastructure.Entities.OrderModels.OrderModel>+Enumerator+<>c
7ffcf6e09948       1         24 System.Collections.Generic.KeyValuePair<Microsoft.EntityFrameworkCore.Query.ProjectionMember, System.Linq.Expressions.Expression>[]
7ffcf6e28410       1         24 Microsoft.EntityFrameworkCore.Query.RelationalShapedQueryCompilingExpressionVisitor+ShaperProcessingExpressionVisitor+<>c__26<Order.Infrastructure.Entities.OrderModels.OrderModel, Order.Infrastructure.Entities.OrderModels.OrderPaymentModel>
7ffcf6e0d5f0       1         24 System.Collections.Generic.ObjectEqualityComparer<Order.Infrastructure.Entities.OrderModels.OrderPaymentTransactionModel>
7ffcf6e297f0       1         24 Microsoft.EntityFrameworkCore.Query.RelationalShapedQueryCompilingExpressionVisitor+ShaperProcessingExpressionVisitor+<>c__26<Order.Infrastructure.Entities.OrderModels.OrderPaymentModel, Order.Infrastructure.Entities.OrderModels.OrderPaymentTransactionModel>
7ffcf6e2bca0       1         24 CommonApiMessage.AggregatesModel.OrderMessage.OrderMessagePromotionViewModel[]
7ffcf6e2bd90       1         24 Microsoft.EntityFrameworkCore.Internal.InternalDbSet<Order.Infrastructure.Entities.OrderModels.OrderPromotionModel>+<>c
7ffcf6e2def8       1         24 Microsoft.EntityFrameworkCore.Query.Internal.CompiledQueryCache+<>c__3<System.Collections.Generic.IEnumerable<Order.Infrastructure.Entities.OrderModels.OrderPromotionModel>>
7ffcf6e434e8       1         24 Microsoft.EntityFrameworkCore.Query.Internal.SingleQueryingEnumerable<Order.Infrastructure.Entities.OrderModels.OrderPromotionModel>+Enumerator+<>c
7ffcf8235040       1         24 System.Collections.Generic.ObjectEqualityComparer<Microsoft.Data.SqlClient.ConnectionPool.IDbConnectionPool>
7ffcf81f0d98       1         24 System.Collections.Generic.GenericArraySortHelper<System.Int32>
7ffcf81f1c50       1         24 System.Collections.Generic.GenericArraySortHelper<System.UInt64>
7ffcf81f20a8       1         24 System.Diagnostics.Tracing.EventPipeMetadataGenerator
7ffcf81f3a18       1         24 System.Diagnostics.Tracing.PropertyValue+<>c
7ffcf81fd7d8       1         24 System.WeakReference<System.Diagnostics.Tracing.CounterGroup>
7ffcf81fcad0       1         24 System.Diagnostics.Tracing.RuntimeEventSource+<>c
7ffcf8210988       1         24 System.Collections.Generic.ObjectEqualityComparer<System.Diagnostics.Tracing.CounterGroup>
7ffcf823d228       1         24 System.Collections.Generic.ObjectEqualityComparer<Microsoft.Data.SqlClient.ConnectionPool.DbConnectionPoolGroup>
7ffcf62d9ac8       1         24 Microsoft.EntityFrameworkCore.Metadata.Conventions.RuntimeModelConvention+<>c__6<Microsoft.EntityFrameworkCore.Metadata.INavigation, Microsoft.EntityFrameworkCore.Metadata.RuntimeNavigation>
7ffcf62d9d20       1         24 Microsoft.EntityFrameworkCore.Metadata.Conventions.RuntimeModelConvention+<>c__6<Microsoft.EntityFrameworkCore.Metadata.IForeignKey, Microsoft.EntityFrameworkCore.Metadata.RuntimeForeignKey>
7ffcf62da0a0       1         24 Microsoft.EntityFrameworkCore.Metadata.Conventions.RuntimeModelConvention+<>c__6<Microsoft.EntityFrameworkCore.Metadata.IEntityType, Microsoft.EntityFrameworkCore.Metadata.RuntimeEntityType>
7ffcf62dcb68       1         24 Microsoft.EntityFrameworkCore.Metadata.Conventions.RuntimeModelConvention+<>c__6<Microsoft.EntityFrameworkCore.Metadata.IModel, Microsoft.EntityFrameworkCore.Metadata.RuntimeModel>
7ffcf62e2040       1         24 System.Linq.Enumerable+EnumerableSorter<System.Collections.Generic.KeyValuePair<System.String, Microsoft.EntityFrameworkCore.Infrastructure.Annotation>>+<>c
7ffcf62e28d0       1         24 Microsoft.EntityFrameworkCore.Query.IEvaluatableExpressionFilterPlugin[]
7ffcf55dda60       1         24 Microsoft.EntityFrameworkCore.Query.EvaluatableExpressionFilterDependencies
7ffcf53b6e68       1         24 Microsoft.EntityFrameworkCore.Query.RelationalEvaluatableExpressionFilterDependencies
7ffcf55de590       1         24 Microsoft.EntityFrameworkCore.Query.NavigationExpansionExtensibilityHelperDependencies
7ffcf538a860       1         24 Microsoft.EntityFrameworkCore.SqlServer.Query.Internal.SqlServerNavigationExpansionExtensibilityHelper
7ffcf62e5848       1         24 Microsoft.EntityFrameworkCore.Query.IMethodCallTranslatorPlugin[]
7ffcf62e7a58       1         24 Microsoft.EntityFrameworkCore.Query.RelationalMethodCallTranslatorProvider+<>c
7ffcf62e2bc0       1         24 Microsoft.EntityFrameworkCore.Query.IMemberTranslatorPlugin[]
7ffcf62e5348       1         24 Microsoft.EntityFrameworkCore.Query.RelationalMemberTranslatorProvider+<>c
7ffcf62ea708       1         24 Microsoft.EntityFrameworkCore.SqlServer.Query.Internal.SqlServerConvertTranslator+<>c
7ffcf62ef220       1         24 Microsoft.EntityFrameworkCore.Diagnostics.ISingletonInterceptor[]
7ffcf55dd6d0       1         24 Microsoft.EntityFrameworkCore.Query.Internal.StructuralTypeMaterializerSourceDependencies
7ffcf6300560       1         24 Microsoft.EntityFrameworkCore.Diagnostics.IInstantiationBindingInterceptor[]
7ffcf6301228       1         24 Microsoft.EntityFrameworkCore.Diagnostics.IMaterializationInterceptor[]
7ffcf62ec668       1         24 Microsoft.EntityFrameworkCore.Query.IAggregateMethodCallTranslatorPlugin[]
7ffcf53b3ae8       1         24 Microsoft.EntityFrameworkCore.Query.SqlAliasManagerFactory
7ffcf53b5fa0       1         24 Microsoft.EntityFrameworkCore.Storage.ParameterNameGeneratorDependencies
7ffcf5399f00       1         24 Microsoft.EntityFrameworkCore.Storage.ParameterNameGeneratorFactory
7ffcf55debe0       1         24 Microsoft.EntityFrameworkCore.Query.LiftableConstantExpressionDependencies
7ffcf53b79f0       1         24 Microsoft.EntityFrameworkCore.Query.RelationalLiftableConstantExpressionDependencies
7ffcf6304198       1         24 Microsoft.EntityFrameworkCore.Query.LiftableConstantProcessor+LiftedConstant[]
7ffcf539a080       1         24 Microsoft.EntityFrameworkCore.Update.Internal.ModificationCommandComparer
7ffcf53810f8       1         24 Microsoft.EntityFrameworkCore.SqlServer.Update.Internal.SqlServerModificationCommandFactory
7ffcf6305188       1         24 System.ValueTuple<System.Linq.Expressions.ParameterExpression, System.Linq.Expressions.Expression>[]
7ffcf6304398       1         24 Microsoft.EntityFrameworkCore.Query.ExpressionEqualityComparer
7ffcf55d0e40       1         24 Microsoft.EntityFrameworkCore.ChangeTracking.Internal.InternalEntrySubscriber
7ffcf630b7d8       1         24 System.Action<Microsoft.EntityFrameworkCore.ChangeTracking.Internal.InternalEntityEntry, Microsoft.EntityFrameworkCore.EntityState>[]
7ffcf55dc220       1         24 Microsoft.EntityFrameworkCore.ValueGeneration.ValueGeneratorCacheDependencies
7ffcf5397b38       1         24 Microsoft.EntityFrameworkCore.SqlServer.ValueGeneration.Internal.SqlServerSequenceValueGeneratorFactory
7ffcf6311fb0       1         24 Microsoft.EntityFrameworkCore.Metadata.RuntimeModel+<>c
7ffcf6312a68       1         24 Microsoft.EntityFrameworkCore.Internal.InternalDbSet<Order.Infrastructure.Entities.SubOrderModels.SubOrderModel>+<>c
7ffcf6314af0       1         24 Microsoft.EntityFrameworkCore.EntityFrameworkQueryableExtensions+<>c
7ffcf631c6f8       1         24 Microsoft.EntityFrameworkCore.Query.Internal.ExpressionTreeFuncletizer+<>c
7ffcf6352ef8       1         24 Microsoft.EntityFrameworkCore.Query.Internal.CompiledQueryCache+<>c__3<System.Collections.Generic.IEnumerable<<>f__AnonymousType11<System.String, System.String>>>
7ffcf6362248       1         24 Microsoft.EntityFrameworkCore.Query.QueryableMethods+<>c
7ffcf63c4768       1         24 System.Collections.Generic.GenericEqualityComparer<Microsoft.EntityFrameworkCore.Query.Internal.QueryFiltersCacheKey>
7ffcf63caee8       1         24 System.Collections.Generic.ObjectEqualityComparer<Microsoft.EntityFrameworkCore.Metadata.INavigationBase>
7ffcf63cc088       1         24 Microsoft.EntityFrameworkCore.Metadata.INavigationBase[]
7ffcf63cefe8       1         24 Microsoft.EntityFrameworkCore.Metadata.RuntimeSkipNavigation[]
7ffcf63cf930       1         24 Microsoft.EntityFrameworkCore.Metadata.RuntimeNavigation[]
7ffcf63cb190       1         24 Microsoft.EntityFrameworkCore.Query.Internal.NavigationExpandingExpressionVisitor+<>c
7ffcf63e2780       1         24 System.ValueTuple<System.Reflection.MethodInfo, System.Linq.Expressions.Expression>[]
7ffcf6408708       1         24 Microsoft.EntityFrameworkCore.RelationalModelExtensions+<>c
7ffcf6409cc8       1         24 Microsoft.EntityFrameworkCore.Infrastructure.RuntimeAnnotatableBase+<>c__22<Microsoft.EntityFrameworkCore.Metadata.IRelationalModel, System.Func<Microsoft.EntityFrameworkCore.Metadata.IRelationalModel>>
7ffcf642f328       1         24 Microsoft.EntityFrameworkCore.Metadata.Internal.NamedListComparer
7ffcf64314f0       1         24 System.Collections.Generic.GenericEqualityComparer<System.ValueTuple<System.String, System.String, System.Collections.Generic.IReadOnlyList<System.String>>>
7ffcf64315f8       1         24 System.Collections.Generic.Dictionary<System.String, Microsoft.EntityFrameworkCore.Metadata.RuntimeEntityType>+ValueCollection
7ffcf6431f38       1         24 System.Linq.Enumerable+EnumerableSorter<Microsoft.EntityFrameworkCore.Metadata.RuntimeEntityType>+<>c
7ffcf6434f28       1         24 Microsoft.EntityFrameworkCore.Metadata.Internal.TableMappingBaseComparer
7ffcf6435d28       1         24 Microsoft.EntityFrameworkCore.Metadata.RuntimeTypeBase[]
7ffcf6439fa0       1         24 Microsoft.EntityFrameworkCore.Metadata.RuntimeProperty+<>c
7ffcf643b7e0       1         24 Microsoft.EntityFrameworkCore.Metadata.Internal.ColumnMappingBaseComparer
7ffcf643c9c8       1         24 Microsoft.EntityFrameworkCore.Utilities.EnumerableExtensions+<>c__8<Microsoft.EntityFrameworkCore.Metadata.IColumnMappingBase>
7ffcf643f190       1         24 Microsoft.EntityFrameworkCore.Metadata.RuntimeComplexProperty[]
7ffcf6453348       1         24 Microsoft.EntityFrameworkCore.Metadata.Internal.ForeignKeyConstraintComparer
7ffcf645d860       1         24 Microsoft.EntityFrameworkCore.Metadata.Internal.StoredProcedureMapping[]
7ffcf645e778       1         24 System.Collections.Generic.ArraySortHelper<Microsoft.EntityFrameworkCore.Metadata.Internal.ColumnMappingBase>
7ffcf6460000       1         24 System.Collections.Generic.ArraySortHelper<Microsoft.EntityFrameworkCore.Metadata.Internal.ColumnMapping>
7ffcf483f3a0       1         32 System.ValueTuple<System.Int64, System.DateTime>
7ffcf340c418       1         32 System.Diagnostics.Tracing.ActivityTracker
7ffcf3413828       1         32 System.Collections.Generic.List<System.Func<System.Diagnostics.Tracing.EventSource>>
7ffcf3417670       1         32 System.Collections.Generic.List<System.WeakReference<System.Diagnostics.Tracing.EventSource>>
7ffcf34f2278       1         32 StartupHook+<>c__DisplayClass3_0
7ffcf353cd70       1         32 System.Collections.Generic.List<System.ValueTuple<System.String, Microsoft.DotNet.HotReload.AgentMessageSeverity>>
7ffcf3539d98       1         32 Microsoft.DotNet.HotReload.MetadataUpdateHandlerInvoker
7ffcf3563180       1         32 Microsoft.DotNet.HotReload.PipeListener+<>c__DisplayClass7_0
7ffcf35678a0       1         32 Microsoft.Win32.SafeHandles.SafePipeHandle
7ffcf3580198       1         32 System.Threading.PortableThreadPool+IOCompletionPoller[]
7ffcf35803d8       1         32 System.Threading.ThreadPoolTypedWorkItemQueue
7ffcf3730480       1         32 Microsoft.Extensions.DependencyModel.FileSystemWrapper
7ffcf3746038       1         32 System.SZGenericArrayEnumerator<Microsoft.Extensions.DependencyModel.DependencyContextJsonReader+TargetLibrary>
7ffcf377a6b8       1         32 System.SZGenericArrayEnumerator<Microsoft.Extensions.DependencyModel.CompilationLibrary>
7ffcf377bb88       1         32 System.SZGenericArrayEnumerator<Microsoft.Extensions.DependencyModel.RuntimeFallbacks>
7ffcf3776ec8       1         32 System.SZGenericArrayEnumerator<System.String>
7ffcf3867640       1         32 System.SZGenericArrayEnumerator<System.Reflection.MethodInfo>
7ffcf39c4098       1         32 System.SZGenericArrayEnumerator<System.Type>
7ffcf39c5400       1         32 System.SZGenericArrayEnumerator<Serilog.Core.ILogEventSink>
7ffcf39e2888       1         32 System.Diagnostics.DiagLinkedList<System.Diagnostics.ActivityLink>
7ffcf39e1d30       1         32 System.Diagnostics.DiagLinkedList<System.Diagnostics.ActivityEvent>
7ffcf39e3e48       1         32 System.Diagnostics.SynchronizedList<System.Diagnostics.ActivitySource>
7ffcf39e3d80       1         32 System.Diagnostics.SynchronizedList<System.Diagnostics.ActivityListener>
7ffcf3a51e30       1         32 Microsoft.Extensions.Configuration.ConfigurationManager+ConfigurationSources
7ffcf360caa8       1         32 System.Collections.Generic.List<Microsoft.Extensions.Configuration.IConfigurationSource>
7ffcf3a52180       1         32 Microsoft.Extensions.Configuration.ConfigurationManager+ConfigurationBuilderProperties
7ffcf3a535c8       1         32 Microsoft.Extensions.DependencyInjection.ServiceCollection
7ffcf377f628       1         32 Microsoft.Extensions.Configuration.ReferenceCountedProviders+ActiveReferenceCountedProviders
7ffcf3a604e0       1         32 Microsoft.Extensions.Options.ConfigureNamedOptions<Microsoft.Extensions.Hosting.HostOptions>
7ffcf3a6c2b0       1         32 Microsoft.Extensions.Options.ConfigureNamedOptions<Microsoft.Extensions.Logging.LoggerFilterOptions>
7ffcf3a6d940       1         32 Microsoft.Extensions.Options.ConfigurationChangeTokenSource<Microsoft.Extensions.Logging.LoggerFilterOptions>
7ffcf3ab4eb8       1         32 Microsoft.Extensions.Options.ConfigureNamedOptions<Microsoft.Extensions.Logging.LoggerFactoryOptions>
7ffcf3ab58b0       1         32 Microsoft.Extensions.Options.ConfigurationChangeTokenSource<Microsoft.Extensions.Diagnostics.Metrics.MetricsOptions>
7ffcf3ab6218       1         32 System.Collections.Generic.List<System.Action<Microsoft.Extensions.Configuration.IConfigurationBuilder>>
7ffcf3ab6898       1         32 System.Collections.Generic.List<System.Action<Microsoft.Extensions.Hosting.HostBuilderContext, Microsoft.Extensions.Configuration.IConfigurationBuilder>>
7ffcf3ab6f18       1         32 System.Collections.Generic.List<System.Action<Microsoft.Extensions.Hosting.HostBuilderContext, Microsoft.Extensions.DependencyInjection.IServiceCollection>>
7ffcf3aba1e0       1         32 Microsoft.AspNetCore.Hosting.WebHostBuilderBase+<>c__DisplayClass4_0
7ffcf3b05b40       1         32 System.Collections.Generic.List<System.Diagnostics.Metrics.Meter>
7ffcf3b086d8       1         32 System.Collections.Generic.List<System.Diagnostics.Metrics.MeterListener>
7ffcf3b0e648       1         32 Microsoft.AspNetCore.Hosting.GenericWebHostBuilder+<>c__DisplayClass12_0
7ffcf3b0fe90       1         32 Microsoft.Extensions.Configuration.ChainedConfigurationSource
7ffcf3bb0100       1         32 Microsoft.Extensions.Configuration.ChainedConfigurationProvider
7ffcf3bb0fc8       1         32 System.SZGenericArrayEnumerator<Microsoft.AspNetCore.Hosting.HostingStartupAttribute>
7ffcf3ab8ae8       1         32 Microsoft.AspNetCore.Hosting.WebHostBuilderContext
7ffcf3bb5630       1         32 Microsoft.AspNetCore.Hosting.GenericWebHostBuilder+<>c__DisplayClass4_0
7ffcf3bb9238       1         32 Microsoft.Extensions.Options.OptionsBuilder<Microsoft.AspNetCore.Server.Kestrel.Transport.Sockets.SocketTransportOptions>
7ffcf3bb9420       1         32 Microsoft.Extensions.Options.OptionsBuilder<Microsoft.AspNetCore.Server.Kestrel.Transport.Sockets.SocketTransportOptions>+<>c__DisplayClass9_0<Microsoft.AspNetCore.Connections.IMemoryPoolFactory<System.Byte>>
7ffcf3bbcdd8       1         32 Microsoft.Extensions.Options.OptionsBuilder<Microsoft.AspNetCore.Server.Kestrel.Transport.NamedPipes.NamedPipeTransportOptions>
7ffcf3bbcfc0       1         32 Microsoft.Extensions.Options.OptionsBuilder<Microsoft.AspNetCore.Server.Kestrel.Transport.NamedPipes.NamedPipeTransportOptions>+<>c__DisplayClass9_0<Microsoft.AspNetCore.Connections.IMemoryPoolFactory<System.Byte>>
7ffcf3bbd850       1         32 Microsoft.Extensions.Options.ConfigureNamedOptions<Microsoft.AspNetCore.Server.Kestrel.Transport.Quic.QuicTransportOptions>
7ffcf3bbdc30       1         32 Microsoft.AspNetCore.Hosting.WebHostBuilderKestrelExtensions+<>c__DisplayClass6_1
7ffcf3bbdeb8       1         32 Microsoft.Extensions.Options.ConfigureNamedOptions<Microsoft.AspNetCore.Server.Kestrel.Core.KestrelServerOptions>
7ffcf3bd01f0       1         32 Microsoft.Extensions.Options.PostConfigureOptions<Microsoft.AspNetCore.HostFiltering.HostFilteringOptions>
7ffcf3bbfb50       1         32 Microsoft.Extensions.Options.ConfigurationChangeTokenSource<Microsoft.AspNetCore.HostFiltering.HostFilteringOptions>
7ffcf3bda8a0       1         32 Microsoft.AspNetCore.Hosting.GenericWebHostBuilder+<>c__DisplayClass12_1
7ffcf3b0f228       1         32 System.Collections.Generic.List<System.Action<Microsoft.Extensions.Hosting.HostBuilderContext, System.Object>>
7ffcf3c213f0       1         32 Order.API.CustomExtensionMethods+<>c__DisplayClass0_0
7ffcf3890b00       1         32 System.SZGenericArrayEnumerator<System.Reflection.CustomAttributeData>
7ffcf3c526b8       1         32 Microsoft.AspNetCore.Mvc.ApplicationParts.ApplicationPartManager
7ffcf3c53b80       1         32 System.Collections.Generic.List<Microsoft.AspNetCore.Mvc.ApplicationParts.IApplicationFeatureProvider>
7ffcf3c53598       1         32 System.Collections.Generic.List<Microsoft.AspNetCore.Mvc.ApplicationParts.ApplicationPart>
7ffcf3c5a658       1         32 System.SZGenericArrayEnumerator<Microsoft.AspNetCore.Mvc.ApplicationParts.IApplicationFeatureProvider>
7ffcf3d51228       1         32 Microsoft.Extensions.Options.ConfigureNamedOptions<Microsoft.AspNetCore.Cors.Infrastructure.CorsOptions>
7ffcf3e657d0       1         32 Microsoft.Extensions.Options.ConfigureNamedOptions<Swashbuckle.AspNetCore.SwaggerGen.SwaggerGenOptions>
7ffcf3db63d0       1         32 Order.API.CustomExtensionMethods+<>c__DisplayClass1_0
7ffcf3ee3be8       1         32 Polly.PollyServiceCollectionExtensions+<>c__DisplayClass3_0<System.String>
7ffcf3ee3fc0       1         32 Microsoft.Extensions.Options.OptionsBuilder<Polly.DependencyInjection.ConfigureResiliencePipelineRegistryOptions<System.String>>
7ffcf3ee41e0       1         32 Microsoft.Extensions.Options.OptionsBuilder<Polly.DependencyInjection.ConfigureResiliencePipelineRegistryOptions<System.String>>+<>c__DisplayClass9_0<System.IServiceProvider>
7ffcf3ee79b8       1         32 Microsoft.Extensions.Options.OptionsBuilder<Polly.Telemetry.TelemetryOptions>
7ffcf3ee7dc0       1         32 Microsoft.Extensions.Options.OptionsBuilder<Polly.Telemetry.TelemetryOptions>+<>c__DisplayClass9_0<System.IServiceProvider>
7ffcf3ee89f0       1         32 Microsoft.Extensions.Options.OptionsBuilder<Polly.Registry.ResiliencePipelineRegistryOptions<System.String>>
7ffcf3ee8ca8       1         32 Microsoft.Extensions.Options.OptionsBuilder<Polly.Registry.ResiliencePipelineRegistryOptions<System.String>>+<>c__DisplayClass9_0<System.IServiceProvider>
7ffcf3ee95a8       1         32 Microsoft.Extensions.Options.ConfigurationChangeTokenSource<Order.API.OrderSetting>
7ffcf3ee9b38       1         32 Microsoft.Extensions.Options.NamedConfigureFromConfigurationOptions<Order.API.OrderSetting>
7ffcf3eea188       1         32 Microsoft.Extensions.Options.NamedConfigureFromConfigurationOptions<Order.API.OrderSetting>+<>c__DisplayClass1_0
7ffcf3eea578       1         32 Microsoft.Extensions.Options.ConfigurationChangeTokenSource<EventBus.SprintEventBusSetting>
7ffcf3eea738       1         32 Microsoft.Extensions.Options.NamedConfigureFromConfigurationOptions<EventBus.SprintEventBusSetting>
7ffcf3eea9d0       1         32 Microsoft.Extensions.Options.NamedConfigureFromConfigurationOptions<EventBus.SprintEventBusSetting>+<>c__DisplayClass1_0
7ffcf3eeada0       1         32 Microsoft.Extensions.Options.ConfigurationChangeTokenSource<HttpExtension.SprintHttpCommonSetting>
7ffcf3eeaf60       1         32 Microsoft.Extensions.Options.NamedConfigureFromConfigurationOptions<HttpExtension.SprintHttpCommonSetting>
7ffcf3eeb1f8       1         32 Microsoft.Extensions.Options.NamedConfigureFromConfigurationOptions<HttpExtension.SprintHttpCommonSetting>+<>c__DisplayClass1_0
7ffcf3eeb5c8       1         32 Microsoft.Extensions.Options.ConfigurationChangeTokenSource<EventBus.Kafka.EventBusKafkaSetting>
7ffcf3eeb788       1         32 Microsoft.Extensions.Options.NamedConfigureFromConfigurationOptions<EventBus.Kafka.EventBusKafkaSetting>
7ffcf3eeba20       1         32 Microsoft.Extensions.Options.NamedConfigureFromConfigurationOptions<EventBus.Kafka.EventBusKafkaSetting>+<>c__DisplayClass1_0
7ffcf3eebdf0       1         32 Microsoft.Extensions.Options.ConfigurationChangeTokenSource<Utility.Package.Models.Jwt>
7ffcf3eebfb0       1         32 Microsoft.Extensions.Options.NamedConfigureFromConfigurationOptions<Utility.Package.Models.Jwt>
7ffcf3eec248       1         32 Microsoft.Extensions.Options.NamedConfigureFromConfigurationOptions<Utility.Package.Models.Jwt>+<>c__DisplayClass1_0
7ffcf3f00380       1         32 Microsoft.Extensions.DependencyInjection.DefaultHttpClientBuilder
7ffcf3f15de8       1         32 Microsoft.Extensions.DependencyInjection.EncoderServiceCollectionExtensions+<>c__DisplayClass2_0<System.Text.Encodings.Web.HtmlEncoder>
7ffcf3f16038       1         32 Microsoft.Extensions.DependencyInjection.EncoderServiceCollectionExtensions+<>c__DisplayClass2_0<System.Text.Encodings.Web.JavaScriptEncoder>
7ffcf3f16278       1         32 Microsoft.Extensions.DependencyInjection.EncoderServiceCollectionExtensions+<>c__DisplayClass2_0<System.Text.Encodings.Web.UrlEncoder>
7ffcf3608d98       1         32 Autofac.Extensions.DependencyInjection.AutofacServiceProviderFactory
7ffcf41f2d38       1         32 Serilog.SerilogHostBuilderExtensions+<>c__DisplayClass2_0
7ffcf41f2e58       1         32 Serilog.SerilogHostBuilderExtensions+<>c__DisplayClass2_1
7ffcf41f67d8       1         32 System.Collections.Generic.Stack<Autofac.Core.IRegistrationSource>
7ffcf41f7020       1         32 System.Collections.Generic.List<Autofac.Core.Registration.IServiceMiddlewareSource>
7ffcf41f7bc8       1         32 Autofac.Core.ReflectionCacheSet
7ffcf4239e88       1         32 Autofac.Features.OwnedInstances.OwnedInstanceRegistrationSource
7ffcf423a030       1         32 Autofac.Features.Metadata.MetaRegistrationSource
7ffcf423a1a0       1         32 Autofac.Features.LazyDependencies.LazyRegistrationSource
7ffcf423f4d8       1         32 System.SZGenericArrayEnumerator<System.EventHandler<Autofac.Core.ComponentRegisteredEventArgs>>
7ffcf427c5e0       1         32 Autofac.Core.ResolvedParameter
7ffcf429c050       1         32 System.Dynamic.Utils.CacheDict<System.Reflection.MethodBase, System.Reflection.ParameterInfo[]>
7ffcf429d818       1         32 System.Dynamic.Utils.CacheDict<System.Type, System.Reflection.MethodInfo>
7ffcf4415ea0       1         32 System.SZGenericArrayEnumerator<Autofac.Core.IComponentRegistration>
7ffcf4438df8       1         32 System.SZGenericArrayEnumerator<Autofac.Core.ServiceRegistration>
7ffcf44471b8       1         32 System.SZGenericArrayEnumerator<Microsoft.Extensions.Configuration.IConfigurationSection>
7ffcf38973b0       1         32 Serilog.Extensions.Logging.SerilogLoggerFactory
7ffcf39db850       1         32 Serilog.Events.EventProperty
7ffcf447e410       1         32 Microsoft.Extensions.Options.IConfigureOptions<Microsoft.Extensions.Hosting.HostOptions>[]
7ffcf4485128       1         32 Microsoft.Extensions.Options.IConfigureOptions<Microsoft.AspNetCore.Server.Kestrel.Transport.Sockets.SocketTransportOptions>[]
7ffcf3a652f0       1         32 Microsoft.Extensions.Diagnostics.Metrics.DefaultMeterFactory
7ffcf3bb8760       1         32 Microsoft.AspNetCore.Server.Kestrel.Transport.Sockets.SocketTransportFactory
7ffcf4488b90       1         32 Microsoft.Extensions.Options.IConfigureOptions<Microsoft.AspNetCore.Server.Kestrel.Transport.NamedPipes.NamedPipeTransportOptions>[]
7ffcf448af00       1         32 Microsoft.Extensions.Options.IConfigureOptions<Microsoft.AspNetCore.Server.Kestrel.Transport.Quic.QuicTransportOptions>[]
7ffcf3bbd5e8       1         32 Microsoft.AspNetCore.Server.Kestrel.Transport.Quic.QuicTransportFactory
7ffcf44a58f0       1         32 System.Collections.Generic.List<System.Action>
7ffcf4302508       1         32 Microsoft.AspNetCore.Server.Kestrel.Core.Internal.Http.DateHeaderValueManager
7ffcf4303838       1         32 System.Collections.Generic.List<Microsoft.AspNetCore.Connections.IConnectionListenerFactory>
7ffcf4303d40       1         32 System.Collections.Generic.List<Microsoft.AspNetCore.Connections.IMultiplexedConnectionListenerFactory>
7ffcf43096f8       1         32 Microsoft.AspNetCore.Connections.IMultiplexedConnectionListenerFactory[]
7ffcf4307220       1         32 Microsoft.AspNetCore.Server.Kestrel.Core.Internal.ServerAddressesFeature
7ffcf43099e0       1         32 Microsoft.AspNetCore.Server.Kestrel.Core.Internal.ServerAddressesCollection
7ffcf4309f90       1         32 System.Collections.Generic.List<Microsoft.AspNetCore.Server.Kestrel.Core.Internal.Infrastructure.TransportManager+ActiveTransport>
7ffcf44c8340       1         32 Swashbuckle.AspNetCore.SwaggerUI.InterceptorFunctions
7ffcf44cadf0       1         32 System.Collections.Generic.List<Swashbuckle.AspNetCore.SwaggerUI.UrlDescriptor>
7ffcf44c4f40       1         32 Swashbuckle.AspNetCore.SwaggerUI.UrlDescriptor
7ffcf3c5e9d8       1         32 Microsoft.AspNetCore.Mvc.Infrastructure.MemoryPoolHttpRequestStreamReaderFactory
7ffcf44d18b0       1         32 Microsoft.Extensions.Options.IPostConfigureOptions<Microsoft.AspNetCore.Mvc.MvcOptions>[]
7ffcf44d8048       1         32 System.Collections.Generic.List<Microsoft.AspNetCore.Mvc.ApplicationModels.IApplicationModelConvention>
7ffcf44da1c8       1         32 System.Collections.Generic.List<Microsoft.AspNetCore.Mvc.Filters.IFilterMetadata>
7ffcf44da560       1         32 System.Collections.Generic.List<Microsoft.AspNetCore.Mvc.Formatters.IInputFormatter>
7ffcf44d6700       1         32 System.Collections.Generic.List<Microsoft.AspNetCore.Mvc.ModelBinding.IModelBinderProvider>
7ffcf44d7ab8       1         32 System.Collections.Generic.List<Microsoft.AspNetCore.Mvc.ModelBinding.Metadata.IMetadataDetailsProvider>
7ffcf44d6ec0       1         32 System.Collections.Generic.List<Microsoft.AspNetCore.Mvc.ModelBinding.Validation.IModelValidatorProvider>
7ffcf44d6ae0       1         32 System.Collections.Generic.List<Microsoft.AspNetCore.Mvc.ModelBinding.IValueProviderFactory>
7ffcf44df310       1         32 Microsoft.AspNetCore.Mvc.ModelBinding.Binders.ServicesModelBinderProvider
7ffcf3c20888       1         32 Microsoft.AspNetCore.Mvc.JsonOptions
7ffcf42561e8       1         32 Microsoft.AspNetCore.Mvc.DataAnnotations.MvcDataAnnotationsLocalizationOptions
7ffcf458e850       1         32 Microsoft.AspNetCore.Mvc.ModelBinding.Validation.HasValidatorsValidationMetadataProvider
7ffcf4848778       1         32 System.Collections.Generic.List<System.Net.Sockets.DynamicWinsockMethods>
7ffcf3c5eea0       1         32 Microsoft.AspNetCore.Mvc.Infrastructure.TypeActivatorCache
7ffcf3d30c60       1         32 Microsoft.AspNetCore.Mvc.Controllers.DefaultControllerFactory
7ffcf45d7c00       1         32 Microsoft.Extensions.Options.IConfigureOptions<Microsoft.AspNetCore.Mvc.RazorPages.RazorPagesOptions>[]
7ffcf45d7e28       1         32 System.Collections.Generic.List<Microsoft.AspNetCore.Mvc.ApplicationModels.IPageConvention>
7ffcf4371a90       1         32 Microsoft.AspNetCore.Authorization.AuthorizationPolicy
7ffcf4372460       1         32 System.Collections.Generic.List<Microsoft.AspNetCore.Authorization.IAuthorizationRequirement>
7ffcf3f6f098       1         32 Microsoft.AspNetCore.Mvc.ApplicationModels.AuthorizationPageApplicationModelProvider
7ffcf3f6f708       1         32 Microsoft.AspNetCore.Mvc.ApplicationModels.ResponseCacheFilterApplicationModelProvider
7ffcf45dc958       1         32 System.SZGenericArrayEnumerator<Microsoft.AspNetCore.Mvc.Razor.Compilation.CompiledViewDescriptor>
7ffcf3bd3088       1         32 Microsoft.AspNetCore.Routing.DefaultParameterPolicyFactory
7ffcf3f07ec0       1         32 Microsoft.AspNetCore.Mvc.ViewFeatures.ModelExpressionProvider
7ffcf4608960       1         32 Microsoft.Extensions.Options.IConfigureOptions<Microsoft.AspNetCore.DataProtection.DataProtectionOptions>[]
7ffcf460a010       1         32 Microsoft.Extensions.Options.IConfigureOptions<Microsoft.AspNetCore.DataProtection.KeyManagement.KeyManagementOptions>[]
7ffcf3f0cf30       1         32 Microsoft.AspNetCore.DataProtection.TypeForwardingActivator
7ffcf3f0d408       1         32 Microsoft.AspNetCore.DataProtection.RegistryPolicyResolver
7ffcf3f0fce8       1         32 Microsoft.AspNetCore.DataProtection.Internal.KeyManagementOptionsSetup
7ffcf460a0d0       1         32 Microsoft.Extensions.Options.IPostConfigureOptions<Microsoft.AspNetCore.DataProtection.KeyManagement.KeyManagementOptions>[]
7ffcf4381e50       1         32 System.Collections.Generic.List<Microsoft.AspNetCore.DataProtection.KeyManagement.IKeyEscrowSink>
7ffcf43822b8       1         32 System.Collections.Generic.List<Microsoft.AspNetCore.DataProtection.AuthenticatedEncryption.IAuthenticatedEncryptorFactory>
7ffcf460bce0       1         32 Microsoft.AspNetCore.DataProtection.XmlEncryption.DpapiXmlEncryptor
7ffcf460ba58       1         32 Microsoft.AspNetCore.DataProtection.Repositories.FileSystemXmlRepository
7ffcf4294af8       1         32 System.Linq.Expressions.ConditionalExpression
7ffcf598fc48       1         32 System.SZGenericArrayEnumerator<AutoMapper.Configuration.TypeMapConfiguration>
7ffcf5989848       1         32 System.Collections.Generic.List<AutoMapper.ValueTransformerConfiguration>
7ffcf59a7ad8       1         32 System.SZGenericArrayEnumerator<System.Reflection.PropertyInfo>
7ffcf4d0b8c0       1         32 System.SZGenericArrayEnumerator<System.Reflection.FieldInfo>
7ffcf59eba08       1         32 System.SZGenericArrayEnumerator<System.Action<AutoMapper.TypeMap, AutoMapper.IMappingExpression>>
7ffcf59ebb88       1         32 System.SZGenericArrayEnumerator<System.Action<AutoMapper.PropertyMap, AutoMapper.IMemberConfigurationExpression>>
7ffcf59f6168       1         32 AutoMapper.Internal.LockingConcurrentDictionary<System.Type, System.Func<System.Object>>
7ffcf59ffe00       1         32 System.Dynamic.Utils.CacheDict<System.Type, System.Func<System.Linq.Expressions.Expression, System.String, System.Boolean, System.Collections.ObjectModel.ReadOnlyCollection<System.Linq.Expressions.ParameterExpression>, System.Linq.Expressions.LambdaExpression>>
7ffcf59fae60       1         32 System.SZGenericArrayEnumerator<System.Linq.Expressions.CatchBlock>
7ffcf5a15f58       1         32 System.SZGenericArrayEnumerator<AutoMapper.MemberMap>
7ffcf4389010       1         32 Microsoft.AspNetCore.Internal.ChunkingCookieManager
7ffcf465dc68       1         32 System.Collections.Generic.List<Microsoft.AspNetCore.Mvc.Razor.IViewLocationExpander>
7ffcf465e760       1         32 System.Collections.Generic.List<Microsoft.AspNetCore.Mvc.ViewEngines.IViewEngine>
7ffcf43867e0       1         32 System.Collections.Generic.List<Microsoft.AspNetCore.Mvc.ModelBinding.Validation.IClientModelValidatorProvider>
7ffcf46732b8       1         32 Microsoft.Extensions.Options.IConfigureOptions<Microsoft.AspNetCore.Mvc.ApiBehaviorOptions>[]
7ffcf432ba68       1         32 System.Collections.Generic.List<Microsoft.AspNetCore.Mvc.ApplicationModels.IActionModelConvention>
7ffcf432b9a8       1         32 Microsoft.AspNetCore.Mvc.ApplicationModels.InferParameterBindingInfoConvention
7ffcf3d398f8       1         32 Microsoft.AspNetCore.Mvc.ApplicationModels.AuthorizationApplicationModelProvider
7ffcf3f037e0       1         32 Microsoft.AspNetCore.Mvc.ApplicationModels.AntiforgeryApplicationModelProvider
7ffcf3d31588       1         32 Microsoft.AspNetCore.Mvc.ApplicationModels.ApplicationModelFactory
7ffcf3c5bc98       1         32 Microsoft.AspNetCore.Mvc.ApplicationModels.ControllerActionDescriptorProvider
7ffcf43e4be8       1         32 Microsoft.AspNetCore.Mvc.ApplicationModels.IPageRouteModelProvider[]
7ffcf46773f0       1         32 System.SZGenericArrayEnumerator<Microsoft.AspNetCore.Mvc.ApplicationModels.IPageConvention>
7ffcf3f66658       1         32 Microsoft.AspNetCore.Mvc.Razor.TagHelpers.TagHelperComponentPropertyActivator
7ffcf42fef28       1         32 Microsoft.AspNetCore.Mvc.Infrastructure.IActionDescriptorChangeProvider[]
7ffcf432dcc8       1         32 Microsoft.AspNetCore.Mvc.ActionConstraints.IActionConstraintProvider[]
7ffcf467b1b0       1         32 System.SZGenericArrayEnumerator<Microsoft.AspNetCore.Routing.EndpointDataSource>
7ffcf467bdd0       1         32 System.Collections.Generic.List<Microsoft.AspNetCore.Mvc.Routing.ConventionalRouteEntry>
7ffcf4701520       1         32 System.SZGenericArrayEnumerator<System.Object>
7ffcf474abb0       1         32 System.SZGenericArrayEnumerator<Microsoft.AspNetCore.Mvc.ApplicationModels.ActionModel>
7ffcf474c5c0       1         32 System.SZGenericArrayEnumerator<Microsoft.AspNetCore.Mvc.Filters.IFilterMetadata>
7ffcf475bf50       1         32 System.SZGenericArrayEnumerator<Microsoft.AspNetCore.Mvc.ApplicationModels.ParameterModel>
7ffcf459c5f8       1         32 Microsoft.AspNetCore.Http.ParameterBindingMethodCache+<>c__DisplayClass18_1
7ffcf479abe0       1         32 System.SZGenericArrayEnumerator<Microsoft.AspNetCore.Mvc.Abstractions.ActionDescriptor>
7ffcf467d478       1         32 Microsoft.AspNetCore.Mvc.Infrastructure.ActionDescriptorCollection
7ffcf47b1298       1         32 System.Collections.Generic.List<RabbitMQ.Client.IAuthMechanismFactory>
7ffcf47b4f38       1         32 System.Collections.Generic.List<EventBus.RabbitMQ.EventBusRabbitMQConsumeWorker>
7ffcf47f90b8       1         32 RabbitMQ.Client.DefaultEndpointResolver
7ffcf47f89b0       1         32 System.Collections.Generic.List<RabbitMQ.Client.AmqpTcpEndpoint>
7ffcf48019c0       1         32 System.Collections.Generic.List<RabbitMQ.Client.Impl.AutorecoveringModel>
7ffcf48063c0       1         32 System.Collections.Concurrent.SingleProducerSingleConsumerQueue<RabbitMQ.Client.Framing.Impl.AutorecoveringConnection+RecoveryCommand>
7ffcf48302b8       1         32 System.Collections.Concurrent.SingleProducerSingleConsumerQueue<System.Memory<System.Byte>>
7ffcf4881818       1         32 System.Collections.ArrayList
7ffcf489b288       1         32 System.Collections.Generic.BidirectionalDictionary<Interop+SECURITY_STATUS, System.Net.SecurityStatusPalErrorCode>
7ffcf48d1060       1         32 System.Collections.Generic.List<RabbitMQ.Client.ShutdownReportEntry>
7ffcf48d2190       1         32 RabbitMQ.Util.SynchronizedList<RabbitMQ.Client.ShutdownReportEntry>
7ffcf48be170       1         32 System.Security.Cryptography.X509Certificates.SafeLocalAllocHandle
7ffcf48d89a0       1         32 RabbitMQ.Util.IntAllocator+IntervalList
7ffcf4947b28       1         32 System.Collections.Generic.List<System.Runtime.InteropServices.GCHandle>
7ffcf4a18538       1         32 Confluent.Kafka.Producer<Confluent.Kafka.Null, System.String>+<>c__DisplayClass25_0
7ffcf3f0f330       1         32 Microsoft.AspNetCore.DataProtection.Internal.DataProtectionHostedService
7ffcf4a31d60       1         32 Microsoft.AspNetCore.Hosting.GenericWebHostBuilder+<>c__DisplayClass12_2
7ffcf4a39210       1         32 Microsoft.Extensions.Options.IConfigureOptions<Microsoft.Extensions.DependencyInjection.MetricsServiceExtensions+NoOpOptions>[]
7ffcf4a3b7d8       1         32 Microsoft.Extensions.Options.IConfigureOptions<Microsoft.Extensions.Diagnostics.Metrics.MetricsOptions>[]
7ffcf4a3cd80       1         32 Microsoft.Extensions.Options.OptionsMonitor<Microsoft.Extensions.Diagnostics.Metrics.MetricsOptions>+ChangeTrackerDisposable
7ffcf4a3ebe8       1         32 System.Collections.Generic.List<Microsoft.Extensions.Diagnostics.Metrics.InstrumentRule>
7ffcf4a3fca0       1         32 Microsoft.Extensions.DependencyInjection.OptionsBuilderExtensions+<>c__DisplayClass0_1<Microsoft.Extensions.DependencyInjection.MetricsServiceExtensions+NoOpOptions>
7ffcf4a98818       1         32 Microsoft.AspNetCore.DataProtection.AuthenticatedEncryption.ConfigurationModel.AuthenticatedEncryptorDescriptor
7ffcf4ab3810       1         32 System.Collections.Generic.List<Microsoft.AspNetCore.Watch.BrowserRefresh.BlazorWasmHotReloadMiddleware+Update>
7ffcf4ab0570       1         32 Microsoft.AspNetCore.Builder.Extensions.MapWhenOptions
7ffcf3bd32d0       1         32 Microsoft.AspNetCore.Routing.RoutingMetrics
7ffcf4ac28a8       1         32 Microsoft.Extensions.Options.IConfigureOptions<Utility.Package.Models.Jwt>[]
7ffcf4ac2d28       1         32 Microsoft.AspNetCore.Builder.UseMiddlewareExtensions+InterfaceMiddlewareBinder+<>c__DisplayClass2_0
7ffcf4ac97e0       1         32 Microsoft.Extensions.Options.IConfigureOptions<Microsoft.AspNetCore.Cors.Infrastructure.CorsOptions>[]
7ffcf3d3f848       1         32 Microsoft.AspNetCore.Cors.Infrastructure.CorsService
7ffcf3c21e20       1         32 Microsoft.AspNetCore.Cors.Infrastructure.CorsOptions
7ffcf4afb670       1         32 Microsoft.Extensions.Options.IConfigureOptions<EventBus.SprintEventBusSetting>[]
7ffcf4afcd98       1         32 Microsoft.Extensions.Options.IConfigureOptions<HttpExtension.SprintHttpCommonSetting>[]
7ffcf4b01e48       1         32 Microsoft.AspNetCore.Builder.DeveloperExceptionPageOptions
7ffcf4b08cd8       1         32 System.SZGenericArrayEnumerator<Microsoft.AspNetCore.Diagnostics.IDeveloperPageExceptionFilter>
7ffcf4b0d538       1         32 System.SZGenericArrayEnumerator<System.Action<Microsoft.AspNetCore.Builder.EndpointBuilder>>
7ffcf4b0c200       1         32 System.SZGenericArrayEnumerator<System.Reflection.ParameterInfo>
7ffcf4b30318       1         32 System.Collections.Generic.List<Microsoft.AspNetCore.Server.Kestrel.Core.Internal.EndpointConfig>
7ffcf6470018       1         32 System.SZGenericArrayEnumerator<Microsoft.EntityFrameworkCore.Metadata.IForeignKey>
7ffcf647b238       1         32 System.SZGenericArrayEnumerator<Microsoft.EntityFrameworkCore.Metadata.ITrigger>
7ffcf64851c0       1         32 System.SZGenericArrayEnumerator<Microsoft.EntityFrameworkCore.Infrastructure.IAnnotation>
7ffcf64ce540       1         32 System.SZGenericArrayEnumerator<Microsoft.EntityFrameworkCore.Query.IMethodCallTranslator>
7ffcf6507b28       1         32 System.SZGenericArrayEnumerator<Microsoft.EntityFrameworkCore.Query.SqlExpressions.ColumnExpression>
7ffcf6507e20       1         32 System.SZGenericArrayEnumerator<System.ValueTuple<Microsoft.EntityFrameworkCore.Query.SqlExpressions.ColumnExpression, Microsoft.EntityFrameworkCore.ChangeTracking.ValueComparer>>
7ffcf67dc380       1         32 System.Collections.Generic.List<Microsoft.Data.SqlClient.ConnectionPool.IDbConnectionPool>
7ffcf67dc910       1         32 System.Collections.Generic.List<Microsoft.Data.SqlClient.ConnectionPool.DbConnectionPoolGroup>
7ffcf67f4408       1         32 Microsoft.Data.SqlClient.ConnectionPool.DbConnectionPoolIdentity
7ffcf685ee80       1         32 Microsoft.Win32.SafeHandles.SafeBCryptAlgorithmHandle
7ffcf67f9678       1         32 Microsoft.Data.SqlClient.SqlConfigurableRetryLogicLoader
7ffcf68845f8       1         32 System.Random+CompatSeedImpl
7ffcf688ccd0       1         32 System.Text.CodePagesEncodingProvider
7ffcf688f6f8       1         32 System.Text.EncodingProvider[]
7ffcf68d36a0       1         32 System.Text.InternalEncoderBestFitFallback
7ffcf6976008       1         32 System.SZGenericArrayEnumerator<Microsoft.EntityFrameworkCore.Metadata.INavigationBase>
7ffcf6976888       1         32 System.SZGenericArrayEnumerator<Microsoft.EntityFrameworkCore.Metadata.IServiceProperty>
7ffcf4b10d38       1         32 System.Collections.Generic.List<Microsoft.AspNetCore.Authentication.AuthenticationSchemeBuilder>
7ffcf4b100b8       1         32 System.Collections.Generic.List<Microsoft.AspNetCore.Authentication.AuthenticationScheme>
7ffcf4b11a70       1         32 System.SZGenericArrayEnumerator<Microsoft.AspNetCore.Authentication.AuthenticationSchemeBuilder>
7ffcf4abf220       1         32 Microsoft.AspNetCore.Authentication.AuthenticationMiddleware
7ffcf4b14200       1         32 Microsoft.Extensions.Options.IPostConfigureOptions<Microsoft.AspNetCore.HostFiltering.HostFilteringOptions>[]
7ffcf4b15160       1         32 Microsoft.AspNetCore.HostFiltering.MiddlewareConfigurationManager
7ffcf3bbe758       1         32 Microsoft.AspNetCore.HostFiltering.HostFilteringOptions
7ffcf4b15f58       1         32 Microsoft.AspNetCore.HostFiltering.MiddlewareConfiguration
7ffcf4b17d28       1         32 Microsoft.Extensions.Options.OptionsMonitor<Microsoft.AspNetCore.HostFiltering.HostFilteringOptions>+ChangeTrackerDisposable
7ffcf4b1a380       1         32 Microsoft.AspNetCore.Builder.Extensions.MapWhenMiddleware
7ffcf4b1b410       1         32 Microsoft.AspNetCore.Server.Kestrel.Core.KestrelServerImpl+<>c__DisplayClass28_0<Microsoft.AspNetCore.Hosting.HostingApplication+Context>
7ffcf4b1f270       1         32 Microsoft.AspNetCore.Server.Kestrel.Core.Internal.Certificates.CertificateConfigLoader
7ffcf4b30968       1         32 System.SZGenericArrayEnumerator<Microsoft.AspNetCore.Server.Kestrel.Core.Internal.EndpointConfig>
7ffcf4b310f0       1         32 System.SZGenericArrayEnumerator<Microsoft.AspNetCore.Server.Kestrel.Core.Internal.CertificateConfig>
7ffcf4b31208       1         32 System.SZGenericArrayEnumerator<System.Action>
7ffcf4b41578       1         32 System.Collections.Generic.List<System.WeakReference<Microsoft.AspNetCore.Server.Kestrel.Core.KestrelServerOptions>>
7ffcf3bd0e58       1         32 Microsoft.AspNetCore.Routing.DefaultInlineConstraintResolver
7ffcf633bff0       1         32 System.SZGenericArrayEnumerator<Microsoft.EntityFrameworkCore.Query.IEvaluatableExpressionFilterPlugin>
7ffcf4b67a58       1         32 System.SZGenericArrayEnumerator<Microsoft.AspNetCore.Mvc.Abstractions.ParameterDescriptor>
7ffcf4b68758       1         32 System.SZGenericArrayEnumerator<Microsoft.AspNetCore.Routing.Template.TemplatePart>
7ffcf4b6cd80       1         32 System.SZGenericArrayEnumerator<Microsoft.AspNetCore.Http.Metadata.IProducesResponseTypeMetadata>
7ffcf4b6df18       1         32 System.SZGenericArrayEnumerator<Microsoft.AspNetCore.Mvc.ApiExplorer.ApiResponseType>
7ffcf4b6eed0       1         32 System.SZGenericArrayEnumerator<Microsoft.AspNetCore.Mvc.ApiExplorer.IApiRequestMetadataProvider>
7ffcf4b6f358       1         32 System.SZGenericArrayEnumerator<Microsoft.AspNetCore.Mvc.ApiExplorer.IApiResponseMetadataProvider>
7ffcf4b6f450       1         32 System.SZGenericArrayEnumerator<Microsoft.AspNetCore.Mvc.ApiExplorer.ApiParameterDescription>
7ffcf4b70298       1         32 System.SZGenericArrayEnumerator<Microsoft.AspNetCore.Routing.Template.InlineConstraint>
7ffcf4b48570       1         32 Microsoft.AspNetCore.Mvc.ApiExplorer.ApiDescriptionGroup
7ffcf4b7fd40       1         32 Microsoft.AspNetCore.Mvc.ApiExplorer.ApiDescriptionGroup[]
7ffcf4b4a228       1         32 Microsoft.AspNetCore.Mvc.ApiExplorer.ApiDescriptionGroupCollection
7ffcf4bea868       1         32 System.SZGenericArrayEnumerator<System.Text.Json.Serialization.JsonDerivedTypeAttribute>
7ffcf4beb410       1         32 System.Text.Json.Serialization.Metadata.ReflectionEmitCachingMemberAccessor
7ffcf4c40028       1         32 System.SZGenericArrayEnumerator<Microsoft.WebTools.ApiEndpointDiscovery.Contracts.ReturnInfo>
7ffcf4c401e8       1         32 System.SZGenericArrayEnumerator<Microsoft.WebTools.ApiEndpointDiscovery.Contracts.EndpointParameter>
7ffcf4c49730       1         32 EventBus.Kafka.EventBusKafka+<>c__DisplayClass15_1
7ffcf4c48fc8       1         32 Microsoft.Extensions.Options.IConfigureOptions<Swashbuckle.AspNetCore.SwaggerGen.SwaggerGeneratorOptions>[]
7ffcf4c74a20       1         32 Microsoft.Extensions.Options.IConfigureOptions<Swashbuckle.AspNetCore.SwaggerGen.SwaggerGenOptions>[]
7ffcf4c96e70       1         32 Microsoft.Extensions.Options.IConfigureOptions<Swashbuckle.AspNetCore.SwaggerGen.SchemaGeneratorOptions>[]
7ffcf3e63770       1         32 Swashbuckle.AspNetCore.SwaggerGen.ConfigureSchemaGeneratorOptions
7ffcf4cb59b0       1         32 System.SZGenericArrayEnumerator<Swashbuckle.AspNetCore.SwaggerGen.ISchemaFilter>
7ffcf4cb6ee0       1         32 System.SZGenericArrayEnumerator<Swashbuckle.AspNetCore.SwaggerGen.IParameterFilter>
7ffcf4cbb6c0       1         32 System.Collections.Generic.List<System.Text.RegularExpressions.RegexCache+Node>
7ffcf4d3d948       1         32 System.SZGenericArrayEnumerator<Swashbuckle.AspNetCore.SwaggerGen.IDocumentFilter>
7ffcf4585d38       1         32 Microsoft.Net.Http.Headers.ObjectCollection<Microsoft.Net.Http.Headers.NameValueHeaderValue>
7ffcf4e73df8       1         32 System.Collections.Generic.List<Microsoft.Net.Http.Headers.NameValueHeaderValue>
7ffcf4eb3830       1         32 System.Threading.PortableThreadPool+WaitThreadNode
7ffcf4e964c0       1         32 System.Net.Http.HttpConnectionHandler
7ffcf4e96ab8       1         32 System.Net.Http.RedirectHandler
7ffcf3a54ad8       1         32 System.SZGenericArrayEnumerator<System.Collections.Generic.KeyValuePair<System.String, System.String>>
7ffcf4f102c8       1         32 System.SZGenericArrayEnumerator<Microsoft.AspNetCore.Authentication.AuthenticationScheme>
7ffcf521bde8       1         32 Microsoft.AspNetCore.Mvc.ActionConstraints.ActionConstraintCache+InnerCache
7ffcf521ef48       1         32 Microsoft.AspNetCore.Mvc.ActionConstraints.IActionConstraint[]
7ffcf5204208       1         32 Microsoft.AspNetCore.Routing.Tree.UrlMatchingTree
7ffcf52072e8       1         32 Microsoft.AspNetCore.Routing.Tree.UrlMatchingTree[]
7ffcf52074e8       1         32 Microsoft.AspNetCore.Routing.Tree.LinkGenerationDecisionTree
7ffcf3c5f6a8       1         32 Microsoft.AspNetCore.Mvc.Infrastructure.DefaultProblemDetailsFactory
7ffcf523bc80       1         32 Microsoft.AspNetCore.Mvc.Controllers.ControllerFactoryProvider+<>c__DisplayClass6_0
7ffcf52d88f8       1         32 System.SZGenericArrayEnumerator<System.Collections.Generic.KeyValuePair<System.Int32, System.ValueTuple<System.Nullable<Microsoft.EntityFrameworkCore.WarningBehavior>, System.Nullable<Microsoft.Extensions.Logging.LogLevel>>>>
7ffcf52c0f10       1         32 System.SZGenericArrayEnumerator<System.Collections.Generic.KeyValuePair<System.Type, System.ValueTuple<Microsoft.EntityFrameworkCore.Infrastructure.IDbContextOptionsExtension, System.Int32>>>
7ffcf55ecb40       1         32 Microsoft.Extensions.DependencyInjection.ServiceLookup.DynamicServiceProviderEngine
7ffcf55d62a8       1         32 Microsoft.EntityFrameworkCore.Internal.SingletonOptionsInitializer
7ffcf5396128       1         32 Microsoft.EntityFrameworkCore.SqlServer.Infrastructure.Internal.SqlServerSingletonOptions
7ffcf55f4f70       1         32 System.Collections.Generic.List<System.WeakReference<Microsoft.Extensions.DependencyInjection.ServiceProvider>>
7ffcf55d75d8       1         32 Microsoft.EntityFrameworkCore.Infrastructure.Internal.CoreSingletonOptions
7ffcf53bfaf0       1         32 Microsoft.EntityFrameworkCore.Internal.DbSetInitializer
7ffcf5662dd8       1         32 Microsoft.EntityFrameworkCore.Metadata.Internal.ClrPropertySetter<Order.Infrastructure.OrderContext, Order.Infrastructure.OrderContext, Microsoft.EntityFrameworkCore.DbSet<Order.Infrastructure.Entities.Setting.AllowedStatusModel>>
7ffcf5664fc8       1         32 Microsoft.EntityFrameworkCore.Metadata.Internal.ClrPropertySetter<Order.Infrastructure.OrderContext, Order.Infrastructure.OrderContext, Microsoft.EntityFrameworkCore.DbSet<Order.Infrastructure.Entities.Setting.BackGroudSeviceModel>>
7ffcf5668288       1         32 Microsoft.EntityFrameworkCore.Metadata.Internal.ClrPropertySetter<Order.Infrastructure.OrderContext, Order.Infrastructure.OrderContext, Microsoft.EntityFrameworkCore.DbSet<Order.Infrastructure.Entities.StoreLocation.BuModel>>
7ffcf56646a0       1         32 Microsoft.EntityFrameworkCore.Metadata.Internal.ClrPropertySetter<Order.Infrastructure.OrderContext, Order.Infrastructure.OrderContext, Microsoft.EntityFrameworkCore.DbSet<Order.Infrastructure.Entities.EmailMaster.EmailMasterModel>>
7ffcf566b5f8       1         32 Microsoft.EntityFrameworkCore.Metadata.Internal.ClrPropertySetter<Order.Infrastructure.OrderContext, Order.Infrastructure.OrderContext, Microsoft.EntityFrameworkCore.DbSet<Order.Infrastructure.Entities.EmailMaster.EmailRecipientModel>>
7ffcf5666e70       1         32 Microsoft.EntityFrameworkCore.Metadata.Internal.ClrPropertySetter<Order.Infrastructure.OrderContext, Order.Infrastructure.OrderContext, Microsoft.EntityFrameworkCore.DbSet<Order.Infrastructure.Entities.MessageLog.ExternalLogModel>>
7ffcf566e9c8       1         32 Microsoft.EntityFrameworkCore.Metadata.Internal.ClrPropertySetter<Order.Infrastructure.OrderContext, Order.Infrastructure.OrderContext, Microsoft.EntityFrameworkCore.DbSet<Order.Infrastructure.Entities.SettingModel.FunctionModel>>
7ffcf566f918       1         32 Microsoft.EntityFrameworkCore.Metadata.Internal.ClrPropertySetter<Order.Infrastructure.OrderContext, Order.Infrastructure.OrderContext, Microsoft.EntityFrameworkCore.DbSet<Order.Infrastructure.Entities.MessageLog.HttpLogModel>>
7ffcf5682438       1         32 Microsoft.EntityFrameworkCore.Metadata.Internal.ClrPropertySetter<Order.Infrastructure.OrderContext, Order.Infrastructure.OrderContext, Microsoft.EntityFrameworkCore.DbSet<Order.Infrastructure.Entities.Log.InternalLog>>
7ffcf5683df0       1         32 Microsoft.EntityFrameworkCore.Metadata.Internal.ClrPropertySetter<Order.Infrastructure.OrderContext, Order.Infrastructure.OrderContext, Microsoft.EntityFrameworkCore.DbSet<Order.Infrastructure.Entities.OrderItemInformation.OrderItemOtherInfoModel>>
7ffcf5684e08       1         32 Microsoft.EntityFrameworkCore.Metadata.Internal.ClrPropertySetter<Order.Infrastructure.OrderContext, Order.Infrastructure.OrderContext, Microsoft.EntityFrameworkCore.DbSet<Order.Infrastructure.Entities.MessageLog.MessageLogsModel>>
7ffcf568a308       1         32 Microsoft.EntityFrameworkCore.Metadata.Internal.ClrPropertySetter<Order.Infrastructure.OrderContext, Order.Infrastructure.OrderContext, Microsoft.EntityFrameworkCore.DbSet<Order.Infrastructure.Entities.OrderModels.OrderModel>>
7ffcf568c5c0       1         32 Microsoft.EntityFrameworkCore.Metadata.Internal.ClrPropertySetter<Order.Infrastructure.OrderContext, Order.Infrastructure.OrderContext, Microsoft.EntityFrameworkCore.DbSet<Order.Infrastructure.Entities.OrderModels.OrderAddressModel>>
7ffcf568b508       1         32 Microsoft.EntityFrameworkCore.Metadata.Internal.ClrPropertySetter<Order.Infrastructure.OrderContext, Order.Infrastructure.OrderContext, Microsoft.EntityFrameworkCore.DbSet<Order.Infrastructure.Entities.OrderModels.OrderCustomerModel>>
7ffcf5686f38       1         32 Microsoft.EntityFrameworkCore.Metadata.Internal.ClrPropertySetter<Order.Infrastructure.OrderContext, Order.Infrastructure.OrderContext, Microsoft.EntityFrameworkCore.DbSet<Order.Infrastructure.Entities.OrderModels.OrderFeeAmountModel>>
7ffcf568fb90       1         32 Microsoft.EntityFrameworkCore.Metadata.Internal.ClrPropertySetter<Order.Infrastructure.OrderContext, Order.Infrastructure.OrderContext, Microsoft.EntityFrameworkCore.DbSet<Order.Infrastructure.Entities.OrderModels.OrderFeeAmountDtlModel>>
7ffcf5690af8       1         32 Microsoft.EntityFrameworkCore.Metadata.Internal.ClrPropertySetter<Order.Infrastructure.OrderContext, Order.Infrastructure.OrderContext, Microsoft.EntityFrameworkCore.DbSet<Order.Infrastructure.Entities.OrderModels.OrderFeeModel>>
7ffcf5691a48       1         32 Microsoft.EntityFrameworkCore.Metadata.Internal.ClrPropertySetter<Order.Infrastructure.OrderContext, Order.Infrastructure.OrderContext, Microsoft.EntityFrameworkCore.DbSet<Order.Infrastructure.Entities.OrderModels.OrderFeePaymentModel>>
7ffcf56943b0       1         32 Microsoft.EntityFrameworkCore.Metadata.Internal.ClrPropertySetter<Order.Infrastructure.OrderContext, Order.Infrastructure.OrderContext, Microsoft.EntityFrameworkCore.DbSet<Order.Infrastructure.Entities.OrderModels.OrderFeeTaxModel>>
7ffcf5695350       1         32 Microsoft.EntityFrameworkCore.Metadata.Internal.ClrPropertySetter<Order.Infrastructure.OrderContext, Order.Infrastructure.OrderContext, Microsoft.EntityFrameworkCore.DbSet<Order.Infrastructure.Entities.OrderModels.OrderItemModel>>
7ffcf56963d0       1         32 Microsoft.EntityFrameworkCore.Metadata.Internal.ClrPropertySetter<Order.Infrastructure.OrderContext, Order.Infrastructure.OrderContext, Microsoft.EntityFrameworkCore.DbSet<Order.Infrastructure.Entities.OrderModels.OrderItemAmountModel>>
7ffcf5697450       1         32 Microsoft.EntityFrameworkCore.Metadata.Internal.ClrPropertySetter<Order.Infrastructure.OrderContext, Order.Infrastructure.OrderContext, Microsoft.EntityFrameworkCore.DbSet<Order.Infrastructure.Entities.OrderModels.OrderItemAmountDtlModel>>
7ffcf569be28       1         32 Microsoft.EntityFrameworkCore.Metadata.Internal.ClrPropertySetter<Order.Infrastructure.OrderContext, Order.Infrastructure.OrderContext, Microsoft.EntityFrameworkCore.DbSet<Order.Infrastructure.Entities.OrderModels.OrderItemBarcodeModel>>
7ffcf569cd98       1         32 Microsoft.EntityFrameworkCore.Metadata.Internal.ClrPropertySetter<Order.Infrastructure.OrderContext, Order.Infrastructure.OrderContext, Microsoft.EntityFrameworkCore.DbSet<Order.Infrastructure.Entities.OrderModels.OrderItemDeliveryWindowModel>>
7ffcf569fa30       1         32 Microsoft.EntityFrameworkCore.Metadata.Internal.ClrPropertySetter<Order.Infrastructure.OrderContext, Order.Infrastructure.OrderContext, Microsoft.EntityFrameworkCore.DbSet<Order.Infrastructure.Entities.OrderModels.OrderItemFulFillmentModel>>
7ffcf56a0b20       1         32 Microsoft.EntityFrameworkCore.Metadata.Internal.ClrPropertySetter<Order.Infrastructure.OrderContext, Order.Infrastructure.OrderContext, Microsoft.EntityFrameworkCore.DbSet<Order.Infrastructure.Entities.OrderModels.OrderItemFulFillmentServiceTypeModel>>
7ffcf56a1ba0       1         32 Microsoft.EntityFrameworkCore.Metadata.Internal.ClrPropertySetter<Order.Infrastructure.OrderContext, Order.Infrastructure.OrderContext, Microsoft.EntityFrameworkCore.DbSet<Order.Infrastructure.Entities.OrderModels.OrderItemPaymentModel>>
7ffcf56a3ab8       1         32 Microsoft.EntityFrameworkCore.Metadata.Internal.ClrPropertySetter<Order.Infrastructure.OrderContext, Order.Infrastructure.OrderContext, Microsoft.EntityFrameworkCore.DbSet<Order.Infrastructure.Entities.OrderModels.OrderItemPromotionModel>>
7ffcf56a20b8       1         32 Microsoft.EntityFrameworkCore.Metadata.Internal.ClrPropertySetter<Order.Infrastructure.OrderContext, Order.Infrastructure.OrderContext, Microsoft.EntityFrameworkCore.DbSet<Order.Infrastructure.Entities.OrderModels.OrderItemPromotionsModel>>
7ffcf56a8808       1         32 Microsoft.EntityFrameworkCore.Metadata.Internal.ClrPropertySetter<Order.Infrastructure.OrderContext, Order.Infrastructure.OrderContext, Microsoft.EntityFrameworkCore.DbSet<Order.Infrastructure.Entities.OrderModels.OrderItemRemarkModel>>
7ffcf56a9908       1         32 Microsoft.EntityFrameworkCore.Metadata.Internal.ClrPropertySetter<Order.Infrastructure.OrderContext, Order.Infrastructure.OrderContext, Microsoft.EntityFrameworkCore.DbSet<Order.Infrastructure.Entities.OrderModels.OrderItemTaxModel>>
7ffcf56ac358       1         32 Microsoft.EntityFrameworkCore.Metadata.Internal.ClrPropertySetter<Order.Infrastructure.OrderContext, Order.Infrastructure.OrderContext, Microsoft.EntityFrameworkCore.DbSet<Order.Infrastructure.Entities.SysStatusAggregate.OrderOutboxModel>>
7ffcf56ad3c0       1         32 Microsoft.EntityFrameworkCore.Metadata.Internal.ClrPropertySetter<Order.Infrastructure.OrderContext, Order.Infrastructure.OrderContext, Microsoft.EntityFrameworkCore.DbSet<Order.Infrastructure.Entities.OrderModels.OrderPaymentModel>>
7ffcf56ae3d0       1         32 Microsoft.EntityFrameworkCore.Metadata.Internal.ClrPropertySetter<Order.Infrastructure.OrderContext, Order.Infrastructure.OrderContext, Microsoft.EntityFrameworkCore.DbSet<Order.Infrastructure.Entities.OrderModels.OrderPaymentTransactionModel>>
7ffcf56d7968       1         32 Microsoft.EntityFrameworkCore.Metadata.Internal.ClrPropertySetter<Order.Infrastructure.OrderContext, Order.Infrastructure.OrderContext, Microsoft.EntityFrameworkCore.DbSet<Order.Infrastructure.Entities.OrderProcessCondition.OrderProcessConditionModel>>
7ffcf56aea80       1         32 Microsoft.EntityFrameworkCore.Metadata.Internal.ClrPropertySetter<Order.Infrastructure.OrderContext, Order.Infrastructure.OrderContext, Microsoft.EntityFrameworkCore.DbSet<Order.Infrastructure.Entities.OrderModels.OrderPromotionModel>>
7ffcf56d5538       1         32 Microsoft.EntityFrameworkCore.Metadata.Internal.ClrPropertySetter<Order.Infrastructure.OrderContext, Order.Infrastructure.OrderContext, Microsoft.EntityFrameworkCore.DbSet<Order.Infrastructure.Entities.OrderModels.OrderPromotionAmountModel>>
7ffcf56d6f88       1         32 Microsoft.EntityFrameworkCore.Metadata.Internal.ClrPropertySetter<Order.Infrastructure.OrderContext, Order.Infrastructure.OrderContext, Microsoft.EntityFrameworkCore.DbSet<Order.Infrastructure.Entities.OrderReference.OrderReferenceModel>>
7ffcf56d3998       1         32 Microsoft.EntityFrameworkCore.Metadata.Internal.ClrPropertySetter<Order.Infrastructure.OrderContext, Order.Infrastructure.OrderContext, Microsoft.EntityFrameworkCore.DbSet<Order.Infrastructure.Entities.OrderModels.OrderRemarkModel>>
7ffcf56db3a0       1         32 Microsoft.EntityFrameworkCore.Metadata.Internal.ClrPropertySetter<Order.Infrastructure.OrderContext, Order.Infrastructure.OrderContext, Microsoft.EntityFrameworkCore.DbSet<Order.Infrastructure.Entities.OrderReturn.OrderReturnModel>>
7ffcf56ddd08       1         32 Microsoft.EntityFrameworkCore.Metadata.Internal.ClrPropertySetter<Order.Infrastructure.OrderContext, Order.Infrastructure.OrderContext, Microsoft.EntityFrameworkCore.DbSet<Order.Infrastructure.Entities.OrderReturn.OrderReturnItemModel>>
7ffcf56dec58       1         32 Microsoft.EntityFrameworkCore.Metadata.Internal.ClrPropertySetter<Order.Infrastructure.OrderContext, Order.Infrastructure.OrderContext, Microsoft.EntityFrameworkCore.DbSet<Order.Infrastructure.Entities.SysStatusAggregate.OrderSagaModel>>
7ffcf56dfba8       1         32 Microsoft.EntityFrameworkCore.Metadata.Internal.ClrPropertySetter<Order.Infrastructure.OrderContext, Order.Infrastructure.OrderContext, Microsoft.EntityFrameworkCore.DbSet<Order.Infrastructure.Entities.OrderStaging.OrderStagingModel>>
7ffcf56eb098       1         32 Microsoft.EntityFrameworkCore.Metadata.Internal.ClrPropertySetter<Order.Infrastructure.OrderContext, Order.Infrastructure.OrderContext, Microsoft.EntityFrameworkCore.DbSet<Order.Infrastructure.Entities.PackageAuditInfo.PackageAuditInfoModel>>
7ffcf56e8930       1         32 Microsoft.EntityFrameworkCore.Metadata.Internal.ClrPropertySetter<Order.Infrastructure.OrderContext, Order.Infrastructure.OrderContext, Microsoft.EntityFrameworkCore.DbSet<Order.Infrastructure.Entities.Package.PackageInfoModel>>
7ffcf56e3810       1         32 Microsoft.EntityFrameworkCore.Metadata.Internal.ClrPropertySetter<Order.Infrastructure.OrderContext, Order.Infrastructure.OrderContext, Microsoft.EntityFrameworkCore.DbSet<Order.Infrastructure.Entities.Package.PackageTbModel>>
7ffcf56e25a0       1         32 Microsoft.EntityFrameworkCore.Metadata.Internal.ClrPropertySetter<Order.Infrastructure.OrderContext, Order.Infrastructure.OrderContext, Microsoft.EntityFrameworkCore.DbSet<Order.Infrastructure.Entities.ProcessOrder.ProcessOrderModel>>
7ffcf56e0450       1         32 Microsoft.EntityFrameworkCore.Metadata.Internal.ClrPropertySetter<Order.Infrastructure.OrderContext, Order.Infrastructure.OrderContext, Microsoft.EntityFrameworkCore.DbSet<Order.Infrastructure.Entities.ProcessOrder.ProcessOrderItemModel>>
7ffcf56e1ba8       1         32 Microsoft.EntityFrameworkCore.Metadata.Internal.ClrPropertySetter<Order.Infrastructure.OrderContext, Order.Infrastructure.OrderContext, Microsoft.EntityFrameworkCore.DbSet<Order.Infrastructure.Entities.Promotion.ConditionPromotionItemModel>>
7ffcf56ee350       1         32 Microsoft.EntityFrameworkCore.Metadata.Internal.ClrPropertySetter<Order.Infrastructure.OrderContext, Order.Infrastructure.OrderContext, Microsoft.EntityFrameworkCore.DbSet<Order.Infrastructure.Entities.Promotion.PromotionItemModel>>
7ffcf56ef2f0       1         32 Microsoft.EntityFrameworkCore.Metadata.Internal.ClrPropertySetter<Order.Infrastructure.OrderContext, Order.Infrastructure.OrderContext, Microsoft.EntityFrameworkCore.DbSet<Order.Infrastructure.Entities.Setting.StateControlModel>>
7ffcf56f85d0       1         32 Microsoft.EntityFrameworkCore.Metadata.Internal.ClrPropertySetter<Order.Infrastructure.OrderContext, Order.Infrastructure.OrderContext, Microsoft.EntityFrameworkCore.DbSet<Order.Infrastructure.Entities.StoreLocation.StoreLocationModel>>
7ffcf56f50d8       1         32 Microsoft.EntityFrameworkCore.Metadata.Internal.ClrPropertySetter<Order.Infrastructure.OrderContext, Order.Infrastructure.OrderContext, Microsoft.EntityFrameworkCore.DbSet<Order.Infrastructure.Entities.SubOrderModels.SubOrderModel>>
7ffcf56f73e8       1         32 Microsoft.EntityFrameworkCore.Metadata.Internal.ClrPropertySetter<Order.Infrastructure.OrderContext, Order.Infrastructure.OrderContext, Microsoft.EntityFrameworkCore.DbSet<Order.Infrastructure.Entities.SubOrderModels.SubOrderAddressModel>>
7ffcf56f3740       1         32 Microsoft.EntityFrameworkCore.Metadata.Internal.ClrPropertySetter<Order.Infrastructure.OrderContext, Order.Infrastructure.OrderContext, Microsoft.EntityFrameworkCore.DbSet<Order.Infrastructure.Entities.SubOrderModels.SubOrderFeeAmountModel>>
7ffcf56f4718       1         32 Microsoft.EntityFrameworkCore.Metadata.Internal.ClrPropertySetter<Order.Infrastructure.OrderContext, Order.Infrastructure.OrderContext, Microsoft.EntityFrameworkCore.DbSet<Order.Infrastructure.Entities.SubOrderModels.SubOrderFeeAmountDtlModel>>
7ffcf56fb358       1         32 Microsoft.EntityFrameworkCore.Metadata.Internal.ClrPropertySetter<Order.Infrastructure.OrderContext, Order.Infrastructure.OrderContext, Microsoft.EntityFrameworkCore.DbSet<Order.Infrastructure.Entities.SubOrderModels.SubOrderFeeModel>>
7ffcf56fdcc0       1         32 Microsoft.EntityFrameworkCore.Metadata.Internal.ClrPropertySetter<Order.Infrastructure.OrderContext, Order.Infrastructure.OrderContext, Microsoft.EntityFrameworkCore.DbSet<Order.Infrastructure.Entities.SubOrderModels.SubOrderFeePaymentModel>>
7ffcf56fec10       1         32 Microsoft.EntityFrameworkCore.Metadata.Internal.ClrPropertySetter<Order.Infrastructure.OrderContext, Order.Infrastructure.OrderContext, Microsoft.EntityFrameworkCore.DbSet<Order.Infrastructure.Entities.SubOrderModels.SubOrderFeeTaxModel>>
7ffcf5701d20       1         32 Microsoft.EntityFrameworkCore.Metadata.Internal.ClrPropertySetter<Order.Infrastructure.OrderContext, Order.Infrastructure.OrderContext, Microsoft.EntityFrameworkCore.DbSet<Order.Infrastructure.Entities.SubOrderModels.SubOrderItemModel>>
7ffcf5702e58       1         32 Microsoft.EntityFrameworkCore.Metadata.Internal.ClrPropertySetter<Order.Infrastructure.OrderContext, Order.Infrastructure.OrderContext, Microsoft.EntityFrameworkCore.DbSet<Order.Infrastructure.Entities.SubOrderModels.SubOrderItemAmountModel>>
7ffcf56fefe8       1         32 Microsoft.EntityFrameworkCore.Metadata.Internal.ClrPropertySetter<Order.Infrastructure.OrderContext, Order.Infrastructure.OrderContext, Microsoft.EntityFrameworkCore.DbSet<Order.Infrastructure.Entities.SubOrderModels.SubOrderItemAmtDtlModel>>
7ffcf5707f48       1         32 Microsoft.EntityFrameworkCore.Metadata.Internal.ClrPropertySetter<Order.Infrastructure.OrderContext, Order.Infrastructure.OrderContext, Microsoft.EntityFrameworkCore.DbSet<Order.Infrastructure.Entities.SubOrderModels.SubOrderItemBarcodeModel>>
7ffcf5709a38       1         32 Microsoft.EntityFrameworkCore.Metadata.Internal.ClrPropertySetter<Order.Infrastructure.OrderContext, Order.Infrastructure.OrderContext, Microsoft.EntityFrameworkCore.DbSet<Order.Infrastructure.Entities.SubOrderModels.SubOrderItemDeliveryWindowModel>>
7ffcf570a988       1         32 Microsoft.EntityFrameworkCore.Metadata.Internal.ClrPropertySetter<Order.Infrastructure.OrderContext, Order.Infrastructure.OrderContext, Microsoft.EntityFrameworkCore.DbSet<Order.Infrastructure.Entities.SubOrderModels.SubOrderItemFulFillmentModel>>
7ffcf570b8d8       1         32 Microsoft.EntityFrameworkCore.Metadata.Internal.ClrPropertySetter<Order.Infrastructure.OrderContext, Order.Infrastructure.OrderContext, Microsoft.EntityFrameworkCore.DbSet<Order.Infrastructure.Entities.SubOrderModels.SubOrderItemFulFillmentServiceTypeModel>>
7ffcf570e2e0       1         32 Microsoft.EntityFrameworkCore.Metadata.Internal.ClrPropertySetter<Order.Infrastructure.OrderContext, Order.Infrastructure.OrderContext, Microsoft.EntityFrameworkCore.DbSet<Order.Infrastructure.Entities.SubOrderModels.SubOrderItemPayModel>>
7ffcf570f250       1         32 Microsoft.EntityFrameworkCore.Metadata.Internal.ClrPropertySetter<Order.Infrastructure.OrderContext, Order.Infrastructure.OrderContext, Microsoft.EntityFrameworkCore.DbSet<Order.Infrastructure.Entities.SubOrderModels.SubOrderItemPromotionModel>>
7ffcf5712648       1         32 Microsoft.EntityFrameworkCore.Metadata.Internal.ClrPropertySetter<Order.Infrastructure.OrderContext, Order.Infrastructure.OrderContext, Microsoft.EntityFrameworkCore.DbSet<Order.Infrastructure.Entities.SubOrderModels.SubOrderItemPromotionsModel>>
7ffcf57136c8       1         32 Microsoft.EntityFrameworkCore.Metadata.Internal.ClrPropertySetter<Order.Infrastructure.OrderContext, Order.Infrastructure.OrderContext, Microsoft.EntityFrameworkCore.DbSet<Order.Infrastructure.Entities.SubOrderModels.SubOrderItemRemarkModel>>
7ffcf571c5a0       1         32 Microsoft.EntityFrameworkCore.Metadata.Internal.ClrPropertySetter<Order.Infrastructure.OrderContext, Order.Infrastructure.OrderContext, Microsoft.EntityFrameworkCore.DbSet<Order.Infrastructure.Entities.SubOrderModels.SubOrderItemTaxModel>>
7ffcf571d638       1         32 Microsoft.EntityFrameworkCore.Metadata.Internal.ClrPropertySetter<Order.Infrastructure.OrderContext, Order.Infrastructure.OrderContext, Microsoft.EntityFrameworkCore.DbSet<Order.Infrastructure.Entities.SubOrderModels.SubOrderPromotionModel>>
7ffcf5718848       1         32 Microsoft.EntityFrameworkCore.Metadata.Internal.ClrPropertySetter<Order.Infrastructure.OrderContext, Order.Infrastructure.OrderContext, Microsoft.EntityFrameworkCore.DbSet<Order.Infrastructure.Entities.SubOrderModels.SubOrderPromotionAmountModel>>
7ffcf571a0c0       1         32 Microsoft.EntityFrameworkCore.Metadata.Internal.ClrPropertySetter<Order.Infrastructure.OrderContext, Order.Infrastructure.OrderContext, Microsoft.EntityFrameworkCore.DbSet<Order.Infrastructure.Entities.SubOrderModels.SubOrderRemarkModel>>
7ffcf571e920       1         32 Microsoft.EntityFrameworkCore.Metadata.Internal.ClrPropertySetter<Order.Infrastructure.OrderContext, Order.Infrastructure.OrderContext, Microsoft.EntityFrameworkCore.DbSet<Order.Infrastructure.Entities.MasterData.SysAddressTypeModel>>
7ffcf57336a0       1         32 Microsoft.EntityFrameworkCore.Metadata.Internal.ClrPropertySetter<Order.Infrastructure.OrderContext, Order.Infrastructure.OrderContext, Microsoft.EntityFrameworkCore.DbSet<Order.Infrastructure.Entities.MasterData.SysChannelModel>>
7ffcf5733f98       1         32 Microsoft.EntityFrameworkCore.Metadata.Internal.ClrPropertySetter<Order.Infrastructure.OrderContext, Order.Infrastructure.OrderContext, Microsoft.EntityFrameworkCore.DbSet<Order.Infrastructure.Entities.MasterData.SysConfigChannelUploadMappingModel>>
7ffcf57313f8       1         32 Microsoft.EntityFrameworkCore.Metadata.Internal.ClrPropertySetter<Order.Infrastructure.OrderContext, Order.Infrastructure.OrderContext, Microsoft.EntityFrameworkCore.DbSet<Order.Infrastructure.Entities.MasterData.SysDeliverySubTypeModel>>
7ffcf5732390       1         32 Microsoft.EntityFrameworkCore.Metadata.Internal.ClrPropertySetter<Order.Infrastructure.OrderContext, Order.Infrastructure.OrderContext, Microsoft.EntityFrameworkCore.DbSet<Order.Infrastructure.Entities.MasterData.SysDeliveryTypeModel>>
7ffcf5739008       1         32 Microsoft.EntityFrameworkCore.Metadata.Internal.ClrPropertySetter<Order.Infrastructure.OrderContext, Order.Infrastructure.OrderContext, Microsoft.EntityFrameworkCore.DbSet<Order.Infrastructure.Entities.MasterData.SysFulfillmentOptionModel>>
7ffcf573a008       1         32 Microsoft.EntityFrameworkCore.Metadata.Internal.ClrPropertySetter<Order.Infrastructure.OrderContext, Order.Infrastructure.OrderContext, Microsoft.EntityFrameworkCore.DbSet<Order.Infrastructure.Entities.MasterData.SysFulfillmentPriorityModel>>
7ffcf573cca0       1         32 Microsoft.EntityFrameworkCore.Metadata.Internal.ClrPropertySetter<Order.Infrastructure.OrderContext, Order.Infrastructure.OrderContext, Microsoft.EntityFrameworkCore.DbSet<Order.Infrastructure.Entities.MasterData.SysFulfillmentTypeModel>>
7ffcf573dd28       1         32 Microsoft.EntityFrameworkCore.Metadata.Internal.ClrPropertySetter<Order.Infrastructure.OrderContext, Order.Infrastructure.OrderContext, Microsoft.EntityFrameworkCore.DbSet<Order.Infrastructure.Entities.SettingModel.SysFunctionConfigModel>>
7ffcf573eda8       1         32 Microsoft.EntityFrameworkCore.Metadata.Internal.ClrPropertySetter<Order.Infrastructure.OrderContext, Order.Infrastructure.OrderContext, Microsoft.EntityFrameworkCore.DbSet<Order.Infrastructure.Entities.SettingModel.SysFunctionModel>>
7ffcf57438d0       1         32 Microsoft.EntityFrameworkCore.Metadata.Internal.ClrPropertySetter<Order.Infrastructure.OrderContext, Order.Infrastructure.OrderContext, Microsoft.EntityFrameworkCore.DbSet<Order.Infrastructure.Entities.MasterData.SysInsuranceConfigurationModel>>
7ffcf57413f8       1         32 Microsoft.EntityFrameworkCore.Metadata.Internal.ClrPropertySetter<Order.Infrastructure.OrderContext, Order.Infrastructure.OrderContext, Microsoft.EntityFrameworkCore.DbSet<Order.Infrastructure.Entities.MasterData.SysOrderFulfillmentTypeModel>>
7ffcf5746250       1         32 Microsoft.EntityFrameworkCore.Metadata.Internal.ClrPropertySetter<Order.Infrastructure.OrderContext, Order.Infrastructure.OrderContext, Microsoft.EntityFrameworkCore.DbSet<Order.Infrastructure.Entities.MasterData.SysOrderTypeModel>>
7ffcf5747170       1         32 Microsoft.EntityFrameworkCore.Metadata.Internal.ClrPropertySetter<Order.Infrastructure.OrderContext, Order.Infrastructure.OrderContext, Microsoft.EntityFrameworkCore.DbSet<Order.Infrastructure.Entities.MasterData.SysRoleChannelMappingModel>>
7ffcf5749bc8       1         32 Microsoft.EntityFrameworkCore.Metadata.Internal.ClrPropertySetter<Order.Infrastructure.OrderContext, Order.Infrastructure.OrderContext, Microsoft.EntityFrameworkCore.DbSet<Order.Infrastructure.Entities.SysRunningNumber.SysRunningNumberModel>>
7ffcf574ac48       1         32 Microsoft.EntityFrameworkCore.Metadata.Internal.ClrPropertySetter<Order.Infrastructure.OrderContext, Order.Infrastructure.OrderContext, Microsoft.EntityFrameworkCore.DbSet<Order.Infrastructure.Entities.SysRunningNumber.SysRunningNumberTypeModel>>
7ffcf574bcc8       1         32 Microsoft.EntityFrameworkCore.Metadata.Internal.ClrPropertySetter<Order.Infrastructure.OrderContext, Order.Infrastructure.OrderContext, Microsoft.EntityFrameworkCore.DbSet<Order.Infrastructure.Entities.SysStatusAggregate.SysStatusAggregateModel>>
7ffcf5750e18       1         32 Microsoft.EntityFrameworkCore.Metadata.Internal.ClrPropertySetter<Order.Infrastructure.OrderContext, Order.Infrastructure.OrderContext, Microsoft.EntityFrameworkCore.DbSet<Order.Infrastructure.Entities.MasterData.SysStatusModel>>
7ffcf63128e8       1         32 System.SZGenericArrayEnumerator<Microsoft.EntityFrameworkCore.Metadata.RuntimeForeignKey>
7ffcf57b5598       1         32 System.Collections.Generic.List<AutoMapper.Profile>
7ffcf57b6078       1         32 System.Collections.Generic.List<System.Action<AutoMapper.Configuration.ValidationContext>>
7ffcf57b6ca8       1         32 System.Collections.Generic.List<AutoMapper.Internal.Mappers.IObjectMapper>
7ffcf57c2e30       1         32 System.SZGenericArrayEnumerator<AutoMapper.AutoMapAttribute>
7ffcf5a675c8       1         32 Microsoft.AspNetCore.Mvc.ModelBinding.ValueProviderResult
7ffcf5adaab0       1         32 System.SZGenericArrayEnumerator<FluentValidation.Results.ValidationFailure>
7ffcf55d8648       1         32 Microsoft.EntityFrameworkCore.Storage.ValueConversion.ValueConverterSelector
7ffcf5b2e768       1         32 System.Linq.Expressions.Expression1<System.Func<System.Int64, System.Byte[]>>
7ffcf5b2ed20       1         32 System.Linq.Expressions.Expression1<System.Func<System.Byte[], System.Int64>>
7ffcf5b2fcc8       1         32 System.Linq.Expressions.Expression1<System.Func<System.UInt64, System.Byte[]>>
7ffcf5b2ff50       1         32 System.Linq.Expressions.Expression1<System.Func<System.Byte[], System.UInt64>>
7ffcf5b591c0       1         32 System.Linq.Expressions.Expression1<System.Func<Microsoft.Data.SqlTypes.SqlVector<System.Single>, System.Int32>>
7ffcf5b594a8       1         32 System.Linq.Expressions.Expression1<System.Func<Microsoft.Data.SqlTypes.SqlVector<System.Single>, Microsoft.Data.SqlTypes.SqlVector<System.Single>>>
7ffcf55d0a98       1         32 Microsoft.EntityFrameworkCore.Infrastructure.ModelSource
7ffcf55d9fe0       1         32 Microsoft.EntityFrameworkCore.Metadata.LazyLoaderParameterBindingFactory
7ffcf55d9648       1         32 Microsoft.EntityFrameworkCore.Metadata.Internal.ParameterBindingFactories
7ffcf5bb62d0       1         32 System.Collections.Generic.List<Microsoft.EntityFrameworkCore.Metadata.IParameterBindingFactory>
7ffcf55d8a18       1         32 Microsoft.EntityFrameworkCore.Metadata.Internal.ConstructorBindingFactory
7ffcf55d9918       1         32 Microsoft.EntityFrameworkCore.Metadata.Internal.MemberClassifier
7ffcf53b5630       1         32 Microsoft.EntityFrameworkCore.Update.UpdateSqlGeneratorDependencies
7ffcf536f698       1         32 Microsoft.EntityFrameworkCore.SqlServer.Infrastructure.Internal.SqlServerModelValidator
7ffcf55de270       1         32 Microsoft.EntityFrameworkCore.Infrastructure.ModelRuntimeInitializerDependencies
7ffcf53b76d0       1         32 Microsoft.EntityFrameworkCore.Infrastructure.RelationalModelRuntimeInitializerDependencies
7ffcf539b140       1         32 Microsoft.EntityFrameworkCore.Infrastructure.RelationalModelRuntimeInitializer
7ffcf5bb8650       1         32 System.SZGenericArrayEnumerator<Microsoft.EntityFrameworkCore.Infrastructure.DbContextModelAttribute>
7ffcf5bea1e8       1         32 System.SZGenericArrayEnumerator<Microsoft.EntityFrameworkCore.Metadata.Conventions.Infrastructure.IConventionSetPlugin>
7ffcf5bef0c0       1         32 Microsoft.EntityFrameworkCore.Metadata.Internal.InternalModelBuilder
7ffcf5c650b8       1         32 System.SZGenericArrayEnumerator<System.ComponentModel.DataAnnotations.Schema.NotMappedAttribute>
7ffcf5c65498       1         32 System.SZGenericArrayEnumerator<Microsoft.EntityFrameworkCore.OwnedAttribute>
7ffcf5c65878       1         32 System.SZGenericArrayEnumerator<System.ComponentModel.DataAnnotations.Schema.ComplexTypeAttribute>
7ffcf5c65c58       1         32 System.SZGenericArrayEnumerator<Microsoft.EntityFrameworkCore.KeylessAttribute>
7ffcf5c66038       1         32 System.SZGenericArrayEnumerator<Microsoft.EntityFrameworkCore.EntityTypeConfigurationAttribute>
7ffcf5c83f38       1         32 System.SZGenericArrayEnumerator<Microsoft.EntityFrameworkCore.Storage.IRelationalTypeMappingSourcePlugin>
7ffcf5c8e570       1         32 System.SZGenericArrayEnumerator<Microsoft.EntityFrameworkCore.Metadata.IConventionPropertyBase>
7ffcf5ca0070       1         32 System.SZGenericArrayEnumerator<Microsoft.EntityFrameworkCore.Metadata.Internal.TypeBase>
7ffcf5ca6060       1         32 System.SZGenericArrayEnumerator<Microsoft.EntityFrameworkCore.Metadata.Internal.Property>
7ffcf5ca61e0       1         32 System.SZGenericArrayEnumerator<Microsoft.EntityFrameworkCore.Metadata.Internal.ComplexProperty>
7ffcf5ca6360       1         32 System.SZGenericArrayEnumerator<Microsoft.EntityFrameworkCore.Metadata.Internal.ServiceProperty>
7ffcf5ca64e0       1         32 System.SZGenericArrayEnumerator<Microsoft.EntityFrameworkCore.Metadata.Internal.Navigation>
7ffcf5ca6660       1         32 System.SZGenericArrayEnumerator<Microsoft.EntityFrameworkCore.Metadata.Internal.SkipNavigation>
7ffcf5ce3cd0       1         32 System.SZGenericArrayEnumerator<Microsoft.EntityFrameworkCore.Metadata.Conventions.RelationshipDiscoveryConvention+RelationshipCandidate>
7ffcf5ce6e68       1         32 System.SZGenericArrayEnumerator<Microsoft.EntityFrameworkCore.IndexAttribute>
7ffcf5ce71b8       1         32 System.SZGenericArrayEnumerator<System.ComponentModel.DataAnnotations.Schema.TableAttribute>
7ffcf5ce7598       1         32 System.SZGenericArrayEnumerator<Microsoft.EntityFrameworkCore.CommentAttribute>
7ffcf5d19610       1         32 System.SZGenericArrayEnumerator<Microsoft.EntityFrameworkCore.Metadata.Internal.InternalForeignKeyBuilder>
7ffcf4590c18       1         32 System.Reflection.NullabilityInfoContext
7ffcf5fcbaf8       1         32 System.SZGenericArrayEnumerator<Microsoft.EntityFrameworkCore.Metadata.Internal.Index>
7ffcf5fd9890       1         32 System.SZGenericArrayEnumerator<Microsoft.EntityFrameworkCore.Metadata.IReadOnlyForeignKey>
7ffcf600aa78       1         32 System.SZGenericArrayEnumerator<Microsoft.EntityFrameworkCore.Metadata.IConventionSkipNavigation>
7ffcf6015900       1         32 System.SZGenericArrayEnumerator<Microsoft.EntityFrameworkCore.Metadata.IReadOnlySkipNavigation>
7ffcf6034070       1         32 System.SZGenericArrayEnumerator<System.ComponentModel.DataAnnotations.Schema.InversePropertyAttribute>
7ffcf6034790       1         32 System.SZGenericArrayEnumerator<Microsoft.EntityFrameworkCore.BackingFieldAttribute>
7ffcf6034cc0       1         32 System.SZGenericArrayEnumerator<System.ComponentModel.DataAnnotations.RequiredAttribute>
7ffcf6037630       1         32 System.SZGenericArrayEnumerator<System.Text.Json.Serialization.JsonPropertyNameAttribute>
7ffcf603a2d0       1         32 System.SZGenericArrayEnumerator<Microsoft.EntityFrameworkCore.Metadata.IConventionForeignKey>
7ffcf603ac58       1         32 System.SZGenericArrayEnumerator<Microsoft.EntityFrameworkCore.Metadata.IConventionIndex>
7ffcf60a80d0       1         32 System.SZGenericArrayEnumerator<Microsoft.EntityFrameworkCore.Metadata.Internal.Key>
7ffcf60af168       1         32 System.SZGenericArrayEnumerator<Microsoft.EntityFrameworkCore.Metadata.IConventionEntityType>
7ffcf60d0910       1         32 System.SZGenericArrayEnumerator<Microsoft.EntityFrameworkCore.Metadata.ParameterBinding>
7ffcf60dec20       1         32 System.SZGenericArrayEnumerator<Microsoft.EntityFrameworkCore.Metadata.IQueryFilter>
7ffcf60ea098       1         32 System.SZGenericArrayEnumerator<Microsoft.EntityFrameworkCore.Metadata.Internal.ForeignKey>
7ffcf6143730       1         32 System.SZGenericArrayEnumerator<Microsoft.EntityFrameworkCore.Metadata.Internal.Trigger>
7ffcf61c38c0       1         32 System.SZGenericArrayEnumerator<System.Collections.Generic.IDictionary<System.String, System.Object>>
7ffcf61c7e40       1         32 System.SZGenericArrayEnumerator<Microsoft.EntityFrameworkCore.Metadata.IReadOnlyIndex>
7ffcf69b3c18       1         32 System.SZGenericArrayEnumerator<Order.Infrastructure.Entities.OrderReference.OrderReferenceModel>
7ffcf61f3a78       1         32 Microsoft.EntityFrameworkCore.ChangeTracking.EntryCurrentValueComparer<System.Guid>
7ffcf62573c0       1         32 System.SZGenericArrayEnumerator<Microsoft.EntityFrameworkCore.Metadata.IDbFunction>
7ffcf626d018       1         32 System.SZGenericArrayEnumerator<Microsoft.EntityFrameworkCore.Metadata.ICheckConstraint>
7ffcf6c34c60       1         32 System.SZGenericArrayEnumerator<Order.Infrastructure.Entities.SubOrderModels.SubOrderItemTaxModel>
7ffcf6c354c0       1         32 System.SZGenericArrayEnumerator<Order.Infrastructure.Entities.SubOrderModels.SubOrderItemPromotionsModel>
7ffcf6c35818       1         32 System.SZGenericArrayEnumerator<Order.Infrastructure.Entities.SubOrderModels.SubOrderItemRemarkModel>
7ffcf6c36020       1         32 System.SZGenericArrayEnumerator<Order.Infrastructure.Entities.SubOrderModels.SubOrderItemBarcodeModel>
7ffcf3c5ec28       1         32 Microsoft.AspNetCore.Mvc.Infrastructure.MemoryPoolHttpResponseStreamWriterFactory
7ffcf6c62970       1         32 System.SZGenericArrayEnumerator<Microsoft.EntityFrameworkCore.Metadata.RuntimeComplexProperty>
7ffcf6caba60       1         32 System.SZGenericArrayEnumerator<Order.Infrastructure.Entities.SubOrderModels.SubOrderRemarkModel>
7ffcf6cabc18       1         32 System.SZGenericArrayEnumerator<Order.Infrastructure.Entities.SubOrderModels.SubOrderPromotionModel>
7ffcf6cabdd0       1         32 System.SZGenericArrayEnumerator<Order.Infrastructure.Entities.SubOrderModels.SubOrderFeeModel>
7ffcf6d3c728       1         32 System.SZGenericArrayEnumerator<Microsoft.EntityFrameworkCore.Query.SqlExpressions.SqlExpression>
7ffcf6d3c820       1         32 System.SZGenericArrayEnumerator<Microsoft.EntityFrameworkCore.Query.SqlExpressions.ProjectionExpression>
7ffcf6d3c918       1         32 System.SZGenericArrayEnumerator<Microsoft.EntityFrameworkCore.Query.SqlExpressions.OrderingExpression>
7ffcf6d40e70       1         32 System.SZGenericArrayEnumerator<Microsoft.EntityFrameworkCore.Query.IAggregateMethodCallTranslator>
7ffcf6d555c0       1         32 Microsoft.EntityFrameworkCore.ChangeTracking.Internal.IdentityMapFactoryFactory+<>c__DisplayClass2_0<System.Guid>
7ffcf81fdff8       1         32 System.Collections.Generic.List<System.Diagnostics.Tracing.DiagnosticCounter>
7ffcf62dca88       1         32 System.SZGenericArrayEnumerator<Microsoft.EntityFrameworkCore.Metadata.ITypeMappingConfiguration>
7ffcf5380978       1         32 Microsoft.EntityFrameworkCore.SqlServer.Query.Internal.SqlServerEvaluatableExpressionFilter
7ffcf62ef4e0       1         32 System.Collections.Generic.List<Microsoft.EntityFrameworkCore.Diagnostics.IInstantiationBindingInterceptor>
7ffcf53b6b48       1         32 Microsoft.EntityFrameworkCore.Query.QuerySqlGeneratorDependencies
7ffcf53b3f80       1         32 Microsoft.EntityFrameworkCore.Query.RelationalLiftableConstantFactory
7ffcf643e870       1         32 System.SZGenericArrayEnumerator<Microsoft.EntityFrameworkCore.Metadata.Internal.ColumnMappingBase>
7ffcf643f2d8       1         32 System.SZGenericArrayEnumerator<Microsoft.EntityFrameworkCore.Metadata.IComplexProperty>
7ffcf64568f8       1         32 System.SZGenericArrayEnumerator<Microsoft.EntityFrameworkCore.Metadata.Internal.ColumnMapping>
7ffcf39ad568       1         40 Interop+INPUT_RECORD
7ffcf68fa728       1         40 System.Data.SqlTypes.SqlGuid
7ffcf34fcdc8       1         40 System.Buffers.SharedArrayPool<System.Char>
7ffcf3537ba8       1         40 System.Collections.Concurrent.ConcurrentDictionary<System.Guid, System.Collections.Generic.List<Microsoft.DotNet.HotReload.RuntimeManagedCodeUpdate>>
7ffcf35393a0       1         40 System.Collections.Concurrent.ConcurrentDictionary<System.Reflection.Assembly, System.Reflection.Assembly>
7ffcf3580a90       1         40 System.Collections.Concurrent.ConcurrentQueue<System.Threading.PortableThreadPool+IOCompletionPoller+Event>
7ffcf35924f0       1         40 System.Buffers.SharedArrayPool<System.Byte>
7ffcf35a2f88       1         40 System.Threading.Tasks.TaskFactory
7ffcf35dc5a0       1         40 System.Threading.Tasks.TaskFactory<System.Threading.Tasks.Task>
7ffcf36e5be0       1         40 System.Buffers.SharedArrayPool<System.Boolean>
7ffcf36f7e48       1         40 System.Buffers.ReadOnlySequence<System.Byte>
7ffcf371f0a0       1         40 System.Lazy<Microsoft.Extensions.DependencyModel.DependencyContext>
7ffcf3730248       1         40 Microsoft.Extensions.DependencyModel.DependencyContextPaths
7ffcf374be30       1         40 System.Buffers.SharedArrayPool<Microsoft.Extensions.DependencyModel.CompilationLibrary>
7ffcf374dc08       1         40 System.Buffers.SharedArrayPool<Microsoft.Extensions.DependencyModel.RuntimeLibrary>
7ffcf3775d28       1         40 System.Buffers.SharedArrayPool<Microsoft.Extensions.DependencyModel.RuntimeFile>
7ffcf37b9e78       1         40 System.Buffers.SharedArrayPool<System.Reflection.AssemblyName>
7ffcf3894a98       1         40 System.Buffers.SharedArrayPool<System.Reflection.MethodInfo>
7ffcf3956e08       1         40 System.Buffers.SharedArrayPool<Serilog.Parsing.MessageTemplateToken>
7ffcf3a208b0       1         40 System.TimeZoneInfo+OffsetAndRule
7ffcf3a25c50       1         40 System.IO.TextWriter+NullTextWriter
7ffcf3a51a30       1         40 Microsoft.Extensions.Configuration.ReferenceCountedProviderManager
7ffcf3a55260       1         40 System.Buffers.SharedArrayPool<Serilog.Sinks.File.RollingLogFile>
7ffcf3609478       1         40 Microsoft.Extensions.Hosting.HostBuilderContext
7ffcf3abda78       1         40 System.Lazy<System.Net.Quic.MsQuicApi>
7ffcf3bb05f0       1         40 Microsoft.AspNetCore.Hosting.HostingStartupWebHostBuilder
7ffcf3c2a068       1         40 System.Collections.Concurrent.ConcurrentDictionary<System.Type, System.ComponentModel.TypeDescriptor+TypeDescriptionNode>
7ffcf3c2a7b0       1         40 System.Collections.Concurrent.ConcurrentDictionary<System.Type, System.Object>
7ffcf3eec900       1         40 Microsoft.Extensions.DependencyInjection.HttpClientMappingRegistry
7ffcf3f01268       1         40 Microsoft.Extensions.DependencyInjection.DefaultHttpClientBuilderServiceCollection
7ffcf3f16ac0       1         40 System.Buffers.SharedArrayPool<Microsoft.AspNetCore.Mvc.ViewFeatures.Buffers.ViewBufferValue>
7ffcf3db6120       1         40 Order.API.Startup+<>c__DisplayClass11_0
7ffcf41f0e60       1         40 System.Buffers.SharedArrayPool<System.Type>
7ffcf41f4098       1         40 Microsoft.Extensions.Hosting.HostApplicationBuilder+<>c__DisplayClass30_0<System.Object>
7ffcf41f5fd8       1         40 System.Collections.Concurrent.ConcurrentDictionary<Autofac.Core.Service, Autofac.Core.Registration.ServiceRegistrationInfo>
7ffcf41f6c80       1         40 System.Collections.Concurrent.ConcurrentQueue<Autofac.Core.IComponentRegistration>
7ffcf41f8b00       1         40 System.Collections.Concurrent.ConcurrentDictionary<System.String, Autofac.Core.IReflectionCache>
7ffcf41fb4f0       1         40 Autofac.Util.Cache.ReflectionCacheAssemblyDictionary<System.Reflection.Assembly, System.Collections.Generic.IEnumerable<System.Type>>
7ffcf42142b0       1         40 Autofac.Util.Cache.ReflectionCacheDictionary<System.Reflection.ConstructorInfo, System.Func<System.Object[], System.Object>>
7ffcf4214ca8       1         40 Autofac.Util.Cache.ReflectionCacheDictionary<System.Reflection.PropertyInfo, System.Action<System.Object, System.Object>>
7ffcf42155b0       1         40 Autofac.Util.Cache.ReflectionCacheDictionary<System.Type, System.Collections.Generic.IReadOnlyList<System.Reflection.PropertyInfo>>
7ffcf4215eb8       1         40 Autofac.Util.Cache.ReflectionCacheDictionary<System.Type, System.Reflection.ConstructorInfo[]>
7ffcf42167c0       1         40 Autofac.Util.Cache.ReflectionCacheDictionary<System.Type, System.Type>
7ffcf41f5520       1         40 Autofac.Core.Registration.ComponentRegistryBuilder
7ffcf4235748       1         40 Autofac.Core.Container
7ffcf3f1c988       1         40 Microsoft.AspNetCore.Components.CascadingParameterInfo
7ffcf427b3b0       1         40 Autofac.Core.Registration.ComponentRegistry
7ffcf441d208       1         40 Autofac.Util.Cache.ReflectionCacheDictionary<System.Type, System.ValueTuple<System.Type, System.Type, System.Func<System.Int32, System.Collections.IList>>>
7ffcf4447fe8       1         40 System.Threading.ThreadLocal<Serilog.Extensions.Logging.SerilogLoggerProvider+ScopeCollector>
7ffcf4470368       1         40 Microsoft.Extensions.Options.OptionsFactory<Microsoft.Extensions.Hosting.ConsoleLifetimeOptions>
7ffcf444fb80       1         40 Microsoft.Extensions.Options.UnnamedOptionsManager<Microsoft.Extensions.Hosting.ConsoleLifetimeOptions>
7ffcf447cfb8       1         40 Microsoft.Extensions.Options.OptionsFactory<Microsoft.Extensions.Hosting.HostOptions>
7ffcf444fd60       1         40 Microsoft.Extensions.Options.UnnamedOptionsManager<Microsoft.Extensions.Hosting.HostOptions>
7ffcf3a5c428       1         40 Microsoft.Extensions.Hosting.HostOptions
7ffcf4481470       1         40 Microsoft.Extensions.Options.IConfigureOptions<Microsoft.AspNetCore.Server.Kestrel.Core.KestrelServerOptions>[]
7ffcf4480018       1         40 Microsoft.Extensions.Options.OptionsFactory<Microsoft.AspNetCore.Server.Kestrel.Core.KestrelServerOptions>
7ffcf447fec0       1         40 Microsoft.Extensions.Options.UnnamedOptionsManager<Microsoft.AspNetCore.Server.Kestrel.Core.KestrelServerOptions>
7ffcf44856a0       1         40 Microsoft.Extensions.Options.ConfigureNamedOptions<Microsoft.AspNetCore.Server.Kestrel.Transport.Sockets.SocketTransportOptions, Microsoft.AspNetCore.Connections.IMemoryPoolFactory<System.Byte>>
7ffcf430c238       1         40 System.Collections.Concurrent.ConcurrentDictionary<Microsoft.AspNetCore.PinnedBlockMemoryPool, System.UIntPtr>
7ffcf4483cd0       1         40 Microsoft.Extensions.Options.OptionsFactory<Microsoft.AspNetCore.Server.Kestrel.Transport.Sockets.SocketTransportOptions>
7ffcf4483ba0       1         40 Microsoft.Extensions.Options.UnnamedOptionsManager<Microsoft.AspNetCore.Server.Kestrel.Transport.Sockets.SocketTransportOptions>
7ffcf4488d10       1         40 Microsoft.Extensions.Options.ConfigureNamedOptions<Microsoft.AspNetCore.Server.Kestrel.Transport.NamedPipes.NamedPipeTransportOptions, Microsoft.AspNetCore.Connections.IMemoryPoolFactory<System.Byte>>
7ffcf4487738       1         40 Microsoft.Extensions.Options.OptionsFactory<Microsoft.AspNetCore.Server.Kestrel.Transport.NamedPipes.NamedPipeTransportOptions>
7ffcf4487608       1         40 Microsoft.Extensions.Options.UnnamedOptionsManager<Microsoft.AspNetCore.Server.Kestrel.Transport.NamedPipes.NamedPipeTransportOptions>
7ffcf3bbba08       1         40 Microsoft.AspNetCore.Server.Kestrel.Transport.NamedPipes.Internal.NamedPipeTransportFactory
7ffcf4489aa8       1         40 Microsoft.Extensions.Options.OptionsFactory<Microsoft.AspNetCore.Server.Kestrel.Transport.Quic.QuicTransportOptions>
7ffcf4489978       1         40 Microsoft.Extensions.Options.UnnamedOptionsManager<Microsoft.AspNetCore.Server.Kestrel.Transport.Quic.QuicTransportOptions>
7ffcf3bbd380       1         40 Microsoft.AspNetCore.Server.Kestrel.Core.HttpsConfigurationService+Initializer
7ffcf4309188       1         40 Microsoft.AspNetCore.Connections.IConnectionListenerFactory[]
7ffcf4307000       1         40 Microsoft.AspNetCore.Http.Features.FeatureCollection
7ffcf4309c90       1         40 Microsoft.AspNetCore.Server.Kestrel.Core.Internal.ServerAddressesCollection+PublicServerAddressesCollection
7ffcf44d2f18       1         40 Microsoft.Extensions.Options.IConfigureOptions<Microsoft.AspNetCore.Mvc.JsonOptions>[]
7ffcf44d1aa0       1         40 Microsoft.Extensions.Options.OptionsFactory<Microsoft.AspNetCore.Mvc.JsonOptions>
7ffcf44d1970       1         40 Microsoft.Extensions.Options.UnnamedOptionsManager<Microsoft.AspNetCore.Mvc.JsonOptions>
7ffcf44d31d8       1         40 Microsoft.Extensions.Options.OptionsFactory<Microsoft.AspNetCore.Mvc.DataAnnotations.MvcDataAnnotationsLocalizationOptions>
7ffcf44d3098       1         40 Microsoft.Extensions.Options.UnnamedOptionsManager<Microsoft.AspNetCore.Mvc.DataAnnotations.MvcDataAnnotationsLocalizationOptions>
7ffcf3d50608       1         40 Microsoft.Extensions.DependencyInjection.MvcDataAnnotationsMvcOptionsSetup
7ffcf44d03f0       1         40 Microsoft.Extensions.Options.OptionsFactory<Microsoft.AspNetCore.Mvc.MvcOptions>
7ffcf44d02c0       1         40 Microsoft.Extensions.Options.UnnamedOptionsManager<Microsoft.AspNetCore.Mvc.MvcOptions>
7ffcf43234a8       1         40 System.Runtime.CompilerServices.ConditionalWeakTable<System.Text.Json.JsonSerializerOptions, System.Object>
7ffcf44dfdd0       1         40 Microsoft.AspNetCore.Mvc.Formatters.StringOutputFormatter
7ffcf458e1c8       1         40 Microsoft.AspNetCore.Mvc.DataAnnotations.DataAnnotationsMetadataProvider
7ffcf458e340       1         40 Microsoft.AspNetCore.Mvc.DataAnnotations.DataAnnotationsModelValidatorProvider
7ffcf458f668       1         40 Microsoft.AspNetCore.Mvc.ModelBinding.Validation.IMetadataBasedModelValidatorProvider[]
7ffcf4346a00       1         40 System.Collections.Concurrent.ConcurrentDictionary<Microsoft.AspNetCore.Mvc.ModelBinding.Metadata.ModelMetadataIdentity, Microsoft.AspNetCore.Mvc.ModelBinding.Metadata.DefaultModelMetadataProvider+ModelMetadataCacheEntry>
7ffcf434d750       1         40 System.Collections.Concurrent.ConcurrentDictionary<Microsoft.AspNetCore.Mvc.ModelBinding.ModelBinderFactory+Key, Microsoft.AspNetCore.Mvc.ModelBinding.IModelBinder>
7ffcf45c7038       1         40 Serilog.Extensions.Logging.CachingMessageTemplateParser
7ffcf45d4b48       1         40 System.Collections.Concurrent.ConcurrentDictionary<Microsoft.AspNetCore.Mvc.ModelBinding.ModelMetadata, Microsoft.AspNetCore.Mvc.ModelBinding.Validation.ValidatorCache+CacheEntry>
7ffcf4352d30       1         40 System.Collections.Concurrent.ConcurrentDictionary<System.Type, Microsoft.Extensions.DependencyInjection.ObjectFactory>
7ffcf3d30970       1         40 Microsoft.AspNetCore.Mvc.Controllers.ControllerActivatorProvider
7ffcf45d6788       1         40 Microsoft.Extensions.Options.OptionsFactory<Microsoft.AspNetCore.Mvc.RazorPages.RazorPagesOptions>
7ffcf45d6658       1         40 Microsoft.Extensions.Options.UnnamedOptionsManager<Microsoft.AspNetCore.Mvc.RazorPages.RazorPagesOptions>
7ffcf3f6edc0       1         40 Microsoft.AspNetCore.Mvc.ApplicationModels.DefaultPageApplicationModelPartsProvider
7ffcf3f80518       1         40 Microsoft.AspNetCore.Mvc.RazorPages.RazorPagesOptions
7ffcf43e4f38       1         40 Microsoft.AspNetCore.Mvc.ApplicationModels.PageConventionCollection
7ffcf45d8368       1         40 Microsoft.Extensions.Options.OptionsFactory<Microsoft.AspNetCore.Authorization.AuthorizationOptions>
7ffcf45d8238       1         40 Microsoft.Extensions.Options.UnnamedOptionsManager<Microsoft.AspNetCore.Authorization.AuthorizationOptions>
7ffcf45def70       1         40 Microsoft.Extensions.Options.OptionsFactory<Microsoft.AspNetCore.Routing.RouteOptions>
7ffcf45dee40       1         40 Microsoft.Extensions.Options.UnnamedOptionsManager<Microsoft.AspNetCore.Routing.RouteOptions>
7ffcf3bd08d8       1         40 Microsoft.AspNetCore.Routing.RouteOptions
7ffcf3f6d110       1         40 Microsoft.AspNetCore.Mvc.RazorPages.Infrastructure.DefaultPageActivatorProvider
7ffcf4603220       1         40 Microsoft.Extensions.Options.OptionsFactory<Microsoft.Extensions.WebEncoders.WebEncoderOptions>
7ffcf46030f0       1         40 Microsoft.Extensions.Options.UnnamedOptionsManager<Microsoft.Extensions.WebEncoders.WebEncoderOptions>
7ffcf4385a20       1         40 System.Collections.Concurrent.ConcurrentDictionary<System.Linq.Expressions.LambdaExpression, System.String>
7ffcf3f6d3f8       1         40 Microsoft.AspNetCore.Mvc.RazorPages.Infrastructure.DefaultPageFactoryProvider
7ffcf3f6d730       1         40 Microsoft.AspNetCore.Mvc.RazorPages.Infrastructure.DefaultPageModelActivatorProvider
7ffcf46074e8       1         40 Microsoft.Extensions.Options.OptionsFactory<Microsoft.AspNetCore.DataProtection.DataProtectionOptions>
7ffcf46073b8       1         40 Microsoft.Extensions.Options.UnnamedOptionsManager<Microsoft.AspNetCore.DataProtection.DataProtectionOptions>
7ffcf3f0ff58       1         40 Microsoft.AspNetCore.DataProtection.Internal.KeyManagementOptionsPostSetup
7ffcf4608c10       1         40 Microsoft.Extensions.Options.OptionsFactory<Microsoft.AspNetCore.DataProtection.KeyManagement.KeyManagementOptions>
7ffcf4608ae0       1         40 Microsoft.Extensions.Options.UnnamedOptionsManager<Microsoft.AspNetCore.DataProtection.KeyManagement.KeyManagementOptions>
7ffcf460a290       1         40 System.Lazy<System.IO.DirectoryInfo>
7ffcf437d568       1         40 System.Collections.Concurrent.ConcurrentDictionary<System.Guid, Microsoft.AspNetCore.DataProtection.KeyManagement.Key>
7ffcf460e2c0       1         40 System.Lazy<System.Boolean>
7ffcf5987790       1         40 System.Collections.Concurrent.ConcurrentDictionary<AutoMapper.Internal.MapRequest, System.Lazy<System.Delegate>>
7ffcf59a7fc0       1         40 System.Buffers.SharedArrayPool<System.Reflection.MemberInfo>
7ffcf3f0f138       1         40 Microsoft.AspNetCore.DataProtection.Internal.HostingApplicationDiscriminator
7ffcf4658f88       1         40 Microsoft.Extensions.Options.OptionsFactory<Microsoft.AspNetCore.Mvc.CookieTempDataProviderOptions>
7ffcf4606ab8       1         40 Microsoft.Extensions.Options.UnnamedOptionsManager<Microsoft.AspNetCore.Mvc.CookieTempDataProviderOptions>
7ffcf465c0f8       1         40 Microsoft.Extensions.Options.IConfigureOptions<Microsoft.AspNetCore.Mvc.MvcViewOptions>[]
7ffcf3f099a0       1         40 Microsoft.Extensions.DependencyInjection.MvcViewOptionsSetup
7ffcf3f65220       1         40 Microsoft.AspNetCore.Mvc.Razor.RazorPageActivator
7ffcf43cbfd0       1         40 System.Collections.Concurrent.ConcurrentDictionary<Microsoft.AspNetCore.Mvc.Razor.RazorPageActivator+CacheKey, Microsoft.AspNetCore.Mvc.Razor.RazorPagePropertyActivator>
7ffcf465d820       1         40 Microsoft.Extensions.Options.IConfigureOptions<Microsoft.AspNetCore.Mvc.Razor.RazorViewEngineOptions>[]
7ffcf465c3a8       1         40 Microsoft.Extensions.Options.OptionsFactory<Microsoft.AspNetCore.Mvc.Razor.RazorViewEngineOptions>
7ffcf465c278       1         40 Microsoft.Extensions.Options.UnnamedOptionsManager<Microsoft.AspNetCore.Mvc.Razor.RazorViewEngineOptions>
7ffcf465ac80       1         40 Microsoft.Extensions.Options.OptionsFactory<Microsoft.AspNetCore.Mvc.MvcViewOptions>
7ffcf45d6528       1         40 Microsoft.Extensions.Options.UnnamedOptionsManager<Microsoft.AspNetCore.Mvc.MvcViewOptions>
7ffcf465ec90       1         40 Microsoft.AspNetCore.Mvc.DataAnnotations.DataAnnotationsClientModelValidatorProvider
7ffcf4359458       1         40 Microsoft.AspNetCore.Mvc.Routing.IRequestDelegateFactory[]
7ffcf3f6e880       1         40 Microsoft.AspNetCore.Mvc.RazorPages.Infrastructure.DefaultPageLoader
7ffcf4342830       1         40 Microsoft.AspNetCore.Mvc.Abstractions.IActionInvokerProvider[]
7ffcf4671e40       1         40 Microsoft.Extensions.Options.OptionsFactory<Microsoft.AspNetCore.Mvc.ApiBehaviorOptions>
7ffcf4671d10       1         40 Microsoft.Extensions.Options.UnnamedOptionsManager<Microsoft.AspNetCore.Mvc.ApiBehaviorOptions>
7ffcf3f6fe28       1         40 Microsoft.AspNetCore.Mvc.ApplicationModels.CompiledPageRouteModelProvider
7ffcf3f6c5c8       1         40 Microsoft.AspNetCore.Mvc.RazorPages.Infrastructure.CompiledPageActionDescriptorProvider
7ffcf3f65f68       1         40 Microsoft.AspNetCore.Mvc.Razor.DefaultTagHelperFactory
7ffcf42fee68       1         40 Microsoft.AspNetCore.Mvc.Abstractions.IActionDescriptorProvider[]
7ffcf3d31ea8       1         40 Microsoft.AspNetCore.Mvc.ActionConstraints.ActionConstraintCache
7ffcf43584d8       1         40 System.Collections.Concurrent.ConcurrentDictionary<Microsoft.AspNetCore.Routing.IEndpointRouteBuilder, Microsoft.AspNetCore.Mvc.Infrastructure.OrderedEndpointsSequenceProvider>
7ffcf3c5f888       1         40 Microsoft.AspNetCore.Mvc.Infrastructure.ControllerActionEndpointDataSourceFactory
7ffcf62ac200       1         40 System.Collections.Concurrent.ConcurrentDictionary<System.Type, Microsoft.EntityFrameworkCore.Metadata.RuntimeEntityType>
7ffcf47575f8       1         40 System.Collections.ObjectModel.ReadOnlyDictionary<System.String, System.Object>
7ffcf4757868       1         40 System.Collections.ObjectModel.ReadOnlyDictionary<System.String, System.Collections.Generic.IReadOnlyList<Microsoft.AspNetCore.Routing.Patterns.RoutePatternParameterPolicyReference>>
7ffcf4798968       1         40 System.Buffers.SharedArrayPool<Microsoft.AspNetCore.Mvc.Filters.FilterDescriptor>
7ffcf3f83b50       1         40 EventBus.InMemoryEventBusSubscriptionsManager
7ffcf479f900       1         40 RabbitMQ.Client.AmqpTcpEndpoint
7ffcf4801f50       1         40 System.Collections.Concurrent.ConcurrentDictionary<System.String, RabbitMQ.Client.Impl.RecordedExchange>
7ffcf48022e8       1         40 System.Collections.Concurrent.ConcurrentDictionary<System.String, RabbitMQ.Client.Impl.RecordedQueue>
7ffcf48076e0       1         40 System.Threading.Channels.SingleConsumerUnboundedChannel<RabbitMQ.Client.Framing.Impl.AutorecoveringConnection+RecoveryCommand>+UnboundedChannelReader
7ffcf4830738       1         40 System.Threading.Channels.SingleConsumerUnboundedChannel<System.Memory<System.Byte>>+UnboundedChannelReader
7ffcf4891e78       1         40 System.Collections.Concurrent.ConcurrentDictionary<System.Net.Security.SslSessionsCache+SslCredKey, System.Net.Security.SafeCredentialReference>
7ffcf48d5a80       1         40 System.Collections.Concurrent.ConcurrentDictionary<RabbitMQ.Client.IModel, RabbitMQ.Client.Impl.AsyncConsumerWorkService+WorkPool>
7ffcf48d6b70       1         40 System.Collections.Concurrent.ConcurrentDictionary<RabbitMQ.Client.IModel, RabbitMQ.Client.Impl.ConsumerWorkService+WorkPool>
7ffcf48d83b0       1         40 RabbitMQ.Util.IntAllocator
7ffcf490ee48       1         40 System.Collections.Concurrent.ConcurrentDictionary<System.String, Microsoft.Extensions.Logging.LogValuesFormatter>
7ffcf491b080       1         40 EventBus.Kafka.EventBusKafkaHelper+<>c__DisplayClass1_0
7ffcf4a1cd30       1         40 Microsoft.Extensions.Hosting.IHostedService[]
7ffcf4a1e458       1         40 Microsoft.Extensions.Options.IConfigureOptions<Microsoft.AspNetCore.Hosting.GenericWebHostServiceOptions>[]
7ffcf4a1cfe0       1         40 Microsoft.Extensions.Options.OptionsFactory<Microsoft.AspNetCore.Hosting.GenericWebHostServiceOptions>
7ffcf4a1cdf0       1         40 Microsoft.Extensions.Options.UnnamedOptionsManager<Microsoft.AspNetCore.Hosting.GenericWebHostServiceOptions>
7ffcf3bb3e38       1         40 Microsoft.AspNetCore.Http.DefaultHttpContextFactory
7ffcf4a1e708       1         40 Microsoft.Extensions.Options.OptionsFactory<Microsoft.AspNetCore.Http.Features.FormOptions>
7ffcf4a1e5d8       1         40 Microsoft.Extensions.Options.UnnamedOptionsManager<Microsoft.AspNetCore.Http.Features.FormOptions>
7ffcf3bb34f8       1         40 Microsoft.AspNetCore.Hosting.HostingMetrics
7ffcf3bb32f0       1         40 Microsoft.AspNetCore.Hosting.GenericWebHostServiceOptions
7ffcf4a36430       1         40 System.Buffers.SharedArrayPool<Autofac.Core.ServiceRegistration>
7ffcf4a3a360       1         40 Microsoft.Extensions.Options.OptionsFactory<Microsoft.Extensions.Diagnostics.Metrics.MetricsOptions>
7ffcf4a3bc00       1         40 System.Collections.Concurrent.ConcurrentDictionary<System.String, System.Lazy<Microsoft.Extensions.Diagnostics.Metrics.MetricsOptions>>
7ffcf3a648f8       1         40 Microsoft.Extensions.Diagnostics.Metrics.MetricsSubscriptionManager
7ffcf4a3bae8       1         40 System.Lazy<Microsoft.Extensions.Diagnostics.Metrics.MetricsOptions>
7ffcf4a37d98       1         40 Microsoft.Extensions.Options.OptionsFactory<Microsoft.Extensions.DependencyInjection.MetricsServiceExtensions+NoOpOptions>
7ffcf4a39638       1         40 System.Collections.Concurrent.ConcurrentDictionary<System.String, System.Lazy<Microsoft.Extensions.DependencyInjection.MetricsServiceExtensions+NoOpOptions>>
7ffcf4a326d0       1         40 Microsoft.Extensions.Options.OptionsFactory<Microsoft.Extensions.Options.StartupValidatorOptions>
7ffcf4a325a0       1         40 Microsoft.Extensions.Options.UnnamedOptionsManager<Microsoft.Extensions.Options.StartupValidatorOptions>
7ffcf4a39520       1         40 System.Lazy<Microsoft.Extensions.DependencyInjection.MetricsServiceExtensions+NoOpOptions>
7ffcf4a9b770       1         40 Microsoft.AspNetCore.Cryptography.SafeHandles.BCryptKeyHandle
7ffcf4a42c60       1         40 Microsoft.AspNetCore.DataProtection.KeyManagement.Internal.CacheableKeyRing
7ffcf4ab1ce0       1         40 System.Collections.Concurrent.ConcurrentDictionary<System.Type, Microsoft.Extensions.DependencyInjection.ActivatorUtilities+ConstructorInfoEx[]>
7ffcf4ab2568       1         40 System.Lazy<System.Runtime.CompilerServices.ConditionalWeakTable<System.Type, Microsoft.Extensions.DependencyInjection.ActivatorUtilities+ConstructorInfoEx[]>>
7ffcf3c5fd50       1         40 Microsoft.AspNetCore.Mvc.Filters.MiddlewareFilterBuilder
7ffcf435d628       1         40 System.Collections.Concurrent.ConcurrentDictionary<System.Type, System.Lazy<Microsoft.AspNetCore.Http.RequestDelegate>>
7ffcf44ceac8       1         40 Microsoft.Extensions.Internal.CopyOnWriteDictionary<System.String, System.Object>
7ffcf46792b0       1         40 Microsoft.AspNetCore.Builder.RouterMiddleware
7ffcf4ac1430       1         40 Microsoft.Extensions.Options.OptionsFactory<Utility.Package.Models.Jwt>
7ffcf4ac1300       1         40 Microsoft.Extensions.Options.UnnamedOptionsManager<Utility.Package.Models.Jwt>
7ffcf3f88760       1         40 Utility.Package.UtilityServices.EncryptionService
7ffcf3f88b40       1         40 Utility.Package.UtilityServices.ClaimManagementService
7ffcf4ac8368       1         40 Microsoft.Extensions.Options.OptionsFactory<Microsoft.AspNetCore.Cors.Infrastructure.CorsOptions>
7ffcf4ac8238       1         40 Microsoft.Extensions.Options.UnnamedOptionsManager<Microsoft.AspNetCore.Cors.Infrastructure.CorsOptions>
7ffcf4afa1f8       1         40 Microsoft.Extensions.Options.OptionsFactory<EventBus.SprintEventBusSetting>
7ffcf4afa0c8       1         40 Microsoft.Extensions.Options.UnnamedOptionsManager<EventBus.SprintEventBusSetting>
7ffcf4afb920       1         40 Microsoft.Extensions.Options.OptionsFactory<HttpExtension.SprintHttpCommonSetting>
7ffcf4afb7f0       1         40 Microsoft.Extensions.Options.UnnamedOptionsManager<HttpExtension.SprintHttpCommonSetting>
7ffcf44cb5c0       1         40 Swashbuckle.AspNetCore.SwaggerUI.SwaggerUIMiddleware
7ffcf4afeea0       1         40 Microsoft.AspNetCore.StaticFiles.Infrastructure.SharedOptions
7ffcf44c4448       1         40 Swashbuckle.AspNetCore.Swagger.SwaggerMiddleware
7ffcf4b02bd0       1         40 Microsoft.Extensions.Options.OptionsFactory<Microsoft.AspNetCore.Builder.DeveloperExceptionPageOptions>
7ffcf4b027c8       1         40 Microsoft.Extensions.Options.UnnamedOptionsManager<Microsoft.AspNetCore.Builder.DeveloperExceptionPageOptions>
7ffcf4b04240       1         40 Microsoft.Extensions.Options.OptionsFactory<Microsoft.AspNetCore.Http.Json.JsonOptions>
7ffcf4b029b8       1         40 Microsoft.Extensions.Options.UnnamedOptionsManager<Microsoft.AspNetCore.Http.Json.JsonOptions>
7ffcf63f3cf8       1         40 System.Lazy<System.Reflection.MethodInfo>
7ffcf6563260       1         40 System.Collections.Concurrent.ConcurrentDictionary<System.Type, System.Reflection.ConstructorInfo>
7ffcf65775e8       1         40 System.Runtime.CompilerServices.ConditionalWeakTable<System.Transactions.ContextKey, System.Transactions.ContextData>
7ffcf67d9168       1         40 Microsoft.Data.SqlClient.SqlColumnEncryptionCertificateStoreProvider
7ffcf67d9460       1         40 Microsoft.Data.SqlClient.SqlColumnEncryptionCngProvider
7ffcf67d9758       1         40 Microsoft.Data.SqlClient.SqlColumnEncryptionCspProvider
7ffcf67d9918       1         40 System.Collections.Concurrent.ConcurrentDictionary<System.String, System.Collections.Generic.IList<System.String>>
7ffcf67f96f0       1         40 System.Lazy<Microsoft.Data.SqlClient.SqlConfigurableRetryLogicLoader>
7ffcf6821a48       1         40 System.Configuration.ImplicitMachineConfigHost
7ffcf6862208       1         40 System.Collections.Concurrent.ConcurrentDictionary<System.ValueTuple<System.String, Interop+BCrypt+BCryptOpenAlgorithmProviderFlags>, System.ValueTuple<Microsoft.Win32.SafeHandles.SafeBCryptAlgorithmHandle, System.Int32>>
7ffcf68601f8       1         40 System.Collections.Concurrent.ConcurrentDictionary<System.ValueTuple<System.String, Interop+BCrypt+BCryptOpenAlgorithmProviderFlags>, System.Boolean>
7ffcf68b1170       1         40 System.Collections.Concurrent.ConcurrentDictionary<System.String, Microsoft.Data.SqlClient.SQLDNSInfo>
7ffcf68d3500       1         40 System.Text.InternalDecoderBestFitFallback
7ffcf68d3860       1         40 Microsoft.Win32.SafeHandles.SafeAllocHHandle
7ffcf6a18908       1         40 System.Buffers.SharedArrayPool<Microsoft.EntityFrameworkCore.Query.SqlExpressions.ProjectionExpression>
7ffcf6a3ff18       1         40 System.Buffers.SharedArrayPool<System.Linq.Expressions.Expression>
7ffcf4376550       1         40 System.Collections.Concurrent.ConcurrentDictionary<Microsoft.AspNetCore.Http.Endpoint, Microsoft.AspNetCore.Authorization.AuthorizationPolicy>
7ffcf4b0e9c0       1         40 Microsoft.Extensions.Options.OptionsFactory<Microsoft.AspNetCore.Authentication.AuthenticationOptions>
7ffcf4b0e890       1         40 Microsoft.Extensions.Options.UnnamedOptionsManager<Microsoft.AspNetCore.Authentication.AuthenticationOptions>
7ffcf4b12cc8       1         40 Microsoft.Extensions.Options.OptionsFactory<Microsoft.AspNetCore.HostFiltering.HostFilteringOptions>
7ffcf4b14568       1         40 System.Collections.Concurrent.ConcurrentDictionary<System.String, System.Lazy<Microsoft.AspNetCore.HostFiltering.HostFilteringOptions>>
7ffcf4abe888       1         40 Microsoft.AspNetCore.HostFiltering.HostFilteringMiddleware
7ffcf4b14450       1         40 System.Lazy<Microsoft.AspNetCore.HostFiltering.HostFilteringOptions>
7ffcf4ab5da8       1         40 Microsoft.WebTools.BrowserLink.Net.BrowserLinkMiddleware
7ffcf4ab5b28       1         40 Microsoft.WebTools.BrowserLink.Net.VsContentMiddleware
7ffcf4b33ad8       1         40 Microsoft.AspNetCore.Server.Kestrel.Core.Internal.EndpointDefaults
7ffcf435e880       1         40 Microsoft.AspNetCore.Mvc.ApiExplorer.ApiResponseTypeProvider
7ffcf4b4c5a0       1         40 Microsoft.AspNetCore.Mvc.ApiExplorer.IApiDescriptionProvider[]
7ffcf4bc1bf8       1         40 System.Text.Json.Serialization.Converters.UnsupportedTypeConverterFactory
7ffcf4bc1a68       1         40 System.Text.Json.Serialization.Converters.NullableConverterFactory
7ffcf4bc18b8       1         40 System.Text.Json.Serialization.Converters.EnumConverterFactory
7ffcf4bc1588       1         40 System.Text.Json.Serialization.Converters.JsonNodeConverterFactory
7ffcf4bc1068       1         40 System.Text.Json.Serialization.Converters.MemoryConverterFactory
7ffcf4bc0ef8       1         40 System.Text.Json.Serialization.IAsyncEnumerableConverterFactory
7ffcf4bc1220       1         40 System.Text.Json.Serialization.Converters.IEnumerableConverterFactory
7ffcf4bc1730       1         40 System.Text.Json.Serialization.Converters.ObjectConverterFactory
7ffcf4befaf8       1         40 System.Collections.Concurrent.ConcurrentDictionary<System.ValueTuple<System.String, System.Type, System.Reflection.MemberInfo>, System.Text.Json.Serialization.Metadata.ReflectionEmitCachingMemberAccessor+Cache<System.ValueTuple<System.String, System.Type, System.Reflection.MemberInfo>>+CacheEntry>
7ffcf4c494d0       1         40 EventBus.Kafka.EventBusKafka+<>c__DisplayClass15_0
7ffcf35ab798       1         40 System.Threading.Tasks.Task+SetOnInvokeMres
7ffcf4c718f0       1         40 Microsoft.Extensions.Options.OptionsFactory<Swashbuckle.AspNetCore.SwaggerGen.SwaggerGenOptions>
7ffcf4c4f808       1         40 Microsoft.Extensions.Options.UnnamedOptionsManager<Swashbuckle.AspNetCore.SwaggerGen.SwaggerGenOptions>
7ffcf3e62fd8       1         40 Swashbuckle.AspNetCore.SwaggerGen.ConfigureSwaggerGeneratorOptions
7ffcf4c47b50       1         40 Microsoft.Extensions.Options.OptionsFactory<Swashbuckle.AspNetCore.SwaggerGen.SwaggerGeneratorOptions>
7ffcf4c47968       1         40 Microsoft.Extensions.Options.UnnamedOptionsManager<Swashbuckle.AspNetCore.SwaggerGen.SwaggerGeneratorOptions>
7ffcf44af998       1         40 Microsoft.Extensions.Options.OptionsFactory<Swashbuckle.AspNetCore.Swagger.SwaggerOptions>
7ffcf4c47a98       1         40 Microsoft.Extensions.Options.UnnamedOptionsManager<Swashbuckle.AspNetCore.Swagger.SwaggerOptions>
7ffcf4c959f8       1         40 Microsoft.Extensions.Options.OptionsFactory<Swashbuckle.AspNetCore.SwaggerGen.SchemaGeneratorOptions>
7ffcf4c958c8       1         40 Microsoft.Extensions.Options.UnnamedOptionsManager<Swashbuckle.AspNetCore.SwaggerGen.SchemaGeneratorOptions>
7ffcf3e65100       1         40 Microsoft.Extensions.ApiDescriptions.DocumentProvider
7ffcf4ca1850       1         40 System.Buffers.SharedArrayPool<Microsoft.AspNetCore.Mvc.ApiExplorer.ApiDescription>
7ffcf4cba740       1         40 System.Collections.Concurrent.ConcurrentDictionary<System.Text.RegularExpressions.RegexCache+Key, System.Text.RegularExpressions.RegexCache+Node>
7ffcf4cdaf40       1         40 System.Buffers.SharedArrayPool<System.Reflection.PropertyInfo>
7ffcf4cff7d0       1         40 System.Buffers.SharedArrayPool<Microsoft.OpenApi.Models.OpenApiParameter>
7ffcf4d03a30       1         40 System.Text.Json.Serialization.Converters.EnumConverter<Order.Infrastructure.Entities.Abstractions.BaseStatus>+EnumFieldInfo[]
7ffcf4e980f8       1         40 System.Net.SystemNetworkCredential
7ffcf4e9b338       1         40 System.Collections.Concurrent.ConcurrentDictionary<System.Net.Http.HttpConnectionPoolManager+HttpConnectionKey, System.Net.Http.HttpConnectionPool>
7ffcf4e9e170       1         40 System.Lazy<System.Net.IWebProxy>
7ffcf4e9ee28       1         40 System.Net.Http.FailedProxyCache
7ffcf4eb0698       1         40 System.Collections.Concurrent.ConcurrentDictionary<System.Uri, System.Int64>
7ffcf4e7fe88       1         40 System.Net.Http.Headers.TimeSpanHeaderParser
7ffcf4e901b8       1         40 System.Net.Http.Headers.AltSvcHeaderParser
7ffcf4e90328       1         40 System.Net.Http.Headers.CacheControlHeaderParser
7ffcf4e904b0       1         40 System.Net.Http.Headers.Int64NumberHeaderParser
7ffcf4e90680       1         40 System.Net.Http.Headers.UriHeaderParser
7ffcf4e90808       1         40 System.Net.Http.Headers.ByteArrayHeaderParser
7ffcf4e90980       1         40 System.Net.Http.Headers.CookieHeaderParser
7ffcf4e90b00       1         40 System.Net.Http.Headers.DateHeaderParser
7ffcf4e90c90       1         40 System.Net.Http.Headers.Int32NumberHeaderParser
7ffcf4eb2fb8       1         40 System.Threading._ThreadPoolWaitOrTimerCallback
7ffcf4eb4ec0       1         40 Interop+WinHttp+SafeWinHttpHandle
7ffcf4e97000       1         40 System.Net.Http.Metrics.SocketsHttpHandlerMetrics
7ffcf51909c8       1         40 System.Buffers.SharedArrayPool<System.Net.Http.HttpConnection>
7ffcf51dc8a8       1         40 System.Collections.Concurrent.ConcurrentQueue<Microsoft.AspNetCore.Routing.UriBuildingContext>
7ffcf521cf10       1         40 System.Collections.Concurrent.ConcurrentDictionary<Microsoft.AspNetCore.Mvc.Abstractions.ActionDescriptor, Microsoft.AspNetCore.Mvc.ActionConstraints.ActionConstraintCache+CacheEntry>
7ffcf5232e68       1         40 Microsoft.Extensions.Options.OptionsFactory<Microsoft.AspNetCore.Http.ProblemDetailsOptions>
7ffcf5232d38       1         40 Microsoft.Extensions.Options.UnnamedOptionsManager<Microsoft.AspNetCore.Http.ProblemDetailsOptions>
7ffcf523e038       1         40 System.Action<Microsoft.AspNetCore.Mvc.ControllerContext, System.Object>[]
7ffcf4341830       1         40 Microsoft.Extensions.Internal.PropertyActivator<Microsoft.AspNetCore.Mvc.ControllerContext>
7ffcf3e67b08       1         40 Microsoft.EntityFrameworkCore.Internal.DbContextLease
7ffcf52fd1c0       1         40 System.Collections.Concurrent.ConcurrentDictionary<Microsoft.EntityFrameworkCore.Infrastructure.IDbContextOptions, System.ValueTuple<System.IServiceProvider, System.Collections.Generic.IDictionary<System.String, System.String>>>
7ffcf55ee4b0       1         40 System.Collections.Concurrent.ConcurrentDictionary<Microsoft.Extensions.DependencyInjection.ServiceLookup.ServiceCacheKey, Microsoft.Extensions.DependencyInjection.ServiceLookup.ILEmitResolverBuilder+GeneratedMethod>
7ffcf55eb360       1         40 System.Collections.Concurrent.ConcurrentDictionary<Microsoft.Extensions.DependencyInjection.ServiceLookup.ServiceIdentifier, Microsoft.Extensions.DependencyInjection.ServiceProvider+ServiceAccessor>
7ffcf55f00e0       1         40 System.Collections.Concurrent.ConcurrentDictionary<Microsoft.Extensions.DependencyInjection.ServiceLookup.ServiceCacheKey, Microsoft.Extensions.DependencyInjection.ServiceLookup.ServiceCallSite>
7ffcf55f1d78       1         40 System.Collections.Concurrent.ConcurrentDictionary<Microsoft.Extensions.DependencyInjection.ServiceLookup.ServiceIdentifier, System.Object>
7ffcf55d72d0       1         40 Microsoft.EntityFrameworkCore.Diagnostics.Internal.LoggingOptions
7ffcf41ff3e0       1         40 System.Collections.Concurrent.ConcurrentDictionary<System.Type, System.Boolean>
7ffcf5613ab8       1         40 System.Collections.Concurrent.ConcurrentDictionary<System.Type, System.Collections.Generic.IReadOnlyList<Microsoft.EntityFrameworkCore.Infrastructure.DbSetProperty>>
7ffcf56147b8       1         40 System.Collections.Concurrent.ConcurrentDictionary<System.ValueTuple<System.Type, System.String>, System.Func<Microsoft.EntityFrameworkCore.DbContext, System.String, System.Object>>
7ffcf6351678       1         40 System.Collections.Concurrent.ConcurrentDictionary<System.String, System.Boolean>+Node
7ffcf5682c30       1         40 System.Buffers.SharedArrayPool<Microsoft.EntityFrameworkCore.Infrastructure.DbSetProperty>
7ffcf57b22d8       1         40 Microsoft.Extensions.Options.OptionsFactory<AutoMapper.MapperConfigurationExpression>
7ffcf57b21a8       1         40 Microsoft.Extensions.Options.UnnamedOptionsManager<AutoMapper.MapperConfigurationExpression>
7ffcf5a56938       1         40 System.Collections.Concurrent.ConcurrentDictionary<AutoMapper.Internal.TypePair, System.Lazy<AutoMapper.TypeMap>>
7ffcf5aa09a8       1         40 System.Collections.Concurrent.ConcurrentDictionary<System.Type, MediatR.Wrappers.RequestHandlerBase>
7ffcf5aa19a0       1         40 System.Collections.Concurrent.ConcurrentDictionary<System.Type, MediatR.Wrappers.NotificationHandlerWrapper>
7ffcf5aa21c0       1         40 System.Collections.Concurrent.ConcurrentDictionary<System.Type, MediatR.Wrappers.StreamRequestHandlerBase>
7ffcf5ac6d20       1         40 FluentValidation.Resources.LanguageManager
7ffcf5ac8438       1         40 System.Collections.Concurrent.ConcurrentDictionary<FluentValidation.Internal.AccessorCache<Order.Business.Mediator.Commands.Order.GetSubOrderCommand>+Key, System.Delegate>
7ffcf5b08338       1         40 System.Collections.Concurrent.ConcurrentDictionary<System.Type, System.Func<Microsoft.EntityFrameworkCore.ChangeTracking.Internal.IStateManager, Microsoft.EntityFrameworkCore.Internal.IDbSetSource, Microsoft.EntityFrameworkCore.Internal.IDbSetCache, Microsoft.EntityFrameworkCore.Metadata.IEntityType, Microsoft.EntityFrameworkCore.Internal.IEntityFinder>>
7ffcf5b0e6a8       1         40 System.Collections.Concurrent.ConcurrentDictionary<System.ValueTuple<System.Type, System.Type>, Microsoft.EntityFrameworkCore.Storage.ValueConversion.ValueConverterInfo>
7ffcf55dc9c8       1         40 Microsoft.EntityFrameworkCore.Storage.TypeMappingSourceDependencies
7ffcf5b58ed8       1         40 System.Linq.Expressions.Expression2<System.Func<Microsoft.Data.SqlTypes.SqlVector<System.Single>, Microsoft.Data.SqlTypes.SqlVector<System.Single>, System.Boolean>>
7ffcf5b5bdd0       1         40 System.Collections.Concurrent.ConcurrentDictionary<System.ValueTuple<Microsoft.EntityFrameworkCore.Storage.RelationalTypeMappingInfo, System.Type, Microsoft.EntityFrameworkCore.Storage.ValueConversion.ValueConverter, Microsoft.EntityFrameworkCore.Storage.CoreTypeMapping>, Microsoft.EntityFrameworkCore.Storage.RelationalTypeMapping>
7ffcf53b6768       1         40 Microsoft.EntityFrameworkCore.Storage.RelationalCommandBuilderDependencies
7ffcf5b5f838       1         40 System.Collections.Concurrent.ConcurrentDictionary<System.String, System.Boolean>
7ffcf55dbf00       1         40 Microsoft.EntityFrameworkCore.Infrastructure.ModelSourceDependencies
7ffcf55dde90       1         40 Microsoft.EntityFrameworkCore.Infrastructure.RuntimeModelDependencies
7ffcf5c198c8       1         40 System.Collections.Generic.SortedDictionary<System.String, Microsoft.EntityFrameworkCore.Metadata.Internal.EntityType>
7ffcf3c5f3a8       1         40 Microsoft.AspNetCore.Mvc.Infrastructure.DefaultOutputFormatterSelector
7ffcf3d35ca0       1         40 Microsoft.AspNetCore.Mvc.Infrastructure.ObjectResultExecutor
7ffcf6c655b8       1         40 System.Buffers.SharedArrayPool<Microsoft.EntityFrameworkCore.Metadata.RuntimeProperty>
7ffcf6c7d908       1         40 System.Buffers.SharedArrayPool<Microsoft.EntityFrameworkCore.Metadata.RuntimePropertyBase>
7ffcf653ac10       1         40 Microsoft.EntityFrameworkCore.Query.SqlExpressions.ExistsExpression
7ffcf6d4fef0       1         40 System.Linq.Expressions.Expression2<System.Func<System.Data.Common.DbDataReader, System.Int32[], System.Guid>>
7ffcf6d55bc8       1         40 Microsoft.EntityFrameworkCore.ChangeTracking.Internal.SimplePrincipalKeyValueFactory<System.Guid>
7ffcf3994b90       1         40 System.Reflection.CerHashtable<System.Reflection.RuntimeMethodInfo, System.Reflection.RuntimeMethodInfo>+Table
7ffcf81fdf28       1         40 System.WeakReference<System.Diagnostics.Tracing.CounterGroup>[]
7ffcf67f1988       1         40 Microsoft.Data.SqlClient.ConnectionPool.DbConnectionPoolGroupOptions
7ffcf5399cd8       1         40 Microsoft.EntityFrameworkCore.Query.Internal.RelationalStructuralTypeMaterializerSource
7ffcf53888d0       1         40 Microsoft.EntityFrameworkCore.SqlServer.Query.Internal.SqlServerQuerySqlGeneratorFactory
7ffcf53965f0       1         40 Microsoft.EntityFrameworkCore.SqlServer.ValueGeneration.Internal.SqlServerValueGeneratorCache
7ffcf630bcc8       1         40 System.Collections.Concurrent.ConcurrentDictionary<System.String, Microsoft.EntityFrameworkCore.SqlServer.ValueGeneration.Internal.SqlServerSequenceValueGeneratorState>
7ffcf630da40       1         40 System.Collections.Concurrent.ConcurrentDictionary<Microsoft.EntityFrameworkCore.ValueGeneration.ValueGeneratorCache+CacheKey, Microsoft.EntityFrameworkCore.ValueGeneration.ValueGenerator>
7ffcf6332398       1         40 System.Buffers.SharedArrayPool<Microsoft.EntityFrameworkCore.Query.Internal.ExpressionTreeFuncletizer+State>
7ffcf360e7c0       2         48 System.Nullable<System.Boolean>
7ffcf52fcf10       2         48 Microsoft.EntityFrameworkCore.Infrastructure.EntityFrameworkMetricsData+CacheInfo
7ffcf598a1b0       2         48 AutoMapper.ValueTransformerConfiguration[]
7ffcf6827528       2         48 System.Configuration.OverrideModeSetting
7ffcf6e4b408       2         48 System.Text.Json.Serialization.Metadata.JsonTypeInfo<CommonApiMessage.AggregatesModel.SubOrderMessage.SubOrderMessageViewModel>+<>c__DisplayClass37_0
7ffcf6e4c748       2         48 System.Text.Json.Serialization.Metadata.JsonPropertyInfo<System.Collections.Generic.List<System.String>>+<>c__DisplayClass10_0
7ffcf6e51128       2         48 System.Text.Json.Serialization.Metadata.JsonPropertyInfo<System.Collections.Generic.List<CommonApiMessage.AggregatesModel.SubOrderMessage.SubOrderMessageRemarkViewModel>>+<>c__DisplayClass10_0
7ffcf6e54f10       2         48 System.Text.Json.Serialization.Metadata.JsonPropertyInfo<System.Collections.Generic.List<CommonApiMessage.AggregatesModel.SubOrderMessage.SubOrderMessageItemViewModel>>+<>c__DisplayClass10_0
7ffcf6e52ba8       2         48 System.Text.Json.Serialization.Metadata.JsonPropertyInfo<System.Collections.Generic.List<CommonApiMessage.AggregatesModel.OrderMessage.OrderMessagePaymentViewModel>>+<>c__DisplayClass10_0
7ffcf6e55ce8       2         48 System.Text.Json.Serialization.Metadata.JsonPropertyInfo<System.Collections.Generic.List<CommonApiMessage.AggregatesModel.OrderMessage.OrderMessageCustomerViewModel>>+<>c__DisplayClass10_0
7ffcf6e56db0       2         48 System.Text.Json.Serialization.Metadata.JsonPropertyInfo<System.Collections.Generic.List<CommonApiMessage.AggregatesModel.OrderMessage.OrderMessageItemViewModel>>+<>c__DisplayClass10_0
7ffcf6e57e78       2         48 System.Text.Json.Serialization.Metadata.JsonPropertyInfo<System.Collections.Generic.List<CommonApiMessage.AggregatesModel.OrderMessage.OrderMessagePromotionViewModel>>+<>c__DisplayClass10_0
7ffcf6e58f60       2         48 System.Text.Json.Serialization.Metadata.JsonPropertyInfo<System.Collections.Generic.List<CommonApiMessage.AggregatesModel.SubOrderMessage.SubOrderMessagePromotionViewModel>>+<>c__DisplayClass10_0
7ffcf6e5bd30       2         48 System.Text.Json.Serialization.Metadata.JsonPropertyInfo<System.Collections.Generic.List<CommonApiMessage.AggregatesModel.SubOrderMessage.SubOrderMessageFeeViewModel>>+<>c__DisplayClass10_0
7ffcf6e5cee8       2         48 System.Text.Json.Serialization.Metadata.JsonPropertyInfo<System.Collections.Generic.List<CommonApiMessage.AggregatesModel.Package.PackageInfoMessageViewModel>>+<>c__DisplayClass10_0
7ffcf6e5e0a0       2         48 System.Text.Json.Serialization.Metadata.JsonPropertyInfo<System.Collections.Generic.List<CommonApiMessage.AggregatesModel.OrderMessage.OrderMessageAddressViewModel>>+<>c__DisplayClass10_0
7ffcf6e5f258       2         48 System.Text.Json.Serialization.Metadata.JsonPropertyInfo<System.Collections.Generic.List<CommonApiMessage.AggregatesModel.Package.PackageTbMessage>>+<>c__DisplayClass10_0
7ffcf6e5fd68       2         48 System.Text.Json.Serialization.Metadata.JsonTypeInfo<System.Collections.Generic.List<System.String>>+<>c__DisplayClass37_0
7ffcf6e61338       2         48 System.Text.Json.Serialization.Metadata.JsonTypeInfo<System.Collections.Generic.List<CommonApiMessage.AggregatesModel.SubOrderMessage.SubOrderMessageRemarkViewModel>>+<>c__DisplayClass37_0
7ffcf6e61d10       2         48 System.Text.Json.Serialization.Metadata.JsonTypeInfo<CommonApiMessage.AggregatesModel.SubOrderMessage.SubOrderMessageRemarkViewModel>+<>c__DisplayClass37_0
7ffcf6e62720       2         48 System.Text.Json.Serialization.Metadata.JsonTypeInfo<System.Collections.Generic.List<CommonApiMessage.AggregatesModel.SubOrderMessage.SubOrderMessageAddressViewModel>>+<>c__DisplayClass37_0
7ffcf6e630f8       2         48 System.Text.Json.Serialization.Metadata.JsonTypeInfo<CommonApiMessage.AggregatesModel.SubOrderMessage.SubOrderMessageAddressViewModel>+<>c__DisplayClass37_0
7ffcf6e67338       2         48 System.Text.Json.Serialization.Metadata.JsonTypeInfo<System.Collections.Generic.List<CommonApiMessage.AggregatesModel.SubOrderMessage.SubOrderMessageItemViewModel>>+<>c__DisplayClass37_0
7ffcf6e67d10       2         48 System.Text.Json.Serialization.Metadata.JsonTypeInfo<CommonApiMessage.AggregatesModel.SubOrderMessage.SubOrderMessageItemViewModel>+<>c__DisplayClass37_0
7ffcf6e6fdd8       2         48 System.Text.Json.Serialization.Metadata.JsonPropertyInfo<System.Int64>+<>c__DisplayClass9_0
7ffcf6e706c0       2         48 System.Text.Json.Serialization.Metadata.JsonPropertyInfo<System.Int64>+<>c__DisplayClass10_0
7ffcf6e773d8       2         48 System.Text.Json.Serialization.Metadata.JsonPropertyInfo<CommonApiMessage.AggregatesModel.SubOrderMessage.SubOrderMessageItemPromotionViewModel>+<>c__DisplayClass10_0
7ffcf6e78590       2         48 System.Text.Json.Serialization.Metadata.JsonPropertyInfo<CommonApiMessage.AggregatesModel.SubOrderMessage.SubOrderMessageItemFulFillmentViewModel>+<>c__DisplayClass10_0
7ffcf6e79748       2         48 System.Text.Json.Serialization.Metadata.JsonPropertyInfo<System.Collections.Generic.List<CommonApiMessage.AggregatesModel.SubOrderMessage.SubOrderMessageItemRemarkViewModel>>+<>c__DisplayClass10_0
7ffcf6e7a900       2         48 System.Text.Json.Serialization.Metadata.JsonPropertyInfo<CommonApiMessage.AggregatesModel.SubOrderMessage.SubOrderMessageItemAmountViewModel>+<>c__DisplayClass10_0
7ffcf6e7bab8       2         48 System.Text.Json.Serialization.Metadata.JsonPropertyInfo<System.Collections.Generic.List<CommonApiMessage.AggregatesModel.SubOrderMessage.SubOrderMessageItemPaymentViewModel>>+<>c__DisplayClass10_0
7ffcf6e7cc70       2         48 System.Text.Json.Serialization.Metadata.JsonPropertyInfo<System.Collections.Generic.List<CommonApiMessage.AggregatesModel.SubOrderMessage.SubOrderMessageItemSubBarcodeViewModel>>+<>c__DisplayClass10_0
7ffcf6e7de28       2         48 System.Text.Json.Serialization.Metadata.JsonPropertyInfo<System.Collections.Generic.List<CommonApiMessage.AggregatesModel.SubOrderMessage.SubOrderMessageItemPromotionsViewModel>>+<>c__DisplayClass10_0
7ffcf6e93018       2         48 System.Text.Json.Serialization.Metadata.JsonTypeInfo<CommonApiMessage.AggregatesModel.SubOrderMessage.SubOrderMessageItemPromotionViewModel>+<>c__DisplayClass37_0
7ffcf6e96ba8       2         48 System.Text.Json.Serialization.Metadata.JsonTypeInfo<CommonApiMessage.AggregatesModel.SubOrderMessage.SubOrderMessageItemFulFillmentViewModel>+<>c__DisplayClass37_0
7ffcf6e99ad8       2         48 System.Text.Json.Serialization.Metadata.JsonPropertyInfo<System.Collections.Generic.List<CommonApiMessage.AggregatesModel.SubOrderMessage.SubOrderMessageItemDeliveryWindowViewModel>>+<>c__DisplayClass10_0
7ffcf6e9c8a8       2         48 System.Text.Json.Serialization.Metadata.JsonPropertyInfo<System.Collections.Generic.List<CommonApiMessage.AggregatesModel.SubOrderMessage.SubOrderMessageItemFulFillmentServiceTypeViewModel>>+<>c__DisplayClass10_0
7ffcf6e9e838       2         48 System.Text.Json.Serialization.Metadata.JsonTypeInfo<System.Collections.Generic.List<CommonApiMessage.AggregatesModel.SubOrderMessage.SubOrderMessageItemDeliveryWindowViewModel>>+<>c__DisplayClass37_0
7ffcf6e9f210       2         48 System.Text.Json.Serialization.Metadata.JsonTypeInfo<CommonApiMessage.AggregatesModel.SubOrderMessage.SubOrderMessageItemDeliveryWindowViewModel>+<>c__DisplayClass37_0
7ffcf6e9fc20       2         48 System.Text.Json.Serialization.Metadata.JsonTypeInfo<System.Collections.Generic.List<CommonApiMessage.AggregatesModel.SubOrderMessage.SubOrderMessageItemFulFillmentServiceTypeViewModel>>+<>c__DisplayClass37_0
7ffcf6eb22c0       2         48 System.Text.Json.Serialization.Metadata.JsonTypeInfo<CommonApiMessage.AggregatesModel.SubOrderMessage.SubOrderMessageItemFulFillmentServiceTypeViewModel>+<>c__DisplayClass37_0
7ffcf6eb2cd0       2         48 System.Text.Json.Serialization.Metadata.JsonTypeInfo<System.Collections.Generic.List<CommonApiMessage.AggregatesModel.SubOrderMessage.SubOrderMessageItemRemarkViewModel>>+<>c__DisplayClass37_0
7ffcf6eb36a8       2         48 System.Text.Json.Serialization.Metadata.JsonTypeInfo<CommonApiMessage.AggregatesModel.SubOrderMessage.SubOrderMessageItemRemarkViewModel>+<>c__DisplayClass37_0
7ffcf6eb3f40       2         48 System.Text.Json.Serialization.Metadata.JsonTypeInfo<CommonApiMessage.AggregatesModel.SubOrderMessage.SubOrderMessageItemAmountViewModel>+<>c__DisplayClass37_0
7ffcf6eb5990       2         48 System.Text.Json.Serialization.Metadata.JsonTypeInfo<CommonApiMessage.AggregatesModel.SubOrderMessage.SubOrderMessageItemAmountDetailViewModel>+<>c__DisplayClass37_0
7ffcf6eb7558       2         48 System.Text.Json.Serialization.Metadata.JsonTypeInfo<System.Collections.Generic.List<CommonApiMessage.AggregatesModel.SubOrderMessage.SubOrderMessageItemTaxViewModel>>+<>c__DisplayClass37_0
7ffcf6eb7f30       2         48 System.Text.Json.Serialization.Metadata.JsonTypeInfo<CommonApiMessage.AggregatesModel.SubOrderMessage.SubOrderMessageItemTaxViewModel>+<>c__DisplayClass37_0
7ffcf6eba558       2         48 System.Text.Json.Serialization.Metadata.JsonTypeInfo<System.Collections.Generic.List<CommonApiMessage.AggregatesModel.SubOrderMessage.SubOrderMessageItemPaymentViewModel>>+<>c__DisplayClass37_0
7ffcf6ebaf30       2         48 System.Text.Json.Serialization.Metadata.JsonTypeInfo<CommonApiMessage.AggregatesModel.SubOrderMessage.SubOrderMessageItemPaymentViewModel>+<>c__DisplayClass37_0
7ffcf6ebb940       2         48 System.Text.Json.Serialization.Metadata.JsonTypeInfo<System.Collections.Generic.List<CommonApiMessage.AggregatesModel.SubOrderMessage.SubOrderMessageItemSubBarcodeViewModel>>+<>c__DisplayClass37_0
7ffcf6ebc318       2         48 System.Text.Json.Serialization.Metadata.JsonTypeInfo<CommonApiMessage.AggregatesModel.SubOrderMessage.SubOrderMessageItemSubBarcodeViewModel>+<>c__DisplayClass37_0
7ffcf6ebcd28       2         48 System.Text.Json.Serialization.Metadata.JsonTypeInfo<System.Collections.Generic.List<CommonApiMessage.AggregatesModel.SubOrderMessage.SubOrderMessageItemPromotionsViewModel>>+<>c__DisplayClass37_0
7ffcf6ebd700       2         48 System.Text.Json.Serialization.Metadata.JsonTypeInfo<CommonApiMessage.AggregatesModel.SubOrderMessage.SubOrderMessageItemPromotionsViewModel>+<>c__DisplayClass37_0
7ffcf6ebe110       2         48 System.Text.Json.Serialization.Metadata.JsonTypeInfo<System.Collections.Generic.List<CommonApiMessage.AggregatesModel.OrderMessage.OrderMessagePaymentViewModel>>+<>c__DisplayClass37_0
7ffcf6ebeae8       2         48 System.Text.Json.Serialization.Metadata.JsonTypeInfo<CommonApiMessage.AggregatesModel.OrderMessage.OrderMessagePaymentViewModel>+<>c__DisplayClass37_0
7ffcf6ec2528       2         48 System.Text.Json.Serialization.Metadata.JsonPropertyInfo<System.Collections.Generic.List<CommonApiMessage.AggregatesModel.OrderMessage.OrderMessagePaymentTransactionViewModel>>+<>c__DisplayClass10_0
7ffcf6ec2db0       2         48 System.Text.Json.Serialization.Metadata.JsonTypeInfo<System.Collections.Generic.List<CommonApiMessage.AggregatesModel.OrderMessage.OrderMessagePaymentTransactionViewModel>>+<>c__DisplayClass37_0
7ffcf6ec3788       2         48 System.Text.Json.Serialization.Metadata.JsonTypeInfo<CommonApiMessage.AggregatesModel.OrderMessage.OrderMessagePaymentTransactionViewModel>+<>c__DisplayClass37_0
7ffcf6ec4198       2         48 System.Text.Json.Serialization.Metadata.JsonTypeInfo<System.Collections.Generic.List<CommonApiMessage.AggregatesModel.OrderMessage.OrderMessageCustomerViewModel>>+<>c__DisplayClass37_0
7ffcf6ec4b70       2         48 System.Text.Json.Serialization.Metadata.JsonTypeInfo<CommonApiMessage.AggregatesModel.OrderMessage.OrderMessageCustomerViewModel>+<>c__DisplayClass37_0
7ffcf6ec5580       2         48 System.Text.Json.Serialization.Metadata.JsonTypeInfo<System.Collections.Generic.List<CommonApiMessage.AggregatesModel.OrderMessage.OrderMessageItemViewModel>>+<>c__DisplayClass37_0
7ffcf6ec5f58       2         48 System.Text.Json.Serialization.Metadata.JsonTypeInfo<CommonApiMessage.AggregatesModel.OrderMessage.OrderMessageItemViewModel>+<>c__DisplayClass37_0
7ffcf6ece2f8       2         48 System.Text.Json.Serialization.Metadata.JsonPropertyInfo<CommonApiMessage.AggregatesModel.OrderMessage.OrderMessageItemFulFillmentViewModel>+<>c__DisplayClass10_0
7ffcf6ecf4b0       2         48 System.Text.Json.Serialization.Metadata.JsonPropertyInfo<System.Collections.Generic.List<CommonApiMessage.AggregatesModel.OrderMessage.OrderMessageItemRemarkViewModel>>+<>c__DisplayClass10_0
7ffcf6ed0668       2         48 System.Text.Json.Serialization.Metadata.JsonPropertyInfo<CommonApiMessage.AggregatesModel.OrderMessage.OrderMessageItemAmountViewModel>+<>c__DisplayClass10_0
7ffcf6ed1820       2         48 System.Text.Json.Serialization.Metadata.JsonPropertyInfo<System.Collections.Generic.List<CommonApiMessage.AggregatesModel.OrderMessage.OrderMessageItemPaymentViewModel>>+<>c__DisplayClass10_0
7ffcf6ed29d8       2         48 System.Text.Json.Serialization.Metadata.JsonPropertyInfo<System.Collections.Generic.List<CommonApiMessage.AggregatesModel.OrderMessage.OrderMessageSubBarcodeViewModel>>+<>c__DisplayClass10_0
7ffcf6ed3b90       2         48 System.Text.Json.Serialization.Metadata.JsonPropertyInfo<CommonApiMessage.AggregatesModel.OrderMessage.OrderMessageItemPromotionViewModel>+<>c__DisplayClass10_0
7ffcf6ed4d48       2         48 System.Text.Json.Serialization.Metadata.JsonPropertyInfo<System.Collections.Generic.List<CommonApiMessage.AggregatesModel.OrderMessage.OrderMessageItemPromotionsViewModel>>+<>c__DisplayClass10_0
7ffcf6ed7070       2         48 System.Text.Json.Serialization.Metadata.JsonTypeInfo<CommonApiMessage.AggregatesModel.OrderMessage.OrderMessageItemFulFillmentViewModel>+<>c__DisplayClass37_0
7ffcf6ed83b0       2         48 System.Text.Json.Serialization.Metadata.JsonPropertyInfo<System.Collections.Generic.List<CommonApiMessage.AggregatesModel.OrderMessage.OrderMessageItemDeliveryWindowViewModel>>+<>c__DisplayClass10_0
7ffcf6edb180       2         48 System.Text.Json.Serialization.Metadata.JsonPropertyInfo<System.Collections.Generic.List<CommonApiMessage.AggregatesModel.OrderMessage.OrderMessageItemFulFillmentServiceTypeViewModel>>+<>c__DisplayClass10_0
7ffcf6edba08       2         48 System.Text.Json.Serialization.Metadata.JsonTypeInfo<System.Collections.Generic.List<CommonApiMessage.AggregatesModel.OrderMessage.OrderMessageItemDeliveryWindowViewModel>>+<>c__DisplayClass37_0
7ffcf6edc3e0       2         48 System.Text.Json.Serialization.Metadata.JsonTypeInfo<CommonApiMessage.AggregatesModel.OrderMessage.OrderMessageItemDeliveryWindowViewModel>+<>c__DisplayClass37_0
7ffcf6edcdf0       2         48 System.Text.Json.Serialization.Metadata.JsonTypeInfo<System.Collections.Generic.List<CommonApiMessage.AggregatesModel.OrderMessage.OrderMessageItemFulFillmentServiceTypeViewModel>>+<>c__DisplayClass37_0
7ffcf6edd7c8       2         48 System.Text.Json.Serialization.Metadata.JsonTypeInfo<CommonApiMessage.AggregatesModel.OrderMessage.OrderMessageItemFulFillmentServiceTypeViewModel>+<>c__DisplayClass37_0
7ffcf6ede1d8       2         48 System.Text.Json.Serialization.Metadata.JsonTypeInfo<System.Collections.Generic.List<CommonApiMessage.AggregatesModel.OrderMessage.OrderMessageItemRemarkViewModel>>+<>c__DisplayClass37_0
7ffcf6edebb0       2         48 System.Text.Json.Serialization.Metadata.JsonTypeInfo<CommonApiMessage.AggregatesModel.OrderMessage.OrderMessageItemRemarkViewModel>+<>c__DisplayClass37_0
7ffcf6edf448       2         48 System.Text.Json.Serialization.Metadata.JsonTypeInfo<CommonApiMessage.AggregatesModel.OrderMessage.OrderMessageItemAmountViewModel>+<>c__DisplayClass37_0
7ffcf6ee2b38       2         48 System.Text.Json.Serialization.Metadata.JsonTypeInfo<CommonApiMessage.AggregatesModel.OrderMessage.OrderMessageItemAmountDetailViewModel>+<>c__DisplayClass37_0
7ffcf6ee4700       2         48 System.Text.Json.Serialization.Metadata.JsonTypeInfo<System.Collections.Generic.List<CommonApiMessage.AggregatesModel.OrderMessage.OrderMessageItemTaxViewModel>>+<>c__DisplayClass37_0
7ffcf6ee50d8       2         48 System.Text.Json.Serialization.Metadata.JsonTypeInfo<CommonApiMessage.AggregatesModel.OrderMessage.OrderMessageItemTaxViewModel>+<>c__DisplayClass37_0
7ffcf6ee5ae8       2         48 System.Text.Json.Serialization.Metadata.JsonTypeInfo<System.Collections.Generic.List<CommonApiMessage.AggregatesModel.OrderMessage.OrderMessageItemPaymentViewModel>>+<>c__DisplayClass37_0
7ffcf6ee64c0       2         48 System.Text.Json.Serialization.Metadata.JsonTypeInfo<CommonApiMessage.AggregatesModel.OrderMessage.OrderMessageItemPaymentViewModel>+<>c__DisplayClass37_0
7ffcf6ee6ed0       2         48 System.Text.Json.Serialization.Metadata.JsonTypeInfo<System.Collections.Generic.List<CommonApiMessage.AggregatesModel.OrderMessage.OrderMessageSubBarcodeViewModel>>+<>c__DisplayClass37_0
7ffcf6ee94c0       2         48 System.Text.Json.Serialization.Metadata.JsonTypeInfo<CommonApiMessage.AggregatesModel.OrderMessage.OrderMessageSubBarcodeViewModel>+<>c__DisplayClass37_0
7ffcf6ee9d58       2         48 System.Text.Json.Serialization.Metadata.JsonTypeInfo<CommonApiMessage.AggregatesModel.OrderMessage.OrderMessageItemPromotionViewModel>+<>c__DisplayClass37_0
7ffcf6eea768       2         48 System.Text.Json.Serialization.Metadata.JsonTypeInfo<System.Collections.Generic.List<CommonApiMessage.AggregatesModel.OrderMessage.OrderMessageItemPromotionsViewModel>>+<>c__DisplayClass37_0
7ffcf6eeb140       2         48 System.Text.Json.Serialization.Metadata.JsonTypeInfo<CommonApiMessage.AggregatesModel.OrderMessage.OrderMessageItemPromotionsViewModel>+<>c__DisplayClass37_0
7ffcf6eebb50       2         48 System.Text.Json.Serialization.Metadata.JsonTypeInfo<System.Collections.Generic.List<CommonApiMessage.AggregatesModel.OrderMessage.OrderMessagePromotionViewModel>>+<>c__DisplayClass37_0
7ffcf6eec528       2         48 System.Text.Json.Serialization.Metadata.JsonTypeInfo<CommonApiMessage.AggregatesModel.OrderMessage.OrderMessagePromotionViewModel>+<>c__DisplayClass37_0
7ffcf6eef480       2         48 System.Text.Json.Serialization.Metadata.JsonPropertyInfo<CommonApiMessage.AggregatesModel.OrderMessage.OrderMessagePromotionAmountViewModel>+<>c__DisplayClass10_0
7ffcf6eefb90       2         48 System.Text.Json.Serialization.Metadata.JsonTypeInfo<CommonApiMessage.AggregatesModel.OrderMessage.OrderMessagePromotionAmountViewModel>+<>c__DisplayClass37_0
7ffcf6ef05b0       2         48 System.Text.Json.Serialization.Metadata.JsonTypeInfo<System.Collections.Generic.List<CommonApiMessage.AggregatesModel.SubOrderMessage.SubOrderMessagePromotionViewModel>>+<>c__DisplayClass37_0
7ffcf6ef0f88       2         48 System.Text.Json.Serialization.Metadata.JsonTypeInfo<CommonApiMessage.AggregatesModel.SubOrderMessage.SubOrderMessagePromotionViewModel>+<>c__DisplayClass37_0
7ffcf6ef22c8       2         48 System.Text.Json.Serialization.Metadata.JsonPropertyInfo<CommonApiMessage.AggregatesModel.SubOrderMessage.SubOrderMessagePromotionAmountViewModel>+<>c__DisplayClass10_0
7ffcf6ef29d8       2         48 System.Text.Json.Serialization.Metadata.JsonTypeInfo<CommonApiMessage.AggregatesModel.SubOrderMessage.SubOrderMessagePromotionAmountViewModel>+<>c__DisplayClass37_0
7ffcf6ef5000       2         48 System.Text.Json.Serialization.Metadata.JsonTypeInfo<System.Collections.Generic.List<CommonApiMessage.AggregatesModel.SubOrderMessage.SubOrderMessageFeeViewModel>>+<>c__DisplayClass37_0
7ffcf6ef59d8       2         48 System.Text.Json.Serialization.Metadata.JsonTypeInfo<CommonApiMessage.AggregatesModel.SubOrderMessage.SubOrderMessageFeeViewModel>+<>c__DisplayClass37_0
7ffcf6ef6d18       2         48 System.Text.Json.Serialization.Metadata.JsonPropertyInfo<CommonApiMessage.AggregatesModel.SubOrderMessage.SubOrderMessageFeeAmountViewModel>+<>c__DisplayClass10_0
7ffcf6ef7ed0       2         48 System.Text.Json.Serialization.Metadata.JsonPropertyInfo<System.Collections.Generic.ICollection<CommonApiMessage.AggregatesModel.SubOrderMessage.SubOrderMessageFeePaymentViewModel>>+<>c__DisplayClass10_0
7ffcf6ef85e0       2         48 System.Text.Json.Serialization.Metadata.JsonTypeInfo<CommonApiMessage.AggregatesModel.SubOrderMessage.SubOrderMessageFeeAmountViewModel>+<>c__DisplayClass37_0
7ffcf6efbc48       2         48 System.Text.Json.Serialization.Metadata.JsonTypeInfo<CommonApiMessage.AggregatesModel.SubOrderMessage.SubOrderMessageFeeAmountDtlViewModel>+<>c__DisplayClass37_0
7ffcf6efdad8       2         48 System.Text.Json.Serialization.Metadata.JsonTypeInfo<System.Collections.Generic.ICollection<CommonApiMessage.AggregatesModel.SubOrderMessage.SubOrderMessageFeeTaxViewModel>>+<>c__DisplayClass37_0
7ffcf6efe820       2         48 System.Text.Json.Serialization.Metadata.JsonTypeInfo<CommonApiMessage.AggregatesModel.SubOrderMessage.SubOrderMessageFeeTaxViewModel>+<>c__DisplayClass37_0
7ffcf6eff230       2         48 System.Text.Json.Serialization.Metadata.JsonTypeInfo<System.Collections.Generic.ICollection<CommonApiMessage.AggregatesModel.SubOrderMessage.SubOrderMessageFeePaymentViewModel>>+<>c__DisplayClass37_0
7ffcf6effcc8       2         48 System.Text.Json.Serialization.Metadata.JsonTypeInfo<CommonApiMessage.AggregatesModel.SubOrderMessage.SubOrderMessageFeePaymentViewModel>+<>c__DisplayClass37_0
7ffcf6f02468       2         48 System.Text.Json.Serialization.Metadata.JsonTypeInfo<System.Collections.Generic.List<CommonApiMessage.AggregatesModel.Package.PackageInfoMessageViewModel>>+<>c__DisplayClass37_0
7ffcf6f02e40       2         48 System.Text.Json.Serialization.Metadata.JsonTypeInfo<CommonApiMessage.AggregatesModel.Package.PackageInfoMessageViewModel>+<>c__DisplayClass37_0
7ffcf6f03850       2         48 System.Text.Json.Serialization.Metadata.JsonTypeInfo<System.Collections.Generic.List<CommonApiMessage.AggregatesModel.OrderMessage.OrderMessageAddressViewModel>>+<>c__DisplayClass37_0
7ffcf6f04228       2         48 System.Text.Json.Serialization.Metadata.JsonTypeInfo<CommonApiMessage.AggregatesModel.OrderMessage.OrderMessageAddressViewModel>+<>c__DisplayClass37_0
7ffcf6f084c0       2         48 System.Text.Json.Serialization.Metadata.JsonTypeInfo<System.Collections.Generic.List<CommonApiMessage.AggregatesModel.Package.PackageTbMessage>>+<>c__DisplayClass37_0
7ffcf6f08e98       2         48 System.Text.Json.Serialization.Metadata.JsonTypeInfo<CommonApiMessage.AggregatesModel.Package.PackageTbMessage>+<>c__DisplayClass37_0
7ffcf3404e50       2         48 System.Collections.Generic.NonRandomizedStringEqualityComparer+OrdinalComparer
7ffcf631a518       1         48 Microsoft.EntityFrameworkCore.Query.Internal.ExpressionTreeFuncletizer+State
7ffcf356d970       1         48 System.OperatingSystem
7ffcf356fce0       1         48 System.Threading.ThreadInt64PersistentCounter
7ffcf3580110       1         48 System.Threading.PortableThreadPool+IOCompletionPoller
7ffcf358a290       1         48 System.Threading.ReaderWriterCount
7ffcf368b658       2         48 System.IO.FileSystemWatcher+NormalizedFilterCollection
7ffcf368c0b0       2         48 System.IO.FileSystemWatcher+NormalizedFilterCollection+ImmutableStringList
7ffcf369b1a0       2         48 System.WeakReference<System.IO.FileSystemWatcher>
7ffcf3710960       1         48 System.Runtime.CompilerServices.GenericCache<System.Runtime.CompilerServices.VirtualDispatchHelpers+VirtualResolutionData, System.IntPtr>
7ffcf3730018       1         48 Microsoft.Extensions.DependencyModel.DependencyContextLoader
7ffcf373aef0       1         48 Microsoft.Extensions.DependencyModel.TargetInfo
7ffcf391ff00       2         48 Serilog.Context.LogContextEnricher
7ffcf3920700       2         48 Serilog.Enrichers.MachineNameEnricher
7ffcf3920978       2         48 Serilog.Enrichers.ThreadIdEnricher
7ffcf39abc38       2         48 Serilog.Sinks.SystemConsole.Output.OutputTemplateRenderer
7ffcf39ae2f8       2         48 Serilog.Sinks.SystemConsole.Output.ExceptionTokenRenderer
7ffcf39c0b88       2         48 Serilog.Core.Enrichers.EmptyEnricher
7ffcf39debf0       2         48 Internal.Win32.RegistryKey
7ffcf3a23238       1         48 System.ConsolePal+WindowsConsoleStream
7ffcf3a26478       1         48 System.Text.OSEncoder
7ffcf3a26c80       1         48 System.IO.TextWriter+SyncTextWriter
7ffcf3a55918       1         48 Microsoft.Extensions.Hosting.Internal.HostingEnvironment
7ffcf3b0f020       1         48 Microsoft.AspNetCore.Builder.ConfigureWebHostBuilder
7ffcf371c3d8       2         48 System.Reflection.Assembly[]
7ffcf3f69fa0       2         48 Microsoft.Extensions.DependencyInjection.MvcServiceCollectionExtensions+FrameworkAssemblyPart
7ffcf41f2fd8       1         48 Serilog.SerilogServiceCollectionExtensions+<>c__DisplayClass3_0
7ffcf36031b0       1         48 Microsoft.AspNetCore.Builder.WebApplication
7ffcf427be48       2         48 Autofac.Extensions.DependencyInjection.KeyedServiceMiddleware
7ffcf38562f0       2         48 Microsoft.Extensions.Configuration.IConfigurationSection[]
7ffcf444a100       1         48 System.Threading.ThreadLocal<Serilog.Extensions.Logging.SerilogLoggerProvider+ScopeCollector>+IdManager
7ffcf3a5cb10       1         48 Microsoft.Extensions.Hosting.Internal.ApplicationLifetime
7ffcf3bbab30       1         48 Microsoft.AspNetCore.Server.Kestrel.Core.Internal.PinnedBlockMemoryPoolFactory
7ffcf44cfb50       1         48 Microsoft.AspNetCore.Builder.ExceptionHandlerExtensions+<>c__DisplayClass5_0
7ffcf44e0000       2         48 Microsoft.AspNetCore.Mvc.ModelBinding.Binders.ServicesModelBinder
7ffcf44de538       1         48 Microsoft.AspNetCore.Mvc.ModelBinding.Binders.BodyModelBinderProvider
7ffcf44e0c50       2         48 System.Text.Unicode.UnicodeRange
7ffcf4386db0       2         48 System.Text.Encodings.Web.DefaultJavaScriptEncoder
7ffcf45841f8       1         48 System.Text.Latin1Encoding+Latin1EncodingSealed
7ffcf4586b08       1         48 Microsoft.AspNetCore.Mvc.Formatters.SystemTextJsonOutputFormatter
7ffcf3c5d370       1         48 Microsoft.AspNetCore.Mvc.ModelBinding.ModelBinderFactory
7ffcf45c29d0       1         48 Microsoft.Extensions.Logging.LoggerMessage+<>c__DisplayClass10_0<Microsoft.AspNetCore.Mvc.ModelBinding.IModelBinderProvider[]>
7ffcf3c5d5c0       1         48 Microsoft.AspNetCore.Mvc.ModelBinding.ParameterBinder
7ffcf3d31268       2         48 Microsoft.AspNetCore.Mvc.Controllers.DefaultControllerPropertyActivator
7ffcf45d35d8       1         48 Microsoft.AspNetCore.Mvc.ModelBinding.Validation.DefaultObjectValidator
7ffcf4255f30       1         48 Microsoft.AspNetCore.Authorization.AuthorizationOptions
7ffcf43c2f68       1         48 Microsoft.AspNetCore.Mvc.Razor.Compilation.DefaultViewCompiler
7ffcf4600520       1         48 Microsoft.Extensions.Options.IConfigureOptions<Microsoft.AspNetCore.Routing.RouteOptions>[]
7ffcf43e88a0       1         48 Microsoft.AspNetCore.Mvc.RazorPages.Infrastructure.DefaultPageFactoryProvider+<>c__DisplayClass3_0
7ffcf3f65480       2         48 Microsoft.AspNetCore.Mvc.Razor.Compilation.DefaultRazorPageFactoryProvider
7ffcf460b018       2         48 Microsoft.AspNetCore.DataProtection.AuthenticatedEncryption.ConfigurationModel.AuthenticatedEncryptorConfiguration
7ffcf4654258       1         48 Microsoft.Extensions.Logging.LoggerMessage+<>c__DisplayClass10_0<System.Xml.Linq.XName>
7ffcf46547c8       1         48 Microsoft.Extensions.Logging.LoggerMessage+<>c__DisplayClass10_0<System.DateTimeOffset>
7ffcf4654dd8       1         48 Microsoft.Extensions.Logging.LoggerMessage+<>c__DisplayClass12_0<System.DateTimeOffset, System.String>
7ffcf4655870       1         48 Microsoft.Extensions.Logging.LoggerMessage+<>c__DisplayClass14_0<System.Guid, System.DateTimeOffset, System.String>
7ffcf67dd858       2         48 System.Data.StateChangeEventArgs
7ffcf59ebc80       2         48 AutoMapper.TypeMap[]
7ffcf5a10308       1         48 System.Linq.Expressions.Expression3<System.Func<Order.Infrastructure.Entities.OrderModels.OrderRemarkModel, CommonApiMessage.AggregatesModel.OrderMessage.OrderMessageRemarkViewModel, AutoMapper.ResolutionContext, CommonApiMessage.AggregatesModel.OrderMessage.OrderMessageRemarkViewModel>>
7ffcf5a11cb8       1         48 System.Linq.Expressions.Expression3<System.Func<Order.Infrastructure.Entities.OrderModels.OrderCustomerModel, CommonApiMessage.AggregatesModel.OrderMessage.OrderMessageCustomerViewModel, AutoMapper.ResolutionContext, CommonApiMessage.AggregatesModel.OrderMessage.OrderMessageCustomerViewModel>>
7ffcf5a122b8       1         48 System.Linq.Expressions.Expression3<System.Func<Order.Infrastructure.Entities.OrderModels.OrderAddressModel, CommonApiMessage.AggregatesModel.OrderMessage.OrderMessageAddressViewModel, AutoMapper.ResolutionContext, CommonApiMessage.AggregatesModel.OrderMessage.OrderMessageAddressViewModel>>
7ffcf5a129a8       1         48 System.Linq.Expressions.Expression3<System.Func<Order.Infrastructure.Entities.OrderModels.OrderPaymentModel, CommonApiMessage.AggregatesModel.OrderMessage.OrderMessagePaymentViewModel, AutoMapper.ResolutionContext, CommonApiMessage.AggregatesModel.OrderMessage.OrderMessagePaymentViewModel>>
7ffcf5a13508       1         48 System.Linq.Expressions.Expression3<System.Func<Order.Infrastructure.Entities.OrderModels.OrderItemModel, CommonApiMessage.AggregatesModel.OrderMessage.OrderMessageItemViewModel, AutoMapper.ResolutionContext, CommonApiMessage.AggregatesModel.OrderMessage.OrderMessageItemViewModel>>
7ffcf5a13b08       1         48 System.Linq.Expressions.Expression3<System.Func<Order.Infrastructure.Entities.OrderModels.OrderPromotionModel, CommonApiMessage.AggregatesModel.OrderMessage.OrderMessagePromotionViewModel, AutoMapper.ResolutionContext, CommonApiMessage.AggregatesModel.OrderMessage.OrderMessagePromotionViewModel>>
7ffcf5a14728       1         48 System.Linq.Expressions.Expression3<System.Func<Order.Infrastructure.Entities.OrderModels.OrderFeeModel, CommonApiMessage.AggregatesModel.OrderMessage.OrderMessageFeeViewModel, AutoMapper.ResolutionContext, CommonApiMessage.AggregatesModel.OrderMessage.OrderMessageFeeViewModel>>
7ffcf5a14c60       1         48 System.Linq.Expressions.Expression3<System.Func<Order.Infrastructure.Entities.OrderModels.OrderModel, CommonApiMessage.AggregatesModel.OrderMessage.OrderMessageViewModel, AutoMapper.ResolutionContext, CommonApiMessage.AggregatesModel.OrderMessage.OrderMessageViewModel>>
7ffcf5a15070       1         48 System.Linq.Expressions.Expression3<System.Func<CommonApiMessage.AggregatesModel.OrderMessage.OrderMessageAddressViewModel, Order.Infrastructure.Entities.OrderModels.OrderAddressModel, AutoMapper.ResolutionContext, Order.Infrastructure.Entities.OrderModels.OrderAddressModel>>
7ffcf5a15480       1         48 System.Linq.Expressions.Expression3<System.Func<Order.Infrastructure.Entities.OrderModels.OrderAddressModel, Order.Business.Model.Response.orderAddress, AutoMapper.ResolutionContext, Order.Business.Model.Response.orderAddress>>
7ffcf5a15890       1         48 System.Linq.Expressions.Expression3<System.Func<Order.Infrastructure.Model.Address.InsertAddressInfoViewModel, Order.Infrastructure.Entities.OrderModels.OrderAddressModel, AutoMapper.ResolutionContext, Order.Infrastructure.Entities.OrderModels.OrderAddressModel>>
7ffcf5a15ca0       1         48 System.Linq.Expressions.Expression3<System.Func<Order.Infrastructure.Model.Address.InsertAddressInfoViewModel, Order.Infrastructure.Entities.SubOrderModels.SubOrderAddressModel, AutoMapper.ResolutionContext, Order.Infrastructure.Entities.SubOrderModels.SubOrderAddressModel>>
7ffcf5a16390       1         48 System.Linq.Expressions.Expression3<System.Func<Order.Infrastructure.Entities.OrderModels.OrderItemPromotionModel, CommonApiMessage.AggregatesModel.OrderMessage.OrderMessageItemPromotionsViewModel, AutoMapper.ResolutionContext, CommonApiMessage.AggregatesModel.OrderMessage.OrderMessageItemPromotionsViewModel>>
7ffcf5a16970       1         48 System.Linq.Expressions.Expression3<System.Func<Order.Infrastructure.Entities.OrderModels.OrderItemFulFillmentModel, CommonApiMessage.AggregatesModel.OrderMessage.OrderMessageItemFulFillmentViewModel, AutoMapper.ResolutionContext, CommonApiMessage.AggregatesModel.OrderMessage.OrderMessageItemFulFillmentViewModel>>
7ffcf5a16d90       1         48 System.Linq.Expressions.Expression3<System.Func<Order.Infrastructure.Entities.OrderModels.OrderItemDeliveryWindowModel, CommonApiMessage.AggregatesModel.OrderMessage.OrderMessageItemDeliveryWindowViewModel, AutoMapper.ResolutionContext, CommonApiMessage.AggregatesModel.OrderMessage.OrderMessageItemDeliveryWindowViewModel>>
7ffcf5a171a0       1         48 System.Linq.Expressions.Expression3<System.Func<Order.Infrastructure.Entities.OrderModels.OrderItemFulFillmentServiceTypeModel, CommonApiMessage.AggregatesModel.OrderMessage.OrderMessageItemFulFillmentServiceTypeViewModel, AutoMapper.ResolutionContext, CommonApiMessage.AggregatesModel.OrderMessage.OrderMessageItemFulFillmentServiceTypeViewModel>>
7ffcf5a175b0       1         48 System.Linq.Expressions.Expression3<System.Func<Order.Infrastructure.Entities.OrderModels.OrderItemRemarkModel, CommonApiMessage.AggregatesModel.OrderMessage.OrderMessageItemRemarkViewModel, AutoMapper.ResolutionContext, CommonApiMessage.AggregatesModel.OrderMessage.OrderMessageItemRemarkViewModel>>
7ffcf5a17a50       1         48 System.Linq.Expressions.Expression3<System.Func<Order.Infrastructure.Entities.OrderModels.OrderItemAmountModel, CommonApiMessage.AggregatesModel.OrderMessage.OrderMessageItemAmountViewModel, AutoMapper.ResolutionContext, CommonApiMessage.AggregatesModel.OrderMessage.OrderMessageItemAmountViewModel>>
7ffcf5a17f48       1         48 System.Linq.Expressions.Expression3<System.Func<Order.Infrastructure.Entities.OrderModels.OrderItemAmountDtlModel, CommonApiMessage.AggregatesModel.OrderMessage.OrderMessageItemAmountDetailViewModel, AutoMapper.ResolutionContext, CommonApiMessage.AggregatesModel.OrderMessage.OrderMessageItemAmountDetailViewModel>>
7ffcf5a18358       1         48 System.Linq.Expressions.Expression3<System.Func<Order.Infrastructure.Entities.OrderModels.OrderItemTaxModel, CommonApiMessage.AggregatesModel.OrderMessage.OrderMessageItemTaxViewModel, AutoMapper.ResolutionContext, CommonApiMessage.AggregatesModel.OrderMessage.OrderMessageItemTaxViewModel>>
7ffcf5a18768       1         48 System.Linq.Expressions.Expression3<System.Func<Order.Infrastructure.Entities.OrderModels.OrderItemPaymentModel, CommonApiMessage.AggregatesModel.OrderMessage.OrderMessageItemPaymentViewModel, AutoMapper.ResolutionContext, CommonApiMessage.AggregatesModel.OrderMessage.OrderMessageItemPaymentViewModel>>
7ffcf5a18b78       1         48 System.Linq.Expressions.Expression3<System.Func<Order.Infrastructure.Entities.OrderModels.OrderItemBarcodeModel, CommonApiMessage.AggregatesModel.OrderMessage.OrderMessageSubBarcodeViewModel, AutoMapper.ResolutionContext, CommonApiMessage.AggregatesModel.OrderMessage.OrderMessageSubBarcodeViewModel>>
7ffcf5a18f88       1         48 System.Linq.Expressions.Expression3<System.Func<Order.Infrastructure.Entities.OrderModels.OrderItemPromotionsModel, CommonApiMessage.AggregatesModel.OrderMessage.OrderMessageItemPromotionsViewModel, AutoMapper.ResolutionContext, CommonApiMessage.AggregatesModel.OrderMessage.OrderMessageItemPromotionsViewModel>>
7ffcf5a19398       1         48 System.Linq.Expressions.Expression3<System.Func<Order.Infrastructure.Entities.OrderModels.OrderPaymentTransactionModel, CommonApiMessage.AggregatesModel.OrderMessage.OrderMessagePaymentTransactionViewModel, AutoMapper.ResolutionContext, CommonApiMessage.AggregatesModel.OrderMessage.OrderMessagePaymentTransactionViewModel>>
7ffcf5a197a8       1         48 System.Linq.Expressions.Expression3<System.Func<Order.Infrastructure.Entities.OrderModels.OrderPromotionAmountModel, CommonApiMessage.AggregatesModel.OrderMessage.OrderMessagePromotionAmountViewModel, AutoMapper.ResolutionContext, CommonApiMessage.AggregatesModel.OrderMessage.OrderMessagePromotionAmountViewModel>>
7ffcf5a19c48       1         48 System.Linq.Expressions.Expression3<System.Func<Order.Infrastructure.Entities.OrderModels.OrderFeeAmountModel, CommonApiMessage.AggregatesModel.OrderMessage.OrderMessageFeeAmountViewModel, AutoMapper.ResolutionContext, CommonApiMessage.AggregatesModel.OrderMessage.OrderMessageFeeAmountViewModel>>
7ffcf5a1a5b8       1         48 System.Linq.Expressions.Expression3<System.Func<Order.Infrastructure.Entities.OrderModels.OrderFeePaymentModel, CommonApiMessage.AggregatesModel.OrderMessage.OrderMessageFeePaymentViewModel, AutoMapper.ResolutionContext, CommonApiMessage.AggregatesModel.OrderMessage.OrderMessageFeePaymentViewModel>>
7ffcf5a1a9c8       1         48 System.Linq.Expressions.Expression3<System.Func<Order.Infrastructure.Entities.OrderModels.OrderFeeAmountDtlModel, CommonApiMessage.AggregatesModel.OrderMessage.OrderMessageFeeAmountDtlViewModel, AutoMapper.ResolutionContext, CommonApiMessage.AggregatesModel.OrderMessage.OrderMessageFeeAmountDtlViewModel>>
7ffcf5a1add8       1         48 System.Linq.Expressions.Expression3<System.Func<Order.Infrastructure.Entities.OrderModels.OrderFeeTaxModel, CommonApiMessage.AggregatesModel.OrderMessage.OrderMessageFeeTaxViewModel, AutoMapper.ResolutionContext, CommonApiMessage.AggregatesModel.OrderMessage.OrderMessageFeeTaxViewModel>>
7ffcf5a1b370       1         48 System.Linq.Expressions.Expression3<System.Func<Order.Infrastructure.Entities.SubOrderModels.SubOrderRemarkModel, CommonApiMessage.AggregatesModel.SubOrderMessage.SubOrderMessageRemarkViewModel, AutoMapper.ResolutionContext, CommonApiMessage.AggregatesModel.SubOrderMessage.SubOrderMessageRemarkViewModel>>
7ffcf5a1b970       1         48 System.Linq.Expressions.Expression3<System.Func<Order.Infrastructure.Entities.SubOrderModels.SubOrderAddressModel, CommonApiMessage.AggregatesModel.SubOrderMessage.SubOrderMessageAddressViewModel, AutoMapper.ResolutionContext, CommonApiMessage.AggregatesModel.SubOrderMessage.SubOrderMessageAddressViewModel>>
7ffcf5a1c440       1         48 System.Linq.Expressions.Expression3<System.Func<Order.Infrastructure.Entities.SubOrderModels.SubOrderItemModel, CommonApiMessage.AggregatesModel.SubOrderMessage.SubOrderMessageItemViewModel, AutoMapper.ResolutionContext, CommonApiMessage.AggregatesModel.SubOrderMessage.SubOrderMessageItemViewModel>>
7ffcf5a1ca40       1         48 System.Linq.Expressions.Expression3<System.Func<Order.Infrastructure.Entities.SubOrderModels.SubOrderPromotionModel, CommonApiMessage.AggregatesModel.SubOrderMessage.SubOrderMessagePromotionViewModel, AutoMapper.ResolutionContext, CommonApiMessage.AggregatesModel.SubOrderMessage.SubOrderMessagePromotionViewModel>>
7ffcf5a1d630       1         48 System.Linq.Expressions.Expression3<System.Func<Order.Infrastructure.Entities.SubOrderModels.SubOrderFeeModel, CommonApiMessage.AggregatesModel.SubOrderMessage.SubOrderMessageFeeViewModel, AutoMapper.ResolutionContext, CommonApiMessage.AggregatesModel.SubOrderMessage.SubOrderMessageFeeViewModel>>
7ffcf5a1db48       1         48 System.Linq.Expressions.Expression3<System.Func<Order.Infrastructure.Entities.SubOrderModels.SubOrderModel, CommonApiMessage.AggregatesModel.SubOrderMessage.SubOrderMessageViewModel, AutoMapper.ResolutionContext, CommonApiMessage.AggregatesModel.SubOrderMessage.SubOrderMessageViewModel>>
7ffcf5a1df58       1         48 System.Linq.Expressions.Expression3<System.Func<Order.Infrastructure.Entities.SubOrderModels.SubOrderItemPromotionModel, CommonApiMessage.AggregatesModel.SubOrderMessage.SubOrderMessageItemPromotionViewModel, AutoMapper.ResolutionContext, CommonApiMessage.AggregatesModel.SubOrderMessage.SubOrderMessageItemPromotionViewModel>>
7ffcf5a1e538       1         48 System.Linq.Expressions.Expression3<System.Func<Order.Infrastructure.Entities.SubOrderModels.SubOrderItemFulFillmentModel, CommonApiMessage.AggregatesModel.SubOrderMessage.SubOrderMessageItemFulFillmentViewModel, AutoMapper.ResolutionContext, CommonApiMessage.AggregatesModel.SubOrderMessage.SubOrderMessageItemFulFillmentViewModel>>
7ffcf5a1e948       1         48 System.Linq.Expressions.Expression3<System.Func<Order.Infrastructure.Entities.SubOrderModels.SubOrderItemDeliveryWindowModel, CommonApiMessage.AggregatesModel.SubOrderMessage.SubOrderMessageItemDeliveryWindowViewModel, AutoMapper.ResolutionContext, CommonApiMessage.AggregatesModel.SubOrderMessage.SubOrderMessageItemDeliveryWindowViewModel>>
7ffcf5a1ed58       1         48 System.Linq.Expressions.Expression3<System.Func<Order.Infrastructure.Entities.SubOrderModels.SubOrderItemFulFillmentServiceTypeModel, CommonApiMessage.AggregatesModel.SubOrderMessage.SubOrderMessageItemFulFillmentServiceTypeViewModel, AutoMapper.ResolutionContext, CommonApiMessage.AggregatesModel.SubOrderMessage.SubOrderMessageItemFulFillmentServiceTypeViewModel>>
7ffcf5a1f168       1         48 System.Linq.Expressions.Expression3<System.Func<Order.Infrastructure.Entities.SubOrderModels.SubOrderItemRemarkModel, CommonApiMessage.AggregatesModel.SubOrderMessage.SubOrderMessageItemRemarkViewModel, AutoMapper.ResolutionContext, CommonApiMessage.AggregatesModel.SubOrderMessage.SubOrderMessageItemRemarkViewModel>>
7ffcf5a1f608       1         48 System.Linq.Expressions.Expression3<System.Func<Order.Infrastructure.Entities.SubOrderModels.SubOrderItemAmountModel, CommonApiMessage.AggregatesModel.SubOrderMessage.SubOrderMessageItemAmountViewModel, AutoMapper.ResolutionContext, CommonApiMessage.AggregatesModel.SubOrderMessage.SubOrderMessageItemAmountViewModel>>
7ffcf5a1fb00       1         48 System.Linq.Expressions.Expression3<System.Func<Order.Infrastructure.Entities.SubOrderModels.SubOrderItemAmtDtlModel, CommonApiMessage.AggregatesModel.SubOrderMessage.SubOrderMessageItemAmountDetailViewModel, AutoMapper.ResolutionContext, CommonApiMessage.AggregatesModel.SubOrderMessage.SubOrderMessageItemAmountDetailViewModel>>
7ffcf5a1ff10       1         48 System.Linq.Expressions.Expression3<System.Func<Order.Infrastructure.Entities.SubOrderModels.SubOrderItemTaxModel, CommonApiMessage.AggregatesModel.SubOrderMessage.SubOrderMessageItemTaxViewModel, AutoMapper.ResolutionContext, CommonApiMessage.AggregatesModel.SubOrderMessage.SubOrderMessageItemTaxViewModel>>
7ffcf5a30348       1         48 System.Linq.Expressions.Expression3<System.Func<Order.Infrastructure.Entities.SubOrderModels.SubOrderItemPayModel, CommonApiMessage.AggregatesModel.SubOrderMessage.SubOrderMessageItemPaymentViewModel, AutoMapper.ResolutionContext, CommonApiMessage.AggregatesModel.SubOrderMessage.SubOrderMessageItemPaymentViewModel>>
7ffcf5a30758       1         48 System.Linq.Expressions.Expression3<System.Func<Order.Infrastructure.Entities.SubOrderModels.SubOrderItemBarcodeModel, CommonApiMessage.AggregatesModel.SubOrderMessage.SubOrderMessageItemSubBarcodeViewModel, AutoMapper.ResolutionContext, CommonApiMessage.AggregatesModel.SubOrderMessage.SubOrderMessageItemSubBarcodeViewModel>>
7ffcf5a30b68       1         48 System.Linq.Expressions.Expression3<System.Func<Order.Infrastructure.Entities.SubOrderModels.SubOrderItemPromotionsModel, CommonApiMessage.AggregatesModel.SubOrderMessage.SubOrderMessageItemPromotionsViewModel, AutoMapper.ResolutionContext, CommonApiMessage.AggregatesModel.SubOrderMessage.SubOrderMessageItemPromotionsViewModel>>
7ffcf5a30f78       1         48 System.Linq.Expressions.Expression3<System.Func<Order.Infrastructure.Entities.SubOrderModels.SubOrderPromotionAmountModel, CommonApiMessage.AggregatesModel.SubOrderMessage.SubOrderMessagePromotionAmountViewModel, AutoMapper.ResolutionContext, CommonApiMessage.AggregatesModel.SubOrderMessage.SubOrderMessagePromotionAmountViewModel>>
7ffcf5a31418       1         48 System.Linq.Expressions.Expression3<System.Func<Order.Infrastructure.Entities.SubOrderModels.SubOrderFeeAmountModel, CommonApiMessage.AggregatesModel.SubOrderMessage.SubOrderMessageFeeAmountViewModel, AutoMapper.ResolutionContext, CommonApiMessage.AggregatesModel.SubOrderMessage.SubOrderMessageFeeAmountViewModel>>
7ffcf5a31d88       1         48 System.Linq.Expressions.Expression3<System.Func<Order.Infrastructure.Entities.SubOrderModels.SubOrderFeeAmountDtlModel, CommonApiMessage.AggregatesModel.SubOrderMessage.SubOrderMessageFeeAmountDtlViewModel, AutoMapper.ResolutionContext, CommonApiMessage.AggregatesModel.SubOrderMessage.SubOrderMessageFeeAmountDtlViewModel>>
7ffcf5a32198       1         48 System.Linq.Expressions.Expression3<System.Func<Order.Infrastructure.Entities.SubOrderModels.SubOrderFeeTaxModel, CommonApiMessage.AggregatesModel.SubOrderMessage.SubOrderMessageFeeTaxViewModel, AutoMapper.ResolutionContext, CommonApiMessage.AggregatesModel.SubOrderMessage.SubOrderMessageFeeTaxViewModel>>
7ffcf5a325a8       1         48 System.Linq.Expressions.Expression3<System.Func<Order.Infrastructure.Entities.SubOrderModels.SubOrderFeePaymentModel, CommonApiMessage.AggregatesModel.SubOrderMessage.SubOrderMessageFeePaymentViewModel, AutoMapper.ResolutionContext, CommonApiMessage.AggregatesModel.SubOrderMessage.SubOrderMessageFeePaymentViewModel>>
7ffcf5a329b8       1         48 System.Linq.Expressions.Expression3<System.Func<Order.Infrastructure.Entities.StoreLocation.StoreLocationModel, CommonApiMessage.AggregatesModel.SubOrderMessage.SubOrderMessageAddressViewModel, AutoMapper.ResolutionContext, CommonApiMessage.AggregatesModel.SubOrderMessage.SubOrderMessageAddressViewModel>>
7ffcf5a32dc8       1         48 System.Linq.Expressions.Expression3<System.Func<Order.Infrastructure.Entities.Package.PackageInfoModel, CommonApiMessage.AggregatesModel.Package.PackageInfoMessageViewModel, AutoMapper.ResolutionContext, CommonApiMessage.AggregatesModel.Package.PackageInfoMessageViewModel>>
7ffcf5a33228       1         48 System.Linq.Expressions.Expression3<System.Func<Order.Infrastructure.Entities.Promotion.PromotionItemModel, CommonApiMessage.AggregatesModel.SubOrderMessage.SubOrderMessageItemViewModel, AutoMapper.ResolutionContext, CommonApiMessage.AggregatesModel.SubOrderMessage.SubOrderMessageItemViewModel>>
7ffcf5a33690       1         48 System.Linq.Expressions.Expression3<System.Func<Order.Business.Dtos.ViewModels.RoleChannelMapping.CreateChannelViewModel, Order.Infrastructure.Data.Readonlys.RoleChannelMapping.CreateChannelViewModelDto, AutoMapper.ResolutionContext, Order.Infrastructure.Data.Readonlys.RoleChannelMapping.CreateChannelViewModelDto>>
7ffcf5a33af8       1         48 System.Linq.Expressions.Expression3<System.Func<Order.Business.Mediator.Commands.RoleChannelMapping.CreateRoleChannelMappingCommand, Order.Infrastructure.Data.Readonlys.RoleChannelMapping.CreateRoleChannelMappingCommandDto, AutoMapper.ResolutionContext, Order.Infrastructure.Data.Readonlys.RoleChannelMapping.CreateRoleChannelMappingCommandDto>>
7ffcf5a33f08       1         48 System.Linq.Expressions.Expression3<System.Func<Order.Business.Mediator.Queries.RoleChannelMapping.GetRoleChannelMappingsQuery, Order.Infrastructure.Data.Readonlys.RoleChannelMapping.GetRoleChannelMappingsQueryDto, AutoMapper.ResolutionContext, Order.Infrastructure.Data.Readonlys.RoleChannelMapping.GetRoleChannelMappingsQueryDto>>
7ffcf5a34388       1         48 System.Linq.Expressions.Expression3<System.Func<CommonApiMessage.AggregatesModel.SubOrderMessage.SubOrderMessageAddressViewModel, Order.Business.Responses.Order.CustomerByPacking, AutoMapper.ResolutionContext, Order.Business.Responses.Order.CustomerByPacking>>
7ffcf5a34798       1         48 System.Linq.Expressions.Expression3<System.Func<Order.Domain.AggregatesModel.Order.PackingDetails, Order.Business.Responses.Order.ProductByPacking, AutoMapper.ResolutionContext, Order.Business.Responses.Order.ProductByPacking>>
7ffcf5a34ba8       1         48 System.Linq.Expressions.Expression3<System.Func<CommonApiMessage.AggregatesModel.OrderMessage.OrderMessageAddressViewModel, Order.Business.Responses.Order.Customer, AutoMapper.ResolutionContext, Order.Business.Responses.Order.Customer>>
7ffcf5a34fb8       1         48 System.Linq.Expressions.Expression3<System.Func<CommonApiMessage.AggregatesModel.OrderMessage.OrderMessageItemViewModel, Order.Business.Responses.Order.Product, AutoMapper.ResolutionContext, Order.Business.Responses.Order.Product>>
7ffcf5a35420       1         48 System.Linq.Expressions.Expression3<System.Func<Order.Business.Mediator.Commands.OrderFront.OrderAddressFrontManualViewModel, Order.Infrastructure.Entities.OrderModels.OrderAddressModel, AutoMapper.ResolutionContext, Order.Infrastructure.Entities.OrderModels.OrderAddressModel>>
7ffcf5a36dc0       1         48 System.Linq.Expressions.Expression3<System.Func<Order.Business.Mediator.Commands.OrderFront.CreateOrderPaymentFrontManualViewModel, Order.Infrastructure.Entities.OrderModels.OrderPaymentModel, AutoMapper.ResolutionContext, Order.Infrastructure.Entities.OrderModels.OrderPaymentModel>>
7ffcf5a37868       1         48 System.Linq.Expressions.Expression3<System.Func<Order.Business.Mediator.Commands.OrderFront.CreateOrderFrontManualViewModel, Order.Infrastructure.Entities.OrderModels.OrderModel, AutoMapper.ResolutionContext, Order.Infrastructure.Entities.OrderModels.OrderModel>>
7ffcf5a37f68       1         48 System.Linq.Expressions.Expression3<System.Func<Order.Business.Model.Request.Order.OrderFeeViewModel, Order.Infrastructure.Entities.OrderModels.OrderFeeModel, AutoMapper.ResolutionContext, Order.Infrastructure.Entities.OrderModels.OrderFeeModel>>
7ffcf5a38378       1         48 System.Linq.Expressions.Expression3<System.Func<Order.Business.Mediator.Commands.OrderFront.CreateOrderItemFrontManualViewModel, Order.Infrastructure.Entities.OrderModels.OrderItemModel, AutoMapper.ResolutionContext, Order.Infrastructure.Entities.OrderModels.OrderItemModel>>
7ffcf5a387e0       1         48 System.Linq.Expressions.Expression3<System.Func<Order.Business.Mediator.Commands.OrderFront.OrderAddressFrontManualViewModel, Order.Infrastructure.Entities.SubOrderModels.SubOrderAddressModel, AutoMapper.ResolutionContext, Order.Infrastructure.Entities.SubOrderModels.SubOrderAddressModel>>
7ffcf5a39118       1         48 System.Linq.Expressions.Expression3<System.Func<Order.Business.Mediator.Commands.OrderFront.CreateOrderFrontManualViewModel, Order.Infrastructure.Entities.SubOrderModels.SubOrderModel, AutoMapper.ResolutionContext, Order.Infrastructure.Entities.SubOrderModels.SubOrderModel>>
7ffcf5a39528       1         48 System.Linq.Expressions.Expression3<System.Func<Order.Business.Model.Request.Order.OrderFeeViewModel, Order.Infrastructure.Entities.SubOrderModels.SubOrderFeeModel, AutoMapper.ResolutionContext, Order.Infrastructure.Entities.SubOrderModels.SubOrderFeeModel>>
7ffcf5a39938       1         48 System.Linq.Expressions.Expression3<System.Func<Order.Business.Mediator.Commands.OrderFront.CreateOrderItemFrontManualViewModel, Order.Infrastructure.Entities.SubOrderModels.SubOrderItemModel, AutoMapper.ResolutionContext, Order.Infrastructure.Entities.SubOrderModels.SubOrderItemModel>>
7ffcf5a39d48       1         48 System.Linq.Expressions.Expression3<System.Func<Order.Business.Mediator.Commands.OrderFront.OrderAddressFrontViewModel, Order.Infrastructure.Entities.OrderModels.OrderAddressModel, AutoMapper.ResolutionContext, Order.Infrastructure.Entities.OrderModels.OrderAddressModel>>
7ffcf5a3a2c8       1         48 System.Linq.Expressions.Expression3<System.Func<Order.Business.Mediator.Commands.OrderFront.CreateOrderPaymentFrontViewModel, Order.Infrastructure.Entities.OrderModels.OrderPaymentModel, AutoMapper.ResolutionContext, Order.Infrastructure.Entities.OrderModels.OrderPaymentModel>>
7ffcf5a3a848       1         48 System.Linq.Expressions.Expression3<System.Func<Order.Business.Mediator.Commands.OrderFront.CreateOrderFrontViewModel, Order.Infrastructure.Entities.OrderModels.OrderModel, AutoMapper.ResolutionContext, Order.Infrastructure.Entities.OrderModels.OrderModel>>
7ffcf4656338       1         48 Microsoft.Extensions.Logging.LoggerMessage+<>c__DisplayClass16_0<System.Guid, System.DateTimeOffset, System.DateTimeOffset, System.DateTimeOffset>
7ffcf4656c18       1         48 Microsoft.Extensions.Logging.LoggerMessage+<>c__DisplayClass12_0<System.DateTimeOffset, System.DateTimeOffset>
7ffcf43ca930       1         48 Microsoft.AspNetCore.Mvc.Razor.RazorPageActivator+<>c__DisplayClass4_0
7ffcf43c6710       2         48 Microsoft.Extensions.Logging.Logger<Microsoft.Extensions.Caching.Memory.MemoryCache>
7ffcf3f097b8       1         48 Microsoft.AspNetCore.Mvc.MvcViewOptions
7ffcf43e86c0       2         48 Microsoft.Extensions.Logging.Logger<Microsoft.AspNetCore.Mvc.RazorPages.Infrastructure.PageActionInvoker>
7ffcf3c5c3b0       1         48 Microsoft.AspNetCore.Mvc.Routing.ActionEndpointFactory
7ffcf3d31c40       1         48 Microsoft.AspNetCore.Mvc.ApplicationModels.DefaultApplicationModelProvider
7ffcf3d32710       1         48 Microsoft.AspNetCore.Mvc.ApiBehaviorOptions
7ffcf43e7a20       1         48 Microsoft.AspNetCore.Mvc.ApplicationModels.PageRouteModelFactory
7ffcf3f80dd0       1         48 Microsoft.AspNetCore.Mvc.RazorPages.Infrastructure.PageActionDescriptorProvider
7ffcf3c52190       1         48 Microsoft.AspNetCore.Mvc.HotReload.HotReloadService
7ffcf3c5e540       1         48 Microsoft.AspNetCore.Mvc.Infrastructure.ActionSelector
7ffcf3c5d080       1         48 Microsoft.AspNetCore.Mvc.Routing.MvcRouteHandler
7ffcf4677dd8       1         48 Microsoft.AspNetCore.Mvc.Routing.AttributeRoute
7ffcf4678778       1         48 Microsoft.AspNetCore.Routing.RouteCollection
7ffcf467b348       1         48 System.Collections.Concurrent.ConcurrentDictionary<Microsoft.AspNetCore.Routing.IEndpointRouteBuilder, Microsoft.AspNetCore.Mvc.Infrastructure.OrderedEndpointsSequenceProvider>+Node
7ffcf467cfa8       2         48 System.Action<Microsoft.AspNetCore.Builder.EndpointBuilder>[]
7ffcf467a4c8       1         48 Microsoft.AspNetCore.Builder.ControllerActionEndpointConventionBuilder
7ffcf4700c60       2         48 Microsoft.AspNetCore.Mvc.ApplicationModels.ActionModel[]
7ffcf46fefe8       2         48 Microsoft.AspNetCore.Mvc.Routing.IRouteTemplateProvider[]
7ffcf472b8b0       2         48 Microsoft.AspNetCore.Mvc.ApplicationModels.ParameterModel[]
7ffcf6155f40       1         48 Microsoft.EntityFrameworkCore.Infrastructure.RelationalModelRuntimeInitializer+<>c__DisplayClass4_0
7ffcf46fd470       2         48 Microsoft.AspNetCore.Mvc.Filters.ControllerActionFilter
7ffcf479c030       2         48 System.ComponentModel.PropertyChangedEventArgs
7ffcf479be58       1         48 System.Collections.Specialized.NotifyCollectionChangedEventArgs
7ffcf480e810       1         48 System.Net.Sockets.NetworkStream
7ffcf48833e0       2         48 System.Security.Cryptography.X509Certificates.CertificatePal
7ffcf488f0b0       2         48 System.Security.Cryptography.X509Certificates.StorePal
7ffcf48bec60       1         48 System.Text.ASCIIEncoding+ASCIIEncodingSealed
7ffcf48d2658       1         48 RabbitMQ.Client.Impl.SessionManager
7ffcf4a3a108       1         48 Microsoft.Extensions.Options.OptionsMonitor<Microsoft.Extensions.Diagnostics.Metrics.MetricsOptions>
7ffcf4a3ea98       1         48 System.Collections.Concurrent.ConcurrentDictionary<System.String, System.Lazy<Microsoft.Extensions.Diagnostics.Metrics.MetricsOptions>>+Node
7ffcf4a37ab8       1         48 Microsoft.Extensions.Options.OptionsMonitor<Microsoft.Extensions.DependencyInjection.MetricsServiceExtensions+NoOpOptions>
7ffcf4a41be8       1         48 System.Collections.Concurrent.ConcurrentDictionary<System.String, System.Lazy<Microsoft.Extensions.DependencyInjection.MetricsServiceExtensions+NoOpOptions>>+Node
7ffcf4a643c8       2         48 System.Xml.Linq.XHashtable<System.Xml.Linq.XName>
7ffcf4a68178       1         48 System.Xml.Linq.XHashtable<System.WeakReference<System.Xml.Linq.XNamespace>>+XHashtableState
7ffcf4a9c3d0       1         48 Microsoft.AspNetCore.DataProtection.KeyManagement.KeyRing
7ffcf44cc0b0       1         48 Utility.Package.Middlewares.DecryptAndBindingMiddleware
7ffcf44cbe30       1         48 Utility.Package.Middlewares.SprintConnectMiddleWareService
7ffcf4afeae8       1         48 Microsoft.Extensions.FileProviders.EmbeddedFileProvider
7ffcf4afdcb8       1         48 System.Text.Json.Serialization.JsonStringEnumConverter
7ffcf4b07c10       2         48 Microsoft.Extensions.Logging.Logger<Microsoft.AspNetCore.Diagnostics.DeveloperExceptionPageMiddleware>
7ffcf64f1d90       2         48 <>z__ReadOnlyArray<System.Reflection.MethodInfo>
7ffcf686c0d8       1         48 System.Threading.ThreadLocal<System.Collections.Concurrent.ConcurrentBag<Microsoft.Data.SqlClient.SqlRetryLogicBase>+WorkStealingQueue>+IdManager
7ffcf68d46b0       1         48 System.Collections.Concurrent.ConcurrentDictionary<System.String, Microsoft.Data.SqlClient.SQLDNSInfo>+Node
7ffcf68fde20       1         48 Microsoft.Extensions.Logging.LoggerMessage+<>c__DisplayClass18_0<System.String, System.Data.CommandType, System.Int32, System.String, System.String>
7ffcf69220e0       1         48 Microsoft.Extensions.Logging.LoggerMessage+<>c__DisplayClass20_0<System.String, System.String, System.Data.CommandType, System.Int32, System.String, System.String>
7ffcf4b10a40       2         48 Microsoft.AspNetCore.Authentication.AuthenticationScheme[]
7ffcf4b12a38       1         48 Microsoft.Extensions.Options.OptionsMonitor<Microsoft.AspNetCore.HostFiltering.HostFilteringOptions>
7ffcf4b15b10       1         48 System.Collections.Concurrent.ConcurrentDictionary<System.String, System.Lazy<Microsoft.AspNetCore.HostFiltering.HostFilteringOptions>>+Node
7ffcf4ab0330       1         48 Microsoft.AspNetCore.Watch.BrowserRefresh.BrowserRefreshMiddleware
7ffcf4a9d6c8       1         48 Microsoft.AspNetCore.Hosting.HostingApplication
7ffcf4b1b078       1         48 Microsoft.AspNetCore.Server.Kestrel.Core.Internal.AddressBindContext
7ffcf44a4f50       1         48 Microsoft.AspNetCore.Server.Kestrel.Core.Internal.ConfigurationReader
7ffcf4b1ee50       1         48 Microsoft.AspNetCore.Server.Kestrel.Core.TlsConfigurationLoader
7ffcf4b359a8       2         48 Microsoft.AspNetCore.Server.Kestrel.Core.Internal.HttpConnectionBuilderExtensions+<>c__DisplayClass0_0<Microsoft.AspNetCore.Hosting.HostingApplication+Context>
7ffcf4b37580       2         48 Microsoft.AspNetCore.Server.Kestrel.Core.Internal.Infrastructure.TransportManager+GenericConnectionListener
7ffcf3bb7560       1         48 Microsoft.AspNetCore.Mvc.ApiExplorer.EndpointMetadataApiDescriptionProvider
7ffcf4b4c350       1         48 Microsoft.AspNetCore.Mvc.ApiExplorer.ApiDescriptionGroupCollectionProvider
7ffcf4bc13d0       1         48 System.Text.Json.Serialization.Converters.FSharpTypeConverterFactory
7ffcf539c920       1         48 Microsoft.EntityFrameworkCore.Storage.Internal.RawSqlCommandBuilder
7ffcf4e97528       1         48 System.Net.CookieContainer
7ffcf4eb4390       1         48 System.Net.Http.WinInetProxyHelper
7ffcf4e96df0       1         48 System.Net.Http.Metrics.MetricsHandler
7ffcf4e96318       1         48 System.Net.Http.DiagnosticsHandler
7ffcf4f64048       1         48 Microsoft.Extensions.Logging.LoggerMessage+<>c__DisplayClass12_0<System.Int32, System.String>
7ffcf333d8c0       2         48 System.SByte
7ffcf333afd8       2         48 System.Char
7ffcf3344a58       2         48 System.UInt16
7ffcf3346f88       2         48 System.UInt32
7ffcf3350f70       2         48 System.Single
7ffcf52870b8       1         48 Microsoft.Extensions.Logging.LoggerMessage+<>c__DisplayClass16_0<System.String, System.Reflection.MethodInfo, System.String, System.String>
7ffcf528c4a8       1         48 Microsoft.Extensions.Logging.LoggerMessage+<>c__DisplayClass10_0<System.String[]>
7ffcf528c658       1         48 Microsoft.Extensions.Logging.LoggerMessage+<>c__DisplayClass16_0<System.String, System.Type, System.String, System.Type>
7ffcf528c840       1         48 Microsoft.Extensions.Logging.LoggerMessage+<>c__DisplayClass14_0<System.String, System.String, System.Type>
7ffcf528cbe0       1         48 Microsoft.Extensions.Logging.LoggerMessage+<>c__DisplayClass14_0<System.String, System.Type, System.String>
7ffcf528cdb8       1         48 Microsoft.Extensions.Logging.LoggerMessage+<>c__DisplayClass16_0<System.Type, System.String, System.Type, System.String>
7ffcf52a2f58       1         48 Microsoft.Extensions.Logging.LoggerMessage+<>c__DisplayClass12_0<System.String, Microsoft.AspNetCore.Mvc.ModelBinding.ModelValidationState>
7ffcf52a34a0       1         48 Microsoft.Extensions.Logging.LoggerMessage+<>c__DisplayClass14_0<System.String, System.String, System.Double>
7ffcf53672c8       2         48 System.Collections.Comparer
7ffcf55ed188       1         48 Microsoft.Extensions.DependencyInjection.ServiceLookup.ILEmitResolverBuilder
7ffcf55fd7a8       1         48 Microsoft.EntityFrameworkCore.Infrastructure.ISingletonOptions[]
7ffcf68f7378       1         48 System.Data.SqlTypes.SqlString
7ffcf574ca78       1         48 System.Collections.Concurrent.ConcurrentDictionary<System.Type, System.Collections.Generic.IReadOnlyList<Microsoft.EntityFrameworkCore.Infrastructure.DbSetProperty>>+Node
7ffcf57b3768       1         48 Microsoft.Extensions.Options.IConfigureOptions<AutoMapper.MapperConfigurationExpression>[]
7ffcf57b9fa0       2         48 AutoMapper.Internal.Mappers.ConversionOperatorMapper
7ffcf5a3ac58       1         48 System.Linq.Expressions.Expression3<System.Func<Order.Business.Mediator.Commands.OrderFront.CreateOrderItemFrontViewModel, Order.Infrastructure.Entities.OrderModels.OrderItemModel, AutoMapper.ResolutionContext, Order.Infrastructure.Entities.OrderModels.OrderItemModel>>
7ffcf5a3b068       1         48 System.Linq.Expressions.Expression3<System.Func<Order.Business.Mediator.Commands.OrderFront.OrderAddressFrontViewModel, Order.Infrastructure.Entities.SubOrderModels.SubOrderAddressModel, AutoMapper.ResolutionContext, Order.Infrastructure.Entities.SubOrderModels.SubOrderAddressModel>>
7ffcf5a3b478       1         48 System.Linq.Expressions.Expression3<System.Func<Order.Business.Mediator.Commands.OrderFront.CreateOrderFrontViewModel, Order.Infrastructure.Entities.SubOrderModels.SubOrderModel, AutoMapper.ResolutionContext, Order.Infrastructure.Entities.SubOrderModels.SubOrderModel>>
7ffcf5a3b888       1         48 System.Linq.Expressions.Expression3<System.Func<Order.Business.Mediator.Commands.OrderFront.CreateOrderItemFrontViewModel, Order.Infrastructure.Entities.SubOrderModels.SubOrderItemModel, AutoMapper.ResolutionContext, Order.Infrastructure.Entities.SubOrderModels.SubOrderItemModel>>
7ffcf5a51788       1         48 System.Linq.Expressions.Expression3<System.Func<Order.Infrastructure.Entities.OrderModels.OrderModel, Order.Domain.AggregatesModel.FrontAPI.Order.OrderDetailFrontView, AutoMapper.ResolutionContext, Order.Domain.AggregatesModel.FrontAPI.Order.OrderDetailFrontView>>
7ffcf5a51b98       1         48 System.Linq.Expressions.Expression3<System.Func<Order.Business.Mediator.Commands.OrderFront.UpdateOrderFrontViewModel, Order.Infrastructure.Entities.OrderModels.OrderModel, AutoMapper.ResolutionContext, Order.Infrastructure.Entities.OrderModels.OrderModel>>
7ffcf5a51fa8       1         48 System.Linq.Expressions.Expression3<System.Func<Order.Business.Mediator.Commands.OrderFront.UpdateOrderAddressViewModel, Order.Infrastructure.Entities.OrderModels.OrderAddressModel, AutoMapper.ResolutionContext, Order.Infrastructure.Entities.OrderModels.OrderAddressModel>>
7ffcf5a523b8       1         48 System.Linq.Expressions.Expression3<System.Func<Order.Business.Mediator.Commands.OrderFront.UpdateOrderItemFront, Order.Infrastructure.Entities.OrderModels.OrderItemModel, AutoMapper.ResolutionContext, Order.Infrastructure.Entities.OrderModels.OrderItemModel>>
7ffcf5a527c8       1         48 System.Linq.Expressions.Expression3<System.Func<Order.Business.Mediator.Commands.OrderFront.UpdateOrderItemAmountDetailViewModel, Order.Infrastructure.Entities.OrderModels.OrderItemAmountDtlModel, AutoMapper.ResolutionContext, Order.Infrastructure.Entities.OrderModels.OrderItemAmountDtlModel>>
7ffcf5a52bd8       1         48 System.Linq.Expressions.Expression3<System.Func<Order.Business.Mediator.Commands.OrderFront.UpdateOrderFrontViewModel, Order.Business.Mediator.Commands.OrderFront.UpdateSubOrderFrontViewModel, AutoMapper.ResolutionContext, Order.Business.Mediator.Commands.OrderFront.UpdateSubOrderFrontViewModel>>
7ffcf5a52fe8       1         48 System.Linq.Expressions.Expression3<System.Func<Order.Business.Mediator.Commands.OrderFront.UpdateOrderFrontCommand, Order.Business.Mediator.Commands.OrderFront.UpdateSubOrderFrontCommand, AutoMapper.ResolutionContext, Order.Business.Mediator.Commands.OrderFront.UpdateSubOrderFrontCommand>>
7ffcf5a533f8       1         48 System.Linq.Expressions.Expression3<System.Func<Order.Business.Mediator.Commands.OrderFront.UpdateOrderAddressViewModel, Order.Business.Mediator.Commands.OrderFront.SubOrderAddressViewModel, AutoMapper.ResolutionContext, Order.Business.Mediator.Commands.OrderFront.SubOrderAddressViewModel>>
7ffcf5a53808       1         48 System.Linq.Expressions.Expression3<System.Func<Order.Business.Mediator.Commands.OrderFront.UpdateOrderItemFront, Order.Business.Mediator.Commands.OrderFront.UpdateSubOrderItemFront, AutoMapper.ResolutionContext, Order.Business.Mediator.Commands.OrderFront.UpdateSubOrderItemFront>>
7ffcf5a53c18       1         48 System.Linq.Expressions.Expression3<System.Func<Order.Business.Mediator.Commands.OrderFront.UpdateOrderItemAmountDetailViewModel, Order.Business.Mediator.Commands.OrderFront.UpdateSubOrderItemAmountDetailViewModel, AutoMapper.ResolutionContext, Order.Business.Mediator.Commands.OrderFront.UpdateSubOrderItemAmountDetailViewModel>>
7ffcf5a54028       1         48 System.Linq.Expressions.Expression3<System.Func<Order.Business.Mediator.Commands.OrderFront.UpdateSubOrderFrontViewModel, Order.Infrastructure.Entities.SubOrderModels.SubOrderModel, AutoMapper.ResolutionContext, Order.Infrastructure.Entities.SubOrderModels.SubOrderModel>>
7ffcf5a54438       1         48 System.Linq.Expressions.Expression3<System.Func<Order.Business.Mediator.Commands.OrderFront.SubOrderAddressViewModel, Order.Infrastructure.Entities.SubOrderModels.SubOrderAddressModel, AutoMapper.ResolutionContext, Order.Infrastructure.Entities.SubOrderModels.SubOrderAddressModel>>
7ffcf5a54848       1         48 System.Linq.Expressions.Expression3<System.Func<Order.Business.Mediator.Commands.OrderFront.UpdateSubOrderItemFront, Order.Infrastructure.Entities.SubOrderModels.SubOrderItemModel, AutoMapper.ResolutionContext, Order.Infrastructure.Entities.SubOrderModels.SubOrderItemModel>>
7ffcf5a54c58       1         48 System.Linq.Expressions.Expression3<System.Func<Order.Business.Mediator.Commands.OrderFront.UpdateSubOrderItemAmountDetailViewModel, Order.Infrastructure.Entities.SubOrderModels.SubOrderItemAmtDtlModel, AutoMapper.ResolutionContext, Order.Infrastructure.Entities.SubOrderModels.SubOrderItemAmtDtlModel>>
7ffcf5a55068       1         48 System.Linq.Expressions.Expression3<System.Func<Order.Business.Mediator.Commands.OrderFront.UpdateSubOrderItemFront, Order.Business.Mediator.Commands.OrderFront.UpdateSubOrderItemFront, AutoMapper.ResolutionContext, Order.Business.Mediator.Commands.OrderFront.UpdateSubOrderItemFront>>
7ffcf5a55478       1         48 System.Linq.Expressions.Expression3<System.Func<Order.Business.Mediator.Commands.OrderFront.UpdateSubOrderItemAmountDetailViewModel, Order.Business.Mediator.Commands.OrderFront.UpdateSubOrderItemAmountDetailViewModel, AutoMapper.ResolutionContext, Order.Business.Mediator.Commands.OrderFront.UpdateSubOrderItemAmountDetailViewModel>>
7ffcf5a55888       1         48 System.Linq.Expressions.Expression3<System.Func<Order.Infrastructure.Data.Readonlys.CompanyBuMapping.GetCompanyBuMappingByIdViewModelDto, Order.Business.Dtos.ViewModels.CompanyBuMapping.GetCompanyBuMappingByIdViewModel, AutoMapper.ResolutionContext, Order.Business.Dtos.ViewModels.CompanyBuMapping.GetCompanyBuMappingByIdViewModel>>
7ffcf5a55c98       1         48 System.Linq.Expressions.Expression3<System.Func<Order.Infrastructure.Data.Readonlys.CompanyBuMapping.GetCompanyBuMappingViewModelDto, Order.Business.Dtos.ViewModels.CompanyBuMapping.GetCompanyBuMappingViewModel, AutoMapper.ResolutionContext, Order.Business.Dtos.ViewModels.CompanyBuMapping.GetCompanyBuMappingViewModel>>
7ffcf5a560a8       1         48 System.Linq.Expressions.Expression3<System.Func<Order.Business.Mediator.Queries.CompanyBUMapping.GetCompanyBuMappingsQuery, Order.Infrastructure.Data.Readonlys.CompanyBuMapping.GetCompanyBuMappingsQueryDto, AutoMapper.ResolutionContext, Order.Infrastructure.Data.Readonlys.CompanyBuMapping.GetCompanyBuMappingsQueryDto>>
7ffcf5aa3948       1         48 System.Collections.Concurrent.ConcurrentDictionary<System.Type, MediatR.Wrappers.RequestHandlerBase>+Node
7ffcf67f6980       1         48 Microsoft.Extensions.Logging.LoggerMessage+<>c__DisplayClass10_0<System.Int32>
7ffcf5ac6fa0       1         48 FluentValidation.ValidatorSelectorOptions
7ffcf5ac9788       1         48 System.Collections.Concurrent.ConcurrentDictionary<FluentValidation.Internal.AccessorCache<Order.Business.Mediator.Commands.Order.GetSubOrderCommand>+Key, System.Delegate>+Node
7ffcf5b06a60       2         48 Microsoft.EntityFrameworkCore.Diagnostics.IInterceptor[]
7ffcf536aaf0       1         48 Microsoft.EntityFrameworkCore.SqlServer.Storage.Internal.SqlServerTypeMappingSource
7ffcf5baf7b0       1         48 System.Collections.Concurrent.ConcurrentDictionary<System.String, System.String>+Node
7ffcf5bb6ce0       2         48 Microsoft.EntityFrameworkCore.Metadata.Conventions.Infrastructure.IConventionSetPlugin[]
7ffcf53b72f0       1         48 Microsoft.EntityFrameworkCore.Infrastructure.RelationalModelDependencies
7ffcf5c1f818       1         48 System.Collections.Generic.TreeSet<System.Collections.Generic.KeyValuePair<System.String, Microsoft.EntityFrameworkCore.Metadata.Internal.EntityType>>
7ffcf5c1c6d0       1         48 System.Collections.Generic.SortedSet<Microsoft.EntityFrameworkCore.Metadata.Internal.EntityType>
7ffcf5d18eb8       2         48 Microsoft.EntityFrameworkCore.Metadata.Internal.InternalForeignKeyBuilder[]
7ffcf5da7ea8       2         48 Microsoft.EntityFrameworkCore.Metadata.IConventionForeignKey[]
7ffcf6015d40       2         48 Microsoft.EntityFrameworkCore.Metadata.IReadOnlyEntityTypeMappingFragment[]
7ffcf617b790       2         48 Microsoft.EntityFrameworkCore.Metadata.IForeignKey[]
7ffcf6158398       2         48 Microsoft.EntityFrameworkCore.Metadata.IEntityType[]
7ffcf6f0f008       1         48 Microsoft.Extensions.Logging.LoggerMessage+<>c__DisplayClass12_0<Microsoft.AspNetCore.Mvc.Formatters.IOutputFormatter, System.String>
7ffcf6f0f1d0       1         48 Microsoft.Extensions.Logging.LoggerMessage+<>c__DisplayClass10_0<System.Collections.Generic.IList<Microsoft.AspNetCore.Mvc.Formatters.MediaTypeSegmentWithQuality>>
7ffcf6f0f380       1         48 Microsoft.Extensions.Logging.LoggerMessage+<>c__DisplayClass10_0<System.Collections.Generic.IEnumerable<Microsoft.AspNetCore.Mvc.Formatters.MediaTypeSegmentWithQuality>>
7ffcf6f0f530       1         48 Microsoft.Extensions.Logging.LoggerMessage+<>c__DisplayClass12_0<System.Collections.Generic.IEnumerable<Microsoft.AspNetCore.Mvc.Formatters.MediaTypeSegmentWithQuality>, Microsoft.AspNetCore.Mvc.Formatters.MediaTypeCollection>
7ffcf6f0f6f8       1         48 Microsoft.Extensions.Logging.LoggerMessage+<>c__DisplayClass10_0<Microsoft.AspNetCore.Mvc.Formatters.MediaTypeCollection>
7ffcf6f0f8a8       1         48 Microsoft.Extensions.Logging.LoggerMessage+<>c__DisplayClass10_0<System.Collections.Generic.IEnumerable<Microsoft.AspNetCore.Mvc.Formatters.IOutputFormatter>>
7ffcf6f33bd0       1         48 Microsoft.Extensions.Logging.LoggerMessage+<>c__DisplayClass10_0<System.Collections.Generic.List<System.String>>
7ffcf6c41ff8       2         48 Microsoft.EntityFrameworkCore.ChangeTracking.Internal.SimplePrincipalKeyValueFactory<System.Int32>+NoNullsCustomEqualityComparer
7ffcf6d41890       2         48 <>z__ReadOnlyArray<System.Boolean>
7ffcf67f5358       1         48 Microsoft.Data.SqlClient.ConnectionPool.SqlConnectionPoolGroupProviderInfo
7ffcf43811d0       2         48 System.Threading.ManualResetEvent
7ffcf6312590       1         48 Microsoft.Extensions.Logging.LoggerMessage+<>c__DisplayClass18_0<System.String, System.String, System.String, System.String, System.String>
7ffcf3a2ff30       2         54 System.Globalization.CalendarId[]
7ffcf5a6e5a8       1         56 System.Text.Json.Serialization.Converters.ObjectDefaultConverter<Order.Business.Mediator.Commands.Order.GetSubOrderCommand>
7ffcf5a6ef80       1         56 System.Text.Json.Serialization.Converters.ObjectDefaultConverter<MediatR.IRequest<CommonApiMessage.AggregatesModel.SubOrderMessage.SubOrderMessageViewModel>>
7ffcf5a6fa30       1         56 System.Text.Json.Serialization.Converters.ObjectDefaultConverter<MediatR.IBaseRequest>
7ffcf353f750       1         56 System.Collections.Concurrent.ConcurrentDictionary<System.Guid, System.Collections.Generic.List<Microsoft.DotNet.HotReload.RuntimeManagedCodeUpdate>>+Tables
7ffcf35523c0       1         56 System.Collections.Concurrent.ConcurrentDictionary<System.Reflection.Assembly, System.Reflection.Assembly>+Tables
7ffcf353ab50       1         56 System.AppDomain
7ffcf371c340       1         56 Microsoft.Extensions.DependencyModel.DependencyContext
7ffcf377fc68       1         56 Microsoft.Extensions.Configuration.ConfigurationManager
7ffcf3a5cf00       1         56 Microsoft.Extensions.Hosting.HostBuilder+<>c__DisplayClass36_0
7ffcf3a50678       1         56 Microsoft.AspNetCore.Hosting.BootstrapHostBuilder
7ffcf3ab85e0       1         56 Microsoft.AspNetCore.Hosting.GenericWebHostBuilder
7ffcf3bd8d80       1         56 System.Collections.ObjectModel.ObservableCollection<Microsoft.AspNetCore.Routing.EndpointDataSource>
7ffcf36072a8       1         56 Microsoft.AspNetCore.Builder.ConfigureHostBuilder
7ffcf3c2b308       1         56 System.Collections.Concurrent.ConcurrentDictionary<System.Type, System.ComponentModel.TypeDescriptor+TypeDescriptionNode>+Tables
7ffcf42182c8       1         56 System.Collections.Concurrent.ConcurrentDictionary<System.Reflection.Assembly, System.Collections.Generic.IEnumerable<System.Type>>+Tables
7ffcf421c258       1         56 System.Collections.Concurrent.ConcurrentDictionary<System.Reflection.PropertyInfo, System.Action<System.Object, System.Object>>+Tables
7ffcf421cb70       1         56 System.Collections.Concurrent.ConcurrentDictionary<System.Type, System.Collections.Generic.IReadOnlyList<System.Reflection.PropertyInfo>>+Tables
7ffcf41f97e8       1         56 System.Collections.Concurrent.ConcurrentDictionary<System.String, Autofac.Core.IReflectionCache>+Tables
7ffcf421ddf0       1         56 System.Collections.Concurrent.ConcurrentDictionary<System.Type, System.Type>+Tables
7ffcf421d488       1         56 System.Collections.Concurrent.ConcurrentDictionary<System.Type, System.Reflection.ConstructorInfo[]>+Tables
7ffcf4411f50       1         56 Autofac.Core.Resolving.Pipeline.IResolveMiddleware[]
7ffcf3bba3b8       1         56 Microsoft.AspNetCore.MemoryPoolMetrics
7ffcf44a2b38       1         56 Microsoft.AspNetCore.Server.Kestrel.Core.Http2Limits
7ffcf4302118       1         56 Microsoft.AspNetCore.Server.Kestrel.Core.Internal.Infrastructure.KestrelTrace
7ffcf4302380       1         56 Microsoft.AspNetCore.Server.Kestrel.Core.Internal.Infrastructure.ConnectionManager
7ffcf4307488       1         56 Microsoft.AspNetCore.Server.Kestrel.Core.Internal.Infrastructure.TransportManager
7ffcf44c86c8       1         56 Swashbuckle.AspNetCore.SwaggerUI.SubmitMethod[]
7ffcf44ce1a0       1         56 Microsoft.AspNetCore.Builder.ExceptionHandlerOptions
7ffcf41f8300       1         56 System.Collections.Concurrent.ConcurrentDictionary<Autofac.Core.Service, Autofac.Core.Registration.ServiceRegistrationInfo>+Tables
7ffcf434f448       1         56 System.Collections.Concurrent.ConcurrentDictionary<Microsoft.AspNetCore.Mvc.ModelBinding.ModelBinderFactory+Key, Microsoft.AspNetCore.Mvc.ModelBinding.IModelBinder>+Tables
7ffcf45d6258       1         56 System.Collections.Concurrent.ConcurrentDictionary<Microsoft.AspNetCore.Mvc.ModelBinding.ModelMetadata, Microsoft.AspNetCore.Mvc.ModelBinding.Validation.ValidatorCache+CacheEntry>+Tables
7ffcf4353748       1         56 System.Collections.Concurrent.ConcurrentDictionary<System.Type, Microsoft.Extensions.DependencyInjection.ObjectFactory>+Tables
7ffcf3d30f80       1         56 Microsoft.AspNetCore.Mvc.Controllers.ControllerFactoryProvider
7ffcf43729f0       2         56 Microsoft.AspNetCore.Authorization.IAuthorizationRequirement[]
7ffcf4386438       1         56 System.Collections.Concurrent.ConcurrentDictionary<System.Linq.Expressions.LambdaExpression, System.String>+Tables
7ffcf437e850       1         56 System.Collections.Concurrent.ConcurrentDictionary<System.Guid, Microsoft.AspNetCore.DataProtection.KeyManagement.Key>+Tables
7ffcf59889a0       1         56 System.Collections.Concurrent.ConcurrentDictionary<AutoMapper.Internal.MapRequest, System.Lazy<System.Delegate>>+Tables
7ffcf3f0e1f0       1         56 Microsoft.AspNetCore.DataProtection.KeyManagement.DefaultKeyResolver
7ffcf3f07c68       1         56 Microsoft.AspNetCore.Mvc.ViewFeatures.CookieTempDataProvider
7ffcf43cdea0       1         56 System.Collections.Concurrent.ConcurrentDictionary<Microsoft.AspNetCore.Mvc.Razor.RazorPageActivator+CacheKey, Microsoft.AspNetCore.Mvc.Razor.RazorPagePropertyActivator>+Tables
7ffcf3f682b0       1         56 Microsoft.AspNetCore.Mvc.Razor.RazorViewEngineOptions
7ffcf4383c30       1         56 Microsoft.AspNetCore.Mvc.ViewFeatures.HtmlHelperOptions
7ffcf441f4d0       1         56 System.Collections.Concurrent.ConcurrentDictionary<System.Type, System.ValueTuple<System.Type, System.Type, System.Func<System.Int32, System.Collections.IList>>>+Tables
7ffcf43591a0       1         56 System.Collections.Concurrent.ConcurrentDictionary<Microsoft.AspNetCore.Routing.IEndpointRouteBuilder, Microsoft.AspNetCore.Mvc.Infrastructure.OrderedEndpointsSequenceProvider>+Tables
7ffcf62ad9d8       1         56 System.Collections.Concurrent.ConcurrentDictionary<System.Type, Microsoft.EntityFrameworkCore.Metadata.RuntimeEntityType>+Tables
7ffcf4347e10       1         56 System.Collections.Concurrent.ConcurrentDictionary<Microsoft.AspNetCore.Mvc.ModelBinding.Metadata.ModelMetadataIdentity, Microsoft.AspNetCore.Mvc.ModelBinding.Metadata.DefaultModelMetadataProvider+ModelMetadataCacheEntry>+Tables
7ffcf4702190       1         56 Microsoft.AspNetCore.Mvc.ApplicationModels.AttributeRouteModel
7ffcf479d2d8       1         56 EventBus.RabbitMQ.DefaultRabbitMQPersistentConnection
7ffcf47f8ef8       2         56 RabbitMQ.Client.AmqpTcpEndpoint[]
7ffcf4803eb8       1         56 System.Collections.Concurrent.ConcurrentDictionary<System.String, RabbitMQ.Client.Impl.RecordedExchange>+Tables
7ffcf4804240       1         56 System.Collections.Concurrent.ConcurrentDictionary<System.String, RabbitMQ.Client.Impl.RecordedQueue>+Tables
7ffcf48938d0       1         56 System.Collections.Concurrent.ConcurrentDictionary<System.Net.Security.SslSessionsCache+SslCredKey, System.Net.Security.SafeCredentialReference>+Tables
7ffcf4842340       1         56 System.Runtime.ExceptionServices.ExceptionDispatchInfo
7ffcf489a518       1         56 System.Net.Security.SafeDeleteSslContext
7ffcf48d4bb0       1         56 RabbitMQ.Client.Impl.AsyncConsumerWorkService
7ffcf48d68d8       1         56 System.Collections.Concurrent.ConcurrentDictionary<RabbitMQ.Client.IModel, RabbitMQ.Client.Impl.AsyncConsumerWorkService+WorkPool>+Tables
7ffcf48d7688       1         56 System.Collections.Concurrent.ConcurrentDictionary<RabbitMQ.Client.IModel, RabbitMQ.Client.Impl.ConsumerWorkService+WorkPool>+Tables
7ffcf48e52b8       1         56 RabbitMQ.Client.Impl.IncomingCommand
7ffcf490f880       1         56 System.Collections.Concurrent.ConcurrentDictionary<System.String, Microsoft.Extensions.Logging.LogValuesFormatter>+Tables
7ffcf4a3c618       1         56 System.Collections.Concurrent.ConcurrentDictionary<System.String, System.Lazy<Microsoft.Extensions.Diagnostics.Metrics.MetricsOptions>>+Tables
7ffcf4a3a050       1         56 System.Collections.Concurrent.ConcurrentDictionary<System.String, System.Lazy<Microsoft.Extensions.DependencyInjection.MetricsServiceExtensions+NoOpOptions>>+Tables
7ffcf4a610a0       1         56 System.Text.CodePageDataItem
7ffcf4a6d738       1         56 System.Xml.Schema.XmlTypeCode[]
7ffcf4ab2950       1         56 System.Collections.Concurrent.ConcurrentDictionary<System.Type, Microsoft.Extensions.DependencyInjection.ActivatorUtilities+ConstructorInfoEx[]>+Tables
7ffcf435e040       1         56 System.Collections.Concurrent.ConcurrentDictionary<System.Type, System.Lazy<Microsoft.AspNetCore.Http.RequestDelegate>>+Tables
7ffcf4abf5c8       1         56 Microsoft.AspNetCore.Authorization.AuthorizationMiddlewareInternal
7ffcf6563ec8       1         56 System.Collections.Concurrent.ConcurrentDictionary<System.Type, System.Reflection.ConstructorInfo>+Tables
7ffcf6577878       1         56 System.Runtime.CompilerServices.ConditionalWeakTable<System.Transactions.ContextKey, System.Transactions.ContextData>+Container
7ffcf67db3a8       1         56 System.Collections.Concurrent.ConcurrentDictionary<System.String, System.Collections.Generic.IList<System.String>>+Tables
7ffcf67da978       1         56 Microsoft.Data.SqlClient.SqlConnectionFactory
7ffcf68208a8       1         56 System.Configuration.ClientConfigurationHost
7ffcf6822a48       1         56 System.Threading.ReaderWriterLock
7ffcf6863c98       1         56 System.Collections.Concurrent.ConcurrentDictionary<System.ValueTuple<System.String, Interop+BCrypt+BCryptOpenAlgorithmProviderFlags>, System.ValueTuple<Microsoft.Win32.SafeHandles.SafeBCryptAlgorithmHandle, System.Int32>>+Tables
7ffcf68644d8       1         56 System.Collections.Concurrent.ConcurrentDictionary<System.ValueTuple<System.String, Interop+BCrypt+BCryptOpenAlgorithmProviderFlags>, System.Boolean>+Tables
7ffcf68b1b88       1         56 System.Collections.Concurrent.ConcurrentDictionary<System.String, Microsoft.Data.SqlClient.SQLDNSInfo>+Tables
7ffcf68fcce8       1         56 Microsoft.EntityFrameworkCore.Diagnostics.EventDefinition<System.String, System.Data.CommandType, System.Int32, System.String, System.String>
7ffcf6920828       1         56 Microsoft.EntityFrameworkCore.Diagnostics.EventDefinition<System.String, System.String, System.Data.CommandType, System.Int32, System.String, System.String>
7ffcf4c10d60       1         56 System.Collections.Concurrent.ConcurrentDictionary<System.ValueTuple<System.String, System.Type, System.Reflection.MemberInfo>, System.Text.Json.Serialization.Metadata.ReflectionEmitCachingMemberAccessor+Cache<System.ValueTuple<System.String, System.Type, System.Reflection.MemberInfo>>+CacheEntry>+Tables
7ffcf4b0e7c8       1         56 System.Collections.Concurrent.ConcurrentDictionary<Microsoft.AspNetCore.Http.Endpoint, Microsoft.AspNetCore.Authorization.AuthorizationPolicy>+Tables
7ffcf4b14f80       1         56 System.Collections.Concurrent.ConcurrentDictionary<System.String, System.Lazy<Microsoft.AspNetCore.HostFiltering.HostFilteringOptions>>+Tables
7ffcf4b18c58       1         56 System.Net.Http.SocketsHttpHandler
7ffcf430d900       1         56 System.Collections.Concurrent.ConcurrentDictionary<Microsoft.AspNetCore.PinnedBlockMemoryPool, System.UIntPtr>+Tables
7ffcf3d392e8       1         56 Microsoft.AspNetCore.Mvc.ApiExplorer.DefaultApiDescriptionProvider
7ffcf3c2b690       1         56 System.Collections.Concurrent.ConcurrentDictionary<System.Type, System.Object>+Tables
7ffcf4b9d750       1         56 System.Text.Json.Serialization.Converters.BooleanConverter
7ffcf4b9e398       1         56 System.Text.Json.Serialization.Converters.ByteConverter
7ffcf4b9e610       1         56 System.Text.Json.Serialization.Converters.ByteArrayConverter
7ffcf4b9f390       1         56 System.Text.Json.Serialization.Converters.CharConverter
7ffcf4b9f840       1         56 System.Text.Json.Serialization.Converters.DateTimeConverter
7ffcf4ba04a0       1         56 System.Text.Json.Serialization.Converters.DateTimeOffsetConverter
7ffcf4ba10e8       1         56 System.Text.Json.Serialization.Converters.DateOnlyConverter
7ffcf4ba1d30       1         56 System.Text.Json.Serialization.Converters.TimeOnlyConverter
7ffcf4ba2a48       1         56 System.Text.Json.Serialization.Converters.HalfConverter
7ffcf4ba36c0       1         56 System.Text.Json.Serialization.Converters.DoubleConverter
7ffcf4ba4328       1         56 System.Text.Json.Serialization.Converters.DecimalConverter
7ffcf4ba4f70       1         56 System.Text.Json.Serialization.Converters.GuidConverter
7ffcf4ba5bc8       1         56 System.Text.Json.Serialization.Converters.Int16Converter
7ffcf4ba6830       1         56 System.Text.Json.Serialization.Converters.Int32Converter
7ffcf4ba7498       1         56 System.Text.Json.Serialization.Converters.Int64Converter
7ffcf4ba7e38       1         56 System.Text.Json.Serialization.Converters.JsonElementConverter
7ffcf4ba80b0       1         56 System.Text.Json.Serialization.Converters.JsonDocumentConverter
7ffcf4ba8b90       1         56 System.Text.Json.Serialization.Converters.MemoryByteConverter
7ffcf4ba9540       1         56 System.Text.Json.Serialization.Converters.ReadOnlyMemoryByteConverter
7ffcf4ba97b0       1         56 System.Text.Json.Serialization.Converters.DefaultObjectConverter
7ffcf4baa3a0       1         56 System.Text.Json.Serialization.Converters.SByteConverter
7ffcf4bab008       1         56 System.Text.Json.Serialization.Converters.SingleConverter
7ffcf4bab4c8       1         56 System.Text.Json.Serialization.Converters.StringConverter
7ffcf4bac370       1         56 System.Text.Json.Serialization.Converters.TimeSpanConverter
7ffcf4bacfc8       1         56 System.Text.Json.Serialization.Converters.UInt16Converter
7ffcf4badc30       1         56 System.Text.Json.Serialization.Converters.UInt32Converter
7ffcf4bae898       1         56 System.Text.Json.Serialization.Converters.UInt64Converter
7ffcf4baf560       1         56 System.Text.Json.Serialization.Converters.Int128Converter
7ffcf4bc0238       1         56 System.Text.Json.Serialization.Converters.UInt128Converter
7ffcf4bc0510       1         56 System.Text.Json.Serialization.Converters.UriConverter
7ffcf4bc0a38       1         56 System.Text.Json.Serialization.Converters.VersionConverter
7ffcf4bec368       1         56 System.Text.Json.Serialization.Metadata.ReflectionEmitCachingMemberAccessor+Cache<System.ValueTuple<System.String, System.Type, System.Reflection.MemberInfo>>
7ffcf4cbc728       1         56 System.Collections.Concurrent.ConcurrentDictionary<System.Text.RegularExpressions.RegexCache+Key, System.Text.RegularExpressions.RegexCache+Node>+Tables
7ffcf4d30648       1         56 System.Text.Json.Serialization.Converters.ObjectDefaultConverter<System.Enum>
7ffcf4d313e0       1         56 System.Text.Json.Serialization.Converters.ObjectDefaultConverter<System.ValueType>
7ffcf4d31c30       1         56 System.Text.Json.Serialization.Converters.ObjectDefaultConverter<System.IComparable>
7ffcf4d33d20       1         56 System.Text.Json.Serialization.Converters.ObjectDefaultConverter<System.ISpanFormattable>
7ffcf4d34f28       1         56 System.Text.Json.Serialization.Converters.ObjectDefaultConverter<System.IFormattable>
7ffcf4d35778       1         56 System.Text.Json.Serialization.Converters.ObjectDefaultConverter<System.IConvertible>
7ffcf4e9d640       1         56 System.Collections.Concurrent.ConcurrentDictionary<System.Net.Http.HttpConnectionPoolManager+HttpConnectionKey, System.Net.Http.HttpConnectionPool>+Tables
7ffcf4eb2b48       1         56 System.Collections.Concurrent.ConcurrentDictionary<System.Uri, System.Int64>+Tables
7ffcf4eb3a18       1         56 System.Threading.PortableThreadPool+WaitThread
7ffcf4eb7bc8       1         56 System.Net.Http.Headers.HeaderDescriptor[]
7ffcf4f157c8       1         56 System.Text.Json.Serialization.Converters.ObjectDefaultConverter<Swashbuckle.AspNetCore.SwaggerUI.ConfigObject>
7ffcf4f35208       1         56 System.Text.Json.Serialization.Converters.ObjectDefaultConverter<Swashbuckle.AspNetCore.SwaggerUI.UrlDescriptor>
7ffcf4f4ada0       1         56 System.Text.Json.Serialization.Converters.ObjectDefaultConverter<Swashbuckle.AspNetCore.SwaggerUI.OAuthConfigObject>
7ffcf4f60b60       1         56 System.Text.Json.Serialization.Converters.ObjectDefaultConverter<Swashbuckle.AspNetCore.SwaggerUI.InterceptorFunctions>
7ffcf51dc7d8       1         56 Microsoft.Extensions.ObjectPool.DefaultObjectPool<Microsoft.AspNetCore.Routing.UriBuildingContext>
7ffcf521e8c0       1         56 System.Collections.Concurrent.ConcurrentDictionary<Microsoft.AspNetCore.Mvc.Abstractions.ActionDescriptor, Microsoft.AspNetCore.Mvc.ActionConstraints.ActionConstraintCache+CacheEntry>+Tables
7ffcf521f3f0       1         56 System.Collections.Concurrent.ConcurrentDictionary<Microsoft.AspNetCore.Mvc.Abstractions.ActionDescriptor, Microsoft.AspNetCore.Mvc.ActionConstraints.ActionConstraintCache+CacheEntry>+Node
7ffcf421b690       1         56 System.Collections.Concurrent.ConcurrentDictionary<System.Reflection.ConstructorInfo, System.Func<System.Object[], System.Object>>+Tables
7ffcf43418f8       2         56 Microsoft.Extensions.Internal.PropertyActivator<Microsoft.AspNetCore.Mvc.ControllerContext>[]
7ffcf5280230       1         56 Microsoft.AspNetCore.Mvc.Controllers.ControllerBinderDelegateProvider+<>c__DisplayClass0_0
7ffcf52805d0       1         56 Microsoft.AspNetCore.Mvc.Controllers.ControllerBinderDelegateProvider+BinderItem[]
7ffcf52fde80       1         56 System.Collections.Concurrent.ConcurrentDictionary<Microsoft.EntityFrameworkCore.Infrastructure.IDbContextOptions, System.ValueTuple<System.IServiceProvider, System.Collections.Generic.IDictionary<System.String, System.String>>>+Tables
7ffcf55e53c8       1         56 Microsoft.Extensions.DependencyInjection.ServiceLookup.CallSiteFactory
7ffcf56137d0       1         56 System.Collections.Concurrent.ConcurrentDictionary<Microsoft.EntityFrameworkCore.Infrastructure.IDbContextOptions, System.ValueTuple<System.IServiceProvider, System.Collections.Generic.IDictionary<System.String, System.String>>>+Node
7ffcf56144d0       1         56 System.Collections.Concurrent.ConcurrentDictionary<System.Type, System.Collections.Generic.IReadOnlyList<Microsoft.EntityFrameworkCore.Infrastructure.DbSetProperty>>+Tables
7ffcf5618170       1         56 System.Collections.Concurrent.ConcurrentDictionary<System.ValueTuple<System.Type, System.String>, System.Func<Microsoft.EntityFrameworkCore.DbContext, System.String, System.Object>>+Tables
7ffcf5a577f8       1         56 System.Collections.Concurrent.ConcurrentDictionary<AutoMapper.Internal.TypePair, System.Lazy<AutoMapper.TypeMap>>+Tables
7ffcf5aa2bb8       1         56 System.Collections.Concurrent.ConcurrentDictionary<System.Type, MediatR.Wrappers.RequestHandlerBase>+Tables
7ffcf5aa2f38       1         56 System.Collections.Concurrent.ConcurrentDictionary<System.Type, MediatR.Wrappers.NotificationHandlerWrapper>+Tables
7ffcf5aa32c0       1         56 System.Collections.Concurrent.ConcurrentDictionary<System.Type, MediatR.Wrappers.StreamRequestHandlerBase>+Tables
7ffcf67f5ca8       1         56 Microsoft.EntityFrameworkCore.Diagnostics.EventDefinition<System.Int32>
7ffcf5ac9100       1         56 System.Collections.Concurrent.ConcurrentDictionary<FluentValidation.Internal.AccessorCache<Order.Business.Mediator.Commands.Order.GetSubOrderCommand>+Key, System.Delegate>+Tables
7ffcf55f2fb8       1         56 System.Collections.Concurrent.ConcurrentDictionary<Microsoft.Extensions.DependencyInjection.ServiceLookup.ServiceIdentifier, System.Object>+Tables
7ffcf5b08bf8       1         56 System.Collections.Concurrent.ConcurrentDictionary<System.Type, System.Func<Microsoft.EntityFrameworkCore.ChangeTracking.Internal.IStateManager, Microsoft.EntityFrameworkCore.Internal.IDbSetSource, Microsoft.EntityFrameworkCore.Internal.IDbSetCache, Microsoft.EntityFrameworkCore.Metadata.IEntityType, Microsoft.EntityFrameworkCore.Internal.IEntityFinder>>+Tables
7ffcf5b0fd30       1         56 System.Collections.Concurrent.ConcurrentDictionary<System.ValueTuple<System.Type, System.Type>, Microsoft.EntityFrameworkCore.Storage.ValueConversion.ValueConverterInfo>+Tables
7ffcf5b5fea0       1         56 System.Collections.Concurrent.ConcurrentDictionary<System.String, System.Boolean>+Tables
7ffcf55f2c08       1         56 System.Collections.Concurrent.ConcurrentDictionary<Microsoft.Extensions.DependencyInjection.ServiceLookup.ServiceCacheKey, Microsoft.Extensions.DependencyInjection.ServiceLookup.ServiceCallSite>+Tables
7ffcf60d3478       1         56 Microsoft.EntityFrameworkCore.Diagnostics.EventDefinition<System.String, System.String, System.String>
7ffcf5b5d8b0       1         56 System.Collections.Concurrent.ConcurrentDictionary<System.ValueTuple<Microsoft.EntityFrameworkCore.Storage.RelationalTypeMappingInfo, System.Type, Microsoft.EntityFrameworkCore.Storage.ValueConversion.ValueConverter, Microsoft.EntityFrameworkCore.Storage.CoreTypeMapping>, Microsoft.EntityFrameworkCore.Storage.RelationalTypeMapping>+Tables
7ffcf81fd6c0       1         56 System.Diagnostics.Tracing.CounterGroup
7ffcf630c6f0       1         56 System.Collections.Concurrent.ConcurrentDictionary<System.String, Microsoft.EntityFrameworkCore.SqlServer.ValueGeneration.Internal.SqlServerSequenceValueGeneratorState>+Tables
7ffcf630f498       1         56 System.Collections.Concurrent.ConcurrentDictionary<Microsoft.EntityFrameworkCore.ValueGeneration.ValueGeneratorCache+CacheKey, Microsoft.EntityFrameworkCore.ValueGeneration.ValueGenerator>+Tables
7ffcf6311068       1         56 Microsoft.EntityFrameworkCore.Diagnostics.EventDefinition<System.String, System.String, System.String, System.String, System.String>
7ffcf55ef3f0       1         56 System.Collections.Concurrent.ConcurrentDictionary<Microsoft.Extensions.DependencyInjection.ServiceLookup.ServiceCacheKey, Microsoft.Extensions.DependencyInjection.ServiceLookup.ILEmitResolverBuilder+GeneratedMethod>+Tables
7ffcf55f0018       1         56 System.Collections.Concurrent.ConcurrentDictionary<Microsoft.Extensions.DependencyInjection.ServiceLookup.ServiceIdentifier, Microsoft.Extensions.DependencyInjection.ServiceProvider+ServiceAccessor>+Tables
7ffcf5a6eea0       1         64 System.Func<Order.Business.Mediator.Commands.Order.GetSubOrderCommand>
7ffcf34f84e0       1         64 System.Action<System.Int32, System.String>
7ffcf3539ed8       1         64 Microsoft.DotNet.HotReload.HotReloadAgent+ApplyUpdateDelegate
7ffcf353acc8       1         64 System.AssemblyLoadEventHandler
7ffcf34f77a8       1         64 Microsoft.DotNet.HotReload.PipeListener
7ffcf359cf38       1         64 System.Func<System.Boolean>
7ffcf3683158       1         64 System.Action<System.Action>
7ffcf369c9a0       1         64 System.Action<Microsoft.Extensions.Primitives.CancellationChangeToken>
7ffcf3711218       1         64 System.Action<Microsoft.Extensions.Configuration.ConfigurationReloadToken>
7ffcf3730730       1         64 System.Func<Microsoft.Extensions.DependencyModel.IDependencyContextReader>
7ffcf373ac00       1         64 System.Func<Microsoft.Extensions.DependencyModel.DependencyContextJsonReader+Target, System.Boolean>
7ffcf3748928       1         64 System.Func<Microsoft.Extensions.DependencyModel.DependencyContextJsonReader+RuntimeTargetEntryStub, System.String>
7ffcf37ac138       1         64 System.Func<Microsoft.Extensions.DependencyModel.RuntimeLibrary, System.Boolean>
7ffcf37ac838       1         64 System.Func<Microsoft.Extensions.DependencyModel.RuntimeLibrary, System.Reflection.AssemblyName, <>f__AnonymousType0<Microsoft.Extensions.DependencyModel.RuntimeLibrary, System.Reflection.AssemblyName>>
7ffcf37acbe0       1         64 System.Func<<>f__AnonymousType0<Microsoft.Extensions.DependencyModel.RuntimeLibrary, System.Reflection.AssemblyName>, System.Reflection.AssemblyName>
7ffcf37af0d0       1         64 System.Func<Microsoft.Extensions.DependencyModel.Dependency, System.Boolean>
7ffcf37b4408       1         64 System.Func<Microsoft.Extensions.DependencyModel.RuntimeFile, System.String>
7ffcf37b2f20       1         64 System.Func<System.String, System.Reflection.AssemblyName>
7ffcf37bab00       1         64 System.Func<System.String, System.Collections.Generic.IEnumerable<System.String>>
7ffcf37bb088       1         64 System.Func<System.String, System.String, <>f__AnonymousType1<System.String, System.String>>
7ffcf37bb6b0       1         64 System.Func<<>f__AnonymousType1<System.String, System.String>, <>f__AnonymousType2<<>f__AnonymousType1<System.String, System.String>, System.String>>
7ffcf37bbe90       1         64 System.Func<<>f__AnonymousType2<<>f__AnonymousType1<System.String, System.String>, System.String>, <>f__AnonymousType3<<>f__AnonymousType2<<>f__AnonymousType1<System.String, System.String>, System.String>, System.Reflection.AssemblyName>>
7ffcf37bc038       1         64 System.Func<<>f__AnonymousType3<<>f__AnonymousType2<<>f__AnonymousType1<System.String, System.String>, System.String>, System.Reflection.AssemblyName>, System.Boolean>
7ffcf37bc1d8       1         64 System.Func<<>f__AnonymousType3<<>f__AnonymousType2<<>f__AnonymousType1<System.String, System.String>, System.String>, System.Reflection.AssemblyName>, System.Reflection.AssemblyName>
7ffcf37bf3a0       1         64 System.IO.Enumeration.FileSystemEnumerable<System.String>+FindTransform
7ffcf3828f80       1         64 System.Action<Serilog.Configuration.LoggerMinimumLevelConfiguration, Serilog.Core.LoggingLevelSwitch>
7ffcf3850c40       1         64 System.Collections.Generic.HashSet<System.RuntimeType>
7ffcf3854b78       1         64 System.Func<Microsoft.Extensions.Configuration.IConfigurationSection, <>f__AnonymousType4<System.String, System.Collections.Generic.Dictionary<System.String, Serilog.Settings.Configuration.ConfigurationArgumentValue>>>
7ffcf38551b8       1         64 System.Func<Microsoft.Extensions.Configuration.IConfigurationSection, <>f__AnonymousType5<Microsoft.Extensions.Configuration.IConfigurationSection, System.String>>
7ffcf38559a0       1         64 System.Func<<>f__AnonymousType6<<>f__AnonymousType5<Microsoft.Extensions.Configuration.IConfigurationSection, System.String>, System.Collections.Generic.Dictionary<System.String, Serilog.Settings.Configuration.ConfigurationArgumentValue>>, <>f__AnonymousType4<System.String, System.Collections.Generic.Dictionary<System.String, Serilog.Settings.Configuration.ConfigurationArgumentValue>>>
7ffcf3855bd0       1         64 System.Func<<>f__AnonymousType4<System.String, System.Collections.Generic.Dictionary<System.String, Serilog.Settings.Configuration.ConfigurationArgumentValue>>, System.String>
7ffcf3855cc0       1         64 System.Func<<>f__AnonymousType4<System.String, System.Collections.Generic.Dictionary<System.String, Serilog.Settings.Configuration.ConfigurationArgumentValue>>, System.Collections.Generic.Dictionary<System.String, Serilog.Settings.Configuration.ConfigurationArgumentValue>>
7ffcf385d418       1         64 System.Func<System.Reflection.TypeInfo, System.Collections.Generic.IEnumerable<System.Reflection.MethodInfo>>
7ffcf385fd50       1         64 System.Func<System.Type, System.Reflection.TypeInfo>
7ffcf3912958       1         64 System.Func<System.Linq.IGrouping<System.String, System.Collections.Generic.Dictionary<System.String, Serilog.Settings.Configuration.ConfigurationArgumentValue>>, System.Collections.Generic.IEnumerable<<>f__AnonymousType8<System.String, System.Collections.Generic.Dictionary<System.String, Serilog.Settings.Configuration.ConfigurationArgumentValue>>>>
7ffcf3917448       1         64 System.Func<System.Reflection.MethodInfo, System.String>
7ffcf3922ca8       1         64 System.Func<<>f__AnonymousType7<System.String, Serilog.Settings.Configuration.ConfigurationArgumentValue>, System.String>
7ffcf3922d98       1         64 System.Func<<>f__AnonymousType7<System.String, Serilog.Settings.Configuration.ConfigurationArgumentValue>, Serilog.Settings.Configuration.ConfigurationArgumentValue>
7ffcf39475a8       1         64 System.Comparison<System.ValueTuple<System.Char, System.Char>>
7ffcf392bc80       1         64 System.Func<System.Collections.Generic.KeyValuePair<System.Type, System.Func<System.String, System.Object>>, System.Func<System.String, System.Object>>
7ffcf3861938       2         64 Serilog.Formatting.Display.MessageTemplateTextFormatter
7ffcf3929e78       2         64 Serilog.Core.Sinks.OptionalInterfaceForwardingSink
7ffcf3a20578       1         64 System.Func<System.DateTime>
7ffcf39a2d70       1         64 System.Func<System.Collections.Generic.KeyValuePair<Serilog.Sinks.SystemConsole.Themes.ConsoleThemeStyle, Serilog.Sinks.SystemConsole.Themes.SystemConsoleThemeStyle>, Serilog.Sinks.SystemConsole.Themes.ConsoleThemeStyle>
7ffcf39a2f10       1         64 System.Func<System.Collections.Generic.KeyValuePair<Serilog.Sinks.SystemConsole.Themes.ConsoleThemeStyle, Serilog.Sinks.SystemConsole.Themes.SystemConsoleThemeStyle>, Serilog.Sinks.SystemConsole.Themes.SystemConsoleThemeStyle>
7ffcf39ae778       2         64 Serilog.Sinks.SystemConsole.Output.LevelTokenRenderer
7ffcf39ae630       2         64 Serilog.Sinks.SystemConsole.Output.NewLineTokenRenderer
7ffcf39c0df0       1         64 System.Func<Serilog.Core.ILogEventSink, System.Boolean>
7ffcf399c320       2         64 Serilog.Core.Sinks.SecondaryLoggerSink
7ffcf39c5d40       1         64 System.Func<System.Collections.Generic.KeyValuePair<System.String, Serilog.Core.LoggingLevelSwitch>, System.String>
7ffcf39c6318       1         64 System.Func<System.Collections.Generic.KeyValuePair<System.String, Serilog.Core.LoggingLevelSwitch>, Serilog.Core.LevelOverrideMap+LevelOverride>
7ffcf39d1f70       1         64 System.Func<System.Collections.Generic.KeyValuePair<System.String, Serilog.Core.LoggingLevelSwitch>, System.Collections.Generic.KeyValuePair<System.String, Serilog.Core.LoggingLevelSwitch>>
7ffcf39decf8       2         64 Internal.Win32.SafeHandles.SafeRegistryHandle
7ffcf39e3218       1         64 System.Action<System.Diagnostics.ActivityListener, System.Object>
7ffcf3a225c8       1         64 System.Text.OSEncoding
7ffcf3a2f920       2         64 System.Globalization.GregorianCalendar
7ffcf3600fa0       1         64 Microsoft.AspNetCore.Builder.WebApplicationBuilder
7ffcf36b0da8       2         64 System.IO.FileStream
7ffcf3a3d380       1         64 System.Func<Serilog.Sinks.File.RollingLogFile, System.Nullable<System.DateTime>>
7ffcf3a3daa0       1         64 System.Func<Serilog.Sinks.File.RollingLogFile, System.String>
7ffcf3a5afa8       1         64 System.Func<Serilog.Sinks.File.RollingLogFile, Serilog.Sinks.File.RollingLogFile>
7ffcf3a5d070       1         64 System.Func<System.IServiceProvider, Microsoft.Extensions.Configuration.IConfiguration>
7ffcf3a5d160       1         64 System.Func<System.IServiceProvider, Microsoft.Extensions.Hosting.IApplicationLifetime>
7ffcf3a5d250       1         64 System.Func<System.IServiceProvider, Microsoft.Extensions.Hosting.IHost>
7ffcf3a5cf90       1         64 System.Action<Microsoft.Extensions.Hosting.HostOptions>
7ffcf3a623a8       1         64 System.Action<Microsoft.Extensions.Logging.ILoggingBuilder>
7ffcf3a6bc08       1         64 System.Func<Microsoft.Extensions.Logging.LogLevel, System.Boolean>
7ffcf3a6ba90       1         64 System.Action<Microsoft.Extensions.Logging.LoggerFactoryOptions>
7ffcf3a514e0       1         64 System.Action<Microsoft.Extensions.Hosting.WebHostBuilderOptions>
7ffcf3ab7d68       1         64 System.Func<Microsoft.Extensions.Hosting.IHostBuilder, Microsoft.Extensions.Hosting.WebHostBuilderOptions, Microsoft.AspNetCore.Hosting.IWebHostBuilder>
7ffcf3ab6148       1         64 System.Action<Microsoft.Extensions.Configuration.IConfigurationBuilder>
7ffcf3ab9d70       1         64 System.Action<Microsoft.AspNetCore.Hosting.WebHostBuilderContext, Microsoft.Extensions.Configuration.IConfigurationBuilder>
7ffcf3ab9c80       1         64 System.Action<Microsoft.AspNetCore.Hosting.WebHostBuilderContext, Microsoft.AspNetCore.Server.Kestrel.Core.KestrelServerOptions>
7ffcf3abb2f0       1         64 System.Action<Microsoft.AspNetCore.Server.Kestrel.Transport.Quic.QuicTransportOptions>
7ffcf3abd9a8       1         64 System.Func<System.Net.Quic.MsQuicApi>
7ffcf3b0e1d0       1         64 System.Action<Microsoft.AspNetCore.Hosting.WebHostBuilderContext, Microsoft.AspNetCore.Builder.IApplicationBuilder>
7ffcf3bb2b40       1         64 Microsoft.AspNetCore.Hosting.HostingEnvironment
7ffcf3bb5b08       2         64 Microsoft.Extensions.Options.ConfigureNamedOptions<Microsoft.AspNetCore.Hosting.GenericWebHostServiceOptions>
7ffcf3bb5980       1         64 System.Func<System.IServiceProvider, System.Diagnostics.DiagnosticListener>
7ffcf3bb57a0       1         64 System.Func<System.IServiceProvider, System.Diagnostics.ActivitySource>
7ffcf3bb90d0       1         64 System.Action<Microsoft.AspNetCore.Server.Kestrel.Transport.Sockets.SocketTransportOptions, Microsoft.AspNetCore.Connections.IMemoryPoolFactory<System.Byte>>
7ffcf3bb9560       1         64 System.Func<System.IServiceProvider, Microsoft.Extensions.Options.IConfigureOptions<Microsoft.AspNetCore.Server.Kestrel.Transport.Sockets.SocketTransportOptions>>
7ffcf3bbb660       1         64 System.Func<System.IServiceProvider, Microsoft.AspNetCore.Server.Kestrel.Core.Internal.PinnedBlockMemoryPoolFactory>
7ffcf3bbb750       1         64 System.Func<System.IServiceProvider, Microsoft.AspNetCore.Connections.IMemoryPoolFactory<System.Byte>>
7ffcf3bbcc70       1         64 System.Action<Microsoft.AspNetCore.Server.Kestrel.Transport.NamedPipes.NamedPipeTransportOptions, Microsoft.AspNetCore.Connections.IMemoryPoolFactory<System.Byte>>
7ffcf3bbd100       1         64 System.Func<System.IServiceProvider, Microsoft.Extensions.Options.IConfigureOptions<Microsoft.AspNetCore.Server.Kestrel.Transport.NamedPipes.NamedPipeTransportOptions>>
7ffcf3bbdcc0       1         64 System.Action<Microsoft.AspNetCore.Server.Kestrel.Core.KestrelServerOptions>
7ffcf3bd9ce0       1         64 System.Func<System.IServiceProvider, Microsoft.Extensions.ObjectPool.ObjectPool<Microsoft.AspNetCore.Routing.UriBuildingContext>>
7ffcf3bd9b00       1         64 System.Func<System.IServiceProvider, Microsoft.AspNetCore.Routing.Tree.TreeRouteBuilder>
7ffcf3bd9920       1         64 System.Func<System.IServiceProvider, Microsoft.Extensions.DependencyInjection.ConfigureRouteOptions>
7ffcf3bd9a10       1         64 System.Func<System.IServiceProvider, Microsoft.AspNetCore.Routing.EndpointDataSource>
7ffcf3bd9bf0       1         64 System.Func<System.IServiceProvider, Microsoft.AspNetCore.Routing.Matching.EndpointMetadataComparer>
7ffcf3c2dd30       1         64 System.Func<System.Collections.Hashtable>
7ffcf3c50d20       1         64 System.Func<System.Collections.Generic.Dictionary<System.Object, System.ComponentModel.ReflectTypeDescriptionProvider+IntrinsicTypeConverterData>>
7ffcf3c54928       1         64 System.Func<Microsoft.AspNetCore.Mvc.ApplicationParts.ApplicationPartAttribute, System.Reflection.Assembly>
7ffcf3c54b08       1         64 System.Func<System.Reflection.Assembly, System.Collections.Generic.IEnumerable<System.Reflection.Assembly>>
7ffcf3c58c70       1         64 System.Func<System.Reflection.Assembly, System.Reflection.Assembly>
7ffcf3d382e8       1         64 System.Func<System.IServiceProvider, Microsoft.AspNetCore.Mvc.ModelBinding.Metadata.ICompositeMetadataDetailsProvider>
7ffcf3d381f8       1         64 System.Func<System.IServiceProvider, Microsoft.AspNetCore.Mvc.ModelBinding.Validation.IObjectModelValidator>
7ffcf3d50ea0       2         64 Microsoft.Extensions.Options.ConfigureNamedOptions<Microsoft.AspNetCore.Mvc.JsonOptions>
7ffcf3c21eb0       1         64 System.Action<Microsoft.AspNetCore.Cors.Infrastructure.CorsOptions>
7ffcf3d51720       1         64 System.Func<System.Type, System.Reflection.Assembly>
7ffcf3d52250       1         64 System.Func<System.IServiceProvider, AutoMapper.IConfigurationProvider>
7ffcf3e62348       1         64 System.Action<Swashbuckle.AspNetCore.SwaggerGen.SwaggerGenOptions>
7ffcf3e65348       2         64 Microsoft.Extensions.Options.ConfigureNamedOptions<Microsoft.AspNetCore.Mvc.MvcOptions>
7ffcf3e64590       1         64 System.Func<System.IServiceProvider, Swashbuckle.AspNetCore.SwaggerGen.SwaggerGeneratorOptions>
7ffcf3e64c18       1         64 System.Func<System.IServiceProvider, Swashbuckle.AspNetCore.SwaggerGen.SchemaGeneratorOptions>
7ffcf3e64e28       1         64 System.Func<System.IServiceProvider, Swashbuckle.AspNetCore.SwaggerGen.ISerializerDataContractResolver>
7ffcf3e66548       1         64 System.Action<Microsoft.EntityFrameworkCore.DbContextOptionsBuilder>
7ffcf3e6af20       1         64 System.Action<System.IServiceProvider, Microsoft.EntityFrameworkCore.DbContextOptionsBuilder>
7ffcf3bdc238       1         64 System.Action<Polly.ResiliencePipelineBuilder>
7ffcf3ee2a88       1         64 System.Action<Polly.ResiliencePipelineBuilder, Polly.DependencyInjection.AddResiliencePipelineContext<System.String>>
7ffcf3ee3e58       1         64 System.Action<Polly.DependencyInjection.ConfigureResiliencePipelineRegistryOptions<System.String>, System.IServiceProvider>
7ffcf3ee4320       1         64 System.Func<System.IServiceProvider, Microsoft.Extensions.Options.IConfigureOptions<Polly.DependencyInjection.ConfigureResiliencePipelineRegistryOptions<System.String>>>
7ffcf3ee78d8       1         64 System.Action<Polly.Telemetry.TelemetryOptions, System.IServiceProvider>
7ffcf3ee7f00       1         64 System.Func<System.IServiceProvider, Microsoft.Extensions.Options.IConfigureOptions<Polly.Telemetry.TelemetryOptions>>
7ffcf3ee7b90       1         64 System.Func<System.IServiceProvider, Polly.ResiliencePipelineBuilder>
7ffcf3ee8380       1         64 System.Func<System.IServiceProvider, Polly.Registry.ResiliencePipelineRegistry<System.String>>
7ffcf3ee8618       1         64 System.Func<System.IServiceProvider, Polly.Registry.ResiliencePipelineProvider<System.String>>
7ffcf3ee8b40       1         64 System.Action<Polly.Registry.ResiliencePipelineRegistryOptions<System.String>, System.IServiceProvider>
7ffcf3ee8de8       1         64 System.Func<System.IServiceProvider, Microsoft.Extensions.Options.IConfigureOptions<Polly.Registry.ResiliencePipelineRegistryOptions<System.String>>>
7ffcf3eea240       1         64 System.Action<Order.API.OrderSetting>
7ffcf3eeaa88       1         64 System.Action<EventBus.SprintEventBusSetting>
7ffcf3eeb2b0       1         64 System.Action<HttpExtension.SprintHttpCommonSetting>
7ffcf3eebad8       1         64 System.Action<EventBus.Kafka.EventBusKafkaSetting>
7ffcf3eec300       1         64 System.Action<Utility.Package.Models.Jwt>
7ffcf3eeeb38       1         64 System.Func<System.IServiceProvider, System.Net.Http.IHttpClientFactory>
7ffcf3eeec28       1         64 System.Func<System.IServiceProvider, System.Net.Http.IHttpMessageHandlerFactory>
7ffcf3eeed18       1         64 System.Func<System.IServiceProvider, System.Net.Http.HttpClient>
7ffcf3f024a8       1         64 System.Func<System.IServiceProvider, HttpFactory.Implementations.HttpClientService>
7ffcf3f100b8       1         64 System.Func<System.IServiceProvider, Microsoft.AspNetCore.DataProtection.IDataProtectionProvider>
7ffcf3f13600       1         64 System.Func<System.IServiceProvider, Microsoft.Extensions.ObjectPool.ObjectPool<Microsoft.AspNetCore.Antiforgery.AntiforgerySerializationContext>>
7ffcf3f14fb0       1         64 System.Func<System.Text.Encodings.Web.HtmlEncoder>
7ffcf3f155d8       1         64 System.Func<System.Text.Encodings.Web.TextEncoderSettings, System.Text.Encodings.Web.HtmlEncoder>
7ffcf3f15ea0       1         64 System.Func<System.IServiceProvider, System.Text.Encodings.Web.HtmlEncoder>
7ffcf3f15090       1         64 System.Func<System.Text.Encodings.Web.JavaScriptEncoder>
7ffcf3f156c8       1         64 System.Func<System.Text.Encodings.Web.TextEncoderSettings, System.Text.Encodings.Web.JavaScriptEncoder>
7ffcf3f160f0       1         64 System.Func<System.IServiceProvider, System.Text.Encodings.Web.JavaScriptEncoder>
7ffcf3f158a8       1         64 System.Func<System.Text.Encodings.Web.UrlEncoder>
7ffcf3f157b8       1         64 System.Func<System.Text.Encodings.Web.TextEncoderSettings, System.Text.Encodings.Web.UrlEncoder>
7ffcf3f16330       1         64 System.Func<System.IServiceProvider, System.Text.Encodings.Web.UrlEncoder>
7ffcf3f0c4e0       1         64 System.Func<System.IServiceProvider, Microsoft.AspNetCore.Mvc.ViewFeatures.IModelExpressionProvider>
7ffcf3f1fef8       1         64 System.Func<System.IServiceProvider, Microsoft.AspNetCore.Components.Endpoints.ServerComponentSerializer>
7ffcf3f1fe08       1         64 System.Func<System.IServiceProvider, Microsoft.AspNetCore.Components.Endpoints.IComponentPrerenderer>
7ffcf3f1fc28       1         64 System.Func<System.IServiceProvider, Microsoft.AspNetCore.Components.PersistentComponentState>
7ffcf3f1fd18       1         64 System.Func<System.IServiceProvider, Microsoft.AspNetCore.Components.Routing.IRoutingStateProvider>
7ffcf3f60118       1         64 System.Func<System.IServiceProvider, Microsoft.AspNetCore.Http.HttpContext>
7ffcf3f61d18       1         64 System.Func<System.IServiceProvider, Microsoft.AspNetCore.Components.CascadingValueSource<Microsoft.AspNetCore.Http.HttpContext>>
7ffcf3f63698       1         64 System.Func<System.IServiceProvider, Microsoft.AspNetCore.Components.Forms.Mapping.SupplyParameterFromFormValueProvider>
7ffcf3f60028       1         64 System.Func<System.IServiceProvider, Microsoft.AspNetCore.Components.Endpoints.Forms.EndpointAntiforgeryStateProvider>
7ffcf3f80818       1         64 System.Func<System.IServiceProvider, Microsoft.AspNetCore.Mvc.RazorPages.Infrastructure.IPageLoader>
7ffcf3f81860       1         64 System.Func<System.IServiceProvider, EventBus.Kafka.DefaultKafkaPersistentConnection>
7ffcf3f81a78       1         64 System.Func<System.IServiceProvider, EventBus.Kafka.EventBusKafkaSetting>
7ffcf3f823e8       2         64 System.Collections.Generic.List<EventBus.RabbitMQ.RabbitMQQueueSetting>
7ffcf3c20e80       1         64 System.Func<System.IServiceProvider, EventBus.RabbitMQ.IRabbitMQPersistentConnection>
7ffcf3f832a8       1         64 System.Func<System.IServiceProvider, EventBus.RabbitMQ.EventBusRabbitMQMultiWorker>
7ffcf4037f28       1         64 System.Func<System.Type, <>f__AnonymousType0<System.Type, System.Type[]>>
7ffcf4038ba8       1         64 System.Func<<>f__AnonymousType1<<>f__AnonymousType0<System.Type, System.Type[]>, System.Collections.Generic.IEnumerable<System.Type>>, <>f__AnonymousType2<<>f__AnonymousType1<<>f__AnonymousType0<System.Type, System.Type[]>, System.Collections.Generic.IEnumerable<System.Type>>, System.Type>>
7ffcf4038d50       1         64 System.Func<<>f__AnonymousType2<<>f__AnonymousType1<<>f__AnonymousType0<System.Type, System.Type[]>, System.Collections.Generic.IEnumerable<System.Type>>, System.Type>, System.Boolean>
7ffcf4038ef0       1         64 System.Func<<>f__AnonymousType2<<>f__AnonymousType1<<>f__AnonymousType0<System.Type, System.Type[]>, System.Collections.Generic.IEnumerable<System.Type>>, System.Type>, FluentValidation.AssemblyScanner+AssemblyScanResult>
7ffcf3f877a0       1         64 System.Action<Microsoft.Extensions.DependencyInjection.MediatRServiceConfiguration>
7ffcf41f2180       1         64 System.Action<Microsoft.Extensions.Hosting.HostBuilderContext, Autofac.ContainerBuilder>
7ffcf3b0f148       1         64 System.Action<Microsoft.Extensions.Hosting.HostBuilderContext, System.Object>
7ffcf3609c60       1         64 System.Action<Microsoft.Extensions.Hosting.HostBuilderContext, System.IServiceProvider, Serilog.LoggerConfiguration>
7ffcf3896ec8       1         64 System.Action<System.IServiceProvider, Serilog.LoggerConfiguration>
7ffcf41f3148       1         64 System.Func<System.IServiceProvider, Serilog.SerilogServiceCollectionExtensions+RegisteredLogger>
7ffcf41f3400       1         64 System.Func<System.IServiceProvider, Serilog.ILogger>
7ffcf41f3838       1         64 System.Func<System.IServiceProvider, Serilog.Extensions.Hosting.DiagnosticContext>
7ffcf41f39b0       1         64 System.Func<System.IServiceProvider, Serilog.IDiagnosticContext>
7ffcf41f7920       1         64 System.Func<Autofac.Core.Service, System.Collections.Generic.IEnumerable<Autofac.Core.ServiceRegistration>>
7ffcf41fbd80       1         64 System.Func<System.String, Autofac.Util.Cache.ReflectionCacheAssemblyDictionary<System.Reflection.Assembly, System.Collections.Generic.IEnumerable<System.Type>>>
7ffcf4217bf0       1         64 System.Func<System.String, System.Func<System.String, Autofac.Util.Cache.ReflectionCacheAssemblyDictionary<System.Reflection.Assembly, System.Collections.Generic.IEnumerable<System.Type>>>, Autofac.Core.IReflectionCache>
7ffcf4219048       1         64 System.Func<System.String, Autofac.Util.Cache.ReflectionCacheDictionary<System.Type, System.Boolean>>
7ffcf4219208       1         64 System.Func<System.String, System.Func<System.String, Autofac.Util.Cache.ReflectionCacheDictionary<System.Type, System.Boolean>>, Autofac.Core.IReflectionCache>
7ffcf4219c00       1         64 System.Func<System.String, Autofac.Util.Cache.ReflectionCacheTupleDictionary<System.Type, System.Boolean>>
7ffcf4219da0       1         64 System.Func<System.String, System.Func<System.String, Autofac.Util.Cache.ReflectionCacheTupleDictionary<System.Type, System.Boolean>>, Autofac.Core.IReflectionCache>
7ffcf421ad68       1         64 System.Func<System.String, Autofac.Util.Cache.ReflectionCacheDictionary<System.Reflection.ConstructorInfo, System.Func<System.Object[], System.Object>>>
7ffcf421af08       1         64 System.Func<System.String, System.Func<System.String, Autofac.Util.Cache.ReflectionCacheDictionary<System.Reflection.ConstructorInfo, System.Func<System.Object[], System.Object>>>, Autofac.Core.IReflectionCache>
7ffcf421b940       1         64 System.Func<System.String, Autofac.Util.Cache.ReflectionCacheDictionary<System.Reflection.PropertyInfo, System.Action<System.Object, System.Object>>>
7ffcf421bae0       1         64 System.Func<System.String, System.Func<System.String, Autofac.Util.Cache.ReflectionCacheDictionary<System.Reflection.PropertyInfo, System.Action<System.Object, System.Object>>>, Autofac.Core.IReflectionCache>
7ffcf421c508       1         64 System.Func<System.String, Autofac.Util.Cache.ReflectionCacheDictionary<System.Type, System.Collections.Generic.IReadOnlyList<System.Reflection.PropertyInfo>>>
7ffcf421c6a8       1         64 System.Func<System.String, System.Func<System.String, Autofac.Util.Cache.ReflectionCacheDictionary<System.Type, System.Collections.Generic.IReadOnlyList<System.Reflection.PropertyInfo>>>, Autofac.Core.IReflectionCache>
7ffcf421ce20       1         64 System.Func<System.String, Autofac.Util.Cache.ReflectionCacheDictionary<System.Type, System.Reflection.ConstructorInfo[]>>
7ffcf421cfc0       1         64 System.Func<System.String, System.Func<System.String, Autofac.Util.Cache.ReflectionCacheDictionary<System.Type, System.Reflection.ConstructorInfo[]>>, Autofac.Core.IReflectionCache>
7ffcf421d788       1         64 System.Func<System.String, Autofac.Util.Cache.ReflectionCacheDictionary<System.Type, System.Type>>
7ffcf421d928       1         64 System.Func<System.String, System.Func<System.String, Autofac.Util.Cache.ReflectionCacheDictionary<System.Type, System.Type>>, Autofac.Core.IReflectionCache>
7ffcf421e208       1         64 System.EventHandler<Autofac.Core.IComponentRegistration>
7ffcf421e2e8       1         64 System.EventHandler<Autofac.Core.IRegistrationSource>
7ffcf4233b90       1         64 System.Func<Autofac.Core.Service, System.Boolean>
7ffcf4237408       1         64 System.Func<Autofac.Core.Service, Autofac.Core.Registration.ServiceRegistrationInfo>
7ffcf427c330       1         64 System.Func<System.Reflection.ParameterInfo, Autofac.IComponentContext, System.Boolean>
7ffcf427c428       1         64 System.Func<System.Reflection.ParameterInfo, Autofac.IComponentContext, System.Object>
7ffcf4290028       1         64 System.Func<System.Reflection.ConstructorInfo, System.Func<System.Object[], System.Object>>
7ffcf631c898       1         64 System.Func<System.Int32, System.Func<System.Linq.Expressions.Expression, System.Linq.Expressions.Expression>>
7ffcf4418c30       1         64 System.Func<System.ValueTuple<System.Type, System.Type>, System.Boolean>
7ffcf441e988       1         64 System.Func<System.String, Autofac.Util.Cache.ReflectionCacheDictionary<System.Type, System.ValueTuple<System.Type, System.Type, System.Func<System.Int32, System.Collections.IList>>>>
7ffcf441eb28       1         64 System.Func<System.String, System.Func<System.String, Autofac.Util.Cache.ReflectionCacheDictionary<System.Type, System.ValueTuple<System.Type, System.Type, System.Func<System.Int32, System.Collections.IList>>>>, Autofac.Core.IReflectionCache>
7ffcf441e670       1         64 System.Func<System.Type, System.ValueTuple<System.Type, System.Type, System.Func<System.Int32, System.Collections.IList>>>
7ffcf4441968       1         64 System.Func<System.Type, System.Type, System.Collections.Generic.KeyValuePair<System.Type, System.Type>>
7ffcf4443268       1         64 System.Func<System.Collections.Generic.KeyValuePair<System.Type, System.Type>, System.Type>
7ffcf44152c8       1         64 System.Func<<>f__AnonymousType0<Autofac.Core.IServiceWithType, System.Type>, Autofac.Core.Service>
7ffcf38977f0       1         64 Serilog.Extensions.Logging.SerilogLoggerProvider
7ffcf4447f18       1         64 System.Func<Serilog.Extensions.Logging.SerilogLoggerProvider+ScopeCollector>
7ffcf3489ca8       2         64 System.Collections.Generic.List<System.Int32>
7ffcf4475dc0       1         64 System.Func<Autofac.Core.ServiceRegistration, System.Int64>
7ffcf4483488       1         64 System.Func<Autofac.Core.ServiceRegistration, Autofac.Core.ServiceRegistration>
7ffcf4487258       1         64 System.Func<System.Net.EndPoint, System.Net.Sockets.Socket>
7ffcf4489698       1         64 System.Func<Microsoft.AspNetCore.Server.Kestrel.Transport.NamedPipes.CreateNamedPipeServerStreamContext, System.IO.Pipes.NamedPipeServerStream>
7ffcf3bba868       1         64 Microsoft.AspNetCore.Server.Kestrel.Core.HttpsConfigurationService
7ffcf44a2400       1         64 System.Func<System.String, System.Text.Encoding>
7ffcf44a2da8       2         64 Microsoft.AspNetCore.Server.Kestrel.Core.MinDataRate
7ffcf44a1d80       1         64 System.Action<Microsoft.AspNetCore.Server.Kestrel.Core.ListenOptions>
7ffcf44a14c0       1         64 System.Action<Microsoft.AspNetCore.Server.Kestrel.Https.HttpsConnectionAdapterOptions>
7ffcf44a3af8       1         64 System.Func<System.String, Microsoft.Extensions.FileProviders.IFileProvider>
7ffcf44a6a40       1         64 System.Action<Microsoft.AspNetCore.Server.Kestrel.Core.Internal.Infrastructure.KestrelConnection>
7ffcf44aa020       2         64 System.Collections.Generic.List<System.Func<Microsoft.AspNetCore.Http.RequestDelegate, Microsoft.AspNetCore.Http.RequestDelegate>>
7ffcf44c17f8       1         64 System.Func<System.String, System.Func<Swashbuckle.AspNetCore.Swagger.SwaggerOptions>, System.Lazy<Swashbuckle.AspNetCore.Swagger.SwaggerOptions>>
7ffcf44c2848       2         64 System.Collections.Generic.List<System.Action<Microsoft.OpenApi.Models.OpenApiDocument, Microsoft.AspNetCore.Http.HttpRequest>>
7ffcf44c7950       1         64 System.Func<System.String, System.Func<Swashbuckle.AspNetCore.SwaggerUI.SwaggerUIOptions>, System.Lazy<Swashbuckle.AspNetCore.SwaggerUI.SwaggerUIOptions>>
7ffcf44c7e20       1         64 System.Func<System.IO.Stream>
7ffcf44cfd28       1         64 System.Action<Microsoft.AspNetCore.Routing.IRouteBuilder>
7ffcf44d17f0       1         64 Microsoft.Extensions.Options.IConfigureOptions<Microsoft.AspNetCore.Mvc.MvcOptions>[]
7ffcf44dad40       1         64 System.Func<System.String, System.String, System.String>
7ffcf44dd8a8       1         64 Microsoft.AspNetCore.Mvc.Formatters.SystemTextJsonInputFormatter
7ffcf4582138       2         64 Microsoft.Net.Http.Headers.GenericHeaderParser<Microsoft.Net.Http.Headers.MediaTypeHeaderValue>
7ffcf458eac8       1         64 System.Func<Microsoft.AspNetCore.Mvc.ModelBinding.Validation.IModelValidatorProvider, System.Boolean>
7ffcf3c5b360       1         64 Microsoft.AspNetCore.Mvc.ModelBinding.Metadata.DefaultModelMetadataProvider
7ffcf4347678       1         64 System.Func<Microsoft.AspNetCore.Mvc.ModelBinding.Metadata.ModelMetadataIdentity, Microsoft.AspNetCore.Mvc.ModelBinding.Metadata.DefaultModelMetadataProvider+ModelMetadataCacheEntry>
7ffcf434f8c8       1         64 System.Action<Microsoft.Extensions.Logging.ILogger, Microsoft.AspNetCore.Mvc.ModelBinding.IModelBinderProvider[], System.Exception>
7ffcf45c67a8       1         64 System.Func<Microsoft.Extensions.Logging.LoggerMessage+LogValues<Microsoft.AspNetCore.Mvc.ModelBinding.IModelBinderProvider[]>, System.Exception, System.String>
7ffcf4846ac8       2         64 System.Net.Sockets.Socket+CachedSerializedEndPoint
7ffcf48491f0       1         64 System.Func<System.IntPtr, System.Net.Sockets.ConnectExDelegate>
7ffcf4352c50       1         64 System.Func<System.Type, Microsoft.Extensions.DependencyInjection.ObjectFactory>
7ffcf3c5dde8       1         64 Microsoft.AspNetCore.Mvc.Infrastructure.ControllerActionInvokerCache
7ffcf4344948       1         64 System.Func<Microsoft.AspNetCore.Mvc.Filters.IFilterProvider, System.Int32>
7ffcf4344ab8       2         64 Microsoft.AspNetCore.Mvc.Filters.IFilterProvider[]
7ffcf3f6f510       1         64 Microsoft.AspNetCore.Mvc.ApplicationModels.DefaultPageApplicationModelProvider
7ffcf62a5028       1         64 System.Action<Microsoft.EntityFrameworkCore.Metadata.Conventions.RuntimeModelConvention, System.Collections.Generic.Dictionary<System.String, System.Object>, Microsoft.EntityFrameworkCore.Metadata.IIndex, Microsoft.EntityFrameworkCore.Metadata.RuntimeIndex, System.Boolean>
7ffcf45dd728       1         64 System.Func<Microsoft.Extensions.Logging.LoggerMessage+LogValues, System.Exception, System.String>
7ffcf4602a58       1         64 System.Action<Microsoft.AspNetCore.Mvc.RazorPages.PageContext, Microsoft.AspNetCore.Mvc.Rendering.ViewContext, System.Object>
7ffcf4606808       1         64 System.Action<Microsoft.AspNetCore.Mvc.RazorPages.PageContext, System.Object>
7ffcf437aae0       1         64 System.Func<Microsoft.Win32.RegistryKey>
7ffcf437de98       1         64 System.Func<System.DateTimeOffset>
7ffcf4654310       1         64 System.Action<Microsoft.Extensions.Logging.ILogger, System.Xml.Linq.XName, System.Exception>
7ffcf4654640       1         64 System.Action<Microsoft.Extensions.Logging.ILogger, System.DateTimeOffset, System.Exception>
7ffcf4654ea0       1         64 System.Action<Microsoft.Extensions.Logging.ILogger, System.DateTimeOffset, System.String, System.Exception>
7ffcf4655940       1         64 System.Action<Microsoft.Extensions.Logging.ILogger, System.Guid, System.DateTimeOffset, System.String, System.Exception>
7ffcf5857ea0       1         64 System.Action<AutoMapper.IMemberConfigurationExpression<Order.Business.Mediator.Commands.OrderFront.CreateOrderFrontManualViewModel, Order.Infrastructure.Entities.SubOrderModels.SubOrderModel, System.Collections.Generic.ICollection<Order.Infrastructure.Entities.SubOrderModels.SubOrderFeeModel>>>
7ffcf585acb8       1         64 System.Action<AutoMapper.IMemberConfigurationExpression<Order.Business.Mediator.Commands.OrderFront.CreateOrderItemFrontManualViewModel, Order.Infrastructure.Entities.SubOrderModels.SubOrderItemModel, System.DateTime>>
7ffcf585b0d0       1         64 System.Action<AutoMapper.IMemberConfigurationExpression<Order.Business.Mediator.Commands.OrderFront.CreateOrderItemFrontManualViewModel, Order.Infrastructure.Entities.SubOrderModels.SubOrderItemModel, Order.Infrastructure.Entities.SubOrderModels.SubOrderItemFulFillmentModel>>
7ffcf585b4e8       1         64 System.Action<AutoMapper.IMemberConfigurationExpression<Order.Business.Mediator.Commands.OrderFront.CreateOrderItemFrontManualViewModel, Order.Infrastructure.Entities.SubOrderModels.SubOrderItemModel, Order.Infrastructure.Entities.SubOrderModels.SubOrderItemPromotionModel>>
7ffcf585b900       1         64 System.Action<AutoMapper.IMemberConfigurationExpression<Order.Business.Mediator.Commands.OrderFront.CreateOrderItemFrontManualViewModel, Order.Infrastructure.Entities.SubOrderModels.SubOrderItemModel, Order.Infrastructure.Entities.SubOrderModels.SubOrderItemAmountModel>>
7ffcf62c9cf0       1         64 System.Func<Microsoft.EntityFrameworkCore.Infrastructure.Annotation, System.String>
7ffcf62ce0d8       1         64 System.Func<Microsoft.EntityFrameworkCore.Infrastructure.Annotation, Microsoft.EntityFrameworkCore.Infrastructure.Annotation>
7ffcf585bda8       1         64 System.Action<AutoMapper.IMemberConfigurationExpression<Order.Business.Mediator.Commands.OrderFront.CreateOrderItemFrontManualViewModel, Order.Infrastructure.Entities.SubOrderModels.SubOrderItemModel, System.Collections.Generic.ICollection<Order.Infrastructure.Entities.SubOrderModels.SubOrderItemPayModel>>>
7ffcf585c250       1         64 System.Action<AutoMapper.IMemberConfigurationExpression<Order.Business.Mediator.Commands.OrderFront.CreateOrderItemFrontManualViewModel, Order.Infrastructure.Entities.SubOrderModels.SubOrderItemModel, System.Collections.Generic.ICollection<Order.Infrastructure.Entities.SubOrderModels.SubOrderItemRemarkModel>>>
7ffcf585c4f0       1         64 System.Action<AutoMapper.IMemberConfigurationExpression<Order.Business.Mediator.Commands.OrderFront.CreateOrderItemFrontManualViewModel, Order.Infrastructure.Entities.SubOrderModels.SubOrderItemModel, System.Collections.Generic.ICollection<Order.Infrastructure.Entities.SubOrderModels.SubOrderItemBarcodeModel>>>
7ffcf58b00b0       1         64 System.Action<AutoMapper.IMemberConfigurationExpression<Order.Business.Mediator.Commands.OrderFront.CreateOrderFrontViewModel, Order.Infrastructure.Entities.OrderModels.OrderModel, System.Int32>>
7ffcf58b0b00       1         64 System.Action<AutoMapper.IMemberConfigurationExpression<Order.Business.Mediator.Commands.OrderFront.CreateOrderFrontViewModel, Order.Infrastructure.Entities.OrderModels.OrderModel, System.Collections.Generic.ICollection<Order.Infrastructure.Entities.OrderModels.OrderItemModel>>>
7ffcf58b0da0       1         64 System.Action<AutoMapper.IMemberConfigurationExpression<Order.Business.Mediator.Commands.OrderFront.CreateOrderFrontViewModel, Order.Infrastructure.Entities.OrderModels.OrderModel, System.Collections.Generic.ICollection<Order.Infrastructure.Entities.OrderModels.OrderFeeModel>>>
7ffcf58b1b80       1         64 System.Action<AutoMapper.IMemberConfigurationExpression<Order.Business.Mediator.Commands.OrderFront.CreateOrderPaymentFrontViewModel, Order.Infrastructure.Entities.OrderModels.OrderPaymentModel, System.DateTime>>
7ffcf58b1e20       1         64 System.Action<AutoMapper.IMemberConfigurationExpression<Order.Business.Mediator.Commands.OrderFront.CreateOrderPaymentFrontViewModel, Order.Infrastructure.Entities.OrderModels.OrderPaymentModel, System.Collections.Generic.ICollection<Order.Infrastructure.Entities.OrderModels.OrderPaymentTransactionModel>>>
7ffcf58b2ba0       1         64 System.Action<AutoMapper.IMemberConfigurationExpression<Order.Business.Mediator.Commands.OrderFront.CreateOrderItemFrontViewModel, Order.Infrastructure.Entities.OrderModels.OrderItemModel, System.DateTime>>
7ffcf58b2e40       1         64 System.Action<AutoMapper.IMemberConfigurationExpression<Order.Business.Mediator.Commands.OrderFront.CreateOrderItemFrontViewModel, Order.Infrastructure.Entities.OrderModels.OrderItemModel, Order.Infrastructure.Entities.OrderModels.OrderItemFulFillmentModel>>
7ffcf58b30e0       1         64 System.Action<AutoMapper.IMemberConfigurationExpression<Order.Business.Mediator.Commands.OrderFront.CreateOrderItemFrontViewModel, Order.Infrastructure.Entities.OrderModels.OrderItemModel, Order.Infrastructure.Entities.OrderModels.OrderItemPromotionModel>>
7ffcf58b3380       1         64 System.Action<AutoMapper.IMemberConfigurationExpression<Order.Business.Mediator.Commands.OrderFront.CreateOrderItemFrontViewModel, Order.Infrastructure.Entities.OrderModels.OrderItemModel, Order.Infrastructure.Entities.OrderModels.OrderItemAmountModel>>
7ffcf58b3620       1         64 System.Action<AutoMapper.IMemberConfigurationExpression<Order.Business.Mediator.Commands.OrderFront.CreateOrderItemFrontViewModel, Order.Infrastructure.Entities.OrderModels.OrderItemModel, System.Collections.Generic.ICollection<Order.Infrastructure.Entities.OrderModels.OrderItemPaymentModel>>>
7ffcf58b38c0       1         64 System.Action<AutoMapper.IMemberConfigurationExpression<Order.Business.Mediator.Commands.OrderFront.CreateOrderItemFrontViewModel, Order.Infrastructure.Entities.OrderModels.OrderItemModel, System.Collections.Generic.ICollection<Order.Infrastructure.Entities.OrderModels.OrderItemRemarkModel>>>
7ffcf58b3b60       1         64 System.Action<AutoMapper.IMemberConfigurationExpression<Order.Business.Mediator.Commands.OrderFront.CreateOrderItemFrontViewModel, Order.Infrastructure.Entities.OrderModels.OrderItemModel, System.Collections.Generic.ICollection<Order.Infrastructure.Entities.OrderModels.OrderItemBarcodeModel>>>
7ffcf58b3e90       1         64 System.Action<AutoMapper.IMemberConfigurationExpression<Order.Business.Mediator.Commands.OrderFront.CreateOrderFrontViewModel, Order.Infrastructure.Entities.SubOrderModels.SubOrderModel, System.Int32>>
7ffcf58b48e0       1         64 System.Action<AutoMapper.IMemberConfigurationExpression<Order.Business.Mediator.Commands.OrderFront.CreateOrderFrontViewModel, Order.Infrastructure.Entities.SubOrderModels.SubOrderModel, System.Collections.Generic.ICollection<Order.Infrastructure.Entities.SubOrderModels.SubOrderItemModel>>>
7ffcf58b4b80       1         64 System.Action<AutoMapper.IMemberConfigurationExpression<Order.Business.Mediator.Commands.OrderFront.CreateOrderFrontViewModel, Order.Infrastructure.Entities.SubOrderModels.SubOrderModel, System.Collections.Generic.ICollection<Order.Infrastructure.Entities.SubOrderModels.SubOrderFeeModel>>>
7ffcf58b5ea0       1         64 System.Action<AutoMapper.IMemberConfigurationExpression<Order.Business.Mediator.Commands.OrderFront.CreateOrderItemFrontViewModel, Order.Infrastructure.Entities.SubOrderModels.SubOrderItemModel, System.DateTime>>
7ffcf58b6140       1         64 System.Action<AutoMapper.IMemberConfigurationExpression<Order.Business.Mediator.Commands.OrderFront.CreateOrderItemFrontViewModel, Order.Infrastructure.Entities.SubOrderModels.SubOrderItemModel, Order.Infrastructure.Entities.SubOrderModels.SubOrderItemFulFillmentModel>>
7ffcf58b63e0       1         64 System.Action<AutoMapper.IMemberConfigurationExpression<Order.Business.Mediator.Commands.OrderFront.CreateOrderItemFrontViewModel, Order.Infrastructure.Entities.SubOrderModels.SubOrderItemModel, Order.Infrastructure.Entities.SubOrderModels.SubOrderItemPromotionModel>>
7ffcf58b6680       1         64 System.Action<AutoMapper.IMemberConfigurationExpression<Order.Business.Mediator.Commands.OrderFront.CreateOrderItemFrontViewModel, Order.Infrastructure.Entities.SubOrderModels.SubOrderItemModel, Order.Infrastructure.Entities.SubOrderModels.SubOrderItemAmountModel>>
7ffcf58b6920       1         64 System.Action<AutoMapper.IMemberConfigurationExpression<Order.Business.Mediator.Commands.OrderFront.CreateOrderItemFrontViewModel, Order.Infrastructure.Entities.SubOrderModels.SubOrderItemModel, System.Collections.Generic.ICollection<Order.Infrastructure.Entities.SubOrderModels.SubOrderItemPayModel>>>
7ffcf58b6bc0       1         64 System.Action<AutoMapper.IMemberConfigurationExpression<Order.Business.Mediator.Commands.OrderFront.CreateOrderItemFrontViewModel, Order.Infrastructure.Entities.SubOrderModels.SubOrderItemModel, System.Collections.Generic.ICollection<Order.Infrastructure.Entities.SubOrderModels.SubOrderItemRemarkModel>>>
7ffcf58b6e60       1         64 System.Action<AutoMapper.IMemberConfigurationExpression<Order.Business.Mediator.Commands.OrderFront.CreateOrderItemFrontViewModel, Order.Infrastructure.Entities.SubOrderModels.SubOrderItemModel, System.Collections.Generic.ICollection<Order.Infrastructure.Entities.SubOrderModels.SubOrderItemBarcodeModel>>>
7ffcf58e4e78       1         64 System.Action<AutoMapper.IMemberConfigurationExpression<Order.Business.Mediator.Commands.OrderFront.UpdateOrderFrontViewModel, Order.Infrastructure.Entities.OrderModels.OrderModel, System.DateTime>>
7ffcf58e5320       1         64 System.Action<AutoMapper.IMemberConfigurationExpression<Order.Business.Mediator.Commands.OrderFront.UpdateOrderFrontViewModel, Order.Infrastructure.Entities.OrderModels.OrderModel, System.Collections.Generic.ICollection<Order.Infrastructure.Entities.OrderModels.OrderAddressModel>>>
7ffcf58e55c0       1         64 System.Action<AutoMapper.IMemberConfigurationExpression<Order.Business.Mediator.Commands.OrderFront.UpdateOrderFrontViewModel, Order.Infrastructure.Entities.OrderModels.OrderModel, System.Collections.Generic.ICollection<Order.Infrastructure.Entities.OrderModels.OrderItemModel>>>
7ffcf58e5a68       1         64 System.Action<AutoMapper.IMemberConfigurationExpression<Order.Business.Mediator.Commands.OrderFront.UpdateOrderFrontViewModel, Order.Infrastructure.Entities.OrderModels.OrderModel, System.Collections.Generic.ICollection<Order.Infrastructure.Entities.OrderModels.OrderPaymentModel>>>
7ffcf58e6338       1         64 System.Action<AutoMapper.IMemberConfigurationExpression<Order.Business.Mediator.Commands.OrderFront.UpdateOrderItemFront, Order.Infrastructure.Entities.OrderModels.OrderItemModel, System.Int32>>
7ffcf58e6ae8       1         64 System.Action<AutoMapper.IMemberConfigurationExpression<Order.Business.Mediator.Commands.OrderFront.UpdateOrderItemFront, Order.Infrastructure.Entities.OrderModels.OrderItemModel, System.String>>
7ffcf58e6d88       1         64 System.Action<AutoMapper.IMemberConfigurationExpression<Order.Business.Mediator.Commands.OrderFront.UpdateOrderItemFront, Order.Infrastructure.Entities.OrderModels.OrderItemModel, Order.Infrastructure.Entities.OrderModels.OrderItemAmountModel>>
7ffcf58e7028       1         64 System.Action<AutoMapper.IMemberConfigurationExpression<Order.Business.Mediator.Commands.OrderFront.UpdateOrderItemFront, Order.Infrastructure.Entities.OrderModels.OrderItemModel, Order.Infrastructure.Entities.OrderModels.OrderItemPromotionModel>>
7ffcf58e8718       1         64 System.Action<AutoMapper.IMemberConfigurationExpression<Order.Business.Mediator.Commands.OrderFront.UpdateOrderFrontViewModel, Order.Business.Mediator.Commands.OrderFront.UpdateSubOrderFrontViewModel, System.Nullable<System.DateTime>>>
7ffcf58e90c0       1         64 System.Action<AutoMapper.IMemberConfigurationExpression<Order.Business.Mediator.Commands.OrderFront.UpdateOrderFrontViewModel, Order.Business.Mediator.Commands.OrderFront.UpdateSubOrderFrontViewModel, System.Collections.Generic.List<Order.Business.Mediator.Commands.OrderFront.SubOrderAddressViewModel>>>
7ffcf58e9a68       1         64 System.Action<AutoMapper.IMemberConfigurationExpression<Order.Business.Mediator.Commands.OrderFront.UpdateOrderFrontViewModel, Order.Business.Mediator.Commands.OrderFront.UpdateSubOrderFrontViewModel, System.Collections.Generic.List<Order.Business.Mediator.Commands.OrderFront.UpdateSubOrderItemFront>>>
7ffcf58ea628       1         64 System.Action<AutoMapper.IMemberConfigurationExpression<Order.Business.Mediator.Commands.OrderFront.UpdateOrderItemFront, Order.Business.Mediator.Commands.OrderFront.UpdateSubOrderItemFront, System.Int32>>
7ffcf58eacb0       1         64 System.Action<AutoMapper.IMemberConfigurationExpression<Order.Business.Mediator.Commands.OrderFront.UpdateOrderItemFront, Order.Business.Mediator.Commands.OrderFront.UpdateSubOrderItemFront, System.Nullable<System.Decimal>>>
7ffcf58eb0c8       1         64 System.Action<AutoMapper.IMemberConfigurationExpression<Order.Business.Mediator.Commands.OrderFront.UpdateOrderItemFront, Order.Business.Mediator.Commands.OrderFront.UpdateSubOrderItemFront, System.String>>
7ffcf58eb4e0       1         64 System.Action<AutoMapper.IMemberConfigurationExpression<Order.Business.Mediator.Commands.OrderFront.UpdateOrderItemFront, Order.Business.Mediator.Commands.OrderFront.UpdateSubOrderItemFront, System.Decimal>>
7ffcf58eb8f8       1         64 System.Action<AutoMapper.IMemberConfigurationExpression<Order.Business.Mediator.Commands.OrderFront.UpdateOrderItemFront, Order.Business.Mediator.Commands.OrderFront.UpdateSubOrderItemFront, Order.Business.Mediator.Commands.OrderFront.UpdateSubOrderItemAmountViewModel>>
7ffcf58ebd10       1         64 System.Action<AutoMapper.IMemberConfigurationExpression<Order.Business.Mediator.Commands.OrderFront.UpdateOrderItemFront, Order.Business.Mediator.Commands.OrderFront.UpdateSubOrderItemFront, Order.Business.Mediator.Commands.OrderFront.UpdateSubOrderItemPromotionOtherViewModel>>
7ffcf58fea30       1         64 System.Action<AutoMapper.IMemberConfigurationExpression<Order.Business.Mediator.Commands.OrderFront.UpdateSubOrderFrontViewModel, Order.Infrastructure.Entities.SubOrderModels.SubOrderModel, System.DateTime>>
7ffcf58feed8       1         64 System.Action<AutoMapper.IMemberConfigurationExpression<Order.Business.Mediator.Commands.OrderFront.UpdateSubOrderFrontViewModel, Order.Infrastructure.Entities.SubOrderModels.SubOrderModel, System.Collections.Generic.ICollection<Order.Infrastructure.Entities.SubOrderModels.SubOrderAddressModel>>>
7ffcf58ff178       1         64 System.Action<AutoMapper.IMemberConfigurationExpression<Order.Business.Mediator.Commands.OrderFront.UpdateSubOrderFrontViewModel, Order.Infrastructure.Entities.SubOrderModels.SubOrderModel, System.Collections.Generic.ICollection<Order.Infrastructure.Entities.SubOrderModels.SubOrderItemModel>>>
7ffcf58ffa48       1         64 System.Action<AutoMapper.IMemberConfigurationExpression<Order.Business.Mediator.Commands.OrderFront.UpdateSubOrderItemFront, Order.Infrastructure.Entities.SubOrderModels.SubOrderItemModel, System.Int32>>
7ffcf5910200       1         64 System.Action<AutoMapper.IMemberConfigurationExpression<Order.Business.Mediator.Commands.OrderFront.UpdateSubOrderItemFront, Order.Infrastructure.Entities.SubOrderModels.SubOrderItemModel, System.String>>
7ffcf59104a0       1         64 System.Action<AutoMapper.IMemberConfigurationExpression<Order.Business.Mediator.Commands.OrderFront.UpdateSubOrderItemFront, Order.Infrastructure.Entities.SubOrderModels.SubOrderItemModel, Order.Infrastructure.Entities.SubOrderModels.SubOrderItemAmountModel>>
7ffcf5910740       1         64 System.Action<AutoMapper.IMemberConfigurationExpression<Order.Business.Mediator.Commands.OrderFront.UpdateSubOrderItemFront, Order.Infrastructure.Entities.SubOrderModels.SubOrderItemModel, Order.Infrastructure.Entities.SubOrderModels.SubOrderItemPromotionModel>>
7ffcf5919378       1         64 System.Action<AutoMapper.IMemberConfigurationExpression<Order.Infrastructure.Data.Readonlys.CompanyBuMapping.GetCompanyBuMappingByIdViewModelDto, Order.Business.Dtos.ViewModels.CompanyBuMapping.GetCompanyBuMappingByIdViewModel, System.Int32>>
7ffcf591a370       1         64 System.Action<AutoMapper.IMemberConfigurationExpression<Order.Infrastructure.Data.Readonlys.CompanyBuMapping.GetCompanyBuMappingByIdViewModelDto, Order.Business.Dtos.ViewModels.CompanyBuMapping.GetCompanyBuMappingByIdViewModel, System.DateTime>>
7ffcf39d0d08       2         64 System.CultureAwareComparer
7ffcf591fa60       1         64 System.Action<AutoMapper.IMemberConfigurationExpression<Order.Infrastructure.Data.Readonlys.CompanyBuMapping.GetCompanyBuMappingViewModelDto, Order.Business.Dtos.ViewModels.CompanyBuMapping.GetCompanyBuMappingViewModel, System.Int32>>
7ffcf59202d8       1         64 System.Action<AutoMapper.IMemberConfigurationExpression<Order.Infrastructure.Data.Readonlys.CompanyBuMapping.GetCompanyBuMappingViewModelDto, Order.Business.Dtos.ViewModels.CompanyBuMapping.GetCompanyBuMappingViewModel, System.DateTime>>
7ffcf59248c0       1         64 System.Action<AutoMapper.IMemberConfigurationExpression<Order.Business.Mediator.Queries.CompanyBUMapping.GetCompanyBuMappingsQuery, Order.Infrastructure.Data.Readonlys.CompanyBuMapping.GetCompanyBuMappingsQueryDto, System.Boolean>>
7ffcf385c678       2         64 System.Collections.Generic.List<System.Reflection.MethodInfo>
7ffcf592a350       1         64 System.Func<AutoMapper.Internal.MapRequest, System.Delegate>
7ffcf59876b0       1         64 System.Func<AutoMapper.Internal.MapRequest, System.Lazy<System.Delegate>>
7ffcf592a440       1         64 System.Func<AutoMapper.QueryableExtensions.Impl.ProjectionBuilder>
7ffcf59c2478       1         64 System.Func<System.Reflection.ConstructorInfo, AutoMapper.Internal.ConstructorParameters>
7ffcf59c1db0       1         64 System.Func<AutoMapper.Internal.ConstructorParameters, System.Boolean>
7ffcf59c1fb8       1         64 System.Func<AutoMapper.Internal.ConstructorParameters, System.Int32>
7ffcf59aac18       1         64 System.Func<System.Reflection.MethodInfo, <>f__AnonymousType3<System.Reflection.MethodInfo, System.Type>>
7ffcf59aae00       1         64 System.Func<<>f__AnonymousType3<System.Reflection.MethodInfo, System.Type>, System.Boolean>
7ffcf59ab660       1         64 System.Func<<>f__AnonymousType4<<>f__AnonymousType3<System.Reflection.MethodInfo, System.Type>, System.Type>, System.Boolean>
7ffcf59ab840       1         64 System.Func<<>f__AnonymousType4<<>f__AnonymousType3<System.Reflection.MethodInfo, System.Type>, System.Type>, AutoMapper.Internal.TypeDetails+GenericMethod>
7ffcf4656038       1         64 System.Action<Microsoft.Extensions.Logging.ILogger, System.Guid, System.DateTimeOffset, System.DateTimeOffset, System.DateTimeOffset, System.Exception>
7ffcf4656a88       1         64 System.Action<Microsoft.Extensions.Logging.ILogger, System.DateTimeOffset, System.DateTimeOffset, System.Exception>
7ffcf4656fd0       1         64 System.Func<Microsoft.Extensions.Logging.LoggerMessage+LogValues<System.String>, System.Exception, System.String>
7ffcf43e6698       1         64 System.Func<Microsoft.AspNetCore.Mvc.ApplicationModels.IPageApplicationModelProvider, System.Int32>
7ffcf465f638       1         64 System.Func<Microsoft.AspNetCore.Mvc.ApplicationModels.IPageApplicationModelProvider, Microsoft.AspNetCore.Mvc.ApplicationModels.IPageApplicationModelProvider>
7ffcf43426c0       1         64 System.Func<Microsoft.AspNetCore.Mvc.Abstractions.IActionInvokerProvider, System.Int32>
7ffcf465fa50       1         64 System.Func<Microsoft.AspNetCore.Mvc.Abstractions.IActionInvokerProvider, Microsoft.AspNetCore.Mvc.Abstractions.IActionInvokerProvider>
7ffcf4673dc0       1         64 System.Func<Microsoft.AspNetCore.Mvc.ActionContext, Microsoft.AspNetCore.Mvc.IActionResult>
7ffcf432a608       1         64 System.Func<Microsoft.AspNetCore.Mvc.ApplicationModels.IApplicationModelProvider, System.Int32>
7ffcf4677008       1         64 System.Func<Microsoft.AspNetCore.Mvc.ApplicationModels.IApplicationModelProvider, Microsoft.AspNetCore.Mvc.ApplicationModels.IApplicationModelProvider>
7ffcf43e4a78       1         64 System.Func<Microsoft.AspNetCore.Mvc.ApplicationModels.IPageRouteModelProvider, System.Int32>
7ffcf3f66190       1         64 Microsoft.AspNetCore.Mvc.Razor.RazorHotReload
7ffcf42fecf8       1         64 System.Func<Microsoft.AspNetCore.Mvc.Abstractions.IActionDescriptorProvider, System.Int32>
7ffcf4677a00       1         64 System.Func<Microsoft.AspNetCore.Mvc.Abstractions.IActionDescriptorProvider, Microsoft.AspNetCore.Mvc.Abstractions.IActionDescriptorProvider>
7ffcf432db58       1         64 System.Func<Microsoft.AspNetCore.Mvc.ActionConstraints.IActionConstraintProvider, System.Int32>
7ffcf4678468       1         64 System.Func<Microsoft.AspNetCore.Mvc.Abstractions.ActionDescriptor[], Microsoft.AspNetCore.Routing.IRouter>
7ffcf4679c70       1         64 System.Func<Microsoft.AspNetCore.Builder.IApplicationBuilder, Microsoft.AspNetCore.Builder.IApplicationBuilder>
7ffcf4702738       1         64 System.Func<Microsoft.AspNetCore.Mvc.Routing.IActionHttpMethodProvider, System.Collections.Generic.IEnumerable<System.String>>
7ffcf4707e48       1         64 System.Func<Microsoft.AspNetCore.Mvc.ModelBinding.ModelMetadata, System.Int32>
7ffcf470eb80       1         64 System.Func<Microsoft.AspNetCore.Mvc.ModelBinding.ModelMetadata, Microsoft.AspNetCore.Mvc.ModelBinding.ModelMetadata>
7ffcf475d760       1         64 System.Func<Order.Domain.AggregatesModel.FrontActionRequest.SubOrderWebRequestsSearch, System.String>
7ffcf475d8f0       1         64 System.Action<Order.Domain.AggregatesModel.FrontActionRequest.SubOrderWebRequestsSearch, System.String>
7ffcf475da80       1         64 System.Func<CommonApiMessage.AggregatesModel.WebRequest.Abstraction.WebRequestSearch<Order.Domain.AggregatesModel.FrontActionRequest.FrontSubOrderFilter>, System.String>
7ffcf475dc10       1         64 System.Action<CommonApiMessage.AggregatesModel.WebRequest.Abstraction.WebRequestSearch<Order.Domain.AggregatesModel.FrontActionRequest.FrontSubOrderFilter>, System.String>
7ffcf475e3d8       1         64 System.Func<CommonApiMessage.AggregatesModel.WebRequest.Abstraction.WebRequestSearch<Order.Domain.AggregatesModel.FrontActionRequest.FrontSubOrderFilter>, System.Collections.Generic.List<Order.Domain.AggregatesModel.FrontActionRequest.FrontSubOrderFilter>>
7ffcf475e568       1         64 System.Action<CommonApiMessage.AggregatesModel.WebRequest.Abstraction.WebRequestSearch<Order.Domain.AggregatesModel.FrontActionRequest.FrontSubOrderFilter>, System.Collections.Generic.List<Order.Domain.AggregatesModel.FrontActionRequest.FrontSubOrderFilter>>
7ffcf475ea38       1         64 System.Func<CommonApiMessage.AggregatesModel.WebRequest.Abstraction.WebRequestBase, System.Nullable<System.DateTime>>
7ffcf475ee28       1         64 System.Action<CommonApiMessage.AggregatesModel.WebRequest.Abstraction.WebRequestBase, System.Nullable<System.DateTime>>
7ffcf6156268       1         64 System.Func<Microsoft.EntityFrameworkCore.Metadata.IRelationalModel>
7ffcf60a83f8       1         64 System.Func<Microsoft.EntityFrameworkCore.Metadata.IModel, Microsoft.EntityFrameworkCore.Metadata.IModel>
7ffcf628f468       1         64 System.Func<System.String, System.ValueTuple<System.Func<Microsoft.EntityFrameworkCore.Metadata.IModel, Microsoft.EntityFrameworkCore.Metadata.IModel>, Microsoft.EntityFrameworkCore.Metadata.IModel, Microsoft.EntityFrameworkCore.Infrastructure.AnnotatableBase>, Microsoft.EntityFrameworkCore.Infrastructure.Annotation>
7ffcf62ae0e0       1         64 System.Func<System.String, System.ValueTuple<System.Object, Microsoft.EntityFrameworkCore.Infrastructure.RuntimeAnnotatableBase>, Microsoft.EntityFrameworkCore.Infrastructure.Annotation>
7ffcf62ae1d8       1         64 System.Func<System.String, Microsoft.EntityFrameworkCore.Infrastructure.Annotation, System.ValueTuple<System.Object, Microsoft.EntityFrameworkCore.Infrastructure.RuntimeAnnotatableBase>, Microsoft.EntityFrameworkCore.Infrastructure.Annotation>
7ffcf62af820       1         64 System.Func<Microsoft.EntityFrameworkCore.Metadata.IIndex, System.Boolean>
7ffcf4741d60       1         64 System.Func<Microsoft.AspNetCore.Mvc.Controller, Microsoft.AspNetCore.Mvc.ViewFeatures.ViewDataDictionary>
7ffcf4741ef0       1         64 System.Action<Microsoft.AspNetCore.Mvc.Controller, Microsoft.AspNetCore.Mvc.ViewFeatures.ViewDataDictionary>
7ffcf4742080       1         64 System.Func<Microsoft.AspNetCore.Mvc.Controller, Microsoft.AspNetCore.Mvc.ViewFeatures.ITempDataDictionary>
7ffcf4742210       1         64 System.Action<Microsoft.AspNetCore.Mvc.Controller, Microsoft.AspNetCore.Mvc.ViewFeatures.ITempDataDictionary>
7ffcf47423a0       1         64 System.Func<Microsoft.AspNetCore.Mvc.Controller, System.Object>
7ffcf4744060       1         64 System.Func<Order.API.Controllers.ValidateOrder.CMGOrderController, Order.Business.Interface.Service.Common.ISerializeService>
7ffcf47441f0       1         64 System.Action<Order.API.Controllers.ValidateOrder.CMGOrderController, Order.Business.Interface.Service.Common.ISerializeService>
7ffcf4744380       1         64 System.Func<Order.API.Controllers.ValidateOrder.CMGOrderController, Order.Business.Interface.ValidateOrder.IValidateCreateOrderAndSubOrderCreateOrderAndSubOrder>
7ffcf4744510       1         64 System.Action<Order.API.Controllers.ValidateOrder.CMGOrderController, Order.Business.Interface.ValidateOrder.IValidateCreateOrderAndSubOrderCreateOrderAndSubOrder>
7ffcf47471c0       1         64 System.Func<Order.Business.Process.BaseProcess, Order.Business.Interface.Service.Common.ISerializeService>
7ffcf4747350       1         64 System.Action<Order.Business.Process.BaseProcess, Order.Business.Interface.Service.Common.ISerializeService>
7ffcf47474e0       1         64 System.Func<Order.Business.Process.BaseProcess, Order.Business.Interface.Service.INumberOrderService>
7ffcf4747670       1         64 System.Action<Order.Business.Process.BaseProcess, Order.Business.Interface.Service.INumberOrderService>
7ffcf4747800       1         64 System.Func<Order.Business.Process.BaseProcess, AutoMapper.IMapper>
7ffcf4747990       1         64 System.Action<Order.Business.Process.BaseProcess, AutoMapper.IMapper>
7ffcf4747b20       1         64 System.Func<Order.Business.Process.BaseProcess, Order.Business.Service.Common.ValidateTruncateService>
7ffcf4747cb0       1         64 System.Action<Order.Business.Process.BaseProcess, Order.Business.Service.Common.ValidateTruncateService>
7ffcf4747e40       1         64 System.Func<Order.Business.Process.BaseProcess, Order.Business.Service.Common.StringUtilsService>
7ffcf4747fd0       1         64 System.Action<Order.Business.Process.BaseProcess, Order.Business.Service.Common.StringUtilsService>
7ffcf47519d0       1         64 System.Func<Microsoft.AspNetCore.Mvc.ApplicationModels.SelectorModel, System.Boolean>
7ffcf4751278       1         64 System.Func<Microsoft.AspNetCore.Mvc.ApplicationModels.ParameterModel, System.Boolean>
7ffcf475afd8       1         64 System.Func<Microsoft.AspNetCore.Routing.Patterns.RoutePatternParameterPolicyReference, Microsoft.AspNetCore.Routing.Template.InlineConstraint>
7ffcf4751410       1         64 System.Func<Microsoft.AspNetCore.Mvc.ModelBinding.ModelMetadata, System.Boolean>
7ffcf475f900       1         64 System.Action<System.Collections.Generic.List<Order.API.Applictions.IntegrationEvents.EventHandling.MMS.MMSFilter>, System.Int32>
7ffcf475fdd0       1         64 System.Func<Order.Domain.AggregatesModel.SubOrder.SubOrderFilterViewModel, System.Collections.Generic.List<System.String>>
7ffcf4780028       1         64 System.Action<Order.Domain.AggregatesModel.SubOrder.SubOrderFilterViewModel, System.Collections.Generic.List<System.String>>
7ffcf47801b8       1         64 System.Func<Order.Business.Mediator.Commands.Order.GetOrderDeliveryNoteByListPackIdCommand, System.String>
7ffcf4780348       1         64 System.Action<Order.Business.Mediator.Commands.Order.GetOrderDeliveryNoteByListPackIdCommand, System.String>
7ffcf47804d8       1         64 System.Func<Order.Business.Mediator.Commands.Order.GetOrderDeliveryNoteByListPackIdCommand, System.Collections.Generic.List<System.String>>
7ffcf4780668       1         64 System.Action<Order.Business.Mediator.Commands.Order.GetOrderDeliveryNoteByListPackIdCommand, System.Collections.Generic.List<System.String>>
7ffcf4780d20       1         64 System.Func<Order.Business.Mediator.Commands.SysInsuranceConfiguration.GetInsuranceConfigurationCommand, System.Nullable<System.Decimal>>
7ffcf4781110       1         64 System.Action<Order.Business.Mediator.Commands.SysInsuranceConfiguration.GetInsuranceConfigurationCommand, System.Nullable<System.Decimal>>
7ffcf4783dd8       1         64 System.Func<Order.Business.Mediator.Queries.OrderInquiry.GetOrderInquiryListQuery, Order.Business.Mediator.Queries.OrderInquiry.OrderInquiryFilter>
7ffcf4783f68       1         64 System.Action<Order.Business.Mediator.Queries.OrderInquiry.GetOrderInquiryListQuery, Order.Business.Mediator.Queries.OrderInquiry.OrderInquiryFilter>
7ffcf47840f8       1         64 System.Func<Order.Business.Mediator.Queries.OrderInquiry.GetOrderInquiryListQuery, System.Collections.Generic.List<Utility.Package.UtilityModels.OrderBy>>
7ffcf4784288       1         64 System.Action<Order.Business.Mediator.Queries.OrderInquiry.GetOrderInquiryListQuery, System.Collections.Generic.List<Utility.Package.UtilityModels.OrderBy>>
7ffcf47847b0       1         64 System.Func<Order.Business.Mediator.Queries.OrderReturn.CreateOrderReturnQuery, System.String>
7ffcf4784940       1         64 System.Action<Order.Business.Mediator.Queries.OrderReturn.CreateOrderReturnQuery, System.String>
7ffcf4787030       1         64 System.Func<Order.Business.Mediator.Commands.OrderReturn.CreateOrderReturnCommand, System.Collections.Generic.List<Order.Business.Mediator.Commands.OrderReturn.CreateOrderReturnItem>>
7ffcf47871c0       1         64 System.Action<Order.Business.Mediator.Commands.OrderReturn.CreateOrderReturnCommand, System.Collections.Generic.List<Order.Business.Mediator.Commands.OrderReturn.CreateOrderReturnItem>>
7ffcf47873b8       1         64 System.Func<Order.Business.Mediator.Queries.OrderReturn.OrderReturnTrackingListQuery, Order.Business.Mediator.Queries.OrderReturn.OrderReturnTrackingFilter>
7ffcf4787548       1         64 System.Action<Order.Business.Mediator.Queries.OrderReturn.OrderReturnTrackingListQuery, Order.Business.Mediator.Queries.OrderReturn.OrderReturnTrackingFilter>
7ffcf47876d8       1         64 System.Func<Order.Business.Mediator.Queries.OrderReturn.OrderReturnTrackingListQuery, System.Collections.Generic.List<Utility.Package.UtilityModels.OrderBy>>
7ffcf4787868       1         64 System.Action<Order.Business.Mediator.Queries.OrderReturn.OrderReturnTrackingListQuery, System.Collections.Generic.List<Utility.Package.UtilityModels.OrderBy>>
7ffcf4787d38       1         64 System.Func<Order.Business.Mediator.Queries.OrderReturn.OrderReturnTrackingDetailQuery, System.String>
7ffcf4787ec8       1         64 System.Action<Order.Business.Mediator.Queries.OrderReturn.OrderReturnTrackingDetailQuery, System.String>
7ffcf4788af0       1         64 System.Func<Order.API.Applictions.IntegrationEvents.Events.OrderPos.PosUpdateOrderEvent, System.DateTime>
7ffcf4788ee0       1         64 System.Action<Order.API.Applictions.IntegrationEvents.Events.OrderPos.PosUpdateOrderEvent, System.DateTime>
7ffcf4789108       1         64 System.Func<Order.API.Applictions.IntegrationEvents.Events.OrderPos.PosUpdateOrderEvent, System.Collections.Generic.List<Order.API.Applictions.IntegrationEvents.Events.OrderPos.PosTicketItem>>
7ffcf4789298       1         64 System.Action<Order.API.Applictions.IntegrationEvents.Events.OrderPos.PosUpdateOrderEvent, System.Collections.Generic.List<Order.API.Applictions.IntegrationEvents.Events.OrderPos.PosTicketItem>>
7ffcf4789600       1         64 System.Action<System.Collections.Generic.List<StandardMessage.AggregateModels.OrderStatusUpdateViewModel>, System.Int32>
7ffcf4789ba0       1         64 System.Func<Order.Business.Model.Order.PosOrder.GetPosOrderRequestJsonModel, Order.Business.Model.Order.PosOrder.GetPosOrderQRRequestJsonModel>
7ffcf4789d30       1         64 System.Action<Order.Business.Model.Order.PosOrder.GetPosOrderRequestJsonModel, Order.Business.Model.Order.PosOrder.GetPosOrderQRRequestJsonModel>
7ffcf478a300       1         64 System.Func<Order.Business.Model.Order.PosOrder.FinishPosRequestJsonModel, Order.Business.Model.Order.PosOrder.FinishPosOrderRequestJsonModel>
7ffcf478a490       1         64 System.Action<Order.Business.Model.Order.PosOrder.FinishPosRequestJsonModel, Order.Business.Model.Order.PosOrder.FinishPosOrderRequestJsonModel>
7ffcf478e428       1         64 System.Func<Microsoft.AspNetCore.Mvc.ApplicationModels.ApplicationModel, Microsoft.AspNetCore.Mvc.ApplicationModels.ControllerModel, Microsoft.AspNetCore.Mvc.ApplicationModels.ActionModel, Microsoft.AspNetCore.Mvc.ApplicationModels.SelectorModel, Microsoft.AspNetCore.Mvc.Controllers.ControllerActionDescriptor>
7ffcf4793278       1         64 System.Func<Microsoft.AspNetCore.Mvc.ApplicationModels.PropertyModel, System.Boolean>
7ffcf4793188       1         64 System.Func<Microsoft.AspNetCore.Mvc.ApplicationModels.PropertyModel, Microsoft.AspNetCore.Mvc.Abstractions.ParameterDescriptor>
7ffcf479fb00       1         64 System.Func<System.Collections.Generic.IEnumerable<RabbitMQ.Client.AmqpTcpEndpoint>, RabbitMQ.Client.IEndpointResolver>
7ffcf47b25b0       1         64 System.Func<System.Net.Sockets.AddressFamily, RabbitMQ.Client.ITcpClient>
7ffcf47bcc88       1         64 System.Func<Microsoft.Extensions.Logging.FormattedLogValues, System.Exception, System.String>
7ffcf47bb580       1         64 System.Func<System.Int32, System.TimeSpan>
7ffcf480d430       1         64 System.Func<RabbitMQ.Client.AmqpTcpEndpoint, RabbitMQ.Client.AmqpTcpEndpoint>
7ffcf483f728       2         64 System.Collections.Generic.List<System.Threading.TimerQueue>
7ffcf47b2028       1         64 System.Net.Security.RemoteCertificateValidationCallback
7ffcf47b21a0       1         64 System.Net.Security.LocalCertificateSelectionCallback
7ffcf488b9a0       1         64 System.Security.Cryptography.X509Certificates.CertificatePal+CertContextCallback<System.Byte[]>
7ffcf488e3a0       1         64 System.Action<System.Threading.AsyncLocalValueChangedArgs<Microsoft.Win32.SafeHandles.SafeAccessTokenHandle>>
7ffcf4885428       2         64 Microsoft.Win32.SafeHandles.SafeCertStoreHandle
7ffcf4893eb8       1         64 System.Net.Security.SafeFreeCredential_SECURITY
7ffcf48b05d0       1         64 System.Collections.Concurrent.ConcurrentDictionary<System.Net.Security.SslSessionsCache+SslCredKey, System.Net.Security.SafeCredentialReference>+Node
7ffcf48d72c8       1         64 System.Func<RabbitMQ.Client.IModel, RabbitMQ.Client.Impl.ConsumerWorkService+WorkPool>
7ffcf48d6268       1         64 System.Func<RabbitMQ.Client.IModel, RabbitMQ.Client.Impl.AsyncConsumerWorkService+WorkPool>
7ffcf48bda00       2         64 Microsoft.Win32.SafeHandles.SafeChainEngineHandle
7ffcf48bdc80       1         64 System.Security.Cryptography.X509Certificates.CertificatePal+CertContextCallback<Microsoft.Win32.SafeHandles.SafeCertContextHandle>
7ffcf48bf0d0       1         64 System.Func<System.Security.Cryptography.X509Certificates.SafeLocalAllocHandle>
7ffcf47bc358       1         64 System.EventHandler<RabbitMQ.Client.Events.ConnectionBlockedEventArgs>
7ffcf47bc828       1         64 System.Func<System.String, Microsoft.Extensions.Logging.LogValuesFormatter>
7ffcf47b54d8       1         64 System.EventHandler<System.String>
7ffcf4a45c60       1         64 System.IO.Enumeration.FileSystemEnumerable<System.IO.FileSystemInfo>+FindTransform
7ffcf491b5a0       2         64 System.Collections.Generic.List<EventBus.Kafka.EventBusKafkaWriterSetting>
7ffcf491bdc0       2         64 System.Collections.Generic.List<EventBus.Kafka.EventBusKafkaReaderSetting>
7ffcf491b520       2         64 EventBus.Kafka.EventBusKafkaWriterSetting
7ffcf49495a8       1         64 Confluent.Kafka.Impl.Librdkafka+DeliveryReportDelegate
7ffcf4959fc8       1         64 System.Func<Confluent.Kafka.ErrorCode, System.IntPtr>
7ffcf495a168       1         64 System.Func<Confluent.Kafka.ErrorCode>
7ffcf495a440       1         64 System.Func<System.IntPtr, System.Text.StringBuilder, System.UIntPtr, Confluent.Kafka.ErrorCode>
7ffcf495aa50       1         64 System.Func<System.IntPtr, System.String, System.Int32, System.IntPtr>
7ffcf495ada8       1         64 System.Func<System.IntPtr, System.IntPtr, System.IntPtr, System.IntPtr, System.IntPtr, Confluent.Kafka.ErrorCode>
7ffcf495af68       1         64 Confluent.Kafka.Impl.Librdkafka+headerGetAllDelegate
7ffcf495b0e0       1         64 Confluent.Kafka.Impl.Librdkafka+messageTimestampDelegate
7ffcf495b258       1         64 Confluent.Kafka.Impl.Librdkafka+messageHeadersDelegate
7ffcf495b3d0       1         64 System.Func<System.IntPtr, Confluent.Kafka.PersistenceStatus>
7ffcf495b570       1         64 Confluent.Kafka.Impl.Librdkafka+messageLeaderEpoch
7ffcf495b650       1         64 System.Func<Confluent.Kafka.Impl.SafeConfigHandle>
7ffcf495bc98       1         64 System.Action<System.IntPtr, Confluent.Kafka.Impl.Librdkafka+DeliveryReportDelegate>
7ffcf495bf00       1         64 System.Action<System.IntPtr, Confluent.Kafka.Impl.Librdkafka+RebalanceDelegate>
7ffcf495bff0       1         64 System.Action<System.IntPtr, Confluent.Kafka.Impl.Librdkafka+ErrorDelegate>
7ffcf495c258       1         64 System.Action<System.IntPtr, Confluent.Kafka.Impl.Librdkafka+CommitDelegate>
7ffcf495c348       1         64 System.Action<System.IntPtr, Confluent.Kafka.Impl.Librdkafka+LogDelegate>
7ffcf495c438       1         64 System.Action<System.IntPtr, Confluent.Kafka.Impl.Librdkafka+StatsDelegate>
7ffcf495c528       1         64 System.Action<System.IntPtr, Confluent.Kafka.Impl.Librdkafka+OAuthBearerTokenRefreshDelegate>
7ffcf495ca00       1         64 System.Func<System.IntPtr, System.String, System.Int64, System.String, System.String[], System.UIntPtr, System.Text.StringBuilder, System.UIntPtr, Confluent.Kafka.ErrorCode>
7ffcf495cf90       1         64 System.Func<Confluent.Kafka.Impl.SafeConfigHandle, Confluent.Kafka.Impl.SafeTopicConfigHandle>
7ffcf495d408       1         64 System.Action<System.IntPtr, System.UIntPtr>
7ffcf495d510       1         64 System.Func<Confluent.Kafka.Impl.SafeTopicConfigHandle>
7ffcf495d5f0       1         64 System.Func<Confluent.Kafka.Impl.SafeTopicConfigHandle, Confluent.Kafka.Impl.SafeTopicConfigHandle>
7ffcf495d6e0       1         64 System.Func<Confluent.Kafka.Impl.SafeKafkaHandle, Confluent.Kafka.Impl.SafeTopicConfigHandle>
7ffcf495d948       1         64 System.Action<System.IntPtr, Confluent.Kafka.Impl.Librdkafka+PartitionerDelegate>
7ffcf495dad0       1         64 System.Func<System.IntPtr, System.Int32, System.Boolean>
7ffcf495de18       1         64 System.Action<System.IntPtr, System.Int32>
7ffcf495e160       1         64 System.Func<System.IntPtr, System.IntPtr, System.IntPtr, System.IntPtr, System.IntPtr>
7ffcf495e318       1         64 Confluent.Kafka.Impl.Librdkafka+ConsumerGroupMetadataWriteDelegate
7ffcf495e490       1         64 Confluent.Kafka.Impl.Librdkafka+ConsumerGroupMetadataReadDelegate
7ffcf495e750       1         64 System.Func<Confluent.Kafka.Impl.RdKafkaType, System.IntPtr, System.Text.StringBuilder, System.UIntPtr, Confluent.Kafka.Impl.SafeKafkaHandle>
7ffcf495e8f0       1         64 System.Func<System.Int64, System.Int64, System.IntPtr>
7ffcf495ed78       1         64 System.Func<System.IntPtr, System.IntPtr, System.IntPtr, Confluent.Kafka.Impl.SafeTopicHandle>
7ffcf495f0b0       1         64 Confluent.Kafka.Impl.Librdkafka+QueryOffsets
7ffcf495f228       1         64 Confluent.Kafka.Impl.Librdkafka+GetOffsets
7ffcf495f3a0       1         64 Confluent.Kafka.Impl.Librdkafka+OffsetsForTimes
7ffcf495f6c0       1         64 Confluent.Kafka.Impl.Librdkafka+Subscription
7ffcf495f838       1         64 Confluent.Kafka.Impl.Librdkafka+Assignment
7ffcf495f9b0       1         64 System.Func<System.IntPtr, System.IntPtr, System.Boolean, Confluent.Kafka.ErrorCode>
7ffcf495fcb0       1         64 System.Func<System.IntPtr, System.IntPtr, System.IntPtr, Confluent.Kafka.Impl.Librdkafka+CommitDelegate, System.IntPtr, Confluent.Kafka.ErrorCode>
7ffcf495fe58       1         64 System.Func<System.IntPtr, System.IntPtr, System.IntPtr, Confluent.Kafka.ErrorCode>
7ffcf4970028       1         64 System.Func<System.IntPtr, System.Int32, System.Int64, System.IntPtr, Confluent.Kafka.ErrorCode>
7ffcf49701e0       1         64 System.Func<System.IntPtr, System.IntPtr, System.IntPtr, System.IntPtr>
7ffcf4970390       1         64 Confluent.Kafka.Impl.Librdkafka+Produceva
7ffcf4970508       1         64 Confluent.Kafka.Impl.Librdkafka+Flush
7ffcf4970680       1         64 Confluent.Kafka.Impl.Librdkafka+Metadata
7ffcf49707f8       1         64 Confluent.Kafka.Impl.Librdkafka+ListGroups
7ffcf4970aa8       1         64 System.Func<System.IntPtr, System.String, System.IntPtr>
7ffcf4970c38       1         64 Confluent.Kafka.Impl.Librdkafka+_sasl_set_credentials_delegate
7ffcf4970e58       1         64 System.Func<System.IntPtr, Confluent.Kafka.Impl.Librdkafka+EventType>
7ffcf49710a0       1         64 System.Func<System.IntPtr, Confluent.Kafka.Impl.Librdkafka+AdminOp, System.IntPtr>
7ffcf4971678       1         64 System.Func<System.IntPtr, System.Int32, System.Text.StringBuilder, System.UIntPtr, Confluent.Kafka.ErrorCode>
7ffcf4971818       1         64 Confluent.Kafka.Impl.Librdkafka+AdminOptions_set_match_consumer_group_states_delegate
7ffcf4971990       1         64 Confluent.Kafka.Impl.Librdkafka+AdminOptions_set_match_consumer_group_types_delegate
7ffcf4971c58       1         64 System.Func<System.String, System.IntPtr, System.IntPtr, System.Text.StringBuilder, System.UIntPtr, System.IntPtr>
7ffcf4972890       1         64 Confluent.Kafka.Impl.Librdkafka+_CreateTopics_result_topics_delegate
7ffcf4972cc0       1         64 Confluent.Kafka.Impl.Librdkafka+_DeleteTopics_result_topics_delegate
7ffcf4972e38       1         64 Confluent.Kafka.Impl.Librdkafka+_DeleteGroups_result_groups_delegate
7ffcf49730e8       1         64 System.Func<System.String, System.IntPtr, System.IntPtr>
7ffcf4973278       1         64 Confluent.Kafka.Impl.Librdkafka+_DeleteConsumerGroupOffsets_result_groups_delegate
7ffcf4973538       1         64 System.Func<System.String, System.UIntPtr, System.Text.StringBuilder, System.UIntPtr, System.IntPtr>
7ffcf49736d8       1         64 Confluent.Kafka.Impl.Librdkafka+_CreatePartitions_result_topics_delegate
7ffcf49738f8       1         64 System.Func<Confluent.Kafka.Admin.ConfigSource, System.IntPtr>
7ffcf4973a98       1         64 System.Func<System.IntPtr, Confluent.Kafka.Admin.ConfigSource>
7ffcf4973c38       1         64 Confluent.Kafka.Impl.Librdkafka+_ConfigEntry_synonyms_delegate
7ffcf4973e58       1         64 System.Func<Confluent.Kafka.Admin.ResourceType, System.IntPtr>
7ffcf4974130       1         64 System.Func<Confluent.Kafka.Admin.ResourceType, System.String, System.IntPtr>
7ffcf49744b0       1         64 System.Func<System.IntPtr, System.String, Confluent.Kafka.Admin.AlterConfigOpType, System.String, System.IntPtr>
7ffcf4974650       1         64 Confluent.Kafka.Impl.Librdkafka+_ConfigResource_configs_delegate
7ffcf49747c8       1         64 System.Func<System.IntPtr, Confluent.Kafka.Admin.ResourceType>
7ffcf4974968       1         64 Confluent.Kafka.Impl.Librdkafka+_AlterConfigs_result_resources_delegate
7ffcf4974ae0       1         64 Confluent.Kafka.Impl.Librdkafka+_IncrementalAlterConfigs_result_resources_delegate
7ffcf4974c58       1         64 Confluent.Kafka.Impl.Librdkafka+_DescribeConfigs_result_resources_delegate
7ffcf4974dd0       1         64 Confluent.Kafka.Impl.Librdkafka+_AclBinding_new_delegate
7ffcf4974f48       1         64 Confluent.Kafka.Impl.Librdkafka+_AclBindingFilter_new_delegate
7ffcf49750c0       1         64 Confluent.Kafka.Impl.Librdkafka+_AclBinding_destroy_delegate
7ffcf4975238       1         64 Confluent.Kafka.Impl.Librdkafka+_AclBinding_restype_delegate
7ffcf49753b0       1         64 Confluent.Kafka.Impl.Librdkafka+_AclBinding_name_delegate
7ffcf4975528       1         64 Confluent.Kafka.Impl.Librdkafka+_AclBinding_resource_pattern_type_delegate
7ffcf49756a0       1         64 Confluent.Kafka.Impl.Librdkafka+_AclBinding_principal_delegate
7ffcf4975818       1         64 Confluent.Kafka.Impl.Librdkafka+_AclBinding_host_delegate
7ffcf4975990       1         64 Confluent.Kafka.Impl.Librdkafka+_AclBinding_operation_delegate
7ffcf4975b08       1         64 Confluent.Kafka.Impl.Librdkafka+_AclBinding_permission_type_delegate
7ffcf4975c80       1         64 Confluent.Kafka.Impl.Librdkafka+_CreateAcls_delegate
7ffcf4975df8       1         64 Confluent.Kafka.Impl.Librdkafka+_CreateAcls_result_acls_delegate
7ffcf4975f70       1         64 Confluent.Kafka.Impl.Librdkafka+_acl_result_error_delegate
7ffcf49760e8       1         64 Confluent.Kafka.Impl.Librdkafka+_DescribeAcls_delegate
7ffcf4976260       1         64 Confluent.Kafka.Impl.Librdkafka+_DescribeAcls_result_acls_delegate
7ffcf49763d8       1         64 Confluent.Kafka.Impl.Librdkafka+_DeleteAcls_delegate
7ffcf4976550       1         64 Confluent.Kafka.Impl.Librdkafka+_DeleteAcls_result_responses_delegate
7ffcf49766c8       1         64 Confluent.Kafka.Impl.Librdkafka+_DeleteAcls_result_response_error_delegate
7ffcf4976840       1         64 Confluent.Kafka.Impl.Librdkafka+_DeleteAcls_result_response_matching_acls_delegate
7ffcf49769b8       1         64 Confluent.Kafka.Impl.Librdkafka+_AlterConsumerGroupOffsets_new_delegate
7ffcf4976b30       1         64 Confluent.Kafka.Impl.Librdkafka+_AlterConsumerGroupOffsets_destroy_delegate
7ffcf4976ca8       1         64 Confluent.Kafka.Impl.Librdkafka+_AlterConsumerGroupOffsets_result_groups_delegate
7ffcf4976e20       1         64 Confluent.Kafka.Impl.Librdkafka+_AlterConsumerGroupOffsets_delegate
7ffcf4976f98       1         64 Confluent.Kafka.Impl.Librdkafka+_ListConsumerGroupOffsets_new_delegate
7ffcf4977110       1         64 Confluent.Kafka.Impl.Librdkafka+_ListConsumerGroupOffsets_destroy_delegate
7ffcf4977288       1         64 Confluent.Kafka.Impl.Librdkafka+_ListConsumerGroupOffsets_result_groups_delegate
7ffcf4977400       1         64 Confluent.Kafka.Impl.Librdkafka+_ListConsumerGroupOffsets_delegate
7ffcf4977578       1         64 Confluent.Kafka.Impl.Librdkafka+_ListConsumerGroups_delegate
7ffcf49776f0       1         64 Confluent.Kafka.Impl.Librdkafka+_ConsumerGroupListing_group_id_delegate
7ffcf4977868       1         64 Confluent.Kafka.Impl.Librdkafka+_ConsumerGroupListing_is_simple_consumer_group_delegate
7ffcf49779e0       1         64 Confluent.Kafka.Impl.Librdkafka+_ConsumerGroupListing_state_delegate
7ffcf4977b58       1         64 Confluent.Kafka.Impl.Librdkafka+_ConsumerGroupListing_type_delegate
7ffcf4977cd0       1         64 Confluent.Kafka.Impl.Librdkafka+_ListConsumerGroups_result_valid_delegate
7ffcf4977e48       1         64 Confluent.Kafka.Impl.Librdkafka+_ListConsumerGroups_result_errors_delegate
7ffcf4977fc0       1         64 Confluent.Kafka.Impl.Librdkafka+_DescribeConsumerGroups_delegate
7ffcf4978138       1         64 Confluent.Kafka.Impl.Librdkafka+_DescribeConsumerGroups_result_groups_delegate
7ffcf49782b0       1         64 Confluent.Kafka.Impl.Librdkafka+_ConsumerGroupDescription_group_id_delegate
7ffcf4978428       1         64 Confluent.Kafka.Impl.Librdkafka+_ConsumerGroupDescription_error_delegate
7ffcf49785a0       1         64 Confluent.Kafka.Impl.Librdkafka+_ConsumerGroupDescription_is_simple_consumer_group_delegate
7ffcf4978718       1         64 Confluent.Kafka.Impl.Librdkafka+_ConsumerGroupDescription_partition_assignor_delegate
7ffcf4978890       1         64 Confluent.Kafka.Impl.Librdkafka+_ConsumerGroupDescription_state_delegate
7ffcf4978a08       1         64 Confluent.Kafka.Impl.Librdkafka+_ConsumerGroupDescription_type_delegate
7ffcf4978b80       1         64 Confluent.Kafka.Impl.Librdkafka+_ConsumerGroupDescription_coordinator_delegate
7ffcf4978cf8       1         64 Confluent.Kafka.Impl.Librdkafka+_ConsumerGroupDescription_member_count_delegate
7ffcf4978e70       1         64 Confluent.Kafka.Impl.Librdkafka+_ConsumerGroupDescription_authorized_operations_delegate
7ffcf4978fe8       1         64 Confluent.Kafka.Impl.Librdkafka+_ConsumerGroupDescription_member_delegate
7ffcf4979160       1         64 Confluent.Kafka.Impl.Librdkafka+_MemberDescription_client_id_delegate
7ffcf49792d8       1         64 Confluent.Kafka.Impl.Librdkafka+_MemberDescription_group_instance_id_delegate
7ffcf4979450       1         64 Confluent.Kafka.Impl.Librdkafka+_MemberDescription_consumer_id_delegate
7ffcf49795c8       1         64 Confluent.Kafka.Impl.Librdkafka+_MemberDescription_host_delegate
7ffcf4979740       1         64 Confluent.Kafka.Impl.Librdkafka+_MemberDescription_assignment_delegate
7ffcf49798b8       1         64 Confluent.Kafka.Impl.Librdkafka+_MemberAssignment_partitions_delegate
7ffcf4979a30       1         64 Confluent.Kafka.Impl.Librdkafka+_MemberDescription_target_assignment_delegate
7ffcf4979ba8       1         64 Confluent.Kafka.Impl.Librdkafka+_Node_id_delegate
7ffcf4979d20       1         64 Confluent.Kafka.Impl.Librdkafka+_Node_host_delegate
7ffcf4979e98       1         64 Confluent.Kafka.Impl.Librdkafka+_Node_port_delegate
7ffcf497a010       1         64 Confluent.Kafka.Impl.Librdkafka+_Node_rack_delegate
7ffcf497a188       1         64 Confluent.Kafka.Impl.Librdkafka+_DescribeUserScramCredentials_delegate
7ffcf497a300       1         64 Confluent.Kafka.Impl.Librdkafka+_DescribeUserScramCredentials_result_descriptions_delegate
7ffcf497a478       1         64 Confluent.Kafka.Impl.Librdkafka+_UserScramCredentialsDescription_user_delegate
7ffcf497a5f0       1         64 Confluent.Kafka.Impl.Librdkafka+_UserScramCredentialsDescription_error_delegate
7ffcf497a768       1         64 Confluent.Kafka.Impl.Librdkafka+_UserScramCredentialsDescription_scramcredentialinfo_count_delegate
7ffcf497a8e0       1         64 Confluent.Kafka.Impl.Librdkafka+_UserScramCredentialsDescription_scramcredentialinfo_delegate
7ffcf497aa58       1         64 Confluent.Kafka.Impl.Librdkafka+_ScramCredentialInfo_mechanism_delegate
7ffcf497abd0       1         64 Confluent.Kafka.Impl.Librdkafka+_ScramCredentialInfo_iterations_delegate
7ffcf497ad48       1         64 Confluent.Kafka.Impl.Librdkafka+_UserScramCredentialUpsertion_new_delegate
7ffcf497aec0       1         64 Confluent.Kafka.Impl.Librdkafka+_UserScramCredentialDeletion_new_delegate
7ffcf497b038       1         64 Confluent.Kafka.Impl.Librdkafka+_UserScramCredentialAlteration_destroy_delegate
7ffcf497b1b0       1         64 Confluent.Kafka.Impl.Librdkafka+_AlterUserScramCredentials_delegate
7ffcf497b328       1         64 Confluent.Kafka.Impl.Librdkafka+_AlterUserScramCredentials_result_responses_delegate
7ffcf497b4a0       1         64 Confluent.Kafka.Impl.Librdkafka+_AlterUserScramCredentials_result_response_user_delegate
7ffcf497b618       1         64 Confluent.Kafka.Impl.Librdkafka+_AlterUserScramCredentials_result_response_error_delegate
7ffcf497b790       1         64 Confluent.Kafka.Impl.Librdkafka+_ListOffsets_delegate
7ffcf497b908       1         64 Confluent.Kafka.Impl.Librdkafka+_ListOffsets_result_infos_delegate
7ffcf497ba80       1         64 Confluent.Kafka.Impl.Librdkafka+_ListOffsetsResultInfo_timestamp_delegate
7ffcf497bbf8       1         64 Confluent.Kafka.Impl.Librdkafka+_ListOffsetsResultInfo_topic_partition_delegate
7ffcf497bd70       1         64 Confluent.Kafka.Impl.Librdkafka+_DescribeTopics_delegate
7ffcf497bee8       1         64 Confluent.Kafka.Impl.Librdkafka+_DescribeTopics_result_topics_delegate
7ffcf497c060       1         64 Confluent.Kafka.Impl.Librdkafka+_TopicCollection_of_topic_names_delegate
7ffcf497c1d8       1         64 Confluent.Kafka.Impl.Librdkafka+_TopicCollection_destroy_delegate
7ffcf497c350       1         64 Confluent.Kafka.Impl.Librdkafka+_TopicDescription_error_delegate
7ffcf497c4c8       1         64 Confluent.Kafka.Impl.Librdkafka+_TopicDescription_name_delegate
7ffcf497c640       1         64 Confluent.Kafka.Impl.Librdkafka+_TopicDescription_topic_id_delegate
7ffcf497c7b8       1         64 Confluent.Kafka.Impl.Librdkafka+_TopicDescription_partitions_delegate
7ffcf497c930       1         64 Confluent.Kafka.Impl.Librdkafka+_TopicDescription_is_internal_delegate
7ffcf497caa8       1         64 Confluent.Kafka.Impl.Librdkafka+_TopicDescription_authorized_operations_delegate
7ffcf497cc20       1         64 Confluent.Kafka.Impl.Librdkafka+_TopicPartitionInfo_isr_delegate
7ffcf497cd98       1         64 Confluent.Kafka.Impl.Librdkafka+_TopicPartitionInfo_leader_delegate
7ffcf497cf10       1         64 Confluent.Kafka.Impl.Librdkafka+_TopicPartitionInfo_partition_delegate
7ffcf497d088       1         64 Confluent.Kafka.Impl.Librdkafka+_TopicPartitionInfo_replicas_delegate
7ffcf497d200       1         64 Confluent.Kafka.Impl.Librdkafka+_ElectLeadersRequest_new_delegate
7ffcf497d378       1         64 Confluent.Kafka.Impl.Librdkafka+_ElectLeadersRequest_destroy_delegate
7ffcf497d4f0       1         64 Confluent.Kafka.Impl.Librdkafka+_ElectLeaders_delegate
7ffcf497d668       1         64 Confluent.Kafka.Impl.Librdkafka+_ElectLeaders_result_partitions_delegate
7ffcf497d7e0       1         64 Confluent.Kafka.Impl.Librdkafka+_TopicPartitionResult_partition_delegate
7ffcf497d958       1         64 Confluent.Kafka.Impl.Librdkafka+_TopicPartitionResult_error_delegate
7ffcf497dad0       1         64 Confluent.Kafka.Impl.Librdkafka+_DescribeCluster_delegate
7ffcf497dc48       1         64 Confluent.Kafka.Impl.Librdkafka+_DescribeCluster_result_nodes_delegate
7ffcf497ddc0       1         64 Confluent.Kafka.Impl.Librdkafka+_DescribeCluster_result_authorized_operations_delegate
7ffcf497df38       1         64 Confluent.Kafka.Impl.Librdkafka+_DescribeCluster_result_controller_delegate
7ffcf497e0b0       1         64 Confluent.Kafka.Impl.Librdkafka+_DescribeCluster_result_cluster_id_delegate
7ffcf42f7770       1         64 Microsoft.AspNetCore.Http.Features.FormOptions
7ffcf42e41d8       1         64 System.Action<Microsoft.Extensions.Diagnostics.Metrics.MetricsOptions>
7ffcf4a3d2c0       1         64 System.Func<System.String, Microsoft.Extensions.Options.IOptionsFactory<Microsoft.Extensions.Diagnostics.Metrics.MetricsOptions>, Microsoft.Extensions.Diagnostics.Metrics.MetricsOptions>
7ffcf4a3db70       1         64 System.Func<System.String, System.ValueTuple<System.Func<System.String, Microsoft.Extensions.Options.IOptionsFactory<Microsoft.Extensions.Diagnostics.Metrics.MetricsOptions>, Microsoft.Extensions.Diagnostics.Metrics.MetricsOptions>, Microsoft.Extensions.Options.IOptionsFactory<Microsoft.Extensions.Diagnostics.Metrics.MetricsOptions>>, System.Lazy<Microsoft.Extensions.Diagnostics.Metrics.MetricsOptions>>
7ffcf4a41408       1         64 System.Func<System.String, Microsoft.Extensions.Options.IOptionsFactory<Microsoft.Extensions.DependencyInjection.MetricsServiceExtensions+NoOpOptions>, Microsoft.Extensions.DependencyInjection.MetricsServiceExtensions+NoOpOptions>
7ffcf4a417f0       1         64 System.Func<System.String, System.ValueTuple<System.Func<System.String, Microsoft.Extensions.Options.IOptionsFactory<Microsoft.Extensions.DependencyInjection.MetricsServiceExtensions+NoOpOptions>, Microsoft.Extensions.DependencyInjection.MetricsServiceExtensions+NoOpOptions>, Microsoft.Extensions.Options.IOptionsFactory<Microsoft.Extensions.DependencyInjection.MetricsServiceExtensions+NoOpOptions>>, System.Lazy<Microsoft.Extensions.DependencyInjection.MetricsServiceExtensions+NoOpOptions>>
7ffcf4a43000       1         64 System.Func<System.Threading.Tasks.Task<Microsoft.AspNetCore.DataProtection.KeyManagement.Internal.CacheableKeyRing>, System.AggregateException>
7ffcf4a64480       1         64 System.Xml.Linq.XHashtable<System.Xml.Linq.XName>+ExtractKeyDelegate
7ffcf4a64258       1         64 System.Xml.Linq.XHashtable<System.WeakReference<System.Xml.Linq.XNamespace>>+ExtractKeyDelegate
7ffcf4a7f3b8       1         64 System.Func<Microsoft.AspNetCore.DataProtection.KeyManagement.IKey, System.DateTimeOffset>
7ffcf4a7f670       1         64 System.Func<Microsoft.AspNetCore.DataProtection.KeyManagement.IKey, System.Guid>
7ffcf4b3cd88       2         64 Microsoft.AspNetCore.Server.Kestrel.Core.Internal.ConnectionDispatcher<Microsoft.AspNetCore.Connections.ConnectionContext>+<>c__DisplayClass10_0
7ffcf4b3f7b8       1         64 System.Func<System.IntPtr, System.Net.Sockets.AcceptExDelegate>
7ffcf4ab0028       1         64 System.Func<Microsoft.AspNetCore.Http.HttpContext, System.Boolean>
7ffcf4ac0120       1         64 System.Collections.Specialized.NotifyCollectionChangedEventHandler
7ffcf4acb578       1         64 System.Action<Microsoft.AspNetCore.Cors.Infrastructure.CorsPolicyBuilder>
7ffcf44cbb68       1         64 Microsoft.AspNetCore.Cors.Infrastructure.CorsMiddleware
7ffcf4afe2e8       1         64 Microsoft.AspNetCore.Builder.StaticFileOptions
7ffcf4aff090       1         64 System.Action<Microsoft.AspNetCore.StaticFiles.StaticFileResponseContext>
7ffcf4aff170       1         64 System.Func<Microsoft.AspNetCore.StaticFiles.StaticFileResponseContext, System.Threading.Tasks.Task>
7ffcf4afd630       1         64 Microsoft.AspNetCore.StaticFiles.StaticFileMiddleware
7ffcf4b00120       1         64 System.Func<Microsoft.AspNetCore.Routing.Template.TemplateSegment, Microsoft.AspNetCore.Routing.Patterns.RoutePatternPathSegment>
7ffcf4b00a80       1         64 System.Func<Microsoft.AspNetCore.Routing.Template.TemplatePart, Microsoft.AspNetCore.Routing.Patterns.RoutePatternPart>
7ffcf4b01590       1         64 System.Func<Microsoft.AspNetCore.Routing.Template.InlineConstraint, Microsoft.AspNetCore.Routing.Patterns.RoutePatternParameterPolicyReference>
7ffcf43770d8       1         64 System.Func<System.Collections.Generic.IReadOnlyList<Microsoft.AspNetCore.Http.Endpoint>, System.Collections.Concurrent.ConcurrentDictionary<Microsoft.AspNetCore.Http.Endpoint, Microsoft.AspNetCore.Authorization.AuthorizationPolicy>>
7ffcf43771c8       1         64 System.Func<System.Collections.Concurrent.ConcurrentDictionary<Microsoft.AspNetCore.Http.Endpoint, Microsoft.AspNetCore.Authorization.AuthorizationPolicy>>
7ffcf4b09260       2         64 System.Collections.Generic.List<Microsoft.AspNetCore.Http.Endpoint>
7ffcf6462718       1         64 System.Func<System.Collections.Generic.KeyValuePair<System.ValueTuple<System.String, System.String>, Microsoft.EntityFrameworkCore.Metadata.Internal.Table>, System.ValueTuple<System.String, System.String>>
7ffcf6462a60       1         64 System.Func<System.Collections.Generic.KeyValuePair<System.ValueTuple<System.String, System.String>, Microsoft.EntityFrameworkCore.Metadata.Internal.Table>, Microsoft.EntityFrameworkCore.Metadata.Internal.Table>
7ffcf6468358       1         64 System.Func<System.Collections.Generic.KeyValuePair<System.ValueTuple<System.String, System.String>, Microsoft.EntityFrameworkCore.Metadata.Internal.Table>, System.Collections.Generic.KeyValuePair<System.ValueTuple<System.String, System.String>, Microsoft.EntityFrameworkCore.Metadata.Internal.Table>>
7ffcf6485688       1         64 System.Func<System.Collections.Generic.KeyValuePair<System.ValueTuple<System.String, System.String>, Microsoft.EntityFrameworkCore.Metadata.Internal.View>, System.ValueTuple<System.String, System.String>>
7ffcf6485808       1         64 System.Func<System.Collections.Generic.KeyValuePair<System.ValueTuple<System.String, System.String>, Microsoft.EntityFrameworkCore.Metadata.Internal.View>, Microsoft.EntityFrameworkCore.Metadata.Internal.View>
7ffcf6486930       1         64 System.Func<System.Collections.Generic.KeyValuePair<System.String, Microsoft.EntityFrameworkCore.Metadata.Internal.SqlQuery>, System.String>
7ffcf6486ab0       1         64 System.Func<System.Collections.Generic.KeyValuePair<System.String, Microsoft.EntityFrameworkCore.Metadata.Internal.SqlQuery>, Microsoft.EntityFrameworkCore.Metadata.Internal.SqlQuery>
7ffcf6487c88       1         64 System.Func<System.Collections.Generic.KeyValuePair<System.ValueTuple<System.String, System.String, System.Collections.Generic.IReadOnlyList<System.String>>, Microsoft.EntityFrameworkCore.Metadata.Internal.StoreFunction>, System.ValueTuple<System.String, System.String, System.Collections.Generic.IReadOnlyList<System.String>>>
7ffcf6488150       1         64 System.Func<System.Collections.Generic.KeyValuePair<System.ValueTuple<System.String, System.String, System.Collections.Generic.IReadOnlyList<System.String>>, Microsoft.EntityFrameworkCore.Metadata.Internal.StoreFunction>, Microsoft.EntityFrameworkCore.Metadata.Internal.StoreFunction>
7ffcf648dc78       1         64 System.Func<System.Collections.Generic.KeyValuePair<System.ValueTuple<System.String, System.String>, Microsoft.EntityFrameworkCore.Metadata.Internal.StoreStoredProcedure>, System.ValueTuple<System.String, System.String>>
7ffcf648ddf8       1         64 System.Func<System.Collections.Generic.KeyValuePair<System.ValueTuple<System.String, System.String>, Microsoft.EntityFrameworkCore.Metadata.Internal.StoreStoredProcedure>, Microsoft.EntityFrameworkCore.Metadata.Internal.StoreStoredProcedure>
7ffcf64035c0       1         64 System.Func<Microsoft.EntityFrameworkCore.Metadata.ISqlQueryMapping, System.Boolean>
7ffcf64a5648       1         64 System.Func<Microsoft.EntityFrameworkCore.Metadata.IFunctionMapping, System.Boolean>
7ffcf64aff08       1         64 System.Func<Microsoft.EntityFrameworkCore.Metadata.Internal.ColumnMappingBase, Microsoft.EntityFrameworkCore.Storage.RelationalTypeMapping>
7ffcf6105900       1         64 System.Func<Microsoft.EntityFrameworkCore.Metadata.IReadOnlyEntityType, System.Boolean>
7ffcf64be310       1         64 System.Func<System.Reflection.MethodInfo>
7ffcf64ceba0       1         64 System.Collections.Generic.HashSet<System.Reflection.MethodInfo>
7ffcf6563af8       1         64 System.Func<System.Type, System.Reflection.ConstructorInfo>
7ffcf6350800       1         64 System.Func<Microsoft.EntityFrameworkCore.Query.QueryContext, System.Collections.Generic.IEnumerable<<>f__AnonymousType11<System.String, System.String>>>
7ffcf6e44860       1         64 System.Func<Microsoft.EntityFrameworkCore.Internal.InternalDbSet<Order.Infrastructure.Entities.Promotion.PromotionItemModel>, Microsoft.EntityFrameworkCore.Query.Internal.EntityQueryable<Order.Infrastructure.Entities.Promotion.PromotionItemModel>>
7ffcf65a2e60       1         64 System.Func<Microsoft.EntityFrameworkCore.Query.SqlExpressions.SqlParameterExpression, Microsoft.EntityFrameworkCore.Query.SqlExpressions.SqlParameterExpression, System.Boolean>
7ffcf65a2f58       1         64 System.Func<Microsoft.EntityFrameworkCore.Query.SqlExpressions.SqlParameterExpression, System.Int32>
7ffcf65a33b0       1         64 System.Func<Microsoft.EntityFrameworkCore.Query.QueryParameterExpression, Microsoft.EntityFrameworkCore.Query.QueryParameterExpression, System.Boolean>
7ffcf65a34a8       1         64 System.Func<Microsoft.EntityFrameworkCore.Query.QueryParameterExpression, System.Int32>
7ffcf67da070       1         64 System.Action<System.Threading.Tasks.Task<System.Object>, System.Object>
7ffcf67fc710       1         64 System.Configuration.ClientConfigurationSystem
7ffcf68210b0       1         64 System.Configuration.Internal.InternalConfigEventHandler
7ffcf6864f80       1         64 System.Collections.Concurrent.ConcurrentDictionary<System.ValueTuple<System.String, Interop+BCrypt+BCryptOpenAlgorithmProviderFlags>, System.ValueTuple<Microsoft.Win32.SafeHandles.SafeBCryptAlgorithmHandle, System.Int32>>+Node
7ffcf686a138       1         64 System.Predicate<System.Exception>
7ffcf688d1a8       1         64 Microsoft.Data.SqlClient.SNILoadHandle
7ffcf68fd358       1         64 System.Func<Microsoft.Extensions.Logging.LogLevel, System.Action<Microsoft.Extensions.Logging.ILogger, System.String, System.Data.CommandType, System.Int32, System.String, System.String, System.Exception>>
7ffcf68fd240       1         64 System.Action<Microsoft.Extensions.Logging.ILogger, System.String, System.Data.CommandType, System.Int32, System.String, System.String, System.Exception>
7ffcf69210a0       1         64 System.Func<Microsoft.Extensions.Logging.LogLevel, System.Action<Microsoft.Extensions.Logging.ILogger, System.String, System.String, System.Data.CommandType, System.Int32, System.String, System.String, System.Exception>>
7ffcf6920f80       1         64 System.Action<Microsoft.Extensions.Logging.ILogger, System.String, System.String, System.Data.CommandType, System.Int32, System.String, System.String, System.Exception>
7ffcf81f4500       1         64 System.Action<System.Threading.AsyncLocalValueChangedArgs<System.Diagnostics.Tracing.ActivityTracker+ActivityInfo>>
7ffcf69649c0       2         64 Microsoft.EntityFrameworkCore.Storage.Json.JsonCollectionOfReferencesReaderWriter<System.Collections.Generic.List<System.String>, System.String>
7ffcf6965e90       2         64 System.Linq.Expressions.Expression1<System.Func<System.Object, System.Int32>>
7ffcf52368a0       2         64 System.Linq.Expressions.Expression1<System.Func<System.Object, System.Object>>
7ffcf6967e20       2         64 System.Linq.Expressions.Expression1<System.Func<System.Collections.Generic.IEnumerable<System.String>, System.String>>
7ffcf6968308       2         64 System.Linq.Expressions.Expression1<System.Func<System.String, System.Collections.Generic.IEnumerable<System.String>>>
7ffcf6970028       1         64 System.Func<Microsoft.EntityFrameworkCore.Metadata.IEntityType, System.Collections.Generic.IEnumerable<Microsoft.EntityFrameworkCore.Metadata.IComplexProperty>>
7ffcf64b7648       1         64 System.Func<System.Linq.Expressions.BinaryExpression, System.Linq.Expressions.BinaryExpression, System.Linq.Expressions.BinaryExpression>
7ffcf6972200       1         64 System.Action<Microsoft.EntityFrameworkCore.Metadata.RuntimePropertyBase>
7ffcf69725e0       1         64 System.Func<Microsoft.EntityFrameworkCore.Metadata.RuntimeEntityType, Microsoft.EntityFrameworkCore.Metadata.Internal.PropertyCounts>
7ffcf697d6b8       1         64 System.Action<Microsoft.EntityFrameworkCore.Metadata.RuntimeEntityType>
7ffcf697bf70       1         64 System.Func<Microsoft.EntityFrameworkCore.Metadata.IComplexProperty, System.Boolean>
7ffcf6a01c68       1         64 System.Func<Microsoft.EntityFrameworkCore.Query.SqlExpressions.TableExpressionBase, Microsoft.EntityFrameworkCore.Query.SqlExpressions.TableExpressionBase>
7ffcf6a020d8       1         64 System.Func<System.ValueTuple<Microsoft.EntityFrameworkCore.Query.SqlExpressions.TableExpressionBase, Microsoft.EntityFrameworkCore.Query.SqlExpressions.TableExpressionBase>, System.Boolean>
7ffcf63e7f10       1         64 System.Func<System.Linq.Expressions.Expression, System.Boolean>
7ffcf69fe918       1         64 System.Func<System.Collections.Generic.KeyValuePair<Microsoft.EntityFrameworkCore.Metadata.ITableBase, System.String>, Microsoft.EntityFrameworkCore.Metadata.ITableBase>
7ffcf6a1a9c0       1         64 System.Func<Microsoft.EntityFrameworkCore.Metadata.RuntimeNavigation, Microsoft.EntityFrameworkCore.Metadata.IClrCollectionAccessor>
7ffcf58fec28       1         64 System.Func<Order.Infrastructure.Entities.SubOrderModels.SubOrderModel, System.Collections.Generic.ICollection<Order.Infrastructure.Entities.SubOrderModels.SubOrderAddressModel>>
7ffcf6a1fb58       1         64 System.Func<Order.Infrastructure.Entities.SubOrderModels.SubOrderModel, System.Action<Order.Infrastructure.Entities.SubOrderModels.SubOrderModel, System.Collections.Generic.ICollection<Order.Infrastructure.Entities.SubOrderModels.SubOrderAddressModel>>, System.Collections.Generic.ICollection<Order.Infrastructure.Entities.SubOrderModels.SubOrderAddressModel>>
7ffcf6a30040       1         64 System.Func<System.Collections.Generic.ICollection<Order.Infrastructure.Entities.SubOrderModels.SubOrderAddressModel>>
7ffcf6e45818       1         64 System.Func<Microsoft.EntityFrameworkCore.Query.QueryContext, System.Collections.Generic.IEnumerable<Order.Infrastructure.Entities.Promotion.PromotionItemModel>>
7ffcf6e46f58       1         64 System.Func<Microsoft.EntityFrameworkCore.DbContext, Microsoft.EntityFrameworkCore.Query.Internal.SingleQueryingEnumerable<Order.Infrastructure.Entities.Promotion.PromotionItemModel>+Enumerator, System.Boolean>
7ffcf5afb6d0       1         64 System.Func<Order.Infrastructure.Entities.SubOrderModels.SubOrderItemAmtDtlModel, System.Collections.Generic.ICollection<Order.Infrastructure.Entities.SubOrderModels.SubOrderItemTaxModel>>
7ffcf6a36608       1         64 System.Func<Order.Infrastructure.Entities.SubOrderModels.SubOrderItemAmtDtlModel, System.Action<Order.Infrastructure.Entities.SubOrderModels.SubOrderItemAmtDtlModel, System.Collections.Generic.ICollection<Order.Infrastructure.Entities.SubOrderModels.SubOrderItemTaxModel>>, System.Collections.Generic.ICollection<Order.Infrastructure.Entities.SubOrderModels.SubOrderItemTaxModel>>
7ffcf5afb978       1         64 System.Func<Order.Infrastructure.Entities.SubOrderModels.SubOrderItemFulFillmentModel, System.Collections.Generic.List<Order.Infrastructure.Entities.SubOrderModels.SubOrderItemDeliveryWindowModel>>
7ffcf6a39f20       1         64 System.Func<Order.Infrastructure.Entities.SubOrderModels.SubOrderItemFulFillmentModel, System.Action<Order.Infrastructure.Entities.SubOrderModels.SubOrderItemFulFillmentModel, System.Collections.Generic.List<Order.Infrastructure.Entities.SubOrderModels.SubOrderItemDeliveryWindowModel>>, System.Collections.Generic.List<Order.Infrastructure.Entities.SubOrderModels.SubOrderItemDeliveryWindowModel>>
7ffcf6a3a3d0       1         64 System.Func<System.Collections.Generic.List<Order.Infrastructure.Entities.SubOrderModels.SubOrderItemDeliveryWindowModel>>
7ffcf5afbc20       1         64 System.Func<Order.Infrastructure.Entities.SubOrderModels.SubOrderItemModel, System.Collections.Generic.ICollection<Order.Infrastructure.Entities.SubOrderModels.SubOrderItemPromotionsModel>>
7ffcf6a3d288       1         64 System.Func<Order.Infrastructure.Entities.SubOrderModels.SubOrderItemModel, System.Action<Order.Infrastructure.Entities.SubOrderModels.SubOrderItemModel, System.Collections.Generic.ICollection<Order.Infrastructure.Entities.SubOrderModels.SubOrderItemPromotionsModel>>, System.Collections.Generic.ICollection<Order.Infrastructure.Entities.SubOrderModels.SubOrderItemPromotionsModel>>
7ffcf6a3d7b0       1         64 System.Func<System.Collections.Generic.ICollection<Order.Infrastructure.Entities.SubOrderModels.SubOrderItemPromotionsModel>>
7ffcf5afbec8       1         64 System.Func<Order.Infrastructure.Entities.SubOrderModels.SubOrderItemPayModel, System.Collections.Generic.ICollection<Order.Infrastructure.Entities.SubOrderModels.SubOrderItemTaxModel>>
7ffcf6a3f218       1         64 System.Func<Order.Infrastructure.Entities.SubOrderModels.SubOrderItemPayModel, System.Action<Order.Infrastructure.Entities.SubOrderModels.SubOrderItemPayModel, System.Collections.Generic.ICollection<Order.Infrastructure.Entities.SubOrderModels.SubOrderItemTaxModel>>, System.Collections.Generic.ICollection<Order.Infrastructure.Entities.SubOrderModels.SubOrderItemTaxModel>>
7ffcf585baf8       1         64 System.Func<Order.Infrastructure.Entities.SubOrderModels.SubOrderItemModel, System.Collections.Generic.ICollection<Order.Infrastructure.Entities.SubOrderModels.SubOrderItemPayModel>>
7ffcf6a41af0       1         64 System.Func<Order.Infrastructure.Entities.SubOrderModels.SubOrderItemModel, System.Action<Order.Infrastructure.Entities.SubOrderModels.SubOrderItemModel, System.Collections.Generic.ICollection<Order.Infrastructure.Entities.SubOrderModels.SubOrderItemPayModel>>, System.Collections.Generic.ICollection<Order.Infrastructure.Entities.SubOrderModels.SubOrderItemPayModel>>
7ffcf6a42018       1         64 System.Func<System.Collections.Generic.ICollection<Order.Infrastructure.Entities.SubOrderModels.SubOrderItemPayModel>>
7ffcf585bfa0       1         64 System.Func<Order.Infrastructure.Entities.SubOrderModels.SubOrderItemModel, System.Collections.Generic.ICollection<Order.Infrastructure.Entities.SubOrderModels.SubOrderItemRemarkModel>>
7ffcf6a44248       1         64 System.Func<Order.Infrastructure.Entities.SubOrderModels.SubOrderItemModel, System.Action<Order.Infrastructure.Entities.SubOrderModels.SubOrderItemModel, System.Collections.Generic.ICollection<Order.Infrastructure.Entities.SubOrderModels.SubOrderItemRemarkModel>>, System.Collections.Generic.ICollection<Order.Infrastructure.Entities.SubOrderModels.SubOrderItemRemarkModel>>
7ffcf6a44770       1         64 System.Func<System.Collections.Generic.ICollection<Order.Infrastructure.Entities.SubOrderModels.SubOrderItemRemarkModel>>
7ffcf5822530       1         64 System.Func<Order.Infrastructure.Entities.SubOrderModels.SubOrderItemModel, System.Collections.Generic.ICollection<Order.Infrastructure.Entities.SubOrderModels.SubOrderItemBarcodeModel>>
7ffcf6a469a0       1         64 System.Func<Order.Infrastructure.Entities.SubOrderModels.SubOrderItemModel, System.Action<Order.Infrastructure.Entities.SubOrderModels.SubOrderItemModel, System.Collections.Generic.ICollection<Order.Infrastructure.Entities.SubOrderModels.SubOrderItemBarcodeModel>>, System.Collections.Generic.ICollection<Order.Infrastructure.Entities.SubOrderModels.SubOrderItemBarcodeModel>>
7ffcf6a46ec8       1         64 System.Func<System.Collections.Generic.ICollection<Order.Infrastructure.Entities.SubOrderModels.SubOrderItemBarcodeModel>>
7ffcf5857748       1         64 System.Func<Order.Infrastructure.Entities.SubOrderModels.SubOrderModel, System.Collections.Generic.ICollection<Order.Infrastructure.Entities.SubOrderModels.SubOrderItemModel>>
7ffcf6a49068       1         64 System.Func<Order.Infrastructure.Entities.SubOrderModels.SubOrderModel, System.Action<Order.Infrastructure.Entities.SubOrderModels.SubOrderModel, System.Collections.Generic.ICollection<Order.Infrastructure.Entities.SubOrderModels.SubOrderItemModel>>, System.Collections.Generic.ICollection<Order.Infrastructure.Entities.SubOrderModels.SubOrderItemModel>>
7ffcf6a49590       1         64 System.Func<System.Collections.Generic.ICollection<Order.Infrastructure.Entities.SubOrderModels.SubOrderItemModel>>
7ffcf5afc208       1         64 System.Func<Order.Infrastructure.Entities.SubOrderModels.SubOrderModel, System.Collections.Generic.ICollection<Order.Infrastructure.Entities.SubOrderModels.SubOrderRemarkModel>>
7ffcf6a4b7c0       1         64 System.Func<Order.Infrastructure.Entities.SubOrderModels.SubOrderModel, System.Action<Order.Infrastructure.Entities.SubOrderModels.SubOrderModel, System.Collections.Generic.ICollection<Order.Infrastructure.Entities.SubOrderModels.SubOrderRemarkModel>>, System.Collections.Generic.ICollection<Order.Infrastructure.Entities.SubOrderModels.SubOrderRemarkModel>>
7ffcf6a4bce8       1         64 System.Func<System.Collections.Generic.ICollection<Order.Infrastructure.Entities.SubOrderModels.SubOrderRemarkModel>>
7ffcf5afc410       1         64 System.Func<Order.Infrastructure.Entities.SubOrderModels.SubOrderModel, System.Collections.Generic.ICollection<Order.Infrastructure.Entities.SubOrderModels.SubOrderPromotionModel>>
7ffcf6a4e3f8       1         64 System.Func<Order.Infrastructure.Entities.SubOrderModels.SubOrderModel, System.Action<Order.Infrastructure.Entities.SubOrderModels.SubOrderModel, System.Collections.Generic.ICollection<Order.Infrastructure.Entities.SubOrderModels.SubOrderPromotionModel>>, System.Collections.Generic.ICollection<Order.Infrastructure.Entities.SubOrderModels.SubOrderPromotionModel>>
7ffcf6a4e920       1         64 System.Func<System.Collections.Generic.ICollection<Order.Infrastructure.Entities.SubOrderModels.SubOrderPromotionModel>>
7ffcf5afcb60       1         64 System.Func<Order.Infrastructure.Entities.SubOrderModels.SubOrderFeeAmountDtlModel, System.Collections.Generic.ICollection<Order.Infrastructure.Entities.SubOrderModels.SubOrderFeeTaxModel>>
7ffcf6ac0be0       1         64 System.Func<Order.Infrastructure.Entities.SubOrderModels.SubOrderFeeAmountDtlModel, System.Action<Order.Infrastructure.Entities.SubOrderModels.SubOrderFeeAmountDtlModel, System.Collections.Generic.ICollection<Order.Infrastructure.Entities.SubOrderModels.SubOrderFeeTaxModel>>, System.Collections.Generic.ICollection<Order.Infrastructure.Entities.SubOrderModels.SubOrderFeeTaxModel>>
7ffcf5afce08       1         64 System.Func<Order.Infrastructure.Entities.SubOrderModels.SubOrderFeePaymentModel, System.Collections.Generic.ICollection<Order.Infrastructure.Entities.SubOrderModels.SubOrderFeeTaxModel>>
7ffcf6ac3530       1         64 System.Func<Order.Infrastructure.Entities.SubOrderModels.SubOrderFeePaymentModel, System.Action<Order.Infrastructure.Entities.SubOrderModels.SubOrderFeePaymentModel, System.Collections.Generic.ICollection<Order.Infrastructure.Entities.SubOrderModels.SubOrderFeeTaxModel>>, System.Collections.Generic.ICollection<Order.Infrastructure.Entities.SubOrderModels.SubOrderFeeTaxModel>>
7ffcf5859998       1         64 System.Func<Order.Infrastructure.Entities.SubOrderModels.SubOrderFeeModel, System.Collections.Generic.ICollection<Order.Infrastructure.Entities.SubOrderModels.SubOrderFeePaymentModel>>
7ffcf6ac5438       1         64 System.Func<Order.Infrastructure.Entities.SubOrderModels.SubOrderFeeModel, System.Action<Order.Infrastructure.Entities.SubOrderModels.SubOrderFeeModel, System.Collections.Generic.ICollection<Order.Infrastructure.Entities.SubOrderModels.SubOrderFeePaymentModel>>, System.Collections.Generic.ICollection<Order.Infrastructure.Entities.SubOrderModels.SubOrderFeePaymentModel>>
7ffcf6ac5960       1         64 System.Func<System.Collections.Generic.ICollection<Order.Infrastructure.Entities.SubOrderModels.SubOrderFeePaymentModel>>
7ffcf6bc3430       1         64 System.Func<Microsoft.EntityFrameworkCore.DbContext, Microsoft.EntityFrameworkCore.Query.Internal.SplitQueryingEnumerable<Order.Infrastructure.Entities.SubOrderModels.SubOrderModel>+Enumerator, System.Boolean>
7ffcf69bbb88       1         64 System.Func<Microsoft.EntityFrameworkCore.Query.QueryContext, System.Collections.Generic.IEnumerable<Order.Infrastructure.Entities.SubOrderModels.SubOrderModel>>
7ffcf5857bf0       1         64 System.Func<Order.Infrastructure.Entities.SubOrderModels.SubOrderModel, System.Collections.Generic.ICollection<Order.Infrastructure.Entities.SubOrderModels.SubOrderFeeModel>>
7ffcf6ac7b90       1         64 System.Func<Order.Infrastructure.Entities.SubOrderModels.SubOrderModel, System.Action<Order.Infrastructure.Entities.SubOrderModels.SubOrderModel, System.Collections.Generic.ICollection<Order.Infrastructure.Entities.SubOrderModels.SubOrderFeeModel>>, System.Collections.Generic.ICollection<Order.Infrastructure.Entities.SubOrderModels.SubOrderFeeModel>>
7ffcf6ac80b8       1         64 System.Func<System.Collections.Generic.ICollection<Order.Infrastructure.Entities.SubOrderModels.SubOrderFeeModel>>
7ffcf67d0790       1         64 System.Predicate<Microsoft.EntityFrameworkCore.Query.SqlExpressions.OrderingExpression>
7ffcf6bc5f68       1         64 System.Func<Microsoft.EntityFrameworkCore.Metadata.IEntityType, System.Collections.Generic.IEnumerable<Microsoft.EntityFrameworkCore.Metadata.IServiceProperty>>
7ffcf6bc60e8       1         64 System.Func<Microsoft.EntityFrameworkCore.Metadata.IServiceProperty, System.Boolean>
7ffcf6e4bcd0       1         64 System.Func<System.ValueTuple<System.String, System.Type, System.Reflection.MemberInfo>, System.Func<System.ValueTuple<System.String, System.Type, System.Reflection.MemberInfo>, System.Func<System.Object, System.Collections.Generic.List<System.String>>>, System.Text.Json.Serialization.Metadata.ReflectionEmitCachingMemberAccessor+Cache<System.ValueTuple<System.String, System.Type, System.Reflection.MemberInfo>>+CacheEntry>
7ffcf6e4c4c8       1         64 System.Func<System.ValueTuple<System.String, System.Type, System.Reflection.MemberInfo>, System.Func<System.ValueTuple<System.String, System.Type, System.Reflection.MemberInfo>, System.Action<System.Object, System.Collections.Generic.List<System.String>>>, System.Text.Json.Serialization.Metadata.ReflectionEmitCachingMemberAccessor+Cache<System.ValueTuple<System.String, System.Type, System.Reflection.MemberInfo>>+CacheEntry>
7ffcf6e4d400       1         64 System.Func<System.ValueTuple<System.String, System.Type, System.Reflection.MemberInfo>, System.Func<System.ValueTuple<System.String, System.Type, System.Reflection.MemberInfo>, System.Func<System.Object, System.DateTime>>, System.Text.Json.Serialization.Metadata.ReflectionEmitCachingMemberAccessor+Cache<System.ValueTuple<System.String, System.Type, System.Reflection.MemberInfo>>+CacheEntry>
7ffcf6e4db98       1         64 System.Func<System.ValueTuple<System.String, System.Type, System.Reflection.MemberInfo>, System.Func<System.ValueTuple<System.String, System.Type, System.Reflection.MemberInfo>, System.Action<System.Object, System.DateTime>>, System.Text.Json.Serialization.Metadata.ReflectionEmitCachingMemberAccessor+Cache<System.ValueTuple<System.String, System.Type, System.Reflection.MemberInfo>>+CacheEntry>
7ffcf6e506b0       1         64 System.Func<System.ValueTuple<System.String, System.Type, System.Reflection.MemberInfo>, System.Func<System.ValueTuple<System.String, System.Type, System.Reflection.MemberInfo>, System.Func<System.Object, System.Collections.Generic.List<CommonApiMessage.AggregatesModel.SubOrderMessage.SubOrderMessageRemarkViewModel>>>, System.Text.Json.Serialization.Metadata.ReflectionEmitCachingMemberAccessor+Cache<System.ValueTuple<System.String, System.Type, System.Reflection.MemberInfo>>+CacheEntry>
7ffcf6e50ea8       1         64 System.Func<System.ValueTuple<System.String, System.Type, System.Reflection.MemberInfo>, System.Func<System.ValueTuple<System.String, System.Type, System.Reflection.MemberInfo>, System.Action<System.Object, System.Collections.Generic.List<CommonApiMessage.AggregatesModel.SubOrderMessage.SubOrderMessageRemarkViewModel>>>, System.Text.Json.Serialization.Metadata.ReflectionEmitCachingMemberAccessor+Cache<System.ValueTuple<System.String, System.Type, System.Reflection.MemberInfo>>+CacheEntry>
7ffcf6e51868       1         64 System.Func<System.ValueTuple<System.String, System.Type, System.Reflection.MemberInfo>, System.Func<System.ValueTuple<System.String, System.Type, System.Reflection.MemberInfo>, System.Func<System.Object, System.Collections.Generic.List<CommonApiMessage.AggregatesModel.SubOrderMessage.SubOrderMessageAddressViewModel>>>, System.Text.Json.Serialization.Metadata.ReflectionEmitCachingMemberAccessor+Cache<System.ValueTuple<System.String, System.Type, System.Reflection.MemberInfo>>+CacheEntry>
7ffcf6e53b08       1         64 System.Func<System.ValueTuple<System.String, System.Type, System.Reflection.MemberInfo>, System.Func<System.ValueTuple<System.String, System.Type, System.Reflection.MemberInfo>, System.Action<System.Object, System.Collections.Generic.List<CommonApiMessage.AggregatesModel.SubOrderMessage.SubOrderMessageAddressViewModel>>>, System.Text.Json.Serialization.Metadata.ReflectionEmitCachingMemberAccessor+Cache<System.ValueTuple<System.String, System.Type, System.Reflection.MemberInfo>>+CacheEntry>
7ffcf6e54520       1         64 System.Func<System.ValueTuple<System.String, System.Type, System.Reflection.MemberInfo>, System.Func<System.ValueTuple<System.String, System.Type, System.Reflection.MemberInfo>, System.Func<System.Object, System.Collections.Generic.List<CommonApiMessage.AggregatesModel.SubOrderMessage.SubOrderMessageItemViewModel>>>, System.Text.Json.Serialization.Metadata.ReflectionEmitCachingMemberAccessor+Cache<System.ValueTuple<System.String, System.Type, System.Reflection.MemberInfo>>+CacheEntry>
7ffcf6e54c90       1         64 System.Func<System.ValueTuple<System.String, System.Type, System.Reflection.MemberInfo>, System.Func<System.ValueTuple<System.String, System.Type, System.Reflection.MemberInfo>, System.Action<System.Object, System.Collections.Generic.List<CommonApiMessage.AggregatesModel.SubOrderMessage.SubOrderMessageItemViewModel>>>, System.Text.Json.Serialization.Metadata.ReflectionEmitCachingMemberAccessor+Cache<System.ValueTuple<System.String, System.Type, System.Reflection.MemberInfo>>+CacheEntry>
7ffcf6e52150       1         64 System.Func<System.ValueTuple<System.String, System.Type, System.Reflection.MemberInfo>, System.Func<System.ValueTuple<System.String, System.Type, System.Reflection.MemberInfo>, System.Func<System.Object, System.Collections.Generic.List<CommonApiMessage.AggregatesModel.OrderMessage.OrderMessagePaymentViewModel>>>, System.Text.Json.Serialization.Metadata.ReflectionEmitCachingMemberAccessor+Cache<System.ValueTuple<System.String, System.Type, System.Reflection.MemberInfo>>+CacheEntry>
7ffcf6e52928       1         64 System.Func<System.ValueTuple<System.String, System.Type, System.Reflection.MemberInfo>, System.Func<System.ValueTuple<System.String, System.Type, System.Reflection.MemberInfo>, System.Action<System.Object, System.Collections.Generic.List<CommonApiMessage.AggregatesModel.OrderMessage.OrderMessagePaymentViewModel>>>, System.Text.Json.Serialization.Metadata.ReflectionEmitCachingMemberAccessor+Cache<System.ValueTuple<System.String, System.Type, System.Reflection.MemberInfo>>+CacheEntry>
7ffcf6e532e8       1         64 System.Func<System.ValueTuple<System.String, System.Type, System.Reflection.MemberInfo>, System.Func<System.ValueTuple<System.String, System.Type, System.Reflection.MemberInfo>, System.Func<System.Object, System.Collections.Generic.List<CommonApiMessage.AggregatesModel.OrderMessage.OrderMessageCustomerViewModel>>>, System.Text.Json.Serialization.Metadata.ReflectionEmitCachingMemberAccessor+Cache<System.ValueTuple<System.String, System.Type, System.Reflection.MemberInfo>>+CacheEntry>
7ffcf6e55a98       1         64 System.Func<System.ValueTuple<System.String, System.Type, System.Reflection.MemberInfo>, System.Func<System.ValueTuple<System.String, System.Type, System.Reflection.MemberInfo>, System.Action<System.Object, System.Collections.Generic.List<CommonApiMessage.AggregatesModel.OrderMessage.OrderMessageCustomerViewModel>>>, System.Text.Json.Serialization.Metadata.ReflectionEmitCachingMemberAccessor+Cache<System.ValueTuple<System.String, System.Type, System.Reflection.MemberInfo>>+CacheEntry>
7ffcf6e563d8       1         64 System.Func<System.ValueTuple<System.String, System.Type, System.Reflection.MemberInfo>, System.Func<System.ValueTuple<System.String, System.Type, System.Reflection.MemberInfo>, System.Func<System.Object, System.Collections.Generic.List<CommonApiMessage.AggregatesModel.OrderMessage.OrderMessageItemViewModel>>>, System.Text.Json.Serialization.Metadata.ReflectionEmitCachingMemberAccessor+Cache<System.ValueTuple<System.String, System.Type, System.Reflection.MemberInfo>>+CacheEntry>
7ffcf6e56b60       1         64 System.Func<System.ValueTuple<System.String, System.Type, System.Reflection.MemberInfo>, System.Func<System.ValueTuple<System.String, System.Type, System.Reflection.MemberInfo>, System.Action<System.Object, System.Collections.Generic.List<CommonApiMessage.AggregatesModel.OrderMessage.OrderMessageItemViewModel>>>, System.Text.Json.Serialization.Metadata.ReflectionEmitCachingMemberAccessor+Cache<System.ValueTuple<System.String, System.Type, System.Reflection.MemberInfo>>+CacheEntry>
7ffcf6e574a0       1         64 System.Func<System.ValueTuple<System.String, System.Type, System.Reflection.MemberInfo>, System.Func<System.ValueTuple<System.String, System.Type, System.Reflection.MemberInfo>, System.Func<System.Object, System.Collections.Generic.List<CommonApiMessage.AggregatesModel.OrderMessage.OrderMessagePromotionViewModel>>>, System.Text.Json.Serialization.Metadata.ReflectionEmitCachingMemberAccessor+Cache<System.ValueTuple<System.String, System.Type, System.Reflection.MemberInfo>>+CacheEntry>
7ffcf6e57c28       1         64 System.Func<System.ValueTuple<System.String, System.Type, System.Reflection.MemberInfo>, System.Func<System.ValueTuple<System.String, System.Type, System.Reflection.MemberInfo>, System.Action<System.Object, System.Collections.Generic.List<CommonApiMessage.AggregatesModel.OrderMessage.OrderMessagePromotionViewModel>>>, System.Text.Json.Serialization.Metadata.ReflectionEmitCachingMemberAccessor+Cache<System.ValueTuple<System.String, System.Type, System.Reflection.MemberInfo>>+CacheEntry>
7ffcf6e58568       1         64 System.Func<System.ValueTuple<System.String, System.Type, System.Reflection.MemberInfo>, System.Func<System.ValueTuple<System.String, System.Type, System.Reflection.MemberInfo>, System.Func<System.Object, System.Collections.Generic.List<CommonApiMessage.AggregatesModel.SubOrderMessage.SubOrderMessagePromotionViewModel>>>, System.Text.Json.Serialization.Metadata.ReflectionEmitCachingMemberAccessor+Cache<System.ValueTuple<System.String, System.Type, System.Reflection.MemberInfo>>+CacheEntry>
7ffcf6e58cf0       1         64 System.Func<System.ValueTuple<System.String, System.Type, System.Reflection.MemberInfo>, System.Func<System.ValueTuple<System.String, System.Type, System.Reflection.MemberInfo>, System.Action<System.Object, System.Collections.Generic.List<CommonApiMessage.AggregatesModel.SubOrderMessage.SubOrderMessagePromotionViewModel>>>, System.Text.Json.Serialization.Metadata.ReflectionEmitCachingMemberAccessor+Cache<System.ValueTuple<System.String, System.Type, System.Reflection.MemberInfo>>+CacheEntry>
7ffcf6e596a0       1         64 System.Func<System.ValueTuple<System.String, System.Type, System.Reflection.MemberInfo>, System.Func<System.ValueTuple<System.String, System.Type, System.Reflection.MemberInfo>, System.Func<System.Object, System.Collections.Generic.List<CommonApiMessage.AggregatesModel.SubOrderMessage.SubOrderMessageFeeViewModel>>>, System.Text.Json.Serialization.Metadata.ReflectionEmitCachingMemberAccessor+Cache<System.ValueTuple<System.String, System.Type, System.Reflection.MemberInfo>>+CacheEntry>
7ffcf6e59e98       1         64 System.Func<System.ValueTuple<System.String, System.Type, System.Reflection.MemberInfo>, System.Func<System.ValueTuple<System.String, System.Type, System.Reflection.MemberInfo>, System.Action<System.Object, System.Collections.Generic.List<CommonApiMessage.AggregatesModel.SubOrderMessage.SubOrderMessageFeeViewModel>>>, System.Text.Json.Serialization.Metadata.ReflectionEmitCachingMemberAccessor+Cache<System.ValueTuple<System.String, System.Type, System.Reflection.MemberInfo>>+CacheEntry>
7ffcf6e5c470       1         64 System.Func<System.ValueTuple<System.String, System.Type, System.Reflection.MemberInfo>, System.Func<System.ValueTuple<System.String, System.Type, System.Reflection.MemberInfo>, System.Func<System.Object, System.Collections.Generic.List<CommonApiMessage.AggregatesModel.Package.PackageInfoMessageViewModel>>>, System.Text.Json.Serialization.Metadata.ReflectionEmitCachingMemberAccessor+Cache<System.ValueTuple<System.String, System.Type, System.Reflection.MemberInfo>>+CacheEntry>
7ffcf6e5cc68       1         64 System.Func<System.ValueTuple<System.String, System.Type, System.Reflection.MemberInfo>, System.Func<System.ValueTuple<System.String, System.Type, System.Reflection.MemberInfo>, System.Action<System.Object, System.Collections.Generic.List<CommonApiMessage.AggregatesModel.Package.PackageInfoMessageViewModel>>>, System.Text.Json.Serialization.Metadata.ReflectionEmitCachingMemberAccessor+Cache<System.ValueTuple<System.String, System.Type, System.Reflection.MemberInfo>>+CacheEntry>
7ffcf6e5d628       1         64 System.Func<System.ValueTuple<System.String, System.Type, System.Reflection.MemberInfo>, System.Func<System.ValueTuple<System.String, System.Type, System.Reflection.MemberInfo>, System.Func<System.Object, System.Collections.Generic.List<CommonApiMessage.AggregatesModel.OrderMessage.OrderMessageAddressViewModel>>>, System.Text.Json.Serialization.Metadata.ReflectionEmitCachingMemberAccessor+Cache<System.ValueTuple<System.String, System.Type, System.Reflection.MemberInfo>>+CacheEntry>
7ffcf6e5de20       1         64 System.Func<System.ValueTuple<System.String, System.Type, System.Reflection.MemberInfo>, System.Func<System.ValueTuple<System.String, System.Type, System.Reflection.MemberInfo>, System.Action<System.Object, System.Collections.Generic.List<CommonApiMessage.AggregatesModel.OrderMessage.OrderMessageAddressViewModel>>>, System.Text.Json.Serialization.Metadata.ReflectionEmitCachingMemberAccessor+Cache<System.ValueTuple<System.String, System.Type, System.Reflection.MemberInfo>>+CacheEntry>
7ffcf6e5e7e0       1         64 System.Func<System.ValueTuple<System.String, System.Type, System.Reflection.MemberInfo>, System.Func<System.ValueTuple<System.String, System.Type, System.Reflection.MemberInfo>, System.Func<System.Object, System.Collections.Generic.List<CommonApiMessage.AggregatesModel.Package.PackageTbMessage>>>, System.Text.Json.Serialization.Metadata.ReflectionEmitCachingMemberAccessor+Cache<System.ValueTuple<System.String, System.Type, System.Reflection.MemberInfo>>+CacheEntry>
7ffcf6e5efd8       1         64 System.Func<System.ValueTuple<System.String, System.Type, System.Reflection.MemberInfo>, System.Func<System.ValueTuple<System.String, System.Type, System.Reflection.MemberInfo>, System.Action<System.Object, System.Collections.Generic.List<CommonApiMessage.AggregatesModel.Package.PackageTbMessage>>>, System.Text.Json.Serialization.Metadata.ReflectionEmitCachingMemberAccessor+Cache<System.ValueTuple<System.String, System.Type, System.Reflection.MemberInfo>>+CacheEntry>
7ffcf6e6a928       1         64 System.Func<System.ValueTuple<System.String, System.Type, System.Reflection.MemberInfo>, System.Func<System.ValueTuple<System.String, System.Type, System.Reflection.MemberInfo>, System.Func<System.Object, System.Decimal>>, System.Text.Json.Serialization.Metadata.ReflectionEmitCachingMemberAccessor+Cache<System.ValueTuple<System.String, System.Type, System.Reflection.MemberInfo>>+CacheEntry>
7ffcf6e6b0b8       1         64 System.Func<System.ValueTuple<System.String, System.Type, System.Reflection.MemberInfo>, System.Func<System.ValueTuple<System.String, System.Type, System.Reflection.MemberInfo>, System.Action<System.Object, System.Decimal>>, System.Text.Json.Serialization.Metadata.ReflectionEmitCachingMemberAccessor+Cache<System.ValueTuple<System.String, System.Type, System.Reflection.MemberInfo>>+CacheEntry>
7ffcf6e6fb28       1         64 System.Func<System.ValueTuple<System.String, System.Type, System.Reflection.MemberInfo>, System.Func<System.ValueTuple<System.String, System.Type, System.Reflection.MemberInfo>, System.Func<System.Object, System.Int64>>, System.Text.Json.Serialization.Metadata.ReflectionEmitCachingMemberAccessor+Cache<System.ValueTuple<System.String, System.Type, System.Reflection.MemberInfo>>+CacheEntry>
7ffcf6e70410       1         64 System.Func<System.ValueTuple<System.String, System.Type, System.Reflection.MemberInfo>, System.Func<System.ValueTuple<System.String, System.Type, System.Reflection.MemberInfo>, System.Action<System.Object, System.Int64>>, System.Text.Json.Serialization.Metadata.ReflectionEmitCachingMemberAccessor+Cache<System.ValueTuple<System.String, System.Type, System.Reflection.MemberInfo>>+CacheEntry>
7ffcf6e71ab8       1         64 System.Func<System.ValueTuple<System.String, System.Type, System.Reflection.MemberInfo>, System.Func<System.ValueTuple<System.String, System.Type, System.Reflection.MemberInfo>, System.Func<System.Object, System.Nullable<System.Int64>>>, System.Text.Json.Serialization.Metadata.ReflectionEmitCachingMemberAccessor+Cache<System.ValueTuple<System.String, System.Type, System.Reflection.MemberInfo>>+CacheEntry>
7ffcf6e73e60       1         64 System.Func<System.ValueTuple<System.String, System.Type, System.Reflection.MemberInfo>, System.Func<System.ValueTuple<System.String, System.Type, System.Reflection.MemberInfo>, System.Action<System.Object, System.Nullable<System.Int64>>>, System.Text.Json.Serialization.Metadata.ReflectionEmitCachingMemberAccessor+Cache<System.ValueTuple<System.String, System.Type, System.Reflection.MemberInfo>>+CacheEntry>
7ffcf6e76960       1         64 System.Func<System.ValueTuple<System.String, System.Type, System.Reflection.MemberInfo>, System.Func<System.ValueTuple<System.String, System.Type, System.Reflection.MemberInfo>, System.Func<System.Object, CommonApiMessage.AggregatesModel.SubOrderMessage.SubOrderMessageItemPromotionViewModel>>, System.Text.Json.Serialization.Metadata.ReflectionEmitCachingMemberAccessor+Cache<System.ValueTuple<System.String, System.Type, System.Reflection.MemberInfo>>+CacheEntry>
7ffcf6e77158       1         64 System.Func<System.ValueTuple<System.String, System.Type, System.Reflection.MemberInfo>, System.Func<System.ValueTuple<System.String, System.Type, System.Reflection.MemberInfo>, System.Action<System.Object, CommonApiMessage.AggregatesModel.SubOrderMessage.SubOrderMessageItemPromotionViewModel>>, System.Text.Json.Serialization.Metadata.ReflectionEmitCachingMemberAccessor+Cache<System.ValueTuple<System.String, System.Type, System.Reflection.MemberInfo>>+CacheEntry>
7ffcf6e77b18       1         64 System.Func<System.ValueTuple<System.String, System.Type, System.Reflection.MemberInfo>, System.Func<System.ValueTuple<System.String, System.Type, System.Reflection.MemberInfo>, System.Func<System.Object, CommonApiMessage.AggregatesModel.SubOrderMessage.SubOrderMessageItemFulFillmentViewModel>>, System.Text.Json.Serialization.Metadata.ReflectionEmitCachingMemberAccessor+Cache<System.ValueTuple<System.String, System.Type, System.Reflection.MemberInfo>>+CacheEntry>
7ffcf6e78310       1         64 System.Func<System.ValueTuple<System.String, System.Type, System.Reflection.MemberInfo>, System.Func<System.ValueTuple<System.String, System.Type, System.Reflection.MemberInfo>, System.Action<System.Object, CommonApiMessage.AggregatesModel.SubOrderMessage.SubOrderMessageItemFulFillmentViewModel>>, System.Text.Json.Serialization.Metadata.ReflectionEmitCachingMemberAccessor+Cache<System.ValueTuple<System.String, System.Type, System.Reflection.MemberInfo>>+CacheEntry>
7ffcf6e78cd0       1         64 System.Func<System.ValueTuple<System.String, System.Type, System.Reflection.MemberInfo>, System.Func<System.ValueTuple<System.String, System.Type, System.Reflection.MemberInfo>, System.Func<System.Object, System.Collections.Generic.List<CommonApiMessage.AggregatesModel.SubOrderMessage.SubOrderMessageItemRemarkViewModel>>>, System.Text.Json.Serialization.Metadata.ReflectionEmitCachingMemberAccessor+Cache<System.ValueTuple<System.String, System.Type, System.Reflection.MemberInfo>>+CacheEntry>
7ffcf6e794c8       1         64 System.Func<System.ValueTuple<System.String, System.Type, System.Reflection.MemberInfo>, System.Func<System.ValueTuple<System.String, System.Type, System.Reflection.MemberInfo>, System.Action<System.Object, System.Collections.Generic.List<CommonApiMessage.AggregatesModel.SubOrderMessage.SubOrderMessageItemRemarkViewModel>>>, System.Text.Json.Serialization.Metadata.ReflectionEmitCachingMemberAccessor+Cache<System.ValueTuple<System.String, System.Type, System.Reflection.MemberInfo>>+CacheEntry>
7ffcf6e79e88       1         64 System.Func<System.ValueTuple<System.String, System.Type, System.Reflection.MemberInfo>, System.Func<System.ValueTuple<System.String, System.Type, System.Reflection.MemberInfo>, System.Func<System.Object, CommonApiMessage.AggregatesModel.SubOrderMessage.SubOrderMessageItemAmountViewModel>>, System.Text.Json.Serialization.Metadata.ReflectionEmitCachingMemberAccessor+Cache<System.ValueTuple<System.String, System.Type, System.Reflection.MemberInfo>>+CacheEntry>
7ffcf6e7a680       1         64 System.Func<System.ValueTuple<System.String, System.Type, System.Reflection.MemberInfo>, System.Func<System.ValueTuple<System.String, System.Type, System.Reflection.MemberInfo>, System.Action<System.Object, CommonApiMessage.AggregatesModel.SubOrderMessage.SubOrderMessageItemAmountViewModel>>, System.Text.Json.Serialization.Metadata.ReflectionEmitCachingMemberAccessor+Cache<System.ValueTuple<System.String, System.Type, System.Reflection.MemberInfo>>+CacheEntry>
7ffcf6e7b040       1         64 System.Func<System.ValueTuple<System.String, System.Type, System.Reflection.MemberInfo>, System.Func<System.ValueTuple<System.String, System.Type, System.Reflection.MemberInfo>, System.Func<System.Object, System.Collections.Generic.List<CommonApiMessage.AggregatesModel.SubOrderMessage.SubOrderMessageItemPaymentViewModel>>>, System.Text.Json.Serialization.Metadata.ReflectionEmitCachingMemberAccessor+Cache<System.ValueTuple<System.String, System.Type, System.Reflection.MemberInfo>>+CacheEntry>
7ffcf6e7b838       1         64 System.Func<System.ValueTuple<System.String, System.Type, System.Reflection.MemberInfo>, System.Func<System.ValueTuple<System.String, System.Type, System.Reflection.MemberInfo>, System.Action<System.Object, System.Collections.Generic.List<CommonApiMessage.AggregatesModel.SubOrderMessage.SubOrderMessageItemPaymentViewModel>>>, System.Text.Json.Serialization.Metadata.ReflectionEmitCachingMemberAccessor+Cache<System.ValueTuple<System.String, System.Type, System.Reflection.MemberInfo>>+CacheEntry>
7ffcf6e7c1f8       1         64 System.Func<System.ValueTuple<System.String, System.Type, System.Reflection.MemberInfo>, System.Func<System.ValueTuple<System.String, System.Type, System.Reflection.MemberInfo>, System.Func<System.Object, System.Collections.Generic.List<CommonApiMessage.AggregatesModel.SubOrderMessage.SubOrderMessageItemSubBarcodeViewModel>>>, System.Text.Json.Serialization.Metadata.ReflectionEmitCachingMemberAccessor+Cache<System.ValueTuple<System.String, System.Type, System.Reflection.MemberInfo>>+CacheEntry>
7ffcf6e7c9f0       1         64 System.Func<System.ValueTuple<System.String, System.Type, System.Reflection.MemberInfo>, System.Func<System.ValueTuple<System.String, System.Type, System.Reflection.MemberInfo>, System.Action<System.Object, System.Collections.Generic.List<CommonApiMessage.AggregatesModel.SubOrderMessage.SubOrderMessageItemSubBarcodeViewModel>>>, System.Text.Json.Serialization.Metadata.ReflectionEmitCachingMemberAccessor+Cache<System.ValueTuple<System.String, System.Type, System.Reflection.MemberInfo>>+CacheEntry>
7ffcf6e7d3b0       1         64 System.Func<System.ValueTuple<System.String, System.Type, System.Reflection.MemberInfo>, System.Func<System.ValueTuple<System.String, System.Type, System.Reflection.MemberInfo>, System.Func<System.Object, System.Collections.Generic.List<CommonApiMessage.AggregatesModel.SubOrderMessage.SubOrderMessageItemPromotionsViewModel>>>, System.Text.Json.Serialization.Metadata.ReflectionEmitCachingMemberAccessor+Cache<System.ValueTuple<System.String, System.Type, System.Reflection.MemberInfo>>+CacheEntry>
7ffcf6e7dba8       1         64 System.Func<System.ValueTuple<System.String, System.Type, System.Reflection.MemberInfo>, System.Func<System.ValueTuple<System.String, System.Type, System.Reflection.MemberInfo>, System.Action<System.Object, System.Collections.Generic.List<CommonApiMessage.AggregatesModel.SubOrderMessage.SubOrderMessageItemPromotionsViewModel>>>, System.Text.Json.Serialization.Metadata.ReflectionEmitCachingMemberAccessor+Cache<System.ValueTuple<System.String, System.Type, System.Reflection.MemberInfo>>+CacheEntry>
7ffcf6e93e58       1         64 System.Func<System.ValueTuple<System.String, System.Type, System.Reflection.MemberInfo>, System.Func<System.ValueTuple<System.String, System.Type, System.Reflection.MemberInfo>, System.Func<System.Object, System.Nullable<System.Decimal>>>, System.Text.Json.Serialization.Metadata.ReflectionEmitCachingMemberAccessor+Cache<System.ValueTuple<System.String, System.Type, System.Reflection.MemberInfo>>+CacheEntry>
7ffcf6e945e8       1         64 System.Func<System.ValueTuple<System.String, System.Type, System.Reflection.MemberInfo>, System.Func<System.ValueTuple<System.String, System.Type, System.Reflection.MemberInfo>, System.Action<System.Object, System.Nullable<System.Decimal>>>, System.Text.Json.Serialization.Metadata.ReflectionEmitCachingMemberAccessor+Cache<System.ValueTuple<System.String, System.Type, System.Reflection.MemberInfo>>+CacheEntry>
7ffcf6e979e8       1         64 System.Func<System.ValueTuple<System.String, System.Type, System.Reflection.MemberInfo>, System.Func<System.ValueTuple<System.String, System.Type, System.Reflection.MemberInfo>, System.Func<System.Object, System.Nullable<System.DateTime>>>, System.Text.Json.Serialization.Metadata.ReflectionEmitCachingMemberAccessor+Cache<System.ValueTuple<System.String, System.Type, System.Reflection.MemberInfo>>+CacheEntry>
7ffcf6e98178       1         64 System.Func<System.ValueTuple<System.String, System.Type, System.Reflection.MemberInfo>, System.Func<System.ValueTuple<System.String, System.Type, System.Reflection.MemberInfo>, System.Action<System.Object, System.Nullable<System.DateTime>>>, System.Text.Json.Serialization.Metadata.ReflectionEmitCachingMemberAccessor+Cache<System.ValueTuple<System.String, System.Type, System.Reflection.MemberInfo>>+CacheEntry>
7ffcf6e99060       1         64 System.Func<System.ValueTuple<System.String, System.Type, System.Reflection.MemberInfo>, System.Func<System.ValueTuple<System.String, System.Type, System.Reflection.MemberInfo>, System.Func<System.Object, System.Collections.Generic.List<CommonApiMessage.AggregatesModel.SubOrderMessage.SubOrderMessageItemDeliveryWindowViewModel>>>, System.Text.Json.Serialization.Metadata.ReflectionEmitCachingMemberAccessor+Cache<System.ValueTuple<System.String, System.Type, System.Reflection.MemberInfo>>+CacheEntry>
7ffcf6e99858       1         64 System.Func<System.ValueTuple<System.String, System.Type, System.Reflection.MemberInfo>, System.Func<System.ValueTuple<System.String, System.Type, System.Reflection.MemberInfo>, System.Action<System.Object, System.Collections.Generic.List<CommonApiMessage.AggregatesModel.SubOrderMessage.SubOrderMessageItemDeliveryWindowViewModel>>>, System.Text.Json.Serialization.Metadata.ReflectionEmitCachingMemberAccessor+Cache<System.ValueTuple<System.String, System.Type, System.Reflection.MemberInfo>>+CacheEntry>
7ffcf6e9be30       1         64 System.Func<System.ValueTuple<System.String, System.Type, System.Reflection.MemberInfo>, System.Func<System.ValueTuple<System.String, System.Type, System.Reflection.MemberInfo>, System.Func<System.Object, System.Collections.Generic.List<CommonApiMessage.AggregatesModel.SubOrderMessage.SubOrderMessageItemFulFillmentServiceTypeViewModel>>>, System.Text.Json.Serialization.Metadata.ReflectionEmitCachingMemberAccessor+Cache<System.ValueTuple<System.String, System.Type, System.Reflection.MemberInfo>>+CacheEntry>
7ffcf6e9c628       1         64 System.Func<System.ValueTuple<System.String, System.Type, System.Reflection.MemberInfo>, System.Func<System.ValueTuple<System.String, System.Type, System.Reflection.MemberInfo>, System.Action<System.Object, System.Collections.Generic.List<CommonApiMessage.AggregatesModel.SubOrderMessage.SubOrderMessageItemFulFillmentServiceTypeViewModel>>>, System.Text.Json.Serialization.Metadata.ReflectionEmitCachingMemberAccessor+Cache<System.ValueTuple<System.String, System.Type, System.Reflection.MemberInfo>>+CacheEntry>
7ffcf6eb4808       1         64 System.Func<System.ValueTuple<System.String, System.Type, System.Reflection.MemberInfo>, System.Func<System.ValueTuple<System.String, System.Type, System.Reflection.MemberInfo>, System.Func<System.Object, CommonApiMessage.AggregatesModel.SubOrderMessage.SubOrderMessageItemAmountDetailViewModel>>, System.Text.Json.Serialization.Metadata.ReflectionEmitCachingMemberAccessor+Cache<System.ValueTuple<System.String, System.Type, System.Reflection.MemberInfo>>+CacheEntry>
7ffcf6eb5000       1         64 System.Func<System.ValueTuple<System.String, System.Type, System.Reflection.MemberInfo>, System.Func<System.ValueTuple<System.String, System.Type, System.Reflection.MemberInfo>, System.Action<System.Object, CommonApiMessage.AggregatesModel.SubOrderMessage.SubOrderMessageItemAmountDetailViewModel>>, System.Text.Json.Serialization.Metadata.ReflectionEmitCachingMemberAccessor+Cache<System.ValueTuple<System.String, System.Type, System.Reflection.MemberInfo>>+CacheEntry>
7ffcf6eb6258       1         64 System.Func<System.ValueTuple<System.String, System.Type, System.Reflection.MemberInfo>, System.Func<System.ValueTuple<System.String, System.Type, System.Reflection.MemberInfo>, System.Func<System.Object, System.Collections.Generic.List<CommonApiMessage.AggregatesModel.SubOrderMessage.SubOrderMessageItemTaxViewModel>>>, System.Text.Json.Serialization.Metadata.ReflectionEmitCachingMemberAccessor+Cache<System.ValueTuple<System.String, System.Type, System.Reflection.MemberInfo>>+CacheEntry>
7ffcf6eb6a50       1         64 System.Func<System.ValueTuple<System.String, System.Type, System.Reflection.MemberInfo>, System.Func<System.ValueTuple<System.String, System.Type, System.Reflection.MemberInfo>, System.Action<System.Object, System.Collections.Generic.List<CommonApiMessage.AggregatesModel.SubOrderMessage.SubOrderMessageItemTaxViewModel>>>, System.Text.Json.Serialization.Metadata.ReflectionEmitCachingMemberAccessor+Cache<System.ValueTuple<System.String, System.Type, System.Reflection.MemberInfo>>+CacheEntry>
7ffcf6ec1ab0       1         64 System.Func<System.ValueTuple<System.String, System.Type, System.Reflection.MemberInfo>, System.Func<System.ValueTuple<System.String, System.Type, System.Reflection.MemberInfo>, System.Func<System.Object, System.Collections.Generic.List<CommonApiMessage.AggregatesModel.OrderMessage.OrderMessagePaymentTransactionViewModel>>>, System.Text.Json.Serialization.Metadata.ReflectionEmitCachingMemberAccessor+Cache<System.ValueTuple<System.String, System.Type, System.Reflection.MemberInfo>>+CacheEntry>
7ffcf6ec22a8       1         64 System.Func<System.ValueTuple<System.String, System.Type, System.Reflection.MemberInfo>, System.Func<System.ValueTuple<System.String, System.Type, System.Reflection.MemberInfo>, System.Action<System.Object, System.Collections.Generic.List<CommonApiMessage.AggregatesModel.OrderMessage.OrderMessagePaymentTransactionViewModel>>>, System.Text.Json.Serialization.Metadata.ReflectionEmitCachingMemberAccessor+Cache<System.ValueTuple<System.String, System.Type, System.Reflection.MemberInfo>>+CacheEntry>
7ffcf6ecd880       1         64 System.Func<System.ValueTuple<System.String, System.Type, System.Reflection.MemberInfo>, System.Func<System.ValueTuple<System.String, System.Type, System.Reflection.MemberInfo>, System.Func<System.Object, CommonApiMessage.AggregatesModel.OrderMessage.OrderMessageItemFulFillmentViewModel>>, System.Text.Json.Serialization.Metadata.ReflectionEmitCachingMemberAccessor+Cache<System.ValueTuple<System.String, System.Type, System.Reflection.MemberInfo>>+CacheEntry>
7ffcf6ece078       1         64 System.Func<System.ValueTuple<System.String, System.Type, System.Reflection.MemberInfo>, System.Func<System.ValueTuple<System.String, System.Type, System.Reflection.MemberInfo>, System.Action<System.Object, CommonApiMessage.AggregatesModel.OrderMessage.OrderMessageItemFulFillmentViewModel>>, System.Text.Json.Serialization.Metadata.ReflectionEmitCachingMemberAccessor+Cache<System.ValueTuple<System.String, System.Type, System.Reflection.MemberInfo>>+CacheEntry>
7ffcf6ecea38       1         64 System.Func<System.ValueTuple<System.String, System.Type, System.Reflection.MemberInfo>, System.Func<System.ValueTuple<System.String, System.Type, System.Reflection.MemberInfo>, System.Func<System.Object, System.Collections.Generic.List<CommonApiMessage.AggregatesModel.OrderMessage.OrderMessageItemRemarkViewModel>>>, System.Text.Json.Serialization.Metadata.ReflectionEmitCachingMemberAccessor+Cache<System.ValueTuple<System.String, System.Type, System.Reflection.MemberInfo>>+CacheEntry>
7ffcf6ecf230       1         64 System.Func<System.ValueTuple<System.String, System.Type, System.Reflection.MemberInfo>, System.Func<System.ValueTuple<System.String, System.Type, System.Reflection.MemberInfo>, System.Action<System.Object, System.Collections.Generic.List<CommonApiMessage.AggregatesModel.OrderMessage.OrderMessageItemRemarkViewModel>>>, System.Text.Json.Serialization.Metadata.ReflectionEmitCachingMemberAccessor+Cache<System.ValueTuple<System.String, System.Type, System.Reflection.MemberInfo>>+CacheEntry>
7ffcf6ecfbf0       1         64 System.Func<System.ValueTuple<System.String, System.Type, System.Reflection.MemberInfo>, System.Func<System.ValueTuple<System.String, System.Type, System.Reflection.MemberInfo>, System.Func<System.Object, CommonApiMessage.AggregatesModel.OrderMessage.OrderMessageItemAmountViewModel>>, System.Text.Json.Serialization.Metadata.ReflectionEmitCachingMemberAccessor+Cache<System.ValueTuple<System.String, System.Type, System.Reflection.MemberInfo>>+CacheEntry>
7ffcf6ed03e8       1         64 System.Func<System.ValueTuple<System.String, System.Type, System.Reflection.MemberInfo>, System.Func<System.ValueTuple<System.String, System.Type, System.Reflection.MemberInfo>, System.Action<System.Object, CommonApiMessage.AggregatesModel.OrderMessage.OrderMessageItemAmountViewModel>>, System.Text.Json.Serialization.Metadata.ReflectionEmitCachingMemberAccessor+Cache<System.ValueTuple<System.String, System.Type, System.Reflection.MemberInfo>>+CacheEntry>
7ffcf6ed0da8       1         64 System.Func<System.ValueTuple<System.String, System.Type, System.Reflection.MemberInfo>, System.Func<System.ValueTuple<System.String, System.Type, System.Reflection.MemberInfo>, System.Func<System.Object, System.Collections.Generic.List<CommonApiMessage.AggregatesModel.OrderMessage.OrderMessageItemPaymentViewModel>>>, System.Text.Json.Serialization.Metadata.ReflectionEmitCachingMemberAccessor+Cache<System.ValueTuple<System.String, System.Type, System.Reflection.MemberInfo>>+CacheEntry>
7ffcf6ed15a0       1         64 System.Func<System.ValueTuple<System.String, System.Type, System.Reflection.MemberInfo>, System.Func<System.ValueTuple<System.String, System.Type, System.Reflection.MemberInfo>, System.Action<System.Object, System.Collections.Generic.List<CommonApiMessage.AggregatesModel.OrderMessage.OrderMessageItemPaymentViewModel>>>, System.Text.Json.Serialization.Metadata.ReflectionEmitCachingMemberAccessor+Cache<System.ValueTuple<System.String, System.Type, System.Reflection.MemberInfo>>+CacheEntry>
7ffcf6ed1f60       1         64 System.Func<System.ValueTuple<System.String, System.Type, System.Reflection.MemberInfo>, System.Func<System.ValueTuple<System.String, System.Type, System.Reflection.MemberInfo>, System.Func<System.Object, System.Collections.Generic.List<CommonApiMessage.AggregatesModel.OrderMessage.OrderMessageSubBarcodeViewModel>>>, System.Text.Json.Serialization.Metadata.ReflectionEmitCachingMemberAccessor+Cache<System.ValueTuple<System.String, System.Type, System.Reflection.MemberInfo>>+CacheEntry>
7ffcf6ed2758       1         64 System.Func<System.ValueTuple<System.String, System.Type, System.Reflection.MemberInfo>, System.Func<System.ValueTuple<System.String, System.Type, System.Reflection.MemberInfo>, System.Action<System.Object, System.Collections.Generic.List<CommonApiMessage.AggregatesModel.OrderMessage.OrderMessageSubBarcodeViewModel>>>, System.Text.Json.Serialization.Metadata.ReflectionEmitCachingMemberAccessor+Cache<System.ValueTuple<System.String, System.Type, System.Reflection.MemberInfo>>+CacheEntry>
7ffcf6ed3118       1         64 System.Func<System.ValueTuple<System.String, System.Type, System.Reflection.MemberInfo>, System.Func<System.ValueTuple<System.String, System.Type, System.Reflection.MemberInfo>, System.Func<System.Object, CommonApiMessage.AggregatesModel.OrderMessage.OrderMessageItemPromotionViewModel>>, System.Text.Json.Serialization.Metadata.ReflectionEmitCachingMemberAccessor+Cache<System.ValueTuple<System.String, System.Type, System.Reflection.MemberInfo>>+CacheEntry>
7ffcf6ed3910       1         64 System.Func<System.ValueTuple<System.String, System.Type, System.Reflection.MemberInfo>, System.Func<System.ValueTuple<System.String, System.Type, System.Reflection.MemberInfo>, System.Action<System.Object, CommonApiMessage.AggregatesModel.OrderMessage.OrderMessageItemPromotionViewModel>>, System.Text.Json.Serialization.Metadata.ReflectionEmitCachingMemberAccessor+Cache<System.ValueTuple<System.String, System.Type, System.Reflection.MemberInfo>>+CacheEntry>
7ffcf6ed42d0       1         64 System.Func<System.ValueTuple<System.String, System.Type, System.Reflection.MemberInfo>, System.Func<System.ValueTuple<System.String, System.Type, System.Reflection.MemberInfo>, System.Func<System.Object, System.Collections.Generic.List<CommonApiMessage.AggregatesModel.OrderMessage.OrderMessageItemPromotionsViewModel>>>, System.Text.Json.Serialization.Metadata.ReflectionEmitCachingMemberAccessor+Cache<System.ValueTuple<System.String, System.Type, System.Reflection.MemberInfo>>+CacheEntry>
7ffcf6ed4ac8       1         64 System.Func<System.ValueTuple<System.String, System.Type, System.Reflection.MemberInfo>, System.Func<System.ValueTuple<System.String, System.Type, System.Reflection.MemberInfo>, System.Action<System.Object, System.Collections.Generic.List<CommonApiMessage.AggregatesModel.OrderMessage.OrderMessageItemPromotionsViewModel>>>, System.Text.Json.Serialization.Metadata.ReflectionEmitCachingMemberAccessor+Cache<System.ValueTuple<System.String, System.Type, System.Reflection.MemberInfo>>+CacheEntry>
7ffcf6ed7938       1         64 System.Func<System.ValueTuple<System.String, System.Type, System.Reflection.MemberInfo>, System.Func<System.ValueTuple<System.String, System.Type, System.Reflection.MemberInfo>, System.Func<System.Object, System.Collections.Generic.List<CommonApiMessage.AggregatesModel.OrderMessage.OrderMessageItemDeliveryWindowViewModel>>>, System.Text.Json.Serialization.Metadata.ReflectionEmitCachingMemberAccessor+Cache<System.ValueTuple<System.String, System.Type, System.Reflection.MemberInfo>>+CacheEntry>
7ffcf6ed8130       1         64 System.Func<System.ValueTuple<System.String, System.Type, System.Reflection.MemberInfo>, System.Func<System.ValueTuple<System.String, System.Type, System.Reflection.MemberInfo>, System.Action<System.Object, System.Collections.Generic.List<CommonApiMessage.AggregatesModel.OrderMessage.OrderMessageItemDeliveryWindowViewModel>>>, System.Text.Json.Serialization.Metadata.ReflectionEmitCachingMemberAccessor+Cache<System.ValueTuple<System.String, System.Type, System.Reflection.MemberInfo>>+CacheEntry>
7ffcf6eda708       1         64 System.Func<System.ValueTuple<System.String, System.Type, System.Reflection.MemberInfo>, System.Func<System.ValueTuple<System.String, System.Type, System.Reflection.MemberInfo>, System.Func<System.Object, System.Collections.Generic.List<CommonApiMessage.AggregatesModel.OrderMessage.OrderMessageItemFulFillmentServiceTypeViewModel>>>, System.Text.Json.Serialization.Metadata.ReflectionEmitCachingMemberAccessor+Cache<System.ValueTuple<System.String, System.Type, System.Reflection.MemberInfo>>+CacheEntry>
7ffcf6edaf00       1         64 System.Func<System.ValueTuple<System.String, System.Type, System.Reflection.MemberInfo>, System.Func<System.ValueTuple<System.String, System.Type, System.Reflection.MemberInfo>, System.Action<System.Object, System.Collections.Generic.List<CommonApiMessage.AggregatesModel.OrderMessage.OrderMessageItemFulFillmentServiceTypeViewModel>>>, System.Text.Json.Serialization.Metadata.ReflectionEmitCachingMemberAccessor+Cache<System.ValueTuple<System.String, System.Type, System.Reflection.MemberInfo>>+CacheEntry>
7ffcf6edfd10       1         64 System.Func<System.ValueTuple<System.String, System.Type, System.Reflection.MemberInfo>, System.Func<System.ValueTuple<System.String, System.Type, System.Reflection.MemberInfo>, System.Func<System.Object, CommonApiMessage.AggregatesModel.OrderMessage.OrderMessageItemAmountDetailViewModel>>, System.Text.Json.Serialization.Metadata.ReflectionEmitCachingMemberAccessor+Cache<System.ValueTuple<System.String, System.Type, System.Reflection.MemberInfo>>+CacheEntry>
7ffcf6ee0590       1         64 System.Func<System.ValueTuple<System.String, System.Type, System.Reflection.MemberInfo>, System.Func<System.ValueTuple<System.String, System.Type, System.Reflection.MemberInfo>, System.Action<System.Object, CommonApiMessage.AggregatesModel.OrderMessage.OrderMessageItemAmountDetailViewModel>>, System.Text.Json.Serialization.Metadata.ReflectionEmitCachingMemberAccessor+Cache<System.ValueTuple<System.String, System.Type, System.Reflection.MemberInfo>>+CacheEntry>
7ffcf6ee3400       1         64 System.Func<System.ValueTuple<System.String, System.Type, System.Reflection.MemberInfo>, System.Func<System.ValueTuple<System.String, System.Type, System.Reflection.MemberInfo>, System.Func<System.Object, System.Collections.Generic.List<CommonApiMessage.AggregatesModel.OrderMessage.OrderMessageItemTaxViewModel>>>, System.Text.Json.Serialization.Metadata.ReflectionEmitCachingMemberAccessor+Cache<System.ValueTuple<System.String, System.Type, System.Reflection.MemberInfo>>+CacheEntry>
7ffcf6ee3bf8       1         64 System.Func<System.ValueTuple<System.String, System.Type, System.Reflection.MemberInfo>, System.Func<System.ValueTuple<System.String, System.Type, System.Reflection.MemberInfo>, System.Action<System.Object, System.Collections.Generic.List<CommonApiMessage.AggregatesModel.OrderMessage.OrderMessageItemTaxViewModel>>>, System.Text.Json.Serialization.Metadata.ReflectionEmitCachingMemberAccessor+Cache<System.ValueTuple<System.String, System.Type, System.Reflection.MemberInfo>>+CacheEntry>
7ffcf6eeea08       1         64 System.Func<System.ValueTuple<System.String, System.Type, System.Reflection.MemberInfo>, System.Func<System.ValueTuple<System.String, System.Type, System.Reflection.MemberInfo>, System.Func<System.Object, CommonApiMessage.AggregatesModel.OrderMessage.OrderMessagePromotionAmountViewModel>>, System.Text.Json.Serialization.Metadata.ReflectionEmitCachingMemberAccessor+Cache<System.ValueTuple<System.String, System.Type, System.Reflection.MemberInfo>>+CacheEntry>
7ffcf6eef200       1         64 System.Func<System.ValueTuple<System.String, System.Type, System.Reflection.MemberInfo>, System.Func<System.ValueTuple<System.String, System.Type, System.Reflection.MemberInfo>, System.Action<System.Object, CommonApiMessage.AggregatesModel.OrderMessage.OrderMessagePromotionAmountViewModel>>, System.Text.Json.Serialization.Metadata.ReflectionEmitCachingMemberAccessor+Cache<System.ValueTuple<System.String, System.Type, System.Reflection.MemberInfo>>+CacheEntry>
7ffcf6ef1850       1         64 System.Func<System.ValueTuple<System.String, System.Type, System.Reflection.MemberInfo>, System.Func<System.ValueTuple<System.String, System.Type, System.Reflection.MemberInfo>, System.Func<System.Object, CommonApiMessage.AggregatesModel.SubOrderMessage.SubOrderMessagePromotionAmountViewModel>>, System.Text.Json.Serialization.Metadata.ReflectionEmitCachingMemberAccessor+Cache<System.ValueTuple<System.String, System.Type, System.Reflection.MemberInfo>>+CacheEntry>
7ffcf6ef2048       1         64 System.Func<System.ValueTuple<System.String, System.Type, System.Reflection.MemberInfo>, System.Func<System.ValueTuple<System.String, System.Type, System.Reflection.MemberInfo>, System.Action<System.Object, CommonApiMessage.AggregatesModel.SubOrderMessage.SubOrderMessagePromotionAmountViewModel>>, System.Text.Json.Serialization.Metadata.ReflectionEmitCachingMemberAccessor+Cache<System.ValueTuple<System.String, System.Type, System.Reflection.MemberInfo>>+CacheEntry>
7ffcf6ef62a0       1         64 System.Func<System.ValueTuple<System.String, System.Type, System.Reflection.MemberInfo>, System.Func<System.ValueTuple<System.String, System.Type, System.Reflection.MemberInfo>, System.Func<System.Object, CommonApiMessage.AggregatesModel.SubOrderMessage.SubOrderMessageFeeAmountViewModel>>, System.Text.Json.Serialization.Metadata.ReflectionEmitCachingMemberAccessor+Cache<System.ValueTuple<System.String, System.Type, System.Reflection.MemberInfo>>+CacheEntry>
7ffcf6ef6a98       1         64 System.Func<System.ValueTuple<System.String, System.Type, System.Reflection.MemberInfo>, System.Func<System.ValueTuple<System.String, System.Type, System.Reflection.MemberInfo>, System.Action<System.Object, CommonApiMessage.AggregatesModel.SubOrderMessage.SubOrderMessageFeeAmountViewModel>>, System.Text.Json.Serialization.Metadata.ReflectionEmitCachingMemberAccessor+Cache<System.ValueTuple<System.String, System.Type, System.Reflection.MemberInfo>>+CacheEntry>
7ffcf6ef7458       1         64 System.Func<System.ValueTuple<System.String, System.Type, System.Reflection.MemberInfo>, System.Func<System.ValueTuple<System.String, System.Type, System.Reflection.MemberInfo>, System.Func<System.Object, System.Collections.Generic.ICollection<CommonApiMessage.AggregatesModel.SubOrderMessage.SubOrderMessageFeePaymentViewModel>>>, System.Text.Json.Serialization.Metadata.ReflectionEmitCachingMemberAccessor+Cache<System.ValueTuple<System.String, System.Type, System.Reflection.MemberInfo>>+CacheEntry>
7ffcf6ef7c50       1         64 System.Func<System.ValueTuple<System.String, System.Type, System.Reflection.MemberInfo>, System.Func<System.ValueTuple<System.String, System.Type, System.Reflection.MemberInfo>, System.Action<System.Object, System.Collections.Generic.ICollection<CommonApiMessage.AggregatesModel.SubOrderMessage.SubOrderMessageFeePaymentViewModel>>>, System.Text.Json.Serialization.Metadata.ReflectionEmitCachingMemberAccessor+Cache<System.ValueTuple<System.String, System.Type, System.Reflection.MemberInfo>>+CacheEntry>
7ffcf6ef8ea8       1         64 System.Func<System.ValueTuple<System.String, System.Type, System.Reflection.MemberInfo>, System.Func<System.ValueTuple<System.String, System.Type, System.Reflection.MemberInfo>, System.Func<System.Object, CommonApiMessage.AggregatesModel.SubOrderMessage.SubOrderMessageFeeAmountDtlViewModel>>, System.Text.Json.Serialization.Metadata.ReflectionEmitCachingMemberAccessor+Cache<System.ValueTuple<System.String, System.Type, System.Reflection.MemberInfo>>+CacheEntry>
7ffcf6ef96a0       1         64 System.Func<System.ValueTuple<System.String, System.Type, System.Reflection.MemberInfo>, System.Func<System.ValueTuple<System.String, System.Type, System.Reflection.MemberInfo>, System.Action<System.Object, CommonApiMessage.AggregatesModel.SubOrderMessage.SubOrderMessageFeeAmountDtlViewModel>>, System.Text.Json.Serialization.Metadata.ReflectionEmitCachingMemberAccessor+Cache<System.ValueTuple<System.String, System.Type, System.Reflection.MemberInfo>>+CacheEntry>
7ffcf6efc510       1         64 System.Func<System.ValueTuple<System.String, System.Type, System.Reflection.MemberInfo>, System.Func<System.ValueTuple<System.String, System.Type, System.Reflection.MemberInfo>, System.Func<System.Object, System.Collections.Generic.ICollection<CommonApiMessage.AggregatesModel.SubOrderMessage.SubOrderMessageFeeTaxViewModel>>>, System.Text.Json.Serialization.Metadata.ReflectionEmitCachingMemberAccessor+Cache<System.ValueTuple<System.String, System.Type, System.Reflection.MemberInfo>>+CacheEntry>
7ffcf6efcd08       1         64 System.Func<System.ValueTuple<System.String, System.Type, System.Reflection.MemberInfo>, System.Func<System.ValueTuple<System.String, System.Type, System.Reflection.MemberInfo>, System.Action<System.Object, System.Collections.Generic.ICollection<CommonApiMessage.AggregatesModel.SubOrderMessage.SubOrderMessageFeeTaxViewModel>>>, System.Text.Json.Serialization.Metadata.ReflectionEmitCachingMemberAccessor+Cache<System.ValueTuple<System.String, System.Type, System.Reflection.MemberInfo>>+CacheEntry>
7ffcf4b15330       1         64 System.Func<System.String, Microsoft.Extensions.Options.IOptionsFactory<Microsoft.AspNetCore.HostFiltering.HostFilteringOptions>, Microsoft.AspNetCore.HostFiltering.HostFilteringOptions>
7ffcf4b15718       1         64 System.Func<System.String, System.ValueTuple<System.Func<System.String, Microsoft.Extensions.Options.IOptionsFactory<Microsoft.AspNetCore.HostFiltering.HostFilteringOptions>, Microsoft.AspNetCore.HostFiltering.HostFilteringOptions>, Microsoft.Extensions.Options.IOptionsFactory<Microsoft.AspNetCore.HostFiltering.HostFilteringOptions>>, System.Lazy<Microsoft.AspNetCore.HostFiltering.HostFilteringOptions>>
7ffcf62a4e90       1         64 System.Action<Microsoft.EntityFrameworkCore.Metadata.Conventions.RuntimeModelConvention, System.Collections.Generic.Dictionary<System.String, System.Object>, Microsoft.EntityFrameworkCore.Metadata.IKey, Microsoft.EntityFrameworkCore.Metadata.RuntimeKey, System.Boolean>
7ffcf4b1b100       1         64 System.Func<Microsoft.AspNetCore.Server.Kestrel.Core.ListenOptions, System.Threading.CancellationToken, System.Threading.Tasks.Task>
7ffcf4b1eed8       1         64 System.Action<Microsoft.AspNetCore.Http.Features.FeatureCollection, Microsoft.AspNetCore.Server.Kestrel.Core.ListenOptions, Microsoft.Extensions.Logging.ILogger<Microsoft.AspNetCore.Server.Kestrel.Https.Internal.HttpsConnectionMiddleware>>
7ffcf4b1c998       1         64 System.Func<Microsoft.AspNetCore.Server.Kestrel.Core.ListenOptions, Microsoft.AspNetCore.Server.Kestrel.Core.ListenOptions>
7ffcf4b32aa8       2         64 System.Collections.Generic.List<System.Func<Microsoft.AspNetCore.Connections.ConnectionDelegate, Microsoft.AspNetCore.Connections.ConnectionDelegate>>
7ffcf4b332a0       2         64 System.Collections.Generic.List<System.Func<Microsoft.AspNetCore.Connections.MultiplexedConnectionDelegate, Microsoft.AspNetCore.Connections.MultiplexedConnectionDelegate>>
7ffcf4b37828       2         64 Microsoft.AspNetCore.Server.Kestrel.Core.Internal.Infrastructure.TransportManager+<>c__DisplayClass8_0
7ffcf4b39d70       1         64 System.Action<System.Object, Microsoft.AspNetCore.PinnedBlockMemoryPool>
7ffcf4b3c180       2         64 Microsoft.AspNetCore.Server.Kestrel.Core.Internal.Infrastructure.TransportConnectionManager
7ffcf4b4c798       1         64 System.Func<Microsoft.AspNetCore.Mvc.ApiExplorer.IApiDescriptionProvider, System.Int32>
7ffcf4b4d3e0       1         64 System.Func<Microsoft.AspNetCore.Mvc.ApiExplorer.IApiDescriptionProvider, Microsoft.AspNetCore.Mvc.ApiExplorer.IApiDescriptionProvider>
7ffcf4b4f7f0       1         64 System.Func<Microsoft.Extensions.Logging.LoggerMessage+LogValues<System.String, System.String, System.String>, System.Exception, System.String>
7ffcf4b626d8       1         64 System.Func<Microsoft.AspNetCore.Mvc.ActionConstraints.HttpMethodActionConstraint, System.Collections.Generic.IEnumerable<System.String>>
7ffcf4b721a0       1         64 System.Func<Order.Business.Mediator.Queries.OrderInquiry.GetOrderInquiryByOrderIdQuery, System.String>
7ffcf4b72330       1         64 System.Action<Order.Business.Mediator.Queries.OrderInquiry.GetOrderInquiryByOrderIdQuery, System.String>
7ffcf4b724c0       1         64 System.Func<Order.Business.Mediator.Queries.CompanyBUMapping.DeleteCompanyBuMappingQuery, System.Int32>
7ffcf4b72650       1         64 System.Action<Order.Business.Mediator.Queries.CompanyBUMapping.DeleteCompanyBuMappingQuery, System.Int32>
7ffcf4b727e0       1         64 System.Func<Order.Business.Mediator.Queries.RoleChannelMapping.DeleteRoleChannelMappingQuery, System.Int32>
7ffcf4b72970       1         64 System.Action<Order.Business.Mediator.Queries.RoleChannelMapping.DeleteRoleChannelMappingQuery, System.Int32>
7ffcf4b731c0       1         64 System.Func<Order.Business.Mediator.Queries.SysChannel.GetSysChannelQuery, System.Boolean>
7ffcf4b735b0       1         64 System.Action<Order.Business.Mediator.Queries.SysChannel.GetSysChannelQuery, System.Boolean>
7ffcf4b739a0       1         64 System.Func<Order.Business.Mediator.Queries.SysChannel.GetSysChannelByIdQuery, System.Int64>
7ffcf4b73d90       1         64 System.Action<Order.Business.Mediator.Queries.SysChannel.GetSysChannelByIdQuery, System.Int64>
7ffcf4b75620       1         64 System.Func<Order.Business.Mediator.Queries.SysChannel.DeleteSysChannelQuery, System.Int64>
7ffcf4b757b0       1         64 System.Action<Order.Business.Mediator.Queries.SysChannel.DeleteSysChannelQuery, System.Int64>
7ffcf4b76000       1         64 System.Func<Order.Business.Mediator.Queries.SysChannel.GetConfigChannelUploadMappingQuery, System.Boolean>
7ffcf4b76190       1         64 System.Action<Order.Business.Mediator.Queries.SysChannel.GetConfigChannelUploadMappingQuery, System.Boolean>
7ffcf4b769e0       1         64 System.Func<Order.Business.Mediator.Queries.SysDeliverySubType.GetSysDeliverySubTypeQuery, System.Boolean>
7ffcf4b76b70       1         64 System.Action<Order.Business.Mediator.Queries.SysDeliverySubType.GetSysDeliverySubTypeQuery, System.Boolean>
7ffcf4b76d00       1         64 System.Func<Order.Business.Mediator.Queries.SysDeliverySubType.GetSysDeliverySubTypeByIdQuery, System.Int64>
7ffcf4b76e90       1         64 System.Action<Order.Business.Mediator.Queries.SysDeliverySubType.GetSysDeliverySubTypeByIdQuery, System.Int64>
7ffcf4b77020       1         64 System.Func<Order.Business.Mediator.Queries.SysDeliverySubType.DeleteSysDeliverySubTypeQuery, System.Int64>
7ffcf4b771b0       1         64 System.Action<Order.Business.Mediator.Queries.SysDeliverySubType.DeleteSysDeliverySubTypeQuery, System.Int64>
7ffcf4b77a00       1         64 System.Func<Order.Business.Mediator.Queries.SysDeliveryType.GetSysDeliveryTypeQuery, System.Boolean>
7ffcf4b77b90       1         64 System.Action<Order.Business.Mediator.Queries.SysDeliveryType.GetSysDeliveryTypeQuery, System.Boolean>
7ffcf4b77d20       1         64 System.Func<Order.Business.Mediator.Queries.SysDeliveryType.GetSysDeliveryTypeByIdQuery, System.Int64>
7ffcf4b77eb0       1         64 System.Action<Order.Business.Mediator.Queries.SysDeliveryType.GetSysDeliveryTypeByIdQuery, System.Int64>
7ffcf4b78040       1         64 System.Func<Order.Business.Mediator.Queries.SysDeliveryType.DeleteSysDeliveryTypeQuery, System.Int64>
7ffcf4b781d0       1         64 System.Action<Order.Business.Mediator.Queries.SysDeliveryType.DeleteSysDeliveryTypeQuery, System.Int64>
7ffcf4b78a20       1         64 System.Func<Order.Business.Mediator.Queries.SysFulfillmentType.GetSysFulfillmentTypesQuery, System.Boolean>
7ffcf4b78bb0       1         64 System.Action<Order.Business.Mediator.Queries.SysFulfillmentType.GetSysFulfillmentTypesQuery, System.Boolean>
7ffcf4b78d40       1         64 System.Func<Order.Business.Mediator.Queries.SysFulfillmentType.GetSysFulfillmentTypeByIdQuery, System.Int64>
7ffcf4b78ed0       1         64 System.Action<Order.Business.Mediator.Queries.SysFulfillmentType.GetSysFulfillmentTypeByIdQuery, System.Int64>
7ffcf4b79060       1         64 System.Func<Order.Business.Mediator.Queries.SysFulfillmentType.DeleteSysFulfillmentTypeQuery, System.Int64>
7ffcf4b791f0       1         64 System.Action<Order.Business.Mediator.Queries.SysFulfillmentType.DeleteSysFulfillmentTypeQuery, System.Int64>
7ffcf4b79a40       1         64 System.Func<Order.Business.Mediator.Queries.SysOrderFulfillmentType.GetSysOrderFulfillmentTypesQuery, System.Boolean>
7ffcf4b79bd0       1         64 System.Action<Order.Business.Mediator.Queries.SysOrderFulfillmentType.GetSysOrderFulfillmentTypesQuery, System.Boolean>
7ffcf4b79d60       1         64 System.Func<Order.Business.Mediator.Queries.SysOrderFulfillmentType.GetSysOrderFulfillmentTypeByIdQuery, System.Int64>
7ffcf4b79ef0       1         64 System.Action<Order.Business.Mediator.Queries.SysOrderFulfillmentType.GetSysOrderFulfillmentTypeByIdQuery, System.Int64>
7ffcf4b7a080       1         64 System.Func<Order.Business.Mediator.Queries.SysOrderFulfillmentType.DeleteSysOrderFulfillmentTypeQuery, System.Int64>
7ffcf4b7a210       1         64 System.Action<Order.Business.Mediator.Queries.SysOrderFulfillmentType.DeleteSysOrderFulfillmentTypeQuery, System.Int64>
7ffcf4b7aaa0       1         64 System.Func<Order.Business.Mediator.Queries.SysOrderType.GetSysOrderTypeQuery, System.Boolean>
7ffcf4b7ac30       1         64 System.Action<Order.Business.Mediator.Queries.SysOrderType.GetSysOrderTypeQuery, System.Boolean>
7ffcf4b7adc0       1         64 System.Func<Order.Business.Mediator.Queries.SysOrderType.GetSysOrderTypeByIdQuery, System.Int32>
7ffcf4b7af50       1         64 System.Action<Order.Business.Mediator.Queries.SysOrderType.GetSysOrderTypeByIdQuery, System.Int32>
7ffcf4b7b0e0       1         64 System.Func<Order.Business.Mediator.Queries.SysOrderType.DeleteSysOrderTypeQuery, System.Int32>
7ffcf4b7b270       1         64 System.Action<Order.Business.Mediator.Queries.SysOrderType.DeleteSysOrderTypeQuery, System.Int32>
7ffcf4b7bac0       1         64 System.Func<Order.Business.Mediator.Queries.SysRunningNumber.GetSysRunningNumberQuery, System.Boolean>
7ffcf4b7bc50       1         64 System.Action<Order.Business.Mediator.Queries.SysRunningNumber.GetSysRunningNumberQuery, System.Boolean>
7ffcf4b7bde0       1         64 System.Func<Order.Business.Mediator.Queries.SysRunningNumber.GetSysRunningNumberByIdQuery, System.Int32>
7ffcf4b7bf70       1         64 System.Action<Order.Business.Mediator.Queries.SysRunningNumber.GetSysRunningNumberByIdQuery, System.Int32>
7ffcf4b7c100       1         64 System.Func<Order.Business.Mediator.Queries.SysRunningNumber.GenDocumentNumberQuery, System.String>
7ffcf4b7c290       1         64 System.Action<Order.Business.Mediator.Queries.SysRunningNumber.GenDocumentNumberQuery, System.String>
7ffcf4b7c420       1         64 System.Func<Order.Business.Mediator.Queries.SysRunningNumber.GenDocumentNumberQuery, System.Nullable<System.DateTime>>
7ffcf4b7c5b0       1         64 System.Action<Order.Business.Mediator.Queries.SysRunningNumber.GenDocumentNumberQuery, System.Nullable<System.DateTime>>
7ffcf4b7c740       1         64 System.Func<Order.Business.Mediator.Queries.SysRunningNumber.GenDocumentNumbersQuery, System.String>
7ffcf4b7c8d0       1         64 System.Action<Order.Business.Mediator.Queries.SysRunningNumber.GenDocumentNumbersQuery, System.String>
7ffcf4b7ca60       1         64 System.Func<Order.Business.Mediator.Queries.SysRunningNumber.GenDocumentNumbersQuery, System.Int32>
7ffcf4b7cbf0       1         64 System.Action<Order.Business.Mediator.Queries.SysRunningNumber.GenDocumentNumbersQuery, System.Int32>
7ffcf4b7cd80       1         64 System.Func<Order.Business.Mediator.Queries.SysRunningNumber.GenDocumentNumbersQuery, System.Nullable<System.DateTime>>
7ffcf4b7cf10       1         64 System.Action<Order.Business.Mediator.Queries.SysRunningNumber.GenDocumentNumbersQuery, System.Nullable<System.DateTime>>
7ffcf4b7da98       1         64 System.Func<Utility.Package.UtilityModels.OrderBy, System.String>
7ffcf4b7dc28       1         64 System.Action<Utility.Package.UtilityModels.OrderBy, System.String>
7ffcf4b7ddb8       1         64 System.Func<Utility.Package.UtilityModels.OrderBy, System.Boolean>
7ffcf4b7df48       1         64 System.Action<Utility.Package.UtilityModels.OrderBy, System.Boolean>
7ffcf4b7e0e8       1         64 System.Func<Order.Business.Mediator.Queries.SysStatus.GetSysStatusByIdQuery, System.Int64>
7ffcf4b7e278       1         64 System.Action<Order.Business.Mediator.Queries.SysStatus.GetSysStatusByIdQuery, System.Int64>
7ffcf4b7e408       1         64 System.Func<Order.Business.Mediator.Queries.SysStatus.DeleteSysStatusQuery, System.Int64>
7ffcf4b7e598       1         64 System.Action<Order.Business.Mediator.Queries.SysStatus.DeleteSysStatusQuery, System.Int64>
7ffcf4b4db18       1         64 System.Func<System.Linq.IGrouping<System.String, Microsoft.AspNetCore.Mvc.ApiExplorer.ApiDescription>, Microsoft.AspNetCore.Mvc.ApiExplorer.ApiDescriptionGroup>
7ffcf4b4aaa0       1         64 System.Func<Microsoft.AspNetCore.Mvc.ApiExplorer.ApiParameterDescription, Microsoft.WebTools.ApiEndpointDiscovery.Contracts.EndpointParameter>
7ffcf4b4b0d8       1         64 System.Func<Microsoft.AspNetCore.Mvc.ApiExplorer.ApiResponseType, Microsoft.WebTools.ApiEndpointDiscovery.Contracts.ReturnInfo>
7ffcf4b93710       1         64 System.Func<Microsoft.AspNetCore.Mvc.ApiExplorer.ApiResponseFormat, System.String>
7ffcf4b49d40       1         64 System.Func<Microsoft.WebTools.ApiEndpointDiscovery.Contracts.EndpointInfo, System.String>
7ffcf4b98cc8       1         64 System.Func<System.Type, System.Text.Json.JsonSerializerOptions+CachingContext, System.Text.Json.JsonSerializerOptions+CachingContext+CacheEntry>
7ffcf4c11ef8       1         64 System.Func<System.ValueTuple<System.String, System.Type, System.Reflection.MemberInfo>, System.Func<System.ValueTuple<System.String, System.Type, System.Reflection.MemberInfo>, System.Func<System.Object>>, System.Text.Json.Serialization.Metadata.ReflectionEmitCachingMemberAccessor+Cache<System.ValueTuple<System.String, System.Type, System.Reflection.MemberInfo>>+CacheEntry>
7ffcf4c21e98       1         64 System.Func<System.ValueTuple<System.String, System.Type, System.Reflection.MemberInfo>, System.Func<System.ValueTuple<System.String, System.Type, System.Reflection.MemberInfo>, System.Func<System.Object, System.String>>, System.Text.Json.Serialization.Metadata.ReflectionEmitCachingMemberAccessor+Cache<System.ValueTuple<System.String, System.Type, System.Reflection.MemberInfo>>+CacheEntry>
7ffcf4c24820       1         64 System.Func<System.ValueTuple<System.String, System.Type, System.Reflection.MemberInfo>, System.Func<System.ValueTuple<System.String, System.Type, System.Reflection.MemberInfo>, System.Action<System.Object, System.String>>, System.Text.Json.Serialization.Metadata.ReflectionEmitCachingMemberAccessor+Cache<System.ValueTuple<System.String, System.Type, System.Reflection.MemberInfo>>+CacheEntry>
7ffcf4c27fe0       1         64 System.Func<System.ValueTuple<System.String, System.Type, System.Reflection.MemberInfo>, System.Func<System.ValueTuple<System.String, System.Type, System.Reflection.MemberInfo>, System.Func<System.Object, System.Boolean>>, System.Text.Json.Serialization.Metadata.ReflectionEmitCachingMemberAccessor+Cache<System.ValueTuple<System.String, System.Type, System.Reflection.MemberInfo>>+CacheEntry>
7ffcf4c289b8       1         64 System.Func<System.ValueTuple<System.String, System.Type, System.Reflection.MemberInfo>, System.Func<System.ValueTuple<System.String, System.Type, System.Reflection.MemberInfo>, System.Action<System.Object, System.Boolean>>, System.Text.Json.Serialization.Metadata.ReflectionEmitCachingMemberAccessor+Cache<System.ValueTuple<System.String, System.Type, System.Reflection.MemberInfo>>+CacheEntry>
7ffcf4c29d50       1         64 System.Func<System.ValueTuple<System.String, System.Type, System.Reflection.MemberInfo>, System.Func<System.ValueTuple<System.String, System.Type, System.Reflection.MemberInfo>, System.Func<System.Object, System.Int32>>, System.Text.Json.Serialization.Metadata.ReflectionEmitCachingMemberAccessor+Cache<System.ValueTuple<System.String, System.Type, System.Reflection.MemberInfo>>+CacheEntry>
7ffcf4c2a630       1         64 System.Func<System.ValueTuple<System.String, System.Type, System.Reflection.MemberInfo>, System.Func<System.ValueTuple<System.String, System.Type, System.Reflection.MemberInfo>, System.Action<System.Object, System.Int32>>, System.Text.Json.Serialization.Metadata.ReflectionEmitCachingMemberAccessor+Cache<System.ValueTuple<System.String, System.Type, System.Reflection.MemberInfo>>+CacheEntry>
7ffcf62ed5a0       1         64 System.Func<Microsoft.EntityFrameworkCore.Query.IAggregateMethodCallTranslatorPlugin, System.Collections.Generic.IEnumerable<Microsoft.EntityFrameworkCore.Query.IAggregateMethodCallTranslator>>
7ffcf4c2b388       1         64 System.Func<System.ValueTuple<System.String, System.Type, System.Reflection.MemberInfo>, System.Func<System.ValueTuple<System.String, System.Type, System.Reflection.MemberInfo>, System.Func<System.Object, System.Collections.Generic.IReadOnlyList<Microsoft.WebTools.ApiEndpointDiscovery.Contracts.EndpointParameter>>>, System.Text.Json.Serialization.Metadata.ReflectionEmitCachingMemberAccessor+Cache<System.ValueTuple<System.String, System.Type, System.Reflection.MemberInfo>>+CacheEntry>
7ffcf4c2bb80       1         64 System.Func<System.ValueTuple<System.String, System.Type, System.Reflection.MemberInfo>, System.Func<System.ValueTuple<System.String, System.Type, System.Reflection.MemberInfo>, System.Action<System.Object, System.Collections.Generic.IReadOnlyList<Microsoft.WebTools.ApiEndpointDiscovery.Contracts.EndpointParameter>>>, System.Text.Json.Serialization.Metadata.ReflectionEmitCachingMemberAccessor+Cache<System.ValueTuple<System.String, System.Type, System.Reflection.MemberInfo>>+CacheEntry>
7ffcf4c2c600       1         64 System.Func<System.ValueTuple<System.String, System.Type, System.Reflection.MemberInfo>, System.Func<System.ValueTuple<System.String, System.Type, System.Reflection.MemberInfo>, System.Func<System.Object, System.Collections.Generic.IReadOnlyList<Microsoft.WebTools.ApiEndpointDiscovery.Contracts.ReturnInfo>>>, System.Text.Json.Serialization.Metadata.ReflectionEmitCachingMemberAccessor+Cache<System.ValueTuple<System.String, System.Type, System.Reflection.MemberInfo>>+CacheEntry>
7ffcf4c2cdf8       1         64 System.Func<System.ValueTuple<System.String, System.Type, System.Reflection.MemberInfo>, System.Func<System.ValueTuple<System.String, System.Type, System.Reflection.MemberInfo>, System.Action<System.Object, System.Collections.Generic.IReadOnlyList<Microsoft.WebTools.ApiEndpointDiscovery.Contracts.ReturnInfo>>>, System.Text.Json.Serialization.Metadata.ReflectionEmitCachingMemberAccessor+Cache<System.ValueTuple<System.String, System.Type, System.Reflection.MemberInfo>>+CacheEntry>
7ffcf4c2d878       1         64 System.Func<System.ValueTuple<System.String, System.Type, System.Reflection.MemberInfo>, System.Func<System.ValueTuple<System.String, System.Type, System.Reflection.MemberInfo>, System.Func<System.Object, System.String[]>>, System.Text.Json.Serialization.Metadata.ReflectionEmitCachingMemberAccessor+Cache<System.ValueTuple<System.String, System.Type, System.Reflection.MemberInfo>>+CacheEntry>
7ffcf4c2e070       1         64 System.Func<System.ValueTuple<System.String, System.Type, System.Reflection.MemberInfo>, System.Func<System.ValueTuple<System.String, System.Type, System.Reflection.MemberInfo>, System.Action<System.Object, System.String[]>>, System.Text.Json.Serialization.Metadata.ReflectionEmitCachingMemberAccessor+Cache<System.ValueTuple<System.String, System.Type, System.Reflection.MemberInfo>>+CacheEntry>
7ffcf4c2eb48       1         64 System.Func<System.ValueTuple<System.String, System.Type, System.Reflection.MemberInfo>, System.Func<System.ValueTuple<System.String, System.Type, System.Reflection.MemberInfo>, System.Func<System.Object[], Microsoft.WebTools.ApiEndpointDiscovery.Contracts.EndpointInfo>>, System.Text.Json.Serialization.Metadata.ReflectionEmitCachingMemberAccessor+Cache<System.ValueTuple<System.String, System.Type, System.Reflection.MemberInfo>>+CacheEntry>
7ffcf4c36400       1         64 System.Func<System.ValueTuple<System.String, System.Type, System.Reflection.MemberInfo>, System.Func<System.ValueTuple<System.String, System.Type, System.Reflection.MemberInfo>, System.Text.Json.Serialization.Metadata.JsonTypeInfo+ParameterizedConstructorDelegate<Microsoft.WebTools.ApiEndpointDiscovery.Contracts.EndpointParameter, System.String, System.String, System.Boolean, System.Object>>, System.Text.Json.Serialization.Metadata.ReflectionEmitCachingMemberAccessor+Cache<System.ValueTuple<System.String, System.Type, System.Reflection.MemberInfo>>+CacheEntry>
7ffcf4c396b8       1         64 System.Func<System.ValueTuple<System.String, System.Type, System.Reflection.MemberInfo>, System.Func<System.ValueTuple<System.String, System.Type, System.Reflection.MemberInfo>, System.Func<System.Object, System.Collections.Generic.IReadOnlyList<System.String>>>, System.Text.Json.Serialization.Metadata.ReflectionEmitCachingMemberAccessor+Cache<System.ValueTuple<System.String, System.Type, System.Reflection.MemberInfo>>+CacheEntry>
7ffcf4c39eb0       1         64 System.Func<System.ValueTuple<System.String, System.Type, System.Reflection.MemberInfo>, System.Func<System.ValueTuple<System.String, System.Type, System.Reflection.MemberInfo>, System.Action<System.Object, System.Collections.Generic.IReadOnlyList<System.String>>>, System.Text.Json.Serialization.Metadata.ReflectionEmitCachingMemberAccessor+Cache<System.ValueTuple<System.String, System.Type, System.Reflection.MemberInfo>>+CacheEntry>
7ffcf62a4710       1         64 System.Action<Microsoft.EntityFrameworkCore.Metadata.Conventions.RuntimeModelConvention, System.Collections.Generic.Dictionary<System.String, System.Object>, Microsoft.EntityFrameworkCore.Metadata.IProperty, Microsoft.EntityFrameworkCore.Metadata.RuntimeProperty, System.Boolean>
7ffcf4c3ad40       1         64 System.Func<System.ValueTuple<System.String, System.Type, System.Reflection.MemberInfo>, System.Func<System.ValueTuple<System.String, System.Type, System.Reflection.MemberInfo>, System.Text.Json.Serialization.Metadata.JsonTypeInfo+ParameterizedConstructorDelegate<Microsoft.WebTools.ApiEndpointDiscovery.Contracts.ReturnInfo, System.String, System.Collections.Generic.IReadOnlyList<System.String>, System.Int32, System.Object>>, System.Text.Json.Serialization.Metadata.ReflectionEmitCachingMemberAccessor+Cache<System.ValueTuple<System.String, System.Type, System.Reflection.MemberInfo>>+CacheEntry>
7ffcf4c3e730       1         64 System.Func<Microsoft.WebTools.ApiEndpointDiscovery.Contracts.EndpointInfo, Microsoft.WebTools.ApiEndpointDiscovery.Contracts.EndpointInfo>
7ffcf4c41368       1         64 System.Action<System.ValueTuple<Microsoft.Win32.SafeHandles.SafeFileHandle, System.ReadOnlyMemory<System.Byte>, System.Int64, System.IO.Strategies.OSFileStreamStrategy>>
7ffcf495be20       1         64 Confluent.Kafka.Impl.Librdkafka+RebalanceDelegate
7ffcf495c178       1         64 Confluent.Kafka.Impl.Librdkafka+CommitDelegate
7ffcf4c7b820       1         64 System.Func<System.String, Microsoft.AspNetCore.Mvc.ApiExplorer.ApiDescription, System.Boolean>
7ffcf4c7b918       1         64 System.Func<Microsoft.AspNetCore.Mvc.ApiExplorer.ApiDescription, System.Collections.Generic.IList<System.String>>
7ffcf4c7bc70       2         64 System.Collections.Generic.List<Microsoft.OpenApi.Models.OpenApiServer>
7ffcf4c7db30       2         64 System.Collections.Generic.List<Microsoft.OpenApi.Models.OpenApiSecurityRequirement>
7ffcf4c7e0c0       2         64 System.Collections.Generic.List<Swashbuckle.AspNetCore.SwaggerGen.IParameterFilter>
7ffcf4c7e650       2         64 System.Collections.Generic.List<Swashbuckle.AspNetCore.SwaggerGen.IRequestBodyFilter>
7ffcf4c7ebe0       2         64 System.Collections.Generic.List<Swashbuckle.AspNetCore.SwaggerGen.IOperationFilter>
7ffcf4c7f170       2         64 System.Collections.Generic.List<Swashbuckle.AspNetCore.SwaggerGen.IDocumentFilter>
7ffcf4c91f40       2         64 System.Collections.Generic.List<Swashbuckle.AspNetCore.SwaggerGen.ISchemaFilter>
7ffcf4c98850       1         64 System.Func<Microsoft.AspNetCore.Mvc.ApiExplorer.ApiDescriptionGroup, System.Collections.Generic.IEnumerable<Microsoft.AspNetCore.Mvc.ApiExplorer.ApiDescription>>
7ffcf4ca2128       1         64 System.Func<Microsoft.AspNetCore.Mvc.ApiExplorer.ApiDescription, Microsoft.AspNetCore.Mvc.ApiExplorer.ApiDescription>
7ffcf4cad7c8       1         64 System.Func<System.String, Microsoft.OpenApi.Models.OpenApiTag>
7ffcf4cd5740       1         64 System.Func<Microsoft.AspNetCore.Mvc.ConsumesAttribute, System.Collections.Generic.IEnumerable<System.String>>
7ffcf4cd58c0       1         64 System.Func<Microsoft.AspNetCore.Mvc.ApiExplorer.ApiRequestFormat, System.String>
7ffcf4cd8a40       1         64 System.Func<System.Reflection.PropertyInfo, System.Int32>
7ffcf4cdb718       1         64 System.Func<System.Reflection.PropertyInfo, System.Reflection.PropertyInfo>
7ffcf3995a98       1         64 System.Buffers.SpanAction<System.Char, System.String>
7ffcf4cd8d60       1         64 System.Func<System.Reflection.ConstructorInfo, System.Collections.Generic.IEnumerable<System.Reflection.ParameterInfo>>
7ffcf4cd2270       1         64 System.Func<Microsoft.AspNetCore.Mvc.ProducesAttribute, System.Collections.Generic.IEnumerable<System.String>>
7ffcf4c91778       1         64 System.Func<Microsoft.OpenApi.Models.OpenApiSchema>
7ffcf386c2d0       1         64 System.Reflection.MdFieldInfo
7ffcf4c20778       1         64 System.Func<System.Type, System.Collections.Generic.ICollection<System.Type>>
7ffcf4cb2858       1         64 System.Func<System.String, Microsoft.OpenApi.Any.IOpenApiAny>
7ffcf4d450b0       1         64 System.Action<Microsoft.OpenApi.Writers.IOpenApiWriter, Microsoft.OpenApi.Models.OpenApiInfo>
7ffcf4d47920       1         64 System.Action<Microsoft.OpenApi.Writers.IOpenApiWriter, Microsoft.OpenApi.Models.OpenApiContact>
7ffcf4d47ce0       1         64 System.Action<Microsoft.OpenApi.Writers.IOpenApiWriter, Microsoft.OpenApi.Models.OpenApiLicense>
7ffcf4d454c0       1         64 System.Action<Microsoft.OpenApi.Writers.IOpenApiWriter, Microsoft.OpenApi.Models.OpenApiPaths>
7ffcf4d49e88       1         64 System.Action<Microsoft.OpenApi.Writers.IOpenApiWriter, Microsoft.OpenApi.Models.OpenApiPathItem>
7ffcf4d4a510       1         64 System.Action<Microsoft.OpenApi.Writers.IOpenApiWriter, Microsoft.OpenApi.Models.OpenApiOperation>
7ffcf4dd2418       1         64 System.Action<Microsoft.OpenApi.Writers.IOpenApiWriter, System.String>
7ffcf4dd2708       1         64 System.Action<Microsoft.OpenApi.Writers.IOpenApiWriter, Microsoft.OpenApi.Models.OpenApiDiscriminator>
7ffcf4dd2bb8       1         64 System.Action<Microsoft.OpenApi.Writers.IOpenApiWriter, Microsoft.OpenApi.Models.OpenApiXml>
7ffcf4d4f1a8       1         64 System.Action<Microsoft.OpenApi.Writers.IOpenApiWriter, Microsoft.OpenApi.Models.OpenApiRequestBody>
7ffcf4d4f320       1         64 System.Action<Microsoft.OpenApi.Writers.IOpenApiWriter, Microsoft.OpenApi.Models.OpenApiResponses>
7ffcf4dd3fe0       1         64 System.Action<Microsoft.OpenApi.Writers.IOpenApiWriter, Microsoft.OpenApi.Models.OpenApiResponse>
7ffcf4dd4468       1         64 System.Action<Microsoft.OpenApi.Writers.IOpenApiWriter, Microsoft.OpenApi.Models.OpenApiHeader>
7ffcf4dd45e0       1         64 System.Action<Microsoft.OpenApi.Writers.IOpenApiWriter, Microsoft.OpenApi.Models.OpenApiLink>
7ffcf4d4f498       1         64 System.Action<Microsoft.OpenApi.Writers.IOpenApiWriter, Microsoft.OpenApi.Models.OpenApiCallback>
7ffcf4dd7320       1         64 System.Action<Microsoft.OpenApi.Writers.IOpenApiWriter, Microsoft.OpenApi.Models.OpenApiEncoding>
7ffcf4d45638       1         64 System.Action<Microsoft.OpenApi.Writers.IOpenApiWriter, Microsoft.OpenApi.Models.OpenApiComponents>
7ffcf4dd7ae8       1         64 System.Action<Microsoft.OpenApi.Writers.IOpenApiWriter, System.String, Microsoft.OpenApi.Models.OpenApiSchema>
7ffcf4dd7cf8       1         64 System.Action<Microsoft.OpenApi.Writers.IOpenApiWriter, System.String, Microsoft.OpenApi.Models.OpenApiResponse>
7ffcf4dd7e78       1         64 System.Action<Microsoft.OpenApi.Writers.IOpenApiWriter, System.String, Microsoft.OpenApi.Models.OpenApiParameter>
7ffcf4dd7ff8       1         64 System.Action<Microsoft.OpenApi.Writers.IOpenApiWriter, System.String, Microsoft.OpenApi.Models.OpenApiExample>
7ffcf4dd8178       1         64 System.Action<Microsoft.OpenApi.Writers.IOpenApiWriter, System.String, Microsoft.OpenApi.Models.OpenApiRequestBody>
7ffcf4dd82f8       1         64 System.Action<Microsoft.OpenApi.Writers.IOpenApiWriter, System.String, Microsoft.OpenApi.Models.OpenApiHeader>
7ffcf4dd8478       1         64 System.Action<Microsoft.OpenApi.Writers.IOpenApiWriter, System.String, Microsoft.OpenApi.Models.OpenApiSecurityScheme>
7ffcf4dd85f8       1         64 System.Action<Microsoft.OpenApi.Writers.IOpenApiWriter, System.String, Microsoft.OpenApi.Models.OpenApiLink>
7ffcf4dd8778       1         64 System.Action<Microsoft.OpenApi.Writers.IOpenApiWriter, System.String, Microsoft.OpenApi.Models.OpenApiCallback>
7ffcf4df1e60       1         64 System.Func<System.IntPtr, System.Net.Sockets.GetAcceptExSockaddrsDelegate>
7ffcf4df88c0       1         64 System.Action<Microsoft.AspNetCore.Server.Kestrel.Transport.Sockets.Internal.SocketConnection>
7ffcf4dfd150       1         64 System.Buffers.SpanAction<System.Char, System.Int64>
7ffcf4e9dc28       1         64 System.Func<System.Net.IWebProxy>
7ffcf4e5d6f8       1         64 System.Func<Microsoft.AspNetCore.Http.Features.IFeatureCollection, Microsoft.AspNetCore.Http.Features.IQueryFeature>
7ffcf4e5d280       1         64 System.Func<Microsoft.AspNetCore.Http.DefaultHttpRequest, Microsoft.AspNetCore.Http.Features.IFormFeature>
7ffcf4e5d8a0       1         64 System.Func<Microsoft.AspNetCore.Http.Features.IFeatureCollection, Microsoft.AspNetCore.Http.Features.IRequestCookiesFeature>
7ffcf4e5d460       1         64 System.Func<Microsoft.AspNetCore.Http.Features.IFeatureCollection, Microsoft.AspNetCore.Http.Features.IRouteValuesFeature>
7ffcf4e5d370       1         64 System.Func<Microsoft.AspNetCore.Http.HttpContext, Microsoft.AspNetCore.Http.Features.IRequestBodyPipeFeature>
7ffcf4e5c698       1         64 System.Diagnostics.DistributedContextPropagator+PropagatorGetterCallback
7ffcf4e5f660       1         64 System.Buffers.SpanAction<System.Char, System.HexConverter+SpanCasingPair>
7ffcf4e699a0       1         64 System.Func<Microsoft.AspNetCore.Http.Features.IFeatureCollection, Microsoft.AspNetCore.Http.Features.IItemsFeature>
7ffcf4e696d0       1         64 System.Func<Microsoft.AspNetCore.Http.DefaultHttpContext, Microsoft.AspNetCore.Http.Features.IServiceProvidersFeature>
7ffcf4e69b80       1         64 System.Func<Microsoft.AspNetCore.Http.Features.IFeatureCollection, Microsoft.AspNetCore.Http.Features.Authentication.IHttpAuthenticationFeature>
7ffcf4e698b0       1         64 System.Func<Microsoft.AspNetCore.Http.Features.IFeatureCollection, Microsoft.AspNetCore.Http.Features.IHttpRequestLifetimeFeature>
7ffcf4e697c0       1         64 System.Func<Microsoft.AspNetCore.Http.Features.IFeatureCollection, Microsoft.AspNetCore.Http.Features.IHttpRequestIdentifierFeature>
7ffcf4e6afd8       1         64 System.Buffers.SpanAction<System.Char, System.ValueTuple<System.String, System.Char, System.UInt32>>
7ffcf4e73d08       1         64 System.Action<Microsoft.Net.Http.Headers.NameValueHeaderValue>
7ffcf4e74750       1         64 System.Func<Microsoft.AspNetCore.Http.Features.IFeatureCollection, Microsoft.AspNetCore.Http.Features.IHttpResponseFeature>
7ffcf4e74660       1         64 System.Func<Microsoft.AspNetCore.Http.Features.IFeatureCollection, Microsoft.AspNetCore.Http.Features.IHttpResponseBodyFeature>
7ffcf4e74840       1         64 System.Func<Microsoft.AspNetCore.Http.Features.IFeatureCollection, Microsoft.AspNetCore.Http.Features.IResponseCookiesFeature>
7ffcf4e9ef50       1         64 System.Threading.WaitOrTimerCallback
7ffcf4eb9ff8       1         64 System.Diagnostics.DistributedContextPropagator+PropagatorSetterCallback
7ffcf4ef83e0       1         64 System.Func<System.Object[]>
7ffcf4efa878       1         64 System.Func<System.Net.Http.HttpContent, System.String>
7ffcf4cbfb98       1         64 System.Buffers.SpanAction<System.Char, System.ReadOnlySpan<System.Char>>
7ffcf4f16c78       1         64 System.Func<Swashbuckle.AspNetCore.SwaggerUI.ConfigObject>
7ffcf4f173f0       1         64 System.Func<System.ValueTuple<System.String, System.Type, System.Reflection.MemberInfo>, System.Func<System.ValueTuple<System.String, System.Type, System.Reflection.MemberInfo>, System.Func<System.Object, System.Collections.Generic.IEnumerable<Swashbuckle.AspNetCore.SwaggerUI.UrlDescriptor>>>, System.Text.Json.Serialization.Metadata.ReflectionEmitCachingMemberAccessor+Cache<System.ValueTuple<System.String, System.Type, System.Reflection.MemberInfo>>+CacheEntry>
7ffcf4f170c8       1         64 System.Func<System.Object, System.Collections.Generic.IEnumerable<Swashbuckle.AspNetCore.SwaggerUI.UrlDescriptor>>
7ffcf4f17be8       1         64 System.Func<System.ValueTuple<System.String, System.Type, System.Reflection.MemberInfo>, System.Func<System.ValueTuple<System.String, System.Type, System.Reflection.MemberInfo>, System.Action<System.Object, System.Collections.Generic.IEnumerable<Swashbuckle.AspNetCore.SwaggerUI.UrlDescriptor>>>, System.Text.Json.Serialization.Metadata.ReflectionEmitCachingMemberAccessor+Cache<System.ValueTuple<System.String, System.Type, System.Reflection.MemberInfo>>+CacheEntry>
7ffcf4f178c0       1         64 System.Action<System.Object, System.Collections.Generic.IEnumerable<Swashbuckle.AspNetCore.SwaggerUI.UrlDescriptor>>
7ffcf4f19a60       1         64 System.Func<System.ValueTuple<System.String, System.Type, System.Reflection.MemberInfo>, System.Func<System.ValueTuple<System.String, System.Type, System.Reflection.MemberInfo>, System.Func<System.Object, Swashbuckle.AspNetCore.SwaggerUI.ModelRendering>>, System.Text.Json.Serialization.Metadata.ReflectionEmitCachingMemberAccessor+Cache<System.ValueTuple<System.String, System.Type, System.Reflection.MemberInfo>>+CacheEntry>
7ffcf4f19050       1         64 System.Func<System.Object, Swashbuckle.AspNetCore.SwaggerUI.ModelRendering>
7ffcf4f1ae10       1         64 System.Func<System.ValueTuple<System.String, System.Type, System.Reflection.MemberInfo>, System.Func<System.ValueTuple<System.String, System.Type, System.Reflection.MemberInfo>, System.Action<System.Object, Swashbuckle.AspNetCore.SwaggerUI.ModelRendering>>, System.Text.Json.Serialization.Metadata.ReflectionEmitCachingMemberAccessor+Cache<System.ValueTuple<System.String, System.Type, System.Reflection.MemberInfo>>+CacheEntry>
7ffcf4f187b0       1         64 System.Action<System.Object, Swashbuckle.AspNetCore.SwaggerUI.ModelRendering>
7ffcf4f1d270       1         64 System.Func<System.ValueTuple<System.String, System.Type, System.Reflection.MemberInfo>, System.Func<System.ValueTuple<System.String, System.Type, System.Reflection.MemberInfo>, System.Func<System.Object, Swashbuckle.AspNetCore.SwaggerUI.DocExpansion>>, System.Text.Json.Serialization.Metadata.ReflectionEmitCachingMemberAccessor+Cache<System.ValueTuple<System.String, System.Type, System.Reflection.MemberInfo>>+CacheEntry>
7ffcf4f1cd88       1         64 System.Func<System.Object, Swashbuckle.AspNetCore.SwaggerUI.DocExpansion>
7ffcf4f1da18       1         64 System.Func<System.ValueTuple<System.String, System.Type, System.Reflection.MemberInfo>, System.Func<System.ValueTuple<System.String, System.Type, System.Reflection.MemberInfo>, System.Action<System.Object, Swashbuckle.AspNetCore.SwaggerUI.DocExpansion>>, System.Text.Json.Serialization.Metadata.ReflectionEmitCachingMemberAccessor+Cache<System.ValueTuple<System.String, System.Type, System.Reflection.MemberInfo>>+CacheEntry>
7ffcf4f1ca68       1         64 System.Action<System.Object, Swashbuckle.AspNetCore.SwaggerUI.DocExpansion>
7ffcf4f30de8       1         64 System.Func<System.ValueTuple<System.String, System.Type, System.Reflection.MemberInfo>, System.Func<System.ValueTuple<System.String, System.Type, System.Reflection.MemberInfo>, System.Func<System.Object, System.Nullable<System.Int32>>>, System.Text.Json.Serialization.Metadata.ReflectionEmitCachingMemberAccessor+Cache<System.ValueTuple<System.String, System.Type, System.Reflection.MemberInfo>>+CacheEntry>
7ffcf4f30900       1         64 System.Func<System.Object, System.Nullable<System.Int32>>
7ffcf4f31590       1         64 System.Func<System.ValueTuple<System.String, System.Type, System.Reflection.MemberInfo>, System.Func<System.ValueTuple<System.String, System.Type, System.Reflection.MemberInfo>, System.Action<System.Object, System.Nullable<System.Int32>>>, System.Text.Json.Serialization.Metadata.ReflectionEmitCachingMemberAccessor+Cache<System.ValueTuple<System.String, System.Type, System.Reflection.MemberInfo>>+CacheEntry>
7ffcf4f307a8       1         64 System.Action<System.Object, System.Nullable<System.Int32>>
7ffcf4f32498       1         64 System.Func<System.ValueTuple<System.String, System.Type, System.Reflection.MemberInfo>, System.Func<System.ValueTuple<System.String, System.Type, System.Reflection.MemberInfo>, System.Func<System.Object, System.Collections.Generic.IEnumerable<Swashbuckle.AspNetCore.SwaggerUI.SubmitMethod>>>, System.Text.Json.Serialization.Metadata.ReflectionEmitCachingMemberAccessor+Cache<System.ValueTuple<System.String, System.Type, System.Reflection.MemberInfo>>+CacheEntry>
7ffcf4f32170       1         64 System.Func<System.Object, System.Collections.Generic.IEnumerable<Swashbuckle.AspNetCore.SwaggerUI.SubmitMethod>>
7ffcf4f32c90       1         64 System.Func<System.ValueTuple<System.String, System.Type, System.Reflection.MemberInfo>, System.Func<System.ValueTuple<System.String, System.Type, System.Reflection.MemberInfo>, System.Action<System.Object, System.Collections.Generic.IEnumerable<Swashbuckle.AspNetCore.SwaggerUI.SubmitMethod>>>, System.Text.Json.Serialization.Metadata.ReflectionEmitCachingMemberAccessor+Cache<System.ValueTuple<System.String, System.Type, System.Reflection.MemberInfo>>+CacheEntry>
7ffcf4f32968       1         64 System.Action<System.Object, System.Collections.Generic.IEnumerable<Swashbuckle.AspNetCore.SwaggerUI.SubmitMethod>>
7ffcf4f33650       1         64 System.Func<System.ValueTuple<System.String, System.Type, System.Reflection.MemberInfo>, System.Func<System.ValueTuple<System.String, System.Type, System.Reflection.MemberInfo>, System.Func<System.Object, System.Collections.Generic.Dictionary<System.String, System.Object>>>, System.Text.Json.Serialization.Metadata.ReflectionEmitCachingMemberAccessor+Cache<System.ValueTuple<System.String, System.Type, System.Reflection.MemberInfo>>+CacheEntry>
7ffcf4f33328       1         64 System.Func<System.Object, System.Collections.Generic.Dictionary<System.String, System.Object>>
7ffcf4f33e48       1         64 System.Func<System.ValueTuple<System.String, System.Type, System.Reflection.MemberInfo>, System.Func<System.ValueTuple<System.String, System.Type, System.Reflection.MemberInfo>, System.Action<System.Object, System.Collections.Generic.Dictionary<System.String, System.Object>>>, System.Text.Json.Serialization.Metadata.ReflectionEmitCachingMemberAccessor+Cache<System.ValueTuple<System.String, System.Type, System.Reflection.MemberInfo>>+CacheEntry>
7ffcf4f33b20       1         64 System.Action<System.Object, System.Collections.Generic.Dictionary<System.String, System.Object>>
7ffcf4f34a30       1         64 System.Text.Json.Serialization.Converters.IEnumerableOfTConverter<System.Collections.Generic.IEnumerable<Swashbuckle.AspNetCore.SwaggerUI.UrlDescriptor>, Swashbuckle.AspNetCore.SwaggerUI.UrlDescriptor>
7ffcf4f35b00       1         64 System.Func<Swashbuckle.AspNetCore.SwaggerUI.UrlDescriptor>
7ffcf4f38778       2         64 System.Collections.Generic.List<System.Text.Json.Serialization.Converters.EnumConverter<Swashbuckle.AspNetCore.SwaggerUI.ModelRendering>+EnumFieldInfo>
7ffcf4f3f1d8       1         64 System.Text.Json.Serialization.Converters.NullableConverter<System.Int32>
7ffcf4f40908       1         64 System.Text.Json.Serialization.Converters.IEnumerableOfTConverter<System.Collections.Generic.IEnumerable<Swashbuckle.AspNetCore.SwaggerUI.SubmitMethod>, Swashbuckle.AspNetCore.SwaggerUI.SubmitMethod>
7ffcf4f47438       1         64 System.Func<System.Collections.Generic.Dictionary<System.String, System.Object>>
7ffcf4f4b540       1         64 System.Func<Swashbuckle.AspNetCore.SwaggerUI.OAuthConfigObject>
7ffcf4f4d8c0       1         64 System.Func<System.ValueTuple<System.String, System.Type, System.Reflection.MemberInfo>, System.Func<System.ValueTuple<System.String, System.Type, System.Reflection.MemberInfo>, System.Func<System.Object, System.Collections.Generic.IEnumerable<System.String>>>, System.Text.Json.Serialization.Metadata.ReflectionEmitCachingMemberAccessor+Cache<System.ValueTuple<System.String, System.Type, System.Reflection.MemberInfo>>+CacheEntry>
7ffcf4f4d598       1         64 System.Func<System.Object, System.Collections.Generic.IEnumerable<System.String>>
7ffcf4f4e0b8       1         64 System.Func<System.ValueTuple<System.String, System.Type, System.Reflection.MemberInfo>, System.Func<System.ValueTuple<System.String, System.Type, System.Reflection.MemberInfo>, System.Action<System.Object, System.Collections.Generic.IEnumerable<System.String>>>, System.Text.Json.Serialization.Metadata.ReflectionEmitCachingMemberAccessor+Cache<System.ValueTuple<System.String, System.Type, System.Reflection.MemberInfo>>+CacheEntry>
7ffcf4f4dd90       1         64 System.Action<System.Object, System.Collections.Generic.IEnumerable<System.String>>
7ffcf4f4ea78       1         64 System.Func<System.ValueTuple<System.String, System.Type, System.Reflection.MemberInfo>, System.Func<System.ValueTuple<System.String, System.Type, System.Reflection.MemberInfo>, System.Func<System.Object, System.Collections.Generic.Dictionary<System.String, System.String>>>, System.Text.Json.Serialization.Metadata.ReflectionEmitCachingMemberAccessor+Cache<System.ValueTuple<System.String, System.Type, System.Reflection.MemberInfo>>+CacheEntry>
7ffcf4f4e750       1         64 System.Func<System.Object, System.Collections.Generic.Dictionary<System.String, System.String>>
7ffcf4f4f270       1         64 System.Func<System.ValueTuple<System.String, System.Type, System.Reflection.MemberInfo>, System.Func<System.ValueTuple<System.String, System.Type, System.Reflection.MemberInfo>, System.Action<System.Object, System.Collections.Generic.Dictionary<System.String, System.String>>>, System.Text.Json.Serialization.Metadata.ReflectionEmitCachingMemberAccessor+Cache<System.ValueTuple<System.String, System.Type, System.Reflection.MemberInfo>>+CacheEntry>
7ffcf4f4ef48       1         64 System.Action<System.Object, System.Collections.Generic.Dictionary<System.String, System.String>>
7ffcf4f4f5a8       1         64 System.Text.Json.Serialization.Converters.IEnumerableOfTConverter<System.Collections.Generic.IEnumerable<System.String>, System.String>
7ffcf4f60818       1         64 System.Func<System.Collections.Generic.Dictionary<System.String, System.String>>
7ffcf4f61300       1         64 System.Func<Swashbuckle.AspNetCore.SwaggerUI.InterceptorFunctions>
7ffcf3592ce8       2         64 System.ReadOnlyMemory<System.Byte>
7ffcf4f63958       1         64 System.Action<Microsoft.Extensions.Logging.ILogger, System.Int32, System.String, System.Exception>
7ffcf3736250       2         64 System.ArraySegment<System.Byte>
7ffcf4f85310       1         64 System.EventHandler<System.Net.Sockets.SocketAsyncEventArgs>
7ffcf5198a38       1         64 System.Action<System.Net.Http.HttpConnectionBase>
7ffcf51dcf58       1         64 System.Func<Microsoft.AspNetCore.Routing.UriBuildingContext>
7ffcf51dd0a0       1         64 System.Func<Microsoft.AspNetCore.Routing.UriBuildingContext, System.Boolean>
7ffcf51df4e0       1         64 System.Func<Microsoft.AspNetCore.Mvc.Abstractions.ActionDescriptor, System.Boolean>
7ffcf5202478       1         64 System.Func<Microsoft.AspNetCore.Mvc.Routing.AttributeRoute+RouteInfo, System.Boolean>
7ffcf5202388       1         64 System.Func<Microsoft.AspNetCore.Mvc.Routing.AttributeRoute+RouteInfo, Microsoft.AspNetCore.Mvc.Routing.AttributeRoute+RouteInfo>
7ffcf5202298       1         64 System.Func<Microsoft.AspNetCore.Mvc.Routing.AttributeRoute+RouteInfo, Microsoft.AspNetCore.Mvc.Abstractions.ActionDescriptor>
7ffcf5206168       1         64 System.Comparison<Microsoft.AspNetCore.Routing.Tree.InboundMatch>
7ffcf5204698       1         64 System.Func<Microsoft.AspNetCore.Routing.Tree.UrlMatchingTree, System.Int32>
7ffcf5215c88       1         64 System.Func<System.Collections.Generic.KeyValuePair<System.String, Microsoft.AspNetCore.Routing.DecisionTree.DecisionTreeBuilder<Microsoft.AspNetCore.Routing.Tree.OutboundMatch>+Criterion>, System.Int32>
7ffcf52176a8       1         64 System.Func<System.Collections.Generic.KeyValuePair<System.String, Microsoft.AspNetCore.Routing.DecisionTree.DecisionTreeBuilder<Microsoft.AspNetCore.Routing.Tree.OutboundMatch>+Criterion>, System.Collections.Generic.KeyValuePair<System.String, Microsoft.AspNetCore.Routing.DecisionTree.DecisionTreeBuilder<Microsoft.AspNetCore.Routing.Tree.OutboundMatch>+Criterion>>
7ffcf3690c18       2         64 Microsoft.Extensions.Primitives.StringSegment
7ffcf51dd310       1         64 Microsoft.AspNetCore.Routing.Tree.TreeRouter
7ffcf52329e0       2         64 Microsoft.AspNetCore.Mvc.Infrastructure.ClientErrorResultFilter
7ffcf5234700       2         64 Microsoft.AspNetCore.Mvc.Infrastructure.ModelStateInvalidFilter
7ffcf5234e48       1         64 Microsoft.Extensions.Internal.ObjectMethodExecutor+MethodExecutor
7ffcf5235ee8       1         64 Microsoft.Extensions.Internal.ObjectMethodExecutor+MethodExecutorAsync
7ffcf4352b70       1         64 Microsoft.Extensions.DependencyInjection.ObjectFactory
7ffcf52800c0       1         64 Microsoft.AspNetCore.Mvc.Controllers.ControllerBinderDelegate
7ffcf5288db8       1         64 System.Func<Microsoft.Extensions.Logging.LoggerMessage+LogValues<System.String, System.Reflection.MethodInfo, System.String, System.String>, System.Exception, System.String>
7ffcf5287370       1         64 System.Action<Microsoft.Extensions.Logging.ILogger, System.String, System.Reflection.MethodInfo, System.String, System.String, System.Exception>
7ffcf528c560       1         64 System.Action<Microsoft.Extensions.Logging.ILogger, System.String[], System.Exception>
7ffcf528c730       1         64 System.Action<Microsoft.Extensions.Logging.ILogger, System.String, System.Type, System.String, System.Type, System.Exception>
7ffcf528c910       1         64 System.Action<Microsoft.Extensions.Logging.ILogger, System.String, System.String, System.Type, System.Exception>
7ffcf528ccb0       1         64 System.Action<Microsoft.Extensions.Logging.ILogger, System.String, System.Type, System.String, System.Exception>
7ffcf528ce90       1         64 System.Action<Microsoft.Extensions.Logging.ILogger, System.Type, System.String, System.Type, System.String, System.Exception>
7ffcf528e578       1         64 System.Func<Microsoft.Extensions.Logging.LoggerMessage+LogValues<System.String, System.String[]>, System.Exception, System.String>
7ffcf81e3bc0       1         64 System.Diagnostics.Tracing.EtwEventProvider+SessionInfoCallback
7ffcf52a3020       1         64 System.Action<Microsoft.Extensions.Logging.ILogger, System.String, Microsoft.AspNetCore.Mvc.ModelBinding.ModelValidationState, System.Exception>
7ffcf52a3570       1         64 System.Action<Microsoft.Extensions.Logging.ILogger, System.String, System.String, System.Double, System.Exception>
7ffcf52a3968       1         64 System.Func<Microsoft.Extensions.Logging.LoggerMessage+LogValues<System.String, System.String>, System.Exception, System.String>
7ffcf52a9ab8       1         64 System.Func<System.Collections.Generic.KeyValuePair<System.Type, Microsoft.EntityFrameworkCore.Infrastructure.IDbContextOptionsExtension>, System.Int32, System.Collections.Generic.KeyValuePair<System.Type, System.ValueTuple<Microsoft.EntityFrameworkCore.Infrastructure.IDbContextOptionsExtension, System.Int32>>>
7ffcf52f4358       1         64 System.Action<Microsoft.EntityFrameworkCore.Infrastructure.SqlServerDbContextOptionsBuilder>
7ffcf53486d0       1         64 System.Func<System.ValueTuple<Microsoft.EntityFrameworkCore.Infrastructure.IDbContextOptionsExtension, System.Int32>, Microsoft.EntityFrameworkCore.Infrastructure.IDbContextOptionsExtension>
7ffcf52fe5f8       1         64 System.Func<Microsoft.EntityFrameworkCore.Infrastructure.IDbContextOptions, System.ValueTuple<System.Collections.Concurrent.ConcurrentDictionary<Microsoft.EntityFrameworkCore.Infrastructure.IDbContextOptions, System.ValueTuple<System.IServiceProvider, System.Collections.Generic.IDictionary<System.String, System.String>>>, Microsoft.EntityFrameworkCore.Infrastructure.IDbContextOptions>, System.ValueTuple<System.IServiceProvider, System.Collections.Generic.IDictionary<System.String, System.String>>>
7ffcf5348208       1         64 System.Func<System.ValueTuple<Microsoft.EntityFrameworkCore.Infrastructure.IDbContextOptionsExtension, System.Int32>, System.Int32>
7ffcf5349380       1         64 System.Func<System.Collections.Generic.KeyValuePair<System.Type, System.ValueTuple<Microsoft.EntityFrameworkCore.Infrastructure.IDbContextOptionsExtension, System.Int32>>, System.ValueTuple<Microsoft.EntityFrameworkCore.Infrastructure.IDbContextOptionsExtension, System.Int32>>
7ffcf5364880       1         64 System.Func<System.ValueTuple<Microsoft.EntityFrameworkCore.Infrastructure.IDbContextOptionsExtension, System.Int32>, System.ValueTuple<Microsoft.EntityFrameworkCore.Infrastructure.IDbContextOptionsExtension, System.Int32>>
7ffcf53670b8       1         64 System.Func<System.Collections.Generic.KeyValuePair<System.String, System.String>, System.Collections.Generic.KeyValuePair<System.String, System.String>>
7ffcf5369bc8       1         64 System.Func<System.IServiceProvider, Microsoft.EntityFrameworkCore.ValueGeneration.IValueGeneratorCache>
7ffcf53803c0       1         64 System.Func<System.IServiceProvider, Microsoft.EntityFrameworkCore.Update.IUpdateSqlGenerator>
7ffcf5381ec0       1         64 System.Func<System.IServiceProvider, Microsoft.EntityFrameworkCore.Storage.IRelationalConnection>
7ffcf538bb30       1         64 System.Action<Microsoft.EntityFrameworkCore.Infrastructure.ServiceCollectionMap>
7ffcf539e3a0       1         64 System.Func<System.IServiceProvider, Microsoft.EntityFrameworkCore.Storage.IDatabaseCreator>
7ffcf53b3c48       1         64 System.Func<System.IServiceProvider, Microsoft.EntityFrameworkCore.Query.ILiftableConstantFactory>
7ffcf53b0d48       1         64 System.Func<System.IServiceProvider, Microsoft.EntityFrameworkCore.Diagnostics.IDiagnosticsLogger<Microsoft.EntityFrameworkCore.DbLoggerCategory+Database+Command>>
7ffcf539e228       1         64 System.Func<System.IServiceProvider, Microsoft.EntityFrameworkCore.Storage.ITypeMappingSource>
7ffcf539ee78       1         64 System.Func<System.IServiceProvider, Microsoft.EntityFrameworkCore.Storage.IDatabaseFacadeDependencies>
7ffcf53b01b0       1         64 System.Func<System.IServiceProvider, Microsoft.EntityFrameworkCore.Diagnostics.IDiagnosticsLogger<Microsoft.EntityFrameworkCore.DbLoggerCategory+Database+Connection>>
7ffcf55d56f0       1         64 System.Func<System.IServiceProvider, Microsoft.EntityFrameworkCore.Storage.IExecutionStrategy>
7ffcf55d78e8       1         64 System.Func<System.IServiceProvider, Microsoft.EntityFrameworkCore.Infrastructure.ICoreSingletonOptions>
7ffcf55d7768       1         64 System.Func<System.IServiceProvider, Microsoft.EntityFrameworkCore.Diagnostics.ILoggingOptions>
7ffcf55d7be0       1         64 System.Func<System.IServiceProvider, Microsoft.EntityFrameworkCore.Metadata.IDesignTimeModel>
7ffcf55d7d58       1         64 System.Func<System.IServiceProvider, Microsoft.EntityFrameworkCore.Infrastructure.ICurrentDbContext>
7ffcf55d7ed0       1         64 System.Func<System.IServiceProvider, Microsoft.EntityFrameworkCore.Infrastructure.IDbContextOptions>
7ffcf55d8048       1         64 System.Func<System.IServiceProvider, Microsoft.EntityFrameworkCore.Infrastructure.Internal.ILazyLoaderFactory>
7ffcf55d81c8       1         64 System.Func<System.IServiceProvider, Microsoft.EntityFrameworkCore.ChangeTracking.Internal.IStateManager>
7ffcf55d9460       1         64 System.Func<System.IServiceProvider, Microsoft.EntityFrameworkCore.Infrastructure.ILazyLoader>
7ffcf55db3e8       1         64 System.Func<System.IServiceProvider, Microsoft.EntityFrameworkCore.Diagnostics.IDbContextLogger>
7ffcf55d7a68       1         64 System.Func<System.IServiceProvider, Microsoft.EntityFrameworkCore.Metadata.IModel>
7ffcf55da578       1         64 System.Func<System.IServiceProvider, Microsoft.Extensions.Caching.Memory.IMemoryCache>
7ffcf55ed998       1         64 System.Func<Microsoft.Extensions.DependencyInjection.ServiceLookup.ServiceCacheKey, Microsoft.Extensions.DependencyInjection.ServiceLookup.ServiceCallSite, Microsoft.Extensions.DependencyInjection.ServiceLookup.ILEmitResolverBuilder+GeneratedMethod>
7ffcf55ec470       1         64 System.Func<Microsoft.Extensions.DependencyInjection.ServiceLookup.ServiceIdentifier, Microsoft.Extensions.DependencyInjection.ServiceProvider+ServiceAccessor>
7ffcf55f7bf0       1         64 System.Func<Microsoft.Extensions.DependencyInjection.ServiceLookup.ServiceIdentifier, System.Object>
7ffcf55f55e0       1         64 System.Predicate<System.WeakReference<Microsoft.Extensions.DependencyInjection.ServiceProvider>>
7ffcf561a850       1         64 System.Func<System.Type, System.Collections.Generic.IReadOnlyList<Microsoft.EntityFrameworkCore.Infrastructure.DbSetProperty>>
7ffcf5615b38       1         64 System.Func<System.ValueTuple<System.Collections.Generic.KeyValuePair<System.Type, System.ValueTuple<Microsoft.EntityFrameworkCore.Infrastructure.IDbContextOptionsExtension, System.Int32>>, System.Collections.Generic.KeyValuePair<System.Type, System.ValueTuple<Microsoft.EntityFrameworkCore.Infrastructure.IDbContextOptionsExtension, System.Int32>>>, System.Boolean>
7ffcf69250c8       1         64 System.Func<Microsoft.EntityFrameworkCore.Storage.ReaderColumn, System.Boolean>
7ffcf6573940       1         64 System.Func<Microsoft.EntityFrameworkCore.DbContext, Microsoft.EntityFrameworkCore.Query.Internal.SingleQueryingEnumerable<<>f__AnonymousType11<System.String, System.String>>+Enumerator, System.Boolean>
7ffcf5661e70       1         64 System.Action<Order.Infrastructure.OrderContext, System.Collections.Generic.IReadOnlyList<System.Int32>, Microsoft.EntityFrameworkCore.DbSet<Order.Infrastructure.Entities.Setting.AllowedStatusModel>>
7ffcf5662968       1         64 System.Func<Order.Infrastructure.OrderContext, Microsoft.EntityFrameworkCore.DbSet<Order.Infrastructure.Entities.Setting.AllowedStatusModel>, Order.Infrastructure.OrderContext>
7ffcf56633f0       1         64 System.Action<Order.Infrastructure.OrderContext, System.Collections.Generic.IReadOnlyList<System.Int32>, Microsoft.EntityFrameworkCore.DbSet<Order.Infrastructure.Entities.Setting.BackGroudSeviceModel>>
7ffcf56638e8       1         64 System.Func<Order.Infrastructure.OrderContext, Microsoft.EntityFrameworkCore.DbSet<Order.Infrastructure.Entities.Setting.BackGroudSeviceModel>, Order.Infrastructure.OrderContext>
7ffcf5665558       1         64 System.Action<Order.Infrastructure.OrderContext, System.Collections.Generic.IReadOnlyList<System.Int32>, Microsoft.EntityFrameworkCore.DbSet<Order.Infrastructure.Entities.StoreLocation.BuModel>>
7ffcf5667c88       1         64 System.Func<Order.Infrastructure.OrderContext, Microsoft.EntityFrameworkCore.DbSet<Order.Infrastructure.Entities.StoreLocation.BuModel>, Order.Infrastructure.OrderContext>
7ffcf5668818       1         64 System.Action<Order.Infrastructure.OrderContext, System.Collections.Generic.IReadOnlyList<System.Int32>, Microsoft.EntityFrameworkCore.DbSet<Order.Infrastructure.Entities.EmailMaster.EmailMasterModel>>
7ffcf56640b8       1         64 System.Func<Order.Infrastructure.OrderContext, Microsoft.EntityFrameworkCore.DbSet<Order.Infrastructure.Entities.EmailMaster.EmailMasterModel>, Order.Infrastructure.OrderContext>
7ffcf5665c60       1         64 System.Action<Order.Infrastructure.OrderContext, System.Collections.Generic.IReadOnlyList<System.Int32>, Microsoft.EntityFrameworkCore.DbSet<Order.Infrastructure.Entities.EmailMaster.EmailRecipientModel>>
7ffcf566b020       1         64 System.Func<Order.Infrastructure.OrderContext, Microsoft.EntityFrameworkCore.DbSet<Order.Infrastructure.Entities.EmailMaster.EmailRecipientModel>, Order.Infrastructure.OrderContext>
7ffcf566bbd0       1         64 System.Action<Order.Infrastructure.OrderContext, System.Collections.Generic.IReadOnlyList<System.Int32>, Microsoft.EntityFrameworkCore.DbSet<Order.Infrastructure.Entities.MessageLog.ExternalLogModel>>
7ffcf566c0c8       1         64 System.Func<Order.Infrastructure.OrderContext, Microsoft.EntityFrameworkCore.DbSet<Order.Infrastructure.Entities.MessageLog.ExternalLogModel>, Order.Infrastructure.OrderContext>
7ffcf5664d80       1         64 System.Action<Order.Infrastructure.OrderContext, System.Collections.Generic.IReadOnlyList<System.Int32>, Microsoft.EntityFrameworkCore.DbSet<Order.Infrastructure.Entities.SettingModel.FunctionModel>>
7ffcf566e438       1         64 System.Func<Order.Infrastructure.OrderContext, Microsoft.EntityFrameworkCore.DbSet<Order.Infrastructure.Entities.SettingModel.FunctionModel>, Order.Infrastructure.OrderContext>
7ffcf566eed0       1         64 System.Action<Order.Infrastructure.OrderContext, System.Collections.Generic.IReadOnlyList<System.Int32>, Microsoft.EntityFrameworkCore.DbSet<Order.Infrastructure.Entities.MessageLog.HttpLogModel>>
7ffcf566f388       1         64 System.Func<Order.Infrastructure.OrderContext, Microsoft.EntityFrameworkCore.DbSet<Order.Infrastructure.Entities.MessageLog.HttpLogModel>, Order.Infrastructure.OrderContext>
7ffcf566fe20       1         64 System.Action<Order.Infrastructure.OrderContext, System.Collections.Generic.IReadOnlyList<System.Int32>, Microsoft.EntityFrameworkCore.DbSet<Order.Infrastructure.Entities.Log.InternalLog>>
7ffcf5681d10       1         64 System.Func<Order.Infrastructure.OrderContext, Microsoft.EntityFrameworkCore.DbSet<Order.Infrastructure.Entities.Log.InternalLog>, Order.Infrastructure.OrderContext>
7ffcf56832d8       1         64 System.Action<Order.Infrastructure.OrderContext, System.Collections.Generic.IReadOnlyList<System.Int32>, Microsoft.EntityFrameworkCore.DbSet<Order.Infrastructure.Entities.OrderItemInformation.OrderItemOtherInfoModel>>
7ffcf5683778       1         64 System.Func<Order.Infrastructure.OrderContext, Microsoft.EntityFrameworkCore.DbSet<Order.Infrastructure.Entities.OrderItemInformation.OrderItemOtherInfoModel>, Order.Infrastructure.OrderContext>
7ffcf5684310       1         64 System.Action<Order.Infrastructure.OrderContext, System.Collections.Generic.IReadOnlyList<System.Int32>, Microsoft.EntityFrameworkCore.DbSet<Order.Infrastructure.Entities.MessageLog.MessageLogsModel>>
7ffcf5684808       1         64 System.Func<Order.Infrastructure.OrderContext, Microsoft.EntityFrameworkCore.DbSet<Order.Infrastructure.Entities.MessageLog.MessageLogsModel>, Order.Infrastructure.OrderContext>
7ffcf5687de8       1         64 System.Action<Order.Infrastructure.OrderContext, System.Collections.Generic.IReadOnlyList<System.Int32>, Microsoft.EntityFrameworkCore.DbSet<Order.Infrastructure.Entities.OrderModels.OrderModel>>
7ffcf5689d30       1         64 System.Func<Order.Infrastructure.OrderContext, Microsoft.EntityFrameworkCore.DbSet<Order.Infrastructure.Entities.OrderModels.OrderModel>, Order.Infrastructure.OrderContext>
7ffcf568a890       1         64 System.Action<Order.Infrastructure.OrderContext, System.Collections.Generic.IReadOnlyList<System.Int32>, Microsoft.EntityFrameworkCore.DbSet<Order.Infrastructure.Entities.OrderModels.OrderAddressModel>>
7ffcf568ad88       1         64 System.Func<Order.Infrastructure.OrderContext, Microsoft.EntityFrameworkCore.DbSet<Order.Infrastructure.Entities.OrderModels.OrderAddressModel>, Order.Infrastructure.OrderContext>
7ffcf568d498       1         64 System.Action<Order.Infrastructure.OrderContext, System.Collections.Generic.IReadOnlyList<System.Int32>, Microsoft.EntityFrameworkCore.DbSet<Order.Infrastructure.Entities.OrderModels.OrderCustomerModel>>
7ffcf568af30       1         64 System.Func<Order.Infrastructure.OrderContext, Microsoft.EntityFrameworkCore.DbSet<Order.Infrastructure.Entities.OrderModels.OrderCustomerModel>, Order.Infrastructure.OrderContext>
7ffcf568ba90       1         64 System.Action<Order.Infrastructure.OrderContext, System.Collections.Generic.IReadOnlyList<System.Int32>, Microsoft.EntityFrameworkCore.DbSet<Order.Infrastructure.Entities.OrderModels.OrderFeeAmountModel>>
7ffcf568bf88       1         64 System.Func<Order.Infrastructure.OrderContext, Microsoft.EntityFrameworkCore.DbSet<Order.Infrastructure.Entities.OrderModels.OrderFeeAmountModel>, Order.Infrastructure.OrderContext>
7ffcf56864b8       1         64 System.Action<Order.Infrastructure.OrderContext, System.Collections.Generic.IReadOnlyList<System.Int32>, Microsoft.EntityFrameworkCore.DbSet<Order.Infrastructure.Entities.OrderModels.OrderFeeAmountDtlModel>>
7ffcf5686970       1         64 System.Func<Order.Infrastructure.OrderContext, Microsoft.EntityFrameworkCore.DbSet<Order.Infrastructure.Entities.OrderModels.OrderFeeAmountDtlModel>, Order.Infrastructure.OrderContext>
7ffcf56900b0       1         64 System.Action<Order.Infrastructure.OrderContext, System.Collections.Generic.IReadOnlyList<System.Int32>, Microsoft.EntityFrameworkCore.DbSet<Order.Infrastructure.Entities.OrderModels.OrderFeeModel>>
7ffcf5690568       1         64 System.Func<Order.Infrastructure.OrderContext, Microsoft.EntityFrameworkCore.DbSet<Order.Infrastructure.Entities.OrderModels.OrderFeeModel>, Order.Infrastructure.OrderContext>
7ffcf5691000       1         64 System.Action<Order.Infrastructure.OrderContext, System.Collections.Generic.IReadOnlyList<System.Int32>, Microsoft.EntityFrameworkCore.DbSet<Order.Infrastructure.Entities.OrderModels.OrderFeePaymentModel>>
7ffcf56914b8       1         64 System.Func<Order.Infrastructure.OrderContext, Microsoft.EntityFrameworkCore.DbSet<Order.Infrastructure.Entities.OrderModels.OrderFeePaymentModel>, Order.Infrastructure.OrderContext>
7ffcf5691f50       1         64 System.Action<Order.Infrastructure.OrderContext, System.Collections.Generic.IReadOnlyList<System.Int32>, Microsoft.EntityFrameworkCore.DbSet<Order.Infrastructure.Entities.OrderModels.OrderFeeTaxModel>>
7ffcf5692408       1         64 System.Func<Order.Infrastructure.OrderContext, Microsoft.EntityFrameworkCore.DbSet<Order.Infrastructure.Entities.OrderModels.OrderFeeTaxModel>, Order.Infrastructure.OrderContext>
7ffcf56948b8       1         64 System.Action<Order.Infrastructure.OrderContext, System.Collections.Generic.IReadOnlyList<System.Int32>, Microsoft.EntityFrameworkCore.DbSet<Order.Infrastructure.Entities.OrderModels.OrderItemModel>>
7ffcf5694d70       1         64 System.Func<Order.Infrastructure.OrderContext, Microsoft.EntityFrameworkCore.DbSet<Order.Infrastructure.Entities.OrderModels.OrderItemModel>, Order.Infrastructure.OrderContext>
7ffcf56958d8       1         64 System.Action<Order.Infrastructure.OrderContext, System.Collections.Generic.IReadOnlyList<System.Int32>, Microsoft.EntityFrameworkCore.DbSet<Order.Infrastructure.Entities.OrderModels.OrderItemAmountModel>>
7ffcf5695dd0       1         64 System.Func<Order.Infrastructure.OrderContext, Microsoft.EntityFrameworkCore.DbSet<Order.Infrastructure.Entities.OrderModels.OrderItemAmountModel>, Order.Infrastructure.OrderContext>
7ffcf5696958       1         64 System.Action<Order.Infrastructure.OrderContext, System.Collections.Generic.IReadOnlyList<System.Int32>, Microsoft.EntityFrameworkCore.DbSet<Order.Infrastructure.Entities.OrderModels.OrderItemAmountDtlModel>>
7ffcf5696e50       1         64 System.Func<Order.Infrastructure.OrderContext, Microsoft.EntityFrameworkCore.DbSet<Order.Infrastructure.Entities.OrderModels.OrderItemAmountDtlModel>, Order.Infrastructure.OrderContext>
7ffcf5697c60       1         64 System.Action<Order.Infrastructure.OrderContext, System.Collections.Generic.IReadOnlyList<System.Int32>, Microsoft.EntityFrameworkCore.DbSet<Order.Infrastructure.Entities.OrderModels.OrderItemBarcodeModel>>
7ffcf569b8b0       1         64 System.Func<Order.Infrastructure.OrderContext, Microsoft.EntityFrameworkCore.DbSet<Order.Infrastructure.Entities.OrderModels.OrderItemBarcodeModel>, Order.Infrastructure.OrderContext>
7ffcf569c330       1         64 System.Action<Order.Infrastructure.OrderContext, System.Collections.Generic.IReadOnlyList<System.Int32>, Microsoft.EntityFrameworkCore.DbSet<Order.Infrastructure.Entities.OrderModels.OrderItemDeliveryWindowModel>>
7ffcf569c7e8       1         64 System.Func<Order.Infrastructure.OrderContext, Microsoft.EntityFrameworkCore.DbSet<Order.Infrastructure.Entities.OrderModels.OrderItemDeliveryWindowModel>, Order.Infrastructure.OrderContext>
7ffcf569d320       1         64 System.Action<Order.Infrastructure.OrderContext, System.Collections.Generic.IReadOnlyList<System.Int32>, Microsoft.EntityFrameworkCore.DbSet<Order.Infrastructure.Entities.OrderModels.OrderItemFulFillmentModel>>
7ffcf569d818       1         64 System.Func<Order.Infrastructure.OrderContext, Microsoft.EntityFrameworkCore.DbSet<Order.Infrastructure.Entities.OrderModels.OrderItemFulFillmentModel>, Order.Infrastructure.OrderContext>
7ffcf56a0028       1         64 System.Action<Order.Infrastructure.OrderContext, System.Collections.Generic.IReadOnlyList<System.Int32>, Microsoft.EntityFrameworkCore.DbSet<Order.Infrastructure.Entities.OrderModels.OrderItemFulFillmentServiceTypeModel>>
7ffcf56a0520       1         64 System.Func<Order.Infrastructure.OrderContext, Microsoft.EntityFrameworkCore.DbSet<Order.Infrastructure.Entities.OrderModels.OrderItemFulFillmentServiceTypeModel>, Order.Infrastructure.OrderContext>
7ffcf56a10a8       1         64 System.Action<Order.Infrastructure.OrderContext, System.Collections.Generic.IReadOnlyList<System.Int32>, Microsoft.EntityFrameworkCore.DbSet<Order.Infrastructure.Entities.OrderModels.OrderItemPaymentModel>>
7ffcf56a15a0       1         64 System.Func<Order.Infrastructure.OrderContext, Microsoft.EntityFrameworkCore.DbSet<Order.Infrastructure.Entities.OrderModels.OrderItemPaymentModel>, Order.Infrastructure.OrderContext>
7ffcf56a27a8       1         64 System.Action<Order.Infrastructure.OrderContext, System.Collections.Generic.IReadOnlyList<System.Int32>, Microsoft.EntityFrameworkCore.DbSet<Order.Infrastructure.Entities.OrderModels.OrderItemPromotionModel>>
7ffcf56a34e0       1         64 System.Func<Order.Infrastructure.OrderContext, Microsoft.EntityFrameworkCore.DbSet<Order.Infrastructure.Entities.OrderModels.OrderItemPromotionModel>, Order.Infrastructure.OrderContext>
7ffcf56a4040       1         64 System.Action<Order.Infrastructure.OrderContext, System.Collections.Generic.IReadOnlyList<System.Int32>, Microsoft.EntityFrameworkCore.DbSet<Order.Infrastructure.Entities.OrderModels.OrderItemPromotionsModel>>
7ffcf56a4538       1         64 System.Func<Order.Infrastructure.OrderContext, Microsoft.EntityFrameworkCore.DbSet<Order.Infrastructure.Entities.OrderModels.OrderItemPromotionsModel>, Order.Infrastructure.OrderContext>
7ffcf56a64c0       1         64 System.Action<Order.Infrastructure.OrderContext, System.Collections.Generic.IReadOnlyList<System.Int32>, Microsoft.EntityFrameworkCore.DbSet<Order.Infrastructure.Entities.OrderModels.OrderItemRemarkModel>>
7ffcf56a69b8       1         64 System.Func<Order.Infrastructure.OrderContext, Microsoft.EntityFrameworkCore.DbSet<Order.Infrastructure.Entities.OrderModels.OrderItemRemarkModel>, Order.Infrastructure.OrderContext>
7ffcf56a8d10       1         64 System.Action<Order.Infrastructure.OrderContext, System.Collections.Generic.IReadOnlyList<System.Int32>, Microsoft.EntityFrameworkCore.DbSet<Order.Infrastructure.Entities.OrderModels.OrderItemTaxModel>>
7ffcf56a91c8       1         64 System.Func<Order.Infrastructure.OrderContext, Microsoft.EntityFrameworkCore.DbSet<Order.Infrastructure.Entities.OrderModels.OrderItemTaxModel>, Order.Infrastructure.OrderContext>
7ffcf56aa630       1         64 System.Action<Order.Infrastructure.OrderContext, System.Collections.Generic.IReadOnlyList<System.Int32>, Microsoft.EntityFrameworkCore.DbSet<Order.Infrastructure.Entities.SysStatusAggregate.OrderOutboxModel>>
7ffcf56abd50       1         64 System.Func<Order.Infrastructure.OrderContext, Microsoft.EntityFrameworkCore.DbSet<Order.Infrastructure.Entities.SysStatusAggregate.OrderOutboxModel>, Order.Infrastructure.OrderContext>
7ffcf56ac8c0       1         64 System.Action<Order.Infrastructure.OrderContext, System.Collections.Generic.IReadOnlyList<System.Int32>, Microsoft.EntityFrameworkCore.DbSet<Order.Infrastructure.Entities.OrderModels.OrderPaymentModel>>
7ffcf56acda8       1         64 System.Func<Order.Infrastructure.OrderContext, Microsoft.EntityFrameworkCore.DbSet<Order.Infrastructure.Entities.OrderModels.OrderPaymentModel>, Order.Infrastructure.OrderContext>
7ffcf56ad8d8       1         64 System.Action<Order.Infrastructure.OrderContext, System.Collections.Generic.IReadOnlyList<System.Int32>, Microsoft.EntityFrameworkCore.DbSet<Order.Infrastructure.Entities.OrderModels.OrderPaymentTransactionModel>>
7ffcf56addd0       1         64 System.Func<Order.Infrastructure.OrderContext, Microsoft.EntityFrameworkCore.DbSet<Order.Infrastructure.Entities.OrderModels.OrderPaymentTransactionModel>, Order.Infrastructure.OrderContext>
7ffcf56d6618       1         64 System.Action<Order.Infrastructure.OrderContext, System.Collections.Generic.IReadOnlyList<System.Int32>, Microsoft.EntityFrameworkCore.DbSet<Order.Infrastructure.Entities.OrderProcessCondition.OrderProcessConditionModel>>
7ffcf56d7390       1         64 System.Func<Order.Infrastructure.OrderContext, Microsoft.EntityFrameworkCore.DbSet<Order.Infrastructure.Entities.OrderProcessCondition.OrderProcessConditionModel>, Order.Infrastructure.OrderContext>
7ffcf56d7ef0       1         64 System.Action<Order.Infrastructure.OrderContext, System.Collections.Generic.IReadOnlyList<System.Int32>, Microsoft.EntityFrameworkCore.DbSet<Order.Infrastructure.Entities.OrderModels.OrderPromotionModel>>
7ffcf56d83e8       1         64 System.Func<Order.Infrastructure.OrderContext, Microsoft.EntityFrameworkCore.DbSet<Order.Infrastructure.Entities.OrderModels.OrderPromotionModel>, Order.Infrastructure.OrderContext>
7ffcf56d0b38       1         64 System.Action<Order.Infrastructure.OrderContext, System.Collections.Generic.IReadOnlyList<System.Int32>, Microsoft.EntityFrameworkCore.DbSet<Order.Infrastructure.Entities.OrderModels.OrderPromotionAmountModel>>
7ffcf56d4f60       1         64 System.Func<Order.Infrastructure.OrderContext, Microsoft.EntityFrameworkCore.DbSet<Order.Infrastructure.Entities.OrderModels.OrderPromotionAmountModel>, Order.Infrastructure.OrderContext>
7ffcf56d5ac0       1         64 System.Action<Order.Infrastructure.OrderContext, System.Collections.Generic.IReadOnlyList<System.Int32>, Microsoft.EntityFrameworkCore.DbSet<Order.Infrastructure.Entities.OrderReference.OrderReferenceModel>>
7ffcf56d5fb8       1         64 System.Func<Order.Infrastructure.OrderContext, Microsoft.EntityFrameworkCore.DbSet<Order.Infrastructure.Entities.OrderReference.OrderReferenceModel>, Order.Infrastructure.OrderContext>
7ffcf56d25d8       1         64 System.Action<Order.Infrastructure.OrderContext, System.Collections.Generic.IReadOnlyList<System.Int32>, Microsoft.EntityFrameworkCore.DbSet<Order.Infrastructure.Entities.OrderModels.OrderRemarkModel>>
7ffcf56d2ad0       1         64 System.Func<Order.Infrastructure.OrderContext, Microsoft.EntityFrameworkCore.DbSet<Order.Infrastructure.Entities.OrderModels.OrderRemarkModel>, Order.Infrastructure.OrderContext>
7ffcf56d13c0       1         64 System.Action<Order.Infrastructure.OrderContext, System.Collections.Generic.IReadOnlyList<System.Int32>, Microsoft.EntityFrameworkCore.DbSet<Order.Infrastructure.Entities.OrderReturn.OrderReturnModel>>
7ffcf56d1878       1         64 System.Func<Order.Infrastructure.OrderContext, Microsoft.EntityFrameworkCore.DbSet<Order.Infrastructure.Entities.OrderReturn.OrderReturnModel>, Order.Infrastructure.OrderContext>
7ffcf56db8a8       1         64 System.Action<Order.Infrastructure.OrderContext, System.Collections.Generic.IReadOnlyList<System.Int32>, Microsoft.EntityFrameworkCore.DbSet<Order.Infrastructure.Entities.OrderReturn.OrderReturnItemModel>>
7ffcf56dd778       1         64 System.Func<Order.Infrastructure.OrderContext, Microsoft.EntityFrameworkCore.DbSet<Order.Infrastructure.Entities.OrderReturn.OrderReturnItemModel>, Order.Infrastructure.OrderContext>
7ffcf56de210       1         64 System.Action<Order.Infrastructure.OrderContext, System.Collections.Generic.IReadOnlyList<System.Int32>, Microsoft.EntityFrameworkCore.DbSet<Order.Infrastructure.Entities.SysStatusAggregate.OrderSagaModel>>
7ffcf56de6c8       1         64 System.Func<Order.Infrastructure.OrderContext, Microsoft.EntityFrameworkCore.DbSet<Order.Infrastructure.Entities.SysStatusAggregate.OrderSagaModel>, Order.Infrastructure.OrderContext>
7ffcf56df160       1         64 System.Action<Order.Infrastructure.OrderContext, System.Collections.Generic.IReadOnlyList<System.Int32>, Microsoft.EntityFrameworkCore.DbSet<Order.Infrastructure.Entities.OrderStaging.OrderStagingModel>>
7ffcf56df618       1         64 System.Func<Order.Infrastructure.OrderContext, Microsoft.EntityFrameworkCore.DbSet<Order.Infrastructure.Entities.OrderStaging.OrderStagingModel>, Order.Infrastructure.OrderContext>
7ffcf56ea580       1         64 System.Action<Order.Infrastructure.OrderContext, System.Collections.Generic.IReadOnlyList<System.Int32>, Microsoft.EntityFrameworkCore.DbSet<Order.Infrastructure.Entities.PackageAuditInfo.PackageAuditInfoModel>>
7ffcf56eaac0       1         64 System.Func<Order.Infrastructure.OrderContext, Microsoft.EntityFrameworkCore.DbSet<Order.Infrastructure.Entities.PackageAuditInfo.PackageAuditInfoModel>, Order.Infrastructure.OrderContext>
7ffcf56eb620       1         64 System.Action<Order.Infrastructure.OrderContext, System.Collections.Generic.IReadOnlyList<System.Int32>, Microsoft.EntityFrameworkCore.DbSet<Order.Infrastructure.Entities.Package.PackageInfoModel>>
7ffcf56ebb18       1         64 System.Func<Order.Infrastructure.OrderContext, Microsoft.EntityFrameworkCore.DbSet<Order.Infrastructure.Entities.Package.PackageInfoModel>, Order.Infrastructure.OrderContext>
7ffcf56e9878       1         64 System.Action<Order.Infrastructure.OrderContext, System.Collections.Generic.IReadOnlyList<System.Int32>, Microsoft.EntityFrameworkCore.DbSet<Order.Infrastructure.Entities.Package.PackageTbModel>>
7ffcf56e9d70       1         64 System.Func<Order.Infrastructure.OrderContext, Microsoft.EntityFrameworkCore.DbSet<Order.Infrastructure.Entities.Package.PackageTbModel>, Order.Infrastructure.OrderContext>
7ffcf56e0950       1         64 System.Action<Order.Infrastructure.OrderContext, System.Collections.Generic.IReadOnlyList<System.Int32>, Microsoft.EntityFrameworkCore.DbSet<Order.Infrastructure.Entities.ProcessOrder.ProcessOrderModel>>
7ffcf56e0e08       1         64 System.Func<Order.Infrastructure.OrderContext, Microsoft.EntityFrameworkCore.DbSet<Order.Infrastructure.Entities.ProcessOrder.ProcessOrderModel>, Order.Infrastructure.OrderContext>
7ffcf56e6ba0       1         64 System.Action<Order.Infrastructure.OrderContext, System.Collections.Generic.IReadOnlyList<System.Int32>, Microsoft.EntityFrameworkCore.DbSet<Order.Infrastructure.Entities.ProcessOrder.ProcessOrderItemModel>>
7ffcf56e0028       1         64 System.Func<Order.Infrastructure.OrderContext, Microsoft.EntityFrameworkCore.DbSet<Order.Infrastructure.Entities.ProcessOrder.ProcessOrderItemModel>, Order.Infrastructure.OrderContext>
7ffcf56e1178       1         64 System.Action<Order.Infrastructure.OrderContext, System.Collections.Generic.IReadOnlyList<System.Int32>, Microsoft.EntityFrameworkCore.DbSet<Order.Infrastructure.Entities.Promotion.ConditionPromotionItemModel>>
7ffcf56e1618       1         64 System.Func<Order.Infrastructure.OrderContext, Microsoft.EntityFrameworkCore.DbSet<Order.Infrastructure.Entities.Promotion.ConditionPromotionItemModel>, Order.Infrastructure.OrderContext>
7ffcf56e20b0       1         64 System.Action<Order.Infrastructure.OrderContext, System.Collections.Generic.IReadOnlyList<System.Int32>, Microsoft.EntityFrameworkCore.DbSet<Order.Infrastructure.Entities.Promotion.PromotionItemModel>>
7ffcf56ec3a8       1         64 System.Func<Order.Infrastructure.OrderContext, Microsoft.EntityFrameworkCore.DbSet<Order.Infrastructure.Entities.Promotion.PromotionItemModel>, Order.Infrastructure.OrderContext>
7ffcf56ee858       1         64 System.Action<Order.Infrastructure.OrderContext, System.Collections.Generic.IReadOnlyList<System.Int32>, Microsoft.EntityFrameworkCore.DbSet<Order.Infrastructure.Entities.Setting.StateControlModel>>
7ffcf56eed48       1         64 System.Func<Order.Infrastructure.OrderContext, Microsoft.EntityFrameworkCore.DbSet<Order.Infrastructure.Entities.Setting.StateControlModel>, Order.Infrastructure.OrderContext>
7ffcf56ef7f8       1         64 System.Action<Order.Infrastructure.OrderContext, System.Collections.Generic.IReadOnlyList<System.Int32>, Microsoft.EntityFrameworkCore.DbSet<Order.Infrastructure.Entities.StoreLocation.StoreLocationModel>>
7ffcf56fa688       1         64 System.Func<Order.Infrastructure.OrderContext, Microsoft.EntityFrameworkCore.DbSet<Order.Infrastructure.Entities.StoreLocation.StoreLocationModel>, Order.Infrastructure.OrderContext>
7ffcf56f9898       1         64 System.Action<Order.Infrastructure.OrderContext, System.Collections.Generic.IReadOnlyList<System.Int32>, Microsoft.EntityFrameworkCore.DbSet<Order.Infrastructure.Entities.SubOrderModels.SubOrderModel>>
7ffcf56f9d90       1         64 System.Func<Order.Infrastructure.OrderContext, Microsoft.EntityFrameworkCore.DbSet<Order.Infrastructure.Entities.SubOrderModels.SubOrderModel>, Order.Infrastructure.OrderContext>
7ffcf56f5620       1         64 System.Action<Order.Infrastructure.OrderContext, System.Collections.Generic.IReadOnlyList<System.Int32>, Microsoft.EntityFrameworkCore.DbSet<Order.Infrastructure.Entities.SubOrderModels.SubOrderAddressModel>>
7ffcf56f5bb8       1         64 System.Func<Order.Infrastructure.OrderContext, Microsoft.EntityFrameworkCore.DbSet<Order.Infrastructure.Entities.SubOrderModels.SubOrderAddressModel>, Order.Infrastructure.OrderContext>
7ffcf56f0858       1         64 System.Action<Order.Infrastructure.OrderContext, System.Collections.Generic.IReadOnlyList<System.Int32>, Microsoft.EntityFrameworkCore.DbSet<Order.Infrastructure.Entities.SubOrderModels.SubOrderFeeAmountModel>>
7ffcf56f0cc8       1         64 System.Func<Order.Infrastructure.OrderContext, Microsoft.EntityFrameworkCore.DbSet<Order.Infrastructure.Entities.SubOrderModels.SubOrderFeeAmountModel>, Order.Infrastructure.OrderContext>
7ffcf56f3d00       1         64 System.Action<Order.Infrastructure.OrderContext, System.Collections.Generic.IReadOnlyList<System.Int32>, Microsoft.EntityFrameworkCore.DbSet<Order.Infrastructure.Entities.SubOrderModels.SubOrderFeeAmountDtlModel>>
7ffcf56f4188       1         64 System.Func<Order.Infrastructure.OrderContext, Microsoft.EntityFrameworkCore.DbSet<Order.Infrastructure.Entities.SubOrderModels.SubOrderFeeAmountDtlModel>, Order.Infrastructure.OrderContext>
7ffcf56f4c20       1         64 System.Action<Order.Infrastructure.OrderContext, System.Collections.Generic.IReadOnlyList<System.Int32>, Microsoft.EntityFrameworkCore.DbSet<Order.Infrastructure.Entities.SubOrderModels.SubOrderFeeModel>>
7ffcf56fadc8       1         64 System.Func<Order.Infrastructure.OrderContext, Microsoft.EntityFrameworkCore.DbSet<Order.Infrastructure.Entities.SubOrderModels.SubOrderFeeModel>, Order.Infrastructure.OrderContext>
7ffcf56fd278       1         64 System.Action<Order.Infrastructure.OrderContext, System.Collections.Generic.IReadOnlyList<System.Int32>, Microsoft.EntityFrameworkCore.DbSet<Order.Infrastructure.Entities.SubOrderModels.SubOrderFeePaymentModel>>
7ffcf56fd730       1         64 System.Func<Order.Infrastructure.OrderContext, Microsoft.EntityFrameworkCore.DbSet<Order.Infrastructure.Entities.SubOrderModels.SubOrderFeePaymentModel>, Order.Infrastructure.OrderContext>
7ffcf56fe1c8       1         64 System.Action<Order.Infrastructure.OrderContext, System.Collections.Generic.IReadOnlyList<System.Int32>, Microsoft.EntityFrameworkCore.DbSet<Order.Infrastructure.Entities.SubOrderModels.SubOrderFeeTaxModel>>
7ffcf56fe680       1         64 System.Func<Order.Infrastructure.OrderContext, Microsoft.EntityFrameworkCore.DbSet<Order.Infrastructure.Entities.SubOrderModels.SubOrderFeeTaxModel>, Order.Infrastructure.OrderContext>
7ffcf56ff6a8       1         64 System.Action<Order.Infrastructure.OrderContext, System.Collections.Generic.IReadOnlyList<System.Int32>, Microsoft.EntityFrameworkCore.DbSet<Order.Infrastructure.Entities.SubOrderModels.SubOrderItemModel>>
7ffcf56ffba0       1         64 System.Func<Order.Infrastructure.OrderContext, Microsoft.EntityFrameworkCore.DbSet<Order.Infrastructure.Entities.SubOrderModels.SubOrderItemModel>, Order.Infrastructure.OrderContext>
7ffcf57022a8       1         64 System.Action<Order.Infrastructure.OrderContext, System.Collections.Generic.IReadOnlyList<System.Int32>, Microsoft.EntityFrameworkCore.DbSet<Order.Infrastructure.Entities.SubOrderModels.SubOrderItemAmountModel>>
7ffcf57027a0       1         64 System.Func<Order.Infrastructure.OrderContext, Microsoft.EntityFrameworkCore.DbSet<Order.Infrastructure.Entities.SubOrderModels.SubOrderItemAmountModel>, Order.Infrastructure.OrderContext>
7ffcf57033e0       1         64 System.Action<Order.Infrastructure.OrderContext, System.Collections.Generic.IReadOnlyList<System.Int32>, Microsoft.EntityFrameworkCore.DbSet<Order.Infrastructure.Entities.SubOrderModels.SubOrderItemAmtDtlModel>>
7ffcf5703908       1         64 System.Func<Order.Infrastructure.OrderContext, Microsoft.EntityFrameworkCore.DbSet<Order.Infrastructure.Entities.SubOrderModels.SubOrderItemAmtDtlModel>, Order.Infrastructure.OrderContext>
7ffcf56ff4f0       1         64 System.Action<Order.Infrastructure.OrderContext, System.Collections.Generic.IReadOnlyList<System.Int32>, Microsoft.EntityFrameworkCore.DbSet<Order.Infrastructure.Entities.SubOrderModels.SubOrderItemBarcodeModel>>
7ffcf5707878       1         64 System.Func<Order.Infrastructure.OrderContext, Microsoft.EntityFrameworkCore.DbSet<Order.Infrastructure.Entities.SubOrderModels.SubOrderItemBarcodeModel>, Order.Infrastructure.OrderContext>
7ffcf5708478       1         64 System.Action<Order.Infrastructure.OrderContext, System.Collections.Generic.IReadOnlyList<System.Int32>, Microsoft.EntityFrameworkCore.DbSet<Order.Infrastructure.Entities.SubOrderModels.SubOrderItemDeliveryWindowModel>>
7ffcf5708970       1         64 System.Func<Order.Infrastructure.OrderContext, Microsoft.EntityFrameworkCore.DbSet<Order.Infrastructure.Entities.SubOrderModels.SubOrderItemDeliveryWindowModel>, Order.Infrastructure.OrderContext>
7ffcf5709f40       1         64 System.Action<Order.Infrastructure.OrderContext, System.Collections.Generic.IReadOnlyList<System.Int32>, Microsoft.EntityFrameworkCore.DbSet<Order.Infrastructure.Entities.SubOrderModels.SubOrderItemFulFillmentModel>>
7ffcf570a3f8       1         64 System.Func<Order.Infrastructure.OrderContext, Microsoft.EntityFrameworkCore.DbSet<Order.Infrastructure.Entities.SubOrderModels.SubOrderItemFulFillmentModel>, Order.Infrastructure.OrderContext>
7ffcf570ae90       1         64 System.Action<Order.Infrastructure.OrderContext, System.Collections.Generic.IReadOnlyList<System.Int32>, Microsoft.EntityFrameworkCore.DbSet<Order.Infrastructure.Entities.SubOrderModels.SubOrderItemFulFillmentServiceTypeModel>>
7ffcf570b348       1         64 System.Func<Order.Infrastructure.OrderContext, Microsoft.EntityFrameworkCore.DbSet<Order.Infrastructure.Entities.SubOrderModels.SubOrderItemFulFillmentServiceTypeModel>, Order.Infrastructure.OrderContext>
7ffcf570c648       1         64 System.Action<Order.Infrastructure.OrderContext, System.Collections.Generic.IReadOnlyList<System.Int32>, Microsoft.EntityFrameworkCore.DbSet<Order.Infrastructure.Entities.SubOrderModels.SubOrderItemPayModel>>
7ffcf570dd68       1         64 System.Func<Order.Infrastructure.OrderContext, Microsoft.EntityFrameworkCore.DbSet<Order.Infrastructure.Entities.SubOrderModels.SubOrderItemPayModel>, Order.Infrastructure.OrderContext>
7ffcf570e7e8       1         64 System.Action<Order.Infrastructure.OrderContext, System.Collections.Generic.IReadOnlyList<System.Int32>, Microsoft.EntityFrameworkCore.DbSet<Order.Infrastructure.Entities.SubOrderModels.SubOrderItemPromotionModel>>
7ffcf570eca0       1         64 System.Func<Order.Infrastructure.OrderContext, Microsoft.EntityFrameworkCore.DbSet<Order.Infrastructure.Entities.SubOrderModels.SubOrderItemPromotionModel>, Order.Infrastructure.OrderContext>
7ffcf570f7d8       1         64 System.Action<Order.Infrastructure.OrderContext, System.Collections.Generic.IReadOnlyList<System.Int32>, Microsoft.EntityFrameworkCore.DbSet<Order.Infrastructure.Entities.SubOrderModels.SubOrderItemPromotionsModel>>
7ffcf5711ff8       1         64 System.Func<Order.Infrastructure.OrderContext, Microsoft.EntityFrameworkCore.DbSet<Order.Infrastructure.Entities.SubOrderModels.SubOrderItemPromotionsModel>, Order.Infrastructure.OrderContext>
7ffcf5712bd0       1         64 System.Action<Order.Infrastructure.OrderContext, System.Collections.Generic.IReadOnlyList<System.Int32>, Microsoft.EntityFrameworkCore.DbSet<Order.Infrastructure.Entities.SubOrderModels.SubOrderItemRemarkModel>>
7ffcf57130c8       1         64 System.Func<Order.Infrastructure.OrderContext, Microsoft.EntityFrameworkCore.DbSet<Order.Infrastructure.Entities.SubOrderModels.SubOrderItemRemarkModel>, Order.Infrastructure.OrderContext>
7ffcf5713c50       1         64 System.Action<Order.Infrastructure.OrderContext, System.Collections.Generic.IReadOnlyList<System.Int32>, Microsoft.EntityFrameworkCore.DbSet<Order.Infrastructure.Entities.SubOrderModels.SubOrderItemTaxModel>>
7ffcf571e088       1         64 System.Func<Order.Infrastructure.OrderContext, Microsoft.EntityFrameworkCore.DbSet<Order.Infrastructure.Entities.SubOrderModels.SubOrderItemTaxModel>, Order.Infrastructure.OrderContext>
7ffcf571cbd8       1         64 System.Action<Order.Infrastructure.OrderContext, System.Collections.Generic.IReadOnlyList<System.Int32>, Microsoft.EntityFrameworkCore.DbSet<Order.Infrastructure.Entities.SubOrderModels.SubOrderPromotionModel>>
7ffcf571d0b8       1         64 System.Func<Order.Infrastructure.OrderContext, Microsoft.EntityFrameworkCore.DbSet<Order.Infrastructure.Entities.SubOrderModels.SubOrderPromotionModel>, Order.Infrastructure.OrderContext>
7ffcf571dbc0       1         64 System.Action<Order.Infrastructure.OrderContext, System.Collections.Generic.IReadOnlyList<System.Int32>, Microsoft.EntityFrameworkCore.DbSet<Order.Infrastructure.Entities.SubOrderModels.SubOrderPromotionAmountModel>>
7ffcf5717868       1         64 System.Func<Order.Infrastructure.OrderContext, Microsoft.EntityFrameworkCore.DbSet<Order.Infrastructure.Entities.SubOrderModels.SubOrderPromotionAmountModel>, Order.Infrastructure.OrderContext>
7ffcf5718dd0       1         64 System.Action<Order.Infrastructure.OrderContext, System.Collections.Generic.IReadOnlyList<System.Int32>, Microsoft.EntityFrameworkCore.DbSet<Order.Infrastructure.Entities.SubOrderModels.SubOrderRemarkModel>>
7ffcf5719ad0       1         64 System.Func<Order.Infrastructure.OrderContext, Microsoft.EntityFrameworkCore.DbSet<Order.Infrastructure.Entities.SubOrderModels.SubOrderRemarkModel>, Order.Infrastructure.OrderContext>
7ffcf5716a10       1         64 System.Action<Order.Infrastructure.OrderContext, System.Collections.Generic.IReadOnlyList<System.Int32>, Microsoft.EntityFrameworkCore.DbSet<Order.Infrastructure.Entities.MasterData.SysAddressTypeModel>>
7ffcf571e348       1         64 System.Func<Order.Infrastructure.OrderContext, Microsoft.EntityFrameworkCore.DbSet<Order.Infrastructure.Entities.MasterData.SysAddressTypeModel>, Order.Infrastructure.OrderContext>
7ffcf571eea8       1         64 System.Action<Order.Infrastructure.OrderContext, System.Collections.Generic.IReadOnlyList<System.Int32>, Microsoft.EntityFrameworkCore.DbSet<Order.Infrastructure.Entities.MasterData.SysChannelModel>>
7ffcf571b1e0       1         64 System.Func<Order.Infrastructure.OrderContext, Microsoft.EntityFrameworkCore.DbSet<Order.Infrastructure.Entities.MasterData.SysChannelModel>, Order.Infrastructure.OrderContext>
7ffcf5733c28       1         64 System.Action<Order.Infrastructure.OrderContext, System.Collections.Generic.IReadOnlyList<System.Int32>, Microsoft.EntityFrameworkCore.DbSet<Order.Infrastructure.Entities.MasterData.SysConfigChannelUploadMappingModel>>
7ffcf571acb8       1         64 System.Func<Order.Infrastructure.OrderContext, Microsoft.EntityFrameworkCore.DbSet<Order.Infrastructure.Entities.MasterData.SysConfigChannelUploadMappingModel>, Order.Infrastructure.OrderContext>
7ffcf5734720       1         64 System.Action<Order.Infrastructure.OrderContext, System.Collections.Generic.IReadOnlyList<System.Int32>, Microsoft.EntityFrameworkCore.DbSet<Order.Infrastructure.Entities.MasterData.SysDeliverySubTypeModel>>
7ffcf5719530       1         64 System.Func<Order.Infrastructure.OrderContext, Microsoft.EntityFrameworkCore.DbSet<Order.Infrastructure.Entities.MasterData.SysDeliverySubTypeModel>, Order.Infrastructure.OrderContext>
7ffcf57318e8       1         64 System.Action<Order.Infrastructure.OrderContext, System.Collections.Generic.IReadOnlyList<System.Int32>, Microsoft.EntityFrameworkCore.DbSet<Order.Infrastructure.Entities.MasterData.SysDeliveryTypeModel>>
7ffcf5731da0       1         64 System.Func<Order.Infrastructure.OrderContext, Microsoft.EntityFrameworkCore.DbSet<Order.Infrastructure.Entities.MasterData.SysDeliveryTypeModel>, Order.Infrastructure.OrderContext>
7ffcf5736ba8       1         64 System.Action<Order.Infrastructure.OrderContext, System.Collections.Generic.IReadOnlyList<System.Int32>, Microsoft.EntityFrameworkCore.DbSet<Order.Infrastructure.Entities.MasterData.SysFulfillmentOptionModel>>
7ffcf5737060       1         64 System.Func<Order.Infrastructure.OrderContext, Microsoft.EntityFrameworkCore.DbSet<Order.Infrastructure.Entities.MasterData.SysFulfillmentOptionModel>, Order.Infrastructure.OrderContext>
7ffcf5739510       1         64 System.Action<Order.Infrastructure.OrderContext, System.Collections.Generic.IReadOnlyList<System.Int32>, Microsoft.EntityFrameworkCore.DbSet<Order.Infrastructure.Entities.MasterData.SysFulfillmentPriorityModel>>
7ffcf5739a08       1         64 System.Func<Order.Infrastructure.OrderContext, Microsoft.EntityFrameworkCore.DbSet<Order.Infrastructure.Entities.MasterData.SysFulfillmentPriorityModel>, Order.Infrastructure.OrderContext>
7ffcf573a590       1         64 System.Action<Order.Infrastructure.OrderContext, System.Collections.Generic.IReadOnlyList<System.Int32>, Microsoft.EntityFrameworkCore.DbSet<Order.Infrastructure.Entities.MasterData.SysFulfillmentTypeModel>>
7ffcf573aa88       1         64 System.Func<Order.Infrastructure.OrderContext, Microsoft.EntityFrameworkCore.DbSet<Order.Infrastructure.Entities.MasterData.SysFulfillmentTypeModel>, Order.Infrastructure.OrderContext>
7ffcf573d230       1         64 System.Action<Order.Infrastructure.OrderContext, System.Collections.Generic.IReadOnlyList<System.Int32>, Microsoft.EntityFrameworkCore.DbSet<Order.Infrastructure.Entities.SettingModel.SysFunctionConfigModel>>
7ffcf573d728       1         64 System.Func<Order.Infrastructure.OrderContext, Microsoft.EntityFrameworkCore.DbSet<Order.Infrastructure.Entities.SettingModel.SysFunctionConfigModel>, Order.Infrastructure.OrderContext>
7ffcf573e2b0       1         64 System.Action<Order.Infrastructure.OrderContext, System.Collections.Generic.IReadOnlyList<System.Int32>, Microsoft.EntityFrameworkCore.DbSet<Order.Infrastructure.Entities.SettingModel.SysFunctionModel>>
7ffcf573e7a8       1         64 System.Func<Order.Infrastructure.OrderContext, Microsoft.EntityFrameworkCore.DbSet<Order.Infrastructure.Entities.SettingModel.SysFunctionModel>, Order.Infrastructure.OrderContext>
7ffcf5744e78       1         64 System.Action<Order.Infrastructure.OrderContext, System.Collections.Generic.IReadOnlyList<System.Int32>, Microsoft.EntityFrameworkCore.DbSet<Order.Infrastructure.Entities.MasterData.SysInsuranceConfigurationModel>>
7ffcf57431e0       1         64 System.Func<Order.Infrastructure.OrderContext, Microsoft.EntityFrameworkCore.DbSet<Order.Infrastructure.Entities.MasterData.SysInsuranceConfigurationModel>, Order.Infrastructure.OrderContext>
7ffcf5743e58       1         64 System.Action<Order.Infrastructure.OrderContext, System.Collections.Generic.IReadOnlyList<System.Int32>, Microsoft.EntityFrameworkCore.DbSet<Order.Infrastructure.Entities.MasterData.SysOrderFulfillmentTypeModel>>
7ffcf5744350       1         64 System.Func<Order.Infrastructure.OrderContext, Microsoft.EntityFrameworkCore.DbSet<Order.Infrastructure.Entities.MasterData.SysOrderFulfillmentTypeModel>, Order.Infrastructure.OrderContext>
7ffcf5742768       1         64 System.Action<Order.Infrastructure.OrderContext, System.Collections.Generic.IReadOnlyList<System.Int32>, Microsoft.EntityFrameworkCore.DbSet<Order.Infrastructure.Entities.MasterData.SysOrderTypeModel>>
7ffcf5741898       1         64 System.Func<Order.Infrastructure.OrderContext, Microsoft.EntityFrameworkCore.DbSet<Order.Infrastructure.Entities.MasterData.SysOrderTypeModel>, Order.Infrastructure.OrderContext>
7ffcf5746740       1         64 System.Action<Order.Infrastructure.OrderContext, System.Collections.Generic.IReadOnlyList<System.Int32>, Microsoft.EntityFrameworkCore.DbSet<Order.Infrastructure.Entities.MasterData.SysRoleChannelMappingModel>>
7ffcf5746be0       1         64 System.Func<Order.Infrastructure.OrderContext, Microsoft.EntityFrameworkCore.DbSet<Order.Infrastructure.Entities.MasterData.SysRoleChannelMappingModel>, Order.Infrastructure.OrderContext>
7ffcf5747678       1         64 System.Action<Order.Infrastructure.OrderContext, System.Collections.Generic.IReadOnlyList<System.Int32>, Microsoft.EntityFrameworkCore.DbSet<Order.Infrastructure.Entities.SysRunningNumber.SysRunningNumberModel>>
7ffcf5747b30       1         64 System.Func<Order.Infrastructure.OrderContext, Microsoft.EntityFrameworkCore.DbSet<Order.Infrastructure.Entities.SysRunningNumber.SysRunningNumberModel>, Order.Infrastructure.OrderContext>
7ffcf574a150       1         64 System.Action<Order.Infrastructure.OrderContext, System.Collections.Generic.IReadOnlyList<System.Int32>, Microsoft.EntityFrameworkCore.DbSet<Order.Infrastructure.Entities.SysRunningNumber.SysRunningNumberTypeModel>>
7ffcf574a648       1         64 System.Func<Order.Infrastructure.OrderContext, Microsoft.EntityFrameworkCore.DbSet<Order.Infrastructure.Entities.SysRunningNumber.SysRunningNumberTypeModel>, Order.Infrastructure.OrderContext>
7ffcf574b1d0       1         64 System.Action<Order.Infrastructure.OrderContext, System.Collections.Generic.IReadOnlyList<System.Int32>, Microsoft.EntityFrameworkCore.DbSet<Order.Infrastructure.Entities.SysStatusAggregate.SysStatusAggregateModel>>
7ffcf574b6c8       1         64 System.Func<Order.Infrastructure.OrderContext, Microsoft.EntityFrameworkCore.DbSet<Order.Infrastructure.Entities.SysStatusAggregate.SysStatusAggregateModel>, Order.Infrastructure.OrderContext>
7ffcf574c140       1         64 System.Action<Order.Infrastructure.OrderContext, System.Collections.Generic.IReadOnlyList<System.Int32>, Microsoft.EntityFrameworkCore.DbSet<Order.Infrastructure.Entities.MasterData.SysStatusModel>>
7ffcf5750840       1         64 System.Func<Order.Infrastructure.OrderContext, Microsoft.EntityFrameworkCore.DbSet<Order.Infrastructure.Entities.MasterData.SysStatusModel>, Order.Infrastructure.OrderContext>
7ffcf5618750       1         64 System.Func<Microsoft.EntityFrameworkCore.Infrastructure.DbSetProperty, System.Boolean>
7ffcf574f6d0       1         64 System.Func<System.ValueTuple<System.Type, System.String>, System.Reflection.MethodInfo, System.Func<Microsoft.EntityFrameworkCore.DbContext, System.String, System.Object>>
7ffcf62d7d68       2         64 System.Linq.Expressions.Expression1<System.Func<Order.Infrastructure.Entities.Abstractions.BaseStatus, Order.Infrastructure.Entities.Abstractions.BaseStatus>>
7ffcf5788a38       1         64 System.Func<System.Int32>
7ffcf425b7f8       1         64 System.Func<System.Type, System.Object>
7ffcf3d51fc0       1         64 System.Func<System.Reflection.Assembly, System.Collections.Generic.IEnumerable<System.Type>>
7ffcf57c7bc8       1         64 System.Action<AutoMapper.IMemberConfigurationExpression<Order.Infrastructure.Entities.OrderModels.OrderItemModel, CommonApiMessage.AggregatesModel.OrderMessage.OrderMessageItemViewModel, System.Int32>>
7ffcf57c8d88       1         64 System.Action<AutoMapper.IMemberConfigurationExpression<Order.Infrastructure.Entities.OrderModels.OrderItemModel, CommonApiMessage.AggregatesModel.OrderMessage.OrderMessageItemViewModel, System.Collections.Generic.List<CommonApiMessage.AggregatesModel.OrderMessage.OrderMessageSubBarcodeViewModel>>>
7ffcf57ca190       1         64 System.Action<AutoMapper.IMemberConfigurationExpression<Order.Infrastructure.Entities.OrderModels.OrderItemFulFillmentModel, CommonApiMessage.AggregatesModel.OrderMessage.OrderMessageItemFulFillmentViewModel, System.Collections.Generic.List<CommonApiMessage.AggregatesModel.OrderMessage.OrderMessageItemFulFillmentServiceTypeViewModel>>>
7ffcf57caee0       1         64 System.Action<AutoMapper.IMemberConfigurationExpression<Order.Infrastructure.Entities.OrderModels.OrderItemFulFillmentModel, CommonApiMessage.AggregatesModel.OrderMessage.OrderMessageItemFulFillmentViewModel, System.Collections.Generic.List<CommonApiMessage.AggregatesModel.OrderMessage.OrderMessageItemDeliveryWindowViewModel>>>
7ffcf57cb2f8       1         64 System.Action<AutoMapper.IMemberConfigurationExpression<Order.Infrastructure.Entities.OrderModels.OrderItemFulFillmentModel, CommonApiMessage.AggregatesModel.OrderMessage.OrderMessageItemFulFillmentViewModel, System.String>>
7ffcf57cbe48       1         64 System.Action<AutoMapper.IMemberConfigurationExpression<Order.Infrastructure.Entities.OrderModels.OrderItemFulFillmentModel, CommonApiMessage.AggregatesModel.OrderMessage.OrderMessageItemFulFillmentViewModel, System.Nullable<System.DateTime>>>
7ffcf57cd090       1         64 System.Action<AutoMapper.IMemberConfigurationExpression<Order.Infrastructure.Entities.OrderModels.OrderItemBarcodeModel, CommonApiMessage.AggregatesModel.OrderMessage.OrderMessageSubBarcodeViewModel, System.String>>
7ffcf58162e0       1         64 System.Action<AutoMapper.IMemberConfigurationExpression<Order.Infrastructure.Entities.SubOrderModels.SubOrderItemModel, CommonApiMessage.AggregatesModel.SubOrderMessage.SubOrderMessageItemViewModel, System.Int32>>
7ffcf5817460       1         64 System.Action<AutoMapper.IMemberConfigurationExpression<Order.Infrastructure.Entities.SubOrderModels.SubOrderItemModel, CommonApiMessage.AggregatesModel.SubOrderMessage.SubOrderMessageItemViewModel, System.Collections.Generic.List<CommonApiMessage.AggregatesModel.SubOrderMessage.SubOrderMessageItemSubBarcodeViewModel>>>
7ffcf5818908       1         64 System.Action<AutoMapper.IMemberConfigurationExpression<Order.Infrastructure.Entities.SubOrderModels.SubOrderItemFulFillmentModel, CommonApiMessage.AggregatesModel.SubOrderMessage.SubOrderMessageItemFulFillmentViewModel, System.Collections.Generic.List<CommonApiMessage.AggregatesModel.SubOrderMessage.SubOrderMessageItemFulFillmentServiceTypeViewModel>>>
7ffcf5818f90       1         64 System.Action<AutoMapper.IMemberConfigurationExpression<Order.Infrastructure.Entities.SubOrderModels.SubOrderItemFulFillmentModel, CommonApiMessage.AggregatesModel.SubOrderMessage.SubOrderMessageItemFulFillmentViewModel, System.String>>
7ffcf58193a8       1         64 System.Action<AutoMapper.IMemberConfigurationExpression<Order.Infrastructure.Entities.SubOrderModels.SubOrderItemFulFillmentModel, CommonApiMessage.AggregatesModel.SubOrderMessage.SubOrderMessageItemFulFillmentViewModel, System.Nullable<System.DateTime>>>
7ffcf581c278       1         64 System.Action<AutoMapper.IMemberConfigurationExpression<Order.Infrastructure.Entities.Promotion.PromotionItemModel, CommonApiMessage.AggregatesModel.SubOrderMessage.SubOrderMessageItemViewModel, System.Int32>>
7ffcf5841338       1         64 System.Action<AutoMapper.IMemberConfigurationExpression<Order.Business.Mediator.Commands.RoleChannelMapping.CreateRoleChannelMappingCommand, Order.Infrastructure.Data.Readonlys.RoleChannelMapping.CreateRoleChannelMappingCommandDto, System.Int32>>
7ffcf5846668       1         64 System.Action<AutoMapper.IMemberConfigurationExpression<Order.Domain.AggregatesModel.Order.PackingDetails, Order.Business.Responses.Order.ProductByPacking, System.Nullable<System.Decimal>>>
7ffcf584bc28       1         64 System.Action<AutoMapper.IMemberConfigurationExpression<CommonApiMessage.AggregatesModel.OrderMessage.OrderMessageItemViewModel, Order.Business.Responses.Order.Product, System.Nullable<System.Decimal>>>
7ffcf584f1b8       1         64 System.Action<AutoMapper.IMemberConfigurationExpression<Order.Business.Mediator.Commands.OrderFront.CreateOrderFrontManualViewModel, Order.Infrastructure.Entities.OrderModels.OrderModel, System.Int32>>
7ffcf58506f0       1         64 System.Action<AutoMapper.IMemberConfigurationExpression<Order.Business.Mediator.Commands.OrderFront.CreateOrderFrontManualViewModel, Order.Infrastructure.Entities.OrderModels.OrderModel, System.Collections.Generic.ICollection<Order.Infrastructure.Entities.OrderModels.OrderItemModel>>>
7ffcf5850b98       1         64 System.Action<AutoMapper.IMemberConfigurationExpression<Order.Business.Mediator.Commands.OrderFront.CreateOrderFrontManualViewModel, Order.Infrastructure.Entities.OrderModels.OrderModel, System.Collections.Generic.ICollection<Order.Infrastructure.Entities.OrderModels.OrderFeeModel>>>
7ffcf5851c68       1         64 System.Action<AutoMapper.IMemberConfigurationExpression<Order.Business.Mediator.Commands.OrderFront.CreateOrderPaymentFrontManualViewModel, Order.Infrastructure.Entities.OrderModels.OrderPaymentModel, System.DateTime>>
7ffcf5852110       1         64 System.Action<AutoMapper.IMemberConfigurationExpression<Order.Business.Mediator.Commands.OrderFront.CreateOrderPaymentFrontManualViewModel, Order.Infrastructure.Entities.OrderModels.OrderPaymentModel, System.Collections.Generic.ICollection<Order.Infrastructure.Entities.OrderModels.OrderPaymentTransactionModel>>>
7ffcf5855150       1         64 System.Action<AutoMapper.IMemberConfigurationExpression<Order.Business.Mediator.Commands.OrderFront.CreateOrderItemFrontManualViewModel, Order.Infrastructure.Entities.OrderModels.OrderItemModel, System.DateTime>>
7ffcf5855568       1         64 System.Action<AutoMapper.IMemberConfigurationExpression<Order.Business.Mediator.Commands.OrderFront.CreateOrderItemFrontManualViewModel, Order.Infrastructure.Entities.OrderModels.OrderItemModel, Order.Infrastructure.Entities.OrderModels.OrderItemFulFillmentModel>>
7ffcf5855980       1         64 System.Action<AutoMapper.IMemberConfigurationExpression<Order.Business.Mediator.Commands.OrderFront.CreateOrderItemFrontManualViewModel, Order.Infrastructure.Entities.OrderModels.OrderItemModel, Order.Infrastructure.Entities.OrderModels.OrderItemPromotionModel>>
7ffcf5855d98       1         64 System.Action<AutoMapper.IMemberConfigurationExpression<Order.Business.Mediator.Commands.OrderFront.CreateOrderItemFrontManualViewModel, Order.Infrastructure.Entities.OrderModels.OrderItemModel, Order.Infrastructure.Entities.OrderModels.OrderItemAmountModel>>
7ffcf5856240       1         64 System.Action<AutoMapper.IMemberConfigurationExpression<Order.Business.Mediator.Commands.OrderFront.CreateOrderItemFrontManualViewModel, Order.Infrastructure.Entities.OrderModels.OrderItemModel, System.Collections.Generic.ICollection<Order.Infrastructure.Entities.OrderModels.OrderItemPaymentModel>>>
7ffcf58566e8       1         64 System.Action<AutoMapper.IMemberConfigurationExpression<Order.Business.Mediator.Commands.OrderFront.CreateOrderItemFrontManualViewModel, Order.Infrastructure.Entities.OrderModels.OrderItemModel, System.Collections.Generic.ICollection<Order.Infrastructure.Entities.OrderModels.OrderItemRemarkModel>>>
7ffcf5856988       1         64 System.Action<AutoMapper.IMemberConfigurationExpression<Order.Business.Mediator.Commands.OrderFront.CreateOrderItemFrontManualViewModel, Order.Infrastructure.Entities.OrderModels.OrderItemModel, System.Collections.Generic.ICollection<Order.Infrastructure.Entities.OrderModels.OrderItemBarcodeModel>>>
7ffcf5856cb8       1         64 System.Action<AutoMapper.IMemberConfigurationExpression<Order.Business.Mediator.Commands.OrderFront.CreateOrderFrontManualViewModel, Order.Infrastructure.Entities.SubOrderModels.SubOrderModel, System.Int32>>
7ffcf58579f8       1         64 System.Action<AutoMapper.IMemberConfigurationExpression<Order.Business.Mediator.Commands.OrderFront.CreateOrderFrontManualViewModel, Order.Infrastructure.Entities.SubOrderModels.SubOrderModel, System.Collections.Generic.ICollection<Order.Infrastructure.Entities.SubOrderModels.SubOrderItemModel>>>
7ffcf5a3cec0       1         64 System.Func<AutoMapper.Execution.Member, System.Linq.Expressions.MemberExpression>
7ffcf5a3d0d8       1         64 System.Func<System.Linq.Expressions.MemberExpression, System.Boolean>
7ffcf592cd30       1         64 System.Func<AutoMapper.Internal.TypePair, AutoMapper.TypeMap>
7ffcf5a56858       1         64 System.Func<AutoMapper.Internal.TypePair, System.Lazy<AutoMapper.TypeMap>>
7ffcf5a60b00       1         64 System.Func<Microsoft.Extensions.Logging.LoggerMessage+LogValues<System.String, System.Type>, System.Exception, System.String>
7ffcf5a67a30       1         64 System.Func<Microsoft.Extensions.Logging.LoggerMessage+LogValues<System.String, System.Type, System.String>, System.Exception, System.String>
7ffcf67f6318       1         64 System.Func<Microsoft.Extensions.Logging.LogLevel, System.Action<Microsoft.Extensions.Logging.ILogger, System.Int32, System.Exception>>
7ffcf6312d28       1         64 System.Func<Microsoft.EntityFrameworkCore.Internal.InternalDbSet<Order.Infrastructure.Entities.SubOrderModels.SubOrderModel>, Microsoft.EntityFrameworkCore.Query.Internal.EntityQueryable<Order.Infrastructure.Entities.SubOrderModels.SubOrderModel>>
7ffcf5aa1378       1         64 System.Func<System.Type, MediatR.Wrappers.RequestHandlerBase>
7ffcf5ac6808       1         64 System.Func<FluentValidation.Internal.MessageFormatter>
7ffcf5ac69a0       1         64 System.Func<FluentValidation.Validators.IPropertyValidator, System.String>
7ffcf5ac73c8       1         64 System.Func<FluentValidation.Internal.IValidatorSelector>
7ffcf5ac7620       1         64 System.Func<System.Collections.Generic.IEnumerable<FluentValidation.Internal.IValidatorSelector>, FluentValidation.Internal.IValidatorSelector>
7ffcf5ac91e8       1         64 System.Func<FluentValidation.Internal.AccessorCache<Order.Business.Mediator.Commands.Order.GetSubOrderCommand>+Key, System.Linq.Expressions.Expression<System.Func<Order.Business.Mediator.Commands.Order.GetSubOrderCommand, Order.Business.Mediator.Commands.Order.GetSubOrderCommand>>, System.Delegate>
7ffcf5ad3a30       1         64 System.Func<FluentValidation.Results.ValidationFailure, System.Boolean>
7ffcf5accc88       1         64 System.Func<System.Linq.Expressions.Expression, System.Linq.Expressions.MemberExpression>
7ffcf5aa8770       1         64 System.Action<Order.Business.Mediator.Commands.Order.GetSubOrderCommand, FluentValidation.ValidationContext<Order.Business.Mediator.Commands.Order.GetSubOrderCommand>>
7ffcf5ad3758       1         64 System.Func<FluentValidation.Results.ValidationResult, System.Collections.Generic.IEnumerable<FluentValidation.Results.ValidationFailure>>
7ffcf5b06d80       1         64 System.Func<Microsoft.EntityFrameworkCore.Diagnostics.IInterceptorAggregator, System.Type>
7ffcf55fc000       1         64 System.Comparison<System.Collections.Generic.KeyValuePair<System.Int32, Microsoft.Extensions.DependencyInjection.ServiceLookup.ServiceCallSite>>
7ffcf67f6220       1         64 System.Action<Microsoft.Extensions.Logging.ILogger, System.Int32, System.Exception>
7ffcf4473630       2         64 System.Linq.Expressions.NewArrayBoundsExpression
7ffcf5af99d8       1         64 System.Func<<>f__AnonymousType11<System.String, System.String>, System.String>
7ffcf6942f58       1         64 System.Func<Microsoft.Data.SqlClient.SqlDataReader, System.Boolean>
7ffcf6943cc8       1         64 System.Func<Microsoft.EntityFrameworkCore.Internal.InternalDbSet<Order.Infrastructure.Entities.OrderReference.OrderReferenceModel>, Microsoft.EntityFrameworkCore.Query.Internal.EntityQueryable<Order.Infrastructure.Entities.OrderReference.OrderReferenceModel>>
7ffcf5c80db8       1         64 System.Func<System.ValueTuple<Microsoft.EntityFrameworkCore.Storage.RelationalTypeMappingInfo, System.Type, Microsoft.EntityFrameworkCore.Storage.ValueConversion.ValueConverter, Microsoft.EntityFrameworkCore.Storage.CoreTypeMapping>, Microsoft.EntityFrameworkCore.Storage.RelationalTypeMappingSource, Microsoft.EntityFrameworkCore.Storage.RelationalTypeMapping>
7ffcf5cdfdb0       1         64 System.Func<Microsoft.EntityFrameworkCore.Metadata.Conventions.RelationshipDiscoveryConvention+RelationshipCandidate, Microsoft.EntityFrameworkCore.Metadata.IConventionEntityType>
7ffcf5ce0028       1         64 System.Func<System.Linq.IGrouping<Microsoft.EntityFrameworkCore.Metadata.IConventionEntityType, Microsoft.EntityFrameworkCore.Metadata.Conventions.RelationshipDiscoveryConvention+RelationshipCandidate>, Microsoft.EntityFrameworkCore.Metadata.IConventionEntityType>
7ffcf5ce0118       1         64 System.Func<System.Linq.IGrouping<Microsoft.EntityFrameworkCore.Metadata.IConventionEntityType, Microsoft.EntityFrameworkCore.Metadata.Conventions.RelationshipDiscoveryConvention+RelationshipCandidate>, System.Collections.Generic.List<Microsoft.EntityFrameworkCore.Metadata.Conventions.RelationshipDiscoveryConvention+RelationshipCandidate>>
7ffcf5d24f68       1         64 System.Func<System.ValueTuple<Microsoft.EntityFrameworkCore.Metadata.Internal.InternalForeignKeyBuilder, System.Boolean, Microsoft.EntityFrameworkCore.Metadata.Internal.InternalForeignKeyBuilder+Resolution, System.Boolean>, Microsoft.EntityFrameworkCore.Metadata.Internal.InternalForeignKeyBuilder>
7ffcf5cb1a00       1         64 System.Func<Microsoft.EntityFrameworkCore.Metadata.Internal.ForeignKey, System.Boolean>
7ffcf5d68cb0       1         64 System.Func<Microsoft.EntityFrameworkCore.Metadata.Internal.ForeignKey, Microsoft.EntityFrameworkCore.Metadata.Internal.RelationshipSnapshot>
7ffcf5d6df20       1         64 System.Func<System.ValueTuple<System.Type, System.Type>, System.Type, Microsoft.EntityFrameworkCore.Storage.ValueConversion.ValueConverterInfo>
7ffcf69a7d00       1         64 System.Func<Microsoft.EntityFrameworkCore.DbContext, Microsoft.EntityFrameworkCore.Query.Internal.SingleQueryingEnumerable<Order.Infrastructure.Entities.OrderReference.OrderReferenceModel>+Enumerator, System.Boolean>
7ffcf5da26c0       2         64 System.Linq.Expressions.Expression1<System.Func<System.Int32, Order.Infrastructure.Entities.Abstractions.BaseStatus>>
7ffcf5ca70c0       1         64 System.Collections.Generic.HashSet<Microsoft.EntityFrameworkCore.Metadata.Internal.Property>
7ffcf5dacf80       1         64 System.Func<System.Collections.Generic.KeyValuePair<System.String, System.Reflection.FieldInfo>, System.String>
7ffcf5dafa50       1         64 System.Func<System.Collections.Generic.KeyValuePair<System.String, System.Reflection.FieldInfo>, System.Collections.Generic.KeyValuePair<System.String, System.Reflection.FieldInfo>>
7ffcf5fd21a8       1         64 System.Func<Microsoft.EntityFrameworkCore.Metadata.IReadOnlyForeignKey, System.Collections.Generic.IEnumerable<Microsoft.EntityFrameworkCore.Metadata.IReadOnlySkipNavigation>>
7ffcf5fd2328       1         64 System.Func<Microsoft.EntityFrameworkCore.Metadata.IReadOnlySkipNavigation, System.Boolean>
7ffcf5d18a78       1         64 System.Func<Microsoft.EntityFrameworkCore.Metadata.Internal.ForeignKey, Microsoft.EntityFrameworkCore.Metadata.Internal.InternalForeignKeyBuilder>
7ffcf5cb9f50       1         64 System.Func<Microsoft.EntityFrameworkCore.Metadata.Internal.ForeignKey, Microsoft.EntityFrameworkCore.Metadata.IReadOnlyForeignKey>
7ffcf6016650       1         64 System.Func<Microsoft.EntityFrameworkCore.Metadata.Internal.ForeignKey, Microsoft.EntityFrameworkCore.Metadata.Internal.ForeignKey>
7ffcf6016760       1         64 System.Func<Microsoft.EntityFrameworkCore.Metadata.IReadOnlyForeignKey, System.Collections.Generic.IEnumerable<Microsoft.EntityFrameworkCore.Metadata.IReadOnlyProperty>>
7ffcf601ac78       1         64 System.Func<Microsoft.EntityFrameworkCore.Metadata.Internal.Index, Microsoft.EntityFrameworkCore.Metadata.Internal.InternalIndexBuilder>
7ffcf5d68340       1         64 System.Func<Microsoft.EntityFrameworkCore.Metadata.Internal.Index, System.Collections.Generic.IReadOnlyList<Microsoft.EntityFrameworkCore.Metadata.IReadOnlyProperty>>
7ffcf60a15d8       1         64 System.Action<Microsoft.EntityFrameworkCore.Metadata.Builders.EntityTypeBuilder<Order.Infrastructure.Data.Readonlys.SysRunningNumber.SysRunningNumberResult>>
7ffcf60bc3f8       1         64 System.Func<Microsoft.EntityFrameworkCore.Metadata.IPropertyParameterBindingFactory, Microsoft.EntityFrameworkCore.Metadata.IConventionEntityType, System.Type, System.String, Microsoft.EntityFrameworkCore.Metadata.ParameterBinding>
7ffcf60bc500       1         64 System.Func<Microsoft.EntityFrameworkCore.Metadata.IParameterBindingFactory, Microsoft.EntityFrameworkCore.Metadata.IConventionEntityType, System.Type, System.String, Microsoft.EntityFrameworkCore.Metadata.ParameterBinding>
7ffcf60d6d30       1         64 System.Func<Microsoft.Extensions.Logging.LogLevel, System.Action<Microsoft.Extensions.Logging.ILogger, System.String, System.String, System.String, System.Exception>>
7ffcf6143dc0       1         64 System.Func<Microsoft.EntityFrameworkCore.Metadata.IReadOnlyForeignKey, System.Collections.Generic.IEnumerable<Microsoft.EntityFrameworkCore.Metadata.IReadOnlyForeignKey>>
7ffcf61484f0       1         64 System.Action<System.Text.StringBuilder, System.String>
7ffcf614b748       1         64 System.Func<Microsoft.EntityFrameworkCore.Metadata.IReadOnlyForeignKey, System.Collections.Generic.IEnumerable<Microsoft.EntityFrameworkCore.Metadata.IReadOnlyIndex>>
7ffcf6154cf0       1         64 System.Func<System.String, System.ValueTuple<System.Object, Microsoft.EntityFrameworkCore.Infrastructure.AnnotatableBase>, Microsoft.EntityFrameworkCore.Infrastructure.Annotation>
7ffcf6154fc0       1         64 System.Func<System.String, Microsoft.EntityFrameworkCore.Infrastructure.Annotation, System.ValueTuple<System.Object, Microsoft.EntityFrameworkCore.Infrastructure.AnnotatableBase>, Microsoft.EntityFrameworkCore.Infrastructure.Annotation>
7ffcf615efe8       1         64 System.Func<Microsoft.EntityFrameworkCore.Metadata.IConventionPropertyBase, System.String>
7ffcf61815d8       1         64 System.Func<System.Collections.Generic.IReadOnlyList<System.Tuple<Microsoft.EntityFrameworkCore.Metadata.IEntityType, Microsoft.EntityFrameworkCore.Metadata.IEntityType, System.Collections.Generic.IEnumerable<Microsoft.EntityFrameworkCore.Metadata.IForeignKey>>>, System.String>
7ffcf61938d0       1         64 System.Func<Microsoft.EntityFrameworkCore.Metadata.IForeignKey, Microsoft.EntityFrameworkCore.Metadata.IEntityType>
7ffcf619f948       1         64 System.Action<Microsoft.EntityFrameworkCore.Metadata.Internal.TypeBase>
7ffcf61c7598       1         64 System.Func<Microsoft.EntityFrameworkCore.Metadata.IReadOnlyIndex, System.Boolean>
7ffcf61d1eb8       1         64 System.Func<Microsoft.EntityFrameworkCore.Metadata.Internal.PropertyBase, System.Collections.Generic.IComparer<Microsoft.EntityFrameworkCore.Update.IUpdateEntry>>
7ffcf61d6960       2         64 System.Linq.Expressions.Expression1<System.Func<System.DateTimeOffset, System.Int32>>
7ffcf61d6bd8       2         64 System.Linq.Expressions.Expression1<System.Func<System.DateTimeOffset, System.DateTimeOffset>>
7ffcf5af9ed0       1         64 System.Func<Order.Infrastructure.Entities.OrderReference.OrderReferenceModel, System.String>
7ffcf5afa0e8       1         64 System.Func<System.Linq.IGrouping<System.String, Order.Infrastructure.Entities.OrderReference.OrderReferenceModel>, System.String>
7ffcf5afa1d8       1         64 System.Func<System.Linq.IGrouping<System.String, Order.Infrastructure.Entities.OrderReference.OrderReferenceModel>, Order.Infrastructure.Entities.OrderReference.OrderReferenceModel>
7ffcf61f0248       2         64 Microsoft.EntityFrameworkCore.ChangeTracking.EntryCurrentValueComparer<System.Nullable<System.Int64>>
7ffcf61f2080       2         64 Microsoft.EntityFrameworkCore.ChangeTracking.EntryCurrentValueComparer<System.String>
7ffcf62643d8       1         64 System.Func<System.Collections.Generic.KeyValuePair<System.Int32, System.Collections.Generic.List<System.String>>, System.Boolean>
7ffcf62693f0       1         64 System.Func<Microsoft.EntityFrameworkCore.Metadata.IEntityType, System.Collections.Generic.IEnumerable<Microsoft.EntityFrameworkCore.Metadata.IKey>>
7ffcf626c3d8       1         64 System.Func<Microsoft.EntityFrameworkCore.Metadata.IEntityType, System.Collections.Generic.IEnumerable<Microsoft.EntityFrameworkCore.Metadata.ICheckConstraint>>
7ffcf626d7f8       1         64 System.Func<Microsoft.EntityFrameworkCore.Metadata.IEntityType, System.Collections.Generic.IEnumerable<Microsoft.EntityFrameworkCore.Metadata.ITrigger>>
7ffcf6c1f608       1         64 System.Func<Microsoft.EntityFrameworkCore.Internal.InternalDbSet<Order.Infrastructure.Entities.OrderItemInformation.OrderItemOtherInfoModel>, Microsoft.EntityFrameworkCore.Query.Internal.EntityQueryable<Order.Infrastructure.Entities.OrderItemInformation.OrderItemOtherInfoModel>>
7ffcf6c30458       1         64 System.Func<Microsoft.EntityFrameworkCore.Query.QueryContext, System.Collections.Generic.IEnumerable<Order.Infrastructure.Entities.OrderItemInformation.OrderItemOtherInfoModel>>
7ffcf6c33958       1         64 System.Func<Microsoft.EntityFrameworkCore.DbContext, Microsoft.EntityFrameworkCore.Query.Internal.SingleQueryingEnumerable<Order.Infrastructure.Entities.OrderItemInformation.OrderItemOtherInfoModel>+Enumerator, System.Boolean>
7ffcf5afdea0       1         64 System.Func<Order.Infrastructure.Entities.SubOrderModels.SubOrderItemBarcodeModel, CommonApiMessage.AggregatesModel.SubOrderMessage.SubOrderMessageItemSubBarcodeViewModel>
7ffcf6c37338       1         64 System.Func<Microsoft.EntityFrameworkCore.Internal.InternalDbSet<Order.Infrastructure.Entities.StoreLocation.StoreLocationModel>, Microsoft.EntityFrameworkCore.Query.Internal.EntityQueryable<Order.Infrastructure.Entities.StoreLocation.StoreLocationModel>>
7ffcf4355210       1         64 System.Func<System.IO.Stream, System.Text.Encoding, System.IO.TextWriter>
7ffcf6f0f0d0       1         64 System.Action<Microsoft.Extensions.Logging.ILogger, Microsoft.AspNetCore.Mvc.Formatters.IOutputFormatter, System.String, System.Exception>
7ffcf6f0f288       1         64 System.Action<Microsoft.Extensions.Logging.ILogger, System.Collections.Generic.IList<Microsoft.AspNetCore.Mvc.Formatters.MediaTypeSegmentWithQuality>, System.Exception>
7ffcf6f0f438       1         64 System.Action<Microsoft.Extensions.Logging.ILogger, System.Collections.Generic.IEnumerable<Microsoft.AspNetCore.Mvc.Formatters.MediaTypeSegmentWithQuality>, System.Exception>
7ffcf6f0f5f8       1         64 System.Action<Microsoft.Extensions.Logging.ILogger, System.Collections.Generic.IEnumerable<Microsoft.AspNetCore.Mvc.Formatters.MediaTypeSegmentWithQuality>, Microsoft.AspNetCore.Mvc.Formatters.MediaTypeCollection, System.Exception>
7ffcf6f0f7b0       1         64 System.Action<Microsoft.Extensions.Logging.ILogger, Microsoft.AspNetCore.Mvc.Formatters.MediaTypeCollection, System.Exception>
7ffcf6f0f960       1         64 System.Action<Microsoft.Extensions.Logging.ILogger, System.Collections.Generic.IEnumerable<Microsoft.AspNetCore.Mvc.Formatters.IOutputFormatter>, System.Exception>
7ffcf6f0fd20       1         64 System.Func<Microsoft.Extensions.Logging.LoggerMessage+LogValues<System.Collections.Generic.IEnumerable<Microsoft.AspNetCore.Mvc.Formatters.IOutputFormatter>>, System.Exception, System.String>
7ffcf6f32b88       1         64 System.Func<Microsoft.Extensions.Logging.LoggerMessage+LogValues<Microsoft.AspNetCore.Mvc.Formatters.MediaTypeCollection>, System.Exception, System.String>
7ffcf6f33460       1         64 System.Func<Microsoft.Extensions.Logging.LoggerMessage+LogValues<Microsoft.AspNetCore.Mvc.Formatters.IOutputFormatter, System.String>, System.Exception, System.String>
7ffcf6c382b8       1         64 System.Func<Microsoft.EntityFrameworkCore.Query.QueryContext, System.Collections.Generic.IEnumerable<Order.Infrastructure.Entities.StoreLocation.StoreLocationModel>>
7ffcf6c3d308       1         64 System.Func<Microsoft.EntityFrameworkCore.DbContext, Microsoft.EntityFrameworkCore.Query.Internal.SingleQueryingEnumerable<Order.Infrastructure.Entities.StoreLocation.StoreLocationModel>+Enumerator, System.Boolean>
7ffcf6f33fe0       2         64 Microsoft.Net.Http.Headers.GenericHeaderParser<Microsoft.Net.Http.Headers.StringWithQualityHeaderValue>
7ffcf6f33c88       1         64 System.Action<Microsoft.Extensions.Logging.ILogger, System.Collections.Generic.List<System.String>, System.Exception>
7ffcf6c3ddf8       1         64 System.Func<Microsoft.EntityFrameworkCore.Metadata.RuntimeKey, System.Func<System.Boolean, Microsoft.EntityFrameworkCore.ChangeTracking.Internal.IIdentityMap>>
7ffcf6c3e508       2         64 Microsoft.EntityFrameworkCore.ChangeTracking.Internal.IdentityMapFactoryFactory+<>c__DisplayClass2_0<System.Int32>
7ffcf6c42308       1         64 System.Func<Microsoft.EntityFrameworkCore.Metadata.RuntimePropertyBase, Microsoft.EntityFrameworkCore.Metadata.Internal.PropertyAccessors>
7ffcf6f35880       1         64 System.Buffers.SpanFunc<System.Char, System.String, System.Globalization.CalendarId, System.Globalization.CalendarDataType, Interop+Globalization+ResultCode>
7ffcf6f376a0       1         64 System.Func<Microsoft.Extensions.Logging.LoggerMessage+LogValues<System.String, System.Double>, System.Exception, System.String>
7ffcf6c4e130       1         64 System.Func<Microsoft.EntityFrameworkCore.Metadata.RuntimeTypeBase, System.Func<Microsoft.EntityFrameworkCore.ChangeTracking.Internal.ISnapshot>>
7ffcf6c611c0       1         64 System.Func<Microsoft.EntityFrameworkCore.Metadata.RuntimeTypeBase, Microsoft.EntityFrameworkCore.Metadata.RuntimeComplexProperty[]>
7ffcf6c679c0       1         64 System.Func<Microsoft.EntityFrameworkCore.ChangeTracking.ValueComparer<System.Int32>, System.Func<System.Int32, System.Int32>>
7ffcf61cc560       1         64 System.Func<System.Int32, System.Int32>
7ffcf6c7ba30       1         64 System.Func<Microsoft.EntityFrameworkCore.Metadata.RuntimeTypeBase, Microsoft.EntityFrameworkCore.Metadata.RuntimePropertyBase[]>
7ffcf6c7afd0       1         64 System.Func<Microsoft.EntityFrameworkCore.Metadata.RuntimeTypeBase, System.Func<Microsoft.EntityFrameworkCore.ChangeTracking.Internal.IInternalEntry, Microsoft.EntityFrameworkCore.ChangeTracking.Internal.ISnapshot>>
7ffcf6c92490       1         64 System.Func<System.Type[], System.Type[], System.Type[]>
7ffcf6cab0b0       1         64 System.Func<Microsoft.EntityFrameworkCore.Metadata.RuntimeEntityType, System.Func<Microsoft.EntityFrameworkCore.ChangeTracking.Internal.IInternalEntry, Microsoft.EntityFrameworkCore.ChangeTracking.Internal.ISnapshot>>
7ffcf6cacd50       1         64 System.Func<Microsoft.EntityFrameworkCore.Internal.InternalDbSet<Order.Infrastructure.Entities.Package.PackageInfoModel>, Microsoft.EntityFrameworkCore.Query.Internal.EntityQueryable<Order.Infrastructure.Entities.Package.PackageInfoModel>>
7ffcf6cad908       1         64 System.Func<Microsoft.EntityFrameworkCore.Query.QueryContext, System.Collections.Generic.IEnumerable<Order.Infrastructure.Entities.Package.PackageInfoModel>>
7ffcf6d10d18       1         64 System.Func<Microsoft.EntityFrameworkCore.DbContext, Microsoft.EntityFrameworkCore.Query.Internal.SingleQueryingEnumerable<Order.Infrastructure.Entities.Package.PackageInfoModel>+Enumerator, System.Boolean>
7ffcf6d1ba50       1         64 System.Func<Microsoft.EntityFrameworkCore.Internal.InternalDbSet<Order.Infrastructure.Entities.Package.PackageTbModel>, Microsoft.EntityFrameworkCore.Query.Internal.EntityQueryable<Order.Infrastructure.Entities.Package.PackageTbModel>>
7ffcf6d1c2c0       1         64 System.Func<Microsoft.EntityFrameworkCore.Query.QueryContext, System.Boolean>
7ffcf6d30d40       1         64 System.Func<Microsoft.EntityFrameworkCore.DbContext, Microsoft.EntityFrameworkCore.Query.Internal.SingleQueryingEnumerable<System.Boolean>+Enumerator, System.Boolean>
7ffcf6d32858       1         64 System.Func<Microsoft.EntityFrameworkCore.Query.SqlExpressions.CaseWhenClause, Microsoft.EntityFrameworkCore.Storage.RelationalTypeMapping>
7ffcf6d32ac0       1         64 System.Func<Microsoft.EntityFrameworkCore.Storage.RelationalTypeMapping, System.Boolean>
7ffcf6d32530       1         64 System.Func<Microsoft.EntityFrameworkCore.Query.SqlExpressions.CaseWhenClause, Microsoft.EntityFrameworkCore.Query.SqlExpressions.SqlExpression>
7ffcf64f1580       2         64 System.Collections.Generic.List<System.Boolean>
7ffcf6d469f0       1         64 System.Func<Microsoft.EntityFrameworkCore.DbContext, Microsoft.EntityFrameworkCore.Query.Internal.SingleQueryingEnumerable<System.Nullable<System.DateTime>>+Enumerator, System.Boolean>
7ffcf6d54a98       1         64 System.Func<Microsoft.EntityFrameworkCore.DbContext, Microsoft.EntityFrameworkCore.Query.Internal.SingleQueryingEnumerable<Order.Infrastructure.Entities.Package.PackageTbModel>+Enumerator, System.Boolean>
7ffcf6d50070       1         64 Microsoft.EntityFrameworkCore.Storage.ReaderColumn<System.Guid>
7ffcf6d4fb90       1         64 System.Func<System.Data.Common.DbDataReader, System.Int32[], System.Guid>
7ffcf6d4f2d8       1         64 System.Func<Microsoft.EntityFrameworkCore.Query.QueryContext, System.Collections.Generic.IEnumerable<Order.Infrastructure.Entities.Package.PackageTbModel>>
7ffcf6d5a4a8       1         64 System.Func<Microsoft.EntityFrameworkCore.ChangeTracking.ValueComparer<System.Guid>, System.Func<System.Guid, System.Int32>>
7ffcf61f4608       1         64 System.Func<System.Guid, System.Int32>
7ffcf6d5fd80       1         64 System.Func<Microsoft.EntityFrameworkCore.ChangeTracking.ValueComparer<System.Nullable<System.DateTime>>, System.Func<System.Nullable<System.DateTime>, System.Nullable<System.DateTime>>>
7ffcf61d9868       1         64 System.Func<System.Nullable<System.DateTime>, System.Nullable<System.DateTime>>
7ffcf6d78328       1         64 System.Func<Microsoft.EntityFrameworkCore.ChangeTracking.ValueComparer<System.Nullable<System.Decimal>>, System.Func<System.Nullable<System.Decimal>, System.Nullable<System.Decimal>>>
7ffcf6d1b158       1         64 System.Func<Order.Infrastructure.Entities.Package.PackageTbModel, CommonApiMessage.AggregatesModel.Package.PackageTbMessage>
7ffcf6d9f028       1         64 System.Func<Microsoft.EntityFrameworkCore.ChangeTracking.ValueComparer<System.Int32>, System.Func<System.Int32, System.Int32, System.Boolean>>
7ffcf61cc2c0       1         64 System.Func<System.Int32, System.Int32, System.Boolean>
7ffcf5af4ee8       1         64 System.Func<CommonApiMessage.AggregatesModel.SubOrderMessage.SubOrderMessageViewModel, <>f__AnonymousType14<System.String>>
7ffcf5af5100       1         64 System.Func<System.Linq.IGrouping<<>f__AnonymousType14<System.String>, CommonApiMessage.AggregatesModel.SubOrderMessage.SubOrderMessageViewModel>, System.String>
7ffcf5af4a98       1         64 System.Func<CommonApiMessage.AggregatesModel.SubOrderMessage.SubOrderMessageViewModel, System.Boolean>
7ffcf6de74d8       1         64 System.Func<Microsoft.EntityFrameworkCore.Query.QueryContext, Order.Infrastructure.Entities.OrderReference.OrderReferenceModel>
7ffcf6deaf48       1         64 System.Func<Microsoft.EntityFrameworkCore.Internal.InternalDbSet<Order.Infrastructure.Entities.OrderModels.OrderModel>, Microsoft.EntityFrameworkCore.Query.Internal.EntityQueryable<Order.Infrastructure.Entities.OrderModels.OrderModel>>
7ffcf6e01700       1         64 System.Func<Microsoft.EntityFrameworkCore.DbContext, Microsoft.EntityFrameworkCore.Query.Internal.SingleQueryingEnumerable<Order.Infrastructure.Entities.OrderModels.OrderModel>+Enumerator, System.Boolean>
7ffcf6dea820       1         64 System.Func<Order.Infrastructure.Entities.OrderModels.OrderModel, System.Collections.Generic.ICollection<Order.Infrastructure.Entities.OrderModels.OrderCustomerModel>>
7ffcf6df8478       1         64 System.Func<Order.Infrastructure.Entities.OrderModels.OrderModel, System.Action<Order.Infrastructure.Entities.OrderModels.OrderModel, System.Collections.Generic.ICollection<Order.Infrastructure.Entities.OrderModels.OrderCustomerModel>>, System.Collections.Generic.ICollection<Order.Infrastructure.Entities.OrderModels.OrderCustomerModel>>
7ffcf6df89a0       1         64 System.Func<System.Collections.Generic.ICollection<Order.Infrastructure.Entities.OrderModels.OrderCustomerModel>>
7ffcf6e28698       1         64 System.Func<Microsoft.EntityFrameworkCore.DbContext, Microsoft.EntityFrameworkCore.Query.Internal.SplitQueryingEnumerable<Order.Infrastructure.Entities.OrderModels.OrderModel>+Enumerator, System.Boolean>
7ffcf5851e60       1         64 System.Func<Order.Infrastructure.Entities.OrderModels.OrderPaymentModel, System.Collections.Generic.ICollection<Order.Infrastructure.Entities.OrderModels.OrderPaymentTransactionModel>>
7ffcf6e0c6b0       1         64 System.Func<Order.Infrastructure.Entities.OrderModels.OrderPaymentModel, System.Action<Order.Infrastructure.Entities.OrderModels.OrderPaymentModel, System.Collections.Generic.ICollection<Order.Infrastructure.Entities.OrderModels.OrderPaymentTransactionModel>>, System.Collections.Generic.ICollection<Order.Infrastructure.Entities.OrderModels.OrderPaymentTransactionModel>>
7ffcf6e0cbd8       1         64 System.Func<System.Collections.Generic.ICollection<Order.Infrastructure.Entities.OrderModels.OrderPaymentTransactionModel>>
7ffcf58e57b8       1         64 System.Func<Order.Infrastructure.Entities.OrderModels.OrderModel, System.Collections.Generic.ICollection<Order.Infrastructure.Entities.OrderModels.OrderPaymentModel>>
7ffcf6e0eaa0       1         64 System.Func<Order.Infrastructure.Entities.OrderModels.OrderModel, System.Action<Order.Infrastructure.Entities.OrderModels.OrderModel, System.Collections.Generic.ICollection<Order.Infrastructure.Entities.OrderModels.OrderPaymentModel>>, System.Collections.Generic.ICollection<Order.Infrastructure.Entities.OrderModels.OrderPaymentModel>>
7ffcf6e0ef50       1         64 System.Func<System.Collections.Generic.ICollection<Order.Infrastructure.Entities.OrderModels.OrderPaymentModel>>
7ffcf6e2c030       1         64 System.Func<Microsoft.EntityFrameworkCore.Internal.InternalDbSet<Order.Infrastructure.Entities.OrderModels.OrderPromotionModel>, Microsoft.EntityFrameworkCore.Query.Internal.EntityQueryable<Order.Infrastructure.Entities.OrderModels.OrderPromotionModel>>
7ffcf6e2db70       1         64 System.Func<Microsoft.EntityFrameworkCore.Query.QueryContext, System.Collections.Generic.IEnumerable<Order.Infrastructure.Entities.OrderModels.OrderPromotionModel>>
7ffcf6e435c0       1         64 System.Func<Microsoft.EntityFrameworkCore.DbContext, Microsoft.EntityFrameworkCore.Query.Internal.SingleQueryingEnumerable<Order.Infrastructure.Entities.OrderModels.OrderPromotionModel>+Enumerator, System.Boolean>
7ffcf81fd8c8       2         64 System.Collections.Generic.List<System.Diagnostics.Tracing.IncrementingPollingCounter>
7ffcf81fe668       1         64 System.EventHandler<System.Diagnostics.Tracing.EventCommandEventArgs>
7ffcf81ff640       2         64 System.Collections.Generic.List<System.Diagnostics.Tracing.CounterGroup>
7ffcf6882eb8       2         64 System.Collections.Generic.List<Microsoft.Data.ProviderBase.DbConnectionInternal>
7ffcf62a5358       1         64 System.Action<Microsoft.EntityFrameworkCore.Metadata.Conventions.RuntimeModelConvention, System.Collections.Generic.Dictionary<System.String, System.Object>, Microsoft.EntityFrameworkCore.Metadata.IForeignKey, Microsoft.EntityFrameworkCore.Metadata.RuntimeForeignKey, System.Boolean>
7ffcf62a5820       1         64 System.Action<Microsoft.EntityFrameworkCore.Metadata.Conventions.RuntimeModelConvention, System.Collections.Generic.Dictionary<System.String, System.Object>, Microsoft.EntityFrameworkCore.Metadata.IEntityType, Microsoft.EntityFrameworkCore.Metadata.RuntimeEntityType, System.Boolean>
7ffcf62a5b50       1         64 System.Action<Microsoft.EntityFrameworkCore.Metadata.Conventions.RuntimeModelConvention, System.Collections.Generic.Dictionary<System.String, System.Object>, Microsoft.EntityFrameworkCore.Metadata.IModel, Microsoft.EntityFrameworkCore.Metadata.RuntimeModel, System.Boolean>
7ffcf62cc2f8       1         64 System.Func<System.Collections.Generic.KeyValuePair<System.String, Microsoft.EntityFrameworkCore.Infrastructure.Annotation>, System.String>
7ffcf62cc478       1         64 System.Func<System.Collections.Generic.KeyValuePair<System.String, Microsoft.EntityFrameworkCore.Infrastructure.Annotation>, Microsoft.EntityFrameworkCore.Infrastructure.Annotation>
7ffcf62e2118       1         64 System.Func<System.Collections.Generic.KeyValuePair<System.String, Microsoft.EntityFrameworkCore.Infrastructure.Annotation>, System.Collections.Generic.KeyValuePair<System.String, Microsoft.EntityFrameworkCore.Infrastructure.Annotation>>
7ffcf62e7b08       1         64 System.Func<Microsoft.EntityFrameworkCore.Query.IMethodCallTranslatorPlugin, System.Collections.Generic.IEnumerable<Microsoft.EntityFrameworkCore.Query.IMethodCallTranslator>>
7ffcf62e53f8       1         64 System.Func<Microsoft.EntityFrameworkCore.Query.IMemberTranslatorPlugin, System.Collections.Generic.IEnumerable<Microsoft.EntityFrameworkCore.Query.IMemberTranslator>>
7ffcf6311868       1         64 System.Action<Microsoft.Extensions.Logging.ILogger, System.String, System.String, System.String, System.String, System.String, System.Exception>
7ffcf6311980       1         64 System.Func<Microsoft.Extensions.Logging.LogLevel, System.Action<Microsoft.Extensions.Logging.ILogger, System.String, System.String, System.String, System.String, System.String, System.Exception>>
7ffcf64087b8       1         64 System.Func<System.Func<Microsoft.EntityFrameworkCore.Metadata.IRelationalModel>, Microsoft.EntityFrameworkCore.Metadata.IRelationalModel>
7ffcf6409f38       1         64 System.Func<System.String, System.ValueTuple<System.Func<System.Func<Microsoft.EntityFrameworkCore.Metadata.IRelationalModel>, Microsoft.EntityFrameworkCore.Metadata.IRelationalModel>, System.Func<Microsoft.EntityFrameworkCore.Metadata.IRelationalModel>, Microsoft.EntityFrameworkCore.Infrastructure.RuntimeAnnotatableBase>, Microsoft.EntityFrameworkCore.Infrastructure.Annotation>
7ffcf63c1570       1         64 System.Func<Microsoft.EntityFrameworkCore.Metadata.RuntimeEntityType, System.String>
7ffcf6432010       1         64 System.Func<Microsoft.EntityFrameworkCore.Metadata.RuntimeEntityType, Microsoft.EntityFrameworkCore.Metadata.RuntimeEntityType>
7ffcf5395b78       1         64 System.Func<System.Int32, System.Boolean>
7ffcf35d9d28       1         72 System.Threading.Tasks.Task<System.Threading.Tasks.Task>
7ffcf35d4b58       1         72 System.Threading.Tasks.Task<System.Byte>
7ffcf3737b98       1         72 Microsoft.Extensions.DependencyModel.CompilationOptions
7ffcf39dd760       1         72 System.TimeZoneInfo+CachedData
7ffcf3a51b88       3         72 Microsoft.Extensions.Configuration.Memory.MemoryConfigurationSource
7ffcf36806b0       3         72 Microsoft.Extensions.Configuration.EnvironmentVariables.EnvironmentVariablesConfigurationSource
7ffcf3a3cd48       3         72 System.Runtime.Serialization.DeserializationTracker
7ffcf3bb1be8       3         72 Microsoft.AspNetCore.Hosting.HostingStartupWebHostBuilder+<>c__DisplayClass6_0
7ffcf4303558       2         72 Microsoft.AspNetCore.Server.Kestrel.Core.Internal.Infrastructure.IHeartbeatHandler[]
7ffcf4302708       1         72 Microsoft.AspNetCore.Server.Kestrel.Core.Internal.Infrastructure.Heartbeat
7ffcf44ab508       1         72 Swashbuckle.AspNetCore.SwaggerUI.SwaggerUIOptions
7ffcf3f6e568       1         72 Microsoft.AspNetCore.Mvc.RazorPages.Infrastructure.PageActionInvokerCache
7ffcf588c740       3         72 AutoMapper.Configuration.MemberConfigurationExpression<Order.Business.Mediator.Commands.OrderFront.CreateOrderItemFrontManualViewModel, Order.Infrastructure.Entities.SubOrderModels.SubOrderItemModel, System.DateTime>+<>c__DisplayClass24_0
7ffcf588c910       3         72 AutoMapper.Configuration.MemberConfigurationExpression<Order.Business.Mediator.Commands.OrderFront.CreateOrderItemFrontManualViewModel, Order.Infrastructure.Entities.SubOrderModels.SubOrderItemModel, System.Int32>+<>c__DisplayClass24_0
7ffcf588db08       3         72 AutoMapper.Configuration.MemberConfigurationExpression<Order.Business.Mediator.Commands.OrderFront.CreateOrderItemFrontManualViewModel, Order.Infrastructure.Entities.SubOrderModels.SubOrderItemModel, Order.Infrastructure.Entities.SubOrderModels.SubOrderItemFulFillmentModel>+<>c__DisplayClass24_0
7ffcf58bc658       3         72 AutoMapper.Configuration.MemberConfigurationExpression<Order.Business.Mediator.Commands.OrderFront.CreateOrderPaymentFrontViewModel, Order.Infrastructure.Entities.OrderModels.OrderPaymentModel, System.String>+<>c__DisplayClass24_0
7ffcf58bd060       3         72 AutoMapper.Configuration.MemberConfigurationExpression<Order.Business.Mediator.Commands.OrderFront.CreateOrderPaymentFrontViewModel, Order.Infrastructure.Entities.OrderModels.OrderPaymentModel, System.DateTime>+<>c__DisplayClass24_0
7ffcf58bda68       3         72 AutoMapper.Configuration.MemberConfigurationExpression<Order.Business.Mediator.Commands.OrderFront.CreateOrderPaymentFrontViewModel, Order.Infrastructure.Entities.OrderModels.OrderPaymentModel, System.Collections.Generic.ICollection<Order.Infrastructure.Entities.OrderModels.OrderPaymentTransactionModel>>+<>c__DisplayClass24_0
7ffcf58c0420       3         72 AutoMapper.Configuration.MemberConfigurationExpression<Order.Business.Mediator.Commands.OrderFront.CreateOrderItemFrontViewModel, Order.Infrastructure.Entities.OrderModels.OrderItemModel, System.DateTime>+<>c__DisplayClass24_0
7ffcf58c0a50       3         72 AutoMapper.Configuration.MemberConfigurationExpression<Order.Business.Mediator.Commands.OrderFront.CreateOrderItemFrontViewModel, Order.Infrastructure.Entities.OrderModels.OrderItemModel, System.Int32>+<>c__DisplayClass24_0
7ffcf58c1458       3         72 AutoMapper.Configuration.MemberConfigurationExpression<Order.Business.Mediator.Commands.OrderFront.CreateOrderItemFrontViewModel, Order.Infrastructure.Entities.OrderModels.OrderItemModel, Order.Infrastructure.Entities.OrderModels.OrderItemFulFillmentModel>+<>c__DisplayClass24_0
7ffcf58c74b8       3         72 AutoMapper.Configuration.MemberConfigurationExpression<Order.Business.Mediator.Commands.OrderFront.CreateOrderItemFrontViewModel, Order.Infrastructure.Entities.SubOrderModels.SubOrderItemModel, System.DateTime>+<>c__DisplayClass24_0
7ffcf58c7688       3         72 AutoMapper.Configuration.MemberConfigurationExpression<Order.Business.Mediator.Commands.OrderFront.CreateOrderItemFrontViewModel, Order.Infrastructure.Entities.SubOrderModels.SubOrderItemModel, System.Int32>+<>c__DisplayClass24_0
7ffcf58c8090       3         72 AutoMapper.Configuration.MemberConfigurationExpression<Order.Business.Mediator.Commands.OrderFront.CreateOrderItemFrontViewModel, Order.Infrastructure.Entities.SubOrderModels.SubOrderItemModel, Order.Infrastructure.Entities.SubOrderModels.SubOrderItemFulFillmentModel>+<>c__DisplayClass24_0
7ffcf58ee8c0       3         72 AutoMapper.Configuration.MemberConfigurationExpression<Order.Business.Mediator.Commands.OrderFront.UpdateOrderFrontViewModel, Order.Infrastructure.Entities.OrderModels.OrderModel, System.DateTime>+<>c__DisplayClass24_0
7ffcf58f2c28       3         72 AutoMapper.Configuration.MemberConfigurationExpression<Order.Business.Mediator.Commands.OrderFront.UpdateOrderItemFront, Order.Infrastructure.Entities.OrderModels.OrderItemModel, System.String>+<>c__DisplayClass24_0
7ffcf58f76c0       3         72 AutoMapper.Configuration.MemberConfigurationExpression<Order.Business.Mediator.Commands.OrderFront.UpdateOrderFrontViewModel, Order.Business.Mediator.Commands.OrderFront.UpdateSubOrderFrontViewModel, System.Nullable<System.DateTime>>+<>c__DisplayClass24_0
7ffcf58faaf0       3         72 AutoMapper.Configuration.MemberConfigurationExpression<Order.Business.Mediator.Commands.OrderFront.UpdateOrderItemFront, Order.Business.Mediator.Commands.OrderFront.UpdateSubOrderItemFront, System.Nullable<System.Decimal>>+<>c__DisplayClass24_0
7ffcf58fb380       3         72 AutoMapper.Configuration.MemberConfigurationExpression<Order.Business.Mediator.Commands.OrderFront.UpdateOrderItemFront, Order.Business.Mediator.Commands.OrderFront.UpdateSubOrderItemFront, System.String>+<>c__DisplayClass24_0
7ffcf58fbc10       3         72 AutoMapper.Configuration.MemberConfigurationExpression<Order.Business.Mediator.Commands.OrderFront.UpdateOrderItemFront, Order.Business.Mediator.Commands.OrderFront.UpdateSubOrderItemFront, System.Decimal>+<>c__DisplayClass24_0
7ffcf5912890       3         72 AutoMapper.Configuration.MemberConfigurationExpression<Order.Business.Mediator.Commands.OrderFront.UpdateSubOrderFrontViewModel, Order.Infrastructure.Entities.SubOrderModels.SubOrderModel, System.DateTime>+<>c__DisplayClass24_0
7ffcf59156c8       3         72 AutoMapper.Configuration.MemberConfigurationExpression<Order.Business.Mediator.Commands.OrderFront.UpdateSubOrderItemFront, Order.Infrastructure.Entities.SubOrderModels.SubOrderItemModel, System.String>+<>c__DisplayClass24_0
7ffcf591c4e0       3         72 AutoMapper.Configuration.MemberConfigurationExpression<Order.Infrastructure.Data.Readonlys.CompanyBuMapping.GetCompanyBuMappingByIdViewModelDto, Order.Business.Dtos.ViewModels.CompanyBuMapping.GetCompanyBuMappingByIdViewModel, System.Int32>+<>c__DisplayClass24_0
7ffcf591efb8       3         72 AutoMapper.Configuration.MemberConfigurationExpression<Order.Infrastructure.Data.Readonlys.CompanyBuMapping.GetCompanyBuMappingByIdViewModelDto, Order.Business.Dtos.ViewModels.CompanyBuMapping.GetCompanyBuMappingByIdViewModel, System.DateTime>+<>c__DisplayClass24_0
7ffcf5922438       3         72 AutoMapper.Configuration.MemberConfigurationExpression<Order.Infrastructure.Data.Readonlys.CompanyBuMapping.GetCompanyBuMappingViewModelDto, Order.Business.Dtos.ViewModels.CompanyBuMapping.GetCompanyBuMappingViewModel, System.Int32>+<>c__DisplayClass24_0
7ffcf5923e18       3         72 AutoMapper.Configuration.MemberConfigurationExpression<Order.Infrastructure.Data.Readonlys.CompanyBuMapping.GetCompanyBuMappingViewModelDto, Order.Business.Dtos.ViewModels.CompanyBuMapping.GetCompanyBuMappingViewModel, System.DateTime>+<>c__DisplayClass24_0
7ffcf5926e38       3         72 AutoMapper.Configuration.MemberConfigurationExpression<Order.Business.Mediator.Queries.CompanyBUMapping.GetCompanyBuMappingsQuery, Order.Infrastructure.Data.Readonlys.CompanyBuMapping.GetCompanyBuMappingsQueryDto, System.Boolean>+<>c__DisplayClass24_0
7ffcf57df7f8       3         72 AutoMapper.Configuration.MemberConfigurationExpression<Order.Infrastructure.Entities.OrderModels.OrderItemModel, CommonApiMessage.AggregatesModel.OrderMessage.OrderMessageItemViewModel, System.Int32>+<>c__DisplayClass24_0
7ffcf58014d8       3         72 AutoMapper.Configuration.MemberConfigurationExpression<Order.Infrastructure.Entities.OrderModels.OrderItemModel, CommonApiMessage.AggregatesModel.OrderMessage.OrderMessageItemViewModel, System.Collections.Generic.List<CommonApiMessage.AggregatesModel.OrderMessage.OrderMessageSubBarcodeViewModel>>+<>c__DisplayClass24_0
7ffcf5803158       3         72 AutoMapper.Configuration.MemberConfigurationExpression<Order.Infrastructure.Entities.OrderModels.OrderItemFulFillmentModel, CommonApiMessage.AggregatesModel.OrderMessage.OrderMessageItemFulFillmentViewModel, System.Collections.Generic.List<CommonApiMessage.AggregatesModel.OrderMessage.OrderMessageItemFulFillmentServiceTypeViewModel>>+<>c__DisplayClass24_0
7ffcf5804350       3         72 AutoMapper.Configuration.MemberConfigurationExpression<Order.Infrastructure.Entities.OrderModels.OrderItemFulFillmentModel, CommonApiMessage.AggregatesModel.OrderMessage.OrderMessageItemFulFillmentViewModel, System.Collections.Generic.List<CommonApiMessage.AggregatesModel.OrderMessage.OrderMessageItemDeliveryWindowViewModel>>+<>c__DisplayClass24_0
7ffcf5805040       3         72 AutoMapper.Configuration.MemberConfigurationExpression<Order.Infrastructure.Entities.OrderModels.OrderItemFulFillmentModel, CommonApiMessage.AggregatesModel.OrderMessage.OrderMessageItemFulFillmentViewModel, System.String>+<>c__DisplayClass24_0
7ffcf5806e28       3         72 AutoMapper.Configuration.MemberConfigurationExpression<Order.Infrastructure.Entities.OrderModels.OrderItemFulFillmentModel, CommonApiMessage.AggregatesModel.OrderMessage.OrderMessageItemFulFillmentViewModel, System.Nullable<System.DateTime>>+<>c__DisplayClass24_0
7ffcf580be68       3         72 AutoMapper.Configuration.MemberConfigurationExpression<Order.Infrastructure.Entities.OrderModels.OrderItemBarcodeModel, CommonApiMessage.AggregatesModel.OrderMessage.OrderMessageSubBarcodeViewModel, System.String>+<>c__DisplayClass24_0
7ffcf5821020       3         72 AutoMapper.Configuration.MemberConfigurationExpression<Order.Infrastructure.Entities.SubOrderModels.SubOrderItemModel, CommonApiMessage.AggregatesModel.SubOrderMessage.SubOrderMessageItemViewModel, System.Int32>+<>c__DisplayClass24_0
7ffcf5822a90       3         72 AutoMapper.Configuration.MemberConfigurationExpression<Order.Infrastructure.Entities.SubOrderModels.SubOrderItemModel, CommonApiMessage.AggregatesModel.SubOrderMessage.SubOrderMessageItemViewModel, System.Collections.Generic.List<CommonApiMessage.AggregatesModel.SubOrderMessage.SubOrderMessageItemSubBarcodeViewModel>>+<>c__DisplayClass24_0
7ffcf5824710       3         72 AutoMapper.Configuration.MemberConfigurationExpression<Order.Infrastructure.Entities.SubOrderModels.SubOrderItemFulFillmentModel, CommonApiMessage.AggregatesModel.SubOrderMessage.SubOrderMessageItemFulFillmentViewModel, System.Collections.Generic.List<CommonApiMessage.AggregatesModel.SubOrderMessage.SubOrderMessageItemFulFillmentServiceTypeViewModel>>+<>c__DisplayClass24_0
7ffcf5825400       3         72 AutoMapper.Configuration.MemberConfigurationExpression<Order.Infrastructure.Entities.SubOrderModels.SubOrderItemFulFillmentModel, CommonApiMessage.AggregatesModel.SubOrderMessage.SubOrderMessageItemFulFillmentViewModel, System.String>+<>c__DisplayClass24_0
7ffcf58260f0       3         72 AutoMapper.Configuration.MemberConfigurationExpression<Order.Infrastructure.Entities.SubOrderModels.SubOrderItemFulFillmentModel, CommonApiMessage.AggregatesModel.SubOrderMessage.SubOrderMessageItemFulFillmentViewModel, System.Nullable<System.DateTime>>+<>c__DisplayClass24_0
7ffcf5840f18       3         72 AutoMapper.Configuration.MemberConfigurationExpression<Order.Infrastructure.Entities.Promotion.PromotionItemModel, CommonApiMessage.AggregatesModel.SubOrderMessage.SubOrderMessageItemViewModel, System.Int32>+<>c__DisplayClass24_0
7ffcf5842e70       3         72 AutoMapper.Configuration.MemberConfigurationExpression<Order.Business.Mediator.Commands.RoleChannelMapping.CreateRoleChannelMappingCommand, Order.Infrastructure.Data.Readonlys.RoleChannelMapping.CreateRoleChannelMappingCommandDto, System.Int32>+<>c__DisplayClass24_0
7ffcf584aa68       3         72 AutoMapper.Configuration.MemberConfigurationExpression<Order.Domain.AggregatesModel.Order.PackingDetails, Order.Business.Responses.Order.ProductByPacking, System.Nullable<System.Decimal>>+<>c__DisplayClass24_0
7ffcf584ef10       3         72 AutoMapper.Configuration.MemberConfigurationExpression<CommonApiMessage.AggregatesModel.OrderMessage.OrderMessageItemViewModel, Order.Business.Responses.Order.Product, System.Nullable<System.Decimal>>+<>c__DisplayClass24_0
7ffcf58743f8       3         72 AutoMapper.Configuration.MemberConfigurationExpression<Order.Business.Mediator.Commands.OrderFront.CreateOrderPaymentFrontManualViewModel, Order.Infrastructure.Entities.OrderModels.OrderPaymentModel, System.String>+<>c__DisplayClass24_0
7ffcf58750e8       3         72 AutoMapper.Configuration.MemberConfigurationExpression<Order.Business.Mediator.Commands.OrderFront.CreateOrderPaymentFrontManualViewModel, Order.Infrastructure.Entities.OrderModels.OrderPaymentModel, System.DateTime>+<>c__DisplayClass24_0
7ffcf5878058       3         72 AutoMapper.Configuration.MemberConfigurationExpression<Order.Business.Mediator.Commands.OrderFront.CreateOrderPaymentFrontManualViewModel, Order.Infrastructure.Entities.OrderModels.OrderPaymentModel, System.Collections.Generic.ICollection<Order.Infrastructure.Entities.OrderModels.OrderPaymentTransactionModel>>+<>c__DisplayClass24_0
7ffcf5880470       3         72 AutoMapper.Configuration.MemberConfigurationExpression<Order.Business.Mediator.Commands.OrderFront.CreateOrderItemFrontManualViewModel, Order.Infrastructure.Entities.OrderModels.OrderItemModel, System.DateTime>+<>c__DisplayClass24_0
7ffcf5880aa0       3         72 AutoMapper.Configuration.MemberConfigurationExpression<Order.Business.Mediator.Commands.OrderFront.CreateOrderItemFrontManualViewModel, Order.Infrastructure.Entities.OrderModels.OrderItemModel, System.Int32>+<>c__DisplayClass24_0
7ffcf5881790       3         72 AutoMapper.Configuration.MemberConfigurationExpression<Order.Business.Mediator.Commands.OrderFront.CreateOrderItemFrontManualViewModel, Order.Infrastructure.Entities.OrderModels.OrderItemModel, Order.Infrastructure.Entities.OrderModels.OrderItemFulFillmentModel>+<>c__DisplayClass24_0
7ffcf3f659a8       1         72 Microsoft.AspNetCore.Mvc.Razor.RazorViewEngine
7ffcf48941f8       3         72 System.Net.Security.SslApplicationProtocol
7ffcf4899ec0       3         72 System.Globalization.IdnMapping
7ffcf48b5550       1         72 System.Runtime.CompilerServices.PoolingAsyncValueTaskMethodBuilder<System.Int32>+SyncSuccessSentinelStateMachineBox
7ffcf3532198       3         72 System.Runtime.InteropServices.PosixSignalRegistration
7ffcf4a1cf20       1         72 Microsoft.AspNetCore.Hosting.IStartupFilter[]
7ffcf4a63c70       3         72 System.WeakReference<System.Xml.Linq.XNamespace>
7ffcf4a9ad58       3         72 System.WeakReference<Microsoft.AspNetCore.Cryptography.SafeHandles.BCryptAlgorithmHandle>
7ffcf4a99bf8       1         72 Microsoft.AspNetCore.DataProtection.Cng.CbcAuthenticatedEncryptor
7ffcf4b40f88       1         72 System.Threading.Tasks.Task<Microsoft.AspNetCore.Connections.ConnectionContext>
7ffcf4ac9a08       1         72 System.Threading.Tasks.Task<Microsoft.AspNetCore.Cors.Infrastructure.CorsPolicy>
7ffcf44cb8a8       1         72 HttpExtension.Extensions.HttpRequestExtension
7ffcf4c426e8       1         72 System.Runtime.CompilerServices.PoolingAsyncValueTaskMethodBuilder<System.Threading.Tasks.VoidTaskResult>+SyncSuccessSentinelStateMachineBox
7ffcf6a32650       1         72 Microsoft.EntityFrameworkCore.Metadata.Internal.ClrCollectionAccessor<Order.Infrastructure.Entities.SubOrderModels.SubOrderModel, System.Collections.Generic.ICollection<Order.Infrastructure.Entities.SubOrderModels.SubOrderAddressModel>, Order.Infrastructure.Entities.SubOrderModels.SubOrderAddressModel>
7ffcf6a377c8       1         72 Microsoft.EntityFrameworkCore.Metadata.Internal.ClrCollectionAccessor<Order.Infrastructure.Entities.SubOrderModels.SubOrderItemAmtDtlModel, System.Collections.Generic.ICollection<Order.Infrastructure.Entities.SubOrderModels.SubOrderItemTaxModel>, Order.Infrastructure.Entities.SubOrderModels.SubOrderItemTaxModel>
7ffcf6a3b2a0       1         72 Microsoft.EntityFrameworkCore.Metadata.Internal.ClrCollectionAccessor<Order.Infrastructure.Entities.SubOrderModels.SubOrderItemFulFillmentModel, System.Collections.Generic.List<Order.Infrastructure.Entities.SubOrderModels.SubOrderItemDeliveryWindowModel>, Order.Infrastructure.Entities.SubOrderModels.SubOrderItemDeliveryWindowModel>
7ffcf6a3e448       1         72 Microsoft.EntityFrameworkCore.Metadata.Internal.ClrCollectionAccessor<Order.Infrastructure.Entities.SubOrderModels.SubOrderItemModel, System.Collections.Generic.ICollection<Order.Infrastructure.Entities.SubOrderModels.SubOrderItemPromotionsModel>, Order.Infrastructure.Entities.SubOrderModels.SubOrderItemPromotionsModel>
7ffcf6a3faf8       1         72 Microsoft.EntityFrameworkCore.Metadata.Internal.ClrCollectionAccessor<Order.Infrastructure.Entities.SubOrderModels.SubOrderItemPayModel, System.Collections.Generic.ICollection<Order.Infrastructure.Entities.SubOrderModels.SubOrderItemTaxModel>, Order.Infrastructure.Entities.SubOrderModels.SubOrderItemTaxModel>
7ffcf6a42cb0       1         72 Microsoft.EntityFrameworkCore.Metadata.Internal.ClrCollectionAccessor<Order.Infrastructure.Entities.SubOrderModels.SubOrderItemModel, System.Collections.Generic.ICollection<Order.Infrastructure.Entities.SubOrderModels.SubOrderItemPayModel>, Order.Infrastructure.Entities.SubOrderModels.SubOrderItemPayModel>
7ffcf6a45408       1         72 Microsoft.EntityFrameworkCore.Metadata.Internal.ClrCollectionAccessor<Order.Infrastructure.Entities.SubOrderModels.SubOrderItemModel, System.Collections.Generic.ICollection<Order.Infrastructure.Entities.SubOrderModels.SubOrderItemRemarkModel>, Order.Infrastructure.Entities.SubOrderModels.SubOrderItemRemarkModel>
7ffcf6a47b60       1         72 Microsoft.EntityFrameworkCore.Metadata.Internal.ClrCollectionAccessor<Order.Infrastructure.Entities.SubOrderModels.SubOrderItemModel, System.Collections.Generic.ICollection<Order.Infrastructure.Entities.SubOrderModels.SubOrderItemBarcodeModel>, Order.Infrastructure.Entities.SubOrderModels.SubOrderItemBarcodeModel>
7ffcf6a4a228       1         72 Microsoft.EntityFrameworkCore.Metadata.Internal.ClrCollectionAccessor<Order.Infrastructure.Entities.SubOrderModels.SubOrderModel, System.Collections.Generic.ICollection<Order.Infrastructure.Entities.SubOrderModels.SubOrderItemModel>, Order.Infrastructure.Entities.SubOrderModels.SubOrderItemModel>
7ffcf6a4c980       1         72 Microsoft.EntityFrameworkCore.Metadata.Internal.ClrCollectionAccessor<Order.Infrastructure.Entities.SubOrderModels.SubOrderModel, System.Collections.Generic.ICollection<Order.Infrastructure.Entities.SubOrderModels.SubOrderRemarkModel>, Order.Infrastructure.Entities.SubOrderModels.SubOrderRemarkModel>
7ffcf6a4f5b8       1         72 Microsoft.EntityFrameworkCore.Metadata.Internal.ClrCollectionAccessor<Order.Infrastructure.Entities.SubOrderModels.SubOrderModel, System.Collections.Generic.ICollection<Order.Infrastructure.Entities.SubOrderModels.SubOrderPromotionModel>, Order.Infrastructure.Entities.SubOrderModels.SubOrderPromotionModel>
7ffcf6ac1da0       1         72 Microsoft.EntityFrameworkCore.Metadata.Internal.ClrCollectionAccessor<Order.Infrastructure.Entities.SubOrderModels.SubOrderFeeAmountDtlModel, System.Collections.Generic.ICollection<Order.Infrastructure.Entities.SubOrderModels.SubOrderFeeTaxModel>, Order.Infrastructure.Entities.SubOrderModels.SubOrderFeeTaxModel>
7ffcf6ac3e10       1         72 Microsoft.EntityFrameworkCore.Metadata.Internal.ClrCollectionAccessor<Order.Infrastructure.Entities.SubOrderModels.SubOrderFeePaymentModel, System.Collections.Generic.ICollection<Order.Infrastructure.Entities.SubOrderModels.SubOrderFeeTaxModel>, Order.Infrastructure.Entities.SubOrderModels.SubOrderFeeTaxModel>
7ffcf6ac65f8       1         72 Microsoft.EntityFrameworkCore.Metadata.Internal.ClrCollectionAccessor<Order.Infrastructure.Entities.SubOrderModels.SubOrderFeeModel, System.Collections.Generic.ICollection<Order.Infrastructure.Entities.SubOrderModels.SubOrderFeePaymentModel>, Order.Infrastructure.Entities.SubOrderModels.SubOrderFeePaymentModel>
7ffcf6ac8d50       1         72 Microsoft.EntityFrameworkCore.Metadata.Internal.ClrCollectionAccessor<Order.Infrastructure.Entities.SubOrderModels.SubOrderModel, System.Collections.Generic.ICollection<Order.Infrastructure.Entities.SubOrderModels.SubOrderFeeModel>, Order.Infrastructure.Entities.SubOrderModels.SubOrderFeeModel>
7ffcf3d3acf8       1         72 Microsoft.AspNetCore.Authentication.AuthenticationSchemeProvider
7ffcf4b106f0       1         72 System.Threading.Tasks.Task<Microsoft.AspNetCore.Authentication.AuthenticationScheme>
7ffcf4a9df90       1         72 Microsoft.AspNetCore.Hosting.HostingApplicationDiagnostics
7ffcf4c42f78       1         72 System.Threading.Tasks.Task<System.IO.Pipelines.FlushResult>
7ffcf3e622b8       1         72 Swashbuckle.AspNetCore.SwaggerGen.SwaggerGenOptions
7ffcf4c7afa0       1         72 Microsoft.OpenApi.Models.OpenApiInfo
7ffcf4e95d40       1         72 System.Threading.Tasks.Task<System.Net.Http.HttpMessageHandlerStage>
7ffcf4eeda30       1         72 System.Threading.Tasks.Task<System.IO.Stream>
7ffcf4ee39e8       1         72 System.Threading.Tasks.Task<System.Net.Http.HttpConnection>
7ffcf4e77f38       1         72 System.Threading.Tasks.Task<System.Net.Http.HttpResponseMessage>
7ffcf4371b18       1         72 System.Threading.Tasks.Task<Microsoft.AspNetCore.Authorization.AuthorizationPolicy>
7ffcf4f469e8       1         72 System.Text.Json.Serialization.Converters.DictionaryOfTKeyTValueConverter<System.Collections.Generic.Dictionary<System.String, System.Object>, System.String, System.Object>
7ffcf4f4fd90       1         72 System.Text.Json.Serialization.Converters.DictionaryOfTKeyTValueConverter<System.Collections.Generic.Dictionary<System.String, System.String>, System.String, System.String>
7ffcf4f6c4e0       1         72 System.Runtime.CompilerServices.PoolingAsyncValueTaskMethodBuilder<System.IO.Pipelines.FlushResult>+SyncSuccessSentinelStateMachineBox
7ffcf3bddb00       1         72 HttpExtension.SprintHttpCommonSetting
7ffcf81e11d0       1         72 System.Threading.Tasks.Task<System.Exception>
7ffcf52322a8       1         72 Microsoft.AspNetCore.Mvc.Filters.FilterItem[]
7ffcf334ba18       3         72 System.UInt64
7ffcf5231388       1         72 Microsoft.AspNetCore.Mvc.Infrastructure.ControllerActionInvokerCacheEntry
7ffcf53421c0       1         72 Microsoft.Extensions.DependencyInjection.ServiceProvider
7ffcf55ed688       3         72 Microsoft.Extensions.DependencyInjection.ServiceLookup.StackGuard
7ffcf57887e8       1         72 Microsoft.EntityFrameworkCore.Infrastructure.Internal.EntityFrameworkMetrics
7ffcf5789908       1         72 System.Diagnostics.Metrics.ObservableUpDownCounter<System.Int32>
7ffcf5ba33c8       3         72 Microsoft.Data.SqlClient.SqlConnectionEncryptOption
7ffcf5da3a88       1         72 System.Collections.Generic.HashSet<Microsoft.EntityFrameworkCore.Metadata.Internal.Property>+Entry[]
7ffcf6df9638       1         72 Microsoft.EntityFrameworkCore.Metadata.Internal.ClrCollectionAccessor<Order.Infrastructure.Entities.OrderModels.OrderModel, System.Collections.Generic.ICollection<Order.Infrastructure.Entities.OrderModels.OrderCustomerModel>, Order.Infrastructure.Entities.OrderModels.OrderCustomerModel>
7ffcf6e0d870       1         72 Microsoft.EntityFrameworkCore.Metadata.Internal.ClrCollectionAccessor<Order.Infrastructure.Entities.OrderModels.OrderPaymentModel, System.Collections.Generic.ICollection<Order.Infrastructure.Entities.OrderModels.OrderPaymentTransactionModel>, Order.Infrastructure.Entities.OrderModels.OrderPaymentTransactionModel>
7ffcf6e21748       1         72 Microsoft.EntityFrameworkCore.Metadata.Internal.ClrCollectionAccessor<Order.Infrastructure.Entities.OrderModels.OrderModel, System.Collections.Generic.ICollection<Order.Infrastructure.Entities.OrderModels.OrderPaymentModel>, Order.Infrastructure.Entities.OrderModels.OrderPaymentModel>
7ffcf67db8d0       1         72 Microsoft.Data.SqlClient.ConnectionPool.DbConnectionPoolGroup
7ffcf67f44e0       2         80 System.Collections.Concurrent.ConcurrentDictionary<Microsoft.Data.SqlClient.ConnectionPool.DbConnectionPoolIdentity, Microsoft.Data.SqlClient.ConnectionPool.IDbConnectionPool>
7ffcf3414858       2         80 System.Func<System.Diagnostics.Tracing.EventSource>[]
7ffcf340dbb0       1         80 System.Collections.Generic.Dictionary<System.Guid, System.Diagnostics.Tracing.EventSource+OverrideEventProvider>
7ffcf340c6a8       1         80 System.Collections.Generic.Dictionary<System.String, System.Diagnostics.Tracing.EventSource+OverrideEventProvider>
7ffcf343e418       1         80 System.Runtime.Loader.DefaultAssemblyLoadContext
7ffcf3480170       1         80 System.Collections.Generic.Dictionary<System.Int64, System.WeakReference<System.Runtime.Loader.AssemblyLoadContext>>
7ffcf356bd08       2         80 System.Collections.Concurrent.ConcurrentQueue<System.Object>
7ffcf35d2cd8       1         80 System.Threading.Tasks.ValueTask<System.Int32>+ValueTaskSourceAsTask
7ffcf368c818       2         80 System.Collections.Concurrent.ConcurrentDictionary<Microsoft.Extensions.FileProviders.IPollingChangeToken, Microsoft.Extensions.FileProviders.IPollingChangeToken>
7ffcf371f738       1         80 System.Collections.Generic.Dictionary<System.String, System.Reflection.Assembly>
7ffcf37a3580       1         80 System.Collections.Generic.Dictionary<System.String, System.Globalization.CultureData>
7ffcf37b5ca8       1         80 System.Collections.Generic.Dictionary<System.String, System.Globalization.CultureInfo>
7ffcf37b7658       1         80 System.Collections.Generic.Dictionary<System.String, System.IntPtr>
7ffcf389fa68       1         80 System.Collections.Generic.Dictionary<System.Type, System.Reflection.MethodInfo[]>
7ffcf3865660       2         80 Serilog.Core.Enrichers.PropertyEnricher
7ffcf392ae18       1         80 System.Collections.Generic.Dictionary<System.Type, System.Func<System.String, System.Object>>
7ffcf3999908       2         80 System.Collections.Concurrent.ConcurrentQueue<Serilog.Events.LogEvent>
7ffcf39adda8       2         80 Serilog.Sinks.SystemConsole.Output.EventPropertyTokenRenderer
7ffcf39ae1e8       2         80 Serilog.Sinks.SystemConsole.Output.MessageTemplateOutputTokenRenderer
7ffcf39c05e8       2         80 Serilog.Core.LevelOverrideMap
7ffcf39ddb48       1         80 System.Collections.Generic.Dictionary<System.String, System.TimeZoneInfo>
7ffcf3a37940       1         80 System.Collections.Generic.Dictionary<Serilog.Events.LogEventLevel, Serilog.Sinks.SystemConsole.Themes.ConsoleThemeStyle>
7ffcf3a3b438       2         80 Serilog.Sinks.File.WriteCountingStream
7ffcf3ab74a8       2         80 System.Action<Microsoft.Extensions.Configuration.IConfigurationBuilder>[]
7ffcf3ab7568       2         80 System.Action<Microsoft.Extensions.Hosting.HostBuilderContext, Microsoft.Extensions.Configuration.IConfigurationBuilder>[]
7ffcf3bdb0b0       2         80 System.Action<Microsoft.Extensions.Hosting.HostBuilderContext, System.Object>[]
7ffcf3c2f2e8       1         80 System.Collections.Generic.Dictionary<System.Type, System.Attribute>
7ffcf3c505b0       1         80 System.Collections.Generic.Dictionary<System.Object, System.ComponentModel.ReflectTypeDescriptionProvider+IntrinsicTypeConverterData>
7ffcf3c54110       2         80 Microsoft.AspNetCore.Mvc.ApplicationParts.IApplicationFeatureProvider[]
7ffcf3eef480       1         80 System.Collections.Generic.Dictionary<System.String, Microsoft.Extensions.DependencyInjection.HttpClientKeyedLifetime>
7ffcf3bdd3c8       2         80 EventBus.SprintEventBusSetting
7ffcf4212d38       2         80 Autofac.Util.Cache.ReflectionCacheTupleDictionary<System.Type, System.Boolean>
7ffcf42e2e00       1         80 System.Collections.Generic.Dictionary<System.String, System.Collections.Generic.List<Microsoft.Extensions.Diagnostics.Metrics.FactoryMeter>>
7ffcf3bb8c50       1         80 Microsoft.AspNetCore.Server.Kestrel.Transport.Sockets.SocketTransportOptions
7ffcf3bbc088       1         80 Microsoft.AspNetCore.Server.Kestrel.Transport.NamedPipes.NamedPipeTransportOptions
7ffcf44a3238       1         80 Microsoft.AspNetCore.Server.Kestrel.Core.Internal.CertificatePathWatcher
7ffcf44a3e70       1         80 System.Collections.Generic.Dictionary<System.String, Microsoft.AspNetCore.Server.Kestrel.Core.Internal.CertificatePathWatcher+DirectoryWatchMetadata>
7ffcf44a4670       1         80 System.Collections.Generic.Dictionary<System.String, Microsoft.AspNetCore.Server.Kestrel.Core.Internal.CertificatePathWatcher+FileWatchMetadata>
7ffcf44a5218       1         80 System.Collections.Generic.Dictionary<System.String, System.Action<Microsoft.AspNetCore.Server.Kestrel.EndpointConfiguration>>
7ffcf430a520       2         80 Microsoft.AspNetCore.Server.Kestrel.Core.Internal.Infrastructure.TransportManager+ActiveTransport[]
7ffcf4256c50       2         80 Swashbuckle.AspNetCore.Swagger.SwaggerOptions
7ffcf44c81f0       1         80 Swashbuckle.AspNetCore.SwaggerUI.OAuthConfigObject
7ffcf3d355d0       2         80 Microsoft.AspNetCore.Mvc.MvcCoreMvcOptionsSetup
7ffcf44d8ab0       1         80 System.Collections.Generic.Dictionary<System.String, Microsoft.AspNetCore.Mvc.CacheProfile>
7ffcf44da108       2         80 Microsoft.AspNetCore.Mvc.ApplicationModels.IApplicationModelConvention[]
7ffcf44da818       2         80 Microsoft.AspNetCore.Mvc.Formatters.IInputFormatter[]
7ffcf44dab90       2         80 Microsoft.AspNetCore.Mvc.Formatters.IOutputFormatter[]
7ffcf44dd1b8       2         80 Microsoft.AspNetCore.Mvc.ModelBinding.Validation.IModelValidatorProvider[]
7ffcf44ecee8       1         80 HttpExtension.Extensions.CustomDateTimeFormatExtension
7ffcf4583308       1         80 System.Collections.Hashtable+SyncHashtable
7ffcf4595048       2         80 System.Lazy<Microsoft.AspNetCore.Http.ParameterBindingMethodCache>
7ffcf4595408       2         80 System.Collections.Concurrent.ConcurrentDictionary<System.Type, System.Func<System.Linq.Expressions.ParameterExpression, System.Linq.Expressions.Expression, System.Linq.Expressions.Expression>>
7ffcf4599190       2         80 System.Collections.Concurrent.ConcurrentDictionary<System.Type, System.ValueTuple<System.Func<System.Reflection.ParameterInfo, System.Linq.Expressions.Expression>, System.Int32>>
7ffcf4596f30       2         80 System.Collections.Concurrent.ConcurrentDictionary<System.Type, System.ValueTuple<System.Reflection.ConstructorInfo, Microsoft.AspNetCore.Http.ParameterBindingMethodCache+ConstructorParameter[]>>
7ffcf4848d08       2         80 System.Net.Sockets.DynamicWinsockMethods[]
7ffcf43419b8       2         80 System.Collections.Concurrent.ConcurrentDictionary<System.Type, Microsoft.Extensions.Internal.PropertyActivator<Microsoft.AspNetCore.Mvc.ControllerContext>[]>
7ffcf432e6a0       2         80 Microsoft.AspNetCore.Mvc.Controllers.IControllerPropertyActivator[]
7ffcf3c5bff8       1         80 Microsoft.AspNetCore.Mvc.Infrastructure.ControllerActionInvokerProvider
7ffcf4371d30       1         80 System.Collections.Generic.Dictionary<System.String, System.Threading.Tasks.Task<Microsoft.AspNetCore.Authorization.AuthorizationPolicy>>
7ffcf45da550       1         80 System.Collections.Generic.Dictionary<System.String, System.Threading.Tasks.Task<Microsoft.AspNetCore.Mvc.Razor.Compilation.CompiledViewDescriptor>>
7ffcf3f0fb08       1         80 Microsoft.AspNetCore.DataProtection.KeyManagement.KeyManagementOptions
7ffcf43827e8       2         80 Microsoft.AspNetCore.DataProtection.AuthenticatedEncryption.IAuthenticatedEncryptorFactory[]
7ffcf465e1f8       2         80 Microsoft.AspNetCore.Mvc.Razor.IViewLocationExpander[]
7ffcf43c7170       2         80 System.Collections.Concurrent.ConcurrentDictionary<System.String, Microsoft.Extensions.Caching.Memory.CacheEntry>
7ffcf43c79d0       2         80 System.Collections.Concurrent.ConcurrentDictionary<System.Object, Microsoft.Extensions.Caching.Memory.CacheEntry>
7ffcf4382d58       2         80 Microsoft.AspNetCore.Mvc.ViewEngines.IViewEngine[]
7ffcf465eab8       2         80 Microsoft.AspNetCore.Mvc.ModelBinding.Validation.IClientModelValidatorProvider[]
7ffcf43e45b0       2         80 Microsoft.AspNetCore.Mvc.RazorPages.Infrastructure.CompiledPageActionDescriptorFactory
7ffcf4673620       1         80 System.Collections.Generic.Dictionary<System.Int32, Microsoft.AspNetCore.Mvc.ClientErrorData>
7ffcf46757a8       1         80 System.Collections.Generic.Dictionary<System.Int32, System.ValueTuple<System.String, System.String>>
7ffcf432a778       1         80 Microsoft.AspNetCore.Mvc.ApplicationModels.IApplicationModelProvider[]
7ffcf43ce640       2         80 System.Collections.Concurrent.ConcurrentDictionary<System.Type, Microsoft.Extensions.Internal.PropertyActivator<Microsoft.AspNetCore.Mvc.Rendering.ViewContext>[]>
7ffcf3bb7b60       1         80 Microsoft.AspNetCore.Mvc.Infrastructure.DefaultActionDescriptorCollectionProvider
7ffcf4678908       1         80 System.Collections.Generic.Dictionary<System.String, Microsoft.AspNetCore.Routing.INamedRouter>
7ffcf47047f8       2         80 System.Collections.Concurrent.ConcurrentDictionary<System.Type, Microsoft.Extensions.Internal.PropertyHelper[]>
7ffcf62abb28       1         80 System.Collections.Generic.Dictionary<System.Type, System.Collections.Generic.List<Microsoft.EntityFrameworkCore.Metadata.RuntimeEntityType>>
7ffcf5c19ed0       2         80 System.Collections.Concurrent.ConcurrentDictionary<System.Type, System.Reflection.PropertyInfo>
7ffcf5c1a618       2         80 System.Collections.Concurrent.ConcurrentDictionary<System.Type, System.String>
7ffcf62ac948       1         80 System.Collections.Generic.Dictionary<System.String, Microsoft.EntityFrameworkCore.Metadata.RuntimeEntityType>
7ffcf62ad020       1         80 System.Collections.Generic.Dictionary<System.Type, Microsoft.EntityFrameworkCore.Metadata.RuntimeTypeMappingConfiguration>
7ffcf4757e88       1         80 System.Collections.Generic.Dictionary<System.String, System.Collections.Generic.IReadOnlyList<Microsoft.AspNetCore.Routing.Patterns.RoutePatternParameterPolicyReference>>
7ffcf47b18e0       2         80 RabbitMQ.Client.IAuthMechanismFactory[]
7ffcf479f108       1         80 RabbitMQ.Client.SslOption
7ffcf47b2fb8       1         80 System.Collections.Generic.Dictionary<System.String, System.Collections.Generic.List<EventBus.InMemoryEventBusSubscriptionsManager+SubscriptionInfo>>
7ffcf47fbb08       1         80 System.Collections.Generic.Dictionary<System.String, RabbitMQ.Client.Impl.RecordedExchange>
7ffcf47fc498       1         80 System.Collections.Generic.Dictionary<System.String, RabbitMQ.Client.Impl.RecordedQueue>
7ffcf47fdce8       1         80 System.Collections.Generic.Dictionary<RabbitMQ.Client.Impl.RecordedBinding, System.Byte>
7ffcf47fef58       1         80 System.Collections.Generic.Dictionary<System.String, RabbitMQ.Client.Impl.RecordedConsumer>
7ffcf48851b0       2         80 Microsoft.Win32.SafeHandles.SafeCertContextHandle
7ffcf488db40       2         80 System.Security.Cryptography.X509Certificates.X509Store
7ffcf4897618       2         80 System.Security.Cryptography.Oid
7ffcf489c128       1         80 System.Collections.Generic.Dictionary<Interop+SECURITY_STATUS, System.Net.SecurityStatusPalErrorCode>
7ffcf489d2a8       1         80 System.Collections.Generic.Dictionary<System.Net.SecurityStatusPalErrorCode, Interop+SECURITY_STATUS>
7ffcf48d79e0       1         80 System.Collections.Generic.Dictionary<System.Int32, RabbitMQ.Client.Impl.ISession>
7ffcf4a4f478       1         80 System.Threading.Tasks.Task<System.ValueTuple<System.Int32, System.Int32, System.Int32, System.Boolean>>
7ffcf3d5bde0       1         80 EventBus.Kafka.EventBusKafka
7ffcf4940018       1         80 System.Collections.Generic.Dictionary<System.String, System.Collections.Generic.HashSet<System.String>>
7ffcf4a1c2a8       1         80 System.Collections.Generic.Dictionary<System.Int32, System.Collections.Generic.List<System.Runtime.InteropServices.PosixSignalRegistration+Token>>
7ffcf4a3f380       1         80 System.Collections.Generic.Dictionary<System.ValueTuple<System.Type, System.String>, System.Action>
7ffcf4a63a70       2         80 System.Xml.Linq.XNamespace
7ffcf4a9c5e8       1         80 System.Collections.Generic.Dictionary<System.Guid, Microsoft.AspNetCore.DataProtection.KeyManagement.KeyRing+KeyHolder>
7ffcf4679ef0       2         80 Microsoft.AspNetCore.Routing.EndpointMiddleware
7ffcf4679608       1         80 Microsoft.AspNetCore.Routing.EndpointRoutingMiddleware
7ffcf44cf878       1         80 Microsoft.AspNetCore.Diagnostics.ExceptionHandlerMiddlewareImpl
7ffcf4acabb0       1         80 System.Collections.Generic.Dictionary<System.String, System.ValueTuple<Microsoft.AspNetCore.Cors.Infrastructure.CorsPolicy, System.Threading.Tasks.Task<Microsoft.AspNetCore.Cors.Infrastructure.CorsPolicy>>>
7ffcf4ac8188       1         80 Microsoft.AspNetCore.Cors.Infrastructure.CorsPolicy
7ffcf4b07810       2         80 Microsoft.Extensions.StackTrace.Sources.ExceptionDetailsProvider
7ffcf4376ef0       1         80 Microsoft.AspNetCore.Routing.DataSourceDependentCache<System.Collections.Concurrent.ConcurrentDictionary<Microsoft.AspNetCore.Http.Endpoint, Microsoft.AspNetCore.Authorization.AuthorizationPolicy>>
7ffcf64f03c8       1         80 System.Collections.Generic.Dictionary<System.Reflection.MethodInfo, System.ValueTuple<System.String, System.String>>
7ffcf5b2b810       2         80 System.Collections.Concurrent.ConcurrentDictionary<System.Type, System.Reflection.MethodInfo>
7ffcf4d4da38       2         80 System.Reflection.CerHashtable<System.String, System.Reflection.RuntimeEventInfo[]>+Table
7ffcf6351c98       2         80 System.Collections.Concurrent.ConcurrentDictionary<System.Object, System.Object>
7ffcf67d8890       1         80 System.Collections.Generic.Dictionary<System.String, Microsoft.Data.SqlClient.SqlColumnEncryptionKeyStoreProvider>
7ffcf67dd458       2         80 Microsoft.Data.SqlClient.ConnectionPool.IDbConnectionPool[]
7ffcf67dd518       2         80 Microsoft.Data.SqlClient.ConnectionPool.DbConnectionPoolGroup[]
7ffcf6821698       1         80 System.Configuration.Internal.InternalConfigRoot
7ffcf686a348       2         80 Microsoft.Data.SqlClient.SqlRetryLogicProvider
7ffcf686b380       2         80 System.Collections.Concurrent.ConcurrentBag<Microsoft.Data.SqlClient.SqlRetryLogicBase>
7ffcf686bed0       2         80 System.Threading.ThreadLocal<System.Collections.Concurrent.ConcurrentBag<Microsoft.Data.SqlClient.SqlRetryLogicBase>+WorkStealingQueue>
7ffcf688ef68       1         80 System.Collections.Generic.Dictionary<System.Int32, System.Text.Encoding>
7ffcf68d1488       1         80 System.Collections.Generic.Dictionary<System.Int32, System.Globalization.CultureInfo>
7ffcf435f208       1         80 System.Collections.Generic.Dictionary<System.String, Microsoft.AspNetCore.Authentication.AuthenticationScheme>
7ffcf4b112c8       1         80 System.Collections.Generic.Dictionary<System.String, Microsoft.AspNetCore.Authentication.AuthenticationSchemeBuilder>
7ffcf3eee568       1         80 System.Net.Http.HttpClient
7ffcf4b1caa8       2         80 Microsoft.Extensions.Primitives.IChangeToken[]
7ffcf4b1f568       1         80 System.Collections.Generic.Dictionary<System.String, Microsoft.AspNetCore.Server.Kestrel.Core.Internal.CertificateConfig>
7ffcf4b35cb8       2         80 Microsoft.AspNetCore.Server.Kestrel.Core.Internal.HttpConnectionMiddleware<Microsoft.AspNetCore.Hosting.HostingApplication+Context>
7ffcf4b41b90       2         80 System.WeakReference<Microsoft.AspNetCore.Server.Kestrel.Core.KestrelServerOptions>[]
7ffcf4b9aa10       1         80 System.Collections.Generic.Dictionary<System.Type, System.Text.Json.Serialization.JsonConverter>
7ffcf4c929d8       1         80 System.Collections.Generic.Dictionary<System.String, Microsoft.OpenApi.Interfaces.IOpenApiExtension>
7ffcf4ca6010       1         80 System.Collections.Generic.Dictionary<System.String, Microsoft.OpenApi.Models.OperationType>
7ffcf4ca88c0       1         80 System.Collections.Generic.Dictionary<Microsoft.AspNetCore.Mvc.ModelBinding.BindingSource, Microsoft.OpenApi.Models.ParameterLocation>
7ffcf4cb1498       1         80 System.Collections.Generic.Dictionary<System.Type, System.Tuple<Swashbuckle.AspNetCore.SwaggerGen.DataType, System.String>>
7ffcf4d03af0       1         80 System.Collections.Generic.Dictionary<System.String, System.Text.Json.Serialization.Converters.EnumConverter<Order.Infrastructure.Entities.Abstractions.BaseStatus>+EnumFieldInfo>
7ffcf4e90e28       2         80 System.Net.Http.Headers.ProductInfoHeaderParser
7ffcf34982c0       1         80 System.Buffers.AsciiCharSearchValues<System.Buffers.IndexOfAnyAsciiSearcher+Default, System.Buffers.SearchValues+TrueConst>
7ffcf4eb51a8       1         80 System.Net.Http.Metrics.MetricsHandler+SharedMeter
7ffcf4f37390       1         80 System.Collections.Generic.Dictionary<System.String, System.Text.Json.Serialization.Converters.EnumConverter<Swashbuckle.AspNetCore.SwaggerUI.ModelRendering>+EnumFieldInfo>
7ffcf4f3b3f8       1         80 System.Collections.Generic.Dictionary<System.String, System.Text.Json.Serialization.Converters.EnumConverter<Swashbuckle.AspNetCore.SwaggerUI.DocExpansion>+EnumFieldInfo>
7ffcf4f433f0       1         80 System.Collections.Generic.Dictionary<System.String, System.Text.Json.Serialization.Converters.EnumConverter<Swashbuckle.AspNetCore.SwaggerUI.SubmitMethod>+EnumFieldInfo>
7ffcf5207c60       1         80 System.Collections.Generic.Dictionary<System.String, Microsoft.AspNetCore.Routing.Tree.OutboundMatch>
7ffcf55f1220       1         80 System.Collections.Generic.Dictionary<Microsoft.Extensions.DependencyInjection.ServiceLookup.ServiceIdentifier, Microsoft.Extensions.DependencyInjection.ServiceLookup.CallSiteFactory+ServiceDescriptorCacheItem>
7ffcf62d7af0       2         80 System.Linq.Expressions.Expression2<System.Func<Order.Infrastructure.Entities.Abstractions.BaseStatus, Order.Infrastructure.Entities.Abstractions.BaseStatus, System.Boolean>>
7ffcf5a5fbc0       1         80 System.Threading.Tasks.Task<System.ValueTuple<System.Boolean, Microsoft.AspNetCore.Mvc.ModelBinding.CompositeValueProvider>>
7ffcf5a6c168       1         80 System.Threading.Tasks.Task<Microsoft.AspNetCore.Mvc.ModelBinding.ModelBindingResult>
7ffcf5b20670       1         80 System.Collections.Generic.Dictionary<System.String, Microsoft.EntityFrameworkCore.Storage.RelationalTypeMapping[]>
7ffcf5b50060       1         80 Microsoft.EntityFrameworkCore.ChangeTracking.CaseInsensitiveValueComparer
7ffcf5b581b8       1         80 Microsoft.EntityFrameworkCore.SqlServer.Storage.Internal.SqlServerVectorTypeMapping+VectorComparer
7ffcf5ba4e78       1         80 System.Collections.Generic.Dictionary<System.String, Microsoft.Data.SqlClient.SqlConnectionStringBuilder+Keywords>
7ffcf5c1e398       1         80 System.Collections.Generic.Dictionary<System.Type, System.ValueTuple<Microsoft.EntityFrameworkCore.Metadata.ConfigurationSource, System.Collections.Generic.SortedSet<Microsoft.EntityFrameworkCore.Metadata.Internal.EntityType>>>
7ffcf5c72d38       1         80 System.Collections.Generic.Dictionary<System.Type, System.Collections.Generic.SortedSet<System.Type>>
7ffcf5c7b808       1         80 System.Collections.Generic.Dictionary<System.Type, System.Collections.Generic.List<Microsoft.EntityFrameworkCore.Metadata.IConventionEntityType>>
7ffcf5da1558       1         80 System.Collections.Concurrent.ConcurrentDictionary<System.ValueTuple<System.Type, System.Type>, Microsoft.EntityFrameworkCore.Storage.ValueConversion.ValueConverterInfo>+Node
7ffcf5da3468       2         80 Microsoft.EntityFrameworkCore.Storage.Json.JsonConvertedValueReaderWriter<Order.Infrastructure.Entities.Abstractions.BaseStatus, System.Int32>
7ffcf5ca7428       1         80 System.Collections.Generic.Dictionary<System.Type, System.Collections.Generic.HashSet<Microsoft.EntityFrameworkCore.Metadata.Internal.Property>>
7ffcf45938b0       1         80 System.Collections.Generic.Dictionary<System.Reflection.Module, System.Reflection.NullabilityInfoContext+NotAnnotatedStatus>
7ffcf4591ae8       1         80 System.Collections.Generic.Dictionary<System.Reflection.MemberInfo, System.Reflection.NullabilityState>
7ffcf61d6188       2         80 System.Linq.Expressions.Expression2<System.Func<System.DateTimeOffset, System.DateTimeOffset, System.Boolean>>
7ffcf6c406b0       2         80 Microsoft.EntityFrameworkCore.ChangeTracking.Internal.SimplePrincipalKeyValueFactory<System.Int32>
7ffcf8210228       2         80 System.Diagnostics.Tracing.CounterGroup[]
7ffcf6882a30       2         80 System.Collections.Concurrent.ConcurrentQueue<Microsoft.Data.SqlClient.ConnectionPool.WaitHandleDbConnectionPool+PendingGetConnection>
7ffcf6883660       2         80 System.Collections.Concurrent.ConcurrentDictionary<Microsoft.Data.SqlClient.ConnectionPool.DbConnectionPoolAuthenticationContextKey, Microsoft.Data.SqlClient.ConnectionPool.DbConnectionPoolAuthenticationContext>
7ffcf6883ec0       2         80 Microsoft.Data.SqlClient.ConnectionPool.WaitHandleDbConnectionPool+TransactedConnectionPool
7ffcf642d740       1         80 System.Collections.Generic.Dictionary<System.String, Microsoft.EntityFrameworkCore.Metadata.Internal.TableBase>
7ffcf642de18       1         80 System.Collections.Generic.Dictionary<System.ValueTuple<System.String, System.String>, Microsoft.EntityFrameworkCore.Metadata.Internal.Table>
7ffcf642e4f0       1         80 System.Collections.Generic.Dictionary<System.ValueTuple<System.String, System.String>, Microsoft.EntityFrameworkCore.Metadata.Internal.View>
7ffcf642ebc8       1         80 System.Collections.Generic.Dictionary<System.String, Microsoft.EntityFrameworkCore.Metadata.Internal.SqlQuery>
7ffcf64305b0       1         80 System.Collections.Generic.Dictionary<System.ValueTuple<System.String, System.String, System.Collections.Generic.IReadOnlyList<System.String>>, Microsoft.EntityFrameworkCore.Metadata.Internal.StoreFunction>
7ffcf6430c88       1         80 System.Collections.Generic.Dictionary<System.ValueTuple<System.String, System.String>, Microsoft.EntityFrameworkCore.Metadata.Internal.StoreStoredProcedure>
7ffcf34f2690       1         88 Microsoft.DotNet.HotReload.HotReloadAgent
7ffcf39e2b00       3         88 System.Collections.Generic.KeyValuePair<System.String, System.String>[]
7ffcf3c29f78       1         88 System.ComponentModel.WeakHashtable
7ffcf3abb260       1         88 Microsoft.AspNetCore.Server.Kestrel.Transport.Quic.QuicTransportOptions
7ffcf3bbb210       1         88 Microsoft.AspNetCore.Server.Kestrel.Core.Internal.Infrastructure.KestrelMetrics
7ffcf3c5c980       1         88 Microsoft.AspNetCore.Mvc.Routing.ControllerRequestDelegateFactory
7ffcf48058b8       1         88 System.Threading.Channels.SingleConsumerUnboundedChannel<RabbitMQ.Client.Framing.Impl.AutorecoveringConnection+RecoveryCommand>
7ffcf4830028       1         88 System.Threading.Channels.SingleConsumerUnboundedChannel<System.Memory<System.Byte>>
7ffcf4a61118       1         88 System.Text.CodePageDataItem[]
7ffcf67dd0e8       1         88 System.Threading.Tasks.Task<Microsoft.Data.ProviderBase.DbConnectionInternal>[]
7ffcf4255bb8       1         88 Microsoft.AspNetCore.Authentication.AuthenticationOptions
7ffcf483e398       1         88 System.Threading.Tasks.Task+DelayPromiseWithCancellation
7ffcf4e968e8       1         88 System.Net.Http.HttpConnectionPoolManager
7ffcf5234c78       1         88 Microsoft.Extensions.Internal.ObjectMethodExecutor
7ffcf52853b8       1         88 Microsoft.AspNetCore.Mvc.Infrastructure.ActionMethodExecutor[]
7ffcf55e67f0       1         88 Microsoft.Extensions.DependencyInjection.ServiceLookup.ServiceProviderCallSite
7ffcf5b24130       1         88 Microsoft.EntityFrameworkCore.Storage.ValueConversion.NumberToBytesConverter<System.Int64>
7ffcf5b24de8       1         88 Microsoft.EntityFrameworkCore.Storage.ValueConversion.NumberToBytesConverter<System.UInt64>
7ffcf5bab968       1         88 System.Text.RegularExpressions.Generated.<RegexGenerator_g>FCDFAA894408A4BE52DB36407A8838158E1347B18C8E6D1FBD1331CEC2A9DD6BE__CreateConnectionStringValidKeyRegex_0
7ffcf5babcf8       1         88 System.Text.RegularExpressions.Generated.<RegexGenerator_g>FCDFAA894408A4BE52DB36407A8838158E1347B18C8E6D1FBD1331CEC2A9DD6BE__CreateConnectionStringQuoteValueRegex_1
7ffcf5babf08       1         88 System.Text.RegularExpressions.Generated.<RegexGenerator_g>FCDFAA894408A4BE52DB36407A8838158E1347B18C8E6D1FBD1331CEC2A9DD6BE__CreateConnectionStringQuoteOdbcValueRegex_2
7ffcf4a7bb30       1         92 System.Xml.WriteState[]
7ffcf3ded410       4         96 Confluent.Kafka.Offset
7ffcf68f93c0       3         96 System.Data.SqlTypes.SqlDateTime
7ffcf68f65c8       4         96 System.Data.SqlTypes.SqlInt32
7ffcf6885f08       2         96 System.Collections.Concurrent.ConcurrentDictionary<Microsoft.Data.SqlClient.ConnectionPool.DbConnectionPoolIdentity, Microsoft.Data.SqlClient.ConnectionPool.IDbConnectionPool>+Node
7ffcf6e53e00       4         96 System.Text.Json.Serialization.Metadata.JsonPropertyInfo<System.Collections.Generic.List<CommonApiMessage.AggregatesModel.SubOrderMessage.SubOrderMessageAddressViewModel>>+<>c__DisplayClass10_0
7ffcf39dcfe8       3         96 System.DateTime+LeapSecondCache
7ffcf6e73980       4         96 System.Text.Json.Serialization.Metadata.JsonPropertyInfo<System.Nullable<System.Int64>>+<>c__DisplayClass9_0
7ffcf6e74110       4         96 System.Text.Json.Serialization.Metadata.JsonPropertyInfo<System.Nullable<System.Int64>>+<>c__DisplayClass10_0
7ffcf6eb6cd0       4         96 System.Text.Json.Serialization.Metadata.JsonPropertyInfo<System.Collections.Generic.List<CommonApiMessage.AggregatesModel.SubOrderMessage.SubOrderMessageItemTaxViewModel>>+<>c__DisplayClass10_0
7ffcf6ee3e78       4         96 System.Text.Json.Serialization.Metadata.JsonPropertyInfo<System.Collections.Generic.List<CommonApiMessage.AggregatesModel.OrderMessage.OrderMessageItemTaxViewModel>>+<>c__DisplayClass10_0
7ffcf6efb538       4         96 System.Text.Json.Serialization.Metadata.JsonPropertyInfo<CommonApiMessage.AggregatesModel.SubOrderMessage.SubOrderMessageFeeAmountDtlViewModel>+<>c__DisplayClass10_0
7ffcf6efcf88       4         96 System.Text.Json.Serialization.Metadata.JsonPropertyInfo<System.Collections.Generic.ICollection<CommonApiMessage.AggregatesModel.SubOrderMessage.SubOrderMessageFeeTaxViewModel>>+<>c__DisplayClass10_0
7ffcf342d2f8       2         96 System.Text.UTF8Encoding+UTF8EncodingSealed
7ffcf3438960       1         96 System.Collections.Generic.Dictionary<System.String, System.Diagnostics.Tracing.EventSource+OverrideEventProvider>+Entry[]
7ffcf3481260       1         96 System.Collections.Generic.Dictionary<System.Int64, System.WeakReference<System.Runtime.Loader.AssemblyLoadContext>>+Entry[]
7ffcf35313f0       4         96 System.Runtime.InteropServices.OSPlatform
7ffcf37b6478       1         96 System.Collections.Generic.Dictionary<System.String, System.Globalization.CultureInfo>+Entry[]
7ffcf37b8778       1         96 System.Collections.Generic.Dictionary<System.String, System.IntPtr>+Entry[]
7ffcf3950578       1         96 System.Collections.Generic.Dictionary<System.Type, System.Func<System.String, System.Object>>+Entry[]
7ffcf395d678       2         96 System.Text.RegularExpressions.CompiledRegexRunnerFactory
7ffcf3891a90       3         96 Serilog.Sinks.SystemConsole.Themes.SystemConsoleTheme
7ffcf39af8e0       2         96 Serilog.Sinks.SystemConsole.Rendering.ThemedMessageTemplateRenderer
7ffcf39abdb8       2         96 Serilog.Sinks.SystemConsole.ConsoleSink
7ffcf39c0340       4         96 Serilog.LoggerConfiguration+<>c__DisplayClass33_0
7ffcf39c14d8       4         96 Serilog.Core.Sinks.SafeAggregateSink
7ffcf39c1d00       4         96 Serilog.Policies.PrimitiveScalarConversionPolicy
7ffcf39c1ea8       4         96 Serilog.Policies.SimpleScalarConversionPolicy
7ffcf39c1f90       4         96 Serilog.Policies.EnumScalarConversionPolicy
7ffcf39c2080       4         96 Serilog.Policies.ByteArrayScalarConversionPolicy
7ffcf39c21b0       4         96 Serilog.Policies.ByteMemoryScalarConversionPolicy
7ffcf39c22b0       4         96 Serilog.Policies.DelegateDestructuringPolicy
7ffcf39c23a0       4         96 Serilog.Policies.ReflectionTypesScalarDestructuringPolicy
7ffcf39c4968       4         96 Serilog.Capturing.PropertyBinder
7ffcf39e07d0       1         96 System.Collections.Generic.Dictionary<System.String, System.TimeZoneInfo>+Entry[]
7ffcf3a254f0       2         96 System.Text.EncoderNLS
7ffcf3bb0a70       1         96 Microsoft.AspNetCore.Hosting.WebHostOptions
7ffcf3bda018       3         96 System.Collections.Generic.List<Microsoft.AspNetCore.Routing.EndpointDataSource>
7ffcf3c50298       1         96 System.Collections.Generic.Dictionary<System.Type, System.Attribute>+Entry[]
7ffcf3d51e10       3         96 Microsoft.Extensions.DependencyInjection.ServiceCollectionExtensions+<>c__DisplayClass12_0
7ffcf3d552c8       3         96 Microsoft.Extensions.Options.ConfigureNamedOptions<AutoMapper.MapperConfigurationExpression>
7ffcf41f4e18       1         96 Autofac.Core.Registration.DefaultRegisteredServicesTracker
7ffcf44401d8       1         96 Microsoft.Extensions.Hosting.Internal.Host
7ffcf448ecf0       4         96 <>z__ReadOnlyArray<System.Double>
7ffcf44a1e50       3         96 System.Collections.Generic.List<Microsoft.AspNetCore.Server.Kestrel.Core.ListenOptions>
7ffcf4301898       1         96 Microsoft.AspNetCore.Server.Kestrel.Core.Internal.ServiceContext
7ffcf447fd08       2         96 Microsoft.AspNetCore.Builder.ApplicationBuilder
7ffcf44c4df0       1         96 Swashbuckle.AspNetCore.SwaggerUI.ConfigObject
7ffcf4329a58       3         96 System.Text.Json.Serialization.Metadata.DefaultJsonTypeInfoResolver
7ffcf44ed180       3         96 System.Text.Json.JsonSerializerOptions+ConverterList
7ffcf44ed458       3         96 System.Collections.Generic.List<System.Text.Json.Serialization.JsonConverter>
7ffcf44efab8       3         96 System.Collections.Generic.List<System.Text.Encoding>
7ffcf48466e8       3         96 System.Net.SocketAddress
7ffcf36b04b8       1         96 System.IO.DirectoryInfo
7ffcf4652ab8       2         96 Microsoft.Extensions.Logging.LoggerMessage+<>c__DisplayClass12_0<System.Guid, System.DateTimeOffset>
7ffcf5886300       3         96 AutoMapper.Configuration.MemberConfigurationExpression<Order.Business.Mediator.Commands.OrderFront.CreateOrderFrontManualViewModel, Order.Infrastructure.Entities.SubOrderModels.SubOrderModel, System.Collections.Generic.ICollection<Order.Infrastructure.Entities.SubOrderModels.SubOrderFeeModel>>+<>c__DisplayClass40_0
7ffcf588afb8       3         96 AutoMapper.Configuration.MemberConfigurationExpression<Order.Business.Mediator.Commands.OrderFront.CreateOrderItemFrontManualViewModel, Order.Infrastructure.Entities.SubOrderModels.SubOrderItemModel, System.Int32>+<>c__DisplayClass40_0
7ffcf588b450       3         96 AutoMapper.Configuration.MemberConfigurationExpression<Order.Business.Mediator.Commands.OrderFront.CreateOrderItemFrontManualViewModel, Order.Infrastructure.Entities.SubOrderModels.SubOrderItemModel, System.String>+<>c__DisplayClass40_0
7ffcf588d9a0       3         96 System.Linq.Expressions.Expression1<System.Func<Order.Business.Mediator.Commands.OrderFront.CreateOrderItemFrontManualViewModel, Order.Infrastructure.Entities.SubOrderModels.SubOrderItemFulFillmentModel>>
7ffcf588e288       3         96 AutoMapper.Configuration.MemberConfigurationExpression<Order.Business.Mediator.Commands.OrderFront.CreateOrderItemFrontManualViewModel, Order.Infrastructure.Entities.SubOrderModels.SubOrderItemModel, Order.Infrastructure.Entities.SubOrderModels.SubOrderItemPromotionModel>+<>c__DisplayClass40_0
7ffcf588ea08       3         96 AutoMapper.Configuration.MemberConfigurationExpression<Order.Business.Mediator.Commands.OrderFront.CreateOrderItemFrontManualViewModel, Order.Infrastructure.Entities.SubOrderModels.SubOrderItemModel, Order.Infrastructure.Entities.SubOrderModels.SubOrderItemAmountModel>+<>c__DisplayClass40_0
7ffcf588f188       3         96 AutoMapper.Configuration.MemberConfigurationExpression<Order.Business.Mediator.Commands.OrderFront.CreateOrderItemFrontManualViewModel, Order.Infrastructure.Entities.SubOrderModels.SubOrderItemModel, System.Collections.Generic.ICollection<Order.Infrastructure.Entities.SubOrderModels.SubOrderItemPayModel>>+<>c__DisplayClass40_0
7ffcf588f908       3         96 AutoMapper.Configuration.MemberConfigurationExpression<Order.Business.Mediator.Commands.OrderFront.CreateOrderItemFrontManualViewModel, Order.Infrastructure.Entities.SubOrderModels.SubOrderItemModel, System.Collections.Generic.ICollection<Order.Infrastructure.Entities.SubOrderModels.SubOrderItemRemarkModel>>+<>c__DisplayClass40_0
7ffcf588fda0       3         96 AutoMapper.Configuration.MemberConfigurationExpression<Order.Business.Mediator.Commands.OrderFront.CreateOrderItemFrontManualViewModel, Order.Infrastructure.Entities.SubOrderModels.SubOrderItemModel, System.Collections.Generic.ICollection<Order.Infrastructure.Entities.SubOrderModels.SubOrderItemBarcodeModel>>+<>c__DisplayClass40_0
7ffcf58b8638       3         96 AutoMapper.Configuration.MemberConfigurationExpression<Order.Business.Mediator.Commands.OrderFront.CreateOrderFrontViewModel, Order.Infrastructure.Entities.OrderModels.OrderModel, System.Int32>+<>c__DisplayClass40_0
7ffcf58b9100       3         96 AutoMapper.Configuration.MemberConfigurationExpression<Order.Business.Mediator.Commands.OrderFront.CreateOrderFrontViewModel, Order.Infrastructure.Entities.OrderModels.OrderModel, System.String>+<>c__DisplayClass40_0
7ffcf58b9fa0       3         96 AutoMapper.Configuration.MemberConfigurationExpression<Order.Business.Mediator.Commands.OrderFront.CreateOrderFrontViewModel, Order.Infrastructure.Entities.OrderModels.OrderModel, System.Collections.Generic.ICollection<Order.Infrastructure.Entities.OrderModels.OrderItemModel>>+<>c__DisplayClass40_0
7ffcf58ba438       3         96 AutoMapper.Configuration.MemberConfigurationExpression<Order.Business.Mediator.Commands.OrderFront.CreateOrderFrontViewModel, Order.Infrastructure.Entities.OrderModels.OrderModel, System.Collections.Generic.ICollection<Order.Infrastructure.Entities.OrderModels.OrderFeeModel>>+<>c__DisplayClass40_0
7ffcf58bc4f0       3         96 System.Linq.Expressions.Expression1<System.Func<Order.Business.Mediator.Commands.OrderFront.CreateOrderPaymentFrontViewModel, System.String>>
7ffcf58bcef8       3         96 System.Linq.Expressions.Expression1<System.Func<Order.Business.Mediator.Commands.OrderFront.CreateOrderPaymentFrontViewModel, System.Nullable<System.DateTime>>>
7ffcf58bd900       3         96 System.Linq.Expressions.Expression1<System.Func<Order.Business.Mediator.Commands.OrderFront.CreateOrderPaymentFrontViewModel, System.Collections.Generic.IEnumerable<Order.Infrastructure.Entities.OrderModels.OrderPaymentTransactionModel>>>
7ffcf58be548       3         96 AutoMapper.Configuration.MemberConfigurationExpression<Order.Business.Mediator.Commands.OrderFront.CreateOrderItemFrontViewModel, Order.Infrastructure.Entities.OrderModels.OrderItemModel, System.Int32>+<>c__DisplayClass40_0
7ffcf58be9e0       3         96 AutoMapper.Configuration.MemberConfigurationExpression<Order.Business.Mediator.Commands.OrderFront.CreateOrderItemFrontViewModel, Order.Infrastructure.Entities.OrderModels.OrderItemModel, System.String>+<>c__DisplayClass40_0
7ffcf58c12f0       3         96 System.Linq.Expressions.Expression1<System.Func<Order.Business.Mediator.Commands.OrderFront.CreateOrderItemFrontViewModel, Order.Infrastructure.Entities.OrderModels.OrderItemFulFillmentModel>>
7ffcf58c18f0       3         96 AutoMapper.Configuration.MemberConfigurationExpression<Order.Business.Mediator.Commands.OrderFront.CreateOrderItemFrontViewModel, Order.Infrastructure.Entities.OrderModels.OrderItemModel, Order.Infrastructure.Entities.OrderModels.OrderItemPromotionModel>+<>c__DisplayClass40_0
7ffcf58c1d88       3         96 AutoMapper.Configuration.MemberConfigurationExpression<Order.Business.Mediator.Commands.OrderFront.CreateOrderItemFrontViewModel, Order.Infrastructure.Entities.OrderModels.OrderItemModel, Order.Infrastructure.Entities.OrderModels.OrderItemAmountModel>+<>c__DisplayClass40_0
7ffcf58c2220       3         96 AutoMapper.Configuration.MemberConfigurationExpression<Order.Business.Mediator.Commands.OrderFront.CreateOrderItemFrontViewModel, Order.Infrastructure.Entities.OrderModels.OrderItemModel, System.Collections.Generic.ICollection<Order.Infrastructure.Entities.OrderModels.OrderItemPaymentModel>>+<>c__DisplayClass40_0
7ffcf58c26b8       3         96 AutoMapper.Configuration.MemberConfigurationExpression<Order.Business.Mediator.Commands.OrderFront.CreateOrderItemFrontViewModel, Order.Infrastructure.Entities.OrderModels.OrderItemModel, System.Collections.Generic.ICollection<Order.Infrastructure.Entities.OrderModels.OrderItemRemarkModel>>+<>c__DisplayClass40_0
7ffcf58c2b50       3         96 AutoMapper.Configuration.MemberConfigurationExpression<Order.Business.Mediator.Commands.OrderFront.CreateOrderItemFrontViewModel, Order.Infrastructure.Entities.OrderModels.OrderItemModel, System.Collections.Generic.ICollection<Order.Infrastructure.Entities.OrderModels.OrderItemBarcodeModel>>+<>c__DisplayClass40_0
7ffcf58c3630       3         96 AutoMapper.Configuration.MemberConfigurationExpression<Order.Business.Mediator.Commands.OrderFront.CreateOrderFrontViewModel, Order.Infrastructure.Entities.SubOrderModels.SubOrderModel, System.Int32>+<>c__DisplayClass40_0
7ffcf58c3c98       3         96 AutoMapper.Configuration.MemberConfigurationExpression<Order.Business.Mediator.Commands.OrderFront.CreateOrderFrontViewModel, Order.Infrastructure.Entities.SubOrderModels.SubOrderModel, System.String>+<>c__DisplayClass40_0
7ffcf58c46d8       3         96 AutoMapper.Configuration.MemberConfigurationExpression<Order.Business.Mediator.Commands.OrderFront.CreateOrderFrontViewModel, Order.Infrastructure.Entities.SubOrderModels.SubOrderModel, System.Collections.Generic.ICollection<Order.Infrastructure.Entities.SubOrderModels.SubOrderItemModel>>+<>c__DisplayClass40_0
7ffcf58c4b70       3         96 AutoMapper.Configuration.MemberConfigurationExpression<Order.Business.Mediator.Commands.OrderFront.CreateOrderFrontViewModel, Order.Infrastructure.Entities.SubOrderModels.SubOrderModel, System.Collections.Generic.ICollection<Order.Infrastructure.Entities.SubOrderModels.SubOrderFeeModel>>+<>c__DisplayClass40_0
7ffcf58c6300       3         96 AutoMapper.Configuration.MemberConfigurationExpression<Order.Business.Mediator.Commands.OrderFront.CreateOrderItemFrontViewModel, Order.Infrastructure.Entities.SubOrderModels.SubOrderItemModel, System.Int32>+<>c__DisplayClass40_0
7ffcf58c6798       3         96 AutoMapper.Configuration.MemberConfigurationExpression<Order.Business.Mediator.Commands.OrderFront.CreateOrderItemFrontViewModel, Order.Infrastructure.Entities.SubOrderModels.SubOrderItemModel, System.String>+<>c__DisplayClass40_0
7ffcf58c7f28       3         96 System.Linq.Expressions.Expression1<System.Func<Order.Business.Mediator.Commands.OrderFront.CreateOrderItemFrontViewModel, Order.Infrastructure.Entities.SubOrderModels.SubOrderItemFulFillmentModel>>
7ffcf58c8528       3         96 AutoMapper.Configuration.MemberConfigurationExpression<Order.Business.Mediator.Commands.OrderFront.CreateOrderItemFrontViewModel, Order.Infrastructure.Entities.SubOrderModels.SubOrderItemModel, Order.Infrastructure.Entities.SubOrderModels.SubOrderItemPromotionModel>+<>c__DisplayClass40_0
7ffcf58c89c0       3         96 AutoMapper.Configuration.MemberConfigurationExpression<Order.Business.Mediator.Commands.OrderFront.CreateOrderItemFrontViewModel, Order.Infrastructure.Entities.SubOrderModels.SubOrderItemModel, Order.Infrastructure.Entities.SubOrderModels.SubOrderItemAmountModel>+<>c__DisplayClass40_0
7ffcf58c8e58       3         96 AutoMapper.Configuration.MemberConfigurationExpression<Order.Business.Mediator.Commands.OrderFront.CreateOrderItemFrontViewModel, Order.Infrastructure.Entities.SubOrderModels.SubOrderItemModel, System.Collections.Generic.ICollection<Order.Infrastructure.Entities.SubOrderModels.SubOrderItemPayModel>>+<>c__DisplayClass40_0
7ffcf58c92f0       3         96 AutoMapper.Configuration.MemberConfigurationExpression<Order.Business.Mediator.Commands.OrderFront.CreateOrderItemFrontViewModel, Order.Infrastructure.Entities.SubOrderModels.SubOrderItemModel, System.Collections.Generic.ICollection<Order.Infrastructure.Entities.SubOrderModels.SubOrderItemRemarkModel>>+<>c__DisplayClass40_0
7ffcf58c9788       3         96 AutoMapper.Configuration.MemberConfigurationExpression<Order.Business.Mediator.Commands.OrderFront.CreateOrderItemFrontViewModel, Order.Infrastructure.Entities.SubOrderModels.SubOrderItemModel, System.Collections.Generic.ICollection<Order.Infrastructure.Entities.SubOrderModels.SubOrderItemBarcodeModel>>+<>c__DisplayClass40_0
7ffcf58e32c0       3         96 AutoMapper.Configuration.MemberConfigurationExpression<Order.Infrastructure.Entities.OrderModels.OrderModel, Order.Domain.AggregatesModel.FrontAPI.Order.OrderDetailFrontView, System.Object>+<>c__DisplayClass40_0
7ffcf58ef040       3         96 AutoMapper.Configuration.MemberConfigurationExpression<Order.Business.Mediator.Commands.OrderFront.UpdateOrderFrontViewModel, Order.Infrastructure.Entities.OrderModels.OrderModel, System.Collections.Generic.ICollection<Order.Infrastructure.Entities.OrderModels.OrderAddressModel>>+<>c__DisplayClass40_0
7ffcf58ef4d8       3         96 AutoMapper.Configuration.MemberConfigurationExpression<Order.Business.Mediator.Commands.OrderFront.UpdateOrderFrontViewModel, Order.Infrastructure.Entities.OrderModels.OrderModel, System.Collections.Generic.ICollection<Order.Infrastructure.Entities.OrderModels.OrderItemModel>>+<>c__DisplayClass40_0
7ffcf58efc58       3         96 AutoMapper.Configuration.MemberConfigurationExpression<Order.Business.Mediator.Commands.OrderFront.UpdateOrderFrontViewModel, Order.Infrastructure.Entities.OrderModels.OrderModel, System.Collections.Generic.ICollection<Order.Infrastructure.Entities.OrderModels.OrderPaymentModel>>+<>c__DisplayClass40_0
7ffcf58f1818       3         96 AutoMapper.Configuration.MemberConfigurationExpression<Order.Business.Mediator.Commands.OrderFront.UpdateOrderItemFront, Order.Infrastructure.Entities.OrderModels.OrderItemModel, System.Int32>+<>c__DisplayClass40_0
7ffcf58f30c0       3         96 AutoMapper.Configuration.MemberConfigurationExpression<Order.Business.Mediator.Commands.OrderFront.UpdateOrderItemFront, Order.Infrastructure.Entities.OrderModels.OrderItemModel, Order.Infrastructure.Entities.OrderModels.OrderItemAmountModel>+<>c__DisplayClass40_0
7ffcf58f3558       3         96 AutoMapper.Configuration.MemberConfigurationExpression<Order.Business.Mediator.Commands.OrderFront.UpdateOrderItemFront, Order.Infrastructure.Entities.OrderModels.OrderItemModel, Order.Infrastructure.Entities.OrderModels.OrderItemPromotionModel>+<>c__DisplayClass40_0
7ffcf58f7e40       3         96 AutoMapper.Configuration.MemberConfigurationExpression<Order.Business.Mediator.Commands.OrderFront.UpdateOrderFrontViewModel, Order.Business.Mediator.Commands.OrderFront.UpdateSubOrderFrontViewModel, System.Collections.Generic.List<Order.Business.Mediator.Commands.OrderFront.SubOrderAddressViewModel>>+<>c__DisplayClass40_0
7ffcf58f85c0       3         96 AutoMapper.Configuration.MemberConfigurationExpression<Order.Business.Mediator.Commands.OrderFront.UpdateOrderFrontViewModel, Order.Business.Mediator.Commands.OrderFront.UpdateSubOrderFrontViewModel, System.Collections.Generic.List<Order.Business.Mediator.Commands.OrderFront.UpdateSubOrderItemFront>>+<>c__DisplayClass40_0
7ffcf58fa260       3         96 AutoMapper.Configuration.MemberConfigurationExpression<Order.Business.Mediator.Commands.OrderFront.UpdateOrderItemFront, Order.Business.Mediator.Commands.OrderFront.UpdateSubOrderItemFront, System.Int32>+<>c__DisplayClass40_0
7ffcf58fc390       3         96 AutoMapper.Configuration.MemberConfigurationExpression<Order.Business.Mediator.Commands.OrderFront.UpdateOrderItemFront, Order.Business.Mediator.Commands.OrderFront.UpdateSubOrderItemFront, Order.Business.Mediator.Commands.OrderFront.UpdateSubOrderItemAmountViewModel>+<>c__DisplayClass40_0
7ffcf58fcb10       3         96 AutoMapper.Configuration.MemberConfigurationExpression<Order.Business.Mediator.Commands.OrderFront.UpdateOrderItemFront, Order.Business.Mediator.Commands.OrderFront.UpdateSubOrderItemFront, Order.Business.Mediator.Commands.OrderFront.UpdateSubOrderItemPromotionOtherViewModel>+<>c__DisplayClass40_0
7ffcf58f6fd8       3         96 System.Linq.Expressions.Expression1<System.Func<Order.Business.Mediator.Commands.OrderFront.UpdateSubOrderFrontViewModel, System.Nullable<System.DateTime>>>
7ffcf5913010       3         96 AutoMapper.Configuration.MemberConfigurationExpression<Order.Business.Mediator.Commands.OrderFront.UpdateSubOrderFrontViewModel, Order.Infrastructure.Entities.SubOrderModels.SubOrderModel, System.Collections.Generic.ICollection<Order.Infrastructure.Entities.SubOrderModels.SubOrderAddressModel>>+<>c__DisplayClass40_0
7ffcf59134a8       3         96 AutoMapper.Configuration.MemberConfigurationExpression<Order.Business.Mediator.Commands.OrderFront.UpdateSubOrderFrontViewModel, Order.Infrastructure.Entities.SubOrderModels.SubOrderModel, System.Collections.Generic.ICollection<Order.Infrastructure.Entities.SubOrderModels.SubOrderItemModel>>+<>c__DisplayClass40_0
7ffcf5914b78       3         96 AutoMapper.Configuration.MemberConfigurationExpression<Order.Business.Mediator.Commands.OrderFront.UpdateSubOrderItemFront, Order.Infrastructure.Entities.SubOrderModels.SubOrderItemModel, System.Int32>+<>c__DisplayClass40_0
7ffcf58fadb8       3         96 System.Linq.Expressions.Expression1<System.Func<Order.Business.Mediator.Commands.OrderFront.UpdateSubOrderItemFront, System.String>>
7ffcf5915b60       3         96 AutoMapper.Configuration.MemberConfigurationExpression<Order.Business.Mediator.Commands.OrderFront.UpdateSubOrderItemFront, Order.Infrastructure.Entities.SubOrderModels.SubOrderItemModel, Order.Infrastructure.Entities.SubOrderModels.SubOrderItemAmountModel>+<>c__DisplayClass40_0
7ffcf5915ff8       3         96 AutoMapper.Configuration.MemberConfigurationExpression<Order.Business.Mediator.Commands.OrderFront.UpdateSubOrderItemFront, Order.Infrastructure.Entities.SubOrderModels.SubOrderItemModel, Order.Infrastructure.Entities.SubOrderModels.SubOrderItemPromotionModel>+<>c__DisplayClass40_0
7ffcf591c378       3         96 System.Linq.Expressions.Expression1<System.Func<Order.Infrastructure.Data.Readonlys.CompanyBuMapping.GetCompanyBuMappingByIdViewModelDto, System.Int32>>
7ffcf591ee50       3         96 System.Linq.Expressions.Expression1<System.Func<Order.Infrastructure.Data.Readonlys.CompanyBuMapping.GetCompanyBuMappingByIdViewModelDto, System.DateTime>>
7ffcf59222d0       3         96 System.Linq.Expressions.Expression1<System.Func<Order.Infrastructure.Data.Readonlys.CompanyBuMapping.GetCompanyBuMappingViewModelDto, System.Int32>>
7ffcf67d82f8       1         96 Microsoft.Data.ProviderBase.DbConnectionClosedNeverOpened
7ffcf5923cb0       3         96 System.Linq.Expressions.Expression1<System.Func<Order.Infrastructure.Data.Readonlys.CompanyBuMapping.GetCompanyBuMappingViewModelDto, System.DateTime>>
7ffcf5926cd0       3         96 System.Linq.Expressions.Expression1<System.Func<Order.Business.Mediator.Queries.CompanyBUMapping.GetCompanyBuMappingsQuery, System.Boolean>>
7ffcf57d8ce0       3         96 System.Linq.Expressions.Expression1<System.Func<Order.Infrastructure.Entities.OrderModels.OrderModel, System.Int32>>
7ffcf57df478       3         96 System.Linq.Expressions.Expression1<System.Func<Order.Infrastructure.Entities.OrderModels.OrderItemModel, System.Int32>>
7ffcf5801370       3         96 System.Linq.Expressions.Expression1<System.Func<Order.Infrastructure.Entities.OrderModels.OrderItemModel, System.Collections.Generic.ICollection<Order.Infrastructure.Entities.OrderModels.OrderItemBarcodeModel>>>
7ffcf5802ff0       3         96 System.Linq.Expressions.Expression1<System.Func<Order.Infrastructure.Entities.OrderModels.OrderItemFulFillmentModel, System.Collections.Generic.ICollection<Order.Infrastructure.Entities.OrderModels.OrderItemFulFillmentServiceTypeModel>>>
7ffcf58041e8       3         96 System.Linq.Expressions.Expression1<System.Func<Order.Infrastructure.Entities.OrderModels.OrderItemFulFillmentModel, System.Collections.Generic.List<Order.Infrastructure.Entities.OrderModels.OrderItemDeliveryWindowModel>>>
7ffcf5804ed8       3         96 System.Linq.Expressions.Expression1<System.Func<Order.Infrastructure.Entities.OrderModels.OrderItemFulFillmentModel, System.String>>
7ffcf5806aa8       3         96 System.Linq.Expressions.Expression1<System.Func<Order.Infrastructure.Entities.OrderModels.OrderItemFulFillmentModel, System.DateTime>>
7ffcf580bd00       3         96 System.Linq.Expressions.Expression1<System.Func<Order.Infrastructure.Entities.OrderModels.OrderItemBarcodeModel, System.String>>
7ffcf581d9a0       3         96 System.Linq.Expressions.Expression1<System.Func<Order.Infrastructure.Entities.SubOrderModels.SubOrderModel, System.Int32>>
7ffcf581dfd0       3         96 System.Linq.Expressions.Expression1<System.Func<Order.Infrastructure.Entities.SubOrderModels.SubOrderModel, System.String>>
7ffcf5820eb8       3         96 System.Linq.Expressions.Expression1<System.Func<Order.Infrastructure.Entities.SubOrderModels.SubOrderItemModel, System.Int32>>
7ffcf58245a8       3         96 System.Linq.Expressions.Expression1<System.Func<Order.Infrastructure.Entities.SubOrderModels.SubOrderItemFulFillmentModel, System.Collections.Generic.ICollection<Order.Infrastructure.Entities.SubOrderModels.SubOrderItemFulFillmentServiceTypeModel>>>
7ffcf5825298       3         96 System.Linq.Expressions.Expression1<System.Func<Order.Infrastructure.Entities.SubOrderModels.SubOrderItemFulFillmentModel, System.String>>
7ffcf5825f88       3         96 System.Linq.Expressions.Expression1<System.Func<Order.Infrastructure.Entities.SubOrderModels.SubOrderItemFulFillmentModel, System.DateTime>>
7ffcf5840db0       3         96 System.Linq.Expressions.Expression1<System.Func<Order.Infrastructure.Entities.Promotion.PromotionItemModel, System.Int32>>
7ffcf5842d08       3         96 System.Linq.Expressions.Expression1<System.Func<Order.Business.Mediator.Commands.RoleChannelMapping.CreateRoleChannelMappingCommand, System.Int32>>
7ffcf584a6e8       3         96 System.Linq.Expressions.Expression1<System.Func<Order.Domain.AggregatesModel.Order.PackingDetails, System.Nullable<System.Decimal>>>
7ffcf584ed18       3         96 System.Linq.Expressions.Expression1<System.Func<CommonApiMessage.AggregatesModel.OrderMessage.OrderMessageItemViewModel, System.Decimal>>
7ffcf585e230       3         96 AutoMapper.Configuration.MemberConfigurationExpression<Order.Business.Mediator.Commands.OrderFront.CreateOrderFrontManualViewModel, Order.Infrastructure.Entities.OrderModels.OrderModel, System.Int32>+<>c__DisplayClass40_0
7ffcf585ee90       3         96 AutoMapper.Configuration.MemberConfigurationExpression<Order.Business.Mediator.Commands.OrderFront.CreateOrderFrontManualViewModel, Order.Infrastructure.Entities.OrderModels.OrderModel, System.String>+<>c__DisplayClass40_0
7ffcf5871770       3         96 AutoMapper.Configuration.MemberConfigurationExpression<Order.Business.Mediator.Commands.OrderFront.CreateOrderFrontManualViewModel, Order.Infrastructure.Entities.OrderModels.OrderModel, System.Collections.Generic.ICollection<Order.Infrastructure.Entities.OrderModels.OrderItemModel>>+<>c__DisplayClass40_0
7ffcf5871ef0       3         96 AutoMapper.Configuration.MemberConfigurationExpression<Order.Business.Mediator.Commands.OrderFront.CreateOrderFrontManualViewModel, Order.Infrastructure.Entities.OrderModels.OrderModel, System.Collections.Generic.ICollection<Order.Infrastructure.Entities.OrderModels.OrderFeeModel>>+<>c__DisplayClass40_0
7ffcf5874290       3         96 System.Linq.Expressions.Expression1<System.Func<Order.Business.Mediator.Commands.OrderFront.CreateOrderPaymentFrontManualViewModel, System.String>>
7ffcf5874f80       3         96 System.Linq.Expressions.Expression1<System.Func<Order.Business.Mediator.Commands.OrderFront.CreateOrderPaymentFrontManualViewModel, System.Nullable<System.DateTime>>>
7ffcf5877ef0       3         96 System.Linq.Expressions.Expression1<System.Func<Order.Business.Mediator.Commands.OrderFront.CreateOrderPaymentFrontManualViewModel, System.Collections.Generic.IEnumerable<Order.Infrastructure.Entities.OrderModels.OrderPaymentTransactionModel>>>
7ffcf587de78       3         96 AutoMapper.Configuration.MemberConfigurationExpression<Order.Business.Mediator.Commands.OrderFront.CreateOrderItemFrontManualViewModel, Order.Infrastructure.Entities.OrderModels.OrderItemModel, System.Int32>+<>c__DisplayClass40_0
7ffcf587e310       3         96 AutoMapper.Configuration.MemberConfigurationExpression<Order.Business.Mediator.Commands.OrderFront.CreateOrderItemFrontManualViewModel, Order.Infrastructure.Entities.OrderModels.OrderItemModel, System.String>+<>c__DisplayClass40_0
7ffcf5881628       3         96 System.Linq.Expressions.Expression1<System.Func<Order.Business.Mediator.Commands.OrderFront.CreateOrderItemFrontManualViewModel, Order.Infrastructure.Entities.OrderModels.OrderItemFulFillmentModel>>
7ffcf5881f10       3         96 AutoMapper.Configuration.MemberConfigurationExpression<Order.Business.Mediator.Commands.OrderFront.CreateOrderItemFrontManualViewModel, Order.Infrastructure.Entities.OrderModels.OrderItemModel, Order.Infrastructure.Entities.OrderModels.OrderItemPromotionModel>+<>c__DisplayClass40_0
7ffcf5882690       3         96 AutoMapper.Configuration.MemberConfigurationExpression<Order.Business.Mediator.Commands.OrderFront.CreateOrderItemFrontManualViewModel, Order.Infrastructure.Entities.OrderModels.OrderItemModel, Order.Infrastructure.Entities.OrderModels.OrderItemAmountModel>+<>c__DisplayClass40_0
7ffcf5882e10       3         96 AutoMapper.Configuration.MemberConfigurationExpression<Order.Business.Mediator.Commands.OrderFront.CreateOrderItemFrontManualViewModel, Order.Infrastructure.Entities.OrderModels.OrderItemModel, System.Collections.Generic.ICollection<Order.Infrastructure.Entities.OrderModels.OrderItemPaymentModel>>+<>c__DisplayClass40_0
7ffcf5883590       3         96 AutoMapper.Configuration.MemberConfigurationExpression<Order.Business.Mediator.Commands.OrderFront.CreateOrderItemFrontManualViewModel, Order.Infrastructure.Entities.OrderModels.OrderItemModel, System.Collections.Generic.ICollection<Order.Infrastructure.Entities.OrderModels.OrderItemRemarkModel>>+<>c__DisplayClass40_0
7ffcf5883a28       3         96 AutoMapper.Configuration.MemberConfigurationExpression<Order.Business.Mediator.Commands.OrderFront.CreateOrderItemFrontManualViewModel, Order.Infrastructure.Entities.OrderModels.OrderItemModel, System.Collections.Generic.ICollection<Order.Infrastructure.Entities.OrderModels.OrderItemBarcodeModel>>+<>c__DisplayClass40_0
7ffcf5884508       3         96 AutoMapper.Configuration.MemberConfigurationExpression<Order.Business.Mediator.Commands.OrderFront.CreateOrderFrontManualViewModel, Order.Infrastructure.Entities.SubOrderModels.SubOrderModel, System.Int32>+<>c__DisplayClass40_0
7ffcf5884b70       3         96 AutoMapper.Configuration.MemberConfigurationExpression<Order.Business.Mediator.Commands.OrderFront.CreateOrderFrontManualViewModel, Order.Infrastructure.Entities.SubOrderModels.SubOrderModel, System.String>+<>c__DisplayClass40_0
7ffcf5885b80       3         96 AutoMapper.Configuration.MemberConfigurationExpression<Order.Business.Mediator.Commands.OrderFront.CreateOrderFrontManualViewModel, Order.Infrastructure.Entities.SubOrderModels.SubOrderModel, System.Collections.Generic.ICollection<Order.Infrastructure.Entities.SubOrderModels.SubOrderItemModel>>+<>c__DisplayClass40_0
7ffcf59deb70       3         96 System.Collections.Generic.List<AutoMapper.PathMap>
7ffcf4606f90       2         96 Microsoft.AspNetCore.DataProtection.KeyManagement.KeyRingBasedDataProtector
7ffcf465aac8       1         96 Microsoft.AspNetCore.Http.CookieBuilder
7ffcf43c52c8       2         96 Microsoft.Extensions.Caching.Memory.MemoryCache+CoherentState
7ffcf470a398       4         96 Microsoft.AspNetCore.Mvc.ControllerContextAttribute
7ffcf480b038       1         96 System.Threading.Channels.BlockedReadAsyncOperation<RabbitMQ.Client.Framing.Impl.AutorecoveringConnection+RecoveryCommand>
7ffcf49410f0       1         96 System.Collections.Generic.Dictionary<System.String, System.Collections.Generic.HashSet<System.String>>+Entry[]
7ffcf4a1bc90       3         96 System.Runtime.InteropServices.PosixSignalRegistration+Token
7ffcf4a1bd08       3         96 System.Collections.Generic.List<System.Runtime.InteropServices.PosixSignalRegistration+Token>
7ffcf4a1cb48       1         96 System.Collections.Generic.Dictionary<System.Int32, System.Collections.Generic.List<System.Runtime.InteropServices.PosixSignalRegistration+Token>>+Entry[]
7ffcf4a30d68       4         96 <>z__ReadOnlyArray<System.Double>
7ffcf4a3c838       2         96 Microsoft.Extensions.Primitives.ChangeToken+ChangeTokenRegistration<System.String>
7ffcf4a648c0       2         96 System.Xml.Linq.XHashtable<System.Xml.Linq.XName>+XHashtableState
7ffcf4a97a48       4         96 System.Xml.Linq.XObjectChangeEventArgs
7ffcf4a9a5b8       3         96 Microsoft.AspNetCore.Cryptography.SafeHandles.BCryptAlgorithmHandle
7ffcf4ac0a88       3         96 Microsoft.AspNetCore.Diagnostics.DiagnosticsMetrics
7ffcf67d8660       2         96 Microsoft.Data.SqlClient.Diagnostics.SqlDiagnosticListener
7ffcf67daee0       1         96 System.Collections.Generic.Dictionary<System.String, Microsoft.Data.SqlClient.SqlColumnEncryptionKeyStoreProvider>+Entry[]
7ffcf68802a8       1         96 Microsoft.Data.ProviderBase.DbConnectionClosedConnecting
7ffcf67f16d0       1         96 Microsoft.Data.ProviderBase.DbConnectionClosedBusy
7ffcf682b298       1         96 System.Configuration.ClientConfigPaths
7ffcf6869a50       2         96 Microsoft.Data.SqlClient.SqlRetryLogic
7ffcf686c030       2         96 System.Threading.ThreadLocal<System.Collections.Concurrent.ConcurrentBag<Microsoft.Data.SqlClient.SqlRetryLogicBase>+WorkStealingQueue>+LinkedSlot
7ffcf3589ea8       1         96 System.Threading.ReaderWriterLockSlim
7ffcf68d1c88       1         96 System.Collections.Generic.Dictionary<System.Int32, System.Globalization.CultureInfo>+Entry[]
7ffcf68d3a60       1         96 System.Collections.Generic.Dictionary<System.Int32, System.Text.Encoding>+Entry[]
7ffcf68dbd30       2         96 Microsoft.Extensions.Logging.LoggerMessage+<>c__DisplayClass12_0<System.String, System.Int32>
7ffcf68dad48       1         96 Microsoft.Data.ProviderBase.DbConnectionClosedPreviouslyOpened
7ffcf4b3c530       2         96 Microsoft.AspNetCore.Server.Kestrel.Core.Internal.ConnectionDispatcher<Microsoft.AspNetCore.Connections.ConnectionContext>
7ffcf4309ed8       2         96 Microsoft.AspNetCore.Server.Kestrel.Core.Internal.Infrastructure.TransportManager+ActiveTransport
7ffcf4b4e518       2         96 Microsoft.Extensions.Logging.LoggerMessage+<>c__DisplayClass14_0<System.String, System.String, System.String>
7ffcf4bc1d08       1         96 System.Text.Json.Serialization.JsonConverterFactory[]
7ffcf4cab038       1         96 System.Collections.Generic.Dictionary<Microsoft.AspNetCore.Mvc.ModelBinding.BindingSource, Microsoft.OpenApi.Models.ParameterLocation>+Entry[]
7ffcf394adf8       3         96 System.Collections.Generic.List<System.Text.RegularExpressions.RegexFindOptimizations+FixedDistanceSet>
7ffcf4d0c880       1         96 System.Collections.Generic.Dictionary<System.String, System.Text.Json.Serialization.Converters.EnumConverter<Order.Infrastructure.Entities.Abstractions.BaseStatus>+EnumFieldInfo>+Entry[]
7ffcf407d1c0       4         96 Microsoft.Extensions.Primitives.StringValues
7ffcf4ef0300       1         96 System.Threading.Tasks.Task<System.ValueTuple<System.IO.Stream, System.Net.TransportContext, System.Diagnostics.Activity, System.Net.IPEndPoint>>
7ffcf4f385a0       1         96 System.Collections.Generic.Dictionary<System.String, System.Text.Json.Serialization.Converters.EnumConverter<Swashbuckle.AspNetCore.SwaggerUI.ModelRendering>+EnumFieldInfo>+Entry[]
7ffcf4f3c608       1         96 System.Collections.Generic.Dictionary<System.String, System.Text.Json.Serialization.Converters.EnumConverter<Swashbuckle.AspNetCore.SwaggerUI.DocExpansion>+EnumFieldInfo>+Entry[]
7ffcf4f3c7e0       3         96 System.Collections.Generic.List<System.Text.Json.Serialization.Converters.EnumConverter<Swashbuckle.AspNetCore.SwaggerUI.DocExpansion>+EnumFieldInfo>
7ffcf4f61ad8       2         96 Microsoft.Extensions.Logging.LoggerMessage+<>c__DisplayClass10_0<Microsoft.Extensions.Primitives.StringValues>
7ffcf5287640       2         96 Microsoft.Extensions.Logging.LoggerMessage+<>c__DisplayClass10_0<System.Type>
7ffcf5287b60       2         96 Microsoft.Extensions.Logging.LoggerMessage+<>c__DisplayClass12_0<System.String, System.Double>
7ffcf528c2d0       2         96 Microsoft.Extensions.Logging.LoggerMessage+<>c__DisplayClass14_0<System.String, System.String, Microsoft.AspNetCore.Mvc.Filters.IFilterMetadata>
7ffcf528d340       2         96 Microsoft.Extensions.Logging.LoggerMessage+<>c__DisplayClass12_0<System.String, System.String[]>
7ffcf5a69148       2         96 Microsoft.AspNetCore.Mvc.ModelBinding.Metadata.ValidationMetadata
7ffcf5ac5280       1         96 FluentValidation.ValidatorConfiguration
7ffcf6941b48       1         96 Microsoft.Data.ProviderBase.DbConnectionOpenBusy
7ffcf5bb6128       2         96 Microsoft.EntityFrameworkCore.Metadata.IParameterBindingFactory[]
7ffcf5da3d58       1         96 System.Collections.Generic.Dictionary<System.Type, System.Collections.Generic.HashSet<Microsoft.EntityFrameworkCore.Metadata.Internal.Property>>+Entry[]
7ffcf6882520       4         96 System.Collections.Concurrent.ConcurrentStack<Microsoft.Data.ProviderBase.DbConnectionInternal>
7ffcf6884a28       4         96 System.Threading.Semaphore
7ffcf62df498       1         96 Microsoft.EntityFrameworkCore.Metadata.Internal.RelationalModel
7ffcf35dd418       1        104 System.Runtime.CompilerServices.AsyncTaskMethodBuilder<System.Threading.Tasks.VoidTaskResult>+AsyncStateMachineBox<Microsoft.DotNet.HotReload.PipeListener+<>c__DisplayClass7_0+<<Listen>b__0>d>
7ffcf39e4058       2        104 System.Diagnostics.ActivitySource[]
7ffcf3a51020       1        104 Microsoft.Extensions.Hosting.HostApplicationBuilder
7ffcf41f9490       1        104 Autofac.Core.InternalReflectionCaches
7ffcf44a27b0       3        104 Microsoft.AspNetCore.Server.Kestrel.Core.ListenOptions[]
7ffcf44c5048       3        104 Swashbuckle.AspNetCore.SwaggerUI.UrlDescriptor[]
7ffcf490b9f8       1        104 System.Threading.Tasks.Task<System.Int32>[]
7ffcf3f0e7e0       1        104 Microsoft.AspNetCore.DataProtection.KeyManagement.KeyRingProvider
7ffcf3f6caf8       1        104 Microsoft.AspNetCore.Mvc.RazorPages.Infrastructure.PageRequestDelegateFactory
7ffcf6142440       1        104 Microsoft.EntityFrameworkCore.Metadata.RuntimeModel
7ffcf3f830f8       1        104 EventBus.RabbitMQ.EventBusRabbitMQMultiWorker
7ffcf480daa0       1        104 RabbitMQ.Client.Impl.SocketFrameHandler
7ffcf4831248       1        104 System.Threading.Channels.BlockedReadAsyncOperation<System.Memory<System.Byte>>
7ffcf48d3088       1        104 RabbitMQ.Client.Impl.MainSession
7ffcf4d031a0       1        104 System.Text.Json.Serialization.Converters.EnumConverter<Order.Infrastructure.Entities.Abstractions.BaseStatus>
7ffcf4f36db8       1        104 System.Text.Json.Serialization.Converters.EnumConverter<Swashbuckle.AspNetCore.SwaggerUI.ModelRendering>
7ffcf4f3ae20       1        104 System.Text.Json.Serialization.Converters.EnumConverter<Swashbuckle.AspNetCore.SwaggerUI.DocExpansion>
7ffcf4f42e18       1        104 System.Text.Json.Serialization.Converters.EnumConverter<Swashbuckle.AspNetCore.SwaggerUI.SubmitMethod>
7ffcf67f51a8       2        112 System.Collections.Concurrent.ConcurrentDictionary<Microsoft.Data.SqlClient.ConnectionPool.DbConnectionPoolIdentity, Microsoft.Data.SqlClient.ConnectionPool.IDbConnectionPool>+Tables
7ffcf6e4ac70       2        112 System.Text.Json.Serialization.Converters.ObjectDefaultConverter<CommonApiMessage.AggregatesModel.SubOrderMessage.SubOrderMessageViewModel>
7ffcf6e5f588       2        112 System.Text.Json.Serialization.Converters.ListOfTConverter<System.Collections.Generic.List<System.String>, System.String>
7ffcf6e60b68       2        112 System.Text.Json.Serialization.Converters.ListOfTConverter<System.Collections.Generic.List<CommonApiMessage.AggregatesModel.SubOrderMessage.SubOrderMessageRemarkViewModel>, CommonApiMessage.AggregatesModel.SubOrderMessage.SubOrderMessageRemarkViewModel>
7ffcf6e61578       2        112 System.Text.Json.Serialization.Converters.ObjectDefaultConverter<CommonApiMessage.AggregatesModel.SubOrderMessage.SubOrderMessageRemarkViewModel>
7ffcf6e61f50       2        112 System.Text.Json.Serialization.Converters.ListOfTConverter<System.Collections.Generic.List<CommonApiMessage.AggregatesModel.SubOrderMessage.SubOrderMessageAddressViewModel>, CommonApiMessage.AggregatesModel.SubOrderMessage.SubOrderMessageAddressViewModel>
7ffcf6e62960       2        112 System.Text.Json.Serialization.Converters.ObjectDefaultConverter<CommonApiMessage.AggregatesModel.SubOrderMessage.SubOrderMessageAddressViewModel>
7ffcf6e66b68       2        112 System.Text.Json.Serialization.Converters.ListOfTConverter<System.Collections.Generic.List<CommonApiMessage.AggregatesModel.SubOrderMessage.SubOrderMessageItemViewModel>, CommonApiMessage.AggregatesModel.SubOrderMessage.SubOrderMessageItemViewModel>
7ffcf6e67578       2        112 System.Text.Json.Serialization.Converters.ObjectDefaultConverter<CommonApiMessage.AggregatesModel.SubOrderMessage.SubOrderMessageItemViewModel>
7ffcf6e929c0       2        112 System.Text.Json.Serialization.Converters.ObjectDefaultConverter<CommonApiMessage.AggregatesModel.SubOrderMessage.SubOrderMessageItemPromotionViewModel>
7ffcf6e96550       2        112 System.Text.Json.Serialization.Converters.ObjectDefaultConverter<CommonApiMessage.AggregatesModel.SubOrderMessage.SubOrderMessageItemFulFillmentViewModel>
7ffcf6e9e068       2        112 System.Text.Json.Serialization.Converters.ListOfTConverter<System.Collections.Generic.List<CommonApiMessage.AggregatesModel.SubOrderMessage.SubOrderMessageItemDeliveryWindowViewModel>, CommonApiMessage.AggregatesModel.SubOrderMessage.SubOrderMessageItemDeliveryWindowViewModel>
7ffcf6e9ea78       2        112 System.Text.Json.Serialization.Converters.ObjectDefaultConverter<CommonApiMessage.AggregatesModel.SubOrderMessage.SubOrderMessageItemDeliveryWindowViewModel>
7ffcf6e9f450       2        112 System.Text.Json.Serialization.Converters.ListOfTConverter<System.Collections.Generic.List<CommonApiMessage.AggregatesModel.SubOrderMessage.SubOrderMessageItemFulFillmentServiceTypeViewModel>, CommonApiMessage.AggregatesModel.SubOrderMessage.SubOrderMessageItemFulFillmentServiceTypeViewModel>
7ffcf6e9fe60       2        112 System.Text.Json.Serialization.Converters.ObjectDefaultConverter<CommonApiMessage.AggregatesModel.SubOrderMessage.SubOrderMessageItemFulFillmentServiceTypeViewModel>
7ffcf6eb2500       2        112 System.Text.Json.Serialization.Converters.ListOfTConverter<System.Collections.Generic.List<CommonApiMessage.AggregatesModel.SubOrderMessage.SubOrderMessageItemRemarkViewModel>, CommonApiMessage.AggregatesModel.SubOrderMessage.SubOrderMessageItemRemarkViewModel>
7ffcf6eb2f10       2        112 System.Text.Json.Serialization.Converters.ObjectDefaultConverter<CommonApiMessage.AggregatesModel.SubOrderMessage.SubOrderMessageItemRemarkViewModel>
7ffcf6eb38e8       2        112 System.Text.Json.Serialization.Converters.ObjectDefaultConverter<CommonApiMessage.AggregatesModel.SubOrderMessage.SubOrderMessageItemAmountViewModel>
7ffcf6eb5338       2        112 System.Text.Json.Serialization.Converters.ObjectDefaultConverter<CommonApiMessage.AggregatesModel.SubOrderMessage.SubOrderMessageItemAmountDetailViewModel>
7ffcf6eb6d88       2        112 System.Text.Json.Serialization.Converters.ListOfTConverter<System.Collections.Generic.List<CommonApiMessage.AggregatesModel.SubOrderMessage.SubOrderMessageItemTaxViewModel>, CommonApiMessage.AggregatesModel.SubOrderMessage.SubOrderMessageItemTaxViewModel>
7ffcf6eb7798       2        112 System.Text.Json.Serialization.Converters.ObjectDefaultConverter<CommonApiMessage.AggregatesModel.SubOrderMessage.SubOrderMessageItemTaxViewModel>
7ffcf6eb9d88       2        112 System.Text.Json.Serialization.Converters.ListOfTConverter<System.Collections.Generic.List<CommonApiMessage.AggregatesModel.SubOrderMessage.SubOrderMessageItemPaymentViewModel>, CommonApiMessage.AggregatesModel.SubOrderMessage.SubOrderMessageItemPaymentViewModel>
7ffcf6eba798       2        112 System.Text.Json.Serialization.Converters.ObjectDefaultConverter<CommonApiMessage.AggregatesModel.SubOrderMessage.SubOrderMessageItemPaymentViewModel>
7ffcf6ebb170       2        112 System.Text.Json.Serialization.Converters.ListOfTConverter<System.Collections.Generic.List<CommonApiMessage.AggregatesModel.SubOrderMessage.SubOrderMessageItemSubBarcodeViewModel>, CommonApiMessage.AggregatesModel.SubOrderMessage.SubOrderMessageItemSubBarcodeViewModel>
7ffcf6ebbb80       2        112 System.Text.Json.Serialization.Converters.ObjectDefaultConverter<CommonApiMessage.AggregatesModel.SubOrderMessage.SubOrderMessageItemSubBarcodeViewModel>
7ffcf6ebc558       2        112 System.Text.Json.Serialization.Converters.ListOfTConverter<System.Collections.Generic.List<CommonApiMessage.AggregatesModel.SubOrderMessage.SubOrderMessageItemPromotionsViewModel>, CommonApiMessage.AggregatesModel.SubOrderMessage.SubOrderMessageItemPromotionsViewModel>
7ffcf6ebcf68       2        112 System.Text.Json.Serialization.Converters.ObjectDefaultConverter<CommonApiMessage.AggregatesModel.SubOrderMessage.SubOrderMessageItemPromotionsViewModel>
7ffcf6ebd940       2        112 System.Text.Json.Serialization.Converters.ListOfTConverter<System.Collections.Generic.List<CommonApiMessage.AggregatesModel.OrderMessage.OrderMessagePaymentViewModel>, CommonApiMessage.AggregatesModel.OrderMessage.OrderMessagePaymentViewModel>
7ffcf6ebe350       2        112 System.Text.Json.Serialization.Converters.ObjectDefaultConverter<CommonApiMessage.AggregatesModel.OrderMessage.OrderMessagePaymentViewModel>
7ffcf6ec25e0       2        112 System.Text.Json.Serialization.Converters.ListOfTConverter<System.Collections.Generic.List<CommonApiMessage.AggregatesModel.OrderMessage.OrderMessagePaymentTransactionViewModel>, CommonApiMessage.AggregatesModel.OrderMessage.OrderMessagePaymentTransactionViewModel>
7ffcf6ec2ff0       2        112 System.Text.Json.Serialization.Converters.ObjectDefaultConverter<CommonApiMessage.AggregatesModel.OrderMessage.OrderMessagePaymentTransactionViewModel>
7ffcf6ec39c8       2        112 System.Text.Json.Serialization.Converters.ListOfTConverter<System.Collections.Generic.List<CommonApiMessage.AggregatesModel.OrderMessage.OrderMessageCustomerViewModel>, CommonApiMessage.AggregatesModel.OrderMessage.OrderMessageCustomerViewModel>
7ffcf6ec43d8       2        112 System.Text.Json.Serialization.Converters.ObjectDefaultConverter<CommonApiMessage.AggregatesModel.OrderMessage.OrderMessageCustomerViewModel>
7ffcf6ec4db0       2        112 System.Text.Json.Serialization.Converters.ListOfTConverter<System.Collections.Generic.List<CommonApiMessage.AggregatesModel.OrderMessage.OrderMessageItemViewModel>, CommonApiMessage.AggregatesModel.OrderMessage.OrderMessageItemViewModel>
7ffcf6ec57c0       2        112 System.Text.Json.Serialization.Converters.ObjectDefaultConverter<CommonApiMessage.AggregatesModel.OrderMessage.OrderMessageItemViewModel>
7ffcf6ed4e00       2        112 System.Text.Json.Serialization.Converters.ObjectDefaultConverter<CommonApiMessage.AggregatesModel.OrderMessage.OrderMessageItemFulFillmentViewModel>
7ffcf6edb238       2        112 System.Text.Json.Serialization.Converters.ListOfTConverter<System.Collections.Generic.List<CommonApiMessage.AggregatesModel.OrderMessage.OrderMessageItemDeliveryWindowViewModel>, CommonApiMessage.AggregatesModel.OrderMessage.OrderMessageItemDeliveryWindowViewModel>
7ffcf6edbc48       2        112 System.Text.Json.Serialization.Converters.ObjectDefaultConverter<CommonApiMessage.AggregatesModel.OrderMessage.OrderMessageItemDeliveryWindowViewModel>
7ffcf6edc620       2        112 System.Text.Json.Serialization.Converters.ListOfTConverter<System.Collections.Generic.List<CommonApiMessage.AggregatesModel.OrderMessage.OrderMessageItemFulFillmentServiceTypeViewModel>, CommonApiMessage.AggregatesModel.OrderMessage.OrderMessageItemFulFillmentServiceTypeViewModel>
7ffcf6edd030       2        112 System.Text.Json.Serialization.Converters.ObjectDefaultConverter<CommonApiMessage.AggregatesModel.OrderMessage.OrderMessageItemFulFillmentServiceTypeViewModel>
7ffcf6edda08       2        112 System.Text.Json.Serialization.Converters.ListOfTConverter<System.Collections.Generic.List<CommonApiMessage.AggregatesModel.OrderMessage.OrderMessageItemRemarkViewModel>, CommonApiMessage.AggregatesModel.OrderMessage.OrderMessageItemRemarkViewModel>
7ffcf6ede418       2        112 System.Text.Json.Serialization.Converters.ObjectDefaultConverter<CommonApiMessage.AggregatesModel.OrderMessage.OrderMessageItemRemarkViewModel>
7ffcf6ededf0       2        112 System.Text.Json.Serialization.Converters.ObjectDefaultConverter<CommonApiMessage.AggregatesModel.OrderMessage.OrderMessageItemAmountViewModel>
7ffcf6ee08c8       2        112 System.Text.Json.Serialization.Converters.ObjectDefaultConverter<CommonApiMessage.AggregatesModel.OrderMessage.OrderMessageItemAmountDetailViewModel>
7ffcf6ee3f30       2        112 System.Text.Json.Serialization.Converters.ListOfTConverter<System.Collections.Generic.List<CommonApiMessage.AggregatesModel.OrderMessage.OrderMessageItemTaxViewModel>, CommonApiMessage.AggregatesModel.OrderMessage.OrderMessageItemTaxViewModel>
7ffcf6ee4940       2        112 System.Text.Json.Serialization.Converters.ObjectDefaultConverter<CommonApiMessage.AggregatesModel.OrderMessage.OrderMessageItemTaxViewModel>
7ffcf6ee5318       2        112 System.Text.Json.Serialization.Converters.ListOfTConverter<System.Collections.Generic.List<CommonApiMessage.AggregatesModel.OrderMessage.OrderMessageItemPaymentViewModel>, CommonApiMessage.AggregatesModel.OrderMessage.OrderMessageItemPaymentViewModel>
7ffcf6ee5d28       2        112 System.Text.Json.Serialization.Converters.ObjectDefaultConverter<CommonApiMessage.AggregatesModel.OrderMessage.OrderMessageItemPaymentViewModel>
7ffcf6ee6700       2        112 System.Text.Json.Serialization.Converters.ListOfTConverter<System.Collections.Generic.List<CommonApiMessage.AggregatesModel.OrderMessage.OrderMessageSubBarcodeViewModel>, CommonApiMessage.AggregatesModel.OrderMessage.OrderMessageSubBarcodeViewModel>
7ffcf6ee7110       2        112 System.Text.Json.Serialization.Converters.ObjectDefaultConverter<CommonApiMessage.AggregatesModel.OrderMessage.OrderMessageSubBarcodeViewModel>
7ffcf6ee9700       2        112 System.Text.Json.Serialization.Converters.ObjectDefaultConverter<CommonApiMessage.AggregatesModel.OrderMessage.OrderMessageItemPromotionViewModel>
7ffcf6ee9f98       2        112 System.Text.Json.Serialization.Converters.ListOfTConverter<System.Collections.Generic.List<CommonApiMessage.AggregatesModel.OrderMessage.OrderMessageItemPromotionsViewModel>, CommonApiMessage.AggregatesModel.OrderMessage.OrderMessageItemPromotionsViewModel>
7ffcf6eea9a8       2        112 System.Text.Json.Serialization.Converters.ObjectDefaultConverter<CommonApiMessage.AggregatesModel.OrderMessage.OrderMessageItemPromotionsViewModel>
7ffcf6eeb380       2        112 System.Text.Json.Serialization.Converters.ListOfTConverter<System.Collections.Generic.List<CommonApiMessage.AggregatesModel.OrderMessage.OrderMessagePromotionViewModel>, CommonApiMessage.AggregatesModel.OrderMessage.OrderMessagePromotionViewModel>
7ffcf6eebd90       2        112 System.Text.Json.Serialization.Converters.ObjectDefaultConverter<CommonApiMessage.AggregatesModel.OrderMessage.OrderMessagePromotionViewModel>
7ffcf6eef538       2        112 System.Text.Json.Serialization.Converters.ObjectDefaultConverter<CommonApiMessage.AggregatesModel.OrderMessage.OrderMessagePromotionAmountViewModel>
7ffcf6eefdd0       2        112 System.Text.Json.Serialization.Converters.ListOfTConverter<System.Collections.Generic.List<CommonApiMessage.AggregatesModel.SubOrderMessage.SubOrderMessagePromotionViewModel>, CommonApiMessage.AggregatesModel.SubOrderMessage.SubOrderMessagePromotionViewModel>
7ffcf6ef07f0       2        112 System.Text.Json.Serialization.Converters.ObjectDefaultConverter<CommonApiMessage.AggregatesModel.SubOrderMessage.SubOrderMessagePromotionViewModel>
7ffcf6ef2380       2        112 System.Text.Json.Serialization.Converters.ObjectDefaultConverter<CommonApiMessage.AggregatesModel.SubOrderMessage.SubOrderMessagePromotionAmountViewModel>
7ffcf6ef4830       2        112 System.Text.Json.Serialization.Converters.ListOfTConverter<System.Collections.Generic.List<CommonApiMessage.AggregatesModel.SubOrderMessage.SubOrderMessageFeeViewModel>, CommonApiMessage.AggregatesModel.SubOrderMessage.SubOrderMessageFeeViewModel>
7ffcf6ef5240       2        112 System.Text.Json.Serialization.Converters.ObjectDefaultConverter<CommonApiMessage.AggregatesModel.SubOrderMessage.SubOrderMessageFeeViewModel>
7ffcf6ef7f88       2        112 System.Text.Json.Serialization.Converters.ObjectDefaultConverter<CommonApiMessage.AggregatesModel.SubOrderMessage.SubOrderMessageFeeAmountViewModel>
7ffcf6efb5f0       2        112 System.Text.Json.Serialization.Converters.ObjectDefaultConverter<CommonApiMessage.AggregatesModel.SubOrderMessage.SubOrderMessageFeeAmountDtlViewModel>
7ffcf6efd2f8       2        112 System.Text.Json.Serialization.Converters.ICollectionOfTConverter<System.Collections.Generic.ICollection<CommonApiMessage.AggregatesModel.SubOrderMessage.SubOrderMessageFeeTaxViewModel>, CommonApiMessage.AggregatesModel.SubOrderMessage.SubOrderMessageFeeTaxViewModel>
7ffcf6efe088       2        112 System.Text.Json.Serialization.Converters.ObjectDefaultConverter<CommonApiMessage.AggregatesModel.SubOrderMessage.SubOrderMessageFeeTaxViewModel>
7ffcf6efea60       2        112 System.Text.Json.Serialization.Converters.ICollectionOfTConverter<System.Collections.Generic.ICollection<CommonApiMessage.AggregatesModel.SubOrderMessage.SubOrderMessageFeePaymentViewModel>, CommonApiMessage.AggregatesModel.SubOrderMessage.SubOrderMessageFeePaymentViewModel>
7ffcf6eff530       2        112 System.Text.Json.Serialization.Converters.ObjectDefaultConverter<CommonApiMessage.AggregatesModel.SubOrderMessage.SubOrderMessageFeePaymentViewModel>
7ffcf6f01c40       2        112 System.Text.Json.Serialization.Converters.ListOfTConverter<System.Collections.Generic.List<CommonApiMessage.AggregatesModel.Package.PackageInfoMessageViewModel>, CommonApiMessage.AggregatesModel.Package.PackageInfoMessageViewModel>
7ffcf6f026a8       2        112 System.Text.Json.Serialization.Converters.ObjectDefaultConverter<CommonApiMessage.AggregatesModel.Package.PackageInfoMessageViewModel>
7ffcf6f03080       2        112 System.Text.Json.Serialization.Converters.ListOfTConverter<System.Collections.Generic.List<CommonApiMessage.AggregatesModel.OrderMessage.OrderMessageAddressViewModel>, CommonApiMessage.AggregatesModel.OrderMessage.OrderMessageAddressViewModel>
7ffcf6f03a90       2        112 System.Text.Json.Serialization.Converters.ObjectDefaultConverter<CommonApiMessage.AggregatesModel.OrderMessage.OrderMessageAddressViewModel>
7ffcf6f07c98       2        112 System.Text.Json.Serialization.Converters.ListOfTConverter<System.Collections.Generic.List<CommonApiMessage.AggregatesModel.Package.PackageTbMessage>, CommonApiMessage.AggregatesModel.Package.PackageTbMessage>
7ffcf6f08700       2        112 System.Text.Json.Serialization.Converters.ObjectDefaultConverter<CommonApiMessage.AggregatesModel.Package.PackageTbMessage>
7ffcf353db10       2        112 System.ValueTuple<System.String, Microsoft.DotNet.HotReload.AgentMessageSeverity>[]
7ffcf36903f8       2        112 System.Collections.Concurrent.ConcurrentDictionary<Microsoft.Extensions.FileProviders.IPollingChangeToken, Microsoft.Extensions.FileProviders.IPollingChangeToken>+Tables
7ffcf39ae0b8       2        112 Serilog.Sinks.SystemConsole.Output.TimestampTokenRenderer
7ffcf421aab8       2        112 System.Collections.Concurrent.ConcurrentDictionary<System.ValueTuple<System.Type, System.Type>, System.Boolean>+Tables
7ffcf4235940       1        112 Autofac.Core.SelfComponentRegistration
7ffcf3a5ddb8       1        112 Microsoft.Extensions.Hosting.Internal.ConsoleLifetime
7ffcf44a3990       1        112 Microsoft.AspNetCore.Server.Kestrel.KestrelConfigurationLoader
7ffcf434bdd0       2        112 Microsoft.AspNetCore.Http.ParameterBindingMethodCache
7ffcf459a3e0       2        112 System.Collections.Concurrent.ConcurrentDictionary<System.Type, System.Func<System.Linq.Expressions.ParameterExpression, System.Linq.Expressions.Expression, System.Linq.Expressions.Expression>>+Tables
7ffcf459ac38       2        112 System.Collections.Concurrent.ConcurrentDictionary<System.Type, System.ValueTuple<System.Func<System.Reflection.ParameterInfo, System.Linq.Expressions.Expression>, System.Int32>>+Tables
7ffcf459b490       2        112 System.Collections.Concurrent.ConcurrentDictionary<System.Type, System.ValueTuple<System.Reflection.ConstructorInfo, Microsoft.AspNetCore.Http.ParameterBindingMethodCache+ConstructorParameter[]>>+Tables
7ffcf490ec48       1        112 System.Runtime.CompilerServices.AsyncTaskMethodBuilder<System.Threading.Tasks.VoidTaskResult>+AsyncStateMachineBox<RabbitMQ.Client.Framing.Impl.AutorecoveringConnection+<MainRecoveryLoop>d__139>
7ffcf43423d0       2        112 System.Collections.Concurrent.ConcurrentDictionary<System.Type, Microsoft.Extensions.Internal.PropertyActivator<Microsoft.AspNetCore.Mvc.ControllerContext>[]>+Tables
7ffcf3f035d0       2        112 Microsoft.AspNetCore.Mvc.ViewFeatures.ViewDataDictionaryControllerPropertyActivator
7ffcf43cab70       2        112 Microsoft.AspNetCore.Mvc.Razor.RazorPagePropertyActivator+PropertyValueAccessors
7ffcf425a1c8       2        112 Microsoft.Extensions.Caching.Memory.MemoryCacheOptions
7ffcf43c84e8       2        112 System.Collections.Concurrent.ConcurrentDictionary<System.String, Microsoft.Extensions.Caching.Memory.CacheEntry>+Tables
7ffcf43c8870       2        112 System.Collections.Concurrent.ConcurrentDictionary<System.Object, Microsoft.Extensions.Caching.Memory.CacheEntry>+Tables
7ffcf3f6c880       1        112 Microsoft.AspNetCore.Mvc.RazorPages.Infrastructure.PageActionInvokerProvider
7ffcf43cf1d0       2        112 System.Collections.Concurrent.ConcurrentDictionary<System.Type, Microsoft.Extensions.Internal.PropertyActivator<Microsoft.AspNetCore.Mvc.Rendering.ViewContext>[]>+Tables
7ffcf5c20018       2        112 System.Collections.Concurrent.ConcurrentDictionary<System.Type, System.Reflection.PropertyInfo>+Tables
7ffcf5c203a0       2        112 System.Collections.Concurrent.ConcurrentDictionary<System.Type, System.String>+Tables
7ffcf4705210       2        112 System.Collections.Concurrent.ConcurrentDictionary<System.Type, Microsoft.Extensions.Internal.PropertyHelper[]>+Tables
7ffcf47b5a78       2        112 EventBus.RabbitMQ.EventBusRabbitMQConsumeWorker[]
7ffcf4803b28       2        112 RabbitMQ.Client.Impl.AutorecoveringModel[]
7ffcf4ab4110       2        112 Microsoft.AspNetCore.Watch.BrowserRefresh.BrowserScriptMiddleware
7ffcf5b2c4e0       2        112 System.Collections.Concurrent.ConcurrentDictionary<System.Type, System.Reflection.MethodInfo>+Tables
7ffcf4d4ce90       2        112 System.RuntimeType+RuntimeTypeCache+MemberInfoCache<System.Reflection.RuntimeEventInfo>
7ffcf6353288       2        112 System.Collections.Concurrent.ConcurrentDictionary<System.Object, System.Object>+Tables
7ffcf55feed8       2        112 Microsoft.EntityFrameworkCore.Diagnostics.EventDefinition
7ffcf68db008       2        112 Microsoft.EntityFrameworkCore.Diagnostics.EventDefinition<System.String, System.Int32>
7ffcf3693a28       2        112 Microsoft.Extensions.Primitives.CompositeChangeToken
7ffcf4b37ce0       2        112 Microsoft.AspNetCore.Server.Kestrel.Transport.Sockets.SocketConnectionListener
7ffcf4b37e88       2        112 Microsoft.AspNetCore.Server.Kestrel.Transport.Sockets.SocketConnectionContextFactory
7ffcf4c4d1e8       1        112 Confluent.Kafka.ConsumerBuilder<Confluent.Kafka.Ignore, System.String>
7ffcf4d03960       2        112 System.Text.Json.Serialization.Converters.EnumConverter<Order.Infrastructure.Entities.Abstractions.BaseStatus>+EnumFieldInfo
7ffcf4e26688       2        112 Microsoft.AspNetCore.Server.Kestrel.Core.Internal.Http.ZeroContentLengthMessageBody
7ffcf5284770       2        112 System.Collections.Concurrent.ConcurrentDictionary<Microsoft.AspNetCore.Mvc.ModelBinding.ModelBinderFactory+Key, Microsoft.AspNetCore.Mvc.ModelBinding.IModelBinder>+Node
7ffcf55f5500       2        112 System.WeakReference<Microsoft.Extensions.DependencyInjection.ServiceProvider>[]
7ffcf5a57620       1        112 System.Collections.Concurrent.ConcurrentDictionary<AutoMapper.Internal.TypePair, System.Lazy<AutoMapper.TypeMap>>+VolatileNode[]
7ffcf5b2ab70       2        112 Microsoft.EntityFrameworkCore.Storage.ValueConversion.ConverterMappingHints
7ffcf6882e38       2        112 Microsoft.Data.SqlClient.ConnectionPool.WaitHandleDbConnectionPool+PoolWaitHandles
7ffcf6885228       2        112 System.Collections.Concurrent.ConcurrentDictionary<Microsoft.Data.SqlClient.ConnectionPool.DbConnectionPoolAuthenticationContextKey, Microsoft.Data.SqlClient.ConnectionPool.DbConnectionPoolAuthenticationContext>+Tables
7ffcf68f8620       3        120 System.Data.SqlTypes.SqlDecimal
7ffcf33608c8       1        120 System.OutOfMemoryException
7ffcf33609f0       1        120 System.StackOverflowException
7ffcf3360b18       1        120 System.ExecutionEngineException
7ffcf3438680       1        120 System.Collections.Generic.Dictionary<System.Guid, System.Diagnostics.Tracing.EventSource+OverrideEventProvider>+Entry[]
7ffcf3565b78       1        120 System.IO.Pipes.NamedPipeClientStream
7ffcf35a44f0       5        120 System.Threading.AutoResetEvent
7ffcf3680928       3        120 Microsoft.Extensions.Configuration.ConfigurationRoot
7ffcf37be078       3        120 System.IO.EnumerationOptions
7ffcf38604a8       5        120 Serilog.Parsing.MessageTemplateParser
7ffcf3a52568       3        120 Microsoft.Extensions.Configuration.Memory.MemoryConfigurationProvider
7ffcf3c28e30       3        120 System.ComponentModel.ReflectTypeDescriptionProvider
7ffcf3c29758       3        120 System.Collections.Concurrent.ConcurrentDictionary<System.Type, System.ComponentModel.ReflectTypeDescriptionProvider+ReflectedTypeData>
7ffcf41fea90       3        120 Autofac.Util.Cache.ReflectionCacheDictionary<System.Type, System.Boolean>
7ffcf3bba0a8       1        120 Microsoft.AspNetCore.Server.Kestrel.Core.KestrelServerImpl
7ffcf44a7d10       3        120 System.Collections.Concurrent.ConcurrentDictionary<System.Int64, Microsoft.AspNetCore.Server.Kestrel.Core.Internal.Infrastructure.ConnectionReference>
7ffcf3d3d688       3        120 Microsoft.AspNetCore.Authorization.DefaultAuthorizationPolicyProvider
7ffcf467a9c8       1        120 Microsoft.AspNetCore.Mvc.Routing.ControllerActionEndpointDataSource
7ffcf38509b0       5        120 System.Runtime.InteropServices.OptionalAttribute
7ffcf4740c30       3        120 System.ComponentModel.NullableConverter
7ffcf3bdad30       1        120 Microsoft.AspNetCore.Hosting.GenericWebHostService
7ffcf4a40080       1        120 System.Collections.Generic.Dictionary<System.ValueTuple<System.Type, System.String>, System.Action>+Entry[]
7ffcf4ab11c8       3        120 Microsoft.AspNetCore.Builder.UseMiddlewareExtensions+ReflectionMiddlewareBinder+<>c__DisplayClass6_0
7ffcf4acc218       1        120 System.Collections.Generic.Dictionary<System.String, System.ValueTuple<Microsoft.AspNetCore.Cors.Infrastructure.CorsPolicy, System.Threading.Tasks.Task<Microsoft.AspNetCore.Cors.Infrastructure.CorsPolicy>>>+Entry[]
7ffcf6965c18       3        120 System.Linq.Expressions.Expression2<System.Func<System.Object, System.Object, System.Boolean>>
7ffcf4b979a8       5        120 System.WeakReference<System.Text.Json.JsonSerializerOptions+CachingContext>
7ffcf4c4a4e8       1        120 System.Runtime.CompilerServices.AsyncTaskMethodBuilder<System.Threading.Tasks.VoidTaskResult>+AsyncStateMachineBox<EventBus.Kafka.EventBusKafka+<ConsumerWorker>d__15>
7ffcf4c4f518       1        120 System.Runtime.CompilerServices.AsyncTaskMethodBuilder<System.Threading.Tasks.VoidTaskResult>+AsyncStateMachineBox<Microsoft.Extensions.Hosting.HostingAbstractionsHostExtensions+<WaitForShutdownAsync>d__5>
7ffcf4eb3690       1        120 System.Threading.RegisteredWaitHandle
7ffcf429c588       1        120 System.Diagnostics.UnreachableException
7ffcf5baf6b0       1        120 System.Text.RegularExpressions.Generated.<RegexGenerator_g>FCDFAA894408A4BE52DB36407A8838158E1347B18C8E6D1FBD1331CEC2A9DD6BE__CreateConnectionStringQuoteValueRegex_1+RunnerFactory+Runner
7ffcf5c20d20       1        120 System.Collections.Generic.Dictionary<System.Type, System.ValueTuple<Microsoft.EntityFrameworkCore.Metadata.ConfigurationSource, System.Collections.Generic.SortedSet<Microsoft.EntityFrameworkCore.Metadata.Internal.EntityType>>>+Entry[]
7ffcf5bac148       1        120 System.Text.RegularExpressions.Generated.<RegexGenerator_g>FCDFAA894408A4BE52DB36407A8838158E1347B18C8E6D1FBD1331CEC2A9DD6BE__CreateConnectionStringValidKeyRegex_0+RunnerFactory+Runner
7ffcf6e4b568       2        128 System.Func<CommonApiMessage.AggregatesModel.SubOrderMessage.SubOrderMessageViewModel>
7ffcf6e5fec8       2        128 System.Func<System.Collections.Generic.List<System.String>>
7ffcf6e61498       2        128 System.Func<System.Collections.Generic.List<CommonApiMessage.AggregatesModel.SubOrderMessage.SubOrderMessageRemarkViewModel>>
7ffcf6e61e70       2        128 System.Func<CommonApiMessage.AggregatesModel.SubOrderMessage.SubOrderMessageRemarkViewModel>
7ffcf6e62880       2        128 System.Func<System.Collections.Generic.List<CommonApiMessage.AggregatesModel.SubOrderMessage.SubOrderMessageAddressViewModel>>
7ffcf6e63258       2        128 System.Func<CommonApiMessage.AggregatesModel.SubOrderMessage.SubOrderMessageAddressViewModel>
7ffcf6e67498       2        128 System.Func<System.Collections.Generic.List<CommonApiMessage.AggregatesModel.SubOrderMessage.SubOrderMessageItemViewModel>>
7ffcf6e67e70       2        128 System.Func<CommonApiMessage.AggregatesModel.SubOrderMessage.SubOrderMessageItemViewModel>
7ffcf6e91b38       2        128 System.Text.Json.Serialization.Converters.NullableConverter<System.Int64>
7ffcf6e93178       2        128 System.Func<CommonApiMessage.AggregatesModel.SubOrderMessage.SubOrderMessageItemPromotionViewModel>
7ffcf6e956c8       2        128 System.Text.Json.Serialization.Converters.NullableConverter<System.Decimal>
7ffcf6e96d08       2        128 System.Func<CommonApiMessage.AggregatesModel.SubOrderMessage.SubOrderMessageItemFulFillmentViewModel>
7ffcf6e9d1e0       2        128 System.Text.Json.Serialization.Converters.NullableConverter<System.DateTime>
7ffcf6e9e998       2        128 System.Func<System.Collections.Generic.List<CommonApiMessage.AggregatesModel.SubOrderMessage.SubOrderMessageItemDeliveryWindowViewModel>>
7ffcf6e9f370       2        128 System.Func<CommonApiMessage.AggregatesModel.SubOrderMessage.SubOrderMessageItemDeliveryWindowViewModel>
7ffcf6e9fd80       2        128 System.Func<System.Collections.Generic.List<CommonApiMessage.AggregatesModel.SubOrderMessage.SubOrderMessageItemFulFillmentServiceTypeViewModel>>
7ffcf6eb2420       2        128 System.Func<CommonApiMessage.AggregatesModel.SubOrderMessage.SubOrderMessageItemFulFillmentServiceTypeViewModel>
7ffcf6eb2e30       2        128 System.Func<System.Collections.Generic.List<CommonApiMessage.AggregatesModel.SubOrderMessage.SubOrderMessageItemRemarkViewModel>>
7ffcf6eb3808       2        128 System.Func<CommonApiMessage.AggregatesModel.SubOrderMessage.SubOrderMessageItemRemarkViewModel>
7ffcf6eb40a0       2        128 System.Func<CommonApiMessage.AggregatesModel.SubOrderMessage.SubOrderMessageItemAmountViewModel>
7ffcf6eb5af0       2        128 System.Func<CommonApiMessage.AggregatesModel.SubOrderMessage.SubOrderMessageItemAmountDetailViewModel>
7ffcf6eb76b8       2        128 System.Func<System.Collections.Generic.List<CommonApiMessage.AggregatesModel.SubOrderMessage.SubOrderMessageItemTaxViewModel>>
7ffcf6eb8090       2        128 System.Func<CommonApiMessage.AggregatesModel.SubOrderMessage.SubOrderMessageItemTaxViewModel>
7ffcf6eba6b8       2        128 System.Func<System.Collections.Generic.List<CommonApiMessage.AggregatesModel.SubOrderMessage.SubOrderMessageItemPaymentViewModel>>
7ffcf6ebb090       2        128 System.Func<CommonApiMessage.AggregatesModel.SubOrderMessage.SubOrderMessageItemPaymentViewModel>
7ffcf6ebbaa0       2        128 System.Func<System.Collections.Generic.List<CommonApiMessage.AggregatesModel.SubOrderMessage.SubOrderMessageItemSubBarcodeViewModel>>
7ffcf6ebc478       2        128 System.Func<CommonApiMessage.AggregatesModel.SubOrderMessage.SubOrderMessageItemSubBarcodeViewModel>
7ffcf6ebce88       2        128 System.Func<System.Collections.Generic.List<CommonApiMessage.AggregatesModel.SubOrderMessage.SubOrderMessageItemPromotionsViewModel>>
7ffcf6ebd860       2        128 System.Func<CommonApiMessage.AggregatesModel.SubOrderMessage.SubOrderMessageItemPromotionsViewModel>
7ffcf6ebe270       2        128 System.Func<System.Collections.Generic.List<CommonApiMessage.AggregatesModel.OrderMessage.OrderMessagePaymentViewModel>>
7ffcf6ebec48       2        128 System.Func<CommonApiMessage.AggregatesModel.OrderMessage.OrderMessagePaymentViewModel>
7ffcf6ec2f10       2        128 System.Func<System.Collections.Generic.List<CommonApiMessage.AggregatesModel.OrderMessage.OrderMessagePaymentTransactionViewModel>>
7ffcf6ec38e8       2        128 System.Func<CommonApiMessage.AggregatesModel.OrderMessage.OrderMessagePaymentTransactionViewModel>
7ffcf6ec42f8       2        128 System.Func<System.Collections.Generic.List<CommonApiMessage.AggregatesModel.OrderMessage.OrderMessageCustomerViewModel>>
7ffcf6ec4cd0       2        128 System.Func<CommonApiMessage.AggregatesModel.OrderMessage.OrderMessageCustomerViewModel>
7ffcf6ec56e0       2        128 System.Func<System.Collections.Generic.List<CommonApiMessage.AggregatesModel.OrderMessage.OrderMessageItemViewModel>>
7ffcf6ec60b8       2        128 System.Func<CommonApiMessage.AggregatesModel.OrderMessage.OrderMessageItemViewModel>
7ffcf6ed71d0       2        128 System.Func<CommonApiMessage.AggregatesModel.OrderMessage.OrderMessageItemFulFillmentViewModel>
7ffcf6edbb68       2        128 System.Func<System.Collections.Generic.List<CommonApiMessage.AggregatesModel.OrderMessage.OrderMessageItemDeliveryWindowViewModel>>
7ffcf6edc540       2        128 System.Func<CommonApiMessage.AggregatesModel.OrderMessage.OrderMessageItemDeliveryWindowViewModel>
7ffcf6edcf50       2        128 System.Func<System.Collections.Generic.List<CommonApiMessage.AggregatesModel.OrderMessage.OrderMessageItemFulFillmentServiceTypeViewModel>>
7ffcf6edd928       2        128 System.Func<CommonApiMessage.AggregatesModel.OrderMessage.OrderMessageItemFulFillmentServiceTypeViewModel>
7ffcf6ede338       2        128 System.Func<System.Collections.Generic.List<CommonApiMessage.AggregatesModel.OrderMessage.OrderMessageItemRemarkViewModel>>
7ffcf6eded10       2        128 System.Func<CommonApiMessage.AggregatesModel.OrderMessage.OrderMessageItemRemarkViewModel>
7ffcf6edf5a8       2        128 System.Func<CommonApiMessage.AggregatesModel.OrderMessage.OrderMessageItemAmountViewModel>
7ffcf6ee2c98       2        128 System.Func<CommonApiMessage.AggregatesModel.OrderMessage.OrderMessageItemAmountDetailViewModel>
7ffcf6ee4860       2        128 System.Func<System.Collections.Generic.List<CommonApiMessage.AggregatesModel.OrderMessage.OrderMessageItemTaxViewModel>>
7ffcf6ee5238       2        128 System.Func<CommonApiMessage.AggregatesModel.OrderMessage.OrderMessageItemTaxViewModel>
7ffcf6ee5c48       2        128 System.Func<System.Collections.Generic.List<CommonApiMessage.AggregatesModel.OrderMessage.OrderMessageItemPaymentViewModel>>
7ffcf6ee6620       2        128 System.Func<CommonApiMessage.AggregatesModel.OrderMessage.OrderMessageItemPaymentViewModel>
7ffcf6ee7030       2        128 System.Func<System.Collections.Generic.List<CommonApiMessage.AggregatesModel.OrderMessage.OrderMessageSubBarcodeViewModel>>
7ffcf6ee9620       2        128 System.Func<CommonApiMessage.AggregatesModel.OrderMessage.OrderMessageSubBarcodeViewModel>
7ffcf6ee9eb8       2        128 System.Func<CommonApiMessage.AggregatesModel.OrderMessage.OrderMessageItemPromotionViewModel>
7ffcf6eea8c8       2        128 System.Func<System.Collections.Generic.List<CommonApiMessage.AggregatesModel.OrderMessage.OrderMessageItemPromotionsViewModel>>
7ffcf6eeb2a0       2        128 System.Func<CommonApiMessage.AggregatesModel.OrderMessage.OrderMessageItemPromotionsViewModel>
7ffcf6eebcb0       2        128 System.Func<System.Collections.Generic.List<CommonApiMessage.AggregatesModel.OrderMessage.OrderMessagePromotionViewModel>>
7ffcf6eec688       2        128 System.Func<CommonApiMessage.AggregatesModel.OrderMessage.OrderMessagePromotionViewModel>
7ffcf6eefcf0       2        128 System.Func<CommonApiMessage.AggregatesModel.OrderMessage.OrderMessagePromotionAmountViewModel>
7ffcf6ef0710       2        128 System.Func<System.Collections.Generic.List<CommonApiMessage.AggregatesModel.SubOrderMessage.SubOrderMessagePromotionViewModel>>
7ffcf6ef10e8       2        128 System.Func<CommonApiMessage.AggregatesModel.SubOrderMessage.SubOrderMessagePromotionViewModel>
7ffcf6ef2b38       2        128 System.Func<CommonApiMessage.AggregatesModel.SubOrderMessage.SubOrderMessagePromotionAmountViewModel>
7ffcf6ef5160       2        128 System.Func<System.Collections.Generic.List<CommonApiMessage.AggregatesModel.SubOrderMessage.SubOrderMessageFeeViewModel>>
7ffcf6ef5b38       2        128 System.Func<CommonApiMessage.AggregatesModel.SubOrderMessage.SubOrderMessageFeeViewModel>
7ffcf6ef8740       2        128 System.Func<CommonApiMessage.AggregatesModel.SubOrderMessage.SubOrderMessageFeeAmountViewModel>
7ffcf6efbda8       2        128 System.Func<CommonApiMessage.AggregatesModel.SubOrderMessage.SubOrderMessageFeeAmountDtlViewModel>
7ffcf6efdfa8       2        128 System.Func<System.Collections.Generic.ICollection<CommonApiMessage.AggregatesModel.SubOrderMessage.SubOrderMessageFeeTaxViewModel>>
7ffcf6efe980       2        128 System.Func<CommonApiMessage.AggregatesModel.SubOrderMessage.SubOrderMessageFeeTaxViewModel>
7ffcf6eff450       2        128 System.Func<System.Collections.Generic.ICollection<CommonApiMessage.AggregatesModel.SubOrderMessage.SubOrderMessageFeePaymentViewModel>>
7ffcf6effe28       2        128 System.Func<CommonApiMessage.AggregatesModel.SubOrderMessage.SubOrderMessageFeePaymentViewModel>
7ffcf6f025c8       2        128 System.Func<System.Collections.Generic.List<CommonApiMessage.AggregatesModel.Package.PackageInfoMessageViewModel>>
7ffcf6f02fa0       2        128 System.Func<CommonApiMessage.AggregatesModel.Package.PackageInfoMessageViewModel>
7ffcf6f039b0       2        128 System.Func<System.Collections.Generic.List<CommonApiMessage.AggregatesModel.OrderMessage.OrderMessageAddressViewModel>>
7ffcf6f04388       2        128 System.Func<CommonApiMessage.AggregatesModel.OrderMessage.OrderMessageAddressViewModel>
7ffcf6f08620       2        128 System.Func<System.Collections.Generic.List<CommonApiMessage.AggregatesModel.Package.PackageTbMessage>>
7ffcf6f08ff8       2        128 System.Func<CommonApiMessage.AggregatesModel.Package.PackageTbMessage>
7ffcf34f8080       2        128 System.Func<System.Runtime.Loader.AssemblyLoadContext, System.Reflection.AssemblyName, System.Reflection.Assembly>
7ffcf360e8f0       2        128 Microsoft.Extensions.FileProviders.PhysicalFileProvider
7ffcf360ef28       2        128 System.Func<Microsoft.Extensions.FileProviders.Physical.PhysicalFilesWatcher>
7ffcf3680b50       4        128 System.Collections.Generic.List<Microsoft.Extensions.Configuration.IConfigurationProvider>
7ffcf3683dc8       2        128 System.Func<System.Char, System.Boolean>
7ffcf368c6a0       2        128 System.IO.RenamedEventHandler
7ffcf368c3b0       2        128 System.IO.ErrorEventHandler
7ffcf368f480       2        128 System.Func<System.Threading.Timer>
7ffcf369b140       2        128 System.IO.FileSystemWatcher+AsyncReadState
7ffcf3748c60       2        128 System.Func<Microsoft.Extensions.DependencyModel.DependencyContextJsonReader+RuntimeTargetEntryStub, System.Boolean>
7ffcf3748dd0       2        128 System.Func<Microsoft.Extensions.DependencyModel.DependencyContextJsonReader+RuntimeTargetEntryStub, Microsoft.Extensions.DependencyModel.RuntimeFile>
7ffcf3749080       2        128 System.Func<Microsoft.Extensions.DependencyModel.RuntimeFile, System.Boolean>
7ffcf377d3d8       2        128 System.Func<Microsoft.Extensions.Configuration.IConfigurationSection, System.String>
7ffcf3854540       2        128 System.Func<Microsoft.Extensions.Configuration.IConfigurationSection, System.Boolean>
7ffcf3999f78       2        128 System.Threading.ParameterizedThreadStart
7ffcf399cd10       2        128 System.Collections.Concurrent.BlockingCollection<Serilog.Events.LogEvent>+<GetConsumingEnumerable>d__68
7ffcf399cec0       2        128 System.Threading.CancellationTokenSource+Linked1CancellationTokenSource
7ffcf3a21b68       2        128 System.Func<Serilog.Sinks.File.RollingLogFile, System.Nullable<System.Int32>>
7ffcf3a2c490       2        128 System.Text.RegularExpressions.CompiledRegexRunner+ScanDelegate
7ffcf39afa58       4        128 Serilog.Sinks.SystemConsole.Formatting.ThemedDisplayValueFormatter
7ffcf39c26e8       4        128 Serilog.Capturing.PropertyValueConverter+DepthLimiter
7ffcf36b27b8       2        128 System.IO.Strategies.SyncWindowsFileStreamStrategy
7ffcf3a53838       2        128 System.Func<System.IServiceProvider>
7ffcf3a63c28       2        128 System.Action<Microsoft.Extensions.Logging.LoggerFilterOptions>
7ffcf3ab67b8       2        128 System.Action<Microsoft.Extensions.Hosting.HostBuilderContext, Microsoft.Extensions.Configuration.IConfigurationBuilder>
7ffcf3bb56c0       2        128 System.Action<Microsoft.AspNetCore.Hosting.GenericWebHostServiceOptions>
7ffcf3bb5890       2        128 System.Func<System.IServiceProvider, System.Diagnostics.DiagnosticSource>
7ffcf3bb7cd8       2        128 System.Func<System.IServiceProvider, Microsoft.AspNetCore.Mvc.ApiExplorer.IApiDescriptionGroupCollectionProvider>
7ffcf3bbfc20       2        128 System.Action<Microsoft.AspNetCore.HostFiltering.HostFilteringOptions>
7ffcf3c54a18       2        128 System.Func<System.Reflection.Assembly, System.String>
7ffcf3c20918       2        128 System.Action<Microsoft.AspNetCore.Mvc.JsonOptions>
7ffcf3d52750       2        128 System.Func<System.Reflection.Assembly, System.Boolean>
7ffcf3e62748       2        128 System.Action<Microsoft.AspNetCore.Mvc.MvcOptions>
7ffcf385d200       2        128 System.Func<System.Reflection.Assembly, System.Collections.Generic.IEnumerable<System.Reflection.TypeInfo>>
7ffcf385fc60       2        128 System.Func<System.Reflection.TypeInfo, System.Boolean>
7ffcf408ac80       2        128 System.Func<Microsoft.Extensions.DependencyInjection.ServiceDescriptor, System.Type>
7ffcf408aeb0       2        128 System.Func<System.Type, System.Collections.Generic.IEnumerable<System.Type>>
7ffcf3607a00       2        128 System.Action<Autofac.ContainerBuilder>
7ffcf41f3578       2        128 System.Func<System.IServiceProvider, Microsoft.Extensions.Logging.ILoggerFactory>
7ffcf4228770       2        128 System.Func<System.Type, System.Reflection.ConstructorInfo[]>
7ffcf3ab9bd0       1        128 Microsoft.AspNetCore.Server.Kestrel.Core.KestrelServerOptions
7ffcf45826a8       2        128 Microsoft.Net.Http.Headers.GenericHeaderParser<Microsoft.Net.Http.Headers.MediaTypeHeaderValue>+GetParsedValueLengthDelegate
7ffcf4383790       2        128 System.Func<System.Type, Microsoft.Extensions.Internal.PropertyActivator<Microsoft.AspNetCore.Mvc.ControllerContext>[]>
7ffcf4602d28       2        128 System.Func<Microsoft.AspNetCore.Mvc.RazorPages.PageContext, Microsoft.AspNetCore.Mvc.Rendering.ViewContext, System.Object, System.Threading.Tasks.ValueTask>
7ffcf46068f8       2        128 System.Func<Microsoft.AspNetCore.Mvc.RazorPages.PageContext, System.Object, System.Threading.Tasks.ValueTask>
7ffcf3f0de88       1        128 Microsoft.AspNetCore.DataProtection.KeyManagement.XmlKeyManager
7ffcf46527d8       2        128 System.Action<Microsoft.Extensions.Logging.ILogger, System.Guid, System.DateTimeOffset, System.Exception>
7ffcf5858f70       2        128 System.Action<AutoMapper.IMemberConfigurationExpression<Order.Business.Model.Request.Order.OrderFeeViewModel, Order.Infrastructure.Entities.SubOrderModels.SubOrderFeeModel, System.Int32>>
7ffcf5859388       2        128 System.Action<AutoMapper.IMemberConfigurationExpression<Order.Business.Model.Request.Order.OrderFeeViewModel, Order.Infrastructure.Entities.SubOrderModels.SubOrderFeeModel, System.Decimal>>
7ffcf58597a0       2        128 System.Action<AutoMapper.IMemberConfigurationExpression<Order.Business.Model.Request.Order.OrderFeeViewModel, Order.Infrastructure.Entities.SubOrderModels.SubOrderFeeModel, Order.Infrastructure.Entities.SubOrderModels.SubOrderFeeAmountModel>>
7ffcf5859c48       2        128 System.Action<AutoMapper.IMemberConfigurationExpression<Order.Business.Model.Request.Order.OrderFeeViewModel, Order.Infrastructure.Entities.SubOrderModels.SubOrderFeeModel, System.Collections.Generic.ICollection<Order.Infrastructure.Entities.SubOrderModels.SubOrderFeePaymentModel>>>
7ffcf5859f78       2        128 System.Action<AutoMapper.IMemberConfigurationExpression<Order.Business.Mediator.Commands.OrderFront.CreateOrderItemFrontManualViewModel, Order.Infrastructure.Entities.SubOrderModels.SubOrderItemModel, System.Int32>>
7ffcf58b0860       2        128 System.Action<AutoMapper.IMemberConfigurationExpression<Order.Business.Mediator.Commands.OrderFront.CreateOrderFrontViewModel, Order.Infrastructure.Entities.OrderModels.OrderModel, System.DateTime>>
7ffcf5852c40       2        128 System.Action<AutoMapper.IMemberConfigurationExpression<Order.Business.Model.Request.Order.OrderFeeViewModel, Order.Infrastructure.Entities.OrderModels.OrderFeeModel, System.Int32>>
7ffcf5853790       2        128 System.Action<AutoMapper.IMemberConfigurationExpression<Order.Business.Model.Request.Order.OrderFeeViewModel, Order.Infrastructure.Entities.OrderModels.OrderFeeModel, System.Decimal>>
7ffcf5853c38       2        128 System.Action<AutoMapper.IMemberConfigurationExpression<Order.Business.Model.Request.Order.OrderFeeViewModel, Order.Infrastructure.Entities.OrderModels.OrderFeeModel, Order.Infrastructure.Entities.OrderModels.OrderFeeAmountModel>>
7ffcf58540e0       2        128 System.Action<AutoMapper.IMemberConfigurationExpression<Order.Business.Model.Request.Order.OrderFeeViewModel, Order.Infrastructure.Entities.OrderModels.OrderFeeModel, System.Collections.Generic.ICollection<Order.Infrastructure.Entities.OrderModels.OrderFeePaymentModel>>>
7ffcf58b2150       2        128 System.Action<AutoMapper.IMemberConfigurationExpression<Order.Business.Mediator.Commands.OrderFront.CreateOrderItemFrontViewModel, Order.Infrastructure.Entities.OrderModels.OrderItemModel, System.Int32>>
7ffcf58b4640       2        128 System.Action<AutoMapper.IMemberConfigurationExpression<Order.Business.Mediator.Commands.OrderFront.CreateOrderFrontViewModel, Order.Infrastructure.Entities.SubOrderModels.SubOrderModel, System.DateTime>>
7ffcf58b5450       2        128 System.Action<AutoMapper.IMemberConfigurationExpression<Order.Business.Mediator.Commands.OrderFront.CreateOrderItemFrontViewModel, Order.Infrastructure.Entities.SubOrderModels.SubOrderItemModel, System.Int32>>
7ffcf58ca4a8       2        128 System.Action<AutoMapper.Configuration.IPathConfigurationExpression<Order.Infrastructure.Entities.OrderModels.OrderModel, Order.Domain.AggregatesModel.FrontAPI.Order.OrderDetailFrontView, System.DateTime>>
7ffcf58e6848       2        128 System.Action<AutoMapper.IMemberConfigurationExpression<Order.Business.Mediator.Commands.OrderFront.UpdateOrderItemFront, Order.Infrastructure.Entities.OrderModels.OrderItemModel, System.Decimal>>
7ffcf58e74d0       2        128 System.Action<AutoMapper.IMemberConfigurationExpression<Order.Business.Mediator.Commands.OrderFront.UpdateOrderItemAmountDetailViewModel, Order.Infrastructure.Entities.OrderModels.OrderItemAmountDtlModel, System.Decimal>>
7ffcf58e7b58       2        128 System.Action<AutoMapper.IMemberConfigurationExpression<Order.Business.Mediator.Commands.OrderFront.UpdateOrderItemAmountDetailViewModel, Order.Infrastructure.Entities.OrderModels.OrderItemAmountDtlModel, System.Nullable<System.Decimal>>>
7ffcf58ec1b8       2        128 System.Action<AutoMapper.IMemberConfigurationExpression<Order.Business.Mediator.Commands.OrderFront.UpdateOrderItemAmountDetailViewModel, Order.Business.Mediator.Commands.OrderFront.UpdateSubOrderItemAmountDetailViewModel, System.Decimal>>
7ffcf58ec840       2        128 System.Action<AutoMapper.IMemberConfigurationExpression<Order.Business.Mediator.Commands.OrderFront.UpdateOrderItemAmountDetailViewModel, Order.Business.Mediator.Commands.OrderFront.UpdateSubOrderItemAmountDetailViewModel, System.Nullable<System.Decimal>>>
7ffcf58fff58       2        128 System.Action<AutoMapper.IMemberConfigurationExpression<Order.Business.Mediator.Commands.OrderFront.UpdateSubOrderItemFront, Order.Infrastructure.Entities.SubOrderModels.SubOrderItemModel, System.Decimal>>
7ffcf5910be8       2        128 System.Action<AutoMapper.IMemberConfigurationExpression<Order.Business.Mediator.Commands.OrderFront.UpdateSubOrderItemAmountDetailViewModel, Order.Infrastructure.Entities.SubOrderModels.SubOrderItemAmtDtlModel, System.Decimal>>
7ffcf5911270       2        128 System.Action<AutoMapper.IMemberConfigurationExpression<Order.Business.Mediator.Commands.OrderFront.UpdateSubOrderItemAmountDetailViewModel, Order.Infrastructure.Entities.SubOrderModels.SubOrderItemAmtDtlModel, System.Nullable<System.Decimal>>>
7ffcf5919ec8       2        128 System.Action<AutoMapper.IMemberConfigurationExpression<Order.Infrastructure.Data.Readonlys.CompanyBuMapping.GetCompanyBuMappingByIdViewModelDto, Order.Business.Dtos.ViewModels.CompanyBuMapping.GetCompanyBuMappingByIdViewModel, System.Boolean>>
7ffcf591fe78       2        128 System.Action<AutoMapper.IMemberConfigurationExpression<Order.Infrastructure.Data.Readonlys.CompanyBuMapping.GetCompanyBuMappingViewModelDto, Order.Business.Dtos.ViewModels.CompanyBuMapping.GetCompanyBuMappingViewModel, System.Boolean>>
7ffcf5924cd8       2        128 System.Action<AutoMapper.IMemberConfigurationExpression<Order.Business.Mediator.Queries.CompanyBUMapping.GetCompanyBuMappingsQuery, Order.Infrastructure.Data.Readonlys.CompanyBuMapping.GetCompanyBuMappingsQueryDto, System.Int32>>
7ffcf59a5548       2        128 System.Func<System.Linq.IGrouping<System.String, System.Reflection.PropertyInfo>, System.Reflection.PropertyInfo>
7ffcf59aa2d0       2        128 System.Func<System.Linq.IGrouping<System.Type, System.Type>, System.Type>
7ffcf43cee20       2        128 System.Func<System.Type, Microsoft.Extensions.Internal.PropertyActivator<Microsoft.AspNetCore.Mvc.Rendering.ViewContext>[]>
7ffcf4377828       2        128 System.Action<System.Type[]>
7ffcf44aba48       2        128 System.Action<Microsoft.AspNetCore.Routing.IEndpointRouteBuilder>
7ffcf467ca08       4        128 System.Collections.Generic.List<System.Action<Microsoft.AspNetCore.Builder.EndpointBuilder>>
7ffcf475dda0       2        128 System.Func<CommonApiMessage.AggregatesModel.WebRequest.Abstraction.WebRequestSearch<Order.Domain.AggregatesModel.FrontActionRequest.FrontSubOrderFilter>, System.Int32>
7ffcf475e190       2        128 System.Action<CommonApiMessage.AggregatesModel.WebRequest.Abstraction.WebRequestSearch<Order.Domain.AggregatesModel.FrontActionRequest.FrontSubOrderFilter>, System.Int32>
7ffcf6155208       2        128 System.Func<System.Object, System.Collections.Concurrent.ConcurrentDictionary<System.String, Microsoft.EntityFrameworkCore.Infrastructure.Annotation>>
7ffcf475f770       2        128 System.Func<System.Collections.Generic.List<Order.API.Applictions.IntegrationEvents.EventHandling.MMS.MMSFilter>, System.Int32>
7ffcf475fa90       2        128 System.Func<Order.Domain.AggregatesModel.SubOrder.SubOrderFilterViewModel, System.String>
7ffcf475fc20       2        128 System.Action<Order.Domain.AggregatesModel.SubOrder.SubOrderFilterViewModel, System.String>
7ffcf4784418       2        128 System.Func<Order.Business.Mediator.Queries.OrderInquiry.GetOrderInquiryListQuery, System.Int32>
7ffcf47845a8       2        128 System.Action<Order.Business.Mediator.Queries.OrderInquiry.GetOrderInquiryListQuery, System.Int32>
7ffcf4786cc0       2        128 System.Func<Order.Business.Mediator.Commands.OrderReturn.CreateOrderReturnCommand, System.Nullable<System.DateTime>>
7ffcf4786e50       2        128 System.Action<Order.Business.Mediator.Commands.OrderReturn.CreateOrderReturnCommand, System.Nullable<System.DateTime>>
7ffcf47879f8       2        128 System.Func<Order.Business.Mediator.Queries.OrderReturn.OrderReturnTrackingListQuery, System.Int32>
7ffcf4787b88       2        128 System.Action<Order.Business.Mediator.Queries.OrderReturn.OrderReturnTrackingListQuery, System.Int32>
7ffcf47885e8       2        128 System.Func<Order.API.Applictions.IntegrationEvents.Events.OrderPos.PosUpdateOrderEvent, System.String>
7ffcf4788778       2        128 System.Action<Order.API.Applictions.IntegrationEvents.Events.OrderPos.PosUpdateOrderEvent, System.String>
7ffcf4789480       2        128 System.Func<System.Collections.Generic.List<StandardMessage.AggregateModels.OrderStatusUpdateViewModel>, System.Int32>
7ffcf47be5d0       2        128 Polly.ExceptionPredicate
7ffcf484e928       1        128 System.Net.Security.SslAuthenticationOptions
7ffcf3594fa8       1        128 System.ObjectDisposedException
7ffcf480f290       2        128 System.IO.BufferedStream
7ffcf491bd40       2        128 EventBus.Kafka.EventBusKafkaReaderSetting
7ffcf495b9c0       2        128 System.Func<System.IntPtr, System.String, System.String, System.Text.StringBuilder, System.UIntPtr, Confluent.Kafka.Impl.ConfRes>
7ffcf495ccf8       2        128 System.Func<System.IntPtr, System.String, Confluent.Kafka.ErrorCode>
7ffcf495d118       2        128 Confluent.Kafka.Impl.Librdkafka+ConfGet
7ffcf495d290       2        128 Confluent.Kafka.Impl.Librdkafka+ConfDump
7ffcf495dc78       2        128 System.Func<System.IntPtr, System.Int32>
7ffcf495ea98       2        128 System.Func<System.IntPtr, System.Int64>
7ffcf4972120       2        128 System.Func<System.IntPtr, System.Int32, System.Int32[], System.UIntPtr, System.Text.StringBuilder, System.UIntPtr, Confluent.Kafka.ErrorCode>
7ffcf4972b38       2        128 System.Func<System.String, System.IntPtr>
7ffcf494e258       2        128 Confluent.Kafka.Impl.Librdkafka+ErrorDelegate
7ffcf494e3d0       2        128 Confluent.Kafka.Impl.Librdkafka+LogDelegate
7ffcf494e548       2        128 Confluent.Kafka.Impl.Librdkafka+StatsDelegate
7ffcf494e6c0       2        128 Confluent.Kafka.Impl.Librdkafka+OAuthBearerTokenRefreshDelegate
7ffcf3531f80       2        128 System.Action<System.Runtime.InteropServices.PosixSignalContext>
7ffcf42f0408       2        128 System.Action<Microsoft.Extensions.Diagnostics.Metrics.MetricsOptions, System.String>
7ffcf4a4e628       1        128 System.Xml.XmlTextReaderImpl+NodeData
7ffcf4b3f628       2        128 System.Net.Sockets.AcceptExDelegate
7ffcf4ab5178       4        128 Microsoft.AspNetCore.Builder.Extensions.MapMiddleware
7ffcf4b07a98       2        128 System.Func<Microsoft.AspNetCore.Diagnostics.ErrorContext, System.Threading.Tasks.Task>
7ffcf64b4350       2        128 System.Func<Microsoft.EntityFrameworkCore.Metadata.IEntityType, System.Collections.Generic.IEnumerable<Microsoft.EntityFrameworkCore.Metadata.INavigation>>
7ffcf64b48e8       2        128 System.Func<Microsoft.EntityFrameworkCore.Metadata.RuntimeProperty, Microsoft.EntityFrameworkCore.ChangeTracking.ValueComparer>
7ffcf646afc0       2        128 System.Func<Microsoft.EntityFrameworkCore.Metadata.ITableMappingBase, System.Boolean>
7ffcf64bf338       2        128 System.Collections.Generic.HashSet<System.Linq.Expressions.ExpressionType>
7ffcf64cd420       2        128 System.Func<Microsoft.EntityFrameworkCore.Query.SqlExpressions.SqlExpression, System.Boolean>
7ffcf64fdb90       2        128 System.Func<Microsoft.EntityFrameworkCore.Query.SqlExpressions.ColumnExpression, System.ValueTuple<Microsoft.EntityFrameworkCore.Query.SqlExpressions.ColumnExpression, Microsoft.EntityFrameworkCore.ChangeTracking.ValueComparer>, System.ValueTuple<Microsoft.EntityFrameworkCore.Query.SqlExpressions.ColumnExpression, Microsoft.EntityFrameworkCore.ChangeTracking.ValueComparer>>
7ffcf6825218       2        128 System.Configuration.SectionInput
7ffcf6869f08       2        128 Microsoft.Data.SqlClient.SqlNoneIntervalEnumerator
7ffcf688d3b0       2        128 Interop.Windows.Sni.SqlAsyncCallbackDelegate
7ffcf68db860       2        128 System.Func<Microsoft.Extensions.Logging.LogLevel, System.Action<Microsoft.Extensions.Logging.ILogger, System.String, System.Int32, System.Exception>>
7ffcf68db760       2        128 System.Action<Microsoft.Extensions.Logging.ILogger, System.String, System.Int32, System.Exception>
7ffcf619bfc0       2        128 System.Func<Microsoft.EntityFrameworkCore.Metadata.IPropertyBase, System.Boolean>
7ffcf619c1f8       2        128 System.Func<Microsoft.EntityFrameworkCore.Metadata.ParameterBinding, System.Collections.Generic.IEnumerable<Microsoft.EntityFrameworkCore.Metadata.IPropertyBase>>
7ffcf6944a10       2        128 System.Func<Microsoft.EntityFrameworkCore.Query.QueryContext, System.Collections.Generic.IEnumerable<Order.Infrastructure.Entities.OrderReference.OrderReferenceModel>>
7ffcf650aaf8       2        128 System.Func<System.ValueTuple<Microsoft.EntityFrameworkCore.Query.SqlExpressions.ColumnExpression, Microsoft.EntityFrameworkCore.ChangeTracking.ValueComparer>, System.ValueTuple<Microsoft.EntityFrameworkCore.Query.SqlExpressions.ColumnExpression, Microsoft.EntityFrameworkCore.ChangeTracking.ValueComparer>>
7ffcf6a022e0       2        128 System.Func<System.ValueTuple<Microsoft.EntityFrameworkCore.Query.SqlExpressions.TableExpressionBase, Microsoft.EntityFrameworkCore.Query.SqlExpressions.TableExpressionBase>, Microsoft.EntityFrameworkCore.Query.Internal.TpcTablesExpression>
7ffcf6a1f238       2        128 System.Action<Order.Infrastructure.Entities.SubOrderModels.SubOrderModel, System.Collections.Generic.ICollection<Order.Infrastructure.Entities.SubOrderModels.SubOrderAddressModel>>
7ffcf6a35cd0       2        128 System.Action<Order.Infrastructure.Entities.SubOrderModels.SubOrderItemAmtDtlModel, System.Collections.Generic.ICollection<Order.Infrastructure.Entities.SubOrderModels.SubOrderItemTaxModel>>
7ffcf6a36b30       2        128 System.Func<System.Collections.Generic.ICollection<Order.Infrastructure.Entities.SubOrderModels.SubOrderItemTaxModel>>
7ffcf6a398e8       2        128 System.Action<Order.Infrastructure.Entities.SubOrderModels.SubOrderItemFulFillmentModel, System.Collections.Generic.List<Order.Infrastructure.Entities.SubOrderModels.SubOrderItemDeliveryWindowModel>>
7ffcf6a3c950       2        128 System.Action<Order.Infrastructure.Entities.SubOrderModels.SubOrderItemModel, System.Collections.Generic.ICollection<Order.Infrastructure.Entities.SubOrderModels.SubOrderItemPromotionsModel>>
7ffcf6a3ecd8       2        128 System.Action<Order.Infrastructure.Entities.SubOrderModels.SubOrderItemPayModel, System.Collections.Generic.ICollection<Order.Infrastructure.Entities.SubOrderModels.SubOrderItemTaxModel>>
7ffcf6a411b8       2        128 System.Action<Order.Infrastructure.Entities.SubOrderModels.SubOrderItemModel, System.Collections.Generic.ICollection<Order.Infrastructure.Entities.SubOrderModels.SubOrderItemPayModel>>
7ffcf6a43910       2        128 System.Action<Order.Infrastructure.Entities.SubOrderModels.SubOrderItemModel, System.Collections.Generic.ICollection<Order.Infrastructure.Entities.SubOrderModels.SubOrderItemRemarkModel>>
7ffcf6a46068       2        128 System.Action<Order.Infrastructure.Entities.SubOrderModels.SubOrderItemModel, System.Collections.Generic.ICollection<Order.Infrastructure.Entities.SubOrderModels.SubOrderItemBarcodeModel>>
7ffcf6a487c0       2        128 System.Action<Order.Infrastructure.Entities.SubOrderModels.SubOrderModel, System.Collections.Generic.ICollection<Order.Infrastructure.Entities.SubOrderModels.SubOrderItemModel>>
7ffcf6a4ae88       2        128 System.Action<Order.Infrastructure.Entities.SubOrderModels.SubOrderModel, System.Collections.Generic.ICollection<Order.Infrastructure.Entities.SubOrderModels.SubOrderRemarkModel>>
7ffcf6a4dac0       2        128 System.Action<Order.Infrastructure.Entities.SubOrderModels.SubOrderModel, System.Collections.Generic.ICollection<Order.Infrastructure.Entities.SubOrderModels.SubOrderPromotionModel>>
7ffcf6ac02a8       2        128 System.Action<Order.Infrastructure.Entities.SubOrderModels.SubOrderFeeAmountDtlModel, System.Collections.Generic.ICollection<Order.Infrastructure.Entities.SubOrderModels.SubOrderFeeTaxModel>>
7ffcf6ac1108       2        128 System.Func<System.Collections.Generic.ICollection<Order.Infrastructure.Entities.SubOrderModels.SubOrderFeeTaxModel>>
7ffcf6ac2ff0       2        128 System.Action<Order.Infrastructure.Entities.SubOrderModels.SubOrderFeePaymentModel, System.Collections.Generic.ICollection<Order.Infrastructure.Entities.SubOrderModels.SubOrderFeeTaxModel>>
7ffcf6ac4b00       2        128 System.Action<Order.Infrastructure.Entities.SubOrderModels.SubOrderFeeModel, System.Collections.Generic.ICollection<Order.Infrastructure.Entities.SubOrderModels.SubOrderFeePaymentModel>>
7ffcf6ac7258       2        128 System.Action<Order.Infrastructure.Entities.SubOrderModels.SubOrderModel, System.Collections.Generic.ICollection<Order.Infrastructure.Entities.SubOrderModels.SubOrderFeeModel>>
7ffcf4b17c48       2        128 System.Action<Microsoft.AspNetCore.HostFiltering.HostFilteringOptions, System.String>
7ffcf4b329c8       2        128 System.Func<Microsoft.AspNetCore.Connections.ConnectionDelegate, Microsoft.AspNetCore.Connections.ConnectionDelegate>
7ffcf4b381e8       2        128 Microsoft.AspNetCore.Server.Kestrel.Transport.Sockets.SocketConnectionFactoryOptions
7ffcf4b36858       2        128 System.Func<Microsoft.AspNetCore.Connections.ConnectionContext, System.Threading.Tasks.Task>
7ffcf4b4e7c8       2        128 System.Action<Microsoft.Extensions.Logging.ILogger, System.String, System.String, System.String, System.Exception>
7ffcf4b72e60       2        128 System.Func<Order.Business.Mediator.Queries.SysChannel.GetSysChannelQuery, System.Int32>
7ffcf4b72ff0       2        128 System.Action<Order.Business.Mediator.Queries.SysChannel.GetSysChannelQuery, System.Int32>
7ffcf4b75ca0       2        128 System.Func<Order.Business.Mediator.Queries.SysChannel.GetConfigChannelUploadMappingQuery, System.Int32>
7ffcf4b75e30       2        128 System.Action<Order.Business.Mediator.Queries.SysChannel.GetConfigChannelUploadMappingQuery, System.Int32>
7ffcf4b76680       2        128 System.Func<Order.Business.Mediator.Queries.SysDeliverySubType.GetSysDeliverySubTypeQuery, System.Int32>
7ffcf4b76810       2        128 System.Action<Order.Business.Mediator.Queries.SysDeliverySubType.GetSysDeliverySubTypeQuery, System.Int32>
7ffcf4b776a0       2        128 System.Func<Order.Business.Mediator.Queries.SysDeliveryType.GetSysDeliveryTypeQuery, System.Int32>
7ffcf4b77830       2        128 System.Action<Order.Business.Mediator.Queries.SysDeliveryType.GetSysDeliveryTypeQuery, System.Int32>
7ffcf4b786c0       2        128 System.Func<Order.Business.Mediator.Queries.SysFulfillmentType.GetSysFulfillmentTypesQuery, System.Int32>
7ffcf4b78850       2        128 System.Action<Order.Business.Mediator.Queries.SysFulfillmentType.GetSysFulfillmentTypesQuery, System.Int32>
7ffcf4b796e0       2        128 System.Func<Order.Business.Mediator.Queries.SysOrderFulfillmentType.GetSysOrderFulfillmentTypesQuery, System.Int32>
7ffcf4b79870       2        128 System.Action<Order.Business.Mediator.Queries.SysOrderFulfillmentType.GetSysOrderFulfillmentTypesQuery, System.Int32>
7ffcf4b7a740       2        128 System.Func<Order.Business.Mediator.Queries.SysOrderType.GetSysOrderTypeQuery, System.Int32>
7ffcf4b7a8d0       2        128 System.Action<Order.Business.Mediator.Queries.SysOrderType.GetSysOrderTypeQuery, System.Int32>
7ffcf4b7b760       2        128 System.Func<Order.Business.Mediator.Queries.SysRunningNumber.GetSysRunningNumberQuery, System.Int32>
7ffcf4b7b8f0       2        128 System.Action<Order.Business.Mediator.Queries.SysRunningNumber.GetSysRunningNumberQuery, System.Int32>
7ffcf4b7d420       2        128 System.Func<Order.Business.Mediator.Queries.SysStatus.GetSysStatusQuery, System.Int32>
7ffcf4b7d5b0       2        128 System.Action<Order.Business.Mediator.Queries.SysStatus.GetSysStatusQuery, System.Int32>
7ffcf4cbfe40       2        128 System.Comparison<System.Text.RegularExpressions.RegexFindOptimizations+FixedDistanceSet>
7ffcf4d459b8       2        128 System.Action<Microsoft.OpenApi.Writers.IOpenApiWriter, Microsoft.OpenApi.Models.OpenApiTag>
7ffcf4d4a688       2        128 System.Action<Microsoft.OpenApi.Writers.IOpenApiWriter, Microsoft.OpenApi.Models.OpenApiParameter>
7ffcf4dd1408       2        128 System.Action<Microsoft.OpenApi.Writers.IOpenApiWriter, Microsoft.OpenApi.Models.OpenApiExample>
7ffcf4d45840       2        128 System.Action<Microsoft.OpenApi.Writers.IOpenApiWriter, Microsoft.OpenApi.Models.OpenApiSecurityRequirement>
7ffcf4df1d08       2        128 System.Net.Sockets.GetAcceptExSockaddrsDelegate
7ffcf36ffe80       2        128 System.Threading.SendOrPostCallback
7ffcf4e5d550       2        128 System.Func<Microsoft.AspNetCore.Http.Features.IFeatureCollection, Microsoft.AspNetCore.Http.Features.IHttpRequestFeature>
7ffcf4e69a90       2        128 System.Func<Microsoft.AspNetCore.Http.Features.IFeatureCollection, Microsoft.AspNetCore.Http.Features.ISessionFeature>
7ffcf4e6b940       2        128 System.Func<System.Object, System.Exception, System.String>
7ffcf4f61860       2        128 System.Action<Microsoft.Extensions.Logging.ILogger, Microsoft.Extensions.Primitives.StringValues, System.Exception>
7ffcf5236070       2        128 System.Action<System.Object, System.Action>
7ffcf34d9558       1        128 System.ArgumentNullException
7ffcf523e3d8       2        128 System.Func<System.Reflection.PropertyInfo, Microsoft.Extensions.Internal.PropertyActivator<Microsoft.AspNetCore.Mvc.ControllerContext>>
7ffcf432eeb8       2        128 System.Action<Microsoft.AspNetCore.Mvc.ControllerContext, System.Object>
7ffcf52841a8       4        128 Microsoft.AspNetCore.Mvc.ModelBinding.Binders.SimpleTypeModelBinder
7ffcf52876f8       2        128 System.Action<Microsoft.Extensions.Logging.ILogger, System.Type, System.Exception>
7ffcf5287c28       2        128 System.Action<Microsoft.Extensions.Logging.ILogger, System.String, System.Double, System.Exception>
7ffcf528c3a0       2        128 System.Action<Microsoft.Extensions.Logging.ILogger, System.String, System.String, Microsoft.AspNetCore.Mvc.Filters.IFilterMetadata, System.Exception>
7ffcf528d408       2        128 System.Action<Microsoft.Extensions.Logging.ILogger, System.String, System.String[], System.Exception>
7ffcf538b048       2        128 System.Func<System.IServiceProvider, Microsoft.EntityFrameworkCore.SqlServer.Infrastructure.Internal.ISqlServerSingletonOptions>
7ffcf539e518       2        128 System.Func<System.IServiceProvider, Microsoft.EntityFrameworkCore.Storage.IDbContextTransactionManager>
7ffcf5612e50       2        128 System.Func<Microsoft.Extensions.Logging.LogLevel, System.Action<Microsoft.Extensions.Logging.ILogger, System.Exception>>
7ffcf5da2220       4        128 System.Linq.Expressions.Expression1<System.Func<Order.Infrastructure.Entities.Abstractions.BaseStatus, System.Int32>>
7ffcf57c4398       2        128 System.Action<AutoMapper.IMemberConfigurationExpression<Order.Infrastructure.Entities.OrderModels.OrderModel, CommonApiMessage.AggregatesModel.OrderMessage.OrderMessageViewModel, System.String>>
7ffcf5812bf8       2        128 System.Action<AutoMapper.IMemberConfigurationExpression<Order.Infrastructure.Entities.SubOrderModels.SubOrderModel, CommonApiMessage.AggregatesModel.SubOrderMessage.SubOrderMessageViewModel, System.String>>
7ffcf5814058       2        128 System.Action<AutoMapper.IMemberConfigurationExpression<Order.Infrastructure.Entities.SubOrderModels.SubOrderAddressModel, CommonApiMessage.AggregatesModel.SubOrderMessage.SubOrderMessageAddressViewModel, System.String>>
7ffcf58419c0       2        128 System.Action<AutoMapper.IMemberConfigurationExpression<Order.Business.Mediator.Commands.RoleChannelMapping.CreateRoleChannelMappingCommand, Order.Infrastructure.Data.Readonlys.RoleChannelMapping.CreateRoleChannelMappingCommandDto, System.String>>
7ffcf5845190       2        128 System.Action<AutoMapper.IMemberConfigurationExpression<CommonApiMessage.AggregatesModel.SubOrderMessage.SubOrderMessageAddressViewModel, Order.Business.Responses.Order.CustomerByPacking, System.String>>
7ffcf58458a8       2        128 System.Action<AutoMapper.IMemberConfigurationExpression<Order.Domain.AggregatesModel.Order.PackingDetails, Order.Business.Responses.Order.ProductByPacking, System.String>>
7ffcf584ae88       2        128 System.Action<AutoMapper.IMemberConfigurationExpression<CommonApiMessage.AggregatesModel.OrderMessage.OrderMessageAddressViewModel, Order.Business.Responses.Order.Customer, System.String>>
7ffcf584b5a0       2        128 System.Action<AutoMapper.IMemberConfigurationExpression<CommonApiMessage.AggregatesModel.OrderMessage.OrderMessageItemViewModel, Order.Business.Responses.Order.Product, System.String>>
7ffcf5850248       2        128 System.Action<AutoMapper.IMemberConfigurationExpression<Order.Business.Mediator.Commands.OrderFront.CreateOrderFrontManualViewModel, Order.Infrastructure.Entities.OrderModels.OrderModel, System.DateTime>>
7ffcf5854410       2        128 System.Action<AutoMapper.IMemberConfigurationExpression<Order.Business.Mediator.Commands.OrderFront.CreateOrderItemFrontManualViewModel, Order.Infrastructure.Entities.OrderModels.OrderItemModel, System.Int32>>
7ffcf58575e0       2        128 System.Action<AutoMapper.IMemberConfigurationExpression<Order.Business.Mediator.Commands.OrderFront.CreateOrderFrontManualViewModel, Order.Infrastructure.Entities.SubOrderModels.SubOrderModel, System.DateTime>>
7ffcf5a5ec58       2        128 Microsoft.AspNetCore.Http.QueryCollection+Enumerator
7ffcf5ac63e8       2        128 System.Func<System.Type, System.Reflection.MemberInfo, System.Linq.Expressions.LambdaExpression, System.String>
7ffcf5ac74a8       2        128 System.Func<System.Collections.Generic.IEnumerable<System.String>, FluentValidation.Internal.IValidatorSelector>
7ffcf5b2b3a0       4        128 System.Linq.Expressions.Expression1<System.Func<System.Byte[], System.Int32>>
7ffcf5b2b688       4        128 System.Linq.Expressions.Expression1<System.Func<System.Byte[], System.Byte[]>>
7ffcf5c7b278       4        128 System.Collections.Generic.List<Microsoft.EntityFrameworkCore.Metadata.IConventionEntityType>
7ffcf5d18c60       2        128 System.Func<Microsoft.EntityFrameworkCore.Metadata.Internal.Navigation, Microsoft.EntityFrameworkCore.Metadata.Internal.InternalForeignKeyBuilder>
7ffcf5d19c58       2        128 System.Func<Microsoft.EntityFrameworkCore.Metadata.Internal.Property, System.Type>
7ffcf5cbeea0       2        128 System.Func<Microsoft.EntityFrameworkCore.Metadata.Internal.Property, System.String>
7ffcf5d1f1a0       2        128 System.Func<Microsoft.EntityFrameworkCore.Metadata.IReadOnlyProperty, System.Type>
7ffcf5cb50f0       2        128 System.Func<Microsoft.EntityFrameworkCore.Metadata.Internal.Property, System.Boolean>
7ffcf5ce12c0       2        128 System.Func<Microsoft.EntityFrameworkCore.Metadata.IReadOnlyNavigation, System.Boolean>
7ffcf5fc9e10       2        128 System.Func<Microsoft.EntityFrameworkCore.Metadata.IConventionEntityType, System.Collections.Generic.IEnumerable<Microsoft.EntityFrameworkCore.Metadata.IConventionIndex>>
7ffcf6019200       2        128 System.Func<Microsoft.EntityFrameworkCore.Metadata.IConventionProperty, System.String>
7ffcf60adcc0       2        128 System.Func<Microsoft.EntityFrameworkCore.Metadata.IConventionForeignKey, Microsoft.EntityFrameworkCore.Metadata.IConventionEntityType>
7ffcf60ae020       2        128 System.Func<Microsoft.EntityFrameworkCore.Metadata.IConventionSkipNavigation, Microsoft.EntityFrameworkCore.Metadata.IConventionEntityType>
7ffcf6156aa8       2        128 System.Func<Microsoft.EntityFrameworkCore.Metadata.IEntityType, System.Collections.Generic.IEnumerable<Microsoft.EntityFrameworkCore.Metadata.IIndex>>
7ffcf6152e40       2        128 System.Func<Microsoft.EntityFrameworkCore.Metadata.IProperty, Microsoft.EntityFrameworkCore.Storage.CoreTypeMapping>
7ffcf6178380       2        128 System.Func<Microsoft.EntityFrameworkCore.Metadata.IForeignKey, System.Boolean>
7ffcf61d5960       4        128 System.Linq.Expressions.Expression1<System.Func<System.DateTime, System.Int32>>
7ffcf61d5bd8       4        128 System.Linq.Expressions.Expression1<System.Func<System.DateTime, System.DateTime>>
7ffcf61de090       4        128 System.Linq.Expressions.Expression1<System.Func<System.Boolean, System.Int32>>
7ffcf5afaca8       2        128 System.Func<<>f__AnonymousType12<System.String, System.String, System.String, System.String, System.String, System.String>, System.String>
7ffcf61f54f0       4        128 System.Linq.Expressions.Expression1<System.Func<System.Guid, System.Int32>>
7ffcf61f5768       4        128 System.Linq.Expressions.Expression1<System.Func<System.Guid, System.Guid>>
7ffcf6f34210       2        128 Microsoft.Net.Http.Headers.GenericHeaderParser<Microsoft.Net.Http.Headers.StringWithQualityHeaderValue>+GetParsedValueLengthDelegate
7ffcf6c3ee98       2        128 System.Func<Microsoft.EntityFrameworkCore.Metadata.RuntimeKey, Microsoft.EntityFrameworkCore.ChangeTracking.IPrincipalKeyValueFactory>
7ffcf6c62b00       2        128 System.Func<Microsoft.EntityFrameworkCore.Metadata.RuntimeTypeBase, Microsoft.EntityFrameworkCore.Metadata.RuntimeProperty[]>
7ffcf6d3f360       2        128 System.Func<Microsoft.EntityFrameworkCore.Query.QueryContext, System.Nullable<System.DateTime>>
7ffcf61f2ea0       2        128 System.Func<System.Nullable<System.Decimal>, System.Nullable<System.Decimal>>
7ffcf6df7b40       2        128 System.Action<Order.Infrastructure.Entities.OrderModels.OrderModel, System.Collections.Generic.ICollection<Order.Infrastructure.Entities.OrderModels.OrderCustomerModel>>
7ffcf6dec860       2        128 System.Func<Microsoft.EntityFrameworkCore.Query.QueryContext, Order.Infrastructure.Entities.OrderModels.OrderModel>
7ffcf6e0be08       2        128 System.Action<Order.Infrastructure.Entities.OrderModels.OrderPaymentModel, System.Collections.Generic.ICollection<Order.Infrastructure.Entities.OrderModels.OrderPaymentTransactionModel>>
7ffcf6e0e560       2        128 System.Action<Order.Infrastructure.Entities.OrderModels.OrderModel, System.Collections.Generic.ICollection<Order.Infrastructure.Entities.OrderModels.OrderPaymentModel>>
7ffcf55fe8b0       2        128 System.Threading.WaitCallback
7ffcf62a54f0       2        128 System.Action<Microsoft.EntityFrameworkCore.Metadata.Conventions.RuntimeModelConvention, System.Collections.Generic.Dictionary<System.String, System.Object>, Microsoft.EntityFrameworkCore.Metadata.INavigation, Microsoft.EntityFrameworkCore.Metadata.RuntimeNavigation, System.Boolean>
7ffcf63cb240       2        128 System.Func<Microsoft.EntityFrameworkCore.Metadata.INavigationBase, System.Boolean>
7ffcf35d5508       1        136 System.Runtime.CompilerServices.AsyncTaskMethodBuilder<System.Byte>+AsyncStateMachineBox<Microsoft.DotNet.HotReload.StreamExtesions+<ReadByteAsync>d__9>
7ffcf35d8ad0       1        136 System.Runtime.CompilerServices.AsyncTaskMethodBuilder<System.Threading.Tasks.VoidTaskResult>+AsyncStateMachineBox<Microsoft.DotNet.HotReload.PipeListener+<ReceiveAndApplyUpdatesAsync>d__9>
7ffcf3a39de8       1        136 System.Collections.Generic.Dictionary<Serilog.Events.LogEventLevel, Serilog.Sinks.SystemConsole.Themes.ConsoleThemeStyle>+Entry[]
7ffcf432c958       3        136 Microsoft.AspNetCore.Mvc.ApplicationModels.IActionModelConvention[]
7ffcf48b2990       1        136 System.Runtime.CompilerServices.PoolingAsyncValueTaskMethodBuilder<System.Int32>+StateMachineBox<System.Net.Security.SslStream+<EnsureFullTlsFrameAsync>d__170<System.Net.AsyncReadWriteAdapter>>
7ffcf491c350       3        136 EventBus.Kafka.EventBusKafkaWriterSetting[]
7ffcf491c410       3        136 EventBus.Kafka.EventBusKafkaReaderSetting[]
7ffcf68d3150       1        136 System.Text.SBCSCodePageEncoding
7ffcf4b33830       3        136 System.Func<Microsoft.AspNetCore.Connections.ConnectionDelegate, Microsoft.AspNetCore.Connections.ConnectionDelegate>[]
7ffcf4d33a40       3        136 System.Boolean[][]
7ffcf5173048       1        144 System.Threading.WindowsThreadPool+WorkingThreadCounter
7ffcf6eb5280       6        144 System.Text.Json.Serialization.Metadata.JsonPropertyInfo<CommonApiMessage.AggregatesModel.SubOrderMessage.SubOrderMessageItemAmountDetailViewModel>+<>c__DisplayClass10_0
7ffcf6ee0810       6        144 System.Text.Json.Serialization.Metadata.JsonPropertyInfo<CommonApiMessage.AggregatesModel.OrderMessage.OrderMessageItemAmountDetailViewModel>+<>c__DisplayClass10_0
7ffcf35976e8       2        144 System.Threading.Tasks.Task<System.Threading.Tasks.VoidTaskResult>
7ffcf35d3b88       1        144 System.Runtime.CompilerServices.AsyncTaskMethodBuilder<System.Int32>+AsyncStateMachineBox<Microsoft.DotNet.HotReload.StreamExtesions+<ReadExactlyAsync>d__16>
7ffcf34ff000       6        144 System.Buffers.SharedArrayPoolPartitions
7ffcf3959998       2        144 Serilog.Sinks.File.PathRoller
7ffcf3997e50       2        144 Serilog.Sinks.Async.BackgroundWorkerSink
7ffcf3999570       2        144 System.Collections.Concurrent.BlockingCollection<Serilog.Events.LogEvent>
7ffcf38087a8       3        144 System.Text.UnicodeEncoding
7ffcf36b1a48       2        144 System.IO.Strategies.BufferedFileStreamStrategy
7ffcf3abbc28       6        144 Microsoft.AspNetCore.Hosting.WebHostBuilderBase+<>c__DisplayClass5_0
7ffcf3c29240       3        144 System.ComponentModel.TypeDescriptor+TypeDescriptionNode
7ffcf444c010       2        144 System.Collections.Generic.Dictionary<System.Int32, System.Boolean>+Entry[]
7ffcf42f8158       6        144 System.Diagnostics.Metrics.InstrumentAdvice<System.Double>
7ffcf42fce10       6        144 System.Collections.ObjectModel.ReadOnlyCollection<System.Double>
7ffcf46548b0       3        144 Microsoft.Extensions.Logging.LoggerMessage+<>c__DisplayClass10_0<System.Xml.Linq.XElement>
7ffcf4655a48       3        144 Microsoft.Extensions.Logging.LoggerMessage+<>c__DisplayClass12_0<Microsoft.Win32.RegistryKey, System.String>
7ffcf5888608       6        144 AutoMapper.Configuration.MemberConfigurationExpression<Order.Business.Model.Request.Order.OrderFeeViewModel, Order.Infrastructure.Entities.SubOrderModels.SubOrderFeeModel, System.Int32>+<>c__DisplayClass24_0
7ffcf5889068       6        144 AutoMapper.Configuration.MemberConfigurationExpression<Order.Business.Model.Request.Order.OrderFeeViewModel, Order.Infrastructure.Entities.SubOrderModels.SubOrderFeeModel, System.Decimal>+<>c__DisplayClass24_0
7ffcf5889d58       6        144 AutoMapper.Configuration.MemberConfigurationExpression<Order.Business.Model.Request.Order.OrderFeeViewModel, Order.Infrastructure.Entities.SubOrderModels.SubOrderFeeModel, Order.Infrastructure.Entities.SubOrderModels.SubOrderFeeAmountModel>+<>c__DisplayClass24_0
7ffcf58b9b08       6        144 AutoMapper.Configuration.MemberConfigurationExpression<Order.Business.Mediator.Commands.OrderFront.CreateOrderFrontViewModel, Order.Infrastructure.Entities.OrderModels.OrderModel, System.DateTime>+<>c__DisplayClass24_0
7ffcf5879b10       6        144 AutoMapper.Configuration.MemberConfigurationExpression<Order.Business.Model.Request.Order.OrderFeeViewModel, Order.Infrastructure.Entities.OrderModels.OrderFeeModel, System.Int32>+<>c__DisplayClass24_0
7ffcf587bf28       6        144 AutoMapper.Configuration.MemberConfigurationExpression<Order.Business.Model.Request.Order.OrderFeeViewModel, Order.Infrastructure.Entities.OrderModels.OrderFeeModel, System.Decimal>+<>c__DisplayClass24_0
7ffcf587cc18       6        144 AutoMapper.Configuration.MemberConfigurationExpression<Order.Business.Model.Request.Order.OrderFeeViewModel, Order.Infrastructure.Entities.OrderModels.OrderFeeModel, Order.Infrastructure.Entities.OrderModels.OrderFeeAmountModel>+<>c__DisplayClass24_0
7ffcf58c4240       6        144 AutoMapper.Configuration.MemberConfigurationExpression<Order.Business.Mediator.Commands.OrderFront.CreateOrderFrontViewModel, Order.Infrastructure.Entities.SubOrderModels.SubOrderModel, System.DateTime>+<>c__DisplayClass24_0
7ffcf58e46c0       6        144 AutoMapper.Configuration.PathConfigurationExpression<Order.Infrastructure.Entities.OrderModels.OrderModel, Order.Domain.AggregatesModel.FrontAPI.Order.OrderDetailFrontView, System.DateTime>+<>c__DisplayClass13_0
7ffcf58f2220       6        144 AutoMapper.Configuration.MemberConfigurationExpression<Order.Business.Mediator.Commands.OrderFront.UpdateOrderItemFront, Order.Infrastructure.Entities.OrderModels.OrderItemModel, System.Decimal>+<>c__DisplayClass24_0
7ffcf58f4890       6        144 AutoMapper.Configuration.MemberConfigurationExpression<Order.Business.Mediator.Commands.OrderFront.UpdateOrderItemAmountDetailViewModel, Order.Infrastructure.Entities.OrderModels.OrderItemAmountDtlModel, System.Decimal>+<>c__DisplayClass24_0
7ffcf58f5580       6        144 AutoMapper.Configuration.MemberConfigurationExpression<Order.Business.Mediator.Commands.OrderFront.UpdateOrderItemAmountDetailViewModel, Order.Infrastructure.Entities.OrderModels.OrderItemAmountDtlModel, System.Nullable<System.Decimal>>+<>c__DisplayClass24_0
7ffcf58fd9e8       6        144 AutoMapper.Configuration.MemberConfigurationExpression<Order.Business.Mediator.Commands.OrderFront.UpdateOrderItemAmountDetailViewModel, Order.Business.Mediator.Commands.OrderFront.UpdateSubOrderItemAmountDetailViewModel, System.Decimal>+<>c__DisplayClass24_0
7ffcf58fe278       6        144 AutoMapper.Configuration.MemberConfigurationExpression<Order.Business.Mediator.Commands.OrderFront.UpdateOrderItemAmountDetailViewModel, Order.Business.Mediator.Commands.OrderFront.UpdateSubOrderItemAmountDetailViewModel, System.Nullable<System.Decimal>>+<>c__DisplayClass24_0
7ffcf5915120       6        144 AutoMapper.Configuration.MemberConfigurationExpression<Order.Business.Mediator.Commands.OrderFront.UpdateSubOrderItemFront, Order.Infrastructure.Entities.SubOrderModels.SubOrderItemModel, System.Decimal>+<>c__DisplayClass24_0
7ffcf5916ed0       6        144 AutoMapper.Configuration.MemberConfigurationExpression<Order.Business.Mediator.Commands.OrderFront.UpdateSubOrderItemAmountDetailViewModel, Order.Infrastructure.Entities.SubOrderModels.SubOrderItemAmtDtlModel, System.Decimal>+<>c__DisplayClass24_0
7ffcf5917760       6        144 AutoMapper.Configuration.MemberConfigurationExpression<Order.Business.Mediator.Commands.OrderFront.UpdateSubOrderItemAmountDetailViewModel, Order.Infrastructure.Entities.SubOrderModels.SubOrderItemAmtDtlModel, System.Nullable<System.Decimal>>+<>c__DisplayClass24_0
7ffcf591e2c8       6        144 AutoMapper.Configuration.MemberConfigurationExpression<Order.Infrastructure.Data.Readonlys.CompanyBuMapping.GetCompanyBuMappingByIdViewModelDto, Order.Business.Dtos.ViewModels.CompanyBuMapping.GetCompanyBuMappingByIdViewModel, System.Boolean>+<>c__DisplayClass24_0
7ffcf5923128       6        144 AutoMapper.Configuration.MemberConfigurationExpression<Order.Infrastructure.Data.Readonlys.CompanyBuMapping.GetCompanyBuMappingViewModelDto, Order.Business.Dtos.ViewModels.CompanyBuMapping.GetCompanyBuMappingViewModel, System.Boolean>+<>c__DisplayClass24_0
7ffcf368f390       6        144 System.Threading.Timer
7ffcf490c708       6        144 System.Threading.TimerHolder
7ffcf5927b28       6        144 AutoMapper.Configuration.MemberConfigurationExpression<Order.Business.Mediator.Queries.CompanyBUMapping.GetCompanyBuMappingsQuery, Order.Infrastructure.Data.Readonlys.CompanyBuMapping.GetCompanyBuMappingsQueryDto, System.Int32>+<>c__DisplayClass24_0
7ffcf57d9270       6        144 AutoMapper.Configuration.MemberConfigurationExpression<Order.Infrastructure.Entities.OrderModels.OrderModel, CommonApiMessage.AggregatesModel.OrderMessage.OrderMessageViewModel, System.String>+<>c__DisplayClass24_0
7ffcf581db08       6        144 AutoMapper.Configuration.MemberConfigurationExpression<Order.Infrastructure.Entities.SubOrderModels.SubOrderModel, CommonApiMessage.AggregatesModel.SubOrderMessage.SubOrderMessageViewModel, System.String>+<>c__DisplayClass24_0
7ffcf581fc68       6        144 AutoMapper.Configuration.MemberConfigurationExpression<Order.Infrastructure.Entities.SubOrderModels.SubOrderAddressModel, CommonApiMessage.AggregatesModel.SubOrderMessage.SubOrderMessageAddressViewModel, System.String>+<>c__DisplayClass24_0
7ffcf5843b60       6        144 AutoMapper.Configuration.MemberConfigurationExpression<Order.Business.Mediator.Commands.RoleChannelMapping.CreateRoleChannelMappingCommand, Order.Infrastructure.Data.Readonlys.RoleChannelMapping.CreateRoleChannelMappingCommandDto, System.String>+<>c__DisplayClass24_0
7ffcf5847758       6        144 AutoMapper.Configuration.MemberConfigurationExpression<CommonApiMessage.AggregatesModel.SubOrderMessage.SubOrderMessageAddressViewModel, Order.Business.Responses.Order.CustomerByPacking, System.String>+<>c__DisplayClass24_0
7ffcf5848c80       6        144 AutoMapper.Configuration.MemberConfigurationExpression<Order.Domain.AggregatesModel.Order.PackingDetails, Order.Business.Responses.Order.ProductByPacking, System.String>+<>c__DisplayClass24_0
7ffcf584d068       6        144 AutoMapper.Configuration.MemberConfigurationExpression<CommonApiMessage.AggregatesModel.OrderMessage.OrderMessageAddressViewModel, Order.Business.Responses.Order.Customer, System.String>+<>c__DisplayClass24_0
7ffcf584df40       6        144 AutoMapper.Configuration.MemberConfigurationExpression<CommonApiMessage.AggregatesModel.OrderMessage.OrderMessageItemViewModel, Order.Business.Responses.Order.Product, System.String>+<>c__DisplayClass24_0
7ffcf5870ff0       6        144 AutoMapper.Configuration.MemberConfigurationExpression<Order.Business.Mediator.Commands.OrderFront.CreateOrderFrontManualViewModel, Order.Infrastructure.Entities.OrderModels.OrderModel, System.DateTime>+<>c__DisplayClass24_0
7ffcf5885400       6        144 AutoMapper.Configuration.MemberConfigurationExpression<Order.Business.Mediator.Commands.OrderFront.CreateOrderFrontManualViewModel, Order.Infrastructure.Entities.SubOrderModels.SubOrderModel, System.DateTime>+<>c__DisplayClass24_0
7ffcf43e6808       2        144 Microsoft.AspNetCore.Mvc.ApplicationModels.IPageApplicationModelProvider[]
7ffcf48d9550       1        144 System.Runtime.CompilerServices.AsyncTaskMethodBuilder<System.Threading.Tasks.VoidTaskResult>+AsyncStateMachineBox<RabbitMQ.Client.Impl.SocketFrameHandler+<WriteLoop>d__32>
7ffcf4917b38       6        144 System.Threading.Channels.SingleConsumerUnboundedChannel<RabbitMQ.Client.Impl.Work>+UnboundedChannelWriter
7ffcf4abff58       2        144 Microsoft.AspNetCore.Routing.CompositeEndpointDataSource
7ffcf6826640       2        144 System.Configuration.SectionRecord
7ffcf6941088       3        144 Microsoft.Extensions.Logging.LoggerMessage+<>c__DisplayClass14_0<System.String, System.String, System.Int32>
7ffcf4ac3898       3        144 System.Linq.Expressions.MethodCallExpression3
7ffcf4b7d898       2        144 System.ComponentModel.DataAnnotations.RequiredAttribute
7ffcf4c4fb50       1        144 System.Runtime.CompilerServices.AsyncTaskMethodBuilder<System.Threading.Tasks.VoidTaskResult>+AsyncStateMachineBox<Microsoft.Extensions.Hosting.HostingAbstractionsHostExtensions+<RunAsync>d__4>
7ffcf3e635b8       2        144 Swashbuckle.AspNetCore.SwaggerGen.SchemaGeneratorOptions
7ffcf4cbc7e0       1        144 System.Text.RegularExpressions.RegexCache+Node[]
7ffcf4e7c388       3        144 System.Net.Http.Headers.MediaTypeHeaderParser
7ffcf528cfa0       3        144 Microsoft.Extensions.Logging.LoggerMessage+<>c__DisplayClass12_0<System.Type, System.String>
7ffcf5b0d580       3        144 Microsoft.EntityFrameworkCore.Storage.ValueConversion.ValueConverterInfo
7ffcf37765e0       3        152 Microsoft.Extensions.DependencyModel.RuntimeFallbacks[]
7ffcf44da480       3        152 Microsoft.AspNetCore.Mvc.Filters.IFilterMetadata[]
7ffcf4759750       1        152 System.Decimal+DecCalc+PowerOvfl[]
7ffcf48092e8       1        152 RabbitMQ.Client.Framing.Impl.AutorecoveringConnection+RecoveryCommand[]
7ffcf6577a60       1        152 System.Runtime.CompilerServices.ConditionalWeakTable<System.Transactions.ContextKey, System.Transactions.ContextData>+Entry[]
7ffcf3863ed0       5        160 System.DateTimeOffset
7ffcf67db960       2        160 System.Collections.Generic.Dictionary<Microsoft.Data.SqlClient.ConnectionPool.DbConnectionPoolKey, Microsoft.Data.SqlClient.ConnectionPool.DbConnectionPoolGroup>
7ffcf4b1b570       5        160 Microsoft.AspNetCore.Server.Kestrel.Core.Internal.Http.DateHeaderValueManager+DateHeaderValues
7ffcf356b0c8       4        160 System.Threading.LowLevelLock
7ffcf368e170       4        160 System.Collections.Concurrent.ConcurrentDictionary<System.String, Microsoft.Extensions.FileProviders.Physical.PhysicalFilesWatcher+ChangeTokenInfo>
7ffcf39c0498       4        160 Serilog.Capturing.MessageTemplateProcessor
7ffcf39c47c0       4        160 Serilog.Core.Pipeline.MessageTemplateCache
7ffcf3a53918       5        160 System.Collections.Generic.List<Microsoft.Extensions.DependencyInjection.ServiceDescriptor>
7ffcf3eefb58       2        160 System.Collections.Generic.Dictionary<System.String, System.Type>
7ffcf3f81ff8       2        160 EventBus.RabbitMQ.RabbitMQSetting
7ffcf444aa60       2        160 System.Collections.Generic.Dictionary<System.Int32, System.Boolean>
7ffcf42e2870       5        160 System.Collections.Generic.List<Microsoft.Extensions.Diagnostics.Metrics.FactoryMeter>
7ffcf4302c50       1        160 Microsoft.AspNetCore.Server.Kestrel.Core.KestrelServerLimits
7ffcf3bdeab8       2        160 Utility.Package.Models.Jwt
7ffcf3d353b0       1        160 Microsoft.AspNetCore.Mvc.MvcOptions
7ffcf4587e10       5        160 Microsoft.AspNetCore.Mvc.ModelBinding.Metadata.BindingSourceMetadataProvider
7ffcf592bb30       2        160 System.Collections.Generic.Dictionary<AutoMapper.Internal.TypePair, AutoMapper.TypeMap>
7ffcf523d5b0       4        160 System.Linq.Expressions.Block3
7ffcf494f590       2        160 Confluent.Kafka.Impl.SafeKafkaHandle
7ffcf4a17ae0       2        160 System.Collections.Generic.Dictionary<System.String, Confluent.Kafka.Impl.SafeTopicHandle>
7ffcf4a6da30       5        160 Microsoft.AspNetCore.DataProtection.KeyManagement.Key+<>c__DisplayClass32_0
7ffcf4a9c570       5        160 Microsoft.AspNetCore.DataProtection.KeyManagement.KeyRing+KeyHolder
7ffcf4ab0b88       4        160 Microsoft.AspNetCore.Builder.Extensions.MapOptions
7ffcf4d4db50       2        160 System.Reflection.RuntimeEventInfo[][]
7ffcf682d508       4        160 System.Collections.Specialized.HybridDictionary
7ffcf68501f8       4        160 System.Collections.Specialized.ListDictionary
7ffcf68503d0       4        160 System.Collections.Specialized.ListDictionary+DictionaryNode
7ffcf44a1c68       2        160 Microsoft.AspNetCore.Server.Kestrel.Core.ListenOptions
7ffcf62d2ca8       2        160 Microsoft.EntityFrameworkCore.ChangeTracking.ValueComparer<Order.Infrastructure.Entities.Abstractions.BaseStatus>
7ffcf35a8128       1        160 System.Runtime.CompilerServices.PoolingAsyncValueTaskMethodBuilder<System.Threading.Tasks.VoidTaskResult>+StateMachineBox<System.Threading.AsyncOverSyncWithIoCancellation+<InvokeAsync>d__7<System.ValueTuple<Microsoft.Win32.SafeHandles.SafeFileHandle, System.ReadOnlyMemory<System.Byte>, System.Int64, System.IO.Strategies.OSFileStreamStrategy>>>
7ffcf4c7b088       2        160 System.Collections.Generic.Dictionary<System.String, Microsoft.OpenApi.Models.OpenApiInfo>
7ffcf4c7ca50       2        160 System.Collections.Generic.Dictionary<System.String, Microsoft.OpenApi.Models.OpenApiSecurityScheme>
7ffcf4c91848       2        160 System.Collections.Generic.Dictionary<System.Type, System.Func<Microsoft.OpenApi.Models.OpenApiSchema>>
7ffcf4c7a780       5        160 System.Collections.Generic.List<Swashbuckle.AspNetCore.SwaggerGen.FilterDescriptor>
7ffcf4d05588       4        160 System.Collections.Concurrent.ConcurrentDictionary<System.UInt64, System.Text.Json.JsonEncodedText>
7ffcf4d07208       4        160 System.Collections.Concurrent.ConcurrentDictionary<System.String, System.UInt64>
7ffcf4e00b88       1        160 System.Tuple<System.UInt64, System.UInt64, Microsoft.AspNetCore.Server.Kestrel.Core.Internal.Http.HttpMethod, System.Int32>[]
7ffcf538e7d0       2        160 System.Collections.Generic.Dictionary<System.Type, Microsoft.EntityFrameworkCore.Infrastructure.ServiceCharacteristics>
7ffcf5b2b0b8       4        160 System.Linq.Expressions.Expression2<System.Func<System.Byte[], System.Byte[], System.Boolean>>
7ffcf5b2c6d0       5        160 System.Linq.Expressions.Expression1<System.Func<System.Boolean, System.Boolean>>
7ffcf5b271b0       2        160 System.Collections.Generic.Dictionary<System.Type, Microsoft.EntityFrameworkCore.Storage.RelationalTypeMapping>
7ffcf61d56e8       4        160 System.Linq.Expressions.Expression2<System.Func<System.DateTime, System.DateTime, System.Boolean>>
7ffcf61cadd0       2        160 Microsoft.EntityFrameworkCore.ChangeTracking.ValueComparer+DefaultDateTimeOffsetValueComparer
7ffcf61dde18       4        160 System.Linq.Expressions.Expression2<System.Func<System.Boolean, System.Boolean, System.Boolean>>
7ffcf61f5278       4        160 System.Linq.Expressions.Expression2<System.Func<System.Guid, System.Guid, System.Boolean>>
7ffcf64c3b70       2        160 Microsoft.EntityFrameworkCore.Query.SqlExpressions.SqlFunctionExpression
7ffcf6885440       2        160 System.Collections.Generic.Dictionary<System.Transactions.Transaction, Microsoft.Data.SqlClient.ConnectionPool.WaitHandleDbConnectionPool+TransactedConnectionList>
7ffcf63c1db8       2        160 System.Collections.Generic.Dictionary<System.Reflection.MethodInfo, System.Reflection.MethodInfo>
7ffcf37b5b80       3        168 System.Globalization.CompareInfo
7ffcf3c56530       7        168 Microsoft.AspNetCore.Mvc.ApplicationParts.AssemblyPart
7ffcf44ed838       4        168 System.Text.Json.Serialization.JsonConverter[]
7ffcf4849658       7        168 System.Net.Sockets.DynamicWinsockMethods+SocketDelegateHelper
7ffcf3c2c5b8       3        168 System.Collections.Concurrent.ConcurrentDictionary<System.Type, System.ComponentModel.ReflectTypeDescriptionProvider+ReflectedTypeData>+Tables
7ffcf47f9eb8       7        168 RabbitMQ.Client.Framing.Protocol
7ffcf48db728       7        168 RabbitMQ.Client.Impl.RpcContinuationQueue
7ffcf68d92e8       3        168 Microsoft.EntityFrameworkCore.Diagnostics.EventDefinition<System.String>
7ffcf6940528       3        168 Microsoft.EntityFrameworkCore.Diagnostics.EventDefinition<System.String, System.String, System.Int32>
7ffcf44a8f30       3        168 System.Collections.Concurrent.ConcurrentDictionary<System.Int64, Microsoft.AspNetCore.Server.Kestrel.Core.Internal.Infrastructure.ConnectionReference>+Tables
7ffcf55f4e90       7        168 System.WeakReference<Microsoft.Extensions.DependencyInjection.ServiceProvider>
7ffcf35962f8       1        176 System.Threading.LowLevelLifoSemaphore
7ffcf360d038       2        176 Microsoft.Extensions.Configuration.IConfigurationSource[]
7ffcf3741c68       3        176 Microsoft.Extensions.DependencyModel.ResourceAssembly[]
7ffcf39c66b0       2        176 Serilog.Core.LevelOverrideMap+LevelOverride[]
7ffcf389df90       2        176 Serilog.Sinks.File.FileSink
7ffcf3ab7628       2        176 System.Action<Microsoft.Extensions.Hosting.HostBuilderContext, Microsoft.Extensions.DependencyInjection.IServiceCollection>[]
7ffcf3b060d0       2        176 System.Diagnostics.Metrics.Meter[]
7ffcf3c541d0       2        176 Microsoft.AspNetCore.Mvc.ApplicationParts.ApplicationPart[]
7ffcf44aa5b0       2        176 System.Func<Microsoft.AspNetCore.Http.RequestDelegate, Microsoft.AspNetCore.Http.RequestDelegate>[]
7ffcf3f67ff8       2        176 Microsoft.Extensions.Caching.Memory.MemoryCache
7ffcf6964e80       2        176 Microsoft.EntityFrameworkCore.ChangeTracking.ListOfReferenceTypesComparer<System.Collections.Generic.List<System.String>, System.String>
7ffcf4b39b50       2        176 Microsoft.AspNetCore.Server.Kestrel.Transport.Sockets.SocketConnectionContextFactory+QueueSettings[]
7ffcf4e9e738       1        176 System.Net.Http.HttpWindowsProxy
7ffcf4f372d0       4        176 System.Text.Json.Serialization.Converters.EnumConverter<Swashbuckle.AspNetCore.SwaggerUI.ModelRendering>+EnumFieldInfo[]
7ffcf5da0760       2        176 Microsoft.EntityFrameworkCore.Storage.ValueConversion.EnumToNumberConverter<Order.Infrastructure.Entities.Abstractions.BaseStatus, System.Int32>
7ffcf81fde58       2        176 System.Diagnostics.Tracing.IncrementingPollingCounter[]
7ffcf6884ab8       4        176 System.Threading.WaitHandle[]
7ffcf59c18c0       5        184 AutoMapper.Internal.ConstructorParameters[]
7ffcf340a690       1        184 System.Diagnostics.Tracing.NativeRuntimeEventSource
7ffcf34ff318       1        184 System.Buffers.ArrayPoolEventSource
7ffcf356d2b8       1        184 System.Diagnostics.Tracing.FrameworkEventSource
7ffcf371ac20       5        184 Serilog.Core.IDestructuringPolicy[]
7ffcf3b022c8       1        184 System.Net.NetEventSource
7ffcf443a7e0       1        184 System.Collections.Concurrent.CDSCollectionETWBCLProvider
7ffcf6577028       1        184 System.Transactions.TransactionsEtwProvider
7ffcf479ea38       1        184 RabbitMQ.Client.ConnectionFactory
7ffcf4831ca8       1        184 System.Net.NetEventSource
7ffcf484f418       1        184 System.Net.NetEventSource
7ffcf4af9ea8       1        184 Microsoft.IO.RecyclableMemoryStreamManager+Events
7ffcf67f1158       1        184 Microsoft.Data.SqlClient.SqlClientEventSource
7ffcf4b19d80       1        184 System.Net.NetEventSource
7ffcf5ba3ab0       1        184 System.Data.DataCommonEventSource
7ffcf5bb5280       1        184 Microsoft.EntityFrameworkCore.Metadata.Internal.Model
7ffcf4c3f388       8        192 System.Buffers.StandardFormat
7ffcf67f5508       2        192 System.Collections.Generic.Dictionary<Microsoft.Data.SqlClient.ConnectionPool.DbConnectionPoolKey, Microsoft.Data.SqlClient.ConnectionPool.DbConnectionPoolGroup>+Entry[]
7ffcf6e4b9a8       3        192 System.Func<System.Object, System.Collections.Generic.List<System.String>>
7ffcf6e4c1a0       3        192 System.Action<System.Object, System.Collections.Generic.List<System.String>>
7ffcf6e50388       3        192 System.Func<System.Object, System.Collections.Generic.List<CommonApiMessage.AggregatesModel.SubOrderMessage.SubOrderMessageRemarkViewModel>>
7ffcf6e50b80       3        192 System.Action<System.Object, System.Collections.Generic.List<CommonApiMessage.AggregatesModel.SubOrderMessage.SubOrderMessageRemarkViewModel>>
7ffcf6e541a8       3        192 System.Func<System.Object, System.Collections.Generic.List<CommonApiMessage.AggregatesModel.SubOrderMessage.SubOrderMessageItemViewModel>>
7ffcf6e54978       3        192 System.Action<System.Object, System.Collections.Generic.List<CommonApiMessage.AggregatesModel.SubOrderMessage.SubOrderMessageItemViewModel>>
7ffcf6e51e38       3        192 System.Func<System.Object, System.Collections.Generic.List<CommonApiMessage.AggregatesModel.OrderMessage.OrderMessagePaymentViewModel>>
7ffcf6e52600       3        192 System.Action<System.Object, System.Collections.Generic.List<CommonApiMessage.AggregatesModel.OrderMessage.OrderMessagePaymentViewModel>>
7ffcf6e52fc0       3        192 System.Func<System.Object, System.Collections.Generic.List<CommonApiMessage.AggregatesModel.OrderMessage.OrderMessageCustomerViewModel>>
7ffcf6e55798       3        192 System.Action<System.Object, System.Collections.Generic.List<CommonApiMessage.AggregatesModel.OrderMessage.OrderMessageCustomerViewModel>>
7ffcf6e560c0       3        192 System.Func<System.Object, System.Collections.Generic.List<CommonApiMessage.AggregatesModel.OrderMessage.OrderMessageItemViewModel>>
7ffcf6e56848       3        192 System.Action<System.Object, System.Collections.Generic.List<CommonApiMessage.AggregatesModel.OrderMessage.OrderMessageItemViewModel>>
7ffcf6e57188       3        192 System.Func<System.Object, System.Collections.Generic.List<CommonApiMessage.AggregatesModel.OrderMessage.OrderMessagePromotionViewModel>>
7ffcf6e57910       3        192 System.Action<System.Object, System.Collections.Generic.List<CommonApiMessage.AggregatesModel.OrderMessage.OrderMessagePromotionViewModel>>
7ffcf6e58250       3        192 System.Func<System.Object, System.Collections.Generic.List<CommonApiMessage.AggregatesModel.SubOrderMessage.SubOrderMessagePromotionViewModel>>
7ffcf6e589d8       3        192 System.Action<System.Object, System.Collections.Generic.List<CommonApiMessage.AggregatesModel.SubOrderMessage.SubOrderMessagePromotionViewModel>>
7ffcf6e59378       3        192 System.Func<System.Object, System.Collections.Generic.List<CommonApiMessage.AggregatesModel.SubOrderMessage.SubOrderMessageFeeViewModel>>
7ffcf6e59b70       3        192 System.Action<System.Object, System.Collections.Generic.List<CommonApiMessage.AggregatesModel.SubOrderMessage.SubOrderMessageFeeViewModel>>
7ffcf6e5c148       3        192 System.Func<System.Object, System.Collections.Generic.List<CommonApiMessage.AggregatesModel.Package.PackageInfoMessageViewModel>>
7ffcf6e5c940       3        192 System.Action<System.Object, System.Collections.Generic.List<CommonApiMessage.AggregatesModel.Package.PackageInfoMessageViewModel>>
7ffcf6e5d300       3        192 System.Func<System.Object, System.Collections.Generic.List<CommonApiMessage.AggregatesModel.OrderMessage.OrderMessageAddressViewModel>>
7ffcf6e5daf8       3        192 System.Action<System.Object, System.Collections.Generic.List<CommonApiMessage.AggregatesModel.OrderMessage.OrderMessageAddressViewModel>>
7ffcf6e5e4b8       3        192 System.Func<System.Object, System.Collections.Generic.List<CommonApiMessage.AggregatesModel.Package.PackageTbMessage>>
7ffcf6e5ecb0       3        192 System.Action<System.Object, System.Collections.Generic.List<CommonApiMessage.AggregatesModel.Package.PackageTbMessage>>
7ffcf6e6f7a0       3        192 System.Func<System.Object, System.Int64>
7ffcf6e70088       3        192 System.Action<System.Object, System.Int64>
7ffcf6e76638       3        192 System.Func<System.Object, CommonApiMessage.AggregatesModel.SubOrderMessage.SubOrderMessageItemPromotionViewModel>
7ffcf6e76e30       3        192 System.Action<System.Object, CommonApiMessage.AggregatesModel.SubOrderMessage.SubOrderMessageItemPromotionViewModel>
7ffcf6e777f0       3        192 System.Func<System.Object, CommonApiMessage.AggregatesModel.SubOrderMessage.SubOrderMessageItemFulFillmentViewModel>
7ffcf6e77fe8       3        192 System.Action<System.Object, CommonApiMessage.AggregatesModel.SubOrderMessage.SubOrderMessageItemFulFillmentViewModel>
7ffcf6e789a8       3        192 System.Func<System.Object, System.Collections.Generic.List<CommonApiMessage.AggregatesModel.SubOrderMessage.SubOrderMessageItemRemarkViewModel>>
7ffcf6e791a0       3        192 System.Action<System.Object, System.Collections.Generic.List<CommonApiMessage.AggregatesModel.SubOrderMessage.SubOrderMessageItemRemarkViewModel>>
7ffcf6e79b60       3        192 System.Func<System.Object, CommonApiMessage.AggregatesModel.SubOrderMessage.SubOrderMessageItemAmountViewModel>
7ffcf6e7a358       3        192 System.Action<System.Object, CommonApiMessage.AggregatesModel.SubOrderMessage.SubOrderMessageItemAmountViewModel>
7ffcf6e7ad18       3        192 System.Func<System.Object, System.Collections.Generic.List<CommonApiMessage.AggregatesModel.SubOrderMessage.SubOrderMessageItemPaymentViewModel>>
7ffcf6e7b510       3        192 System.Action<System.Object, System.Collections.Generic.List<CommonApiMessage.AggregatesModel.SubOrderMessage.SubOrderMessageItemPaymentViewModel>>
7ffcf6e7bed0       3        192 System.Func<System.Object, System.Collections.Generic.List<CommonApiMessage.AggregatesModel.SubOrderMessage.SubOrderMessageItemSubBarcodeViewModel>>
7ffcf6e7c6c8       3        192 System.Action<System.Object, System.Collections.Generic.List<CommonApiMessage.AggregatesModel.SubOrderMessage.SubOrderMessageItemSubBarcodeViewModel>>
7ffcf6e7d088       3        192 System.Func<System.Object, System.Collections.Generic.List<CommonApiMessage.AggregatesModel.SubOrderMessage.SubOrderMessageItemPromotionsViewModel>>
7ffcf6e7d880       3        192 System.Action<System.Object, System.Collections.Generic.List<CommonApiMessage.AggregatesModel.SubOrderMessage.SubOrderMessageItemPromotionsViewModel>>
7ffcf6e98d38       3        192 System.Func<System.Object, System.Collections.Generic.List<CommonApiMessage.AggregatesModel.SubOrderMessage.SubOrderMessageItemDeliveryWindowViewModel>>
7ffcf6e99530       3        192 System.Action<System.Object, System.Collections.Generic.List<CommonApiMessage.AggregatesModel.SubOrderMessage.SubOrderMessageItemDeliveryWindowViewModel>>
7ffcf6e9bb08       3        192 System.Func<System.Object, System.Collections.Generic.List<CommonApiMessage.AggregatesModel.SubOrderMessage.SubOrderMessageItemFulFillmentServiceTypeViewModel>>
7ffcf6e9c300       3        192 System.Action<System.Object, System.Collections.Generic.List<CommonApiMessage.AggregatesModel.SubOrderMessage.SubOrderMessageItemFulFillmentServiceTypeViewModel>>
7ffcf6eb5f30       3        192 System.Func<System.Object, System.Collections.Generic.List<CommonApiMessage.AggregatesModel.SubOrderMessage.SubOrderMessageItemTaxViewModel>>
7ffcf6eb6728       3        192 System.Action<System.Object, System.Collections.Generic.List<CommonApiMessage.AggregatesModel.SubOrderMessage.SubOrderMessageItemTaxViewModel>>
7ffcf6ec1788       3        192 System.Func<System.Object, System.Collections.Generic.List<CommonApiMessage.AggregatesModel.OrderMessage.OrderMessagePaymentTransactionViewModel>>
7ffcf6ec1f80       3        192 System.Action<System.Object, System.Collections.Generic.List<CommonApiMessage.AggregatesModel.OrderMessage.OrderMessagePaymentTransactionViewModel>>
7ffcf6ecd558       3        192 System.Func<System.Object, CommonApiMessage.AggregatesModel.OrderMessage.OrderMessageItemFulFillmentViewModel>
7ffcf6ecdd50       3        192 System.Action<System.Object, CommonApiMessage.AggregatesModel.OrderMessage.OrderMessageItemFulFillmentViewModel>
7ffcf6ece710       3        192 System.Func<System.Object, System.Collections.Generic.List<CommonApiMessage.AggregatesModel.OrderMessage.OrderMessageItemRemarkViewModel>>
7ffcf6ecef08       3        192 System.Action<System.Object, System.Collections.Generic.List<CommonApiMessage.AggregatesModel.OrderMessage.OrderMessageItemRemarkViewModel>>
7ffcf6ecf8c8       3        192 System.Func<System.Object, CommonApiMessage.AggregatesModel.OrderMessage.OrderMessageItemAmountViewModel>
7ffcf6ed00c0       3        192 System.Action<System.Object, CommonApiMessage.AggregatesModel.OrderMessage.OrderMessageItemAmountViewModel>
7ffcf6ed0a80       3        192 System.Func<System.Object, System.Collections.Generic.List<CommonApiMessage.AggregatesModel.OrderMessage.OrderMessageItemPaymentViewModel>>
7ffcf6ed1278       3        192 System.Action<System.Object, System.Collections.Generic.List<CommonApiMessage.AggregatesModel.OrderMessage.OrderMessageItemPaymentViewModel>>
7ffcf6ed1c38       3        192 System.Func<System.Object, System.Collections.Generic.List<CommonApiMessage.AggregatesModel.OrderMessage.OrderMessageSubBarcodeViewModel>>
7ffcf6ed2430       3        192 System.Action<System.Object, System.Collections.Generic.List<CommonApiMessage.AggregatesModel.OrderMessage.OrderMessageSubBarcodeViewModel>>
7ffcf6ed2df0       3        192 System.Func<System.Object, CommonApiMessage.AggregatesModel.OrderMessage.OrderMessageItemPromotionViewModel>
7ffcf6ed35e8       3        192 System.Action<System.Object, CommonApiMessage.AggregatesModel.OrderMessage.OrderMessageItemPromotionViewModel>
7ffcf6ed3fa8       3        192 System.Func<System.Object, System.Collections.Generic.List<CommonApiMessage.AggregatesModel.OrderMessage.OrderMessageItemPromotionsViewModel>>
7ffcf6ed47a0       3        192 System.Action<System.Object, System.Collections.Generic.List<CommonApiMessage.AggregatesModel.OrderMessage.OrderMessageItemPromotionsViewModel>>
7ffcf6ed7610       3        192 System.Func<System.Object, System.Collections.Generic.List<CommonApiMessage.AggregatesModel.OrderMessage.OrderMessageItemDeliveryWindowViewModel>>
7ffcf6ed7e08       3        192 System.Action<System.Object, System.Collections.Generic.List<CommonApiMessage.AggregatesModel.OrderMessage.OrderMessageItemDeliveryWindowViewModel>>
7ffcf6eda3e0       3        192 System.Func<System.Object, System.Collections.Generic.List<CommonApiMessage.AggregatesModel.OrderMessage.OrderMessageItemFulFillmentServiceTypeViewModel>>
7ffcf6edabd8       3        192 System.Action<System.Object, System.Collections.Generic.List<CommonApiMessage.AggregatesModel.OrderMessage.OrderMessageItemFulFillmentServiceTypeViewModel>>
7ffcf6ee30d8       3        192 System.Func<System.Object, System.Collections.Generic.List<CommonApiMessage.AggregatesModel.OrderMessage.OrderMessageItemTaxViewModel>>
7ffcf6ee38d0       3        192 System.Action<System.Object, System.Collections.Generic.List<CommonApiMessage.AggregatesModel.OrderMessage.OrderMessageItemTaxViewModel>>
7ffcf6eee6e0       3        192 System.Func<System.Object, CommonApiMessage.AggregatesModel.OrderMessage.OrderMessagePromotionAmountViewModel>
7ffcf6eeeed8       3        192 System.Action<System.Object, CommonApiMessage.AggregatesModel.OrderMessage.OrderMessagePromotionAmountViewModel>
7ffcf6ef1528       3        192 System.Func<System.Object, CommonApiMessage.AggregatesModel.SubOrderMessage.SubOrderMessagePromotionAmountViewModel>
7ffcf6ef1d20       3        192 System.Action<System.Object, CommonApiMessage.AggregatesModel.SubOrderMessage.SubOrderMessagePromotionAmountViewModel>
7ffcf6ef5f78       3        192 System.Func<System.Object, CommonApiMessage.AggregatesModel.SubOrderMessage.SubOrderMessageFeeAmountViewModel>
7ffcf6ef6770       3        192 System.Action<System.Object, CommonApiMessage.AggregatesModel.SubOrderMessage.SubOrderMessageFeeAmountViewModel>
7ffcf6ef7130       3        192 System.Func<System.Object, System.Collections.Generic.ICollection<CommonApiMessage.AggregatesModel.SubOrderMessage.SubOrderMessageFeePaymentViewModel>>
7ffcf6ef7928       3        192 System.Action<System.Object, System.Collections.Generic.ICollection<CommonApiMessage.AggregatesModel.SubOrderMessage.SubOrderMessageFeePaymentViewModel>>
7ffcf6e97c98       8        192 System.Text.Json.Serialization.Metadata.JsonPropertyInfo<System.Nullable<System.DateTime>>+<>c__DisplayClass9_0
7ffcf6e98428       8        192 System.Text.Json.Serialization.Metadata.JsonPropertyInfo<System.Nullable<System.DateTime>>+<>c__DisplayClass10_0
7ffcf342dad8       8        192 System.Text.EncoderReplacementFallback
7ffcf342d788       8        192 System.Text.DecoderReplacementFallback
7ffcf34d6358       3        192 System.Reflection.MemberFilter
7ffcf34f89a8       3        192 System.Action<System.String>
7ffcf356aab0       1        192 System.Threading.ThreadPoolWorkQueue
7ffcf359b2e8       1        192 System.Threading.Tasks.TplEventSource
7ffcf360ee38       2        192 Microsoft.Extensions.FileProviders.Physical.PhysicalFilesWatcher
7ffcf3867c88       3        192 System.Func<System.Reflection.CustomAttributeData, System.Boolean>
7ffcf3911b68       1        192 System.Collections.Generic.Dictionary<System.Type, System.Reflection.MethodInfo[]>+Entry[]
7ffcf392ab28       3        192 System.Func<System.String, System.Object>
7ffcf3b064e0       1        192 System.Diagnostics.Metrics.MetricsEventSource
7ffcf3bda2d0       4        192 Microsoft.AspNetCore.Routing.EndpointDataSource[]
7ffcf377c5b0       3        192 System.Collections.Generic.HashSet<System.Reflection.Assembly>
7ffcf3d53318       3        192 System.Action<AutoMapper.MapperConfigurationExpression>
7ffcf43fca40       3        192 System.Func<Autofac.Core.ServiceRegistration, System.Boolean>
7ffcf42faf50       6        192 System.Collections.Generic.List<System.Double>
7ffcf45800a8       4        192 System.Text.Encoding[]
7ffcf37a5c70       1        192 System.Collections.Generic.Dictionary<System.String, System.Globalization.CultureData>+Entry[]
7ffcf4848e40       3        192 System.Net.Sockets.ConnectExDelegate
7ffcf4654968       3        192 System.Action<Microsoft.Extensions.Logging.ILogger, System.Xml.Linq.XElement, System.Exception>
7ffcf4655b10       3        192 System.Action<Microsoft.Extensions.Logging.ILogger, Microsoft.Win32.RegistryKey, System.String, System.Exception>
7ffcf5886038       3        192 AutoMapper.Configuration.MemberConfigurationExpression<Order.Business.Mediator.Commands.OrderFront.CreateOrderFrontManualViewModel, Order.Infrastructure.Entities.SubOrderModels.SubOrderModel, System.Collections.Generic.ICollection<Order.Infrastructure.Entities.SubOrderModels.SubOrderFeeModel>>
7ffcf5886de0       6        192 AutoMapper.Configuration.MemberConfigurationExpression<Order.Business.Mediator.Commands.OrderFront.OrderAddressFrontManualViewModel, Order.Infrastructure.Entities.SubOrderModels.SubOrderAddressModel, System.String>+<>c__DisplayClass40_0
7ffcf5887d78       6        192 AutoMapper.Configuration.MemberConfigurationExpression<Order.Business.Model.Request.Order.OrderFeeViewModel, Order.Infrastructure.Entities.SubOrderModels.SubOrderFeeModel, System.String>+<>c__DisplayClass40_0
7ffcf5889bf0       6        192 System.Linq.Expressions.Expression1<System.Func<Order.Business.Model.Request.Order.OrderFeeViewModel, Order.Infrastructure.Entities.SubOrderModels.SubOrderFeeAmountModel>>
7ffcf588a4d8       6        192 AutoMapper.Configuration.MemberConfigurationExpression<Order.Business.Model.Request.Order.OrderFeeViewModel, Order.Infrastructure.Entities.SubOrderModels.SubOrderFeeModel, System.Collections.Generic.ICollection<Order.Infrastructure.Entities.SubOrderModels.SubOrderFeePaymentModel>>+<>c__DisplayClass40_0
7ffcf588c368       3        192 AutoMapper.Configuration.MemberConfigurationExpression<Order.Business.Mediator.Commands.OrderFront.CreateOrderItemFrontManualViewModel, Order.Infrastructure.Entities.SubOrderModels.SubOrderItemModel, System.DateTime>
7ffcf5880278       6        192 System.Linq.Expressions.Expression1<System.Func<Order.Business.Mediator.Commands.OrderFront.CreateOrderItemFrontManualViewModel, System.DateTime>>
7ffcf5880938       6        192 System.Linq.Expressions.Expression1<System.Func<Order.Business.Mediator.Commands.OrderFront.CreateOrderItemFrontManualViewModel, System.Int32>>
7ffcf588cdc8       3        192 AutoMapper.Configuration.MemberConfigurationExpression<Order.Business.Mediator.Commands.OrderFront.CreateOrderItemFrontManualViewModel, Order.Infrastructure.Entities.SubOrderModels.SubOrderItemModel, Order.Infrastructure.Entities.SubOrderModels.SubOrderItemFulFillmentModel>
7ffcf588dfc0       3        192 AutoMapper.Configuration.MemberConfigurationExpression<Order.Business.Mediator.Commands.OrderFront.CreateOrderItemFrontManualViewModel, Order.Infrastructure.Entities.SubOrderModels.SubOrderItemModel, Order.Infrastructure.Entities.SubOrderModels.SubOrderItemPromotionModel>
7ffcf588e740       3        192 AutoMapper.Configuration.MemberConfigurationExpression<Order.Business.Mediator.Commands.OrderFront.CreateOrderItemFrontManualViewModel, Order.Infrastructure.Entities.SubOrderModels.SubOrderItemModel, Order.Infrastructure.Entities.SubOrderModels.SubOrderItemAmountModel>
7ffcf588eec0       3        192 AutoMapper.Configuration.MemberConfigurationExpression<Order.Business.Mediator.Commands.OrderFront.CreateOrderItemFrontManualViewModel, Order.Infrastructure.Entities.SubOrderModels.SubOrderItemModel, System.Collections.Generic.ICollection<Order.Infrastructure.Entities.SubOrderModels.SubOrderItemPayModel>>
7ffcf588f640       3        192 AutoMapper.Configuration.MemberConfigurationExpression<Order.Business.Mediator.Commands.OrderFront.CreateOrderItemFrontManualViewModel, Order.Infrastructure.Entities.SubOrderModels.SubOrderItemModel, System.Collections.Generic.ICollection<Order.Infrastructure.Entities.SubOrderModels.SubOrderItemRemarkModel>>
7ffcf588fad8       3        192 AutoMapper.Configuration.MemberConfigurationExpression<Order.Business.Mediator.Commands.OrderFront.CreateOrderItemFrontManualViewModel, Order.Infrastructure.Entities.SubOrderModels.SubOrderItemModel, System.Collections.Generic.ICollection<Order.Infrastructure.Entities.SubOrderModels.SubOrderItemBarcodeModel>>
7ffcf58b8370       3        192 AutoMapper.Configuration.MemberConfigurationExpression<Order.Business.Mediator.Commands.OrderFront.CreateOrderFrontViewModel, Order.Infrastructure.Entities.OrderModels.OrderModel, System.Int32>
7ffcf58b9cd8       3        192 AutoMapper.Configuration.MemberConfigurationExpression<Order.Business.Mediator.Commands.OrderFront.CreateOrderFrontViewModel, Order.Infrastructure.Entities.OrderModels.OrderModel, System.Collections.Generic.ICollection<Order.Infrastructure.Entities.OrderModels.OrderItemModel>>
7ffcf58ba170       3        192 AutoMapper.Configuration.MemberConfigurationExpression<Order.Business.Mediator.Commands.OrderFront.CreateOrderFrontViewModel, Order.Infrastructure.Entities.OrderModels.OrderModel, System.Collections.Generic.ICollection<Order.Infrastructure.Entities.OrderModels.OrderFeeModel>>
7ffcf58baf18       6        192 AutoMapper.Configuration.MemberConfigurationExpression<Order.Business.Mediator.Commands.OrderFront.OrderAddressFrontViewModel, Order.Infrastructure.Entities.OrderModels.OrderAddressModel, System.String>+<>c__DisplayClass40_0
7ffcf58b1670       3        192 System.Action<AutoMapper.IMemberConfigurationExpression<Order.Business.Mediator.Commands.OrderFront.CreateOrderPaymentFrontViewModel, Order.Infrastructure.Entities.OrderModels.OrderPaymentModel, System.String>>
7ffcf58bc028       6        192 AutoMapper.Configuration.MemberConfigurationExpression<Order.Business.Mediator.Commands.OrderFront.CreateOrderPaymentFrontViewModel, Order.Infrastructure.Entities.OrderModels.OrderPaymentModel, System.String>+<>c__DisplayClass40_0
7ffcf58bc828       3        192 AutoMapper.Configuration.MemberConfigurationExpression<Order.Business.Mediator.Commands.OrderFront.CreateOrderPaymentFrontViewModel, Order.Infrastructure.Entities.OrderModels.OrderPaymentModel, System.DateTime>
7ffcf58bd230       3        192 AutoMapper.Configuration.MemberConfigurationExpression<Order.Business.Mediator.Commands.OrderFront.CreateOrderPaymentFrontViewModel, Order.Infrastructure.Entities.OrderModels.OrderPaymentModel, System.Collections.Generic.ICollection<Order.Infrastructure.Entities.OrderModels.OrderPaymentTransactionModel>>
7ffcf5877c08       6        192 System.Linq.Expressions.Expression1<System.Func<Order.Business.Mediator.Commands.OrderFront.OrderPaymentTransactionFrontViewModel, Order.Infrastructure.Entities.OrderModels.OrderPaymentTransactionModel>>
7ffcf5878e20       6        192 AutoMapper.Configuration.MemberConfigurationExpression<Order.Business.Model.Request.Order.OrderFeeViewModel, Order.Infrastructure.Entities.OrderModels.OrderFeeModel, System.String>+<>c__DisplayClass40_0
7ffcf587cab0       6        192 System.Linq.Expressions.Expression1<System.Func<Order.Business.Model.Request.Order.OrderFeeViewModel, Order.Infrastructure.Entities.OrderModels.OrderFeeAmountModel>>
7ffcf587d398       6        192 AutoMapper.Configuration.MemberConfigurationExpression<Order.Business.Model.Request.Order.OrderFeeViewModel, Order.Infrastructure.Entities.OrderModels.OrderFeeModel, System.Collections.Generic.ICollection<Order.Infrastructure.Entities.OrderModels.OrderFeePaymentModel>>+<>c__DisplayClass40_0
7ffcf58bfbe8       3        192 AutoMapper.Configuration.MemberConfigurationExpression<Order.Business.Mediator.Commands.OrderFront.CreateOrderItemFrontViewModel, Order.Infrastructure.Entities.OrderModels.OrderItemModel, System.DateTime>
7ffcf58c02b8       6        192 System.Linq.Expressions.Expression1<System.Func<Order.Business.Mediator.Commands.OrderFront.CreateOrderItemFrontViewModel, System.DateTime>>
7ffcf58c08e8       6        192 System.Linq.Expressions.Expression1<System.Func<Order.Business.Mediator.Commands.OrderFront.CreateOrderItemFrontViewModel, System.Int32>>
7ffcf58c0c20       3        192 AutoMapper.Configuration.MemberConfigurationExpression<Order.Business.Mediator.Commands.OrderFront.CreateOrderItemFrontViewModel, Order.Infrastructure.Entities.OrderModels.OrderItemModel, Order.Infrastructure.Entities.OrderModels.OrderItemFulFillmentModel>
7ffcf58c1628       3        192 AutoMapper.Configuration.MemberConfigurationExpression<Order.Business.Mediator.Commands.OrderFront.CreateOrderItemFrontViewModel, Order.Infrastructure.Entities.OrderModels.OrderItemModel, Order.Infrastructure.Entities.OrderModels.OrderItemPromotionModel>
7ffcf58c1ac0       3        192 AutoMapper.Configuration.MemberConfigurationExpression<Order.Business.Mediator.Commands.OrderFront.CreateOrderItemFrontViewModel, Order.Infrastructure.Entities.OrderModels.OrderItemModel, Order.Infrastructure.Entities.OrderModels.OrderItemAmountModel>
7ffcf58c1f58       3        192 AutoMapper.Configuration.MemberConfigurationExpression<Order.Business.Mediator.Commands.OrderFront.CreateOrderItemFrontViewModel, Order.Infrastructure.Entities.OrderModels.OrderItemModel, System.Collections.Generic.ICollection<Order.Infrastructure.Entities.OrderModels.OrderItemPaymentModel>>
7ffcf58c23f0       3        192 AutoMapper.Configuration.MemberConfigurationExpression<Order.Business.Mediator.Commands.OrderFront.CreateOrderItemFrontViewModel, Order.Infrastructure.Entities.OrderModels.OrderItemModel, System.Collections.Generic.ICollection<Order.Infrastructure.Entities.OrderModels.OrderItemRemarkModel>>
7ffcf58c2888       3        192 AutoMapper.Configuration.MemberConfigurationExpression<Order.Business.Mediator.Commands.OrderFront.CreateOrderItemFrontViewModel, Order.Infrastructure.Entities.OrderModels.OrderItemModel, System.Collections.Generic.ICollection<Order.Infrastructure.Entities.OrderModels.OrderItemBarcodeModel>>
7ffcf58c3368       3        192 AutoMapper.Configuration.MemberConfigurationExpression<Order.Business.Mediator.Commands.OrderFront.CreateOrderFrontViewModel, Order.Infrastructure.Entities.SubOrderModels.SubOrderModel, System.Int32>
7ffcf58c4410       3        192 AutoMapper.Configuration.MemberConfigurationExpression<Order.Business.Mediator.Commands.OrderFront.CreateOrderFrontViewModel, Order.Infrastructure.Entities.SubOrderModels.SubOrderModel, System.Collections.Generic.ICollection<Order.Infrastructure.Entities.SubOrderModels.SubOrderItemModel>>
7ffcf58c48a8       3        192 AutoMapper.Configuration.MemberConfigurationExpression<Order.Business.Mediator.Commands.OrderFront.CreateOrderFrontViewModel, Order.Infrastructure.Entities.SubOrderModels.SubOrderModel, System.Collections.Generic.ICollection<Order.Infrastructure.Entities.SubOrderModels.SubOrderFeeModel>>
7ffcf58c5650       6        192 AutoMapper.Configuration.MemberConfigurationExpression<Order.Business.Mediator.Commands.OrderFront.OrderAddressFrontViewModel, Order.Infrastructure.Entities.SubOrderModels.SubOrderAddressModel, System.String>+<>c__DisplayClass40_0
7ffcf58c70e0       3        192 AutoMapper.Configuration.MemberConfigurationExpression<Order.Business.Mediator.Commands.OrderFront.CreateOrderItemFrontViewModel, Order.Infrastructure.Entities.SubOrderModels.SubOrderItemModel, System.DateTime>
7ffcf58c7858       3        192 AutoMapper.Configuration.MemberConfigurationExpression<Order.Business.Mediator.Commands.OrderFront.CreateOrderItemFrontViewModel, Order.Infrastructure.Entities.SubOrderModels.SubOrderItemModel, Order.Infrastructure.Entities.SubOrderModels.SubOrderItemFulFillmentModel>
7ffcf58c8260       3        192 AutoMapper.Configuration.MemberConfigurationExpression<Order.Business.Mediator.Commands.OrderFront.CreateOrderItemFrontViewModel, Order.Infrastructure.Entities.SubOrderModels.SubOrderItemModel, Order.Infrastructure.Entities.SubOrderModels.SubOrderItemPromotionModel>
7ffcf58c86f8       3        192 AutoMapper.Configuration.MemberConfigurationExpression<Order.Business.Mediator.Commands.OrderFront.CreateOrderItemFrontViewModel, Order.Infrastructure.Entities.SubOrderModels.SubOrderItemModel, Order.Infrastructure.Entities.SubOrderModels.SubOrderItemAmountModel>
7ffcf58c8b90       3        192 AutoMapper.Configuration.MemberConfigurationExpression<Order.Business.Mediator.Commands.OrderFront.CreateOrderItemFrontViewModel, Order.Infrastructure.Entities.SubOrderModels.SubOrderItemModel, System.Collections.Generic.ICollection<Order.Infrastructure.Entities.SubOrderModels.SubOrderItemPayModel>>
7ffcf58c9028       3        192 AutoMapper.Configuration.MemberConfigurationExpression<Order.Business.Mediator.Commands.OrderFront.CreateOrderItemFrontViewModel, Order.Infrastructure.Entities.SubOrderModels.SubOrderItemModel, System.Collections.Generic.ICollection<Order.Infrastructure.Entities.SubOrderModels.SubOrderItemRemarkModel>>
7ffcf58c94c0       3        192 AutoMapper.Configuration.MemberConfigurationExpression<Order.Business.Mediator.Commands.OrderFront.CreateOrderItemFrontViewModel, Order.Infrastructure.Entities.SubOrderModels.SubOrderItemModel, System.Collections.Generic.ICollection<Order.Infrastructure.Entities.SubOrderModels.SubOrderItemBarcodeModel>>
7ffcf58e1948       3        192 AutoMapper.Configuration.MemberConfigurationExpression<Order.Infrastructure.Entities.OrderModels.OrderModel, Order.Domain.AggregatesModel.FrontAPI.Order.OrderDetailFrontView, System.Object>
7ffcf58e3c20       6        192 System.Linq.Expressions.Expression1<System.Func<Order.Domain.AggregatesModel.FrontAPI.Order.OrderDetailFrontView, System.DateTime>>
7ffcf585f158       6        192 System.Linq.Expressions.Expression1<System.Func<Order.Infrastructure.Entities.OrderModels.OrderModel, System.DateTime>>
7ffcf58ee088       3        192 AutoMapper.Configuration.MemberConfigurationExpression<Order.Business.Mediator.Commands.OrderFront.UpdateOrderFrontViewModel, Order.Infrastructure.Entities.OrderModels.OrderModel, System.DateTime>
7ffcf58ee758       6        192 System.Linq.Expressions.Expression1<System.Func<Order.Business.Mediator.Commands.OrderFront.UpdateOrderFrontViewModel, System.Nullable<System.DateTime>>>
7ffcf58eed78       3        192 AutoMapper.Configuration.MemberConfigurationExpression<Order.Business.Mediator.Commands.OrderFront.UpdateOrderFrontViewModel, Order.Infrastructure.Entities.OrderModels.OrderModel, System.Collections.Generic.ICollection<Order.Infrastructure.Entities.OrderModels.OrderAddressModel>>
7ffcf58ef210       3        192 AutoMapper.Configuration.MemberConfigurationExpression<Order.Business.Mediator.Commands.OrderFront.UpdateOrderFrontViewModel, Order.Infrastructure.Entities.OrderModels.OrderModel, System.Collections.Generic.ICollection<Order.Infrastructure.Entities.OrderModels.OrderItemModel>>
7ffcf58ef990       3        192 AutoMapper.Configuration.MemberConfigurationExpression<Order.Business.Mediator.Commands.OrderFront.UpdateOrderFrontViewModel, Order.Infrastructure.Entities.OrderModels.OrderModel, System.Collections.Generic.ICollection<Order.Infrastructure.Entities.OrderModels.OrderPaymentModel>>
7ffcf58f1550       3        192 AutoMapper.Configuration.MemberConfigurationExpression<Order.Business.Mediator.Commands.OrderFront.UpdateOrderItemFront, Order.Infrastructure.Entities.OrderModels.OrderItemModel, System.Int32>
7ffcf58f23f0       3        192 AutoMapper.Configuration.MemberConfigurationExpression<Order.Business.Mediator.Commands.OrderFront.UpdateOrderItemFront, Order.Infrastructure.Entities.OrderModels.OrderItemModel, System.String>
7ffcf58f2ac0       6        192 System.Linq.Expressions.Expression1<System.Func<Order.Business.Mediator.Commands.OrderFront.UpdateOrderItemFront, System.String>>
7ffcf58f2df8       3        192 AutoMapper.Configuration.MemberConfigurationExpression<Order.Business.Mediator.Commands.OrderFront.UpdateOrderItemFront, Order.Infrastructure.Entities.OrderModels.OrderItemModel, Order.Infrastructure.Entities.OrderModels.OrderItemAmountModel>
7ffcf58f3290       3        192 AutoMapper.Configuration.MemberConfigurationExpression<Order.Business.Mediator.Commands.OrderFront.UpdateOrderItemFront, Order.Infrastructure.Entities.OrderModels.OrderItemModel, Order.Infrastructure.Entities.OrderModels.OrderItemPromotionModel>
7ffcf58f71c8       3        192 AutoMapper.Configuration.MemberConfigurationExpression<Order.Business.Mediator.Commands.OrderFront.UpdateOrderFrontViewModel, Order.Business.Mediator.Commands.OrderFront.UpdateSubOrderFrontViewModel, System.Nullable<System.DateTime>>
7ffcf58f7b78       3        192 AutoMapper.Configuration.MemberConfigurationExpression<Order.Business.Mediator.Commands.OrderFront.UpdateOrderFrontViewModel, Order.Business.Mediator.Commands.OrderFront.UpdateSubOrderFrontViewModel, System.Collections.Generic.List<Order.Business.Mediator.Commands.OrderFront.SubOrderAddressViewModel>>
7ffcf58f82f8       3        192 AutoMapper.Configuration.MemberConfigurationExpression<Order.Business.Mediator.Commands.OrderFront.UpdateOrderFrontViewModel, Order.Business.Mediator.Commands.OrderFront.UpdateSubOrderFrontViewModel, System.Collections.Generic.List<Order.Business.Mediator.Commands.OrderFront.UpdateSubOrderItemFront>>
7ffcf58f9f98       3        192 AutoMapper.Configuration.MemberConfigurationExpression<Order.Business.Mediator.Commands.OrderFront.UpdateOrderItemFront, Order.Business.Mediator.Commands.OrderFront.UpdateSubOrderItemFront, System.Int32>
7ffcf58fa718       3        192 AutoMapper.Configuration.MemberConfigurationExpression<Order.Business.Mediator.Commands.OrderFront.UpdateOrderItemFront, Order.Business.Mediator.Commands.OrderFront.UpdateSubOrderItemFront, System.Nullable<System.Decimal>>
7ffcf58fafa8       3        192 AutoMapper.Configuration.MemberConfigurationExpression<Order.Business.Mediator.Commands.OrderFront.UpdateOrderItemFront, Order.Business.Mediator.Commands.OrderFront.UpdateSubOrderItemFront, System.String>
7ffcf58fb838       3        192 AutoMapper.Configuration.MemberConfigurationExpression<Order.Business.Mediator.Commands.OrderFront.UpdateOrderItemFront, Order.Business.Mediator.Commands.OrderFront.UpdateSubOrderItemFront, System.Decimal>
7ffcf58fc0c8       3        192 AutoMapper.Configuration.MemberConfigurationExpression<Order.Business.Mediator.Commands.OrderFront.UpdateOrderItemFront, Order.Business.Mediator.Commands.OrderFront.UpdateSubOrderItemFront, Order.Business.Mediator.Commands.OrderFront.UpdateSubOrderItemAmountViewModel>
7ffcf58fc848       3        192 AutoMapper.Configuration.MemberConfigurationExpression<Order.Business.Mediator.Commands.OrderFront.UpdateOrderItemFront, Order.Business.Mediator.Commands.OrderFront.UpdateSubOrderItemFront, Order.Business.Mediator.Commands.OrderFront.UpdateSubOrderItemPromotionOtherViewModel>
7ffcf59124b8       3        192 AutoMapper.Configuration.MemberConfigurationExpression<Order.Business.Mediator.Commands.OrderFront.UpdateSubOrderFrontViewModel, Order.Infrastructure.Entities.SubOrderModels.SubOrderModel, System.DateTime>
7ffcf5912d48       3        192 AutoMapper.Configuration.MemberConfigurationExpression<Order.Business.Mediator.Commands.OrderFront.UpdateSubOrderFrontViewModel, Order.Infrastructure.Entities.SubOrderModels.SubOrderModel, System.Collections.Generic.ICollection<Order.Infrastructure.Entities.SubOrderModels.SubOrderAddressModel>>
7ffcf59131e0       3        192 AutoMapper.Configuration.MemberConfigurationExpression<Order.Business.Mediator.Commands.OrderFront.UpdateSubOrderFrontViewModel, Order.Infrastructure.Entities.SubOrderModels.SubOrderModel, System.Collections.Generic.ICollection<Order.Infrastructure.Entities.SubOrderModels.SubOrderItemModel>>
7ffcf59148b0       3        192 AutoMapper.Configuration.MemberConfigurationExpression<Order.Business.Mediator.Commands.OrderFront.UpdateSubOrderItemFront, Order.Infrastructure.Entities.SubOrderModels.SubOrderItemModel, System.Int32>
7ffcf58fb648       6        192 System.Linq.Expressions.Expression1<System.Func<Order.Business.Mediator.Commands.OrderFront.UpdateSubOrderItemFront, System.Decimal>>
7ffcf59152f0       3        192 AutoMapper.Configuration.MemberConfigurationExpression<Order.Business.Mediator.Commands.OrderFront.UpdateSubOrderItemFront, Order.Infrastructure.Entities.SubOrderModels.SubOrderItemModel, System.String>
7ffcf5915898       3        192 AutoMapper.Configuration.MemberConfigurationExpression<Order.Business.Mediator.Commands.OrderFront.UpdateSubOrderItemFront, Order.Infrastructure.Entities.SubOrderModels.SubOrderItemModel, Order.Infrastructure.Entities.SubOrderModels.SubOrderItemAmountModel>
7ffcf5915d30       3        192 AutoMapper.Configuration.MemberConfigurationExpression<Order.Business.Mediator.Commands.OrderFront.UpdateSubOrderItemFront, Order.Infrastructure.Entities.SubOrderModels.SubOrderItemModel, Order.Infrastructure.Entities.SubOrderModels.SubOrderItemPromotionModel>
7ffcf58fd420       6        192 System.Linq.Expressions.Expression1<System.Func<Order.Business.Mediator.Commands.OrderFront.UpdateSubOrderItemAmountDetailViewModel, System.Decimal>>
7ffcf58fdcb0       6        192 System.Linq.Expressions.Expression1<System.Func<Order.Business.Mediator.Commands.OrderFront.UpdateSubOrderItemAmountDetailViewModel, System.Nullable<System.Decimal>>>
7ffcf591bca8       3        192 AutoMapper.Configuration.MemberConfigurationExpression<Order.Infrastructure.Data.Readonlys.CompanyBuMapping.GetCompanyBuMappingByIdViewModelDto, Order.Business.Dtos.ViewModels.CompanyBuMapping.GetCompanyBuMappingByIdViewModel, System.Int32>
7ffcf591df48       6        192 System.Linq.Expressions.Expression1<System.Func<Order.Infrastructure.Data.Readonlys.CompanyBuMapping.GetCompanyBuMappingByIdViewModelDto, System.Boolean>>
7ffcf591e780       3        192 AutoMapper.Configuration.MemberConfigurationExpression<Order.Infrastructure.Data.Readonlys.CompanyBuMapping.GetCompanyBuMappingByIdViewModelDto, Order.Business.Dtos.ViewModels.CompanyBuMapping.GetCompanyBuMappingByIdViewModel, System.DateTime>
7ffcf5921c00       3        192 AutoMapper.Configuration.MemberConfigurationExpression<Order.Infrastructure.Data.Readonlys.CompanyBuMapping.GetCompanyBuMappingViewModelDto, Order.Business.Dtos.ViewModels.CompanyBuMapping.GetCompanyBuMappingViewModel, System.Int32>
7ffcf5922fc0       6        192 System.Linq.Expressions.Expression1<System.Func<Order.Infrastructure.Data.Readonlys.CompanyBuMapping.GetCompanyBuMappingViewModelDto, System.Boolean>>
7ffcf59235e0       3        192 AutoMapper.Configuration.MemberConfigurationExpression<Order.Infrastructure.Data.Readonlys.CompanyBuMapping.GetCompanyBuMappingViewModelDto, Order.Business.Dtos.ViewModels.CompanyBuMapping.GetCompanyBuMappingViewModel, System.DateTime>
7ffcf5926600       3        192 AutoMapper.Configuration.MemberConfigurationExpression<Order.Business.Mediator.Queries.CompanyBUMapping.GetCompanyBuMappingsQuery, Order.Infrastructure.Data.Readonlys.CompanyBuMapping.GetCompanyBuMappingsQueryDto, System.Boolean>
7ffcf59279c0       6        192 System.Linq.Expressions.Expression1<System.Func<Order.Business.Mediator.Queries.CompanyBUMapping.GetCompanyBuMappingsQuery, System.Int32>>
7ffcf57ded18       3        192 AutoMapper.Configuration.MemberConfigurationExpression<Order.Infrastructure.Entities.OrderModels.OrderItemModel, CommonApiMessage.AggregatesModel.OrderMessage.OrderMessageItemViewModel, System.Int32>
7ffcf5800c10       3        192 AutoMapper.Configuration.MemberConfigurationExpression<Order.Infrastructure.Entities.OrderModels.OrderItemModel, CommonApiMessage.AggregatesModel.OrderMessage.OrderMessageItemViewModel, System.Collections.Generic.List<CommonApiMessage.AggregatesModel.OrderMessage.OrderMessageSubBarcodeViewModel>>
7ffcf5802890       3        192 AutoMapper.Configuration.MemberConfigurationExpression<Order.Infrastructure.Entities.OrderModels.OrderItemFulFillmentModel, CommonApiMessage.AggregatesModel.OrderMessage.OrderMessageItemFulFillmentViewModel, System.Collections.Generic.List<CommonApiMessage.AggregatesModel.OrderMessage.OrderMessageItemFulFillmentServiceTypeViewModel>>
7ffcf5803610       3        192 AutoMapper.Configuration.MemberConfigurationExpression<Order.Infrastructure.Entities.OrderModels.OrderItemFulFillmentModel, CommonApiMessage.AggregatesModel.OrderMessage.OrderMessageItemFulFillmentViewModel, System.Collections.Generic.List<CommonApiMessage.AggregatesModel.OrderMessage.OrderMessageItemDeliveryWindowViewModel>>
7ffcf5804808       3        192 AutoMapper.Configuration.MemberConfigurationExpression<Order.Infrastructure.Entities.OrderModels.OrderItemFulFillmentModel, CommonApiMessage.AggregatesModel.OrderMessage.OrderMessageItemFulFillmentViewModel, System.String>
7ffcf5806348       3        192 AutoMapper.Configuration.MemberConfigurationExpression<Order.Infrastructure.Entities.OrderModels.OrderItemFulFillmentModel, CommonApiMessage.AggregatesModel.OrderMessage.OrderMessageItemFulFillmentViewModel, System.Nullable<System.DateTime>>
7ffcf580b630       3        192 AutoMapper.Configuration.MemberConfigurationExpression<Order.Infrastructure.Entities.OrderModels.OrderItemBarcodeModel, CommonApiMessage.AggregatesModel.OrderMessage.OrderMessageSubBarcodeViewModel, System.String>
7ffcf581fb00       6        192 System.Linq.Expressions.Expression1<System.Func<Order.Infrastructure.Entities.SubOrderModels.SubOrderAddressModel, System.String>>
7ffcf58207e8       3        192 AutoMapper.Configuration.MemberConfigurationExpression<Order.Infrastructure.Entities.SubOrderModels.SubOrderItemModel, CommonApiMessage.AggregatesModel.SubOrderMessage.SubOrderMessageItemViewModel, System.Int32>
7ffcf58221c8       3        192 AutoMapper.Configuration.MemberConfigurationExpression<Order.Infrastructure.Entities.SubOrderModels.SubOrderItemModel, CommonApiMessage.AggregatesModel.SubOrderMessage.SubOrderMessageItemViewModel, System.Collections.Generic.List<CommonApiMessage.AggregatesModel.SubOrderMessage.SubOrderMessageItemSubBarcodeViewModel>>
7ffcf5823e48       3        192 AutoMapper.Configuration.MemberConfigurationExpression<Order.Infrastructure.Entities.SubOrderModels.SubOrderItemFulFillmentModel, CommonApiMessage.AggregatesModel.SubOrderMessage.SubOrderMessageItemFulFillmentViewModel, System.Collections.Generic.List<CommonApiMessage.AggregatesModel.SubOrderMessage.SubOrderMessageItemFulFillmentServiceTypeViewModel>>
7ffcf5824bc8       3        192 AutoMapper.Configuration.MemberConfigurationExpression<Order.Infrastructure.Entities.SubOrderModels.SubOrderItemFulFillmentModel, CommonApiMessage.AggregatesModel.SubOrderMessage.SubOrderMessageItemFulFillmentViewModel, System.String>
7ffcf58258b8       3        192 AutoMapper.Configuration.MemberConfigurationExpression<Order.Infrastructure.Entities.SubOrderModels.SubOrderItemFulFillmentModel, CommonApiMessage.AggregatesModel.SubOrderMessage.SubOrderMessageItemFulFillmentViewModel, System.Nullable<System.DateTime>>
7ffcf58406e0       3        192 AutoMapper.Configuration.MemberConfigurationExpression<Order.Infrastructure.Entities.Promotion.PromotionItemModel, CommonApiMessage.AggregatesModel.SubOrderMessage.SubOrderMessageItemViewModel, System.Int32>
7ffcf5842638       3        192 AutoMapper.Configuration.MemberConfigurationExpression<Order.Business.Mediator.Commands.RoleChannelMapping.CreateRoleChannelMappingCommand, Order.Infrastructure.Data.Readonlys.RoleChannelMapping.CreateRoleChannelMappingCommandDto, System.Int32>
7ffcf58439f8       6        192 System.Linq.Expressions.Expression1<System.Func<Order.Business.Mediator.Commands.RoleChannelMapping.CreateRoleChannelMappingCommand, System.String>>
7ffcf581f240       6        192 System.Linq.Expressions.Expression1<System.Func<CommonApiMessage.AggregatesModel.SubOrderMessage.SubOrderMessageAddressViewModel, System.String>>
7ffcf5848b18       6        192 System.Linq.Expressions.Expression1<System.Func<Order.Domain.AggregatesModel.Order.PackingDetails, System.String>>
7ffcf5849f88       3        192 AutoMapper.Configuration.MemberConfigurationExpression<Order.Domain.AggregatesModel.Order.PackingDetails, Order.Business.Responses.Order.ProductByPacking, System.Nullable<System.Decimal>>
7ffcf584cf00       6        192 System.Linq.Expressions.Expression1<System.Func<CommonApiMessage.AggregatesModel.OrderMessage.OrderMessageAddressViewModel, System.String>>
7ffcf57dfac0       6        192 System.Linq.Expressions.Expression1<System.Func<CommonApiMessage.AggregatesModel.OrderMessage.OrderMessageItemViewModel, System.String>>
7ffcf584e3f8       3        192 AutoMapper.Configuration.MemberConfigurationExpression<CommonApiMessage.AggregatesModel.OrderMessage.OrderMessageItemViewModel, Order.Business.Responses.Order.Product, System.Nullable<System.Decimal>>
7ffcf585dba0       3        192 AutoMapper.Configuration.MemberConfigurationExpression<Order.Business.Mediator.Commands.OrderFront.CreateOrderFrontManualViewModel, Order.Infrastructure.Entities.OrderModels.OrderModel, System.Int32>
7ffcf58714a8       3        192 AutoMapper.Configuration.MemberConfigurationExpression<Order.Business.Mediator.Commands.OrderFront.CreateOrderFrontManualViewModel, Order.Infrastructure.Entities.OrderModels.OrderModel, System.Collections.Generic.ICollection<Order.Infrastructure.Entities.OrderModels.OrderItemModel>>
7ffcf5871c28       3        192 AutoMapper.Configuration.MemberConfigurationExpression<Order.Business.Mediator.Commands.OrderFront.CreateOrderFrontManualViewModel, Order.Infrastructure.Entities.OrderModels.OrderModel, System.Collections.Generic.ICollection<Order.Infrastructure.Entities.OrderModels.OrderFeeModel>>
7ffcf58729d0       6        192 AutoMapper.Configuration.MemberConfigurationExpression<Order.Business.Mediator.Commands.OrderFront.OrderAddressFrontManualViewModel, Order.Infrastructure.Entities.OrderModels.OrderAddressModel, System.String>+<>c__DisplayClass40_0
7ffcf5873dc8       6        192 AutoMapper.Configuration.MemberConfigurationExpression<Order.Business.Mediator.Commands.OrderFront.CreateOrderPaymentFrontManualViewModel, Order.Infrastructure.Entities.OrderModels.OrderPaymentModel, System.String>+<>c__DisplayClass40_0
7ffcf58748b0       3        192 AutoMapper.Configuration.MemberConfigurationExpression<Order.Business.Mediator.Commands.OrderFront.CreateOrderPaymentFrontManualViewModel, Order.Infrastructure.Entities.OrderModels.OrderPaymentModel, System.DateTime>
7ffcf58755a0       3        192 AutoMapper.Configuration.MemberConfigurationExpression<Order.Business.Mediator.Commands.OrderFront.CreateOrderPaymentFrontManualViewModel, Order.Infrastructure.Entities.OrderModels.OrderPaymentModel, System.Collections.Generic.ICollection<Order.Infrastructure.Entities.OrderModels.OrderPaymentTransactionModel>>
7ffcf587faf8       3        192 AutoMapper.Configuration.MemberConfigurationExpression<Order.Business.Mediator.Commands.OrderFront.CreateOrderItemFrontManualViewModel, Order.Infrastructure.Entities.OrderModels.OrderItemModel, System.DateTime>
7ffcf5880f58       3        192 AutoMapper.Configuration.MemberConfigurationExpression<Order.Business.Mediator.Commands.OrderFront.CreateOrderItemFrontManualViewModel, Order.Infrastructure.Entities.OrderModels.OrderItemModel, Order.Infrastructure.Entities.OrderModels.OrderItemFulFillmentModel>
7ffcf5881c48       3        192 AutoMapper.Configuration.MemberConfigurationExpression<Order.Business.Mediator.Commands.OrderFront.CreateOrderItemFrontManualViewModel, Order.Infrastructure.Entities.OrderModels.OrderItemModel, Order.Infrastructure.Entities.OrderModels.OrderItemPromotionModel>
7ffcf58823c8       3        192 AutoMapper.Configuration.MemberConfigurationExpression<Order.Business.Mediator.Commands.OrderFront.CreateOrderItemFrontManualViewModel, Order.Infrastructure.Entities.OrderModels.OrderItemModel, Order.Infrastructure.Entities.OrderModels.OrderItemAmountModel>
7ffcf5882b48       3        192 AutoMapper.Configuration.MemberConfigurationExpression<Order.Business.Mediator.Commands.OrderFront.CreateOrderItemFrontManualViewModel, Order.Infrastructure.Entities.OrderModels.OrderItemModel, System.Collections.Generic.ICollection<Order.Infrastructure.Entities.OrderModels.OrderItemPaymentModel>>
7ffcf58832c8       3        192 AutoMapper.Configuration.MemberConfigurationExpression<Order.Business.Mediator.Commands.OrderFront.CreateOrderItemFrontManualViewModel, Order.Infrastructure.Entities.OrderModels.OrderItemModel, System.Collections.Generic.ICollection<Order.Infrastructure.Entities.OrderModels.OrderItemRemarkModel>>
7ffcf5883760       3        192 AutoMapper.Configuration.MemberConfigurationExpression<Order.Business.Mediator.Commands.OrderFront.CreateOrderItemFrontManualViewModel, Order.Infrastructure.Entities.OrderModels.OrderItemModel, System.Collections.Generic.ICollection<Order.Infrastructure.Entities.OrderModels.OrderItemBarcodeModel>>
7ffcf5884240       3        192 AutoMapper.Configuration.MemberConfigurationExpression<Order.Business.Mediator.Commands.OrderFront.CreateOrderFrontManualViewModel, Order.Infrastructure.Entities.SubOrderModels.SubOrderModel, System.Int32>
7ffcf58858b8       3        192 AutoMapper.Configuration.MemberConfigurationExpression<Order.Business.Mediator.Commands.OrderFront.CreateOrderFrontManualViewModel, Order.Infrastructure.Entities.SubOrderModels.SubOrderModel, System.Collections.Generic.ICollection<Order.Infrastructure.Entities.SubOrderModels.SubOrderItemModel>>
7ffcf59cbf90       6        192 System.Collections.Generic.List<AutoMapper.ConstructorParameterMap>
7ffcf475e6f8       3        192 System.Func<CommonApiMessage.AggregatesModel.WebRequest.Abstraction.WebRequestBase, System.String>
7ffcf475e888       3        192 System.Action<CommonApiMessage.AggregatesModel.WebRequest.Abstraction.WebRequestBase, System.String>
7ffcf4743c20       4        192 Microsoft.AspNetCore.Mvc.HttpPutAttribute
7ffcf47807f8       3        192 System.Func<Order.Business.Mediator.Commands.SysInsuranceConfiguration.GetInsuranceConfigurationCommand, System.String>
7ffcf4780988       3        192 System.Action<Order.Business.Mediator.Commands.SysInsuranceConfiguration.GetInsuranceConfigurationCommand, System.String>
7ffcf47834e8       3        192 System.Func<Order.Business.Mediator.Commands.Order.UpdateOrderAddressCommand, System.String>
7ffcf4783678       3        192 System.Action<Order.Business.Mediator.Commands.Order.UpdateOrderAddressCommand, System.String>
7ffcf4786980       3        192 System.Func<Order.Business.Mediator.Commands.OrderReturn.CreateOrderReturnCommand, System.String>
7ffcf4786b10       3        192 System.Action<Order.Business.Mediator.Commands.OrderReturn.CreateOrderReturnCommand, System.String>
7ffcf4794ff8       3        192 System.Func<Microsoft.AspNetCore.Mvc.Filters.IFilterMetadata, Microsoft.AspNetCore.Mvc.Filters.FilterDescriptor>
7ffcf4916200       6        192 System.Collections.Concurrent.SingleProducerSingleConsumerQueue<RabbitMQ.Client.Impl.Work>
7ffcf4910578       1        192 System.Collections.Generic.Dictionary<System.Int32, RabbitMQ.Client.Impl.ISession>+Entry[]
7ffcf47b2a28       6        192 System.Collections.Generic.List<EventBus.InMemoryEventBusSubscriptionsManager+SubscriptionInfo>
7ffcf47b29b0       6        192 EventBus.InMemoryEventBusSubscriptionsManager+SubscriptionInfo
7ffcf4911db8       1        192 System.Collections.Generic.Dictionary<System.String, System.Collections.Generic.List<EventBus.InMemoryEventBusSubscriptionsManager+SubscriptionInfo>>+Entry[]
7ffcf4950d30       3        192 System.Func<System.Collections.Generic.KeyValuePair<System.String, System.String>, System.String>
7ffcf4959e30       3        192 System.Func<System.IntPtr>
7ffcf4972410       3        192 System.Func<System.IntPtr, System.String, System.String, Confluent.Kafka.ErrorCode>
7ffcf4a1c990       4        192 System.Runtime.InteropServices.PosixSignalRegistration+Token[]
7ffcf4a33b48       1        192 Microsoft.Extensions.Options.IConfigureOptions<Microsoft.Extensions.Options.StartupValidatorOptions>[]
7ffcf460c498       6        192 Microsoft.AspNetCore.DataProtection.Secret
7ffcf4ab46f0       3        192 System.Reflection.InvokerEmitUtil+InvokeFunc_Obj4Args
7ffcf4485fd8       1        192 System.Collections.Generic.Dictionary<System.String, System.Collections.Generic.List<Microsoft.Extensions.Diagnostics.Metrics.FactoryMeter>>+Entry[]
7ffcf4ac4210       3        192 System.Func<System.Object, Microsoft.AspNetCore.Http.HttpContext, System.IServiceProvider, System.Threading.Tasks.Task>
7ffcf4af8378       1        192 Microsoft.IO.RecyclableMemoryStreamManager
7ffcf44ac740       2        192 Microsoft.AspNetCore.Diagnostics.DeveloperExceptionPageMiddlewareImpl
7ffcf4b0be98       3        192 System.Func<Microsoft.AspNetCore.Mvc.Filters.FilterDescriptor, Microsoft.AspNetCore.Mvc.Filters.IFilterMetadata>
7ffcf61b0388       3        192 System.Func<Microsoft.EntityFrameworkCore.Metadata.INavigation, System.Boolean>
7ffcf5a10b90       3        192 System.Func<System.Type, System.Reflection.MethodInfo>
7ffcf68504f0       4        192 System.Configuration.Internal.FileVersion
7ffcf68d97a0       3        192 System.Func<Microsoft.Extensions.Logging.LogLevel, System.Action<Microsoft.Extensions.Logging.ILogger, System.String, System.Exception>>
7ffcf6940b80       3        192 System.Func<Microsoft.Extensions.Logging.LogLevel, System.Action<Microsoft.Extensions.Logging.ILogger, System.String, System.String, System.Int32, System.Exception>>
7ffcf6940a78       3        192 System.Action<Microsoft.Extensions.Logging.ILogger, System.String, System.String, System.Int32, System.Exception>
7ffcf6967658       2        192 Microsoft.EntityFrameworkCore.Storage.ValueConversion.CollectionToJsonStringConverter<System.String>
7ffcf4b328e8       3        192 Microsoft.AspNetCore.Connections.ConnectionDelegate
7ffcf35d1f88       3        192 System.Action<System.Object, System.Threading.CancellationToken>
7ffcf4c932e0       2        192 System.Collections.Generic.Dictionary<System.String, Microsoft.OpenApi.Models.OpenApiInfo>+Entry[]
7ffcf4cadf40       3        192 System.Func<Microsoft.AspNetCore.Mvc.ApiExplorer.ApiParameterDescription, System.Boolean>
7ffcf4d452b8       3        192 System.Action<Microsoft.OpenApi.Writers.IOpenApiWriter, Microsoft.OpenApi.Models.OpenApiServer>
7ffcf4d45d78       3        192 System.Action<Microsoft.OpenApi.Writers.IOpenApiWriter, Microsoft.OpenApi.Models.OpenApiExternalDocs>
7ffcf4dd1580       3        192 System.Action<Microsoft.OpenApi.Writers.IOpenApiWriter, Microsoft.OpenApi.Models.OpenApiMediaType>
7ffcf4e2d888       3        192 System.Buffers.SpanAction<System.Char, System.ReadOnlySpan<System.Byte>>
7ffcf4e7c7e0       3        192 System.Func<System.Net.Http.Headers.MediaTypeHeaderValue>
7ffcf4e91020       4        192 System.Net.Http.Headers.TransferCodingHeaderParser
7ffcf528d068       3        192 System.Action<Microsoft.Extensions.Logging.ILogger, System.Type, System.String, System.Exception>
7ffcf58515e0       3        192 System.Action<AutoMapper.IMemberConfigurationExpression<Order.Business.Mediator.Commands.OrderFront.CreateOrderPaymentFrontManualViewModel, Order.Infrastructure.Entities.OrderModels.OrderPaymentModel, System.String>>
7ffcf5d24500       3        192 System.Func<System.ValueTuple<Microsoft.EntityFrameworkCore.Metadata.Internal.InternalForeignKeyBuilder, System.Boolean, Microsoft.EntityFrameworkCore.Metadata.Internal.InternalForeignKeyBuilder+Resolution, System.Boolean>, System.Boolean>
7ffcf5c7de18       1        192 System.Collections.Generic.Dictionary<System.Type, System.Collections.Generic.List<Microsoft.EntityFrameworkCore.Metadata.IConventionEntityType>>+Entry[]
7ffcf5ff5e40       3        192 System.Func<Microsoft.EntityFrameworkCore.Metadata.IConventionSkipNavigation, System.Boolean>
7ffcf61c8e90       3        192 System.Func<Microsoft.EntityFrameworkCore.Storage.CoreTypeMapping, Microsoft.EntityFrameworkCore.ChangeTracking.ValueComparer>
7ffcf626a4f8       3        192 System.Func<Microsoft.EntityFrameworkCore.Metadata.IEntityType, System.Collections.Generic.IEnumerable<Microsoft.EntityFrameworkCore.Metadata.IForeignKey>>
7ffcf61b7dd8       3        192 System.Func<System.Boolean, Microsoft.EntityFrameworkCore.ChangeTracking.Internal.IIdentityMap>
7ffcf6c4d1c8       3        192 System.Func<Microsoft.EntityFrameworkCore.ChangeTracking.Internal.ISnapshot>
7ffcf4b96f18       5        200 System.Text.Json.JsonSerializerOptions+CachingContext
7ffcf4b97278       5        200 System.Collections.Concurrent.ConcurrentDictionary<System.Type, System.Text.Json.JsonSerializerOptions+CachingContext+CacheEntry>
7ffcf35a9d10       1        200 System.Threading.PortableThreadPool+HillClimbing
7ffcf3498068       1        200 System.Buffers.ProbabilisticWithAsciiCharSearchValues<System.Buffers.IndexOfAnyAsciiSearcher+Default>
7ffcf38514f0       1        200 System.Collections.Generic.HashSet<System.RuntimeType>+Entry[]
7ffcf3ab3bb0       1        200 Microsoft.Extensions.Logging.EventSource.LoggingEventSource
7ffcf43ca110       5        200 System.Collections.Concurrent.ConcurrentDictionary<System.String, System.String>
7ffcf47fb340       1        200 RabbitMQ.Client.Framing.Impl.AutorecoveringConnection
7ffcf34973a0       1        200 System.Buffers.ProbabilisticWithAsciiCharSearchValues<System.Buffers.IndexOfAnyAsciiSearcher+Ssse3AndWasmHandleZeroInNeedle>
7ffcf6826a08       5        200 System.Configuration.ConfigurationSchemaErrors
7ffcf55f4d98       1        200 Microsoft.Extensions.DependencyInjection.DependencyInjectionEventSource
7ffcf3bde328       2        208 EventBus.Kafka.EventBusKafkaSetting
7ffcf49465f8       1        208 Confluent.Kafka.Producer<Confluent.Kafka.Null, System.String>
7ffcf68275c0       2        208 System.Configuration.SectionXmlInfo
7ffcf4c72a58       1        208 Confluent.Kafka.Consumer<Confluent.Kafka.Ignore, System.String>
7ffcf57b03b8       1        208 AutoMapper.MapperConfiguration
7ffcf45896d0       9        216 System.Resources.ResourceManager+ResourceManagerMediator
7ffcf4589360       9        216 System.Resources.ManifestBasedResourceGroveler
7ffcf39e4bc8       1        216 System.Diagnostics.DiagnosticSourceEventSource
7ffcf377ebe8       3        216 System.Collections.Generic.HashSet<System.Reflection.Assembly>+Entry[]
7ffcf43706f0       3        216 System.Threading.Tasks.Task<System.Boolean>
7ffcf64c47b8       2        216 System.Collections.Generic.HashSet<System.Linq.Expressions.ExpressionType>+Entry[]
7ffcf81ed538       9        216 System.Collections.Generic.Dictionary<System.Int32, System.Diagnostics.Tracing.EventSource+EventMetadata>+KeyCollection
7ffcf81f8f48       9        216 System.Collections.Generic.Dictionary<System.Int32, System.Diagnostics.Tracing.EventSource+EventMetadata>+ValueCollection
7ffcf368fcf0       4        224 System.Collections.Concurrent.ConcurrentDictionary<System.String, Microsoft.Extensions.FileProviders.Physical.PhysicalFilesWatcher+ChangeTokenInfo>+Tables
7ffcf3b0b0e0       7        224 Microsoft.Win32.SafeHandles.SafeRegistryHandle
7ffcf4219950       4        224 System.Collections.Concurrent.ConcurrentDictionary<System.Type, System.Boolean>+Tables
7ffcf483b0f8       1        224 System.Net.NameResolutionTelemetry
7ffcf48da3c0       1        224 RabbitMQ.Client.Framing.Impl.Model
7ffcf682d870       4        224 System.Configuration.StreamInfo
7ffcf4d0be18       4        224 System.Collections.Concurrent.ConcurrentDictionary<System.UInt64, System.Text.Json.JsonEncodedText>+Tables
7ffcf4d0c6c0       4        224 System.Collections.Concurrent.ConcurrentDictionary<System.String, System.UInt64>+Tables
7ffcf4f37200       4        224 System.Text.Json.Serialization.Converters.EnumConverter<Swashbuckle.AspNetCore.SwaggerUI.ModelRendering>+EnumFieldInfo
7ffcf3d530e0       1        224 AutoMapper.MapperConfigurationExpression
7ffcf6017758       7        224 System.RuntimeType+CreateUninitializedCache
7ffcf39ae968       3        232 Serilog.Sinks.SystemConsole.Output.OutputTemplateTokenRenderer[]
7ffcf47b0fe0       1        232 RabbitMQ.Client.Framing.Impl.Connection
7ffcf51dcbb0       1        232 System.Collections.Concurrent.ConcurrentQueueSegment<Microsoft.AspNetCore.Routing.UriBuildingContext>
7ffcf3581050       1        232 System.Collections.Concurrent.ConcurrentQueueSegment<System.Threading.PortableThreadPool+IOCompletionPoller+Event>
7ffcf467d0d8       2        240 Microsoft.AspNetCore.Mvc.Routing.ConventionalRouteEntry[]
7ffcf6bc4230      10        240 Microsoft.EntityFrameworkCore.Storage.ExecutionStrategy+<>c__DisplayClass28_0<Microsoft.EntityFrameworkCore.Query.Internal.SplitQueryingEnumerable<Order.Infrastructure.Entities.SubOrderModels.SubOrderModel>+Enumerator, System.Boolean>
7ffcf368a528       2        240 System.IO.FileSystemWatcher
7ffcf369d478       5        240 Microsoft.Extensions.Configuration.EnvironmentVariables.EnvironmentVariablesConfigurationProvider
7ffcf39a0ff8       3        240 System.Collections.Generic.Dictionary<Serilog.Sinks.SystemConsole.Themes.ConsoleThemeStyle, Serilog.Sinks.SystemConsole.Themes.SystemConsoleThemeStyle>
7ffcf389d698       3        240 System.TimeZoneInfo
7ffcf3b046a8       3        240 System.Diagnostics.Metrics.Meter
7ffcf4846bc8       6        240 System.Net.IPAddress+ReadOnlyIPAddress
7ffcf48486b8       3        240 System.Net.Sockets.DynamicWinsockMethods
7ffcf4654090       5        240 Microsoft.Extensions.Logging.LoggerMessage+<>c__DisplayClass12_0<System.Guid, System.String>
7ffcf59afbb0       6        240 AutoMapper.ConstructorMap
7ffcf4916e50       6        240 System.Threading.Channels.SingleConsumerUnboundedChannel<RabbitMQ.Client.Impl.Work>+UnboundedChannelReader
7ffcf35d77f0       3        240 System.Threading.Tasks.Task+ContingentProperties
7ffcf460c900       6        240 Microsoft.AspNetCore.Cryptography.SafeHandles.SecureLocalAllocHandle
7ffcf4b46810       2        240 System.Runtime.CompilerServices.AsyncTaskMethodBuilder<System.Threading.Tasks.VoidTaskResult>+AsyncStateMachineBox<Microsoft.AspNetCore.Server.Kestrel.Core.Internal.ConnectionDispatcher<Microsoft.AspNetCore.Connections.ConnectionContext>+<>c__DisplayClass10_0+<<StartAcceptingConnectionsCore>g__AcceptConnectionsAsync|0>d>
7ffcf4a9e7d0       1        240 Microsoft.AspNetCore.Hosting.HostingEventSource
7ffcf4b088f8       3        240 Microsoft.AspNetCore.Diagnostics.ExtensionsExceptionJsonContext
7ffcf4293890      10        240 System.Linq.Expressions.ParameterExpression
7ffcf4f3b338       5        240 System.Text.Json.Serialization.Converters.EnumConverter<Swashbuckle.AspNetCore.SwaggerUI.DocExpansion>+EnumFieldInfo[]
7ffcf5231ca0       6        240 Microsoft.AspNetCore.Mvc.Filters.FilterItem
7ffcf5287490       5        240 Microsoft.Extensions.Logging.LoggerMessage+<>c__DisplayClass10_0<Microsoft.AspNetCore.Mvc.Filters.IFilterMetadata>
7ffcf528d168       5        240 Microsoft.Extensions.Logging.LoggerMessage+<>c__DisplayClass14_0<System.Type, System.String, System.Type>
7ffcf5a6eb88       1        248 System.Text.Json.Serialization.Metadata.JsonPropertyInfo<Order.Business.Mediator.Commands.Order.GetSubOrderCommand>
7ffcf5a6f560       1        248 System.Text.Json.Serialization.Metadata.JsonPropertyInfo<MediatR.IRequest<CommonApiMessage.AggregatesModel.SubOrderMessage.SubOrderMessageViewModel>>
7ffcf5aa0028       1        248 System.Text.Json.Serialization.Metadata.JsonPropertyInfo<MediatR.IBaseRequest>
7ffcf4a9cdc8       1        248 System.Collections.Generic.Dictionary<System.Guid, Microsoft.AspNetCore.DataProtection.KeyManagement.KeyRing+KeyHolder>+Entry[]
7ffcf64f0950       1        248 System.Collections.Generic.Dictionary<System.Reflection.MethodInfo, System.ValueTuple<System.String, System.String>>+Entry[]
7ffcf6562a38       1        248 Microsoft.EntityFrameworkCore.Storage.Internal.NullTypeMapping
7ffcf4d0e3b0       1        248 System.Text.Json.Serialization.Metadata.JsonPropertyInfo<Order.Infrastructure.Entities.Abstractions.BaseStatus>
7ffcf4d30c38       1        248 System.Text.Json.Serialization.Metadata.JsonPropertyInfo<System.Enum>
7ffcf4d319c0       1        248 System.Text.Json.Serialization.Metadata.JsonPropertyInfo<System.ValueType>
7ffcf4d32210       1        248 System.Text.Json.Serialization.Metadata.JsonPropertyInfo<System.IComparable>
7ffcf4d34300       1        248 System.Text.Json.Serialization.Metadata.JsonPropertyInfo<System.ISpanFormattable>
7ffcf4d35508       1        248 System.Text.Json.Serialization.Metadata.JsonPropertyInfo<System.IFormattable>
7ffcf4d35d58       1        248 System.Text.Json.Serialization.Metadata.JsonPropertyInfo<System.IConvertible>
7ffcf4d39140       1        248 System.Text.Json.Serialization.Metadata.JsonPropertyInfo<System.Text.Json.JsonElement>
7ffcf4f15c50       1        248 System.Text.Json.Serialization.Metadata.JsonPropertyInfo<Swashbuckle.AspNetCore.SwaggerUI.ConfigObject>
7ffcf4f357e8       1        248 System.Text.Json.Serialization.Metadata.JsonPropertyInfo<Swashbuckle.AspNetCore.SwaggerUI.UrlDescriptor>
7ffcf4f456c8       1        248 System.Text.Json.Serialization.Metadata.JsonPropertyInfo<Swashbuckle.AspNetCore.SwaggerUI.SubmitMethod>
7ffcf4f4b228       1        248 System.Text.Json.Serialization.Metadata.JsonPropertyInfo<Swashbuckle.AspNetCore.SwaggerUI.OAuthConfigObject>
7ffcf4f60fe8       1        248 System.Text.Json.Serialization.Metadata.JsonPropertyInfo<Swashbuckle.AspNetCore.SwaggerUI.InterceptorFunctions>
7ffcf5b27db8       1        248 Microsoft.EntityFrameworkCore.SqlServer.Storage.Internal.SqlServerDateOnlyTypeMapping
7ffcf5b286e0       1        248 Microsoft.EntityFrameworkCore.SqlServer.Storage.Internal.SqlServerByteTypeMapping
7ffcf5b28b38       1        248 Microsoft.EntityFrameworkCore.SqlServer.Storage.Internal.SqlServerShortTypeMapping
7ffcf5b29270       1        248 Microsoft.EntityFrameworkCore.SqlServer.Storage.Internal.SqlServerSqlVariantTypeMapping
7ffcf5b29490       1        248 Microsoft.EntityFrameworkCore.SqlServer.Storage.Internal.SqlServerVectorTypeMapping
7ffcf35805e8       4        256 System.Threading.ThreadStart
7ffcf625ac50       4        256 System.Func<Microsoft.EntityFrameworkCore.Metadata.IEntityType, System.Collections.Generic.IEnumerable<Microsoft.EntityFrameworkCore.Metadata.IProperty>>
7ffcf37a43c8       4        256 System.Globalization.TextInfo
7ffcf391caa8       4        256 System.Func<System.Reflection.ParameterInfo, System.Boolean>
7ffcf39413d0       8        256 System.Text.RegularExpressions.RegexInterpreterFactory
7ffcf39ae8b8       8        256 Serilog.Sinks.SystemConsole.Output.TextTokenRenderer
7ffcf39c0a60       4        256 Serilog.Capturing.PropertyValueConverter
7ffcf39c1c00       4        256 Serilog.Core.IScalarConversionPolicy[]
7ffcf3abbe28       8        256 Microsoft.AspNetCore.Hosting.WebHostBuilderBase+<>c__DisplayClass6_0
7ffcf371f618       8        256 System.LazyHelper
7ffcf408b030       4        256 System.Func<System.Type, System.Type>
7ffcf432b5a8       4        256 System.Func<Microsoft.AspNetCore.Mvc.ActionContext, System.Boolean>
7ffcf6258b58       4        256 System.Func<Microsoft.EntityFrameworkCore.Metadata.IProperty, System.String>
7ffcf585a8a0       4        256 System.Action<AutoMapper.IMemberConfigurationExpression<Order.Business.Mediator.Commands.OrderFront.CreateOrderItemFrontManualViewModel, Order.Infrastructure.Entities.SubOrderModels.SubOrderItemModel, System.Decimal>>
7ffcf58b2900       4        256 System.Action<AutoMapper.IMemberConfigurationExpression<Order.Business.Mediator.Commands.OrderFront.CreateOrderItemFrontViewModel, Order.Infrastructure.Entities.OrderModels.OrderItemModel, System.Decimal>>
7ffcf58b5c00       4        256 System.Action<AutoMapper.IMemberConfigurationExpression<Order.Business.Mediator.Commands.OrderFront.CreateOrderItemFrontViewModel, Order.Infrastructure.Entities.SubOrderModels.SubOrderItemModel, System.Decimal>>
7ffcf591f3d8       4        256 System.Action<AutoMapper.IMemberConfigurationExpression<Order.Infrastructure.Data.Readonlys.CompanyBuMapping.GetCompanyBuMappingViewModelDto, Order.Business.Dtos.ViewModels.CompanyBuMapping.GetCompanyBuMappingViewModel, System.String>>
7ffcf67dace8       4        256 System.Action<System.Runtime.Loader.AssemblyLoadContext>
7ffcf392f4d0       4        256 System.Func<System.Reflection.FieldInfo, System.Boolean>
7ffcf6541618       4        256 System.Func<Microsoft.EntityFrameworkCore.ChangeTracking.ValueComparer, System.Func<System.Object, System.Object, System.Boolean>>
7ffcf4709528       4        256 System.Func<Microsoft.AspNetCore.Mvc.ControllerBase, Microsoft.AspNetCore.Http.HttpContext>
7ffcf4709a10       4        256 System.Func<Microsoft.AspNetCore.Mvc.ControllerBase, Microsoft.AspNetCore.Http.HttpRequest>
7ffcf4709d20       4        256 System.Func<Microsoft.AspNetCore.Mvc.ControllerBase, Microsoft.AspNetCore.Http.HttpResponse>
7ffcf4709f90       4        256 System.Func<Microsoft.AspNetCore.Mvc.ControllerBase, Microsoft.AspNetCore.Routing.RouteData>
7ffcf470a200       4        256 System.Func<Microsoft.AspNetCore.Mvc.ControllerBase, Microsoft.AspNetCore.Mvc.ModelBinding.ModelStateDictionary>
7ffcf470a690       4        256 System.Func<Microsoft.AspNetCore.Mvc.ControllerBase, Microsoft.AspNetCore.Mvc.ControllerContext>
7ffcf470abe8       4        256 System.Func<Microsoft.AspNetCore.Mvc.ControllerBase, Microsoft.AspNetCore.Mvc.ModelBinding.IModelMetadataProvider>
7ffcf470ad78       4        256 System.Action<Microsoft.AspNetCore.Mvc.ControllerBase, Microsoft.AspNetCore.Mvc.ModelBinding.IModelMetadataProvider>
7ffcf470af08       4        256 System.Func<Microsoft.AspNetCore.Mvc.ControllerBase, Microsoft.AspNetCore.Mvc.ModelBinding.IModelBinderFactory>
7ffcf470b098       4        256 System.Action<Microsoft.AspNetCore.Mvc.ControllerBase, Microsoft.AspNetCore.Mvc.ModelBinding.IModelBinderFactory>
7ffcf470b228       4        256 System.Func<Microsoft.AspNetCore.Mvc.ControllerBase, Microsoft.AspNetCore.Mvc.IUrlHelper>
7ffcf470b3b8       4        256 System.Action<Microsoft.AspNetCore.Mvc.ControllerBase, Microsoft.AspNetCore.Mvc.IUrlHelper>
7ffcf470b548       4        256 System.Func<Microsoft.AspNetCore.Mvc.ControllerBase, Microsoft.AspNetCore.Mvc.ModelBinding.Validation.IObjectModelValidator>
7ffcf470b6d8       4        256 System.Action<Microsoft.AspNetCore.Mvc.ControllerBase, Microsoft.AspNetCore.Mvc.ModelBinding.Validation.IObjectModelValidator>
7ffcf470b868       4        256 System.Func<Microsoft.AspNetCore.Mvc.ControllerBase, Microsoft.AspNetCore.Mvc.Infrastructure.ProblemDetailsFactory>
7ffcf470b9f8       4        256 System.Action<Microsoft.AspNetCore.Mvc.ControllerBase, Microsoft.AspNetCore.Mvc.Infrastructure.ProblemDetailsFactory>
7ffcf470bb88       4        256 System.Func<Microsoft.AspNetCore.Mvc.ControllerBase, System.Security.Claims.ClaimsPrincipal>
7ffcf4794f08       4        256 System.Func<Microsoft.AspNetCore.Mvc.Filters.FilterDescriptor, Microsoft.AspNetCore.Mvc.Filters.FilterDescriptor>
7ffcf4971390       4        256 System.Func<System.IntPtr, System.IntPtr, System.Text.StringBuilder, System.UIntPtr, Confluent.Kafka.ErrorCode>
7ffcf64fca08       4        256 System.Func<System.ValueTuple<Microsoft.EntityFrameworkCore.Query.SqlExpressions.ColumnExpression, Microsoft.EntityFrameworkCore.ChangeTracking.ValueComparer>, Microsoft.EntityFrameworkCore.Query.SqlExpressions.ColumnExpression>
7ffcf65bca90       4        256 System.Action<Microsoft.EntityFrameworkCore.Storage.IRelationalCommandBuilder>
7ffcf6541888       4        256 System.Func<Microsoft.EntityFrameworkCore.ChangeTracking.ValueComparer, System.Linq.Expressions.LambdaExpression>
7ffcf4b72b00       4        256 System.Func<Order.Business.Mediator.Queries.SysChannel.GetSysChannelQuery, System.String>
7ffcf4b72c90       4        256 System.Action<Order.Business.Mediator.Queries.SysChannel.GetSysChannelQuery, System.String>
7ffcf4b75940       4        256 System.Func<Order.Business.Mediator.Queries.SysChannel.GetConfigChannelUploadMappingQuery, System.String>
7ffcf4b75ad0       4        256 System.Action<Order.Business.Mediator.Queries.SysChannel.GetConfigChannelUploadMappingQuery, System.String>
7ffcf4b76320       4        256 System.Func<Order.Business.Mediator.Queries.SysDeliverySubType.GetSysDeliverySubTypeQuery, System.String>
7ffcf4b764b0       4        256 System.Action<Order.Business.Mediator.Queries.SysDeliverySubType.GetSysDeliverySubTypeQuery, System.String>
7ffcf4b77340       4        256 System.Func<Order.Business.Mediator.Queries.SysDeliveryType.GetSysDeliveryTypeQuery, System.String>
7ffcf4b774d0       4        256 System.Action<Order.Business.Mediator.Queries.SysDeliveryType.GetSysDeliveryTypeQuery, System.String>
7ffcf4b78360       4        256 System.Func<Order.Business.Mediator.Queries.SysFulfillmentType.GetSysFulfillmentTypesQuery, System.String>
7ffcf4b784f0       4        256 System.Action<Order.Business.Mediator.Queries.SysFulfillmentType.GetSysFulfillmentTypesQuery, System.String>
7ffcf4b79380       4        256 System.Func<Order.Business.Mediator.Queries.SysOrderFulfillmentType.GetSysOrderFulfillmentTypesQuery, System.String>
7ffcf4b79510       4        256 System.Action<Order.Business.Mediator.Queries.SysOrderFulfillmentType.GetSysOrderFulfillmentTypesQuery, System.String>
7ffcf4b7b400       4        256 System.Func<Order.Business.Mediator.Queries.SysRunningNumber.GetSysRunningNumberQuery, System.String>
7ffcf4b7b590       4        256 System.Action<Order.Business.Mediator.Queries.SysRunningNumber.GetSysRunningNumberQuery, System.String>
7ffcf4b7d0a0       4        256 System.Func<Order.Business.Mediator.Queries.SysStatus.GetSysStatusQuery, System.String>
7ffcf4b7d230       4        256 System.Action<Order.Business.Mediator.Queries.SysStatus.GetSysStatusQuery, System.String>
7ffcf3e62e00       2        256 Swashbuckle.AspNetCore.SwaggerGen.SwaggerGeneratorOptions
7ffcf4e913b8       4        256 System.Func<System.Net.Http.Headers.TransferCodingHeaderValue>
7ffcf4f445b8       8        256 System.Collections.Generic.List<System.Text.Json.Serialization.Converters.EnumConverter<Swashbuckle.AspNetCore.SwaggerUI.SubmitMethod>+EnumFieldInfo>
7ffcf432edc8       4        256 System.Func<Microsoft.AspNetCore.Mvc.ControllerContext, System.Object>
7ffcf5fd7890       4        256 System.Func<Microsoft.EntityFrameworkCore.Metadata.IReadOnlyForeignKey, System.Boolean>
7ffcf5854d38       4        256 System.Action<AutoMapper.IMemberConfigurationExpression<Order.Business.Mediator.Commands.OrderFront.CreateOrderItemFrontManualViewModel, Order.Infrastructure.Entities.OrderModels.OrderItemModel, System.Decimal>>
7ffcf5b2e4a0       4        256 System.Func<Microsoft.EntityFrameworkCore.Storage.ValueConversion.ValueConverterInfo, Microsoft.EntityFrameworkCore.Storage.ValueConversion.ValueConverter>
7ffcf5b29008       1        256 Microsoft.EntityFrameworkCore.SqlServer.Storage.Internal.SqlServerTimeSpanTypeMapping
7ffcf5da9e48       4        256 System.Func<Microsoft.EntityFrameworkCore.Metadata.IConventionEntityType, System.Boolean>
7ffcf5cac7e8       4        256 System.Func<Microsoft.EntityFrameworkCore.Metadata.IConventionForeignKey, System.Boolean>
7ffcf61d87c8       8        256 System.Linq.Expressions.Expression1<System.Func<System.Int64, System.Int32>>
7ffcf61d8a40       8        256 System.Linq.Expressions.Expression1<System.Func<System.Int64, System.Int64>>
7ffcf6c9b890       4        256 System.Func<Microsoft.EntityFrameworkCore.ChangeTracking.Internal.IInternalEntry, System.Int64>
7ffcf6d56668       4        256 System.Func<Microsoft.EntityFrameworkCore.ChangeTracking.Internal.IInternalEntry, System.Guid>
7ffcf6c33d70      11        264 Microsoft.EntityFrameworkCore.Storage.ExecutionStrategy+<>c__DisplayClass28_0<Microsoft.EntityFrameworkCore.Query.Internal.SingleQueryingEnumerable<Order.Infrastructure.Entities.OrderItemInformation.OrderItemOtherInfoModel>+Enumerator, System.Boolean>
7ffcf4c28298      11        264 System.Text.Json.Serialization.Metadata.JsonPropertyInfo<System.Boolean>+<>c__DisplayClass9_0
7ffcf4c28c70      11        264 System.Text.Json.Serialization.Metadata.JsonPropertyInfo<System.Boolean>+<>c__DisplayClass10_0
7ffcf470db08      11        264 System.ComponentModel.ReferenceConverter
7ffcf483f5e8       3        264 System.Threading.TimerQueue[]
7ffcf57885b0       1        264 Microsoft.EntityFrameworkCore.Infrastructure.EntityFrameworkEventSource
7ffcf67dea98       1        264 Microsoft.Data.SqlClient.SqlConnectionString
7ffcf3593ec8       2        272 System.IO.Pipes.PipeStream+ReadWriteValueTaskSource
7ffcf371a720       8        272 Serilog.Core.ILogEventSink[]
7ffcf484c778       1        272 System.Net.Security.SslStream
7ffcf4b98bf0       5        280 System.Collections.Concurrent.ConcurrentDictionary<System.Type, System.Text.Json.JsonSerializerOptions+CachingContext+CacheEntry>+Tables
7ffcf43ca778       5        280 System.Collections.Concurrent.ConcurrentDictionary<System.String, System.String>+Tables
7ffcf459c508       5        280 Microsoft.AspNetCore.Http.ParameterBindingMethodCache+<>c__DisplayClass18_0
7ffcf48dc5e0       7        280 System.Collections.Generic.LinkedList<System.UInt64>
7ffcf48dce30       7        280 System.Threading.CountdownEvent
7ffcf48ddd50       7        280 RabbitMQ.Client.Impl.AsyncConsumerDispatcher
7ffcf4a7d560       5        280 System.Collections.Concurrent.ConcurrentDictionary<System.Guid, Microsoft.AspNetCore.DataProtection.KeyManagement.Key>+Node
7ffcf3417c00       1        280 System.WeakReference<System.Diagnostics.Tracing.EventSource>[]
7ffcf67f2440       1        280 Microsoft.Data.SqlClient.Diagnostics.SqlClientMetrics
7ffcf6a38e48       7        280 System.Linq.Expressions.Expression2<System.Func<System.Data.Common.DbDataReader, System.Int32[], System.Int64>>
7ffcf4589468       9        288 System.Resources.ResourceManager+CultureNameResourceSetPair
7ffcf3581c18       4        288 Microsoft.Win32.SafeHandles.SafeFileHandle
7ffcf369d778       9        288 System.Collections.Generic.List<System.IDisposable>
7ffcf3959548       2        288 Serilog.Sinks.File.RollingFileSink
7ffcf4234478      12        288 Autofac.Features.OpenGenerics.OpenGenericRegistrationExtensions+<>c__DisplayClass0_0
7ffcf422ccf0      12        288 Autofac.Builder.DynamicRegistrationStyle
7ffcf4322b08       9        288 System.Text.Json.JsonEncodedText
7ffcf44e36e0       2        288 System.Text.Encodings.Web.DefaultJavaScriptEncoder+EscaperImplementation
7ffcf588beb0      12        288 AutoMapper.Configuration.MemberConfigurationExpression<Order.Business.Mediator.Commands.OrderFront.CreateOrderItemFrontManualViewModel, Order.Infrastructure.Entities.SubOrderModels.SubOrderItemModel, System.Decimal>+<>c__DisplayClass24_0
7ffcf58bfa18      12        288 AutoMapper.Configuration.MemberConfigurationExpression<Order.Business.Mediator.Commands.OrderFront.CreateOrderItemFrontViewModel, Order.Infrastructure.Entities.OrderModels.OrderItemModel, System.Decimal>+<>c__DisplayClass24_0
7ffcf58c6f10      12        288 AutoMapper.Configuration.MemberConfigurationExpression<Order.Business.Mediator.Commands.OrderFront.CreateOrderItemFrontViewModel, Order.Infrastructure.Entities.SubOrderModels.SubOrderItemModel, System.Decimal>+<>c__DisplayClass24_0
7ffcf58e41d0       6        288 AutoMapper.Configuration.PathConfigurationExpression<Order.Infrastructure.Entities.OrderModels.OrderModel, Order.Domain.AggregatesModel.FrontAPI.Order.OrderDetailFrontView, System.DateTime>
7ffcf5921748      12        288 AutoMapper.Configuration.MemberConfigurationExpression<Order.Infrastructure.Data.Readonlys.CompanyBuMapping.GetCompanyBuMappingViewModelDto, Order.Business.Dtos.ViewModels.CompanyBuMapping.GetCompanyBuMappingViewModel, System.String>+<>c__DisplayClass24_0
7ffcf587f640      12        288 AutoMapper.Configuration.MemberConfigurationExpression<Order.Business.Mediator.Commands.OrderFront.CreateOrderItemFrontManualViewModel, Order.Infrastructure.Entities.OrderModels.OrderItemModel, System.Decimal>+<>c__DisplayClass24_0
7ffcf4917cd8       6        288 System.Collections.Concurrent.ConcurrentDictionary<RabbitMQ.Client.IModel, RabbitMQ.Client.Impl.AsyncConsumerWorkService+WorkPool>+Node
7ffcf4ac3ee0       6        288 System.Linq.Expressions.InstanceMethodCallExpression2
7ffcf4847ac8       1        296 System.Net.Sockets.SocketsTelemetry
7ffcf64cf090       1        296 System.Collections.Generic.HashSet<System.Reflection.MethodInfo>+Entry[]
7ffcf395d7c8       2        304 System.Text.RegularExpressions.CompiledRegexRunner
7ffcf41f84f0       2        304 Autofac.Core.IRegistrationSource[]
7ffcf4485e20       6        304 Microsoft.Extensions.Diagnostics.Metrics.FactoryMeter[]
7ffcf44dd0f8       2        304 Microsoft.AspNetCore.Mvc.ModelBinding.Metadata.IMetadataDetailsProvider[]
7ffcf81fe588       2        304 System.Diagnostics.Tracing.DiagnosticCounter[]
7ffcf3a23ba8       3        312 System.IO.StreamWriter
7ffcf402a2d8      13        312 Order.Infrastructure.Entities.Abstractions.BaseStatus
7ffcf63f05f8      13        312 Microsoft.EntityFrameworkCore.Query.ProjectionMember
7ffcf55f5e10      13        312 Microsoft.Extensions.DependencyInjection.ServiceProvider+<>c__DisplayClass33_0
7ffcf353f578       1        320 System.Collections.Concurrent.ConcurrentDictionary<System.Guid, System.Collections.Generic.List<Microsoft.DotNet.HotReload.RuntimeManagedCodeUpdate>>+VolatileNode[]
7ffcf353f9d8       1        320 System.Collections.Concurrent.ConcurrentDictionary<System.Reflection.Assembly, System.Reflection.Assembly>+VolatileNode[]
7ffcf35944c8       5        320 System.Threading.IOCompletionCallback
7ffcf617ed00       5        320 System.Func<Microsoft.EntityFrameworkCore.Metadata.IProperty, System.Boolean>
7ffcf3497cf8       4        320 System.Buffers.AsciiCharSearchValues<System.Buffers.IndexOfAnyAsciiSearcher+Ssse3AndWasmHandleZeroInNeedle, System.Buffers.SearchValues+FalseConst>
7ffcf36937b8      10        320 Microsoft.Extensions.Primitives.CancellationChangeToken
7ffcf373a1a0      10        320 Microsoft.Extensions.DependencyModel.RuntimeFallbacks
7ffcf35292e0       5        320 System.Func<System.String, System.Boolean>
7ffcf3852358      10        320 Serilog.Settings.Configuration.ConfigurationReader+<>c__DisplayClass12_0
7ffcf39c10b0       5        320 System.Func<System.Threading.Tasks.ValueTask>
7ffcf3a307e8       2        320 System.Globalization.CalendarData
7ffcf392ed18       5        320 System.Func<System.Reflection.ConstructorInfo, System.Boolean>
7ffcf3c2b130       1        320 System.Collections.Concurrent.ConcurrentDictionary<System.Type, System.ComponentModel.TypeDescriptor+TypeDescriptionNode>+VolatileNode[]
7ffcf3ee9078       5        320 System.Action<Microsoft.Extensions.Configuration.BinderOptions>
7ffcf3f005d0       4        320 System.Collections.Generic.Dictionary<System.Type, System.String>
7ffcf42180f0       1        320 System.Collections.Concurrent.ConcurrentDictionary<System.Reflection.Assembly, System.Collections.Generic.IEnumerable<System.Type>>+VolatileNode[]
7ffcf421bdd0       1        320 System.Collections.Concurrent.ConcurrentDictionary<System.Reflection.PropertyInfo, System.Action<System.Object, System.Object>>+VolatileNode[]
7ffcf421c998       1        320 System.Collections.Concurrent.ConcurrentDictionary<System.Type, System.Collections.Generic.IReadOnlyList<System.Reflection.PropertyInfo>>+VolatileNode[]
7ffcf421dc18       1        320 System.Collections.Concurrent.ConcurrentDictionary<System.Type, System.Type>+VolatileNode[]
7ffcf44a9648       4        320 System.Collections.Generic.Dictionary<System.Type, System.Object>
7ffcf434eec8       1        320 System.Collections.Concurrent.ConcurrentDictionary<Microsoft.AspNetCore.Mvc.ModelBinding.ModelBinderFactory+Key, Microsoft.AspNetCore.Mvc.ModelBinding.IModelBinder>+VolatileNode[]
7ffcf45d6070       1        320 System.Collections.Concurrent.ConcurrentDictionary<Microsoft.AspNetCore.Mvc.ModelBinding.ModelMetadata, Microsoft.AspNetCore.Mvc.ModelBinding.Validation.ValidatorCache+CacheEntry>+VolatileNode[]
7ffcf4353570       1        320 System.Collections.Concurrent.ConcurrentDictionary<System.Type, Microsoft.Extensions.DependencyInjection.ObjectFactory>+VolatileNode[]
7ffcf4386260       1        320 System.Collections.Concurrent.ConcurrentDictionary<System.Linq.Expressions.LambdaExpression, System.String>+VolatileNode[]
7ffcf437e678       1        320 System.Collections.Concurrent.ConcurrentDictionary<System.Guid, Microsoft.AspNetCore.DataProtection.KeyManagement.Key>+VolatileNode[]
7ffcf4654158       5        320 System.Action<Microsoft.Extensions.Logging.ILogger, System.Guid, System.String, System.Exception>
7ffcf58e4968       5        320 System.Action<AutoMapper.IMemberConfigurationExpression<Order.Business.Mediator.Commands.OrderFront.UpdateOrderFrontViewModel, Order.Infrastructure.Entities.OrderModels.OrderModel, System.String>>
7ffcf58e8090       5        320 System.Action<AutoMapper.IMemberConfigurationExpression<Order.Business.Mediator.Commands.OrderFront.UpdateOrderFrontViewModel, Order.Business.Mediator.Commands.OrderFront.UpdateSubOrderFrontViewModel, System.String>>
7ffcf58fe520       5        320 System.Action<AutoMapper.IMemberConfigurationExpression<Order.Business.Mediator.Commands.OrderFront.UpdateSubOrderFrontViewModel, Order.Infrastructure.Entities.SubOrderModels.SubOrderModel, System.String>>
7ffcf5918cf0       5        320 System.Action<AutoMapper.IMemberConfigurationExpression<Order.Infrastructure.Data.Readonlys.CompanyBuMapping.GetCompanyBuMappingByIdViewModelDto, Order.Business.Dtos.ViewModels.CompanyBuMapping.GetCompanyBuMappingByIdViewModel, System.String>>
7ffcf5924238       5        320 System.Action<AutoMapper.IMemberConfigurationExpression<Order.Business.Mediator.Queries.CompanyBUMapping.GetCompanyBuMappingsQuery, Order.Infrastructure.Data.Readonlys.CompanyBuMapping.GetCompanyBuMappingsQueryDto, System.String>>
7ffcf59887c8       1        320 System.Collections.Concurrent.ConcurrentDictionary<AutoMapper.Internal.MapRequest, System.Lazy<System.Delegate>>+VolatileNode[]
7ffcf3c25cc0       5        320 System.Func<System.Reflection.PropertyInfo, System.String>
7ffcf43cd920       1        320 System.Collections.Concurrent.ConcurrentDictionary<Microsoft.AspNetCore.Mvc.Razor.RazorPageActivator+CacheKey, Microsoft.AspNetCore.Mvc.Razor.RazorPagePropertyActivator>+VolatileNode[]
7ffcf4358d90       1        320 System.Collections.Concurrent.ConcurrentDictionary<Microsoft.AspNetCore.Routing.IEndpointRouteBuilder, Microsoft.AspNetCore.Mvc.Infrastructure.OrderedEndpointsSequenceProvider>+VolatileNode[]
7ffcf470a840       5        320 System.Action<Microsoft.AspNetCore.Mvc.ControllerBase, Microsoft.AspNetCore.Mvc.ControllerContext>
7ffcf62ad800       1        320 System.Collections.Concurrent.ConcurrentDictionary<System.Type, Microsoft.EntityFrameworkCore.Metadata.RuntimeEntityType>+VolatileNode[]
7ffcf434abb0       5        320 System.Func<System.Linq.Expressions.ParameterExpression, System.Linq.Expressions.Expression, System.Linq.Expressions.Expression>
7ffcf4803ce0       1        320 System.Collections.Concurrent.ConcurrentDictionary<System.String, RabbitMQ.Client.Impl.RecordedExchange>+VolatileNode[]
7ffcf4804068       1        320 System.Collections.Concurrent.ConcurrentDictionary<System.String, RabbitMQ.Client.Impl.RecordedQueue>+VolatileNode[]
7ffcf48936f8       1        320 System.Collections.Concurrent.ConcurrentDictionary<System.Net.Security.SslSessionsCache+SslCredKey, System.Net.Security.SafeCredentialReference>+VolatileNode[]
7ffcf48d6450       1        320 System.Collections.Concurrent.ConcurrentDictionary<RabbitMQ.Client.IModel, RabbitMQ.Client.Impl.AsyncConsumerWorkService+WorkPool>+VolatileNode[]
7ffcf48d74b0       1        320 System.Collections.Concurrent.ConcurrentDictionary<RabbitMQ.Client.IModel, RabbitMQ.Client.Impl.ConsumerWorkService+WorkPool>+VolatileNode[]
7ffcf490f6a8       1        320 System.Collections.Concurrent.ConcurrentDictionary<System.String, Microsoft.Extensions.Logging.LogValuesFormatter>+VolatileNode[]
7ffcf495ce88       5        320 System.Action<System.IntPtr, System.IntPtr>
7ffcf4a3c440       1        320 System.Collections.Concurrent.ConcurrentDictionary<System.String, System.Lazy<Microsoft.Extensions.Diagnostics.Metrics.MetricsOptions>>+VolatileNode[]
7ffcf4a39e78       1        320 System.Collections.Concurrent.ConcurrentDictionary<System.String, System.Lazy<Microsoft.Extensions.DependencyInjection.MetricsServiceExtensions+NoOpOptions>>+VolatileNode[]
7ffcf4a6db58       5        320 System.Func<Microsoft.AspNetCore.DataProtection.AuthenticatedEncryption.ConfigurationModel.IAuthenticatedEncryptorDescriptor>
7ffcf4a9a188      10        320 Microsoft.AspNetCore.Cryptography.Cng.CachedAlgorithmHandles+CachedAlgorithmInfo
7ffcf4ab2778       1        320 System.Collections.Concurrent.ConcurrentDictionary<System.Type, Microsoft.Extensions.DependencyInjection.ActivatorUtilities+ConstructorInfoEx[]>+VolatileNode[]
7ffcf435de68       1        320 System.Collections.Concurrent.ConcurrentDictionary<System.Type, System.Lazy<Microsoft.AspNetCore.Http.RequestDelegate>>+VolatileNode[]
7ffcf4ac1018       5        320 System.Func<System.Object, System.Threading.Tasks.Task>
7ffcf6563cf0       1        320 System.Collections.Concurrent.ConcurrentDictionary<System.Type, System.Reflection.ConstructorInfo>+VolatileNode[]
7ffcf4d4c370       8        320 System.Reflection.CerHashtable<System.String, System.Reflection.RuntimeConstructorInfo[]>+Table
7ffcf67db1d0       1        320 System.Collections.Concurrent.ConcurrentDictionary<System.String, System.Collections.Generic.IList<System.String>>+VolatileNode[]
7ffcf6826db0       5        320 System.Configuration.BaseConfigurationRecord+ConfigRecordStreamInfo
7ffcf6863ac0       1        320 System.Collections.Concurrent.ConcurrentDictionary<System.ValueTuple<System.String, Interop+BCrypt+BCryptOpenAlgorithmProviderFlags>, System.ValueTuple<Microsoft.Win32.SafeHandles.SafeBCryptAlgorithmHandle, System.Int32>>+VolatileNode[]
7ffcf6864300       1        320 System.Collections.Concurrent.ConcurrentDictionary<System.ValueTuple<System.String, Interop+BCrypt+BCryptOpenAlgorithmProviderFlags>, System.Boolean>+VolatileNode[]
7ffcf68b19b0       1        320 System.Collections.Concurrent.ConcurrentDictionary<System.String, Microsoft.Data.SqlClient.SQLDNSInfo>+VolatileNode[]
7ffcf4b0e3b8       1        320 System.Collections.Concurrent.ConcurrentDictionary<Microsoft.AspNetCore.Http.Endpoint, Microsoft.AspNetCore.Authorization.AuthorizationPolicy>+VolatileNode[]
7ffcf4b14da8       1        320 System.Collections.Concurrent.ConcurrentDictionary<System.String, System.Lazy<Microsoft.AspNetCore.HostFiltering.HostFilteringOptions>>+VolatileNode[]
7ffcf4b4da28       5        320 System.Func<Microsoft.AspNetCore.Mvc.ApiExplorer.ApiDescription, System.String>
7ffcf4911400       5        320 System.Func<System.Type, System.String>
7ffcf4cbc550       1        320 System.Collections.Concurrent.ConcurrentDictionary<System.Text.RegularExpressions.RegexCache+Key, System.Text.RegularExpressions.RegexCache+Node>+VolatileNode[]
7ffcf399f578      10        320 System.Int32[][]
7ffcf4dd1290       5        320 System.Action<Microsoft.OpenApi.Writers.IOpenApiWriter, Microsoft.OpenApi.Any.IOpenApiAny>
7ffcf4e9d468       1        320 System.Collections.Concurrent.ConcurrentDictionary<System.Net.Http.HttpConnectionPoolManager+HttpConnectionKey, System.Net.Http.HttpConnectionPool>+VolatileNode[]
7ffcf4e94200       1        320 System.Net.Http.HttpTelemetry
7ffcf4eb26d0       1        320 System.Collections.Concurrent.ConcurrentDictionary<System.Uri, System.Int64>+VolatileNode[]
7ffcf521e438       1        320 System.Collections.Concurrent.ConcurrentDictionary<Microsoft.AspNetCore.Mvc.Abstractions.ActionDescriptor, Microsoft.AspNetCore.Mvc.ActionConstraints.ActionConstraintCache+CacheEntry>+VolatileNode[]
7ffcf5287548       5        320 System.Action<Microsoft.Extensions.Logging.ILogger, Microsoft.AspNetCore.Mvc.Filters.IFilterMetadata, System.Exception>
7ffcf528b800       5        320 System.Func<Microsoft.AspNetCore.Mvc.Filters.IFilterMetadata, System.Boolean>
7ffcf528d238       5        320 System.Action<Microsoft.Extensions.Logging.ILogger, System.Type, System.String, System.Type, System.Exception>
7ffcf52fda00       1        320 System.Collections.Concurrent.ConcurrentDictionary<Microsoft.EntityFrameworkCore.Infrastructure.IDbContextOptions, System.ValueTuple<System.IServiceProvider, System.Collections.Generic.IDictionary<System.String, System.String>>>+VolatileNode[]
7ffcf55e6678       4        320 Microsoft.Extensions.DependencyInjection.ServiceLookup.ConstantCallSite
7ffcf56142f8       1        320 System.Collections.Concurrent.ConcurrentDictionary<System.Type, System.Collections.Generic.IReadOnlyList<Microsoft.EntityFrameworkCore.Infrastructure.DbSetProperty>>+VolatileNode[]
7ffcf5aa2a00       1        320 System.Collections.Concurrent.ConcurrentDictionary<System.Type, MediatR.Wrappers.RequestHandlerBase>+VolatileNode[]
7ffcf5aa2d68       1        320 System.Collections.Concurrent.ConcurrentDictionary<System.Type, MediatR.Wrappers.NotificationHandlerWrapper>+VolatileNode[]
7ffcf5aa30e8       1        320 System.Collections.Concurrent.ConcurrentDictionary<System.Type, MediatR.Wrappers.StreamRequestHandlerBase>+VolatileNode[]
7ffcf5ac8c78       1        320 System.Collections.Concurrent.ConcurrentDictionary<FluentValidation.Internal.AccessorCache<Order.Business.Mediator.Commands.Order.GetSubOrderCommand>+Key, System.Delegate>+VolatileNode[]
7ffcf5b08ab8       1        320 System.Collections.Concurrent.ConcurrentDictionary<System.Type, System.Func<Microsoft.EntityFrameworkCore.ChangeTracking.Internal.IStateManager, Microsoft.EntityFrameworkCore.Internal.IDbSetSource, Microsoft.EntityFrameworkCore.Internal.IDbSetCache, Microsoft.EntityFrameworkCore.Metadata.IEntityType, Microsoft.EntityFrameworkCore.Internal.IEntityFinder>>+VolatileNode[]
7ffcf5b0fb78       1        320 System.Collections.Concurrent.ConcurrentDictionary<System.ValueTuple<System.Type, System.Type>, Microsoft.EntityFrameworkCore.Storage.ValueConversion.ValueConverterInfo>+VolatileNode[]
7ffcf5b22648       4        320 Microsoft.EntityFrameworkCore.ChangeTracking.ValueComparer<System.Byte[]>
7ffcf5b5fcc8       1        320 System.Collections.Concurrent.ConcurrentDictionary<System.String, System.Boolean>+VolatileNode[]
7ffcf61d4408       4        320 Microsoft.EntityFrameworkCore.ChangeTracking.ValueComparer+DefaultValueComparer<System.DateTime>
7ffcf61d8550       8        320 System.Linq.Expressions.Expression2<System.Func<System.Int64, System.Int64, System.Boolean>>
7ffcf61dcec8       4        320 Microsoft.EntityFrameworkCore.ChangeTracking.ValueComparer+DefaultValueComparer<System.Boolean>
7ffcf61f4090       4        320 Microsoft.EntityFrameworkCore.ChangeTracking.ValueComparer+DefaultValueComparer<System.Guid>
7ffcf630c518       1        320 System.Collections.Concurrent.ConcurrentDictionary<System.String, Microsoft.EntityFrameworkCore.SqlServer.ValueGeneration.Internal.SqlServerSequenceValueGeneratorState>+VolatileNode[]
7ffcf630f2c0       1        320 System.Collections.Concurrent.ConcurrentDictionary<Microsoft.EntityFrameworkCore.ValueGeneration.ValueGeneratorCache+CacheKey, Microsoft.EntityFrameworkCore.ValueGeneration.ValueGenerator>+VolatileNode[]
7ffcf3f829e0       3        328 EventBus.RabbitMQ.RabbitMQQueueSetting[]
7ffcf6e296d8      14        336 Microsoft.EntityFrameworkCore.Storage.ExecutionStrategy+<>c__DisplayClass28_0<Microsoft.EntityFrameworkCore.Query.Internal.SplitQueryingEnumerable<Order.Infrastructure.Entities.OrderModels.OrderModel>+Enumerator, System.Boolean>
7ffcf46d22f8      14        336 Order.Domain.AggregatesModel.Order.OrderRepository+<>c__DisplayClass12_0
7ffcf6deb9a0      14        336 Microsoft.EntityFrameworkCore.EntityFrameworkQueryableExtensions+IncludableQueryable<Order.Infrastructure.Entities.OrderModels.OrderModel, System.Collections.Generic.ICollection<Order.Infrastructure.Entities.OrderModels.OrderCustomerModel>>
7ffcf6e02310      14        336 Microsoft.EntityFrameworkCore.Storage.ExecutionStrategy+<>c__DisplayClass28_0<Microsoft.EntityFrameworkCore.Query.Internal.SingleQueryingEnumerable<Order.Infrastructure.Entities.OrderModels.OrderModel>+Enumerator, System.Boolean>
7ffcf3680120       7        336 Microsoft.Extensions.Configuration.Json.JsonConfigurationSource
7ffcf3b0af90       7        336 Microsoft.Win32.RegistryKey
7ffcf5886460       3        336 AutoMapper.Configuration.MappingExpression<Order.Business.Mediator.Commands.OrderFront.OrderAddressFrontManualViewModel, Order.Infrastructure.Entities.SubOrderModels.SubOrderAddressModel>
7ffcf588a638       3        336 AutoMapper.Configuration.MappingExpression<Order.Business.Mediator.Commands.OrderFront.CreateOrderItemFrontManualViewModel, Order.Infrastructure.Entities.SubOrderModels.SubOrderItemModel>
7ffcf58b7c98       3        336 AutoMapper.Configuration.MappingExpression<Order.Business.Mediator.Commands.OrderFront.CreateOrderFrontViewModel, Order.Infrastructure.Entities.OrderModels.OrderModel>
7ffcf58ba598       3        336 AutoMapper.Configuration.MappingExpression<Order.Business.Mediator.Commands.OrderFront.OrderAddressFrontViewModel, Order.Infrastructure.Entities.OrderModels.OrderAddressModel>
7ffcf58bb6a8       3        336 AutoMapper.Configuration.MappingExpression<Order.Business.Mediator.Commands.OrderFront.CreateOrderPaymentFrontViewModel, Order.Infrastructure.Entities.OrderModels.OrderPaymentModel>
7ffcf58bdbc8       3        336 AutoMapper.Configuration.MappingExpression<Order.Business.Mediator.Commands.OrderFront.CreateOrderItemFrontViewModel, Order.Infrastructure.Entities.OrderModels.OrderItemModel>
7ffcf58c2cb0       3        336 AutoMapper.Configuration.MappingExpression<Order.Business.Mediator.Commands.OrderFront.CreateOrderFrontViewModel, Order.Infrastructure.Entities.SubOrderModels.SubOrderModel>
7ffcf58c4cd0       3        336 AutoMapper.Configuration.MappingExpression<Order.Business.Mediator.Commands.OrderFront.OrderAddressFrontViewModel, Order.Infrastructure.Entities.SubOrderModels.SubOrderAddressModel>
7ffcf58c5980       3        336 AutoMapper.Configuration.MappingExpression<Order.Business.Mediator.Commands.OrderFront.CreateOrderItemFrontViewModel, Order.Infrastructure.Entities.SubOrderModels.SubOrderItemModel>
7ffcf58ca7e0       3        336 AutoMapper.Configuration.MappingExpression<Order.Infrastructure.Entities.OrderModels.OrderModel, Order.Domain.AggregatesModel.FrontAPI.Order.OrderDetailFrontView>
7ffcf58ecfa8       3        336 AutoMapper.Configuration.MappingExpression<Order.Business.Mediator.Commands.OrderFront.UpdateOrderFrontViewModel, Order.Infrastructure.Entities.OrderModels.OrderModel>
7ffcf58efdb8       3        336 AutoMapper.Configuration.MappingExpression<Order.Business.Mediator.Commands.OrderFront.UpdateOrderAddressViewModel, Order.Infrastructure.Entities.OrderModels.OrderAddressModel>
7ffcf58f0e98       3        336 AutoMapper.Configuration.MappingExpression<Order.Business.Mediator.Commands.OrderFront.UpdateOrderItemFront, Order.Infrastructure.Entities.OrderModels.OrderItemModel>
7ffcf58f36b8       3        336 AutoMapper.Configuration.MappingExpression<Order.Business.Mediator.Commands.OrderFront.UpdateOrderItemAmountDetailViewModel, Order.Infrastructure.Entities.OrderModels.OrderItemAmountDtlModel>
7ffcf58f56e0       3        336 AutoMapper.Configuration.MappingExpression<Order.Business.Mediator.Commands.OrderFront.UpdateOrderFrontCommand, Order.Business.Mediator.Commands.OrderFront.UpdateSubOrderFrontCommand>
7ffcf58f5f98       3        336 AutoMapper.Configuration.MappingExpression<Order.Business.Mediator.Commands.OrderFront.UpdateOrderFrontViewModel, Order.Business.Mediator.Commands.OrderFront.UpdateSubOrderFrontViewModel>
7ffcf58f8720       3        336 AutoMapper.Configuration.MappingExpression<Order.Business.Mediator.Commands.OrderFront.UpdateOrderAddressViewModel, Order.Business.Mediator.Commands.OrderFront.SubOrderAddressViewModel>
7ffcf58f95f8       3        336 AutoMapper.Configuration.MappingExpression<Order.Business.Mediator.Commands.OrderFront.UpdateOrderItemFront, Order.Business.Mediator.Commands.OrderFront.UpdateSubOrderItemFront>
7ffcf58fcc70       3        336 AutoMapper.Configuration.MappingExpression<Order.Business.Mediator.Commands.OrderFront.UpdateOrderItemAmountDetailViewModel, Order.Business.Mediator.Commands.OrderFront.UpdateSubOrderItemAmountDetailViewModel>
7ffcf5911838       3        336 AutoMapper.Configuration.MappingExpression<Order.Business.Mediator.Commands.OrderFront.UpdateSubOrderFrontViewModel, Order.Infrastructure.Entities.SubOrderModels.SubOrderModel>
7ffcf5913608       3        336 AutoMapper.Configuration.MappingExpression<Order.Business.Mediator.Commands.OrderFront.SubOrderAddressViewModel, Order.Infrastructure.Entities.SubOrderModels.SubOrderAddressModel>
7ffcf59141f8       3        336 AutoMapper.Configuration.MappingExpression<Order.Business.Mediator.Commands.OrderFront.UpdateSubOrderItemFront, Order.Infrastructure.Entities.SubOrderModels.SubOrderItemModel>
7ffcf5916158       3        336 AutoMapper.Configuration.MappingExpression<Order.Business.Mediator.Commands.OrderFront.UpdateSubOrderItemAmountDetailViewModel, Order.Infrastructure.Entities.SubOrderModels.SubOrderItemAmtDtlModel>
7ffcf59178c0       3        336 AutoMapper.Configuration.MappingExpression<Order.Business.Mediator.Commands.OrderFront.UpdateSubOrderItemFront, Order.Business.Mediator.Commands.OrderFront.UpdateSubOrderItemFront>
7ffcf5918178       3        336 AutoMapper.Configuration.MappingExpression<Order.Business.Mediator.Commands.OrderFront.UpdateSubOrderItemAmountDetailViewModel, Order.Business.Mediator.Commands.OrderFront.UpdateSubOrderItemAmountDetailViewModel>
7ffcf591a5f8       3        336 AutoMapper.Configuration.MappingExpression<Order.Infrastructure.Data.Readonlys.CompanyBuMapping.GetCompanyBuMappingByIdViewModelDto, Order.Business.Dtos.ViewModels.CompanyBuMapping.GetCompanyBuMappingByIdViewModel>
7ffcf5920550       3        336 AutoMapper.Configuration.MappingExpression<Order.Infrastructure.Data.Readonlys.CompanyBuMapping.GetCompanyBuMappingViewModelDto, Order.Business.Dtos.ViewModels.CompanyBuMapping.GetCompanyBuMappingViewModel>
7ffcf5924f50       3        336 AutoMapper.Configuration.MappingExpression<Order.Business.Mediator.Queries.CompanyBUMapping.GetCompanyBuMappingsQuery, Order.Infrastructure.Data.Readonlys.CompanyBuMapping.GetCompanyBuMappingsQueryDto>
7ffcf57d3b50       3        336 AutoMapper.Configuration.MappingExpression<Order.Infrastructure.Entities.OrderModels.OrderModel, CommonApiMessage.AggregatesModel.OrderMessage.OrderMessageViewModel>
7ffcf57d9f10       3        336 AutoMapper.Configuration.MappingExpression<Order.Infrastructure.Entities.OrderModels.OrderAddressModel, CommonApiMessage.AggregatesModel.OrderMessage.OrderMessageAddressViewModel>
7ffcf57da7c8       3        336 AutoMapper.Configuration.MappingExpression<CommonApiMessage.AggregatesModel.OrderMessage.OrderMessageAddressViewModel, Order.Infrastructure.Entities.OrderModels.OrderAddressModel>
7ffcf57db080       3        336 AutoMapper.Configuration.MappingExpression<Order.Infrastructure.Entities.OrderModels.OrderAddressModel, Order.Business.Model.Response.orderAddress>
7ffcf57dc3b8       3        336 AutoMapper.Configuration.MappingExpression<Order.Infrastructure.Model.Address.InsertAddressInfoViewModel, Order.Infrastructure.Entities.OrderModels.OrderAddressModel>
7ffcf57dcc70       3        336 AutoMapper.Configuration.MappingExpression<Order.Infrastructure.Model.Address.InsertAddressInfoViewModel, Order.Infrastructure.Entities.SubOrderModels.SubOrderAddressModel>
7ffcf57dd528       3        336 AutoMapper.Configuration.MappingExpression<Order.Infrastructure.Entities.OrderModels.OrderItemModel, CommonApiMessage.AggregatesModel.OrderMessage.OrderMessageItemViewModel>
7ffcf5801638       3        336 AutoMapper.Configuration.MappingExpression<Order.Infrastructure.Entities.OrderModels.OrderItemPromotionModel, CommonApiMessage.AggregatesModel.OrderMessage.OrderMessageItemPromotionsViewModel>
7ffcf5801ef0       3        336 AutoMapper.Configuration.MappingExpression<Order.Infrastructure.Entities.OrderModels.OrderItemFulFillmentModel, CommonApiMessage.AggregatesModel.OrderMessage.OrderMessageItemFulFillmentViewModel>
7ffcf5806f88       3        336 AutoMapper.Configuration.MappingExpression<Order.Infrastructure.Entities.OrderModels.OrderItemDeliveryWindowModel, CommonApiMessage.AggregatesModel.OrderMessage.OrderMessageItemDeliveryWindowViewModel>
7ffcf5807840       3        336 AutoMapper.Configuration.MappingExpression<Order.Infrastructure.Entities.OrderModels.OrderItemFulFillmentServiceTypeModel, CommonApiMessage.AggregatesModel.OrderMessage.OrderMessageItemFulFillmentServiceTypeViewModel>
7ffcf58080f8       3        336 AutoMapper.Configuration.MappingExpression<Order.Infrastructure.Entities.OrderModels.OrderItemRemarkModel, CommonApiMessage.AggregatesModel.OrderMessage.OrderMessageItemRemarkViewModel>
7ffcf58089b0       3        336 AutoMapper.Configuration.MappingExpression<Order.Infrastructure.Entities.OrderModels.OrderItemAmountModel, CommonApiMessage.AggregatesModel.OrderMessage.OrderMessageItemAmountViewModel>
7ffcf5809268       3        336 AutoMapper.Configuration.MappingExpression<Order.Infrastructure.Entities.OrderModels.OrderItemAmountDtlModel, CommonApiMessage.AggregatesModel.OrderMessage.OrderMessageItemAmountDetailViewModel>
7ffcf5809b20       3        336 AutoMapper.Configuration.MappingExpression<Order.Infrastructure.Entities.OrderModels.OrderItemTaxModel, CommonApiMessage.AggregatesModel.OrderMessage.OrderMessageItemTaxViewModel>
7ffcf580a3d8       3        336 AutoMapper.Configuration.MappingExpression<Order.Infrastructure.Entities.OrderModels.OrderItemPaymentModel, CommonApiMessage.AggregatesModel.OrderMessage.OrderMessageItemPaymentViewModel>
7ffcf580ac90       3        336 AutoMapper.Configuration.MappingExpression<Order.Infrastructure.Entities.OrderModels.OrderItemBarcodeModel, CommonApiMessage.AggregatesModel.OrderMessage.OrderMessageSubBarcodeViewModel>
7ffcf580bfc8       3        336 AutoMapper.Configuration.MappingExpression<Order.Infrastructure.Entities.OrderModels.OrderItemPromotionsModel, CommonApiMessage.AggregatesModel.OrderMessage.OrderMessageItemPromotionsViewModel>
7ffcf580c880       3        336 AutoMapper.Configuration.MappingExpression<Order.Infrastructure.Entities.OrderModels.OrderCustomerModel, CommonApiMessage.AggregatesModel.OrderMessage.OrderMessageCustomerViewModel>
7ffcf580d138       3        336 AutoMapper.Configuration.MappingExpression<Order.Infrastructure.Entities.OrderModels.OrderPaymentModel, CommonApiMessage.AggregatesModel.OrderMessage.OrderMessagePaymentViewModel>
7ffcf580d9f0       3        336 AutoMapper.Configuration.MappingExpression<Order.Infrastructure.Entities.OrderModels.OrderPaymentTransactionModel, CommonApiMessage.AggregatesModel.OrderMessage.OrderMessagePaymentTransactionViewModel>
7ffcf580e2a8       3        336 AutoMapper.Configuration.MappingExpression<Order.Infrastructure.Entities.OrderModels.OrderPromotionModel, CommonApiMessage.AggregatesModel.OrderMessage.OrderMessagePromotionViewModel>
7ffcf580eb60       3        336 AutoMapper.Configuration.MappingExpression<Order.Infrastructure.Entities.OrderModels.OrderPromotionAmountModel, CommonApiMessage.AggregatesModel.OrderMessage.OrderMessagePromotionAmountViewModel>
7ffcf580f418       3        336 AutoMapper.Configuration.MappingExpression<Order.Infrastructure.Entities.OrderModels.OrderFeeModel, CommonApiMessage.AggregatesModel.OrderMessage.OrderMessageFeeViewModel>
7ffcf5810658       3        336 AutoMapper.Configuration.MappingExpression<Order.Infrastructure.Entities.OrderModels.OrderFeePaymentModel, CommonApiMessage.AggregatesModel.OrderMessage.OrderMessageFeePaymentViewModel>
7ffcf5810f10       3        336 AutoMapper.Configuration.MappingExpression<Order.Infrastructure.Entities.OrderModels.OrderFeeAmountDtlModel, CommonApiMessage.AggregatesModel.OrderMessage.OrderMessageFeeAmountDtlViewModel>
7ffcf58117c8       3        336 AutoMapper.Configuration.MappingExpression<Order.Infrastructure.Entities.OrderModels.OrderFeeTaxModel, CommonApiMessage.AggregatesModel.OrderMessage.OrderMessageFeeTaxViewModel>
7ffcf5812080       3        336 AutoMapper.Configuration.MappingExpression<Order.Infrastructure.Entities.OrderModels.OrderRemarkModel, CommonApiMessage.AggregatesModel.OrderMessage.OrderMessageRemarkViewModel>
7ffcf581c910       3        336 AutoMapper.Configuration.MappingExpression<Order.Infrastructure.Entities.SubOrderModels.SubOrderModel, CommonApiMessage.AggregatesModel.SubOrderMessage.SubOrderMessageViewModel>
7ffcf581e1d8       3        336 AutoMapper.Configuration.MappingExpression<Order.Infrastructure.Entities.SubOrderModels.SubOrderRemarkModel, CommonApiMessage.AggregatesModel.SubOrderMessage.SubOrderMessageRemarkViewModel>
7ffcf581ea90       3        336 AutoMapper.Configuration.MappingExpression<Order.Infrastructure.Entities.SubOrderModels.SubOrderAddressModel, CommonApiMessage.AggregatesModel.SubOrderMessage.SubOrderMessageAddressViewModel>
7ffcf581fdc8       3        336 AutoMapper.Configuration.MappingExpression<Order.Infrastructure.Entities.SubOrderModels.SubOrderItemModel, CommonApiMessage.AggregatesModel.SubOrderMessage.SubOrderMessageItemViewModel>
7ffcf5822bf0       3        336 AutoMapper.Configuration.MappingExpression<Order.Infrastructure.Entities.SubOrderModels.SubOrderItemPromotionModel, CommonApiMessage.AggregatesModel.SubOrderMessage.SubOrderMessageItemPromotionViewModel>
7ffcf58234a8       3        336 AutoMapper.Configuration.MappingExpression<Order.Infrastructure.Entities.SubOrderModels.SubOrderItemFulFillmentModel, CommonApiMessage.AggregatesModel.SubOrderMessage.SubOrderMessageItemFulFillmentViewModel>
7ffcf5826250       3        336 AutoMapper.Configuration.MappingExpression<Order.Infrastructure.Entities.SubOrderModels.SubOrderItemDeliveryWindowModel, CommonApiMessage.AggregatesModel.SubOrderMessage.SubOrderMessageItemDeliveryWindowViewModel>
7ffcf5826b08       3        336 AutoMapper.Configuration.MappingExpression<Order.Infrastructure.Entities.SubOrderModels.SubOrderItemFulFillmentServiceTypeModel, CommonApiMessage.AggregatesModel.SubOrderMessage.SubOrderMessageItemFulFillmentServiceTypeViewModel>
7ffcf58273c0       3        336 AutoMapper.Configuration.MappingExpression<Order.Infrastructure.Entities.SubOrderModels.SubOrderItemRemarkModel, CommonApiMessage.AggregatesModel.SubOrderMessage.SubOrderMessageItemRemarkViewModel>
7ffcf5827c78       3        336 AutoMapper.Configuration.MappingExpression<Order.Infrastructure.Entities.SubOrderModels.SubOrderItemAmountModel, CommonApiMessage.AggregatesModel.SubOrderMessage.SubOrderMessageItemAmountViewModel>
7ffcf5828530       3        336 AutoMapper.Configuration.MappingExpression<Order.Infrastructure.Entities.SubOrderModels.SubOrderItemAmtDtlModel, CommonApiMessage.AggregatesModel.SubOrderMessage.SubOrderMessageItemAmountDetailViewModel>
7ffcf5828de8       3        336 AutoMapper.Configuration.MappingExpression<Order.Infrastructure.Entities.SubOrderModels.SubOrderItemTaxModel, CommonApiMessage.AggregatesModel.SubOrderMessage.SubOrderMessageItemTaxViewModel>
7ffcf58296a0       3        336 AutoMapper.Configuration.MappingExpression<Order.Infrastructure.Entities.SubOrderModels.SubOrderItemPayModel, CommonApiMessage.AggregatesModel.SubOrderMessage.SubOrderMessageItemPaymentViewModel>
7ffcf5829f58       3        336 AutoMapper.Configuration.MappingExpression<Order.Infrastructure.Entities.SubOrderModels.SubOrderItemBarcodeModel, CommonApiMessage.AggregatesModel.SubOrderMessage.SubOrderMessageItemSubBarcodeViewModel>
7ffcf582a810       3        336 AutoMapper.Configuration.MappingExpression<Order.Infrastructure.Entities.SubOrderModels.SubOrderItemPromotionsModel, CommonApiMessage.AggregatesModel.SubOrderMessage.SubOrderMessageItemPromotionsViewModel>
7ffcf582b0c8       3        336 AutoMapper.Configuration.MappingExpression<Order.Infrastructure.Entities.SubOrderModels.SubOrderPromotionModel, CommonApiMessage.AggregatesModel.SubOrderMessage.SubOrderMessagePromotionViewModel>
7ffcf582b980       3        336 AutoMapper.Configuration.MappingExpression<Order.Infrastructure.Entities.SubOrderModels.SubOrderPromotionAmountModel, CommonApiMessage.AggregatesModel.SubOrderMessage.SubOrderMessagePromotionAmountViewModel>
7ffcf582c238       3        336 AutoMapper.Configuration.MappingExpression<Order.Infrastructure.Entities.SubOrderModels.SubOrderFeeModel, CommonApiMessage.AggregatesModel.SubOrderMessage.SubOrderMessageFeeViewModel>
7ffcf582caf0       3        336 AutoMapper.Configuration.MappingExpression<Order.Infrastructure.Entities.SubOrderModels.SubOrderFeeAmountModel, CommonApiMessage.AggregatesModel.SubOrderMessage.SubOrderMessageFeeAmountViewModel>
7ffcf582d3a8       3        336 AutoMapper.Configuration.MappingExpression<Order.Infrastructure.Entities.SubOrderModels.SubOrderFeeAmountDtlModel, CommonApiMessage.AggregatesModel.SubOrderMessage.SubOrderMessageFeeAmountDtlViewModel>
7ffcf582dc60       3        336 AutoMapper.Configuration.MappingExpression<Order.Infrastructure.Entities.SubOrderModels.SubOrderFeeTaxModel, CommonApiMessage.AggregatesModel.SubOrderMessage.SubOrderMessageFeeTaxViewModel>
7ffcf582e518       3        336 AutoMapper.Configuration.MappingExpression<Order.Infrastructure.Entities.SubOrderModels.SubOrderFeePaymentModel, CommonApiMessage.AggregatesModel.SubOrderMessage.SubOrderMessageFeePaymentViewModel>
7ffcf582edd0       3        336 AutoMapper.Configuration.MappingExpression<Order.Infrastructure.Entities.StoreLocation.StoreLocationModel, CommonApiMessage.AggregatesModel.SubOrderMessage.SubOrderMessageAddressViewModel>
7ffcf582f688       3        336 AutoMapper.Configuration.MappingExpression<Order.Infrastructure.Entities.Package.PackageInfoModel, CommonApiMessage.AggregatesModel.Package.PackageInfoMessageViewModel>
7ffcf5840028       3        336 AutoMapper.Configuration.MappingExpression<Order.Infrastructure.Entities.Promotion.PromotionItemModel, CommonApiMessage.AggregatesModel.SubOrderMessage.SubOrderMessageItemViewModel>
7ffcf5841c78       3        336 AutoMapper.Configuration.MappingExpression<Order.Business.Mediator.Commands.RoleChannelMapping.CreateRoleChannelMappingCommand, Order.Infrastructure.Data.Readonlys.RoleChannelMapping.CreateRoleChannelMappingCommandDto>
7ffcf5843cc0       3        336 AutoMapper.Configuration.MappingExpression<Order.Business.Dtos.ViewModels.RoleChannelMapping.CreateChannelViewModel, Order.Infrastructure.Data.Readonlys.RoleChannelMapping.CreateChannelViewModelDto>
7ffcf5844618       3        336 AutoMapper.Configuration.MappingExpression<Order.Business.Mediator.Queries.RoleChannelMapping.GetRoleChannelMappingsQuery, Order.Infrastructure.Data.Readonlys.RoleChannelMapping.GetRoleChannelMappingsQueryDto>
7ffcf5846940       3        336 AutoMapper.Configuration.MappingExpression<CommonApiMessage.AggregatesModel.SubOrderMessage.SubOrderMessageAddressViewModel, Order.Business.Responses.Order.CustomerByPacking>
7ffcf5847aa8       3        336 AutoMapper.Configuration.MappingExpression<Order.Domain.AggregatesModel.Order.PackingDetails, Order.Business.Responses.Order.ProductByPacking>
7ffcf584be70       3        336 AutoMapper.Configuration.MappingExpression<CommonApiMessage.AggregatesModel.OrderMessage.OrderMessageAddressViewModel, Order.Business.Responses.Order.Customer>
7ffcf584d1c8       3        336 AutoMapper.Configuration.MappingExpression<CommonApiMessage.AggregatesModel.OrderMessage.OrderMessageItemViewModel, Order.Business.Responses.Order.Product>
7ffcf585d4c8       3        336 AutoMapper.Configuration.MappingExpression<Order.Business.Mediator.Commands.OrderFront.CreateOrderFrontManualViewModel, Order.Infrastructure.Entities.OrderModels.OrderModel>
7ffcf5872050       3        336 AutoMapper.Configuration.MappingExpression<Order.Business.Mediator.Commands.OrderFront.OrderAddressFrontManualViewModel, Order.Infrastructure.Entities.OrderModels.OrderAddressModel>
7ffcf5873160       3        336 AutoMapper.Configuration.MappingExpression<Order.Business.Mediator.Commands.OrderFront.CreateOrderPaymentFrontManualViewModel, Order.Infrastructure.Entities.OrderModels.OrderPaymentModel>
7ffcf587d4f8       3        336 AutoMapper.Configuration.MappingExpression<Order.Business.Mediator.Commands.OrderFront.CreateOrderItemFrontManualViewModel, Order.Infrastructure.Entities.OrderModels.OrderItemModel>
7ffcf5883b88       3        336 AutoMapper.Configuration.MappingExpression<Order.Business.Mediator.Commands.OrderFront.CreateOrderFrontManualViewModel, Order.Infrastructure.Entities.SubOrderModels.SubOrderModel>
7ffcf57ba7f0       2        336 AutoMapper.Internal.Mappers.IObjectMapper[]
7ffcf4880fb8       2        336 System.Security.Cryptography.X509Certificates.X509Certificate2
7ffcf65643d8       7        336 System.Collections.Concurrent.ConcurrentDictionary<System.Type, System.Reflection.ConstructorInfo>+Node
7ffcf4b3e818       1        336 Microsoft.AspNetCore.Server.Kestrel.Core.Internal.Infrastructure.KestrelEventSource
7ffcf4f3b268       6        336 System.Text.Json.Serialization.Converters.EnumConverter<Swashbuckle.AspNetCore.SwaggerUI.DocExpansion>+EnumFieldInfo
7ffcf528ca18       7        336 Microsoft.Extensions.Logging.LoggerMessage+<>c__DisplayClass12_0<System.String, System.Type>
7ffcf6881cf8       2        352 Microsoft.Data.SqlClient.ConnectionPool.WaitHandleDbConnectionPool
7ffcf46d25f8      15        360 Order.Domain.AggregatesModel.Order.OrderRepository+<>c__DisplayClass16_0
7ffcf6e077a8      15        360 Microsoft.EntityFrameworkCore.EntityFrameworkQueryableExtensions+IncludableQueryable<Order.Infrastructure.Entities.OrderModels.OrderModel, System.Collections.Generic.ICollection<Order.Infrastructure.Entities.OrderModels.OrderPaymentModel>>
7ffcf6e07a00      15        360 Microsoft.EntityFrameworkCore.EntityFrameworkQueryableExtensions+IncludableQueryable<Order.Infrastructure.Entities.OrderModels.OrderModel, System.Collections.Generic.ICollection<Order.Infrastructure.Entities.OrderModels.OrderPaymentTransactionModel>>
7ffcf52c9528      15        360 System.Collections.Generic.SortedDictionary<System.Type, System.ValueTuple<Microsoft.EntityFrameworkCore.Infrastructure.IDbContextOptionsExtension, System.Int32>>+KeyValuePairComparer
7ffcf52ca8c0      15        360 Microsoft.EntityFrameworkCore.DbContextOptionsBuilder<Order.Infrastructure.OrderContext>
7ffcf52cae48      15        360 Microsoft.EntityFrameworkCore.DbContextOptionsBuilder+<>c__DisplayClass19_0
7ffcf52f2d28      15        360 Microsoft.EntityFrameworkCore.Infrastructure.SqlServerDbContextOptionsBuilder
7ffcf52f8ca0      15        360 Microsoft.EntityFrameworkCore.Infrastructure.RelationalDbContextOptionsBuilder<Microsoft.EntityFrameworkCore.Infrastructure.SqlServerDbContextOptionsBuilder, Microsoft.EntityFrameworkCore.SqlServer.Infrastructure.Internal.SqlServerOptionsExtension>+<>c__DisplayClass8_0
7ffcf52fbfa0      15        360 Microsoft.EntityFrameworkCore.Infrastructure.RelationalDbContextOptionsBuilder<Microsoft.EntityFrameworkCore.Infrastructure.SqlServerDbContextOptionsBuilder, Microsoft.EntityFrameworkCore.SqlServer.Infrastructure.Internal.SqlServerOptionsExtension>+<>c__DisplayClass14_0
7ffcf3d3f4f0      15        360 Microsoft.AspNetCore.Cors.Infrastructure.DefaultCorsPolicyProvider
7ffcf3e66260      15        360 Microsoft.EntityFrameworkCore.DbContextOptionsBuilder
7ffcf52d00f0      15        360 Microsoft.EntityFrameworkCore.DbLoggerCategory+ChangeTracking
7ffcf52cfc98      15        360 Microsoft.EntityFrameworkCore.DbLoggerCategory+Infrastructure
7ffcf52f7a40      15        360 Microsoft.EntityFrameworkCore.DbLoggerCategory+Database+Command
7ffcf52cfb30      15        360 Microsoft.EntityFrameworkCore.DbLoggerCategory+Query
7ffcf52f7ba8      15        360 Microsoft.EntityFrameworkCore.DbLoggerCategory+Database+Transaction
7ffcf52f76c8      15        360 Microsoft.EntityFrameworkCore.DbLoggerCategory+Database+Connection
7ffcf52cfe00      15        360 Microsoft.EntityFrameworkCore.DbLoggerCategory+Model
7ffcf52cff68      15        360 Microsoft.EntityFrameworkCore.DbLoggerCategory+Model+Validation
7ffcf62e4ac8      15        360 <>z__ReadOnlyArray<Microsoft.EntityFrameworkCore.Query.IMemberTranslator>
7ffcf62e7118      15        360 <>z__ReadOnlyArray<Microsoft.EntityFrameworkCore.Query.IMethodCallTranslator>
7ffcf62ecca0      15        360 <>z__ReadOnlyArray<Microsoft.EntityFrameworkCore.Query.IAggregateMethodCallTranslator>
7ffcf52cf8c0      15        360 Microsoft.EntityFrameworkCore.DbLoggerCategory+Update
7ffcf6575470      15        360 Microsoft.EntityFrameworkCore.Storage.ExecutionStrategy+<>c__DisplayClass28_0<Microsoft.EntityFrameworkCore.Query.Internal.SingleQueryingEnumerable<<>f__AnonymousType11<System.String, System.String>>+Enumerator, System.Boolean>
7ffcf52f7d10      15        360 Microsoft.EntityFrameworkCore.DbLoggerCategory+Migrations
7ffcf6c30290       9        360 Microsoft.EntityFrameworkCore.Query.Internal.QueryCompiler+<>c__DisplayClass11_0<System.Collections.Generic.IEnumerable<Order.Infrastructure.Entities.OrderItemInformation.OrderItemOtherInfoModel>>
7ffcf58edeb8      15        360 AutoMapper.Configuration.MemberConfigurationExpression<Order.Business.Mediator.Commands.OrderFront.UpdateOrderFrontViewModel, Order.Infrastructure.Entities.OrderModels.OrderModel, System.String>+<>c__DisplayClass24_0
7ffcf58f6d10      15        360 AutoMapper.Configuration.MemberConfigurationExpression<Order.Business.Mediator.Commands.OrderFront.UpdateOrderFrontViewModel, Order.Business.Mediator.Commands.OrderFront.UpdateSubOrderFrontViewModel, System.String>+<>c__DisplayClass24_0
7ffcf59122e8      15        360 AutoMapper.Configuration.MemberConfigurationExpression<Order.Business.Mediator.Commands.OrderFront.UpdateSubOrderFrontViewModel, Order.Infrastructure.Entities.SubOrderModels.SubOrderModel, System.String>+<>c__DisplayClass24_0
7ffcf591b7f0      15        360 AutoMapper.Configuration.MemberConfigurationExpression<Order.Infrastructure.Data.Readonlys.CompanyBuMapping.GetCompanyBuMappingByIdViewModelDto, Order.Business.Dtos.ViewModels.CompanyBuMapping.GetCompanyBuMappingByIdViewModel, System.String>+<>c__DisplayClass24_0
7ffcf5926148      15        360 AutoMapper.Configuration.MemberConfigurationExpression<Order.Business.Mediator.Queries.CompanyBUMapping.GetCompanyBuMappingsQuery, Order.Infrastructure.Data.Readonlys.CompanyBuMapping.GetCompanyBuMappingsQueryDto, System.String>+<>c__DisplayClass24_0
7ffcf59cc520       7        360 AutoMapper.ConstructorParameterMap[]
7ffcf4886a90       1        360 System.Net.Security.NetSecurityTelemetry
7ffcf4911c00       7        360 EventBus.InMemoryEventBusSubscriptionsManager+SubscriptionInfo[]
7ffcf4e00990       9        360 System.Tuple<System.UInt64, System.UInt64, Microsoft.AspNetCore.Server.Kestrel.Core.Internal.Http.HttpMethod, System.Int32>
7ffcf5a6ea30       1        368 System.Text.Json.Serialization.Metadata.JsonTypeInfo<Order.Business.Mediator.Commands.Order.GetSubOrderCommand>
7ffcf5a6f408       1        368 System.Text.Json.Serialization.Metadata.JsonTypeInfo<MediatR.IRequest<CommonApiMessage.AggregatesModel.SubOrderMessage.SubOrderMessageViewModel>>
7ffcf5a6fe58       1        368 System.Text.Json.Serialization.Metadata.JsonTypeInfo<MediatR.IBaseRequest>
7ffcf4343338       6        368 Microsoft.AspNetCore.Mvc.ModelBinding.IValueProviderFactory[]
7ffcf4d0d780       1        368 System.Text.Json.Serialization.Metadata.JsonTypeInfo<Order.Infrastructure.Entities.Abstractions.BaseStatus>
7ffcf4d30ae0       1        368 System.Text.Json.Serialization.Metadata.JsonTypeInfo<System.Enum>
7ffcf4d31868       1        368 System.Text.Json.Serialization.Metadata.JsonTypeInfo<System.ValueType>
7ffcf4d320b8       1        368 System.Text.Json.Serialization.Metadata.JsonTypeInfo<System.IComparable>
7ffcf4d341a8       1        368 System.Text.Json.Serialization.Metadata.JsonTypeInfo<System.ISpanFormattable>
7ffcf4d353b0       1        368 System.Text.Json.Serialization.Metadata.JsonTypeInfo<System.IFormattable>
7ffcf4d35c00       1        368 System.Text.Json.Serialization.Metadata.JsonTypeInfo<System.IConvertible>
7ffcf4d38398       1        368 System.Text.Json.Serialization.Metadata.JsonTypeInfo<System.Text.Json.JsonElement>
7ffcf4f15670       1        368 System.Text.Json.Serialization.Metadata.JsonTypeInfo<Swashbuckle.AspNetCore.SwaggerUI.ConfigObject>
7ffcf4f35028       1        368 System.Text.Json.Serialization.Metadata.JsonTypeInfo<System.Collections.Generic.IEnumerable<Swashbuckle.AspNetCore.SwaggerUI.UrlDescriptor>>
7ffcf4f35690       1        368 System.Text.Json.Serialization.Metadata.JsonTypeInfo<Swashbuckle.AspNetCore.SwaggerUI.UrlDescriptor>
7ffcf4f399e0       1        368 System.Text.Json.Serialization.Metadata.JsonTypeInfo<Swashbuckle.AspNetCore.SwaggerUI.ModelRendering>
7ffcf4f3d348       1        368 System.Text.Json.Serialization.Metadata.JsonTypeInfo<Swashbuckle.AspNetCore.SwaggerUI.DocExpansion>
7ffcf4f3f880       1        368 System.Text.Json.Serialization.Metadata.JsonTypeInfo<System.Nullable<System.Int32>>
7ffcf4f42010       1        368 System.Text.Json.Serialization.Metadata.JsonTypeInfo<System.Collections.Generic.IEnumerable<Swashbuckle.AspNetCore.SwaggerUI.SubmitMethod>>
7ffcf4f45120       1        368 System.Text.Json.Serialization.Metadata.JsonTypeInfo<Swashbuckle.AspNetCore.SwaggerUI.SubmitMethod>
7ffcf4f47108       1        368 System.Text.Json.Serialization.Metadata.JsonTypeInfo<System.Collections.Generic.Dictionary<System.String, System.Object>>
7ffcf4f4ac48       1        368 System.Text.Json.Serialization.Metadata.JsonTypeInfo<Swashbuckle.AspNetCore.SwaggerUI.OAuthConfigObject>
7ffcf4f4fba0       1        368 System.Text.Json.Serialization.Metadata.JsonTypeInfo<System.Collections.Generic.IEnumerable<System.String>>
7ffcf4f604e8       1        368 System.Text.Json.Serialization.Metadata.JsonTypeInfo<System.Collections.Generic.Dictionary<System.String, System.String>>
7ffcf4f60a08       1        368 System.Text.Json.Serialization.Metadata.JsonTypeInfo<Swashbuckle.AspNetCore.SwaggerUI.InterceptorFunctions>
7ffcf3681250       5        376 Microsoft.Extensions.Configuration.IConfigurationProvider[]
7ffcf6334e70      12        376 System.Func<System.IServiceProvider, System.Object>[]
7ffcf6e51540       6        384 System.Func<System.Object, System.Collections.Generic.List<CommonApiMessage.AggregatesModel.SubOrderMessage.SubOrderMessageAddressViewModel>>
7ffcf6e53808       6        384 System.Action<System.Object, System.Collections.Generic.List<CommonApiMessage.AggregatesModel.SubOrderMessage.SubOrderMessageAddressViewModel>>
7ffcf6e715f0       6        384 System.Func<System.Object, System.Nullable<System.Int64>>
7ffcf6e712e0       6        384 System.Action<System.Object, System.Nullable<System.Int64>>
7ffcf6ef8b80       6        384 System.Func<System.Object, CommonApiMessage.AggregatesModel.SubOrderMessage.SubOrderMessageFeeAmountDtlViewModel>
7ffcf6ef9378       6        384 System.Action<System.Object, CommonApiMessage.AggregatesModel.SubOrderMessage.SubOrderMessageFeeAmountDtlViewModel>
7ffcf6efc1e8       6        384 System.Func<System.Object, System.Collections.Generic.ICollection<CommonApiMessage.AggregatesModel.SubOrderMessage.SubOrderMessageFeeTaxViewModel>>
7ffcf6efc9e0       6        384 System.Action<System.Object, System.Collections.Generic.ICollection<CommonApiMessage.AggregatesModel.SubOrderMessage.SubOrderMessageFeeTaxViewModel>>
7ffcf35a4fd8      12        384 Microsoft.Win32.SafeHandles.SafeWaitHandle
7ffcf368c528       6        384 System.IO.FileSystemEventHandler
7ffcf3bbb880       6        384 System.Func<System.IServiceProvider, System.Object>
7ffcf423a978       6        384 System.EventHandler<Autofac.Core.RegistrationSourceAddedEventArgs>
7ffcf4587ca0      12        384 Microsoft.AspNetCore.Mvc.ModelBinding.SuppressChildValidationMetadataProvider
7ffcf5888230       6        384 AutoMapper.Configuration.MemberConfigurationExpression<Order.Business.Model.Request.Order.OrderFeeViewModel, Order.Infrastructure.Entities.SubOrderModels.SubOrderFeeModel, System.Int32>
7ffcf58799a8      12        384 System.Linq.Expressions.Expression1<System.Func<Order.Business.Model.Request.Order.OrderFeeViewModel, System.Int32>>
7ffcf5888c90       6        384 AutoMapper.Configuration.MemberConfigurationExpression<Order.Business.Model.Request.Order.OrderFeeViewModel, Order.Infrastructure.Entities.SubOrderModels.SubOrderFeeModel, System.Decimal>
7ffcf587bba8      12        384 System.Linq.Expressions.Expression1<System.Func<Order.Business.Model.Request.Order.OrderFeeViewModel, System.Decimal>>
7ffcf5889520       6        384 AutoMapper.Configuration.MemberConfigurationExpression<Order.Business.Model.Request.Order.OrderFeeViewModel, Order.Infrastructure.Entities.SubOrderModels.SubOrderFeeModel, Order.Infrastructure.Entities.SubOrderModels.SubOrderFeeAmountModel>
7ffcf588a210       6        384 AutoMapper.Configuration.MemberConfigurationExpression<Order.Business.Model.Request.Order.OrderFeeViewModel, Order.Infrastructure.Entities.SubOrderModels.SubOrderFeeModel, System.Collections.Generic.ICollection<Order.Infrastructure.Entities.SubOrderModels.SubOrderFeePaymentModel>>
7ffcf588acf0       6        384 AutoMapper.Configuration.MemberConfigurationExpression<Order.Business.Mediator.Commands.OrderFront.CreateOrderItemFrontManualViewModel, Order.Infrastructure.Entities.SubOrderModels.SubOrderItemModel, System.Int32>
7ffcf58b92d0       6        384 AutoMapper.Configuration.MemberConfigurationExpression<Order.Business.Mediator.Commands.OrderFront.CreateOrderFrontViewModel, Order.Infrastructure.Entities.OrderModels.OrderModel, System.DateTime>
7ffcf58b99a0      12        384 System.Linq.Expressions.Expression1<System.Func<Order.Business.Mediator.Commands.OrderFront.CreateOrderFrontViewModel, System.Nullable<System.DateTime>>>
7ffcf58792d8       6        384 AutoMapper.Configuration.MemberConfigurationExpression<Order.Business.Model.Request.Order.OrderFeeViewModel, Order.Infrastructure.Entities.OrderModels.OrderFeeModel, System.Int32>
7ffcf587b448       6        384 AutoMapper.Configuration.MemberConfigurationExpression<Order.Business.Model.Request.Order.OrderFeeViewModel, Order.Infrastructure.Entities.OrderModels.OrderFeeModel, System.Decimal>
7ffcf587c3e0       6        384 AutoMapper.Configuration.MemberConfigurationExpression<Order.Business.Model.Request.Order.OrderFeeViewModel, Order.Infrastructure.Entities.OrderModels.OrderFeeModel, Order.Infrastructure.Entities.OrderModels.OrderFeeAmountModel>
7ffcf587d0d0       6        384 AutoMapper.Configuration.MemberConfigurationExpression<Order.Business.Model.Request.Order.OrderFeeViewModel, Order.Infrastructure.Entities.OrderModels.OrderFeeModel, System.Collections.Generic.ICollection<Order.Infrastructure.Entities.OrderModels.OrderFeePaymentModel>>
7ffcf58be280       6        384 AutoMapper.Configuration.MemberConfigurationExpression<Order.Business.Mediator.Commands.OrderFront.CreateOrderItemFrontViewModel, Order.Infrastructure.Entities.OrderModels.OrderItemModel, System.Int32>
7ffcf58c3e68       6        384 AutoMapper.Configuration.MemberConfigurationExpression<Order.Business.Mediator.Commands.OrderFront.CreateOrderFrontViewModel, Order.Infrastructure.Entities.SubOrderModels.SubOrderModel, System.DateTime>
7ffcf58c6038       6        384 AutoMapper.Configuration.MemberConfigurationExpression<Order.Business.Mediator.Commands.OrderFront.CreateOrderItemFrontViewModel, Order.Infrastructure.Entities.SubOrderModels.SubOrderItemModel, System.Int32>
7ffcf58f19e8       6        384 AutoMapper.Configuration.MemberConfigurationExpression<Order.Business.Mediator.Commands.OrderFront.UpdateOrderItemFront, Order.Infrastructure.Entities.OrderModels.OrderItemModel, System.Decimal>
7ffcf58f20b8      12        384 System.Linq.Expressions.Expression1<System.Func<Order.Business.Mediator.Commands.OrderFront.UpdateOrderItemFront, System.Decimal>>
7ffcf58f4058       6        384 AutoMapper.Configuration.MemberConfigurationExpression<Order.Business.Mediator.Commands.OrderFront.UpdateOrderItemAmountDetailViewModel, Order.Infrastructure.Entities.OrderModels.OrderItemAmountDtlModel, System.Decimal>
7ffcf58f4728      12        384 System.Linq.Expressions.Expression1<System.Func<Order.Business.Mediator.Commands.OrderFront.UpdateOrderItemAmountDetailViewModel, System.Decimal>>
7ffcf58f4d48       6        384 AutoMapper.Configuration.MemberConfigurationExpression<Order.Business.Mediator.Commands.OrderFront.UpdateOrderItemAmountDetailViewModel, Order.Infrastructure.Entities.OrderModels.OrderItemAmountDtlModel, System.Nullable<System.Decimal>>
7ffcf58f5418      12        384 System.Linq.Expressions.Expression1<System.Func<Order.Business.Mediator.Commands.OrderFront.UpdateOrderItemAmountDetailViewModel, System.Nullable<System.Decimal>>>
7ffcf58fd610       6        384 AutoMapper.Configuration.MemberConfigurationExpression<Order.Business.Mediator.Commands.OrderFront.UpdateOrderItemAmountDetailViewModel, Order.Business.Mediator.Commands.OrderFront.UpdateSubOrderItemAmountDetailViewModel, System.Decimal>
7ffcf58fdea0       6        384 AutoMapper.Configuration.MemberConfigurationExpression<Order.Business.Mediator.Commands.OrderFront.UpdateOrderItemAmountDetailViewModel, Order.Business.Mediator.Commands.OrderFront.UpdateSubOrderItemAmountDetailViewModel, System.Nullable<System.Decimal>>
7ffcf5914d48       6        384 AutoMapper.Configuration.MemberConfigurationExpression<Order.Business.Mediator.Commands.OrderFront.UpdateSubOrderItemFront, Order.Infrastructure.Entities.SubOrderModels.SubOrderItemModel, System.Decimal>
7ffcf5916af8       6        384 AutoMapper.Configuration.MemberConfigurationExpression<Order.Business.Mediator.Commands.OrderFront.UpdateSubOrderItemAmountDetailViewModel, Order.Infrastructure.Entities.SubOrderModels.SubOrderItemAmtDtlModel, System.Decimal>
7ffcf5917388       6        384 AutoMapper.Configuration.MemberConfigurationExpression<Order.Business.Mediator.Commands.OrderFront.UpdateSubOrderItemAmountDetailViewModel, Order.Infrastructure.Entities.SubOrderModels.SubOrderItemAmtDtlModel, System.Nullable<System.Decimal>>
7ffcf591d7e8       6        384 AutoMapper.Configuration.MemberConfigurationExpression<Order.Infrastructure.Data.Readonlys.CompanyBuMapping.GetCompanyBuMappingByIdViewModelDto, Order.Business.Dtos.ViewModels.CompanyBuMapping.GetCompanyBuMappingByIdViewModel, System.Boolean>
7ffcf59215e0      12        384 System.Linq.Expressions.Expression1<System.Func<Order.Infrastructure.Data.Readonlys.CompanyBuMapping.GetCompanyBuMappingViewModelDto, System.String>>
7ffcf59228f0       6        384 AutoMapper.Configuration.MemberConfigurationExpression<Order.Infrastructure.Data.Readonlys.CompanyBuMapping.GetCompanyBuMappingViewModelDto, Order.Business.Dtos.ViewModels.CompanyBuMapping.GetCompanyBuMappingViewModel, System.Boolean>
7ffcf59272f0       6        384 AutoMapper.Configuration.MemberConfigurationExpression<Order.Business.Mediator.Queries.CompanyBUMapping.GetCompanyBuMappingsQuery, Order.Infrastructure.Data.Readonlys.CompanyBuMapping.GetCompanyBuMappingsQueryDto, System.Int32>
7ffcf57d6cc8       6        384 AutoMapper.Configuration.MemberConfigurationExpression<Order.Infrastructure.Entities.OrderModels.OrderModel, CommonApiMessage.AggregatesModel.OrderMessage.OrderMessageViewModel, System.String>
7ffcf581d2d0       6        384 AutoMapper.Configuration.MemberConfigurationExpression<Order.Infrastructure.Entities.SubOrderModels.SubOrderModel, CommonApiMessage.AggregatesModel.SubOrderMessage.SubOrderMessageViewModel, System.String>
7ffcf581f430       6        384 AutoMapper.Configuration.MemberConfigurationExpression<Order.Infrastructure.Entities.SubOrderModels.SubOrderAddressModel, CommonApiMessage.AggregatesModel.SubOrderMessage.SubOrderMessageAddressViewModel, System.String>
7ffcf5843328       6        384 AutoMapper.Configuration.MemberConfigurationExpression<Order.Business.Mediator.Commands.RoleChannelMapping.CreateRoleChannelMappingCommand, Order.Infrastructure.Data.Readonlys.RoleChannelMapping.CreateRoleChannelMappingCommandDto, System.String>
7ffcf5847300       6        384 AutoMapper.Configuration.MemberConfigurationExpression<CommonApiMessage.AggregatesModel.SubOrderMessage.SubOrderMessageAddressViewModel, Order.Business.Responses.Order.CustomerByPacking, System.String>
7ffcf5848448       6        384 AutoMapper.Configuration.MemberConfigurationExpression<Order.Domain.AggregatesModel.Order.PackingDetails, Order.Business.Responses.Order.ProductByPacking, System.String>
7ffcf584c830       6        384 AutoMapper.Configuration.MemberConfigurationExpression<CommonApiMessage.AggregatesModel.OrderMessage.OrderMessageAddressViewModel, Order.Business.Responses.Order.Customer, System.String>
7ffcf584db68       6        384 AutoMapper.Configuration.MemberConfigurationExpression<CommonApiMessage.AggregatesModel.OrderMessage.OrderMessageItemViewModel, Order.Business.Responses.Order.Product, System.String>
7ffcf5870510       6        384 AutoMapper.Configuration.MemberConfigurationExpression<Order.Business.Mediator.Commands.OrderFront.CreateOrderFrontManualViewModel, Order.Infrastructure.Entities.OrderModels.OrderModel, System.DateTime>
7ffcf5870c70      12        384 System.Linq.Expressions.Expression1<System.Func<Order.Business.Mediator.Commands.OrderFront.CreateOrderFrontManualViewModel, System.Nullable<System.DateTime>>>
7ffcf587dbb0       6        384 AutoMapper.Configuration.MemberConfigurationExpression<Order.Business.Mediator.Commands.OrderFront.CreateOrderItemFrontManualViewModel, Order.Infrastructure.Entities.OrderModels.OrderItemModel, System.Int32>
7ffcf5885028       6        384 AutoMapper.Configuration.MemberConfigurationExpression<Order.Business.Mediator.Commands.OrderFront.CreateOrderFrontManualViewModel, Order.Infrastructure.Entities.SubOrderModels.SubOrderModel, System.DateTime>
7ffcf48d5a08       6        384 RabbitMQ.Client.Impl.AsyncConsumerWorkService+WorkPool
7ffcf49142d8       6        384 RabbitMQ.Client.Events.AsyncEventHandler<RabbitMQ.Client.Events.BasicDeliverEventArgs>
7ffcf495f518       6        384 System.Func<System.IntPtr, System.IntPtr, Confluent.Kafka.ErrorCode>
7ffcf6354de8      16        384 Microsoft.EntityFrameworkCore.Query.SqlAliasManager
7ffcf392f6f8       6        384 System.Func<System.Reflection.ParameterInfo, System.Type>
7ffcf4b7a3a0       6        384 System.Func<Order.Business.Mediator.Queries.SysOrderType.GetSysOrderTypeQuery, System.String>
7ffcf4b7a530       6        384 System.Action<Order.Business.Mediator.Queries.SysOrderType.GetSysOrderTypeQuery, System.String>
7ffcf6c7aee0       6        384 System.Func<Microsoft.EntityFrameworkCore.ChangeTracking.Internal.IInternalEntry, Microsoft.EntityFrameworkCore.ChangeTracking.Internal.ISnapshot>
7ffcf39e10b8       7        392 System.Diagnostics.ActivitySource
7ffcf5929020       1        392 AutoMapper.ProfileMap[]
7ffcf69ba370      10        400 Microsoft.EntityFrameworkCore.Query.Internal.QueryCompiler+<>c__DisplayClass11_0<System.Collections.Generic.IEnumerable<Order.Infrastructure.Entities.SubOrderModels.SubOrderModel>>
7ffcf3418770       1        400 System.Diagnostics.Tracing.RuntimeEventSource
7ffcf3719840      10        400 Serilog.Core.LoggingLevelSwitch
7ffcf42e2798       5        400 Microsoft.Extensions.Diagnostics.Metrics.FactoryMeter
7ffcf45884c0      10        400 Microsoft.AspNetCore.Mvc.ModelBinding.BindingSource
7ffcf61cd578      10        400 System.Linq.Expressions.Expression2<System.Func<System.Int32, System.Int32, System.Boolean>>
7ffcf46d4218      17        408 Order.Domain.AggregatesModel.Order.OrderRepository+<>c__DisplayClass54_0
7ffcf46d3a98      17        408 Order.Domain.AggregatesModel.Order.OrderRepository+<>c__DisplayClass43_0
7ffcf6e2caa8      17        408 Microsoft.EntityFrameworkCore.EntityFrameworkQueryableExtensions+IncludableQueryable<Order.Infrastructure.Entities.OrderModels.OrderPromotionModel, Order.Infrastructure.Entities.OrderModels.OrderPromotionAmountModel>
7ffcf6e44150      17        408 Microsoft.EntityFrameworkCore.Storage.ExecutionStrategy+<>c__DisplayClass28_0<Microsoft.EntityFrameworkCore.Query.Internal.SingleQueryingEnumerable<Order.Infrastructure.Entities.OrderModels.OrderPromotionModel>+Enumerator, System.Boolean>
7ffcf4b40e28       3        408 System.Runtime.CompilerServices.AsyncTaskMethodBuilder<Microsoft.AspNetCore.Connections.ConnectionContext>+AsyncStateMachineBox<Microsoft.AspNetCore.Server.Kestrel.Transport.Sockets.SocketConnectionListener+<AcceptAsync>d__10>
7ffcf59c1450       3        408 AutoMapper.TypeMap+TypeMapDetails
7ffcf3a30888       2        416 System.Globalization.CalendarData[]
7ffcf5929740      13        416 System.Collections.Generic.List<System.Reflection.MemberInfo>
7ffcf4809018       1        424 System.Collections.Concurrent.SingleProducerSingleConsumerQueue<RabbitMQ.Client.Framing.Impl.AutorecoveringConnection+RecoveryCommand>+Segment
7ffcf4830cd8       1        424 System.Collections.Concurrent.SingleProducerSingleConsumerQueue<System.Memory<System.Byte>>+Segment
7ffcf6e47e58      18        432 Microsoft.EntityFrameworkCore.Storage.ExecutionStrategy+<>c__DisplayClass28_0<Microsoft.EntityFrameworkCore.Query.Internal.SingleQueryingEnumerable<Order.Infrastructure.Entities.Promotion.PromotionItemModel>+Enumerator, System.Boolean>
7ffcf36818e8       9        432 Microsoft.Extensions.Configuration.Json.JsonConfigurationProvider
7ffcf3b09568       6        432 System.Diagnostics.Metrics.ObservableGauge<System.Int64>
7ffcf430e090       6        432 System.Diagnostics.Metrics.Counter<System.Int64>
7ffcf59fcc70       9        432 System.Linq.Expressions.Block4
7ffcf4746df8       9        432 Microsoft.AspNetCore.Mvc.HttpDeleteAttribute
7ffcf490fa68       9        432 System.Collections.Concurrent.ConcurrentDictionary<System.String, Microsoft.Extensions.Logging.LogValuesFormatter>+Node
7ffcf48d2e28       6        432 RabbitMQ.Client.Impl.Session
7ffcf49189d0       1        432 System.Collections.Generic.Dictionary<System.String, RabbitMQ.Client.Impl.RecordedConsumer>+Entry[]
7ffcf4caa038       1        432 System.Collections.Generic.Dictionary<System.String, Microsoft.OpenApi.Models.OperationType>+Entry[]
7ffcf4f443e0       1        432 System.Collections.Generic.Dictionary<System.String, System.Text.Json.Serialization.Converters.EnumConverter<Swashbuckle.AspNetCore.SwaggerUI.SubmitMethod>+EnumFieldInfo>+Entry[]
7ffcf67f3848       9        432 Microsoft.Data.Common.NameValuePair
7ffcf3976378      11        440 System.Reflection.CerHashtable<System.String, System.Reflection.RuntimeFieldInfo[]>+Table
7ffcf4d4de58      11        440 System.Reflection.CerHashtable<System.String, System.RuntimeType[]>+Table
7ffcf36959d0       7        448 System.Collections.Concurrent.ConcurrentDictionary<System.String, Microsoft.Extensions.FileProviders.Physical.PhysicalFilesWatcher+ChangeTokenInfo>+Node
7ffcf394f148       8        448 System.Text.RegularExpressions.RegexInterpreterCode
7ffcf3718a20       7        448 System.Collections.Generic.HashSet<System.Type>
7ffcf4223598       7        448 System.EventHandler<Autofac.Core.ComponentRegisteredEventArgs>
7ffcf44cdd38       7        448 System.Action<Microsoft.AspNetCore.Builder.IApplicationBuilder>
7ffcf48e0028       7        448 RabbitMQ.Client.Impl.CommandReceivedAction
7ffcf47b6c48       7        448 System.EventHandler<RabbitMQ.Client.Events.CallbackExceptionEventArgs>
7ffcf495ef10       7        448 System.Func<System.IntPtr, Confluent.Kafka.ErrorCode>
7ffcf6a38f90       7        448 Microsoft.EntityFrameworkCore.Storage.ReaderColumn<System.Int64>
7ffcf6a38ae8       7        448 System.Func<System.Data.Common.DbDataReader, System.Int32[], System.Int64>
7ffcf4b70cb0       7        448 System.Func<CommonApiMessage.AggregatesModel.SearchFilter.OrderSearchFilter, System.String>
7ffcf4b70e40       7        448 System.Action<CommonApiMessage.AggregatesModel.SearchFilter.OrderSearchFilter, System.String>
7ffcf4cb9608       7        448 System.Text.RegularExpressions.RegexCache+Node
7ffcf528cae0       7        448 System.Action<Microsoft.Extensions.Logging.ILogger, System.String, System.Type, System.Exception>
7ffcf5cacdf0       7        448 System.Func<Microsoft.EntityFrameworkCore.Metadata.IConventionProperty, System.Boolean>
7ffcf5fcc340       7        448 System.Func<Microsoft.EntityFrameworkCore.Metadata.IConventionEntityType, System.Collections.Generic.IEnumerable<Microsoft.EntityFrameworkCore.Metadata.IConventionForeignKey>>
7ffcf356c898       2        464 System.Collections.Concurrent.ConcurrentQueueSegment<System.Object>
7ffcf3999af8       2        464 System.Collections.Concurrent.ConcurrentQueueSegment<Serilog.Events.LogEvent>
7ffcf68840e0       2        464 System.Collections.Concurrent.ConcurrentQueueSegment<Microsoft.Data.SqlClient.ConnectionPool.WaitHandleDbConnectionPool+PendingGetConnection>
7ffcf434c328       3        472 Microsoft.AspNetCore.Mvc.ModelBinding.IModelBinderProvider[]
7ffcf4cbcf98       4        480 System.Text.RegularExpressions.RegexFindOptimizations+FixedDistanceSet[]
7ffcf6deb808      15        480 System.Linq.Expressions.Expression1<System.Func<Order.Infrastructure.Entities.OrderModels.OrderModel, System.Collections.Generic.ICollection<Order.Infrastructure.Entities.OrderModels.OrderCustomerModel>>>
7ffcf52f1288      15        480 Microsoft.EntityFrameworkCore.Infrastructure.IDbContextOptionsConfiguration<Order.Infrastructure.OrderContext>[]
7ffcf52f19b0      15        480 System.SZGenericArrayEnumerator<Microsoft.EntityFrameworkCore.Infrastructure.IDbContextOptionsConfiguration<Order.Infrastructure.OrderContext>>
7ffcf5a5bc60      15        480 Microsoft.AspNetCore.Mvc.ModelBinding.ValueProviderFactoryContext
7ffcf5ac7dd0      15        480 System.Linq.Expressions.ExpressionStringBuilder
7ffcf36b4908      15        480 System.Collections.Generic.Stack<System.String>
7ffcf5acd818      15        480 FluentValidation.Internal.RuleBuilder<Order.Business.Mediator.Commands.Order.GetSubOrderCommand, Order.Business.Mediator.Commands.Order.GetSubOrderCommand>
7ffcf5ad3170      15        480 FluentValidation.Results.ValidationResult
7ffcf5b03750      15        480 System.Collections.Generic.List<Microsoft.EntityFrameworkCore.Storage.IDatabaseProvider>
7ffcf52193d8      15        480 System.Collections.Generic.Stack<Microsoft.AspNetCore.Routing.Tree.UrlMatchingNode>
7ffcf5230560      15        480 Microsoft.AspNetCore.Mvc.Abstractions.ActionInvokerProviderContext
7ffcf421e870      12        480 Autofac.Builder.DeferredCallback
7ffcf42510e8      12        480 Autofac.Features.OpenGenerics.OpenGenericRegistrationSource
7ffcf3bb4f60      10        480 System.Diagnostics.DiagnosticListener
7ffcf58f6748      15        480 System.Linq.Expressions.Expression1<System.Func<Order.Business.Mediator.Commands.OrderFront.UpdateSubOrderFrontViewModel, System.String>>
7ffcf591b688      15        480 System.Linq.Expressions.Expression1<System.Func<Order.Infrastructure.Data.Readonlys.CompanyBuMapping.GetCompanyBuMappingByIdViewModelDto, System.String>>
7ffcf5925fe0      15        480 System.Linq.Expressions.Expression1<System.Func<Order.Business.Mediator.Queries.CompanyBUMapping.GetCompanyBuMappingsQuery, System.String>>
7ffcf59cbdb8       6        480 AutoMapper.ConstructorParameterMap
7ffcf470ab50      20        480 System.Diagnostics.DebuggerBrowsableAttribute
7ffcf4b192e0       2        480 System.Net.Http.HttpConnectionSettings
7ffcf61d6d50      15        480 Microsoft.EntityFrameworkCore.ChangeTracking.EntryCurrentValueComparer<System.Int64>
7ffcf6e4b250       2        496 System.Text.Json.Serialization.Metadata.JsonPropertyInfo<CommonApiMessage.AggregatesModel.SubOrderMessage.SubOrderMessageViewModel>
7ffcf6e61b58       2        496 System.Text.Json.Serialization.Metadata.JsonPropertyInfo<CommonApiMessage.AggregatesModel.SubOrderMessage.SubOrderMessageRemarkViewModel>
7ffcf6e62f40       2        496 System.Text.Json.Serialization.Metadata.JsonPropertyInfo<CommonApiMessage.AggregatesModel.SubOrderMessage.SubOrderMessageAddressViewModel>
7ffcf6e67b58       2        496 System.Text.Json.Serialization.Metadata.JsonPropertyInfo<CommonApiMessage.AggregatesModel.SubOrderMessage.SubOrderMessageItemViewModel>
7ffcf6e9f058       2        496 System.Text.Json.Serialization.Metadata.JsonPropertyInfo<CommonApiMessage.AggregatesModel.SubOrderMessage.SubOrderMessageItemDeliveryWindowViewModel>
7ffcf6eb04f0       2        496 System.Text.Json.Serialization.Metadata.JsonPropertyInfo<CommonApiMessage.AggregatesModel.SubOrderMessage.SubOrderMessageItemFulFillmentServiceTypeViewModel>
7ffcf6eb34f0       2        496 System.Text.Json.Serialization.Metadata.JsonPropertyInfo<CommonApiMessage.AggregatesModel.SubOrderMessage.SubOrderMessageItemRemarkViewModel>
7ffcf6eb7d78       2        496 System.Text.Json.Serialization.Metadata.JsonPropertyInfo<CommonApiMessage.AggregatesModel.SubOrderMessage.SubOrderMessageItemTaxViewModel>
7ffcf6ebad78       2        496 System.Text.Json.Serialization.Metadata.JsonPropertyInfo<CommonApiMessage.AggregatesModel.SubOrderMessage.SubOrderMessageItemPaymentViewModel>
7ffcf6ebc160       2        496 System.Text.Json.Serialization.Metadata.JsonPropertyInfo<CommonApiMessage.AggregatesModel.SubOrderMessage.SubOrderMessageItemSubBarcodeViewModel>
7ffcf6ebd548       2        496 System.Text.Json.Serialization.Metadata.JsonPropertyInfo<CommonApiMessage.AggregatesModel.SubOrderMessage.SubOrderMessageItemPromotionsViewModel>
7ffcf6ebe930       2        496 System.Text.Json.Serialization.Metadata.JsonPropertyInfo<CommonApiMessage.AggregatesModel.OrderMessage.OrderMessagePaymentViewModel>
7ffcf6ec35d0       2        496 System.Text.Json.Serialization.Metadata.JsonPropertyInfo<CommonApiMessage.AggregatesModel.OrderMessage.OrderMessagePaymentTransactionViewModel>
7ffcf6ec49b8       2        496 System.Text.Json.Serialization.Metadata.JsonPropertyInfo<CommonApiMessage.AggregatesModel.OrderMessage.OrderMessageCustomerViewModel>
7ffcf6ec5da0       2        496 System.Text.Json.Serialization.Metadata.JsonPropertyInfo<CommonApiMessage.AggregatesModel.OrderMessage.OrderMessageItemViewModel>
7ffcf6edc228       2        496 System.Text.Json.Serialization.Metadata.JsonPropertyInfo<CommonApiMessage.AggregatesModel.OrderMessage.OrderMessageItemDeliveryWindowViewModel>
7ffcf6edd610       2        496 System.Text.Json.Serialization.Metadata.JsonPropertyInfo<CommonApiMessage.AggregatesModel.OrderMessage.OrderMessageItemFulFillmentServiceTypeViewModel>
7ffcf6ede9f8       2        496 System.Text.Json.Serialization.Metadata.JsonPropertyInfo<CommonApiMessage.AggregatesModel.OrderMessage.OrderMessageItemRemarkViewModel>
7ffcf6ee4f20       2        496 System.Text.Json.Serialization.Metadata.JsonPropertyInfo<CommonApiMessage.AggregatesModel.OrderMessage.OrderMessageItemTaxViewModel>
7ffcf6ee6308       2        496 System.Text.Json.Serialization.Metadata.JsonPropertyInfo<CommonApiMessage.AggregatesModel.OrderMessage.OrderMessageItemPaymentViewModel>
7ffcf6ee76f0       2        496 System.Text.Json.Serialization.Metadata.JsonPropertyInfo<CommonApiMessage.AggregatesModel.OrderMessage.OrderMessageSubBarcodeViewModel>
7ffcf6eeaf88       2        496 System.Text.Json.Serialization.Metadata.JsonPropertyInfo<CommonApiMessage.AggregatesModel.OrderMessage.OrderMessageItemPromotionsViewModel>
7ffcf6eec370       2        496 System.Text.Json.Serialization.Metadata.JsonPropertyInfo<CommonApiMessage.AggregatesModel.OrderMessage.OrderMessagePromotionViewModel>
7ffcf6ef0dd0       2        496 System.Text.Json.Serialization.Metadata.JsonPropertyInfo<CommonApiMessage.AggregatesModel.SubOrderMessage.SubOrderMessagePromotionViewModel>
7ffcf6ef5820       2        496 System.Text.Json.Serialization.Metadata.JsonPropertyInfo<CommonApiMessage.AggregatesModel.SubOrderMessage.SubOrderMessageFeeViewModel>
7ffcf6efe668       2        496 System.Text.Json.Serialization.Metadata.JsonPropertyInfo<CommonApiMessage.AggregatesModel.SubOrderMessage.SubOrderMessageFeeTaxViewModel>
7ffcf6effb10       2        496 System.Text.Json.Serialization.Metadata.JsonPropertyInfo<CommonApiMessage.AggregatesModel.SubOrderMessage.SubOrderMessageFeePaymentViewModel>
7ffcf6f02c88       2        496 System.Text.Json.Serialization.Metadata.JsonPropertyInfo<CommonApiMessage.AggregatesModel.Package.PackageInfoMessageViewModel>
7ffcf6f04070       2        496 System.Text.Json.Serialization.Metadata.JsonPropertyInfo<CommonApiMessage.AggregatesModel.OrderMessage.OrderMessageAddressViewModel>
7ffcf6f08ce0       2        496 System.Text.Json.Serialization.Metadata.JsonPropertyInfo<CommonApiMessage.AggregatesModel.Package.PackageTbMessage>
7ffcf4f16d68       2        496 System.Text.Json.Serialization.Metadata.JsonPropertyInfo<System.Collections.Generic.IEnumerable<Swashbuckle.AspNetCore.SwaggerUI.UrlDescriptor>>
7ffcf4f181d0       2        496 System.Text.Json.Serialization.Metadata.JsonPropertyInfo<Swashbuckle.AspNetCore.SwaggerUI.ModelRendering>
7ffcf4f1c558       2        496 System.Text.Json.Serialization.Metadata.JsonPropertyInfo<Swashbuckle.AspNetCore.SwaggerUI.DocExpansion>
7ffcf4f30298       2        496 System.Text.Json.Serialization.Metadata.JsonPropertyInfo<System.Nullable<System.Int32>>
7ffcf4f31e10       2        496 System.Text.Json.Serialization.Metadata.JsonPropertyInfo<System.Collections.Generic.IEnumerable<Swashbuckle.AspNetCore.SwaggerUI.SubmitMethod>>
7ffcf4f32fc8       2        496 System.Text.Json.Serialization.Metadata.JsonPropertyInfo<System.Collections.Generic.Dictionary<System.String, System.Object>>
7ffcf4f4d238       2        496 System.Text.Json.Serialization.Metadata.JsonPropertyInfo<System.Collections.Generic.IEnumerable<System.String>>
7ffcf4f4e3f0       2        496 System.Text.Json.Serialization.Metadata.JsonPropertyInfo<System.Collections.Generic.Dictionary<System.String, System.String>>
7ffcf5b211a0       2        496 Microsoft.EntityFrameworkCore.SqlServer.Storage.Internal.SqlServerFloatTypeMapping
7ffcf3a66d88      21        504 Microsoft.Extensions.DependencyInjection.OptionsBuilderExtensions+<>c__DisplayClass0_0<Microsoft.Extensions.DependencyInjection.MetricsServiceExtensions+NoOpOptions>
7ffcf3805190       9        504 System.IO.BinaryReader
7ffcf42f94a8       7        504 System.Diagnostics.Metrics.Histogram<System.Double>
7ffcf3d58d80       3        504 Order.API.MappingProfiles.OrderFront.CreateOrderFrontProfile
7ffcf3d58e88       3        504 Order.API.MappingProfiles.OrderFront.OrderFrontMappingProfile
7ffcf3d5abc0       3        504 Order.API.MappingProfiles.OrderFront.UpdateOrderFrontProfile
7ffcf3d5acc8       3        504 Order.API.MappingProfiles.OrderFront.UpdateSubOrderFrontProfile
7ffcf3d5add0       3        504 Order.API.MappingProfiles.CompanyBuMapping.GetCompanyBuMappingByIdProfile
7ffcf3d5aed8       3        504 Order.API.MappingProfiles.CompanyBuMapping.GetCompanyBuMappingProfile
7ffcf3d5afe0       3        504 Order.API.MappingProfiles.CompanyBuMapping.GetCompanyBuMappingsQueryProfile
7ffcf3c23b60       3        504 AutoMapper.Profile
7ffcf3c23e88       3        504 Order.API.MappingProfiles.OrderMappingProfile
7ffcf3c24558       3        504 Order.API.MappingProfiles.SubOrderMappingProfile
7ffcf3d58858       3        504 Order.API.MappingProfiles.RoleChannelMapping.CreateRoleChannelMappingProfile
7ffcf3d58960       3        504 Order.API.MappingProfiles.RoleChannelMapping.GetRoleChannelMappingsQueryProfile
7ffcf3d58a68       3        504 Order.API.MappingProfiles.Order.GetOrderDeliveryNoteByPackingIdProfile
7ffcf3d58b70       3        504 Order.API.MappingProfiles.Order.GetOrderDeliveryNoteProfile
7ffcf3d58c78       3        504 Order.API.MappingProfiles.OrderFront.CreateOrderFrontManualProfile
7ffcf59df258       5        504 AutoMapper.PathMap[]
7ffcf472dab0      21        504 System.Runtime.CompilerServices.DynamicAttribute
7ffcf635a848      21        504 Microsoft.EntityFrameworkCore.Query.SqlAliasManager+MutableInt
7ffcf4cd2100       7        504 System.Collections.Concurrent.ConcurrentDictionary<System.Text.RegularExpressions.RegexCache+Key, System.Text.RegularExpressions.RegexCache+Node>+Node
7ffcf58ef7a0      16        512 System.Linq.Expressions.Expression1<System.Func<Order.Infrastructure.Entities.OrderModels.OrderModel, System.Collections.Generic.ICollection<Order.Infrastructure.Entities.OrderModels.OrderPaymentModel>>>
7ffcf58753b0      16        512 System.Linq.Expressions.Expression1<System.Func<Order.Infrastructure.Entities.OrderModels.OrderPaymentModel, System.Collections.Generic.ICollection<Order.Infrastructure.Entities.OrderModels.OrderPaymentTransactionModel>>>
7ffcf5ac77b8      16        512 FluentValidation.Internal.AccessorCache<Order.Business.Mediator.Commands.Order.GetSubOrderCommand>+Key
7ffcf5b03f58      16        512 Microsoft.EntityFrameworkCore.Storage.IDatabaseProvider[]
7ffcf467d9b0      16        512 System.Collections.Generic.List<Microsoft.AspNetCore.Mvc.Abstractions.ActionDescriptor>
7ffcf3c52af0       8        512 System.Func<Microsoft.Extensions.DependencyInjection.ServiceDescriptor, System.Boolean>
7ffcf4487420      16        512 Microsoft.AspNetCore.Server.Kestrel.Transport.Sockets.Internal.IOQueue
7ffcf5b26e10       2        512 Microsoft.EntityFrameworkCore.SqlServer.Storage.Internal.SqlServerTimeOnlyTypeMapping
7ffcf6ca37c8       8        512 System.Func<Microsoft.EntityFrameworkCore.ChangeTracking.Internal.IInternalEntry, System.Boolean>
7ffcf6d5d5c8       8        512 System.Func<Microsoft.EntityFrameworkCore.ChangeTracking.Internal.IInternalEntry, System.Nullable<System.DateTime>>
7ffcf6d778f0       8        512 System.Func<Microsoft.EntityFrameworkCore.ChangeTracking.Internal.IInternalEntry, System.Nullable<System.Decimal>>
7ffcf356f6e8       1        520 System.Threading.PortableThreadPool
7ffcf373f5c8      13        520 Microsoft.Extensions.DependencyModel.ResourceAssembly
7ffcf369dd08       9        528 System.IDisposable[]
7ffcf342cb78      11        528 System.Text.UTF8Encoding
7ffcf36ff390       6        528 System.Buffers.SharedArrayPoolPartitions+Partition[]
7ffcf4915d00       6        528 System.Threading.Channels.SingleConsumerUnboundedChannel<RabbitMQ.Client.Impl.Work>
7ffcf4913b08       6        528 RabbitMQ.Client.Events.AsyncEventingBasicConsumer
7ffcf429d990       1        536 System.Dynamic.Utils.CacheDict<System.Type, System.Reflection.MethodInfo>+Entry[]
7ffcf5a10018       1        536 System.Dynamic.Utils.CacheDict<System.Type, System.Func<System.Linq.Expressions.Expression, System.String, System.Boolean, System.Collections.ObjectModel.ReadOnlyCollection<System.Linq.Expressions.ParameterExpression>, System.Linq.Expressions.LambdaExpression>>+Entry[]
7ffcf4830de0       1        536 System.Memory<System.Byte>[]
7ffcf4a68320       1        536 System.Xml.Linq.XHashtable<System.WeakReference<System.Xml.Linq.XNamespace>>+XHashtableState+Entry[]
7ffcf4b97cc8       1        536 System.WeakReference<System.Text.Json.JsonSerializerOptions+CachingContext>[]
7ffcf51dcd60       1        536 System.Collections.Concurrent.ConcurrentQueueSegment<Microsoft.AspNetCore.Routing.UriBuildingContext>+Slot[]
7ffcf5bb8ee0      17        544 Microsoft.EntityFrameworkCore.Infrastructure.ModelCacheKey
7ffcf4ab97f8      17        544 System.UriParser+BuiltInUriParser
7ffcf3c2c0d0      23        552 System.Runtime.InteropServices.ClassInterfaceAttribute
7ffcf624bd00      10        560 Microsoft.EntityFrameworkCore.Diagnostics.EventDefinition<System.String, System.String>
7ffcf3950248      11        560 System.UInt32[][]
7ffcf44ac9e8      10        560 Microsoft.AspNetCore.Builder.UseMiddlewareExtensions+ReflectionMiddlewareBinder
7ffcf57b7268       2        560 AutoMapper.Profile[]
7ffcf48d9178       7        560 RabbitMQ.Client.Impl.CommandAssembler
7ffcf48daf88       7        560 System.Collections.Generic.Dictionary<System.String, RabbitMQ.Client.IBasicConsumer>
7ffcf6a19a60      14        560 System.Linq.Expressions.Expression2<System.Func<System.Data.Common.DbDataReader, System.Int32[], System.Boolean>>
7ffcf4f43330      10        560 System.Text.Json.Serialization.Converters.EnumConverter<Swashbuckle.AspNetCore.SwaggerUI.SubmitMethod>+EnumFieldInfo[]
7ffcf6eb44e0       9        576 System.Func<System.Object, CommonApiMessage.AggregatesModel.SubOrderMessage.SubOrderMessageItemAmountDetailViewModel>
7ffcf6eb4cd8       9        576 System.Action<System.Object, CommonApiMessage.AggregatesModel.SubOrderMessage.SubOrderMessageItemAmountDetailViewModel>
7ffcf6edf9e8       9        576 System.Func<System.Object, CommonApiMessage.AggregatesModel.OrderMessage.OrderMessageItemAmountDetailViewModel>
7ffcf6ee0268       9        576 System.Action<System.Object, CommonApiMessage.AggregatesModel.OrderMessage.OrderMessageItemAmountDetailViewModel>
7ffcf6de6c80      18        576 System.Linq.Expressions.Expression1<System.Func<Order.Infrastructure.Entities.OrderReference.OrderReferenceModel, System.DateTime>>
7ffcf6e2c7a8      18        576 System.Linq.Expressions.Expression1<System.Func<Order.Infrastructure.Entities.OrderModels.OrderPromotionModel, Order.Infrastructure.Entities.OrderModels.OrderPromotionAmountModel>>
7ffcf5adfac8      18        576 System.Collections.Generic.List<CommonApiMessage.AggregatesModel.RewardPromotion.Internal.RewardItemPromotionViewModel>
7ffcf5af00a8      18        576 System.Collections.Generic.List<Order.Infrastructure.Entities.Promotion.PromotionItemModel>
7ffcf6c1fc50       9        576 System.Func<System.Linq.IQueryable<Order.Infrastructure.Entities.OrderItemInformation.OrderItemOtherInfoModel>, System.Linq.Expressions.Expression<System.Func<Order.Infrastructure.Entities.OrderItemInformation.OrderItemOtherInfoModel, System.Boolean>>, System.Linq.IQueryable<Order.Infrastructure.Entities.OrderItemInformation.OrderItemOtherInfoModel>>
7ffcf6c30548       9        576 System.Func<System.Func<Microsoft.EntityFrameworkCore.Query.QueryContext, System.Collections.Generic.IEnumerable<Order.Infrastructure.Entities.OrderItemInformation.OrderItemOtherInfoModel>>>
7ffcf3c2c198      24        576 System.Runtime.InteropServices.ComVisibleAttribute
7ffcf4218380      12        576 System.Collections.Concurrent.ConcurrentDictionary<System.String, Autofac.Core.IReflectionCache>+Node
7ffcf4234528      12        576 Autofac.Builder.RegistrationBuilder<System.Object, Autofac.Builder.ReflectionActivatorData, Autofac.Builder.DynamicRegistrationStyle>
7ffcf458a9b0       9        576 System.Resources.RuntimeResourceSet
7ffcf58887d8      24        576 AutoMapper.Configuration.MemberConfigurationExpression<Order.Business.Model.Request.Order.OrderFeeViewModel, Order.Infrastructure.Entities.SubOrderModels.SubOrderFeeModel, System.String>+<>c__DisplayClass24_0
7ffcf58bbd60       9        576 AutoMapper.Configuration.MemberConfigurationExpression<Order.Business.Mediator.Commands.OrderFront.CreateOrderPaymentFrontViewModel, Order.Infrastructure.Entities.OrderModels.OrderPaymentModel, System.String>
7ffcf587a140      24        576 AutoMapper.Configuration.MemberConfigurationExpression<Order.Business.Model.Request.Order.OrderFeeViewModel, Order.Infrastructure.Entities.OrderModels.OrderFeeModel, System.String>+<>c__DisplayClass24_0
7ffcf58c9d28       9        576 System.Action<AutoMapper.Configuration.IPathConfigurationExpression<Order.Infrastructure.Entities.OrderModels.OrderModel, Order.Domain.AggregatesModel.FrontAPI.Order.OrderDetailFrontView, System.String>>
7ffcf483e9a8       6        576 System.Threading.TimerQueueTimer
7ffcf5873b00       9        576 AutoMapper.Configuration.MemberConfigurationExpression<Order.Business.Mediator.Commands.OrderFront.CreateOrderPaymentFrontManualViewModel, Order.Infrastructure.Entities.OrderModels.OrderPaymentModel, System.String>
7ffcf4296f68      24        576 System.Linq.Expressions.PrimitiveParameterExpression<System.Boolean>
7ffcf4789780       9        576 System.Func<Order.Business.Model.Order.PosOrder.GetPosOrderRequestJsonModel, System.String>
7ffcf4789910       9        576 System.Action<Order.Business.Model.Order.PosOrder.GetPosOrderRequestJsonModel, System.String>
7ffcf47b4ec0       6        576 EventBus.RabbitMQ.EventBusRabbitMQConsumeWorker
7ffcf4914c10       6        576 System.Collections.Generic.Dictionary<System.String, RabbitMQ.Client.IBasicConsumer>+Entry[]
7ffcf4801490       6        576 RabbitMQ.Client.Impl.AutorecoveringModel
7ffcf4917398       6        576 System.Threading.Channels.BlockedReadAsyncOperation<RabbitMQ.Client.Impl.Work>
7ffcf49726f0       9        576 System.Action<System.IntPtr, System.IntPtr[], System.UIntPtr, System.IntPtr, System.IntPtr>
7ffcf4f6a938      18        576 System.Collections.Generic.List<System.ArraySegment<System.Byte>>
7ffcf4b0bc08      24        576 Microsoft.AspNetCore.Routing.SuppressLinkGenerationMetadata
7ffcf4dd1118       9        576 System.Action<Microsoft.OpenApi.Writers.IOpenApiWriter, Microsoft.OpenApi.Models.OpenApiSchema>
7ffcf61dfd58      18        576 System.Linq.Expressions.Expression1<System.Func<System.Decimal, System.Int32>>
7ffcf61f0018      18        576 System.Linq.Expressions.Expression1<System.Func<System.Decimal, System.Decimal>>
7ffcf6e2a9c8      15        600 System.Collections.Generic.HashSet<Order.Infrastructure.Entities.OrderModels.OrderPaymentModel>+Enumerator
7ffcf6e2ab68      15        600 System.Collections.Generic.HashSet<Order.Infrastructure.Entities.OrderModels.OrderPaymentTransactionModel>+Enumerator
7ffcf6460cf8      15        600 System.Collections.Generic.List<Microsoft.EntityFrameworkCore.Metadata.RuntimeForeignKey>+Enumerator
7ffcf6e2d7e8      15        600 Microsoft.EntityFrameworkCore.Query.Internal.QueryCompiler+<>c__DisplayClass11_0<System.Collections.Generic.IEnumerable<Order.Infrastructure.Entities.OrderModels.OrderPromotionModel>>
7ffcf52c6540      15        600 System.Collections.Generic.SortedDictionary<System.Type, System.ValueTuple<Microsoft.EntityFrameworkCore.Infrastructure.IDbContextOptionsExtension, System.Int32>>
7ffcf6de7348      15        600 Microsoft.EntityFrameworkCore.Query.Internal.QueryCompiler+<>c__DisplayClass11_0<Order.Infrastructure.Entities.OrderReference.OrderReferenceModel>
7ffcf5ad1ad0      15        600 MediatR.Wrappers.RequestHandlerWrapperImpl<Order.Business.Mediator.Commands.Order.GetSubOrderCommand, CommonApiMessage.AggregatesModel.SubOrderMessage.SubOrderMessageViewModel>+<>c__DisplayClass1_1
7ffcf63195c0      15        600 Microsoft.EntityFrameworkCore.Query.Internal.QueryCompiler+<>c__DisplayClass11_0<System.Collections.Generic.IEnumerable<<>f__AnonymousType11<System.String, System.String>>>
7ffcf340a870      25        600 System.Diagnostics.Tracing.TraceLoggingEventHandleTable
7ffcf3417580      25        600 System.WeakReference<System.Diagnostics.Tracing.EventSource>
7ffcf6f31a18      19        608 System.Collections.Generic.List<Microsoft.AspNetCore.Mvc.Formatters.MediaTypeSegmentWithQuality>
7ffcf4cb1330      19        608 System.Tuple<Swashbuckle.AspNetCore.SwaggerGen.DataType, System.String>
7ffcf6d19f98      26        624 ActAttribute.Common.ObjectExtensions+<>c__DisplayClass9_0<System.Object, CommonApiMessage.AggregatesModel.Package.PackageInfoMessageViewModel>
7ffcf6e94108      26        624 System.Text.Json.Serialization.Metadata.JsonPropertyInfo<System.Nullable<System.Decimal>>+<>c__DisplayClass9_0
7ffcf6e94898      26        624 System.Text.Json.Serialization.Metadata.JsonPropertyInfo<System.Nullable<System.Decimal>>+<>c__DisplayClass10_0
7ffcf37a3068       2        624 System.Globalization.NumberFormatInfo
7ffcf5b520b8       2        624 System.Collections.Generic.Dictionary<System.Type, Microsoft.EntityFrameworkCore.Storage.RelationalTypeMapping>+Entry[]
7ffcf6c7b960       3        632 Microsoft.EntityFrameworkCore.Metadata.RuntimePropertyBase[]
7ffcf67f4d20       2        640 System.Collections.Concurrent.ConcurrentDictionary<Microsoft.Data.SqlClient.ConnectionPool.DbConnectionPoolIdentity, Microsoft.Data.SqlClient.ConnectionPool.IDbConnectionPool>+VolatileNode[]
7ffcf69bbc78      10        640 System.Func<System.Func<Microsoft.EntityFrameworkCore.Query.QueryContext, System.Collections.Generic.IEnumerable<Order.Infrastructure.Entities.SubOrderModels.SubOrderModel>>>
7ffcf6bc3ab8      10        640 System.Func<Microsoft.EntityFrameworkCore.DbContext, Microsoft.EntityFrameworkCore.Query.Internal.SplitQueryingEnumerable<Order.Infrastructure.Entities.SubOrderModels.SubOrderModel>+Enumerator, Microsoft.EntityFrameworkCore.Storage.ExecutionResult<System.Boolean>>
7ffcf624c598      10        640 System.Func<Microsoft.Extensions.Logging.LogLevel, System.Action<Microsoft.Extensions.Logging.ILogger, System.String, System.String, System.Exception>>
7ffcf368ff60       2        640 System.Collections.Concurrent.ConcurrentDictionary<Microsoft.Extensions.FileProviders.IPollingChangeToken, Microsoft.Extensions.FileProviders.IPollingChangeToken>+VolatileNode[]
7ffcf36f4b10       8        640 System.Buffers.AsciiByteSearchValues<System.Buffers.SearchValues+FalseConst>
7ffcf3ab9e60      10        640 System.Action<Microsoft.Extensions.DependencyInjection.IServiceCollection>
7ffcf35ab598      16        640 System.Threading.ManualResetEventSlim
7ffcf44dac60      10        640 System.Func<System.String>
7ffcf459aa60       2        640 System.Collections.Concurrent.ConcurrentDictionary<System.Type, System.ValueTuple<System.Func<System.Reflection.ParameterInfo, System.Linq.Expressions.Expression>, System.Int32>>+VolatileNode[]
7ffcf459b2b8       2        640 System.Collections.Concurrent.ConcurrentDictionary<System.Type, System.ValueTuple<System.Reflection.ConstructorInfo, Microsoft.AspNetCore.Http.ParameterBindingMethodCache+ConstructorParameter[]>>+VolatileNode[]
7ffcf43421f8       2        640 System.Collections.Concurrent.ConcurrentDictionary<System.Type, Microsoft.Extensions.Internal.PropertyActivator<Microsoft.AspNetCore.Mvc.ControllerContext>[]>+VolatileNode[]
7ffcf43cd5c8      10        640 System.Func<Microsoft.AspNetCore.Mvc.Rendering.ViewContext, System.Object>
7ffcf58588e8      10        640 System.Action<AutoMapper.IMemberConfigurationExpression<Order.Business.Model.Request.Order.OrderFeeViewModel, Order.Infrastructure.Entities.SubOrderModels.SubOrderFeeModel, System.String>>
7ffcf58525b8      10        640 System.Action<AutoMapper.IMemberConfigurationExpression<Order.Business.Model.Request.Order.OrderFeeViewModel, Order.Infrastructure.Entities.OrderModels.OrderFeeModel, System.String>>
7ffcf43c8310       2        640 System.Collections.Concurrent.ConcurrentDictionary<System.String, Microsoft.Extensions.Caching.Memory.CacheEntry>+VolatileNode[]
7ffcf43ceff8       2        640 System.Collections.Concurrent.ConcurrentDictionary<System.Type, Microsoft.Extensions.Internal.PropertyActivator<Microsoft.AspNetCore.Mvc.Rendering.ViewContext>[]>+VolatileNode[]
7ffcf5c1fe10       2        640 System.Collections.Concurrent.ConcurrentDictionary<System.Type, System.Reflection.PropertyInfo>+VolatileNode[]
7ffcf4789ec0      10        640 System.Func<Order.Business.Model.Order.PosOrder.FinishPosRequestJsonModel, System.String>
7ffcf478a050      10        640 System.Action<Order.Business.Model.Order.PosOrder.FinishPosRequestJsonModel, System.String>
7ffcf494d628      10        640 System.Func<System.Collections.Generic.KeyValuePair<System.String, System.String>, System.Boolean>
7ffcf4a9a7d0      10        640 System.Func<Microsoft.AspNetCore.Cryptography.SafeHandles.BCryptAlgorithmHandle>
7ffcf5b2c308       2        640 System.Collections.Concurrent.ConcurrentDictionary<System.Type, System.Reflection.MethodInfo>+VolatileNode[]
7ffcf4d4c488       8        640 System.Reflection.RuntimeConstructorInfo[][]
7ffcf63530c8       2        640 System.Collections.Concurrent.ConcurrentDictionary<System.Object, System.Object>+VolatileNode[]
7ffcf61cda18      20        640 System.Linq.Expressions.Expression1<System.Func<System.Int32, System.Int32>>
7ffcf4b3a170      16        640 System.Collections.Concurrent.ConcurrentQueue<Microsoft.AspNetCore.MemoryPoolBlock>
7ffcf4b396c0      16        640 System.Collections.Concurrent.ConcurrentQueue<Microsoft.AspNetCore.Server.Kestrel.Transport.Sockets.Internal.IOQueue+Work>
7ffcf4b38398      16        640 Microsoft.AspNetCore.Server.Kestrel.Transport.Sockets.Internal.SocketSenderPool
7ffcf4b38fe8      16        640 System.Collections.Concurrent.ConcurrentQueue<Microsoft.AspNetCore.Server.Kestrel.Transport.Sockets.Internal.SocketSender>
7ffcf4e77da8      10        640 System.Net.Http.HttpMethod
7ffcf61d7368       8        640 Microsoft.EntityFrameworkCore.ChangeTracking.ValueComparer+DefaultValueComparer<System.Int64>
7ffcf81f2c58      10        640 System.Diagnostics.Tracing.ScalarTypeInfo
7ffcf81f3538      10        640 System.Func<System.Object, System.Diagnostics.Tracing.PropertyValue>
7ffcf6884da0       2        640 System.Collections.Concurrent.ConcurrentDictionary<Microsoft.Data.SqlClient.ConnectionPool.DbConnectionPoolAuthenticationContextKey, Microsoft.Data.SqlClient.ConnectionPool.DbConnectionPoolAuthenticationContext>+VolatileNode[]
7ffcf6d4e808      27        648 Microsoft.Data.SqlClient.SqlInfoMessageEventArgs
7ffcf6c31298       9        648 Microsoft.EntityFrameworkCore.Query.Internal.SingleQueryingEnumerable<Order.Infrastructure.Entities.OrderItemInformation.OrderItemOtherInfoModel>
7ffcf35dac78       9        648 System.Threading.Tasks.UnwrapPromise<System.Threading.Tasks.VoidTaskResult>
7ffcf42f8b40       9        648 System.Diagnostics.Metrics.UpDownCounter<System.Int64>
7ffcf58e3948      27        648 AutoMapper.Configuration.PathConfigurationExpression<Order.Infrastructure.Entities.OrderModels.OrderModel, Order.Domain.AggregatesModel.FrontAPI.Order.OrderDetailFrontView, System.String>+<>c__DisplayClass13_0
7ffcf4ab1c20      20        656 Microsoft.Extensions.DependencyInjection.ActivatorUtilities+ConstructorInfoEx[]
7ffcf5af81d0      21        672 System.Collections.Generic.List<Order.Infrastructure.Entities.OrderItemInformation.OrderItemOtherInfoModel>
7ffcf3a664b0      21        672 Microsoft.Extensions.Options.OptionsBuilder<Microsoft.Extensions.DependencyInjection.MetricsServiceExtensions+NoOpOptions>
7ffcf3a66a40      21        672 Microsoft.Extensions.Options.OptionsBuilder<Microsoft.Extensions.Options.StartupValidatorOptions>
7ffcf3a67418      21        672 Microsoft.Extensions.Options.OptionsBuilder<Microsoft.Extensions.Options.StartupValidatorOptions>+<>c__DisplayClass9_0<Microsoft.Extensions.Options.IOptionsMonitor<Microsoft.Extensions.DependencyInjection.MetricsServiceExtensions+NoOpOptions>>
7ffcf4221320      12        672 Autofac.Builder.ReflectionActivatorData
7ffcf5887110       6        672 AutoMapper.Configuration.MappingExpression<Order.Business.Model.Request.Order.OrderFeeViewModel, Order.Infrastructure.Entities.SubOrderModels.SubOrderFeeModel>
7ffcf58781b8       6        672 AutoMapper.Configuration.MappingExpression<Order.Business.Model.Request.Order.OrderFeeViewModel, Order.Infrastructure.Entities.OrderModels.OrderFeeModel>
7ffcf580fcd0       6        672 AutoMapper.Configuration.MappingExpression<Order.Infrastructure.Entities.OrderModels.OrderFeeAmountModel, CommonApiMessage.AggregatesModel.OrderMessage.OrderMessageFeeAmountViewModel>
7ffcf47868c0       5        680 Newtonsoft.Json.JsonPropertyAttribute
7ffcf437d478       5        680 Microsoft.AspNetCore.DataProtection.KeyManagement.Key
7ffcf6823f58       5        680 System.Configuration.RuntimeConfigurationRecord
7ffcf4a64ca0       2        688 System.Xml.Linq.XHashtable<System.Xml.Linq.XName>+XHashtableState+Entry[]
7ffcf6d550e8      29        696 Microsoft.EntityFrameworkCore.Storage.ExecutionStrategy+<>c__DisplayClass28_0<Microsoft.EntityFrameworkCore.Query.Internal.SingleQueryingEnumerable<Order.Infrastructure.Entities.Package.PackageTbModel>+Enumerator, System.Boolean>
7ffcf3340000      29        696 System.Byte
7ffcf6c30dc0      11        704 System.Func<Microsoft.EntityFrameworkCore.Query.QueryContext, System.Data.Common.DbDataReader, Microsoft.EntityFrameworkCore.Query.Internal.ResultContext, Microsoft.EntityFrameworkCore.Query.Internal.SingleQueryResultCoordinator, Order.Infrastructure.Entities.OrderItemInformation.OrderItemOtherInfoModel>
7ffcf6c33c88      11        704 System.Func<Microsoft.EntityFrameworkCore.DbContext, Microsoft.EntityFrameworkCore.Query.Internal.SingleQueryingEnumerable<Order.Infrastructure.Entities.OrderItemInformation.OrderItemOtherInfoModel>+Enumerator, Microsoft.EntityFrameworkCore.Storage.ExecutionResult<System.Boolean>>
7ffcf3681cd0      22        704 Microsoft.Extensions.Configuration.ConfigurationReloadToken
7ffcf392f220      11        704 System.Func<System.Reflection.PropertyInfo, System.Boolean>
7ffcf3ab6e38      11        704 System.Action<Microsoft.Extensions.Hosting.HostBuilderContext, Microsoft.Extensions.DependencyInjection.IServiceCollection>
7ffcf3d55668      11        704 System.Func<System.Type, System.Boolean>
7ffcf61f1b80      22        704 System.Linq.Expressions.Expression1<System.Func<System.Nullable<System.Int64>, System.Int32>>
7ffcf495dfb8      11        704 System.Func<System.IntPtr, System.IntPtr, System.IntPtr>
7ffcf61f1df8      22        704 System.Linq.Expressions.Expression1<System.Func<System.Nullable<System.Int64>, System.Nullable<System.Int64>>>
7ffcf6e4d6b8      30        720 System.Text.Json.Serialization.Metadata.JsonPropertyInfo<System.DateTime>+<>c__DisplayClass9_0
7ffcf6e4de48      30        720 System.Text.Json.Serialization.Metadata.JsonPropertyInfo<System.DateTime>+<>c__DisplayClass10_0
7ffcf6e48378      18        720 System.Collections.Generic.HashSet<Order.Infrastructure.Entities.OrderModels.OrderCustomerModel>+Enumerator
7ffcf4e6d0b8      15        720 Microsoft.AspNetCore.Hosting.HostingRequestStartingLog+<GetEnumerator>d__11
7ffcf52c99f0      15        720 System.Collections.Generic.TreeSet<System.Collections.Generic.KeyValuePair<System.Type, System.ValueTuple<Microsoft.EntityFrameworkCore.Infrastructure.IDbContextOptionsExtension, System.Int32>>>
7ffcf6e454f0      18        720 Microsoft.EntityFrameworkCore.Query.Internal.QueryCompiler+<>c__DisplayClass11_0<System.Collections.Generic.IEnumerable<Order.Infrastructure.Entities.Promotion.PromotionItemModel>>
7ffcf51d1bc8      15        720 Microsoft.AspNetCore.WebUtilities.FileBufferingReadStream+<>c__DisplayClass46_0
7ffcf5ad0990      15        720 System.Linq.Enumerable+ReverseIterator<MediatR.IPipelineBehavior<Order.Business.Mediator.Commands.Order.GetSubOrderCommand, CommonApiMessage.AggregatesModel.SubOrderMessage.SubOrderMessageViewModel>>
7ffcf521f608      15        720 Microsoft.AspNetCore.Mvc.ActionConstraints.ActionConstraintContext
7ffcf432b518      15        720 Microsoft.AspNetCore.Mvc.ActionContext
7ffcf4589ae0       9        720 System.Collections.Generic.Dictionary<System.String, System.Resources.ResourceSet>
7ffcf3b05388       9        720 System.Collections.Generic.Dictionary<System.String, System.Collections.Generic.List<System.Diagnostics.Metrics.Instrument>>
7ffcf458c400       9        720 System.Collections.Generic.Dictionary<System.String, System.Resources.ResourceLocator>
7ffcf4743a70      30        720 Microsoft.AspNetCore.Mvc.FromQueryAttribute
7ffcf47b4630       9        720 System.Collections.Generic.Dictionary<System.String, System.Boolean>
7ffcf81e8148       9        720 System.Collections.Generic.Dictionary<System.Int32, System.Diagnostics.Tracing.EventSource+EventMetadata>
7ffcf4d0d318      15        720 System.Collections.Concurrent.ConcurrentDictionary<System.String, System.UInt64>+Node
7ffcf61dfae0      18        720 System.Linq.Expressions.Expression2<System.Func<System.Decimal, System.Decimal, System.Boolean>>
7ffcf44e01f8      13        728 System.Runtime.CompilerServices.ConditionalWeakTable<System.Text.Json.JsonSerializerOptions, System.Object>+Container
7ffcf6e4b0f8       2        736 System.Text.Json.Serialization.Metadata.JsonTypeInfo<CommonApiMessage.AggregatesModel.SubOrderMessage.SubOrderMessageViewModel>
7ffcf6e5fb98       2        736 System.Text.Json.Serialization.Metadata.JsonTypeInfo<System.Collections.Generic.List<System.String>>
7ffcf6e60358       2        736 System.Text.Json.Serialization.Metadata.JsonTypeInfo<System.DateTime>
7ffcf6e61168       2        736 System.Text.Json.Serialization.Metadata.JsonTypeInfo<System.Collections.Generic.List<CommonApiMessage.AggregatesModel.SubOrderMessage.SubOrderMessageRemarkViewModel>>
7ffcf6e61a00       2        736 System.Text.Json.Serialization.Metadata.JsonTypeInfo<CommonApiMessage.AggregatesModel.SubOrderMessage.SubOrderMessageRemarkViewModel>
7ffcf6e62550       2        736 System.Text.Json.Serialization.Metadata.JsonTypeInfo<System.Collections.Generic.List<CommonApiMessage.AggregatesModel.SubOrderMessage.SubOrderMessageAddressViewModel>>
7ffcf6e62de8       2        736 System.Text.Json.Serialization.Metadata.JsonTypeInfo<CommonApiMessage.AggregatesModel.SubOrderMessage.SubOrderMessageAddressViewModel>
7ffcf6e67168       2        736 System.Text.Json.Serialization.Metadata.JsonTypeInfo<System.Collections.Generic.List<CommonApiMessage.AggregatesModel.SubOrderMessage.SubOrderMessageItemViewModel>>
7ffcf6e67a00       2        736 System.Text.Json.Serialization.Metadata.JsonTypeInfo<CommonApiMessage.AggregatesModel.SubOrderMessage.SubOrderMessageItemViewModel>
7ffcf6e7fe98       2        736 System.Text.Json.Serialization.Metadata.JsonTypeInfo<System.Decimal>
7ffcf6e90ac8       2        736 System.Text.Json.Serialization.Metadata.JsonTypeInfo<System.Int64>
7ffcf6e921b0       2        736 System.Text.Json.Serialization.Metadata.JsonTypeInfo<System.Nullable<System.Int64>>
7ffcf6e92e48       2        736 System.Text.Json.Serialization.Metadata.JsonTypeInfo<CommonApiMessage.AggregatesModel.SubOrderMessage.SubOrderMessageItemPromotionViewModel>
7ffcf6e95d40       2        736 System.Text.Json.Serialization.Metadata.JsonTypeInfo<System.Nullable<System.Decimal>>
7ffcf6e969d8       2        736 System.Text.Json.Serialization.Metadata.JsonTypeInfo<CommonApiMessage.AggregatesModel.SubOrderMessage.SubOrderMessageItemFulFillmentViewModel>
7ffcf6e9d858       2        736 System.Text.Json.Serialization.Metadata.JsonTypeInfo<System.Nullable<System.DateTime>>
7ffcf6e9e668       2        736 System.Text.Json.Serialization.Metadata.JsonTypeInfo<System.Collections.Generic.List<CommonApiMessage.AggregatesModel.SubOrderMessage.SubOrderMessageItemDeliveryWindowViewModel>>
7ffcf6e9ef00       2        736 System.Text.Json.Serialization.Metadata.JsonTypeInfo<CommonApiMessage.AggregatesModel.SubOrderMessage.SubOrderMessageItemDeliveryWindowViewModel>
7ffcf6e9fa50       2        736 System.Text.Json.Serialization.Metadata.JsonTypeInfo<System.Collections.Generic.List<CommonApiMessage.AggregatesModel.SubOrderMessage.SubOrderMessageItemFulFillmentServiceTypeViewModel>>
7ffcf6eb0398       2        736 System.Text.Json.Serialization.Metadata.JsonTypeInfo<CommonApiMessage.AggregatesModel.SubOrderMessage.SubOrderMessageItemFulFillmentServiceTypeViewModel>
7ffcf6eb2b00       2        736 System.Text.Json.Serialization.Metadata.JsonTypeInfo<System.Collections.Generic.List<CommonApiMessage.AggregatesModel.SubOrderMessage.SubOrderMessageItemRemarkViewModel>>
7ffcf6eb3398       2        736 System.Text.Json.Serialization.Metadata.JsonTypeInfo<CommonApiMessage.AggregatesModel.SubOrderMessage.SubOrderMessageItemRemarkViewModel>
7ffcf6eb3d70       2        736 System.Text.Json.Serialization.Metadata.JsonTypeInfo<CommonApiMessage.AggregatesModel.SubOrderMessage.SubOrderMessageItemAmountViewModel>
7ffcf6eb57c0       2        736 System.Text.Json.Serialization.Metadata.JsonTypeInfo<CommonApiMessage.AggregatesModel.SubOrderMessage.SubOrderMessageItemAmountDetailViewModel>
7ffcf6eb7388       2        736 System.Text.Json.Serialization.Metadata.JsonTypeInfo<System.Collections.Generic.List<CommonApiMessage.AggregatesModel.SubOrderMessage.SubOrderMessageItemTaxViewModel>>
7ffcf6eb7c20       2        736 System.Text.Json.Serialization.Metadata.JsonTypeInfo<CommonApiMessage.AggregatesModel.SubOrderMessage.SubOrderMessageItemTaxViewModel>
7ffcf6eba388       2        736 System.Text.Json.Serialization.Metadata.JsonTypeInfo<System.Collections.Generic.List<CommonApiMessage.AggregatesModel.SubOrderMessage.SubOrderMessageItemPaymentViewModel>>
7ffcf6ebac20       2        736 System.Text.Json.Serialization.Metadata.JsonTypeInfo<CommonApiMessage.AggregatesModel.SubOrderMessage.SubOrderMessageItemPaymentViewModel>
7ffcf6ebb770       2        736 System.Text.Json.Serialization.Metadata.JsonTypeInfo<System.Collections.Generic.List<CommonApiMessage.AggregatesModel.SubOrderMessage.SubOrderMessageItemSubBarcodeViewModel>>
7ffcf6ebc008       2        736 System.Text.Json.Serialization.Metadata.JsonTypeInfo<CommonApiMessage.AggregatesModel.SubOrderMessage.SubOrderMessageItemSubBarcodeViewModel>
7ffcf6ebcb58       2        736 System.Text.Json.Serialization.Metadata.JsonTypeInfo<System.Collections.Generic.List<CommonApiMessage.AggregatesModel.SubOrderMessage.SubOrderMessageItemPromotionsViewModel>>
7ffcf6ebd3f0       2        736 System.Text.Json.Serialization.Metadata.JsonTypeInfo<CommonApiMessage.AggregatesModel.SubOrderMessage.SubOrderMessageItemPromotionsViewModel>
7ffcf6ebdf40       2        736 System.Text.Json.Serialization.Metadata.JsonTypeInfo<System.Collections.Generic.List<CommonApiMessage.AggregatesModel.OrderMessage.OrderMessagePaymentViewModel>>
7ffcf6ebe7d8       2        736 System.Text.Json.Serialization.Metadata.JsonTypeInfo<CommonApiMessage.AggregatesModel.OrderMessage.OrderMessagePaymentViewModel>
7ffcf6ec2be0       2        736 System.Text.Json.Serialization.Metadata.JsonTypeInfo<System.Collections.Generic.List<CommonApiMessage.AggregatesModel.OrderMessage.OrderMessagePaymentTransactionViewModel>>
7ffcf6ec3478       2        736 System.Text.Json.Serialization.Metadata.JsonTypeInfo<CommonApiMessage.AggregatesModel.OrderMessage.OrderMessagePaymentTransactionViewModel>
7ffcf6ec3fc8       2        736 System.Text.Json.Serialization.Metadata.JsonTypeInfo<System.Collections.Generic.List<CommonApiMessage.AggregatesModel.OrderMessage.OrderMessageCustomerViewModel>>
7ffcf6ec4860       2        736 System.Text.Json.Serialization.Metadata.JsonTypeInfo<CommonApiMessage.AggregatesModel.OrderMessage.OrderMessageCustomerViewModel>
7ffcf6ec53b0       2        736 System.Text.Json.Serialization.Metadata.JsonTypeInfo<System.Collections.Generic.List<CommonApiMessage.AggregatesModel.OrderMessage.OrderMessageItemViewModel>>
7ffcf6ec5c48       2        736 System.Text.Json.Serialization.Metadata.JsonTypeInfo<CommonApiMessage.AggregatesModel.OrderMessage.OrderMessageItemViewModel>
7ffcf6ed5288       2        736 System.Text.Json.Serialization.Metadata.JsonTypeInfo<CommonApiMessage.AggregatesModel.OrderMessage.OrderMessageItemFulFillmentViewModel>
7ffcf6edb838       2        736 System.Text.Json.Serialization.Metadata.JsonTypeInfo<System.Collections.Generic.List<CommonApiMessage.AggregatesModel.OrderMessage.OrderMessageItemDeliveryWindowViewModel>>
7ffcf6edc0d0       2        736 System.Text.Json.Serialization.Metadata.JsonTypeInfo<CommonApiMessage.AggregatesModel.OrderMessage.OrderMessageItemDeliveryWindowViewModel>
7ffcf6edcc20       2        736 System.Text.Json.Serialization.Metadata.JsonTypeInfo<System.Collections.Generic.List<CommonApiMessage.AggregatesModel.OrderMessage.OrderMessageItemFulFillmentServiceTypeViewModel>>
7ffcf6edd4b8       2        736 System.Text.Json.Serialization.Metadata.JsonTypeInfo<CommonApiMessage.AggregatesModel.OrderMessage.OrderMessageItemFulFillmentServiceTypeViewModel>
7ffcf6ede008       2        736 System.Text.Json.Serialization.Metadata.JsonTypeInfo<System.Collections.Generic.List<CommonApiMessage.AggregatesModel.OrderMessage.OrderMessageItemRemarkViewModel>>
7ffcf6ede8a0       2        736 System.Text.Json.Serialization.Metadata.JsonTypeInfo<CommonApiMessage.AggregatesModel.OrderMessage.OrderMessageItemRemarkViewModel>
7ffcf6edf278       2        736 System.Text.Json.Serialization.Metadata.JsonTypeInfo<CommonApiMessage.AggregatesModel.OrderMessage.OrderMessageItemAmountViewModel>
7ffcf6ee0d50       2        736 System.Text.Json.Serialization.Metadata.JsonTypeInfo<CommonApiMessage.AggregatesModel.OrderMessage.OrderMessageItemAmountDetailViewModel>
7ffcf6ee4530       2        736 System.Text.Json.Serialization.Metadata.JsonTypeInfo<System.Collections.Generic.List<CommonApiMessage.AggregatesModel.OrderMessage.OrderMessageItemTaxViewModel>>
7ffcf6ee4dc8       2        736 System.Text.Json.Serialization.Metadata.JsonTypeInfo<CommonApiMessage.AggregatesModel.OrderMessage.OrderMessageItemTaxViewModel>
7ffcf6ee5918       2        736 System.Text.Json.Serialization.Metadata.JsonTypeInfo<System.Collections.Generic.List<CommonApiMessage.AggregatesModel.OrderMessage.OrderMessageItemPaymentViewModel>>
7ffcf6ee61b0       2        736 System.Text.Json.Serialization.Metadata.JsonTypeInfo<CommonApiMessage.AggregatesModel.OrderMessage.OrderMessageItemPaymentViewModel>
7ffcf6ee6d00       2        736 System.Text.Json.Serialization.Metadata.JsonTypeInfo<System.Collections.Generic.List<CommonApiMessage.AggregatesModel.OrderMessage.OrderMessageSubBarcodeViewModel>>
7ffcf6ee7598       2        736 System.Text.Json.Serialization.Metadata.JsonTypeInfo<CommonApiMessage.AggregatesModel.OrderMessage.OrderMessageSubBarcodeViewModel>
7ffcf6ee9b88       2        736 System.Text.Json.Serialization.Metadata.JsonTypeInfo<CommonApiMessage.AggregatesModel.OrderMessage.OrderMessageItemPromotionViewModel>
7ffcf6eea598       2        736 System.Text.Json.Serialization.Metadata.JsonTypeInfo<System.Collections.Generic.List<CommonApiMessage.AggregatesModel.OrderMessage.OrderMessageItemPromotionsViewModel>>
7ffcf6eeae30       2        736 System.Text.Json.Serialization.Metadata.JsonTypeInfo<CommonApiMessage.AggregatesModel.OrderMessage.OrderMessageItemPromotionsViewModel>
7ffcf6eeb980       2        736 System.Text.Json.Serialization.Metadata.JsonTypeInfo<System.Collections.Generic.List<CommonApiMessage.AggregatesModel.OrderMessage.OrderMessagePromotionViewModel>>
7ffcf6eec218       2        736 System.Text.Json.Serialization.Metadata.JsonTypeInfo<CommonApiMessage.AggregatesModel.OrderMessage.OrderMessagePromotionViewModel>
7ffcf6eef9c0       2        736 System.Text.Json.Serialization.Metadata.JsonTypeInfo<CommonApiMessage.AggregatesModel.OrderMessage.OrderMessagePromotionAmountViewModel>
7ffcf6ef03e0       2        736 System.Text.Json.Serialization.Metadata.JsonTypeInfo<System.Collections.Generic.List<CommonApiMessage.AggregatesModel.SubOrderMessage.SubOrderMessagePromotionViewModel>>
7ffcf6ef0c78       2        736 System.Text.Json.Serialization.Metadata.JsonTypeInfo<CommonApiMessage.AggregatesModel.SubOrderMessage.SubOrderMessagePromotionViewModel>
7ffcf6ef2808       2        736 System.Text.Json.Serialization.Metadata.JsonTypeInfo<CommonApiMessage.AggregatesModel.SubOrderMessage.SubOrderMessagePromotionAmountViewModel>
7ffcf6ef4e30       2        736 System.Text.Json.Serialization.Metadata.JsonTypeInfo<System.Collections.Generic.List<CommonApiMessage.AggregatesModel.SubOrderMessage.SubOrderMessageFeeViewModel>>
7ffcf6ef56c8       2        736 System.Text.Json.Serialization.Metadata.JsonTypeInfo<CommonApiMessage.AggregatesModel.SubOrderMessage.SubOrderMessageFeeViewModel>
7ffcf6ef8410       2        736 System.Text.Json.Serialization.Metadata.JsonTypeInfo<CommonApiMessage.AggregatesModel.SubOrderMessage.SubOrderMessageFeeAmountViewModel>
7ffcf6efba78       2        736 System.Text.Json.Serialization.Metadata.JsonTypeInfo<CommonApiMessage.AggregatesModel.SubOrderMessage.SubOrderMessageFeeAmountDtlViewModel>
7ffcf6efd908       2        736 System.Text.Json.Serialization.Metadata.JsonTypeInfo<System.Collections.Generic.ICollection<CommonApiMessage.AggregatesModel.SubOrderMessage.SubOrderMessageFeeTaxViewModel>>
7ffcf6efe510       2        736 System.Text.Json.Serialization.Metadata.JsonTypeInfo<CommonApiMessage.AggregatesModel.SubOrderMessage.SubOrderMessageFeeTaxViewModel>
7ffcf6eff060       2        736 System.Text.Json.Serialization.Metadata.JsonTypeInfo<System.Collections.Generic.ICollection<CommonApiMessage.AggregatesModel.SubOrderMessage.SubOrderMessageFeePaymentViewModel>>
7ffcf6eff9b8       2        736 System.Text.Json.Serialization.Metadata.JsonTypeInfo<CommonApiMessage.AggregatesModel.SubOrderMessage.SubOrderMessageFeePaymentViewModel>
7ffcf6f02240       2        736 System.Text.Json.Serialization.Metadata.JsonTypeInfo<System.Collections.Generic.List<CommonApiMessage.AggregatesModel.Package.PackageInfoMessageViewModel>>
7ffcf6f02b30       2        736 System.Text.Json.Serialization.Metadata.JsonTypeInfo<CommonApiMessage.AggregatesModel.Package.PackageInfoMessageViewModel>
7ffcf6f03680       2        736 System.Text.Json.Serialization.Metadata.JsonTypeInfo<System.Collections.Generic.List<CommonApiMessage.AggregatesModel.OrderMessage.OrderMessageAddressViewModel>>
7ffcf6f03f18       2        736 System.Text.Json.Serialization.Metadata.JsonTypeInfo<CommonApiMessage.AggregatesModel.OrderMessage.OrderMessageAddressViewModel>
7ffcf6f08298       2        736 System.Text.Json.Serialization.Metadata.JsonTypeInfo<System.Collections.Generic.List<CommonApiMessage.AggregatesModel.Package.PackageTbMessage>>
7ffcf6f08b88       2        736 System.Text.Json.Serialization.Metadata.JsonTypeInfo<CommonApiMessage.AggregatesModel.Package.PackageTbMessage>
7ffcf41f9610       1        736 System.Collections.Concurrent.ConcurrentDictionary<System.String, Autofac.Core.IReflectionCache>+VolatileNode[]
7ffcf42c2420      23        736 System.Linq.Expressions.LabelTarget
7ffcf430d3b0       1        736 System.Collections.Concurrent.ConcurrentDictionary<Microsoft.AspNetCore.PinnedBlockMemoryPool, System.UIntPtr>+VolatileNode[]
7ffcf55efdf0       1        736 System.Collections.Concurrent.ConcurrentDictionary<Microsoft.Extensions.DependencyInjection.ServiceLookup.ServiceIdentifier, Microsoft.Extensions.DependencyInjection.ServiceProvider+ServiceAccessor>+VolatileNode[]
7ffcf4d01180       3        744 System.Text.Json.Serialization.Metadata.JsonPropertyInfo<System.Object>
7ffcf5b25f48       3        744 Microsoft.EntityFrameworkCore.SqlServer.Storage.Internal.SqlServerDoubleTypeMapping
7ffcf692f7b8      14        752 Microsoft.EntityFrameworkCore.Query.Internal.SingleQueryCollectionContext[]
7ffcf4b6f8d8      19        760 System.Collections.Generic.List<Microsoft.AspNetCore.Mvc.Formatters.IOutputFormatter>+Enumerator
7ffcf377c1f0      19        760 Microsoft.Extensions.Configuration.ConfigurationSection
7ffcf4c28628      12        768 System.Action<System.Object, System.Boolean>
7ffcf6e97520      12        768 System.Func<System.Object, System.Nullable<System.DateTime>>
7ffcf6e973d0      12        768 System.Action<System.Object, System.Nullable<System.DateTime>>
7ffcf3abbcb8      12        768 System.Action<Microsoft.AspNetCore.Hosting.WebHostBuilderContext, Microsoft.Extensions.DependencyInjection.IServiceCollection>
7ffcf4227cb0      24        768 System.Collections.Generic.List<Autofac.Core.Parameter>
7ffcf4229640      12        768 System.Collections.Generic.HashSet<Autofac.Core.Service>
7ffcf4224918      12        768 System.Action<Autofac.Core.Registration.IComponentRegistryBuilder>
7ffcf4653350      16        768 Microsoft.Extensions.Logging.LoggerMessage+<>c__DisplayClass10_0<System.Guid>
7ffcf588bad8      12        768 AutoMapper.Configuration.MemberConfigurationExpression<Order.Business.Mediator.Commands.OrderFront.CreateOrderItemFrontManualViewModel, Order.Infrastructure.Entities.SubOrderModels.SubOrderItemModel, System.Decimal>
7ffcf587f4d8      24        768 System.Linq.Expressions.Expression1<System.Func<Order.Business.Mediator.Commands.OrderFront.CreateOrderItemFrontManualViewModel, System.Decimal>>
7ffcf58bf1e0      12        768 AutoMapper.Configuration.MemberConfigurationExpression<Order.Business.Mediator.Commands.OrderFront.CreateOrderItemFrontViewModel, Order.Infrastructure.Entities.OrderModels.OrderItemModel, System.Decimal>
7ffcf58bf8b0      24        768 System.Linq.Expressions.Expression1<System.Func<Order.Business.Mediator.Commands.OrderFront.CreateOrderItemFrontViewModel, System.Decimal>>
7ffcf58c6b38      12        768 AutoMapper.Configuration.MemberConfigurationExpression<Order.Business.Mediator.Commands.OrderFront.CreateOrderItemFrontViewModel, Order.Infrastructure.Entities.SubOrderModels.SubOrderItemModel, System.Decimal>
7ffcf5920f10      12        768 AutoMapper.Configuration.MemberConfigurationExpression<Order.Infrastructure.Data.Readonlys.CompanyBuMapping.GetCompanyBuMappingViewModelDto, Order.Business.Dtos.ViewModels.CompanyBuMapping.GetCompanyBuMappingViewModel, System.String>
7ffcf587edf8      12        768 AutoMapper.Configuration.MemberConfigurationExpression<Order.Business.Mediator.Commands.OrderFront.CreateOrderItemFrontManualViewModel, Order.Infrastructure.Entities.OrderModels.OrderItemModel, System.Decimal>
7ffcf480bc90       8        768 System.Threading.Channels.WaitingReadAsyncOperation
7ffcf483ef08       8        768 System.Threading.TimerQueue
7ffcf47feee0      12        768 RabbitMQ.Client.Impl.RecordedConsumer
7ffcf4753680      24        768 System.Collections.Generic.List<Microsoft.AspNetCore.Routing.Patterns.RoutePatternPathSegment>
7ffcf4b3ac08      16        768 System.Collections.Concurrent.ConcurrentDictionary<Microsoft.AspNetCore.PinnedBlockMemoryPool, System.UIntPtr>+Node
7ffcf489e280       1        776 System.Collections.Generic.Dictionary<Interop+SECURITY_STATUS, System.Net.SecurityStatusPalErrorCode>+Entry[]
7ffcf489e8e0       1        776 System.Collections.Generic.Dictionary<System.Net.SecurityStatusPalErrorCode, Interop+SECURITY_STATUS>+Entry[]
7ffcf355fc10       7        784 System.Globalization.CultureInfo
7ffcf35d1610      11        792 System.Threading.Tasks.Task<System.Int32>
7ffcf63cdb30      33        792 Microsoft.EntityFrameworkCore.Utilities.OrderedDictionary<System.String, Microsoft.EntityFrameworkCore.Metadata.RuntimeNavigation>+ValueCollection
7ffcf42977f0      33        792 System.Linq.Expressions.PrimitiveParameterExpression<System.Int64>
7ffcf4f802d8      20        800 Microsoft.AspNetCore.Hosting.HostingRequestFinishedLog
7ffcf37a7420       2        800 System.Globalization.DateTimeFormatInfo
7ffcf61c9cf0      10        800 Microsoft.EntityFrameworkCore.ChangeTracking.ValueComparer+DefaultValueComparer<System.Int32>
7ffcf491a840       6        816 System.Runtime.CompilerServices.AsyncTaskMethodBuilder<System.Threading.Tasks.VoidTaskResult>+AsyncStateMachineBox<RabbitMQ.Client.Impl.AsyncConsumerWorkService+WorkPool+<Loop>d__9>
7ffcf4740ea8      17        816 Microsoft.AspNetCore.Mvc.HttpPatchAttribute
7ffcf692f1a0      13        832 Microsoft.EntityFrameworkCore.Query.Internal.SingleQueryCollectionContext
7ffcf55ea230      26        832 Microsoft.Extensions.DependencyInjection.ServiceProvider+ServiceAccessor
7ffcf44a9f40      13        832 System.Func<Microsoft.AspNetCore.Http.RequestDelegate, Microsoft.AspNetCore.Http.RequestDelegate>
7ffcf46735a0      26        832 Microsoft.AspNetCore.Mvc.ClientErrorData
7ffcf59fce90      15        840 System.Linq.Expressions.Block5
7ffcf4a37640      21        840 Microsoft.Extensions.Options.ConfigureNamedOptions<Microsoft.Extensions.Options.StartupValidatorOptions, Microsoft.Extensions.Options.IOptionsMonitor<Microsoft.Extensions.DependencyInjection.MetricsServiceExtensions+NoOpOptions>>
7ffcf4d0cae8      15        840 System.Collections.Concurrent.ConcurrentDictionary<System.UInt64, System.Text.Json.JsonEncodedText>+Node
7ffcf68d6a40      27        864 System.Collections.ListDictionaryInternal
7ffcf52197a8      16        864 Microsoft.AspNetCore.Routing.Tree.UrlMatchingNode[]
7ffcf4588fa0       9        864 System.Resources.ResourceManager
7ffcf374d970       1        864 Microsoft.Extensions.DependencyModel.RuntimeLibrary[]
7ffcf4224888      12        864 Autofac.Builder.RegistrationData
7ffcf422a260      12        864 System.Collections.Generic.HashSet<Autofac.Core.Service>+Entry[]
7ffcf458d718       9        864 System.Collections.Generic.Dictionary<System.String, System.Resources.ResourceSet>+Entry[]
7ffcf58bb548      36        864 AutoMapper.Configuration.MemberConfigurationExpression<Order.Business.Mediator.Commands.OrderFront.OrderAddressFrontViewModel, Order.Infrastructure.Entities.OrderModels.OrderAddressModel, System.String>+<>c__DisplayClass24_0
7ffcf58c5820      36        864 AutoMapper.Configuration.MemberConfigurationExpression<Order.Business.Mediator.Commands.OrderFront.OrderAddressFrontViewModel, Order.Infrastructure.Entities.SubOrderModels.SubOrderAddressModel, System.String>+<>c__DisplayClass24_0
7ffcf58caf90      27        864 System.Linq.Expressions.Expression1<System.Func<Order.Domain.AggregatesModel.FrontAPI.Order.OrderDetailFrontView, System.String>>
7ffcf653e628      36        864 Microsoft.EntityFrameworkCore.Query.RelationalParameterBasedSqlProcessorParameters
7ffcf81fcf50       9        864 System.Diagnostics.Tracing.IncrementingPollingCounter
7ffcf374b548       2        872 Microsoft.Extensions.DependencyModel.CompilationLibrary[]
7ffcf6ac9f90      10        880 Microsoft.EntityFrameworkCore.Query.Internal.SplitQueryingEnumerable<Order.Infrastructure.Entities.SubOrderModels.SubOrderModel>
7ffcf3941130      10        880 System.Text.RegularExpressions.Regex
7ffcf3976490      11        880 System.Reflection.RuntimeFieldInfo[][]
7ffcf61f1908      22        880 System.Linq.Expressions.Expression2<System.Func<System.Nullable<System.Int64>, System.Nullable<System.Int64>, System.Boolean>>
7ffcf46521d8      22        880 System.Xml.Linq.XName
7ffcf4d4df70      11        880 System.RuntimeType[][]
7ffcf6e290f8      14        896 System.Func<Microsoft.EntityFrameworkCore.DbContext, Microsoft.EntityFrameworkCore.Query.Internal.SplitQueryingEnumerable<Order.Infrastructure.Entities.OrderModels.OrderModel>+Enumerator, Microsoft.EntityFrameworkCore.Storage.ExecutionResult<System.Boolean>>
7ffcf6dfa098      14        896 System.Func<Microsoft.EntityFrameworkCore.Query.QueryContext, System.Data.Common.DbDataReader, Microsoft.EntityFrameworkCore.Query.Internal.ResultContext, Microsoft.EntityFrameworkCore.Query.Internal.SingleQueryResultCoordinator, Order.Infrastructure.Entities.OrderModels.OrderModel>
7ffcf6e01fd8      14        896 System.Func<Microsoft.EntityFrameworkCore.DbContext, Microsoft.EntityFrameworkCore.Query.Internal.SingleQueryingEnumerable<Order.Infrastructure.Entities.OrderModels.OrderModel>+Enumerator, Microsoft.EntityFrameworkCore.Storage.ExecutionResult<System.Boolean>>
7ffcf3568110      16        896 System.RuntimeType+ActivatorCache
7ffcf67df528      16        896 Microsoft.Data.SqlClient.ConnectionPool.SqlConnectionPoolKey
7ffcf37aabc8      14        896 System.Func<System.String, System.String>
7ffcf62c91f0      14        896 System.Func<Microsoft.EntityFrameworkCore.Infrastructure.IAnnotation, System.String>
7ffcf62c94a8      14        896 System.Func<Microsoft.EntityFrameworkCore.Infrastructure.IAnnotation, System.Object>
7ffcf3864ad0      28        896 Serilog.Events.StructureValue
7ffcf58b10d0      14        896 System.Action<AutoMapper.IMemberConfigurationExpression<Order.Business.Mediator.Commands.OrderFront.OrderAddressFrontViewModel, Order.Infrastructure.Entities.OrderModels.OrderAddressModel, System.String>>
7ffcf58b43a0      14        896 System.Action<AutoMapper.IMemberConfigurationExpression<Order.Business.Mediator.Commands.OrderFront.CreateOrderFrontViewModel, Order.Infrastructure.Entities.SubOrderModels.SubOrderModel, System.String>>
7ffcf58b4eb0      14        896 System.Action<AutoMapper.IMemberConfigurationExpression<Order.Business.Mediator.Commands.OrderFront.OrderAddressFrontViewModel, Order.Infrastructure.Entities.SubOrderModels.SubOrderAddressModel, System.String>>
7ffcf48df790       7        896 RabbitMQ.Client.Framing.BasicProperties
7ffcf6a19ba8      14        896 Microsoft.EntityFrameworkCore.Storage.ReaderColumn<System.Boolean>
7ffcf6a19748      14        896 System.Func<System.Data.Common.DbDataReader, System.Int32[], System.Boolean>
7ffcf6bc8e58      14        896 System.Func<System.ValueTuple<Microsoft.EntityFrameworkCore.Query.RelationalQueryContext, Microsoft.EntityFrameworkCore.Query.Internal.RelationalCommandResolver, System.Collections.Generic.IReadOnlyList<Microsoft.EntityFrameworkCore.Storage.ReaderColumn>, System.Boolean>, Microsoft.EntityFrameworkCore.Storage.RelationalDataReader>
7ffcf4b38610      16        896 Microsoft.AspNetCore.Server.Kestrel.Transport.Sockets.SocketConnectionContextFactory+QueueSettings
7ffcf4f43260      16        896 System.Text.Json.Serialization.Converters.EnumConverter<Swashbuckle.AspNetCore.SwaggerUI.SubmitMethod>+EnumFieldInfo
7ffcf58571c8      14        896 System.Action<AutoMapper.IMemberConfigurationExpression<Order.Business.Mediator.Commands.OrderFront.CreateOrderFrontManualViewModel, Order.Infrastructure.Entities.SubOrderModels.SubOrderModel, System.String>>
7ffcf6c3da88      38        912 Microsoft.EntityFrameworkCore.Storage.ExecutionStrategy+<>c__DisplayClass28_0<Microsoft.EntityFrameworkCore.Query.Internal.SingleQueryingEnumerable<Order.Infrastructure.Entities.StoreLocation.StoreLocationModel>+Enumerator, System.Boolean>
7ffcf3c51070       1        912 System.Collections.Generic.Dictionary<System.Object, System.ComponentModel.ReflectTypeDescriptionProvider+IntrinsicTypeConverterData>+Entry[]
7ffcf4676a40       1        912 System.Collections.Generic.Dictionary<System.Int32, Microsoft.AspNetCore.Mvc.ClientErrorData>+Entry[]
7ffcf4b9b1e0       1        912 System.Collections.Generic.Dictionary<System.Type, System.Text.Json.Serialization.JsonConverter>+Entry[]
7ffcf4cb2338       1        912 System.Collections.Generic.Dictionary<System.Type, System.Tuple<Swashbuckle.AspNetCore.SwaggerGen.DataType, System.String>>+Entry[]
7ffcf5a10920      23        920 System.Linq.Expressions.LoopExpression
7ffcf5a66f50      29        928 Microsoft.AspNetCore.Mvc.ModelBinding.PrefixContainer
7ffcf6d1a600      29        928 System.Collections.Generic.List<Order.Infrastructure.Entities.Package.PackageTbModel>
7ffcf6d11360      39        936 Microsoft.EntityFrameworkCore.Storage.ExecutionStrategy+<>c__DisplayClass28_0<Microsoft.EntityFrameworkCore.Query.Internal.SingleQueryingEnumerable<Order.Infrastructure.Entities.Package.PackageInfoModel>+Enumerator, System.Boolean>
7ffcf58c3bd8      39        936 AutoMapper.Configuration.MemberConfigurationExpression<Order.Business.Mediator.Commands.OrderFront.CreateOrderFrontViewModel, Order.Infrastructure.Entities.SubOrderModels.SubOrderModel, System.String>+<>c__DisplayClass24_0
7ffcf5884ab0      39        936 AutoMapper.Configuration.MemberConfigurationExpression<Order.Business.Mediator.Commands.OrderFront.CreateOrderFrontManualViewModel, Order.Infrastructure.Entities.SubOrderModels.SubOrderModel, System.String>+<>c__DisplayClass24_0
7ffcf5c7dc60       6        944 Microsoft.EntityFrameworkCore.Metadata.IConventionEntityType[]
7ffcf35a2550      40        960 System.TimeSpan
7ffcf6e21d58      15        960 System.Func<Microsoft.EntityFrameworkCore.Query.QueryContext, System.Data.Common.DbDataReader, Microsoft.EntityFrameworkCore.Query.Internal.ResultContext, Microsoft.EntityFrameworkCore.Query.Internal.SplitQueryResultCoordinator, Order.Infrastructure.Entities.OrderModels.OrderModel>
7ffcf5a68c78      30        960 Microsoft.AspNetCore.Mvc.ModelBinding.Validation.ValidationStack
7ffcf4f80680      20        960 Microsoft.AspNetCore.Hosting.HostingRequestFinishedLog+<GetEnumerator>d__13
7ffcf6e0c2a0      15        960 System.Collections.Generic.HashSet<Order.Infrastructure.Entities.OrderModels.OrderPaymentTransactionModel>
7ffcf6e0b728      15        960 System.Func<Microsoft.EntityFrameworkCore.Query.QueryContext, System.Data.Common.DbDataReader, Microsoft.EntityFrameworkCore.Query.Internal.ResultContext, Microsoft.EntityFrameworkCore.Query.Internal.SplitQueryResultCoordinator, Order.Infrastructure.Entities.OrderModels.OrderPaymentTransactionModel>
7ffcf6e0da38      15        960 System.Action<Order.Infrastructure.Entities.OrderModels.OrderPaymentModel, Order.Infrastructure.Entities.OrderModels.OrderPaymentTransactionModel>
7ffcf6e2d000      15        960 System.Func<System.Linq.IQueryable<Order.Infrastructure.Entities.OrderModels.OrderPromotionModel>, System.Linq.Expressions.Expression<System.Func<Order.Infrastructure.Entities.OrderModels.OrderPromotionModel, System.Boolean>>, System.Linq.IQueryable<Order.Infrastructure.Entities.OrderModels.OrderPromotionModel>>
7ffcf6e2dc48      15        960 System.Func<System.Func<Microsoft.EntityFrameworkCore.Query.QueryContext, System.Collections.Generic.IEnumerable<Order.Infrastructure.Entities.OrderModels.OrderPromotionModel>>>
7ffcf6e0de80      15        960 System.Func<Microsoft.EntityFrameworkCore.Query.QueryContext, System.Data.Common.DbDataReader, Microsoft.EntityFrameworkCore.Query.Internal.ResultContext, Microsoft.EntityFrameworkCore.Query.Internal.SplitQueryResultCoordinator, Order.Infrastructure.Entities.OrderModels.OrderPaymentModel>
7ffcf6e21910      15        960 System.Action<Order.Infrastructure.Entities.OrderModels.OrderModel, Order.Infrastructure.Entities.OrderModels.OrderPaymentModel>
7ffcf6de6ee8      15        960 System.Func<System.Linq.IQueryable<Order.Infrastructure.Entities.OrderReference.OrderReferenceModel>, System.Linq.Expressions.Expression<System.Func<Order.Infrastructure.Entities.OrderReference.OrderReferenceModel, System.DateTime>>, System.Linq.IOrderedQueryable<Order.Infrastructure.Entities.OrderReference.OrderReferenceModel>>
7ffcf6de6fe0      15        960 System.Func<System.Linq.IQueryable<Order.Infrastructure.Entities.OrderReference.OrderReferenceModel>, Order.Infrastructure.Entities.OrderReference.OrderReferenceModel>
7ffcf6de75c8      15        960 System.Func<System.Func<Microsoft.EntityFrameworkCore.Query.QueryContext, Order.Infrastructure.Entities.OrderReference.OrderReferenceModel>>
7ffcf4e73758      30        960 System.Collections.Generic.List<Microsoft.Net.Http.Headers.MediaTypeHeaderValue>
7ffcf3a20c70      15        960 System.IO.StringWriter
7ffcf52d2420      15        960 System.Collections.Immutable.ImmutableSortedDictionary<System.Int32, System.ValueTuple<System.Nullable<Microsoft.EntityFrameworkCore.WarningBehavior>, System.Nullable<Microsoft.Extensions.Logging.LogLevel>>>+Builder
7ffcf5750610      15        960 System.Linq.Enumerable+ArrayWhereIterator<Microsoft.EntityFrameworkCore.Infrastructure.DbSetProperty>
7ffcf4485b10      30        960 Autofac.Core.Activators.Reflection.DefaultValueParameter+<>c__DisplayClass0_0
7ffcf5aa4e40      30        960 MediatR.IPipelineBehavior<Order.Business.Mediator.Commands.Order.GetSubOrderCommand, CommonApiMessage.AggregatesModel.SubOrderMessage.SubOrderMessageViewModel>[]
7ffcf6317bf8      15        960 System.Func<System.Linq.IQueryable<Order.Infrastructure.Entities.SubOrderModels.SubOrderModel>, System.Linq.Expressions.Expression<System.Func<Order.Infrastructure.Entities.SubOrderModels.SubOrderModel, <>f__AnonymousType11<System.String, System.String>>>, System.Linq.IQueryable<<>f__AnonymousType11<System.String, System.String>>>
7ffcf63508f0      15        960 System.Func<System.Func<Microsoft.EntityFrameworkCore.Query.QueryContext, System.Collections.Generic.IEnumerable<<>f__AnonymousType11<System.String, System.String>>>>
7ffcf6567fd0      15        960 System.Func<Microsoft.EntityFrameworkCore.Query.QueryContext, System.Data.Common.DbDataReader, Microsoft.EntityFrameworkCore.Query.Internal.ResultContext, Microsoft.EntityFrameworkCore.Query.Internal.SingleQueryResultCoordinator, <>f__AnonymousType11<System.String, System.String>>
7ffcf6574330      15        960 System.Func<Microsoft.EntityFrameworkCore.DbContext, Microsoft.EntityFrameworkCore.Query.Internal.SingleQueryingEnumerable<<>f__AnonymousType11<System.String, System.String>>+Enumerator, Microsoft.EntityFrameworkCore.Storage.ExecutionResult<System.Boolean>>
7ffcf6944848      24        960 Microsoft.EntityFrameworkCore.Query.Internal.QueryCompiler+<>c__DisplayClass11_0<System.Collections.Generic.IEnumerable<Order.Infrastructure.Entities.OrderReference.OrderReferenceModel>>
7ffcf3520018      24        960 System.Gen2GcCallback
7ffcf3807a60      10        960 System.Reflection.RuntimeAssembly+ManifestResourceStream
7ffcf58b05c0      15        960 System.Action<AutoMapper.IMemberConfigurationExpression<Order.Business.Mediator.Commands.OrderFront.CreateOrderFrontViewModel, Order.Infrastructure.Entities.OrderModels.OrderModel, System.String>>
7ffcf57d9c78      30        960 System.Linq.Expressions.Expression1<System.Func<Order.Infrastructure.Entities.OrderModels.OrderModel, System.String>>
7ffcf58ed680      15        960 AutoMapper.Configuration.MemberConfigurationExpression<Order.Business.Mediator.Commands.OrderFront.UpdateOrderFrontViewModel, Order.Infrastructure.Entities.OrderModels.OrderModel, System.String>
7ffcf58edd50      30        960 System.Linq.Expressions.Expression1<System.Func<Order.Business.Mediator.Commands.OrderFront.UpdateOrderFrontViewModel, System.String>>
7ffcf58f6938      15        960 AutoMapper.Configuration.MemberConfigurationExpression<Order.Business.Mediator.Commands.OrderFront.UpdateOrderFrontViewModel, Order.Business.Mediator.Commands.OrderFront.UpdateSubOrderFrontViewModel, System.String>
7ffcf5911f10      15        960 AutoMapper.Configuration.MemberConfigurationExpression<Order.Business.Mediator.Commands.OrderFront.UpdateSubOrderFrontViewModel, Order.Infrastructure.Entities.SubOrderModels.SubOrderModel, System.String>
7ffcf591afb8      15        960 AutoMapper.Configuration.MemberConfigurationExpression<Order.Infrastructure.Data.Readonlys.CompanyBuMapping.GetCompanyBuMappingByIdViewModelDto, Order.Business.Dtos.ViewModels.CompanyBuMapping.GetCompanyBuMappingByIdViewModel, System.String>
7ffcf5925910      15        960 AutoMapper.Configuration.MemberConfigurationExpression<Order.Business.Mediator.Queries.CompanyBUMapping.GetCompanyBuMappingsQuery, Order.Infrastructure.Data.Readonlys.CompanyBuMapping.GetCompanyBuMappingsQueryDto, System.String>
7ffcf467ee28      20        960 Microsoft.AspNetCore.Mvc.ProducesAttribute
7ffcf4ab2c38      20        960 System.Collections.Concurrent.ConcurrentDictionary<System.Type, Microsoft.Extensions.DependencyInjection.ActivatorUtilities+ConstructorInfoEx[]>+Node
7ffcf584f6c8      15        960 System.Action<AutoMapper.IMemberConfigurationExpression<Order.Business.Mediator.Commands.OrderFront.CreateOrderFrontManualViewModel, Order.Infrastructure.Entities.OrderModels.OrderModel, System.String>>
7ffcf69a89f0      41        984 Microsoft.EntityFrameworkCore.Storage.ExecutionStrategy+<>c__DisplayClass28_0<Microsoft.EntityFrameworkCore.Query.Internal.SingleQueryingEnumerable<Order.Infrastructure.Entities.OrderReference.OrderReferenceModel>+Enumerator, System.Boolean>
7ffcf6c1fb60      31        992 System.Linq.Expressions.Expression1<System.Func<Order.Infrastructure.Entities.OrderItemInformation.OrderItemOtherInfoModel, System.Boolean>>
7ffcf6e4b648       4        992 System.Text.Json.Serialization.Metadata.JsonPropertyInfo<System.Collections.Generic.List<System.String>>
7ffcf6e50028       4        992 System.Text.Json.Serialization.Metadata.JsonPropertyInfo<System.Collections.Generic.List<CommonApiMessage.AggregatesModel.SubOrderMessage.SubOrderMessageRemarkViewModel>>
7ffcf6e53ea0       4        992 System.Text.Json.Serialization.Metadata.JsonPropertyInfo<System.Collections.Generic.List<CommonApiMessage.AggregatesModel.SubOrderMessage.SubOrderMessageItemViewModel>>
7ffcf6e51b60       4        992 System.Text.Json.Serialization.Metadata.JsonPropertyInfo<System.Collections.Generic.List<CommonApiMessage.AggregatesModel.OrderMessage.OrderMessagePaymentViewModel>>
7ffcf6e52c60       4        992 System.Text.Json.Serialization.Metadata.JsonPropertyInfo<System.Collections.Generic.List<CommonApiMessage.AggregatesModel.OrderMessage.OrderMessageCustomerViewModel>>
7ffcf6e55da0       4        992 System.Text.Json.Serialization.Metadata.JsonPropertyInfo<System.Collections.Generic.List<CommonApiMessage.AggregatesModel.OrderMessage.OrderMessageItemViewModel>>
7ffcf6e56e68       4        992 System.Text.Json.Serialization.Metadata.JsonPropertyInfo<System.Collections.Generic.List<CommonApiMessage.AggregatesModel.OrderMessage.OrderMessagePromotionViewModel>>
7ffcf6e57f30       4        992 System.Text.Json.Serialization.Metadata.JsonPropertyInfo<System.Collections.Generic.List<CommonApiMessage.AggregatesModel.SubOrderMessage.SubOrderMessagePromotionViewModel>>
7ffcf6e59018       4        992 System.Text.Json.Serialization.Metadata.JsonPropertyInfo<System.Collections.Generic.List<CommonApiMessage.AggregatesModel.SubOrderMessage.SubOrderMessageFeeViewModel>>
7ffcf6e5bde8       4        992 System.Text.Json.Serialization.Metadata.JsonPropertyInfo<System.Collections.Generic.List<CommonApiMessage.AggregatesModel.Package.PackageInfoMessageViewModel>>
7ffcf6e5cfa0       4        992 System.Text.Json.Serialization.Metadata.JsonPropertyInfo<System.Collections.Generic.List<CommonApiMessage.AggregatesModel.OrderMessage.OrderMessageAddressViewModel>>
7ffcf6e5e158       4        992 System.Text.Json.Serialization.Metadata.JsonPropertyInfo<System.Collections.Generic.List<CommonApiMessage.AggregatesModel.Package.PackageTbMessage>>
7ffcf6e6f3f8       4        992 System.Text.Json.Serialization.Metadata.JsonPropertyInfo<System.Int64>
7ffcf6e762d8       4        992 System.Text.Json.Serialization.Metadata.JsonPropertyInfo<CommonApiMessage.AggregatesModel.SubOrderMessage.SubOrderMessageItemPromotionViewModel>
7ffcf6e77490       4        992 System.Text.Json.Serialization.Metadata.JsonPropertyInfo<CommonApiMessage.AggregatesModel.SubOrderMessage.SubOrderMessageItemFulFillmentViewModel>
7ffcf6e78648       4        992 System.Text.Json.Serialization.Metadata.JsonPropertyInfo<System.Collections.Generic.List<CommonApiMessage.AggregatesModel.SubOrderMessage.SubOrderMessageItemRemarkViewModel>>
7ffcf6e79800       4        992 System.Text.Json.Serialization.Metadata.JsonPropertyInfo<CommonApiMessage.AggregatesModel.SubOrderMessage.SubOrderMessageItemAmountViewModel>
7ffcf6e7a9b8       4        992 System.Text.Json.Serialization.Metadata.JsonPropertyInfo<System.Collections.Generic.List<CommonApiMessage.AggregatesModel.SubOrderMessage.SubOrderMessageItemPaymentViewModel>>
7ffcf6e7bb70       4        992 System.Text.Json.Serialization.Metadata.JsonPropertyInfo<System.Collections.Generic.List<CommonApiMessage.AggregatesModel.SubOrderMessage.SubOrderMessageItemSubBarcodeViewModel>>
7ffcf6e7cd28       4        992 System.Text.Json.Serialization.Metadata.JsonPropertyInfo<System.Collections.Generic.List<CommonApiMessage.AggregatesModel.SubOrderMessage.SubOrderMessageItemPromotionsViewModel>>
7ffcf6e989d8       4        992 System.Text.Json.Serialization.Metadata.JsonPropertyInfo<System.Collections.Generic.List<CommonApiMessage.AggregatesModel.SubOrderMessage.SubOrderMessageItemDeliveryWindowViewModel>>
7ffcf6e9b7a8       4        992 System.Text.Json.Serialization.Metadata.JsonPropertyInfo<System.Collections.Generic.List<CommonApiMessage.AggregatesModel.SubOrderMessage.SubOrderMessageItemFulFillmentServiceTypeViewModel>>
7ffcf6ec1428       4        992 System.Text.Json.Serialization.Metadata.JsonPropertyInfo<System.Collections.Generic.List<CommonApiMessage.AggregatesModel.OrderMessage.OrderMessagePaymentTransactionViewModel>>
7ffcf6ecd1f8       4        992 System.Text.Json.Serialization.Metadata.JsonPropertyInfo<CommonApiMessage.AggregatesModel.OrderMessage.OrderMessageItemFulFillmentViewModel>
7ffcf6ece3b0       4        992 System.Text.Json.Serialization.Metadata.JsonPropertyInfo<System.Collections.Generic.List<CommonApiMessage.AggregatesModel.OrderMessage.OrderMessageItemRemarkViewModel>>
7ffcf6ecf568       4        992 System.Text.Json.Serialization.Metadata.JsonPropertyInfo<CommonApiMessage.AggregatesModel.OrderMessage.OrderMessageItemAmountViewModel>
7ffcf6ed0720       4        992 System.Text.Json.Serialization.Metadata.JsonPropertyInfo<System.Collections.Generic.List<CommonApiMessage.AggregatesModel.OrderMessage.OrderMessageItemPaymentViewModel>>
7ffcf6ed18d8       4        992 System.Text.Json.Serialization.Metadata.JsonPropertyInfo<System.Collections.Generic.List<CommonApiMessage.AggregatesModel.OrderMessage.OrderMessageSubBarcodeViewModel>>
7ffcf6ed2a90       4        992 System.Text.Json.Serialization.Metadata.JsonPropertyInfo<CommonApiMessage.AggregatesModel.OrderMessage.OrderMessageItemPromotionViewModel>
7ffcf6ed3c48       4        992 System.Text.Json.Serialization.Metadata.JsonPropertyInfo<System.Collections.Generic.List<CommonApiMessage.AggregatesModel.OrderMessage.OrderMessageItemPromotionsViewModel>>
7ffcf6ed72b0       4        992 System.Text.Json.Serialization.Metadata.JsonPropertyInfo<System.Collections.Generic.List<CommonApiMessage.AggregatesModel.OrderMessage.OrderMessageItemDeliveryWindowViewModel>>
7ffcf6eda080       4        992 System.Text.Json.Serialization.Metadata.JsonPropertyInfo<System.Collections.Generic.List<CommonApiMessage.AggregatesModel.OrderMessage.OrderMessageItemFulFillmentServiceTypeViewModel>>
7ffcf6eee380       4        992 System.Text.Json.Serialization.Metadata.JsonPropertyInfo<CommonApiMessage.AggregatesModel.OrderMessage.OrderMessagePromotionAmountViewModel>
7ffcf6ef11c8       4        992 System.Text.Json.Serialization.Metadata.JsonPropertyInfo<CommonApiMessage.AggregatesModel.SubOrderMessage.SubOrderMessagePromotionAmountViewModel>
7ffcf6ef5c18       4        992 System.Text.Json.Serialization.Metadata.JsonPropertyInfo<CommonApiMessage.AggregatesModel.SubOrderMessage.SubOrderMessageFeeAmountViewModel>
7ffcf6ef6dd0       4        992 System.Text.Json.Serialization.Metadata.JsonPropertyInfo<System.Collections.Generic.ICollection<CommonApiMessage.AggregatesModel.SubOrderMessage.SubOrderMessageFeePaymentViewModel>>
7ffcf3b04df8      31        992 System.Collections.Generic.List<System.Diagnostics.Metrics.Instrument>
7ffcf5b27090       4        992 Microsoft.EntityFrameworkCore.Storage.GuidTypeMapping
7ffcf34fd998      25      1,000 System.Runtime.CompilerServices.ConditionalWeakTable<System.Buffers.SharedArrayPoolThreadLocalArray[], System.Object>
7ffcf3c2ff48      21      1,008 System.Reflection.FieldAccessor
7ffcf5a65880      42      1,008 Microsoft.AspNetCore.Mvc.ModelBinding.Validation.ValidationStateDictionary
7ffcf4c2a008      42      1,008 System.Text.Json.Serialization.Metadata.JsonPropertyInfo<System.Int32>+<>c__DisplayClass9_0
7ffcf4c2a8e8      42      1,008 System.Text.Json.Serialization.Metadata.JsonPropertyInfo<System.Int32>+<>c__DisplayClass10_0
7ffcf6dfa570      14      1,008 Microsoft.EntityFrameworkCore.Query.Internal.SingleQueryingEnumerable<Order.Infrastructure.Entities.OrderModels.OrderModel>
7ffcf3f022c0       2      1,008 System.Collections.Generic.Dictionary<System.String, System.Type>+Entry[]
7ffcf4653968      21      1,008 Microsoft.Extensions.Logging.LoggerMessage+<>c__DisplayClass12_0<System.String, System.String>
7ffcf58b9040      42      1,008 AutoMapper.Configuration.MemberConfigurationExpression<Order.Business.Mediator.Commands.OrderFront.CreateOrderFrontViewModel, Order.Infrastructure.Entities.OrderModels.OrderModel, System.String>+<>c__DisplayClass24_0
7ffcf585ec38      42      1,008 AutoMapper.Configuration.MemberConfigurationExpression<Order.Business.Mediator.Commands.OrderFront.CreateOrderFrontManualViewModel, Order.Infrastructure.Entities.OrderModels.OrderModel, System.String>+<>c__DisplayClass24_0
7ffcf467f308      42      1,008 Microsoft.AspNetCore.Mvc.ApiControllerAttribute
7ffcf6562b68      21      1,008 System.Collections.Concurrent.ConcurrentDictionary<System.Type, System.Reflection.MethodInfo>+Node
7ffcf37a13f8      16      1,024 System.Comparison<System.String>
7ffcf46531c8      16      1,024 System.Action<Microsoft.Extensions.Logging.ILogger, System.Guid, System.Exception>
7ffcf5b26438       4      1,024 Microsoft.EntityFrameworkCore.SqlServer.Storage.Internal.SqlServerDateTimeOffsetTypeMapping
7ffcf6c9de28      16      1,024 System.Func<Microsoft.EntityFrameworkCore.ChangeTracking.Internal.IInternalEntry, System.DateTime>
7ffcf6d31f48      43      1,032 Microsoft.EntityFrameworkCore.Storage.ExecutionStrategy+<>c__DisplayClass28_0<Microsoft.EntityFrameworkCore.Query.Internal.SingleQueryingEnumerable<System.Boolean>+Enumerator, System.Boolean>
7ffcf429c408       1      1,048 System.Dynamic.Utils.CacheDict<System.Reflection.MethodBase, System.Reflection.ParameterInfo[]>+Entry[]
7ffcf4af9b88       1      1,048 System.Collections.Concurrent.ConcurrentStack<System.Byte[]>[]
7ffcf6de28f8      22      1,056 System.Linq.CollectionLookup<<>f__AnonymousType14<System.String>, CommonApiMessage.AggregatesModel.SubOrderMessage.SubOrderMessageViewModel>
7ffcf6e2cf28      33      1,056 System.Linq.Expressions.Expression1<System.Func<Order.Infrastructure.Entities.OrderModels.OrderPromotionModel, System.Boolean>>
7ffcf58cf4d0      33      1,056 System.Collections.Generic.List<System.Action<AutoMapper.PathMap>>
7ffcf6984cb0      44      1,056 System.Collections.Generic.Dictionary<Microsoft.EntityFrameworkCore.Metadata.IPropertyBase, System.Int32>+ValueCollection
7ffcf6853e88      11      1,056 System.Configuration.FactoryRecord
7ffcf4eb3aa8       2      1,056 System.Threading.RegisteredWaitHandle[]
7ffcf6884290       2      1,072 System.Collections.Concurrent.ConcurrentQueueSegment<Microsoft.Data.SqlClient.ConnectionPool.WaitHandleDbConnectionPool+PendingGetConnection>+Slot[]
7ffcf47031b8      27      1,080 System.Collections.Generic.List<System.Object>+Enumerator
7ffcf6d4f238      27      1,080 Microsoft.EntityFrameworkCore.Query.Internal.QueryCompiler+<>c__DisplayClass11_0<System.Collections.Generic.IEnumerable<Order.Infrastructure.Entities.Package.PackageTbModel>>
7ffcf6dec580      27      1,080 Microsoft.EntityFrameworkCore.Query.Internal.QueryCompiler+<>c__DisplayClass11_0<Order.Infrastructure.Entities.OrderModels.OrderModel>
7ffcf6e29f08      15      1,080 System.Collections.Generic.HashSet<Order.Infrastructure.Entities.OrderModels.OrderPaymentTransactionModel>+Entry[]
7ffcf6e2a750      15      1,080 System.Collections.Generic.HashSet<Order.Infrastructure.Entities.OrderModels.OrderPaymentModel>+Entry[]
7ffcf6e42960      15      1,080 Microsoft.EntityFrameworkCore.Query.Internal.SingleQueryingEnumerable<Order.Infrastructure.Entities.OrderModels.OrderPromotionModel>
7ffcf5a5ee20      15      1,080 System.Threading.Tasks.Task<Microsoft.AspNetCore.Mvc.ModelBinding.CompositeValueProvider>
7ffcf656a570      15      1,080 Microsoft.EntityFrameworkCore.Query.Internal.SingleQueryingEnumerable<<>f__AnonymousType11<System.String, System.String>>
7ffcf63356a0      45      1,080 Microsoft.EntityFrameworkCore.Storage.ValueBuffer
7ffcf6bc4d08      34      1,088 System.Collections.Generic.List<Microsoft.EntityFrameworkCore.Query.Internal.SplitQueryCollectionContext>
7ffcf6bc53c8      34      1,088 System.Collections.Generic.List<Microsoft.EntityFrameworkCore.Query.Internal.SplitQueryDataReaderContext>
7ffcf6e42488      17      1,088 System.Func<Microsoft.EntityFrameworkCore.Query.QueryContext, System.Data.Common.DbDataReader, Microsoft.EntityFrameworkCore.Query.Internal.ResultContext, Microsoft.EntityFrameworkCore.Query.Internal.SingleQueryResultCoordinator, Order.Infrastructure.Entities.OrderModels.OrderPromotionModel>
7ffcf6e43f78      17      1,088 System.Func<Microsoft.EntityFrameworkCore.DbContext, Microsoft.EntityFrameworkCore.Query.Internal.SingleQueryingEnumerable<Order.Infrastructure.Entities.OrderModels.OrderPromotionModel>+Enumerator, Microsoft.EntityFrameworkCore.Storage.ExecutionResult<System.Boolean>>
7ffcf394a128       8      1,088 System.Text.RegularExpressions.RegexFindOptimizations
7ffcf57c82e0      17      1,088 System.Action<AutoMapper.IMemberConfigurationExpression<Order.Infrastructure.Entities.OrderModels.OrderItemModel, CommonApiMessage.AggregatesModel.OrderMessage.OrderMessageItemViewModel, System.String>>
7ffcf4b99dc8       3      1,104 System.Text.Json.Serialization.Metadata.JsonTypeInfo<System.Object>
7ffcf4c31b18       3      1,104 System.Text.Json.Serialization.Metadata.JsonTypeInfo<System.Int32>
7ffcf4c30358       3      1,104 System.Text.Json.Serialization.Metadata.JsonTypeInfo<System.Boolean>
7ffcf598d760      46      1,104 AutoMapper.Configuration.Conventions.DefaultNameSplitMember
7ffcf523ded8      23      1,104 System.Linq.Expressions.GotoExpression
7ffcf5a10688      20      1,120 System.Linq.Expressions.InvocationExpression3
7ffcf399df20      10      1,120 System.Text.RegularExpressions.Match
7ffcf46af028      47      1,128 Order.Domain.AggregatesModel.SubOrder.SubOrderRepository+<>c__DisplayClass21_2
7ffcf39da510      29      1,128 Serilog.Events.LogEventProperty[]
7ffcf6e22230      13      1,144 Microsoft.EntityFrameworkCore.Query.Internal.SplitQueryingEnumerable<Order.Infrastructure.Entities.OrderModels.OrderModel>
7ffcf55fbc98      13      1,144 Microsoft.Extensions.DependencyInjection.ServiceLookup.IEnumerableCallSite
7ffcf6e45008      18      1,152 System.Func<System.Linq.IQueryable<Order.Infrastructure.Entities.Promotion.PromotionItemModel>, System.Linq.Expressions.Expression<System.Func<Order.Infrastructure.Entities.Promotion.PromotionItemModel, System.Boolean>>, System.Linq.IQueryable<Order.Infrastructure.Entities.Promotion.PromotionItemModel>>
7ffcf6e458f0      18      1,152 System.Func<System.Func<Microsoft.EntityFrameworkCore.Query.QueryContext, System.Collections.Generic.IEnumerable<Order.Infrastructure.Entities.Promotion.PromotionItemModel>>>
7ffcf6e460e8      18      1,152 System.Func<Microsoft.EntityFrameworkCore.Query.QueryContext, System.Data.Common.DbDataReader, Microsoft.EntityFrameworkCore.Query.Internal.ResultContext, Microsoft.EntityFrameworkCore.Query.Internal.SingleQueryResultCoordinator, Order.Infrastructure.Entities.Promotion.PromotionItemModel>
7ffcf6e47a70      18      1,152 System.Func<Microsoft.EntityFrameworkCore.DbContext, Microsoft.EntityFrameworkCore.Query.Internal.SingleQueryingEnumerable<Order.Infrastructure.Entities.Promotion.PromotionItemModel>+Enumerator, Microsoft.EntityFrameworkCore.Storage.ExecutionResult<System.Boolean>>
7ffcf458b3a0       9      1,152 System.Resources.ResourceReader
7ffcf4707898      49      1,176 Microsoft.AspNetCore.Mvc.ModelBinding.ModelPropertyCollection
7ffcf6e44f30      37      1,184 System.Linq.Expressions.Expression1<System.Func<Order.Infrastructure.Entities.Promotion.PromotionItemModel, System.Boolean>>
7ffcf523c6c8      37      1,184 System.Linq.Expressions.Block2
7ffcf52a4768      15      1,200 System.Collections.Generic.Dictionary<System.Type, Microsoft.EntityFrameworkCore.Infrastructure.IDbContextOptionsExtension>
7ffcf528ad70      15      1,200 Microsoft.Extensions.Logging.LoggerMessage+LogValues<System.String, System.Reflection.MethodInfo, System.String, System.String>+<GetEnumerator>d__13
7ffcf3414e08      50      1,200 System.WeakReference<System.Diagnostics.Tracing.EventProvider>
7ffcf44862c8       7      1,200 System.Collections.Generic.Dictionary<System.String, System.Collections.Generic.List<System.Diagnostics.Metrics.Instrument>>+Entry[]
7ffcf4676608       1      1,208 System.Collections.Generic.Dictionary<System.Int32, System.ValueTuple<System.String, System.String>>+Entry[]
7ffcf6f338d0      19      1,216 Microsoft.Extensions.Logging.LoggerMessage+LogValues<Microsoft.AspNetCore.Mvc.Formatters.IOutputFormatter, System.String>+<GetEnumerator>d__9
7ffcf6f392c8      19      1,216 Microsoft.Extensions.Logging.LoggerMessage+LogValues<System.String, System.Double>+<GetEnumerator>d__9
7ffcf399f2a8       8      1,216 System.Text.RegularExpressions.RegexInterpreter
7ffcf4b6fb38      38      1,216 System.Collections.Generic.List<Microsoft.AspNetCore.Routing.IRouteConstraint>
7ffcf5800758      51      1,224 AutoMapper.Configuration.MemberConfigurationExpression<Order.Infrastructure.Entities.OrderModels.OrderItemModel, CommonApiMessage.AggregatesModel.OrderMessage.OrderMessageItemViewModel, System.String>+<>c__DisplayClass24_0
7ffcf43f7ca0      51      1,224 Microsoft.AspNetCore.Mvc.ControllerAttribute
7ffcf6de25a0      22      1,232 System.Linq.Enumerable+IteratorSelectIterator<System.Linq.IGrouping<<>f__AnonymousType14<System.String>, CommonApiMessage.AggregatesModel.SubOrderMessage.SubOrderMessageViewModel>, System.String>
7ffcf4ab1ba8      22      1,232 Microsoft.Extensions.DependencyInjection.ActivatorUtilities+ConstructorInfoEx
7ffcf5340028      31      1,240 Microsoft.EntityFrameworkCore.Infrastructure.CoreOptionsExtension+ExtensionInfo
7ffcf5b28288       5      1,240 Microsoft.EntityFrameworkCore.SqlServer.Storage.Internal.SqlServerBoolTypeMapping
7ffcf46af610      39      1,248 Order.Domain.AggregatesModel.SubOrder.SubOrderRepository+<>c__DisplayClass24_0
7ffcf6cabf88      39      1,248 System.Collections.Generic.List<Order.Infrastructure.Entities.Package.PackageInfoModel>
7ffcf3408238      40      1,280 System.Guid
7ffcf368fb18       4      1,280 System.Collections.Concurrent.ConcurrentDictionary<System.String, Microsoft.Extensions.FileProviders.Physical.PhysicalFilesWatcher+ChangeTokenInfo>+VolatileNode[]
7ffcf3c50538      32      1,280 System.ComponentModel.ReflectTypeDescriptionProvider+IntrinsicTypeConverterData
7ffcf635b6f8      16      1,280 System.Collections.Generic.Dictionary<System.Char, Microsoft.EntityFrameworkCore.Query.SqlAliasManager+MutableInt>
7ffcf4d0bbc0       4      1,280 System.Collections.Concurrent.ConcurrentDictionary<System.UInt64, System.Text.Json.JsonEncodedText>+VolatileNode[]
7ffcf4d0c4e8       4      1,280 System.Collections.Concurrent.ConcurrentDictionary<System.String, System.UInt64>+VolatileNode[]
7ffcf69b50c8      54      1,296 Microsoft.EntityFrameworkCore.EntityFrameworkQueryableExtensions+IncludableQueryable<Order.Infrastructure.Entities.SubOrderModels.SubOrderModel, System.Collections.Generic.ICollection<Order.Infrastructure.Entities.SubOrderModels.SubOrderAddressModel>>
7ffcf69b66f8      54      1,296 Microsoft.EntityFrameworkCore.EntityFrameworkQueryableExtensions+IncludableQueryable<Order.Infrastructure.Entities.SubOrderModels.SubOrderModel, Order.Infrastructure.Entities.SubOrderModels.SubOrderItemFulFillmentModel>
7ffcf69b6b98      54      1,296 Microsoft.EntityFrameworkCore.EntityFrameworkQueryableExtensions+IncludableQueryable<Order.Infrastructure.Entities.SubOrderModels.SubOrderModel, System.Collections.Generic.List<Order.Infrastructure.Entities.SubOrderModels.SubOrderItemDeliveryWindowModel>>
7ffcf69b6d50      54      1,296 Microsoft.EntityFrameworkCore.EntityFrameworkQueryableExtensions+IncludableQueryable<Order.Infrastructure.Entities.SubOrderModels.SubOrderModel, Order.Infrastructure.Entities.SubOrderModels.SubOrderItemPromotionModel>
7ffcf69b71f0      54      1,296 Microsoft.EntityFrameworkCore.EntityFrameworkQueryableExtensions+IncludableQueryable<Order.Infrastructure.Entities.SubOrderModels.SubOrderModel, System.Collections.Generic.ICollection<Order.Infrastructure.Entities.SubOrderModels.SubOrderItemPromotionsModel>>
7ffcf69b73a8      54      1,296 Microsoft.EntityFrameworkCore.EntityFrameworkQueryableExtensions+IncludableQueryable<Order.Infrastructure.Entities.SubOrderModels.SubOrderModel, System.Collections.Generic.ICollection<Order.Infrastructure.Entities.SubOrderModels.SubOrderItemPayModel>>
7ffcf69b78e8      54      1,296 Microsoft.EntityFrameworkCore.EntityFrameworkQueryableExtensions+IncludableQueryable<Order.Infrastructure.Entities.SubOrderModels.SubOrderModel, System.Collections.Generic.ICollection<Order.Infrastructure.Entities.SubOrderModels.SubOrderItemRemarkModel>>
7ffcf69b7aa0      54      1,296 Microsoft.EntityFrameworkCore.EntityFrameworkQueryableExtensions+IncludableQueryable<Order.Infrastructure.Entities.SubOrderModels.SubOrderModel, System.Collections.Generic.ICollection<Order.Infrastructure.Entities.SubOrderModels.SubOrderItemBarcodeModel>>
7ffcf69b7fc8      54      1,296 Microsoft.EntityFrameworkCore.EntityFrameworkQueryableExtensions+IncludableQueryable<Order.Infrastructure.Entities.SubOrderModels.SubOrderModel, System.Collections.Generic.ICollection<Order.Infrastructure.Entities.SubOrderModels.SubOrderRemarkModel>>
7ffcf69b84f0      54      1,296 Microsoft.EntityFrameworkCore.EntityFrameworkQueryableExtensions+IncludableQueryable<Order.Infrastructure.Entities.SubOrderModels.SubOrderModel, System.Collections.Generic.ICollection<Order.Infrastructure.Entities.SubOrderModels.SubOrderPromotionModel>>
7ffcf69b8a30      54      1,296 Microsoft.EntityFrameworkCore.EntityFrameworkQueryableExtensions+IncludableQueryable<Order.Infrastructure.Entities.SubOrderModels.SubOrderModel, Order.Infrastructure.Entities.SubOrderModels.SubOrderPromotionAmountModel>
7ffcf69b99c8      54      1,296 Microsoft.EntityFrameworkCore.EntityFrameworkQueryableExtensions+IncludableQueryable<Order.Infrastructure.Entities.SubOrderModels.SubOrderModel, System.Collections.Generic.ICollection<Order.Infrastructure.Entities.SubOrderModels.SubOrderFeePaymentModel>>
7ffcf68d11c8      54      1,296 Microsoft.Data.SqlClient.SqlErrorCollection
7ffcf6e06ad0      18      1,296 System.Collections.Generic.HashSet<Order.Infrastructure.Entities.OrderModels.OrderCustomerModel>+Entry[]
7ffcf6e46548      18      1,296 Microsoft.EntityFrameworkCore.Query.Internal.SingleQueryingEnumerable<Order.Infrastructure.Entities.Promotion.PromotionItemModel>
7ffcf58cedc0      27      1,296 AutoMapper.Configuration.PathConfigurationExpression<Order.Infrastructure.Entities.OrderModels.OrderModel, Order.Domain.AggregatesModel.FrontAPI.Order.OrderDetailFrontView, System.String>
7ffcf422a098      55      1,320 Autofac.Core.AutoActivateService
7ffcf5a662d0      42      1,344 System.Collections.Generic.Stack<Microsoft.AspNetCore.Mvc.ModelBinding.DefaultModelBindingContext+State>
7ffcf6ac9360      21      1,344 System.Func<Microsoft.EntityFrameworkCore.Query.QueryContext, System.Data.Common.DbDataReader, Microsoft.EntityFrameworkCore.Query.Internal.ResultContext, Microsoft.EntityFrameworkCore.Query.Internal.SplitQueryResultCoordinator, Order.Infrastructure.Entities.SubOrderModels.SubOrderModel>
7ffcf6d48058      56      1,344 Microsoft.EntityFrameworkCore.Storage.ExecutionStrategy+<>c__DisplayClass28_0<Microsoft.EntityFrameworkCore.Query.Internal.SingleQueryingEnumerable<System.Nullable<System.DateTime>>+Enumerator, System.Boolean>
7ffcf3342548      56      1,344 System.Int16
7ffcf3a66fc0      21      1,344 System.Action<Microsoft.Extensions.Options.StartupValidatorOptions, Microsoft.Extensions.Options.IOptionsMonitor<Microsoft.Extensions.DependencyInjection.MetricsServiceExtensions+NoOpOptions>>
7ffcf3a67558      21      1,344 System.Func<System.IServiceProvider, Microsoft.Extensions.Options.IConfigureOptions<Microsoft.Extensions.Options.StartupValidatorOptions>>
7ffcf4653c08      21      1,344 System.Action<Microsoft.Extensions.Logging.ILogger, System.String, System.String, System.Exception>
7ffcf45dcd08      28      1,344 Microsoft.Extensions.Logging.LoggerMessage+<>c__DisplayClass10_0<System.String>
7ffcf4e7d520      24      1,344 System.Net.Http.Headers.GenericHeaderParser
7ffcf4746ee8      19      1,368 System.Threading.Tasks.Task<Microsoft.AspNetCore.Mvc.ObjectResult>
7ffcf37128c8      19      1,368 System.Collections.Hashtable
7ffcf5a5cdc0      29      1,392 Microsoft.AspNetCore.Mvc.ModelBinding.RouteValueProvider
7ffcf5877450      58      1,392 System.Runtime.CompilerServices.TrueReadOnlyCollection<System.Linq.Expressions.MemberBinding>
7ffcf6541a60      23      1,392 System.Func<System.Object, System.Object, System.Boolean>[]
7ffcf6c337a8      11      1,408 Microsoft.EntityFrameworkCore.Query.Internal.SingleQueryingEnumerable<Order.Infrastructure.Entities.OrderItemInformation.OrderItemOtherInfoModel>+Enumerator
7ffcf6a45a18      22      1,408 System.Func<Microsoft.EntityFrameworkCore.Query.QueryContext, System.Data.Common.DbDataReader, Microsoft.EntityFrameworkCore.Query.Internal.ResultContext, Microsoft.EntityFrameworkCore.Query.Internal.SplitQueryResultCoordinator, Order.Infrastructure.Entities.SubOrderModels.SubOrderItemBarcodeModel>
7ffcf6a47d28      22      1,408 System.Action<Order.Infrastructure.Entities.SubOrderModels.SubOrderItemModel, Order.Infrastructure.Entities.SubOrderModels.SubOrderItemBarcodeModel>
7ffcf495a778      22      1,408 System.Action<System.IntPtr>
7ffcf3a38510       8      1,424 System.String[][]
7ffcf46aee28      60      1,440 Order.Domain.AggregatesModel.SubOrder.SubOrderRepository+<>c__DisplayClass21_0
7ffcf4c46b88      20      1,440 System.Threading.Tasks.Task<System.String>
7ffcf52c23f0      15      1,440 System.Linq.Enumerable+<SelectIterator>d__251<System.Collections.Generic.KeyValuePair<System.Type, Microsoft.EntityFrameworkCore.Infrastructure.IDbContextOptionsExtension>, System.Collections.Generic.KeyValuePair<System.Type, System.ValueTuple<Microsoft.EntityFrameworkCore.Infrastructure.IDbContextOptionsExtension, System.Int32>>>
7ffcf5b04480      30      1,440 System.Linq.Enumerable+OfTypeIterator<Microsoft.EntityFrameworkCore.SqlServer.Infrastructure.Internal.SqlServerOptionsExtension>
7ffcf6310778      30      1,440 System.Linq.Enumerable+OfTypeIterator<Microsoft.EntityFrameworkCore.Infrastructure.CoreOptionsExtension>
7ffcf521a9a0      45      1,440 System.Collections.Generic.List<Microsoft.AspNetCore.Mvc.ActionConstraints.ActionSelectorCandidate>
7ffcf4910018       6      1,440 RabbitMQ.Client.Impl.RecoveryAwareModel
7ffcf653f220      36      1,440 Microsoft.EntityFrameworkCore.SqlServer.Query.Internal.SqlServerParameterBasedSqlProcessor
7ffcf61de820      18      1,440 Microsoft.EntityFrameworkCore.ChangeTracking.ValueComparer+DefaultValueComparer<System.Decimal>
7ffcf81fd0d0      18      1,440 System.Diagnostics.Tracing.PollingCounter
7ffcf55fad78      26      1,456 System.Collections.Concurrent.ConcurrentDictionary<Microsoft.Extensions.DependencyInjection.ServiceLookup.ServiceIdentifier, Microsoft.Extensions.DependencyInjection.ServiceProvider+ServiceAccessor>+Node
7ffcf62c6bf0      41      1,464 Microsoft.EntityFrameworkCore.Metadata.RuntimeForeignKey[]
7ffcf46af488      46      1,472 Order.Domain.AggregatesModel.SubOrder.SubOrderRepository+<>c__DisplayClass23_0
7ffcf4c2fad0       4      1,472 System.Text.Json.Serialization.Metadata.JsonTypeInfo<System.String>
7ffcf6a40b68      23      1,472 System.Func<Microsoft.EntityFrameworkCore.Query.QueryContext, System.Data.Common.DbDataReader, Microsoft.EntityFrameworkCore.Query.Internal.ResultContext, Microsoft.EntityFrameworkCore.Query.Internal.SplitQueryResultCoordinator, Order.Infrastructure.Entities.SubOrderModels.SubOrderItemPayModel>
7ffcf6a42e78      23      1,472 System.Action<Order.Infrastructure.Entities.SubOrderModels.SubOrderItemModel, Order.Infrastructure.Entities.SubOrderModels.SubOrderItemPayModel>
7ffcf6a403f0      23      1,472 System.Action<Order.Infrastructure.Entities.SubOrderModels.SubOrderItemPayModel, Order.Infrastructure.Entities.SubOrderModels.SubOrderItemTaxModel>
7ffcf6a432c0      23      1,472 System.Func<Microsoft.EntityFrameworkCore.Query.QueryContext, System.Data.Common.DbDataReader, Microsoft.EntityFrameworkCore.Query.Internal.ResultContext, Microsoft.EntityFrameworkCore.Query.Internal.SplitQueryResultCoordinator, Order.Infrastructure.Entities.SubOrderModels.SubOrderItemRemarkModel>
7ffcf6a455d0      23      1,472 System.Action<Order.Infrastructure.Entities.SubOrderModels.SubOrderItemModel, Order.Infrastructure.Entities.SubOrderModels.SubOrderItemRemarkModel>
7ffcf3593c08      46      1,472 System.Threading.CancellationTokenRegistration
7ffcf57b7b70      46      1,472 System.Collections.Generic.List<AutoMapper.Configuration.TypeMapConfiguration>
7ffcf57b8298      46      1,472 AutoMapper.Configuration.Conventions.PrePostfixName
7ffcf57b8570      46      1,472 System.Collections.Generic.List<AutoMapper.Configuration.Conventions.ISourceToDestinationNameMapper>
7ffcf5988b08      46      1,472 AutoMapper.ProfileMap+<>c__DisplayClass5_0
7ffcf6c38110      37      1,480 Microsoft.EntityFrameworkCore.Query.Internal.QueryCompiler+<>c__DisplayClass11_0<System.Collections.Generic.IEnumerable<Order.Infrastructure.Entities.StoreLocation.StoreLocationModel>>
7ffcf6cad638      37      1,480 Microsoft.EntityFrameworkCore.Query.Internal.QueryCompiler+<>c__DisplayClass11_0<System.Collections.Generic.IEnumerable<Order.Infrastructure.Entities.Package.PackageInfoModel>>
7ffcf6cad348      27      1,480 Order.Infrastructure.Entities.Package.PackageInfoModel[]
7ffcf46af540      31      1,488 Order.Domain.AggregatesModel.SubOrder.SubOrderRepository+<>c__DisplayClass23_1
7ffcf6e511e0       6      1,488 System.Text.Json.Serialization.Metadata.JsonPropertyInfo<System.Collections.Generic.List<CommonApiMessage.AggregatesModel.SubOrderMessage.SubOrderMessageAddressViewModel>>
7ffcf6e70de8       6      1,488 System.Text.Json.Serialization.Metadata.JsonPropertyInfo<System.Nullable<System.Int64>>
7ffcf6eb5bd0       6      1,488 System.Text.Json.Serialization.Metadata.JsonPropertyInfo<System.Collections.Generic.List<CommonApiMessage.AggregatesModel.SubOrderMessage.SubOrderMessageItemTaxViewModel>>
7ffcf6ee2d78       6      1,488 System.Text.Json.Serialization.Metadata.JsonPropertyInfo<System.Collections.Generic.List<CommonApiMessage.AggregatesModel.OrderMessage.OrderMessageItemTaxViewModel>>
7ffcf6ef8820       6      1,488 System.Text.Json.Serialization.Metadata.JsonPropertyInfo<CommonApiMessage.AggregatesModel.SubOrderMessage.SubOrderMessageFeeAmountDtlViewModel>
7ffcf6efbe88       6      1,488 System.Text.Json.Serialization.Metadata.JsonPropertyInfo<System.Collections.Generic.ICollection<CommonApiMessage.AggregatesModel.SubOrderMessage.SubOrderMessageFeeTaxViewModel>>
7ffcf62e2680      31      1,488 System.Collections.Concurrent.ConcurrentDictionary<System.Object, Microsoft.Extensions.Caching.Memory.CacheEntry>+Node
7ffcf4b4e088       2      1,496 Microsoft.AspNetCore.Mvc.ApiExplorer.ApiDescription[]
7ffcf39a2010       3      1,500 System.Collections.Generic.Dictionary<Serilog.Sinks.SystemConsole.Themes.ConsoleThemeStyle, Serilog.Sinks.SystemConsole.Themes.SystemConsoleThemeStyle>+Entry[]
7ffcf46af0f8      47      1,504 Order.Domain.AggregatesModel.SubOrder.SubOrderRepository+<>c__DisplayClass21_3
7ffcf5af8848      47      1,504 System.Collections.Generic.List<Order.Infrastructure.Entities.SubOrderModels.SubOrderItemFulFillmentModel>
7ffcf46af208      47      1,504 Order.Domain.AggregatesModel.SubOrder.SubOrderRepository+<>c__DisplayClass21_4
7ffcf46b0898      38      1,520 Order.Domain.AggregatesModel.SubOrder.SubOrderRepository+<>c__DisplayClass50_0
7ffcf4b67e48      38      1,520 Microsoft.AspNetCore.Mvc.ApiExplorer.ApiParameterRouteInfo
7ffcf3355250      64      1,536 System.Double
7ffcf6944b00      24      1,536 System.Func<System.Func<Microsoft.EntityFrameworkCore.Query.QueryContext, System.Collections.Generic.IEnumerable<Order.Infrastructure.Entities.OrderReference.OrderReferenceModel>>>
7ffcf6a38400      24      1,536 System.Action<Order.Infrastructure.Entities.SubOrderModels.SubOrderItemModel, Order.Infrastructure.Entities.SubOrderModels.SubOrderItemAmountModel>
7ffcf6a3b948      24      1,536 System.Action<Order.Infrastructure.Entities.SubOrderModels.SubOrderItemModel, Order.Infrastructure.Entities.SubOrderModels.SubOrderItemFulFillmentModel>
7ffcf6a3be28      24      1,536 System.Action<Order.Infrastructure.Entities.SubOrderModels.SubOrderItemModel, Order.Infrastructure.Entities.SubOrderModels.SubOrderItemPromotionModel>
7ffcf6a39208      24      1,536 System.Func<Microsoft.EntityFrameworkCore.Query.QueryContext, System.Data.Common.DbDataReader, Microsoft.EntityFrameworkCore.Query.Internal.ResultContext, Microsoft.EntityFrameworkCore.Query.Internal.SplitQueryResultCoordinator, Order.Infrastructure.Entities.SubOrderModels.SubOrderItemDeliveryWindowModel>
7ffcf6a3b468      24      1,536 System.Action<Order.Infrastructure.Entities.SubOrderModels.SubOrderItemFulFillmentModel, Order.Infrastructure.Entities.SubOrderModels.SubOrderItemDeliveryWindowModel>
7ffcf36ff180      48      1,536 System.Buffers.SharedArrayPoolPartitions+Partition
7ffcf45dcf68      32      1,536 Microsoft.Extensions.Logging.LoggerMessage+<>c__DisplayClass8_0
7ffcf5879fd8      48      1,536 System.Linq.Expressions.Expression1<System.Func<Order.Business.Model.Request.Order.OrderFeeViewModel, System.String>>
7ffcf4297310      64      1,536 System.Linq.Expressions.PrimitiveParameterExpression<System.DateTime>
7ffcf64ad3a0      16      1,536 System.Collections.Generic.Dictionary<System.Char, Microsoft.EntityFrameworkCore.Query.SqlAliasManager+MutableInt>+Entry[]
7ffcf4b64898      28      1,536 Microsoft.AspNetCore.Mvc.ApiExplorer.ApiResponseType[]
7ffcf4e7d690      24      1,536 System.Net.Http.Headers.GenericHeaderParser+GetParsedValueLengthDelegate
7ffcf5369200       1      1,544 Microsoft.EntityFrameworkCore.SqlServer.Diagnostics.Internal.SqlServerLoggingDefinitions
7ffcf6d1c210      39      1,560 Microsoft.EntityFrameworkCore.Query.Internal.QueryCompiler+<>c__DisplayClass11_0<System.Boolean>
7ffcf3581208       1      1,560 System.Collections.Concurrent.ConcurrentQueueSegment<System.Threading.PortableThreadPool+IOCompletionPoller+Event>+Slot[]
7ffcf34fe630      28      1,568 System.Runtime.CompilerServices.ConditionalWeakTable<System.Buffers.SharedArrayPoolThreadLocalArray[], System.Object>+Container
7ffcf45cc618      28      1,568 System.Collections.Concurrent.ConcurrentDictionary<Serilog.Extensions.Logging.EventIdPropertyCache+EventKey, Serilog.Events.LogEventPropertyValue>+Node
7ffcf470e4a8      49      1,568 System.Collections.Generic.List<Microsoft.AspNetCore.Mvc.ModelBinding.ModelMetadata>
7ffcf6f0e520      22      1,584 Microsoft.AspNetCore.Mvc.Formatters.OutputFormatterWriteContext
7ffcf6de0388      22      1,584 System.Linq.Enumerable+ListWhereIterator<CommonApiMessage.AggregatesModel.SubOrderMessage.SubOrderMessageViewModel>
7ffcf6de2258      22      1,584 System.Linq.Enumerable+GroupByIterator<CommonApiMessage.AggregatesModel.SubOrderMessage.SubOrderMessageViewModel, <>f__AnonymousType14<System.String>>
7ffcf5af4e20      66      1,584 <>f__AnonymousType14<System.String>
7ffcf69724f0      33      1,584 Microsoft.EntityFrameworkCore.Metadata.Internal.PropertyCounts
7ffcf5b205b0      49      1,584 Microsoft.EntityFrameworkCore.Storage.RelationalTypeMapping[]
7ffcf6a3c270      25      1,600 System.Func<Microsoft.EntityFrameworkCore.Query.QueryContext, System.Data.Common.DbDataReader, Microsoft.EntityFrameworkCore.Query.Internal.ResultContext, Microsoft.EntityFrameworkCore.Query.Internal.SplitQueryResultCoordinator, Order.Infrastructure.Entities.SubOrderModels.SubOrderItemPromotionsModel>
7ffcf6a3e610      25      1,600 System.Action<Order.Infrastructure.Entities.SubOrderModels.SubOrderItemModel, Order.Infrastructure.Entities.SubOrderModels.SubOrderItemPromotionsModel>
7ffcf63173d0      25      1,600 System.Func<System.Linq.IQueryable<Order.Infrastructure.Entities.SubOrderModels.SubOrderModel>, System.Linq.Expressions.Expression<System.Func<Order.Infrastructure.Entities.SubOrderModels.SubOrderModel, System.Boolean>>, System.Linq.IQueryable<Order.Infrastructure.Entities.SubOrderModels.SubOrderModel>>
7ffcf3408af0      25      1,600 System.Func<System.Diagnostics.Tracing.EventSource>
7ffcf3414a68      25      1,600 System.Diagnostics.Tracing.EventPipeEventProvider
7ffcf5612628      25      1,600 System.Func<Microsoft.EntityFrameworkCore.Diagnostics.IDiagnosticsLogger, Microsoft.EntityFrameworkCore.Diagnostics.EventDefinitionBase>
7ffcf43ca5a0       5      1,600 System.Collections.Concurrent.ConcurrentDictionary<System.String, System.String>+VolatileNode[]
7ffcf4845708       4      1,600 System.Net.Sockets.Socket+AwaitableSocketAsyncEventArgs
7ffcf58e5d98      25      1,600 System.Action<AutoMapper.IMemberConfigurationExpression<Order.Business.Mediator.Commands.OrderFront.UpdateOrderAddressViewModel, Order.Infrastructure.Entities.OrderModels.OrderAddressModel, System.String>>
7ffcf58e9f10      25      1,600 System.Action<AutoMapper.IMemberConfigurationExpression<Order.Business.Mediator.Commands.OrderFront.UpdateOrderAddressViewModel, Order.Business.Mediator.Commands.OrderFront.SubOrderAddressViewModel, System.String>>
7ffcf58ff4a8      25      1,600 System.Action<AutoMapper.IMemberConfigurationExpression<Order.Business.Mediator.Commands.OrderFront.SubOrderAddressViewModel, Order.Infrastructure.Entities.SubOrderModels.SubOrderAddressModel, System.String>>
7ffcf5816968      25      1,600 System.Action<AutoMapper.IMemberConfigurationExpression<Order.Infrastructure.Entities.SubOrderModels.SubOrderItemModel, CommonApiMessage.AggregatesModel.SubOrderMessage.SubOrderMessageItemViewModel, System.String>>
7ffcf42b4908      67      1,608 System.Linq.Expressions.BlockN
7ffcf48b4050       3      1,608 Internal.PaddedReference[]
7ffcf35a8618       3      1,632 System.Threading.ThreadPoolWorkQueue+WorkStealingQueue[]
7ffcf6540c68      34      1,632 Microsoft.EntityFrameworkCore.Query.Internal.SplitQueryResultCoordinator
7ffcf44a9a68       4      1,632 System.Collections.Generic.Dictionary<System.Type, System.Object>+Entry[]
7ffcf58005f0      51      1,632 System.Linq.Expressions.Expression1<System.Func<Order.Infrastructure.Entities.OrderModels.OrderItemModel, System.String>>
7ffcf6d4ec48      30      1,648 Order.Infrastructure.Entities.Package.PackageTbModel[]
7ffcf6df73c8      26      1,664 System.Func<Microsoft.EntityFrameworkCore.Query.QueryContext, System.Data.Common.DbDataReader, Microsoft.EntityFrameworkCore.Query.Internal.ResultContext, Microsoft.EntityFrameworkCore.Query.Internal.SingleQueryResultCoordinator, Order.Infrastructure.Entities.OrderModels.OrderCustomerModel>
7ffcf6df9c40      26      1,664 System.Action<Order.Infrastructure.Entities.OrderModels.OrderModel, Order.Infrastructure.Entities.OrderModels.OrderCustomerModel>
7ffcf6a4a838      26      1,664 System.Func<Microsoft.EntityFrameworkCore.Query.QueryContext, System.Data.Common.DbDataReader, Microsoft.EntityFrameworkCore.Query.Internal.ResultContext, Microsoft.EntityFrameworkCore.Query.Internal.SplitQueryResultCoordinator, Order.Infrastructure.Entities.SubOrderModels.SubOrderRemarkModel>
7ffcf6a4cb48      26      1,664 System.Action<Order.Infrastructure.Entities.SubOrderModels.SubOrderModel, Order.Infrastructure.Entities.SubOrderModels.SubOrderRemarkModel>
7ffcf39a0018      52      1,664 System.Collections.Generic.List<System.Reflection.PropertyInfo>
7ffcf4ab3388      19      1,672 System.Reflection.ConstructorInvoker
7ffcf6884be8       3      1,672 Microsoft.Data.ProviderBase.DbConnectionInternal[]
7ffcf5af7af8      21      1,680 System.Collections.Generic.Dictionary<System.ValueTuple<System.String, System.String>, Order.Infrastructure.Entities.OrderReference.OrderReferenceModel>
7ffcf3893c38      70      1,680 Microsoft.AspNetCore.Http.HostString
7ffcf4162188      15      1,680 Order.Infrastructure.Entities.OrderModels.OrderPaymentModel
7ffcf37a0c78      30      1,680 System.Collections.Generic.Dictionary<System.String, System.String>+Enumerator
7ffcf4916810       6      1,680 RabbitMQ.Client.Impl.Work[]
7ffcf68be280      71      1,704 Microsoft.Data.SqlClient.SqlLoginAck
7ffcf5a59e30      71      1,704 Microsoft.AspNetCore.Mvc.ModelBinding.CompositeValueProvider
7ffcf4e6d4e0      71      1,704 Microsoft.AspNetCore.Http.QueryString
7ffcf4e73bc0      31      1,704 Microsoft.Net.Http.Headers.MediaTypeHeaderValue[]
7ffcf6bf1298      71      1,704 Microsoft.EntityFrameworkCore.Storage.RelationalCommandBuilderExtensions+Indenter
7ffcf6892e88      72      1,728 Microsoft.Data.SqlClient.LastIOTimer
7ffcf68b8e28      72      1,728 Microsoft.Data.SqlClient.SqlCollation
7ffcf6887508      72      1,728 Microsoft.Data.SqlClient.SqlInternalConnectionTds+SyncAsyncLock
7ffcf3362568      72      1,728 System.WeakReference
7ffcf6e93990      27      1,728 System.Func<System.Object, System.Nullable<System.Decimal>>
7ffcf6e93840      27      1,728 System.Action<System.Object, System.Nullable<System.Decimal>>
7ffcf5af7060      54      1,728 System.Collections.Generic.List<<>f__AnonymousType12<System.String, System.String, System.String, System.String, System.String, System.String>>
7ffcf5af75f0      54      1,728 System.Collections.Generic.List<Order.Infrastructure.Entities.SubOrderModels.SubOrderModel>
7ffcf6a48170      27      1,728 System.Func<Microsoft.EntityFrameworkCore.Query.QueryContext, System.Data.Common.DbDataReader, Microsoft.EntityFrameworkCore.Query.Internal.ResultContext, Microsoft.EntityFrameworkCore.Query.Internal.SplitQueryResultCoordinator, Order.Infrastructure.Entities.SubOrderModels.SubOrderItemModel>
7ffcf6a4a3f0      27      1,728 System.Action<Order.Infrastructure.Entities.SubOrderModels.SubOrderModel, Order.Infrastructure.Entities.SubOrderModels.SubOrderItemModel>
7ffcf6debe68      27      1,728 System.Func<System.Linq.IQueryable<Order.Infrastructure.Entities.OrderModels.OrderModel>, System.Linq.Expressions.Expression<System.Func<Order.Infrastructure.Entities.OrderModels.OrderModel, System.Boolean>>, System.Linq.IQueryable<Order.Infrastructure.Entities.OrderModels.OrderModel>>
7ffcf6debf48      27      1,728 System.Func<System.Linq.IQueryable<Order.Infrastructure.Entities.OrderModels.OrderModel>, Order.Infrastructure.Entities.OrderModels.OrderModel>
7ffcf6dec938      27      1,728 System.Func<System.Func<Microsoft.EntityFrameworkCore.Query.QueryContext, Order.Infrastructure.Entities.OrderModels.OrderModel>>
7ffcf6333b50      27      1,728 System.Func<System.Linq.Expressions.Expression>
7ffcf6d4f3b0      27      1,728 System.Func<System.Func<Microsoft.EntityFrameworkCore.Query.QueryContext, System.Collections.Generic.IEnumerable<Order.Infrastructure.Entities.Package.PackageTbModel>>>
7ffcf6a19e88      27      1,728 System.Func<Microsoft.EntityFrameworkCore.Query.QueryContext, System.Data.Common.DbDataReader, Microsoft.EntityFrameworkCore.Query.Internal.ResultContext, Microsoft.EntityFrameworkCore.Query.Internal.SplitQueryResultCoordinator, Order.Infrastructure.Entities.SubOrderModels.SubOrderAddressModel>
7ffcf6a34710      27      1,728 System.Action<Order.Infrastructure.Entities.SubOrderModels.SubOrderModel, Order.Infrastructure.Entities.SubOrderModels.SubOrderAddressModel>
7ffcf6a4d470      27      1,728 System.Func<Microsoft.EntityFrameworkCore.Query.QueryContext, System.Data.Common.DbDataReader, Microsoft.EntityFrameworkCore.Query.Internal.ResultContext, Microsoft.EntityFrameworkCore.Query.Internal.SplitQueryResultCoordinator, Order.Infrastructure.Entities.SubOrderModels.SubOrderPromotionModel>
7ffcf6a4f780      27      1,728 System.Action<Order.Infrastructure.Entities.SubOrderModels.SubOrderModel, Order.Infrastructure.Entities.SubOrderModels.SubOrderPromotionModel>
7ffcf6ac6c08      27      1,728 System.Func<Microsoft.EntityFrameworkCore.Query.QueryContext, System.Data.Common.DbDataReader, Microsoft.EntityFrameworkCore.Query.Internal.ResultContext, Microsoft.EntityFrameworkCore.Query.Internal.SplitQueryResultCoordinator, Order.Infrastructure.Entities.SubOrderModels.SubOrderFeeModel>
7ffcf6ac8f18      27      1,728 System.Action<Order.Infrastructure.Entities.SubOrderModels.SubOrderModel, Order.Infrastructure.Entities.SubOrderModels.SubOrderFeeModel>
7ffcf3f00da0       4      1,728 System.Collections.Generic.Dictionary<System.Type, System.String>+Entry[]
7ffcf3f82368      24      1,728 EventBus.RabbitMQ.RabbitMQQueueSetting
7ffcf58581d0      27      1,728 System.Action<AutoMapper.IMemberConfigurationExpression<Order.Business.Mediator.Commands.OrderFront.OrderAddressFrontManualViewModel, Order.Infrastructure.Entities.SubOrderModels.SubOrderAddressModel, System.String>>
7ffcf47b5890       9      1,728 System.Collections.Generic.Dictionary<System.String, System.Boolean>+Entry[]
7ffcf6545728      36      1,728 Microsoft.EntityFrameworkCore.Query.Internal.RelationalCommandCache
7ffcf4b6d138      54      1,728 System.Collections.Generic.List<Microsoft.AspNetCore.Mvc.ApiExplorer.ApiResponseFormat>
7ffcf4b6d0b8      54      1,728 Microsoft.AspNetCore.Mvc.ApiExplorer.ApiResponseFormat
7ffcf5850ec8      27      1,728 System.Action<AutoMapper.IMemberConfigurationExpression<Order.Business.Mediator.Commands.OrderFront.OrderAddressFrontManualViewModel, Order.Infrastructure.Entities.OrderModels.OrderAddressModel, System.String>>
7ffcf5ba6198       1      1,728 System.Collections.Generic.Dictionary<System.String, Microsoft.Data.SqlClient.SqlConnectionStringBuilder+Keywords>+Entry[]
7ffcf81fd250      27      1,728 System.Func<System.Double>
7ffcf5912b58      55      1,760 System.Linq.Expressions.Expression1<System.Func<Order.Infrastructure.Entities.SubOrderModels.SubOrderModel, System.Collections.Generic.ICollection<Order.Infrastructure.Entities.SubOrderModels.SubOrderAddressModel>>>
7ffcf588cbd8      55      1,760 System.Linq.Expressions.Expression1<System.Func<Order.Infrastructure.Entities.SubOrderModels.SubOrderItemModel, Order.Infrastructure.Entities.SubOrderModels.SubOrderItemFulFillmentModel>>
7ffcf69b6a18      55      1,760 System.Linq.Expressions.Expression1<System.Func<Order.Infrastructure.Entities.SubOrderModels.SubOrderItemFulFillmentModel, System.Collections.Generic.List<Order.Infrastructure.Entities.SubOrderModels.SubOrderItemDeliveryWindowModel>>>
7ffcf588ddd0      55      1,760 System.Linq.Expressions.Expression1<System.Func<Order.Infrastructure.Entities.SubOrderModels.SubOrderItemModel, Order.Infrastructure.Entities.SubOrderModels.SubOrderItemPromotionModel>>
7ffcf69b7070      55      1,760 System.Linq.Expressions.Expression1<System.Func<Order.Infrastructure.Entities.SubOrderModels.SubOrderItemModel, System.Collections.Generic.ICollection<Order.Infrastructure.Entities.SubOrderModels.SubOrderItemPromotionsModel>>>
7ffcf588ecd0      55      1,760 System.Linq.Expressions.Expression1<System.Func<Order.Infrastructure.Entities.SubOrderModels.SubOrderItemModel, System.Collections.Generic.ICollection<Order.Infrastructure.Entities.SubOrderModels.SubOrderItemPayModel>>>
7ffcf69b76c8      55      1,760 System.Linq.Expressions.Expression1<System.Func<Order.Infrastructure.Entities.SubOrderModels.SubOrderItemPayModel, System.Collections.Generic.ICollection<Order.Infrastructure.Entities.SubOrderModels.SubOrderItemTaxModel>>>
7ffcf588f450      55      1,760 System.Linq.Expressions.Expression1<System.Func<Order.Infrastructure.Entities.SubOrderModels.SubOrderItemModel, System.Collections.Generic.ICollection<Order.Infrastructure.Entities.SubOrderModels.SubOrderItemRemarkModel>>>
7ffcf69b7dc0      55      1,760 System.Linq.Expressions.Expression1<System.Func<Order.Infrastructure.Entities.SubOrderModels.SubOrderModel, System.Collections.Generic.ICollection<Order.Infrastructure.Entities.SubOrderModels.SubOrderRemarkModel>>>
7ffcf69b82e8      55      1,760 System.Linq.Expressions.Expression1<System.Func<Order.Infrastructure.Entities.SubOrderModels.SubOrderModel, System.Collections.Generic.ICollection<Order.Infrastructure.Entities.SubOrderModels.SubOrderPromotionModel>>>
7ffcf69b8810      55      1,760 System.Linq.Expressions.Expression1<System.Func<Order.Infrastructure.Entities.SubOrderModels.SubOrderPromotionModel, Order.Infrastructure.Entities.SubOrderModels.SubOrderPromotionAmountModel>>
7ffcf588a020      55      1,760 System.Linq.Expressions.Expression1<System.Func<Order.Infrastructure.Entities.SubOrderModels.SubOrderFeeModel, System.Collections.Generic.ICollection<Order.Infrastructure.Entities.SubOrderModels.SubOrderFeePaymentModel>>>
7ffcf69b9d78      55      1,760 System.Linq.Expressions.Expression1<System.Func<Order.Infrastructure.Entities.SubOrderModels.SubOrderFeePaymentModel, System.Collections.Generic.ICollection<Order.Infrastructure.Entities.SubOrderModels.SubOrderFeeTaxModel>>>
7ffcf6de2f50      22      1,760 System.Linq.Grouping<<>f__AnonymousType14<System.String>, CommonApiMessage.AggregatesModel.SubOrderMessage.SubOrderMessageViewModel>[]
7ffcf55f8b40      20      1,760 Microsoft.Extensions.DependencyInjection.ServiceLookup.FactoryCallSite
7ffcf61f6f98      22      1,760 System.Collections.Generic.Dictionary<System.Type, System.Reflection.MethodInfo>
7ffcf6e014c0      14      1,792 Microsoft.EntityFrameworkCore.Query.Internal.SingleQueryingEnumerable<Order.Infrastructure.Entities.OrderModels.OrderModel>+Enumerator
7ffcf45dcdc0      28      1,792 System.Action<Microsoft.Extensions.Logging.ILogger, System.String, System.Exception>
7ffcf61f34f0      56      1,792 System.Linq.Expressions.Expression1<System.Func<System.Nullable<System.Decimal>, System.Int32>>
7ffcf61f3768      56      1,792 System.Linq.Expressions.Expression1<System.Func<System.Nullable<System.Decimal>, System.Nullable<System.Decimal>>>
7ffcf430b030      16      1,792 Microsoft.AspNetCore.PinnedBlockMemoryPool
7ffcf57c5778      28      1,792 System.Action<AutoMapper.IMemberConfigurationExpression<Order.Infrastructure.Entities.OrderModels.OrderAddressModel, Order.Business.Model.Response.orderAddress, System.String>>
7ffcf5b22b90       7      1,792 Microsoft.EntityFrameworkCore.SqlServer.Storage.Internal.SqlServerByteArrayTypeMapping
7ffcf61f38e0      56      1,792 Microsoft.EntityFrameworkCore.ChangeTracking.EntryCurrentValueComparer<System.Nullable<System.Int32>>
7ffcf443d6c0      45      1,800 Autofac.Core.Activators.Reflection.BoundConstructor[]
7ffcf5886fb0      75      1,800 AutoMapper.Configuration.MemberConfigurationExpression<Order.Business.Mediator.Commands.OrderFront.OrderAddressFrontManualViewModel, Order.Infrastructure.Entities.SubOrderModels.SubOrderAddressModel, System.String>+<>c__DisplayClass24_0
7ffcf58f0d38      75      1,800 AutoMapper.Configuration.MemberConfigurationExpression<Order.Business.Mediator.Commands.OrderFront.UpdateOrderAddressViewModel, Order.Infrastructure.Entities.OrderModels.OrderAddressModel, System.String>+<>c__DisplayClass24_0
7ffcf58f9498      75      1,800 AutoMapper.Configuration.MemberConfigurationExpression<Order.Business.Mediator.Commands.OrderFront.UpdateOrderAddressViewModel, Order.Business.Mediator.Commands.OrderFront.SubOrderAddressViewModel, System.String>+<>c__DisplayClass24_0
7ffcf5914098      75      1,800 AutoMapper.Configuration.MemberConfigurationExpression<Order.Business.Mediator.Commands.OrderFront.SubOrderAddressViewModel, Order.Infrastructure.Entities.SubOrderModels.SubOrderAddressModel, System.String>+<>c__DisplayClass24_0
7ffcf5821d10      75      1,800 AutoMapper.Configuration.MemberConfigurationExpression<Order.Infrastructure.Entities.SubOrderModels.SubOrderItemModel, CommonApiMessage.AggregatesModel.SubOrderMessage.SubOrderMessageItemViewModel, System.String>+<>c__DisplayClass24_0
7ffcf5873000      75      1,800 AutoMapper.Configuration.MemberConfigurationExpression<Order.Business.Mediator.Commands.OrderFront.OrderAddressFrontManualViewModel, Order.Infrastructure.Entities.OrderModels.OrderAddressModel, System.String>+<>c__DisplayClass24_0
7ffcf4f6c1e8       9      1,816 System.Net.Sockets.WSABuffer[]
7ffcf6317620      76      1,824 System.Runtime.CompilerServices.TrueReadOnlyCollection<System.Reflection.MemberInfo>
7ffcf67dd6d8      77      1,848 System.WeakReference<System.Data.Common.DbConnection>
7ffcf5aa6850      77      1,848 Order.Business.Validations.ValidationBehavior<Order.Business.Mediator.Commands.Order.GetSubOrderCommand, CommonApiMessage.AggregatesModel.SubOrderMessage.SubOrderMessageViewModel>
7ffcf5ad3f00      77      1,848 Order.Business.Validations.ValidationBehavior<Order.Business.Mediator.Commands.Order.GetSubOrderCommand, CommonApiMessage.AggregatesModel.SubOrderMessage.SubOrderMessageViewModel>+<>c__DisplayClass2_0
7ffcf5ac6750      77      1,848 FluentValidation.Internal.MessageFormatter
7ffcf38941a0      77      1,848 Microsoft.AspNetCore.Http.PathString
7ffcf5822928      58      1,856 System.Linq.Expressions.Expression1<System.Func<Order.Infrastructure.Entities.SubOrderModels.SubOrderItemModel, System.Collections.Generic.ICollection<Order.Infrastructure.Entities.SubOrderModels.SubOrderItemBarcodeModel>>>
7ffcf6d51f00      29      1,856 System.Func<Microsoft.EntityFrameworkCore.Query.QueryContext, System.Data.Common.DbDataReader, Microsoft.EntityFrameworkCore.Query.Internal.ResultContext, Microsoft.EntityFrameworkCore.Query.Internal.SingleQueryResultCoordinator, Order.Infrastructure.Entities.Package.PackageTbModel>
7ffcf6d54ee8      29      1,856 System.Func<Microsoft.EntityFrameworkCore.DbContext, Microsoft.EntityFrameworkCore.Query.Internal.SingleQueryingEnumerable<Order.Infrastructure.Entities.Package.PackageTbModel>+Enumerator, Microsoft.EntityFrameworkCore.Storage.ExecutionResult<System.Boolean>>
7ffcf6debd90      58      1,856 System.Linq.Expressions.Expression1<System.Func<Order.Infrastructure.Entities.OrderModels.OrderModel, System.Boolean>>
7ffcf5875f30      58      1,856 System.Linq.Expressions.MemberInitExpression
7ffcf47bc178      29      1,856 System.EventHandler<RabbitMQ.Client.ShutdownEventArgs>
7ffcf4354920      78      1,872 Microsoft.AspNetCore.Mvc.Formatters.FormatterCollection<Microsoft.AspNetCore.Mvc.Formatters.IOutputFormatter>
7ffcf415fa50      18      1,872 Order.Infrastructure.Entities.OrderModels.OrderCustomerModel
7ffcf58cfa70      34      1,872 System.Action<AutoMapper.PathMap>[]
7ffcf6c34550      47      1,880 System.Collections.Generic.HashSet<Order.Infrastructure.Entities.SubOrderModels.SubOrderAddressModel>+Enumerator
7ffcf6c347b0      47      1,880 System.Collections.Generic.HashSet<Order.Infrastructure.Entities.SubOrderModels.SubOrderItemModel>+Enumerator
7ffcf6c35678      47      1,880 System.Collections.Generic.HashSet<Order.Infrastructure.Entities.SubOrderModels.SubOrderItemPayModel>+Enumerator
7ffcf356e328      59      1,888 System.Version
7ffcf3c51610      79      1,896 System.Runtime.CompilerServices.IsReadOnlyAttribute
7ffcf6317d40      60      1,920 Microsoft.EntityFrameworkCore.Query.Internal.EntityQueryable<<>f__AnonymousType11<System.String, System.String>>
7ffcf5af61b8      60      1,920 System.Collections.Generic.List<<>f__AnonymousType11<System.String, System.String>>
7ffcf6e6abd8      80      1,920 System.Text.Json.Serialization.Metadata.JsonPropertyInfo<System.Decimal>+<>c__DisplayClass9_0
7ffcf6e6b368      80      1,920 System.Text.Json.Serialization.Metadata.JsonPropertyInfo<System.Decimal>+<>c__DisplayClass10_0
7ffcf52f8d68      30      1,920 System.Func<Microsoft.EntityFrameworkCore.SqlServer.Infrastructure.Internal.SqlServerOptionsExtension, Microsoft.EntityFrameworkCore.SqlServer.Infrastructure.Internal.SqlServerOptionsExtension>
7ffcf6571358      15      1,920 Microsoft.EntityFrameworkCore.Query.Internal.SingleQueryingEnumerable<<>f__AnonymousType11<System.String, System.String>>+Enumerator
7ffcf3683060      40      1,920 Microsoft.Extensions.Primitives.ChangeToken+ChangeTokenRegistration<System.Action>
7ffcf62d1808      60      1,920 System.Collections.Generic.List<Microsoft.EntityFrameworkCore.Metadata.RuntimeIndex>
7ffcf62d2700      60      1,920 Microsoft.EntityFrameworkCore.Metadata.RuntimeIndex[]
7ffcf5887ab0      30      1,920 AutoMapper.Configuration.MemberConfigurationExpression<Order.Business.Model.Request.Order.OrderFeeViewModel, Order.Infrastructure.Entities.SubOrderModels.SubOrderFeeModel, System.String>
7ffcf5878b58      30      1,920 AutoMapper.Configuration.MemberConfigurationExpression<Order.Business.Model.Request.Order.OrderFeeViewModel, Order.Infrastructure.Entities.OrderModels.OrderFeeModel, System.String>
7ffcf43c8698       2      1,920 System.Collections.Concurrent.ConcurrentDictionary<System.Object, Microsoft.Extensions.Caching.Memory.CacheEntry>+VolatileNode[]
7ffcf5ca1208      60      1,920 Microsoft.EntityFrameworkCore.Metadata.Internal.InternalForeignKeyBuilder
7ffcf5cb1c58      60      1,920 System.Collections.Generic.List<Microsoft.EntityFrameworkCore.Metadata.Internal.ForeignKey>
7ffcf5d5fe28      60      1,920 Microsoft.EntityFrameworkCore.Metadata.Internal.InternalIndexBuilder
7ffcf5d67e28      60      1,920 System.Collections.Generic.List<Microsoft.EntityFrameworkCore.Metadata.Internal.Index>
7ffcf61f0cc8      22      1,936 Microsoft.EntityFrameworkCore.ChangeTracking.Internal.NullableValueComparer<System.Int64>
7ffcf6333ac0      27      1,944 Microsoft.EntityFrameworkCore.Query.Internal.ExpressionTreeFuncletizer+<>c__DisplayClass48_0
7ffcf6d523d8      27      1,944 Microsoft.EntityFrameworkCore.Query.Internal.SingleQueryingEnumerable<Order.Infrastructure.Entities.Package.PackageTbModel>
7ffcf6317aa8      61      1,952 System.Linq.Expressions.Expression1<System.Func<Order.Infrastructure.Entities.SubOrderModels.SubOrderModel, <>f__AnonymousType11<System.String, System.String>>>
7ffcf3b07f90      61      1,952 System.Diagnostics.DiagLinkedList<System.Diagnostics.Metrics.ListenerSubscription>
7ffcf521b318      32      1,968 Microsoft.AspNetCore.Mvc.ActionConstraints.ActionSelectorCandidate[]
7ffcf4580f10      41      1,968 Microsoft.Net.Http.Headers.MediaTypeHeaderValue
7ffcf422c0d0      82      1,968 Autofac.Extensions.DependencyInjection.AutofacRegistration+<>c__DisplayClass5_0
7ffcf472d230      82      1,968 Microsoft.AspNetCore.Mvc.FromBodyAttribute
7ffcf4a7bd50       2      1,968 System.Xml.XmlWellFormedWriter+State[]
7ffcf5cba2b8      62      1,968 Microsoft.EntityFrameworkCore.Metadata.Internal.ForeignKey[]
7ffcf5d686a8      62      1,968 Microsoft.EntityFrameworkCore.Metadata.Internal.Index[]
7ffcf6eb4180       8      1,984 System.Text.Json.Serialization.Metadata.JsonPropertyInfo<CommonApiMessage.AggregatesModel.SubOrderMessage.SubOrderMessageItemAmountDetailViewModel>
7ffcf6edf688       8      1,984 System.Text.Json.Serialization.Metadata.JsonPropertyInfo<CommonApiMessage.AggregatesModel.OrderMessage.OrderMessageItemAmountDetailViewModel>
7ffcf6d3e918      63      2,016 System.Linq.Expressions.Expression1<System.Func<Order.Infrastructure.Entities.Package.PackageTbModel, System.Nullable<System.DateTime>>>
7ffcf6d9e680      28      2,016 System.Linq.Enumerable+ListSelectIterator<Order.Infrastructure.Entities.Package.PackageTbModel, CommonApiMessage.AggregatesModel.Package.PackageTbMessage>
7ffcf57dc258      84      2,016 AutoMapper.Configuration.MemberConfigurationExpression<Order.Infrastructure.Entities.OrderModels.OrderAddressModel, Order.Business.Model.Response.orderAddress, System.String>+<>c__DisplayClass24_0
7ffcf64a4798      36      2,016 Microsoft.EntityFrameworkCore.Query.SqlExpressions.InnerJoinExpression
7ffcf6e284e8      15      2,040 Microsoft.EntityFrameworkCore.Query.Internal.SplitQueryingEnumerable<Order.Infrastructure.Entities.OrderModels.OrderModel>+Enumerator
7ffcf3c50e98      32      2,048 System.Func<System.Type, System.ComponentModel.TypeConverter>
7ffcf45dcff8      32      2,048 System.Action<Microsoft.Extensions.Logging.ILogger, System.Exception>
7ffcf42976b8      86      2,064 System.Linq.Expressions.PrimitiveParameterExpression<System.Int32>
7ffcf4fa8d10       1      2,072 System.UInt16[][]
7ffcf3b05a60      32      2,080 System.Diagnostics.Metrics.Instrument[]
7ffcf6e024b8      33      2,112 System.Collections.Generic.HashSet<Order.Infrastructure.Entities.OrderModels.OrderRemarkModel>
7ffcf6df7fd8      33      2,112 System.Collections.Generic.HashSet<Order.Infrastructure.Entities.OrderModels.OrderCustomerModel>
7ffcf6e028b0      33      2,112 System.Collections.Generic.HashSet<Order.Infrastructure.Entities.OrderModels.OrderAddressModel>
7ffcf6e02c18      33      2,112 System.Collections.Generic.HashSet<Order.Infrastructure.Entities.OrderModels.OrderPaymentModel>
7ffcf6e02f80      33      2,112 System.Collections.Generic.HashSet<Order.Infrastructure.Entities.OrderModels.OrderItemModel>
7ffcf6e032e8      33      2,112 System.Collections.Generic.HashSet<Order.Infrastructure.Entities.OrderModels.OrderPromotionModel>
7ffcf6e036e0      33      2,112 System.Collections.Generic.HashSet<Order.Infrastructure.Entities.OrderModels.OrderFeeModel>
7ffcf58cf400      33      2,112 System.Action<AutoMapper.PathMap>
7ffcf36b6e08      38      2,128 System.Text.DecoderNLS
7ffcf68b0588      27      2,160 Microsoft.Data.SqlClient.SqlError
7ffcf5a67ca0      30      2,160 Microsoft.Extensions.Logging.LoggerMessage+LogValues<System.String, System.Type, System.String>+<GetEnumerator>d__11
7ffcf3498540      27      2,160 System.Buffers.AsciiCharSearchValues<System.Buffers.IndexOfAnyAsciiSearcher+Default, System.Buffers.SearchValues+FalseConst>
7ffcf5b54540       1      2,160 System.Collections.Generic.Dictionary<System.String, Microsoft.EntityFrameworkCore.Storage.RelationalTypeMapping[]>+Entry[]
7ffcf5d00f78       1      2,160 System.Collections.Generic.Dictionary<System.Type, System.Collections.Generic.SortedSet<System.Type>>+Entry[]
7ffcf470d728       1      2,160 System.Collections.Generic.Dictionary<System.Reflection.MemberInfo, System.Reflection.NullabilityState>+Entry[]
7ffcf6e43410      17      2,176 Microsoft.EntityFrameworkCore.Query.Internal.SingleQueryingEnumerable<Order.Infrastructure.Entities.OrderModels.OrderPromotionModel>+Enumerator
7ffcf6d3f2b0      55      2,200 Microsoft.EntityFrameworkCore.Query.Internal.QueryCompiler+<>c__DisplayClass11_0<System.Nullable<System.DateTime>>
7ffcf340b750      25      2,200 System.Diagnostics.Tracing.EtwEventProvider
7ffcf46e7538      92      2,208 Utility.Package.Middlewares.SprintConnectMiddleWareService+<>c__DisplayClass5_0
7ffcf46e6670      92      2,208 Utility.Package.Middlewares.BodySignatureMiddleware+<>c__DisplayClass5_0
7ffcf46e70b0      92      2,208 Utility.Package.Middlewares.DecryptAndBindingMiddleware+<>c__DisplayClass5_0
7ffcf5285fe0      92      2,208 Microsoft.AspNetCore.Mvc.MvcCoreLoggerExtensions+ActionLogScope
7ffcf5accba8      92      2,208 FluentValidation.Internal.PropertyChain
7ffcf57b84f0      46      2,208 AutoMapper.Configuration.Conventions.MemberConfiguration
7ffcf4447e88      93      2,232 Serilog.Extensions.Logging.SerilogLoggerProvider+ScopeCollector
7ffcf45cd828      93      2,232 System.Threading.ThreadLocal<Serilog.Extensions.Logging.SerilogLoggerProvider+ScopeCollector>+FinalizationHelper
7ffcf3bb4650      93      2,232 Microsoft.AspNetCore.Http.MiddlewareFactory
7ffcf52f1780      93      2,232 Microsoft.EntityFrameworkCore.Infrastructure.Internal.DbContextOptionsConfiguration<Order.Infrastructure.OrderContext>
7ffcf5ac3fa8      93      2,232 FluentValidation.Internal.PropertyRule<Order.Business.Mediator.Commands.Order.GetSubOrderCommand, Order.Business.Mediator.Commands.Order.GetSubOrderCommand>+<>c__DisplayClass1_0
7ffcf5acef40      93      2,232 FluentValidation.DefaultValidatorExtensions+<>c__DisplayClass67_0<Order.Business.Mediator.Commands.Order.GetSubOrderCommand, Order.Business.Mediator.Commands.Order.GetSubOrderCommand>
7ffcf5ad0430      93      2,232 FluentValidation.Validators.PredicateValidator<Order.Business.Mediator.Commands.Order.GetSubOrderCommand, Order.Business.Mediator.Commands.Order.GetSubOrderCommand>
7ffcf5b03d50      93      2,232 Microsoft.EntityFrameworkCore.Infrastructure.Internal.CurrentDbContext
7ffcf53441c8      93      2,232 Microsoft.EntityFrameworkCore.Diagnostics.Internal.NullDbContextLogger
7ffcf55d34e8      93      2,232 Microsoft.EntityFrameworkCore.Infrastructure.Internal.ConcurrencyDetector
7ffcf539eaa0      93      2,232 Microsoft.EntityFrameworkCore.Storage.Internal.NamedConnectionStringResolver
7ffcf5b5e398      93      2,232 System.Collections.Concurrent.ConcurrentStack<System.Transactions.Transaction>
7ffcf53873a0      93      2,232 Microsoft.EntityFrameworkCore.SqlServer.Query.Internal.SqlServerQueryStringFactory
7ffcf55e2b48      93      2,232 Microsoft.EntityFrameworkCore.Infrastructure.ModelDependencies
7ffcf53ba0a8      93      2,232 Microsoft.EntityFrameworkCore.Query.RelationalCompiledQueryCacheKeyGeneratorDependencies
7ffcf53bc208      93      2,232 Microsoft.EntityFrameworkCore.Query.RelationalQueryTranslationPreprocessorDependencies
7ffcf55e12a8      93      2,232 Microsoft.EntityFrameworkCore.Query.QueryableMethodTranslatingExpressionVisitorDependencies
7ffcf62e2ea8      93      2,232 Microsoft.EntityFrameworkCore.SqlServer.Query.Internal.SqlServerDateOnlyMemberTranslator
7ffcf62e3108      93      2,232 Microsoft.EntityFrameworkCore.SqlServer.Query.Internal.SqlServerStringMemberTranslator
7ffcf62e3240      93      2,232 Microsoft.EntityFrameworkCore.SqlServer.Query.Internal.SqlServerTimeSpanMemberTranslator
7ffcf62e3378      93      2,232 Microsoft.EntityFrameworkCore.SqlServer.Query.Internal.SqlServerTimeOnlyMemberTranslator
7ffcf62e7cd8      93      2,232 Microsoft.EntityFrameworkCore.Query.Internal.EqualsTranslator
7ffcf62e7e48      93      2,232 Microsoft.EntityFrameworkCore.Query.Internal.StringMethodTranslator
7ffcf62e7f78      93      2,232 Microsoft.EntityFrameworkCore.Query.Internal.CollateTranslator
7ffcf62e80f8      93      2,232 Microsoft.EntityFrameworkCore.Query.Internal.ContainsTranslator
7ffcf62e8248      93      2,232 Microsoft.EntityFrameworkCore.Query.Internal.LikeTranslator
7ffcf62e83d8      93      2,232 Microsoft.EntityFrameworkCore.Query.Internal.EnumMethodTranslator
7ffcf62e8510      93      2,232 Microsoft.EntityFrameworkCore.Query.Internal.GetValueOrDefaultTranslator
7ffcf62e8628      93      2,232 Microsoft.EntityFrameworkCore.Query.Internal.ComparisonTranslator
7ffcf62e8740      93      2,232 Microsoft.EntityFrameworkCore.Query.Internal.ByteArraySequenceEqualTranslator
7ffcf62e8880      93      2,232 Microsoft.EntityFrameworkCore.Query.Internal.RandomTranslator
7ffcf62e59e8      93      2,232 Microsoft.EntityFrameworkCore.SqlServer.Query.Internal.SqlServerByteArrayMethodTranslator
7ffcf62e5b48      93      2,232 Microsoft.EntityFrameworkCore.SqlServer.Query.Internal.SqlServerConvertTranslator
7ffcf62e5cb8      93      2,232 Microsoft.EntityFrameworkCore.SqlServer.Query.Internal.SqlServerDataLengthFunctionTranslator
7ffcf62e6480      93      2,232 Microsoft.EntityFrameworkCore.SqlServer.Query.Internal.SqlServerFullTextSearchFunctionsTranslator
7ffcf62e65e0      93      2,232 Microsoft.EntityFrameworkCore.SqlServer.Query.Internal.SqlServerIsDateFunctionTranslator
7ffcf62e6740      93      2,232 Microsoft.EntityFrameworkCore.SqlServer.Query.Internal.SqlServerIsNumericFunctionTranslator
7ffcf62e68c0      93      2,232 Microsoft.EntityFrameworkCore.SqlServer.Query.Internal.SqlServerMathTranslator
7ffcf62e6a20      93      2,232 Microsoft.EntityFrameworkCore.SqlServer.Query.Internal.SqlServerNewGuidTranslator
7ffcf62e7040      93      2,232 Microsoft.EntityFrameworkCore.SqlServer.Query.Internal.SqlServerTimeOnlyMethodTranslator
7ffcf62ed790      93      2,232 Microsoft.EntityFrameworkCore.Query.Internal.QueryableAggregateMethodTranslator
7ffcf62ec940      93      2,232 Microsoft.EntityFrameworkCore.SqlServer.Query.Internal.SqlServerLongCountMethodTranslator
7ffcf55e1a00      93      2,232 Microsoft.EntityFrameworkCore.Query.QueryTranslationPostprocessorDependencies
7ffcf6302ae0      93      2,232 Microsoft.EntityFrameworkCore.Query.MaterializerLiftableConstantContext
7ffcf6304070      93      2,232 Microsoft.EntityFrameworkCore.Query.LiftableConstantProcessor+UnsupportedConstantChecker
7ffcf53bdbc8      93      2,232 Microsoft.EntityFrameworkCore.Query.RelationalQueryCompilationContextDependencies
7ffcf55da778      93      2,232 Microsoft.EntityFrameworkCore.Update.Internal.UpdateAdapterFactory
7ffcf55d1dd8      93      2,232 Microsoft.EntityFrameworkCore.ChangeTracking.Internal.LocalViewListener
7ffcf55e23a8      93      2,232 Microsoft.EntityFrameworkCore.ValueGeneration.ValueGeneratorSelectorDependencies
7ffcf630f600      93      2,232 Microsoft.EntityFrameworkCore.ValueGeneration.TemporaryNumberValueGeneratorFactory
7ffcf55d15a0      93      2,232 Microsoft.EntityFrameworkCore.ChangeTracking.Internal.KeyPropagator
7ffcf6575cf0      93      2,232 Microsoft.EntityFrameworkCore.Internal.SemanticVersionComparer
7ffcf539ba70      93      2,232 Microsoft.EntityFrameworkCore.Migrations.Internal.MigrationCommandExecutor
7ffcf53bdee8      93      2,232 Microsoft.EntityFrameworkCore.Metadata.RelationalAdHocMapperDependencies
7ffcf6453ee8      93      2,232 System.Collections.Generic.SortedDictionary<System.String, Microsoft.EntityFrameworkCore.Metadata.Internal.UniqueConstraint>+KeyValuePairComparer
7ffcf6454618      93      2,232 System.Collections.Generic.SortedDictionary<System.String, Microsoft.EntityFrameworkCore.Metadata.Internal.TableIndex>+KeyValuePairComparer
7ffcf6454d48      93      2,232 System.Collections.Generic.SortedDictionary<System.String, Microsoft.EntityFrameworkCore.Metadata.Internal.CheckConstraint>+KeyValuePairComparer
7ffcf6455478      93      2,232 System.Collections.Generic.SortedDictionary<System.String, Microsoft.EntityFrameworkCore.Metadata.ITrigger>+KeyValuePairComparer
7ffcf6453df0      93      2,232 Microsoft.EntityFrameworkCore.Metadata.Internal.ColumnNameComparer
7ffcf6439028      93      2,232 Microsoft.EntityFrameworkCore.Utilities.OrderedDictionary<System.String, Microsoft.EntityFrameworkCore.Metadata.RuntimeProperty>+ValueCollection
7ffcf64760d8      93      2,232 Microsoft.EntityFrameworkCore.Utilities.OrderedDictionary<System.Collections.Generic.IReadOnlyList<Microsoft.EntityFrameworkCore.Metadata.IReadOnlyProperty>, Microsoft.EntityFrameworkCore.Metadata.RuntimeKey>+ValueCollection
7ffcf647a100      93      2,232 Microsoft.EntityFrameworkCore.Utilities.OrderedDictionary<System.Collections.Generic.IReadOnlyList<Microsoft.EntityFrameworkCore.Metadata.IReadOnlyProperty>, Microsoft.EntityFrameworkCore.Metadata.RuntimeIndex>+ValueCollection
7ffcf647a270      93      2,232 Microsoft.EntityFrameworkCore.Utilities.OrderedDictionary<System.String, Microsoft.EntityFrameworkCore.Metadata.RuntimeIndex>+ValueCollection
7ffcf6424908      93      2,232 System.Collections.Generic.SortedDictionary<System.String, Microsoft.EntityFrameworkCore.Metadata.IColumnBase>+ValueCollection
7ffcf6425200      93      2,232 System.Collections.Generic.SortedDictionary<System.String, Microsoft.EntityFrameworkCore.Metadata.Internal.UniqueConstraint>+ValueCollection
7ffcf6425af8      93      2,232 System.Collections.Generic.SortedDictionary<System.String, Microsoft.EntityFrameworkCore.Metadata.Internal.TableIndex>+ValueCollection
7ffcf561aa18       1      2,232 Microsoft.EntityFrameworkCore.Infrastructure.DbSetProperty[]
7ffcf5c43800      93      2,232 System.Collections.Generic.SortedDictionary<System.String, Microsoft.EntityFrameworkCore.Metadata.Internal.Navigation>+KeyValuePairComparer
7ffcf5c43f30      93      2,232 System.Collections.Generic.SortedDictionary<System.String, Microsoft.EntityFrameworkCore.Metadata.Internal.SkipNavigation>+KeyValuePairComparer
7ffcf5c44660      93      2,232 System.Collections.Generic.SortedDictionary<System.String, Microsoft.EntityFrameworkCore.Metadata.Internal.ServiceProperty>+KeyValuePairComparer
7ffcf5c44db0      93      2,232 System.Collections.Generic.SortedDictionary<System.Collections.Generic.IReadOnlyList<Microsoft.EntityFrameworkCore.Metadata.IReadOnlyProperty>, Microsoft.EntityFrameworkCore.Metadata.Internal.Index>+KeyValuePairComparer
7ffcf5c454e0      93      2,232 System.Collections.Generic.SortedDictionary<System.String, Microsoft.EntityFrameworkCore.Metadata.Internal.Index>+KeyValuePairComparer
7ffcf5c45c10      93      2,232 System.Collections.Generic.SortedDictionary<System.Collections.Generic.IReadOnlyList<Microsoft.EntityFrameworkCore.Metadata.IReadOnlyProperty>, Microsoft.EntityFrameworkCore.Metadata.Internal.Key>+KeyValuePairComparer
7ffcf5c46340      93      2,232 System.Collections.Generic.SortedDictionary<System.String, Microsoft.EntityFrameworkCore.Metadata.Internal.Trigger>+KeyValuePairComparer
7ffcf5c4b830      93      2,232 System.Collections.Generic.SortedDictionary<System.String, Microsoft.EntityFrameworkCore.Metadata.Internal.ComplexProperty>+KeyValuePairComparer
7ffcf5c4cf88      93      2,232 System.Collections.Generic.SortedDictionary<System.String, Microsoft.EntityFrameworkCore.Metadata.Internal.Property>+KeyValuePairComparer
7ffcf5c67e08      93      2,232 System.Collections.Generic.SortedDictionary<System.String, System.Reflection.PropertyInfo>+KeyValuePairComparer
7ffcf5c68e38      93      2,232 System.Collections.Generic.SortedDictionary<System.String, System.Reflection.PropertyInfo>+ValueCollection
7ffcf5c69ee8      93      2,232 System.Collections.Generic.SortedDictionary<System.String, System.Reflection.FieldInfo>+KeyValuePairComparer
7ffcf5c6a760      93      2,232 System.Collections.Generic.SortedDictionary<System.String, System.Reflection.FieldInfo>+ValueCollection
7ffcf5cad0e8      93      2,232 System.Collections.Generic.SortedDictionary<System.String, Microsoft.EntityFrameworkCore.Metadata.Internal.Property>+ValueCollection
7ffcf5cd3ef0      93      2,232 System.Collections.Generic.SortedDictionary<System.Collections.Generic.IReadOnlyList<Microsoft.EntityFrameworkCore.Metadata.IReadOnlyProperty>, Microsoft.EntityFrameworkCore.Metadata.Internal.Key>+ValueCollection
7ffcf5fcb6d0      93      2,232 System.Collections.Generic.SortedDictionary<System.Collections.Generic.IReadOnlyList<Microsoft.EntityFrameworkCore.Metadata.IReadOnlyProperty>, Microsoft.EntityFrameworkCore.Metadata.Internal.Index>+ValueCollection
7ffcf5ff5ab8      93      2,232 System.Collections.Generic.SortedDictionary<System.String, Microsoft.EntityFrameworkCore.Metadata.Internal.SkipNavigation>+ValueCollection
7ffcf60b2428      93      2,232 System.Collections.Generic.SortedDictionary<System.String, Microsoft.EntityFrameworkCore.Metadata.Internal.Navigation>+ValueCollection
7ffcf60b88e8      93      2,232 System.Collections.Generic.SortedDictionary<System.String, Microsoft.EntityFrameworkCore.Metadata.Internal.ComplexProperty>+ValueCollection
7ffcf61431a8      93      2,232 System.Collections.Generic.SortedDictionary<System.String, Microsoft.EntityFrameworkCore.Metadata.Internal.Trigger>+ValueCollection
7ffcf615b360      93      2,232 System.Collections.Generic.Dictionary<System.String, Microsoft.EntityFrameworkCore.Metadata.ConfigurationSource>+KeyCollection
7ffcf6174808      93      2,232 System.Collections.Generic.SortedDictionary<System.String, Microsoft.EntityFrameworkCore.Metadata.Internal.ServiceProperty>+ValueCollection
7ffcf626b1c8      35      2,240 System.Linq.Enumerable+SelectManySingleSelectorIterator<Microsoft.EntityFrameworkCore.Metadata.IEntityType, Microsoft.EntityFrameworkCore.Metadata.IForeignKey>
7ffcf371df20       5      2,240 System.Globalization.CultureData
7ffcf61f3278      56      2,240 System.Linq.Expressions.Expression2<System.Func<System.Nullable<System.Decimal>, System.Nullable<System.Decimal>, System.Boolean>>
7ffcf495a5d8      35      2,240 System.Func<System.IntPtr, System.IntPtr>
7ffcf35a8790      94      2,256 System.Threading.ThreadInt64PersistentCounter+ThreadLocalNodeFinalizationHelper
7ffcf46dda38      94      2,256 Swashbuckle.AspNetCore.SwaggerGen.JsonSerializerDataContractResolver
7ffcf64b46f0      25      2,264 System.ValueTuple<Microsoft.EntityFrameworkCore.Query.SqlExpressions.ColumnExpression, Microsoft.EntityFrameworkCore.ChangeTracking.ValueComparer>[]
7ffcf6890a10      71      2,272 Microsoft.Data.SqlClient.SNIPacket
7ffcf5a5bce8      71      2,272 System.Collections.Generic.List<Microsoft.AspNetCore.Mvc.ModelBinding.IValueProvider>
7ffcf3f88dc0      95      2,280 Microsoft.AspNetCore.Http.HttpContextAccessor
7ffcf6f32168      20      2,304 Microsoft.AspNetCore.Mvc.Formatters.MediaTypeSegmentWithQuality[]
7ffcf6888278      72      2,304 System.Tuple<System.String, System.String>
7ffcf6890900      72      2,304 Microsoft.Data.SqlClient.TdsParserStateObjectNative+WritePacketCache
7ffcf6892848      72      2,304 System.Collections.Generic.Stack<Microsoft.Data.SqlClient.SNIPacket>
7ffcf4f6faa8      96      2,304 Microsoft.AspNetCore.Http.Features.ItemsFeature
7ffcf4f6fec8      96      2,304 Microsoft.AspNetCore.Http.ItemsDictionary
7ffcf51db448      96      2,304 Microsoft.AspNetCore.Routing.RoutingFeature
7ffcf4381c88      96      2,304 System.Random
7ffcf6e46da8      18      2,304 Microsoft.EntityFrameworkCore.Query.Internal.SingleQueryingEnumerable<Order.Infrastructure.Entities.Promotion.PromotionItemModel>+Enumerator
7ffcf3b07790      32      2,304 System.Diagnostics.Metrics.ObservableCounter<System.Int64>
7ffcf58bb3e0      72      2,304 System.Linq.Expressions.Expression1<System.Func<Order.Business.Mediator.Commands.OrderFront.OrderAddressFrontViewModel, System.String>>
7ffcf4e5c468      97      2,328 Microsoft.AspNetCore.Http.HttpContextAccessor+HttpContextHolder
7ffcf3958660      74      2,368 System.Collections.Generic.List<Serilog.Parsing.PropertyToken>
7ffcf6cad9e0      37      2,368 System.Func<System.Func<Microsoft.EntityFrameworkCore.Query.QueryContext, System.Collections.Generic.IEnumerable<Order.Infrastructure.Entities.Package.PackageInfoModel>>>
7ffcf6c37650      37      2,368 System.Func<System.Linq.IQueryable<Order.Infrastructure.Entities.StoreLocation.StoreLocationModel>, System.Linq.Expressions.Expression<System.Func<Order.Infrastructure.Entities.StoreLocation.StoreLocationModel, System.Boolean>>, System.Linq.IQueryable<Order.Infrastructure.Entities.StoreLocation.StoreLocationModel>>
7ffcf6c38390      37      2,368 System.Func<System.Func<Microsoft.EntityFrameworkCore.Query.QueryContext, System.Collections.Generic.IEnumerable<Order.Infrastructure.Entities.StoreLocation.StoreLocationModel>>>
7ffcf6cad028      37      2,368 System.Func<System.Linq.IQueryable<Order.Infrastructure.Entities.Package.PackageInfoModel>, System.Linq.Expressions.Expression<System.Func<Order.Infrastructure.Entities.Package.PackageInfoModel, System.Boolean>>, System.Linq.IQueryable<Order.Infrastructure.Entities.Package.PackageInfoModel>>
7ffcf58cf0d8      33      2,376 AutoMapper.PathMap
7ffcf4b388f0      33      2,376 System.IO.Pipelines.PipeOptions
7ffcf5b25a00       9      2,376 Microsoft.EntityFrameworkCore.SqlServer.Storage.Internal.SqlServerDateTimeTypeMapping
7ffcf44ef9c0     100      2,400 Microsoft.AspNetCore.Mvc.Formatters.MediaTypeCollection
7ffcf4e69308     100      2,400 Microsoft.AspNetCore.Hosting.HttpActivityFeature
7ffcf58f8ed0      75      2,400 System.Linq.Expressions.Expression1<System.Func<Order.Business.Mediator.Commands.OrderFront.SubOrderAddressViewModel, System.String>>
7ffcf5821ba8      75      2,400 System.Linq.Expressions.Expression1<System.Func<Order.Infrastructure.Entities.SubOrderModels.SubOrderItemModel, System.String>>
7ffcf4ac3aa0      43      2,408 System.Linq.Expressions.InstanceMethodCallExpression3
7ffcf4dfce78     101      2,424 System.WeakReference<Microsoft.AspNetCore.Server.Kestrel.Core.Internal.Infrastructure.KestrelConnection>
7ffcf407b420      76      2,432 Order.Business.Mediator.Handlers.Order.GetSubOrderHandler+<>c__DisplayClass5_0
7ffcf59ae7f0      76      2,432 System.Collections.Generic.List<CommonApiMessage.AggregatesModel.SubOrderMessage.SubOrderMessageViewModel>
7ffcf6c36fd0      76      2,432 System.Linq.Expressions.Expression1<System.Func<Order.Infrastructure.Entities.StoreLocation.StoreLocationModel, System.Boolean>>
7ffcf6c3a750      38      2,432 System.Func<Microsoft.EntityFrameworkCore.Query.QueryContext, System.Data.Common.DbDataReader, Microsoft.EntityFrameworkCore.Query.Internal.ResultContext, Microsoft.EntityFrameworkCore.Query.Internal.SingleQueryResultCoordinator, Order.Infrastructure.Entities.StoreLocation.StoreLocationModel>
7ffcf6c3d9b8      38      2,432 System.Func<Microsoft.EntityFrameworkCore.DbContext, Microsoft.EntityFrameworkCore.Query.Internal.SingleQueryingEnumerable<Order.Infrastructure.Entities.StoreLocation.StoreLocationModel>+Enumerator, Microsoft.EntityFrameworkCore.Storage.ExecutionResult<System.Boolean>>
7ffcf3b04918      38      2,432 System.Func<System.Int64>
7ffcf5d46d48      76      2,432 Microsoft.EntityFrameworkCore.Metadata.Internal.InternalNavigationBuilder
7ffcf61d2ea8      76      2,432 Microsoft.EntityFrameworkCore.ChangeTracking.EntryCurrentValueComparer<System.Int32>
7ffcf52de808      77      2,464 System.Collections.Generic.Stack<System.Collections.Immutable.RefAsValueType<System.Collections.Immutable.SecurePooledObject<System.Collections.Generic.Stack<System.Collections.Immutable.RefAsValueType<System.Collections.Immutable.ImmutableSortedDictionary<System.Int32, System.ValueTuple<System.Nullable<Microsoft.EntityFrameworkCore.WarningBehavior>, System.Nullable<Microsoft.Extensions.Logging.LogLevel>>>+Node>>>>>
7ffcf5341640      77      2,464 System.Collections.Generic.Stack<System.Collections.Immutable.RefAsValueType<System.Collections.Immutable.SecurePooledObject<System.Collections.Generic.Stack<System.Collections.Immutable.RefAsValueType<System.Collections.Immutable.ImmutableSortedDictionary<System.Type, System.ValueTuple<Microsoft.EntityFrameworkCore.Infrastructure.IDbContextOptionsExtension, System.Int32>>+Node>>>>>
7ffcf5aa6a08      77      2,464 FluentValidation.IValidator<Order.Business.Mediator.Commands.Order.GetSubOrderCommand>[]
7ffcf59adcd0      77      2,464 System.Collections.Generic.List<CommonApiMessage.AggregatesModel.OrderMessage.OrderMessagePaymentViewModel>
7ffcf59d4ab0      77      2,464 System.Collections.Generic.List<CommonApiMessage.AggregatesModel.OrderMessage.OrderMessagePaymentTransactionViewModel>
7ffcf59aed80      77      2,464 System.Collections.Generic.List<CommonApiMessage.AggregatesModel.OrderMessage.OrderMessagePromotionViewModel>
7ffcf59ad1b0      77      2,464 System.Collections.Generic.List<CommonApiMessage.AggregatesModel.OrderMessage.OrderMessageCustomerViewModel>
7ffcf6caca50      77      2,464 System.Linq.Expressions.Expression1<System.Func<Order.Infrastructure.Entities.Package.PackageInfoModel, System.Boolean>>
7ffcf4dfe9b8     103      2,472 Serilog.Context.LogContext+ContextStackBookmark
7ffcf6e97098      10      2,480 System.Text.Json.Serialization.Metadata.JsonPropertyInfo<System.Nullable<System.DateTime>>
7ffcf5b24690      10      2,480 Microsoft.EntityFrameworkCore.SqlServer.Storage.Internal.SqlServerLongTypeMapping
7ffcf5b27970      10      2,480 Microsoft.EntityFrameworkCore.Storage.IntTypeMapping
7ffcf3dc5fa0      78      2,496 Order.API.Controllers.OrderController+<>c__DisplayClass11_0
7ffcf3fb0cb8      78      2,496 Order.Business.Mediator.Commands.Order.GetSubOrderCommand
7ffcf44da8d8      78      2,496 System.Collections.Generic.List<Microsoft.AspNetCore.Mvc.Formatters.IOutputFormatter>
7ffcf69442c8      39      2,496 System.Func<System.Linq.IQueryable<Order.Infrastructure.Entities.OrderReference.OrderReferenceModel>, System.Linq.Expressions.Expression<System.Func<Order.Infrastructure.Entities.OrderReference.OrderReferenceModel, System.Boolean>>, System.Linq.IQueryable<Order.Infrastructure.Entities.OrderReference.OrderReferenceModel>>
7ffcf6cafd90      39      2,496 System.Func<Microsoft.EntityFrameworkCore.Query.QueryContext, System.Data.Common.DbDataReader, Microsoft.EntityFrameworkCore.Query.Internal.ResultContext, Microsoft.EntityFrameworkCore.Query.Internal.SingleQueryResultCoordinator, Order.Infrastructure.Entities.Package.PackageInfoModel>
7ffcf6d110a0      39      2,496 System.Func<Microsoft.EntityFrameworkCore.DbContext, Microsoft.EntityFrameworkCore.Query.Internal.SingleQueryingEnumerable<Order.Infrastructure.Entities.Package.PackageInfoModel>+Enumerator, Microsoft.EntityFrameworkCore.Storage.ExecutionResult<System.Boolean>>
7ffcf6d1be40      39      2,496 System.Func<System.Linq.IQueryable<Order.Infrastructure.Entities.Package.PackageTbModel>, System.Boolean>
7ffcf6d1c398      39      2,496 System.Func<System.Func<Microsoft.EntityFrameworkCore.Query.QueryContext, System.Boolean>>
7ffcf356ab60      39      2,496 System.Action<System.Object>
7ffcf472fbf8      52      2,496 Microsoft.AspNetCore.Mvc.ProducesResponseTypeAttribute
7ffcf59ffec0      63      2,520 System.Dynamic.Utils.CacheDict<System.Type, System.Func<System.Linq.Expressions.Expression, System.String, System.Boolean, System.Collections.ObjectModel.ReadOnlyCollection<System.Linq.Expressions.ParameterExpression>, System.Linq.Expressions.LambdaExpression>>+Entry
7ffcf35a8840      79      2,528 System.Collections.Generic.List<System.Threading.ThreadInt64PersistentCounter+ThreadLocalNodeFinalizationHelper>
7ffcf35a90f8      79      2,528 System.Threading.ThreadInt64PersistentCounter+ThreadLocalNodeFinalizationHelper[]
7ffcf4916768       6      2,544 System.Collections.Concurrent.SingleProducerSingleConsumerQueue<RabbitMQ.Client.Impl.Work>+Segment
7ffcf458de80       9      2,552 System.Collections.Generic.Dictionary<System.String, System.Resources.ResourceLocator>+Entry[]
7ffcf585a488      40      2,560 System.Action<AutoMapper.IMemberConfigurationExpression<Order.Business.Mediator.Commands.OrderFront.CreateOrderItemFrontManualViewModel, Order.Infrastructure.Entities.SubOrderModels.SubOrderItemModel, System.String>>
7ffcf58b2660      40      2,560 System.Action<AutoMapper.IMemberConfigurationExpression<Order.Business.Mediator.Commands.OrderFront.CreateOrderItemFrontViewModel, Order.Infrastructure.Entities.OrderModels.OrderItemModel, System.String>>
7ffcf58b5960      40      2,560 System.Action<AutoMapper.IMemberConfigurationExpression<Order.Business.Mediator.Commands.OrderFront.CreateOrderItemFrontViewModel, Order.Infrastructure.Entities.SubOrderModels.SubOrderItemModel, System.String>>
7ffcf5854920      40      2,560 System.Action<AutoMapper.IMemberConfigurationExpression<Order.Business.Mediator.Commands.OrderFront.CreateOrderItemFrontManualViewModel, Order.Infrastructure.Entities.OrderModels.OrderItemModel, System.String>>
7ffcf5af6748      81      2,592 System.Collections.Generic.List<Order.Infrastructure.Entities.OrderReference.OrderReferenceModel>
7ffcf69b38a0      54      2,592 System.Linq.CollectionLookup<System.String, Order.Infrastructure.Entities.OrderReference.OrderReferenceModel>
7ffcf69b3fa8      54      2,592 <>f__AnonymousType12<System.String, System.String, System.String, System.String, System.String, System.String>[]
7ffcf69b8ec8     108      2,592 Microsoft.EntityFrameworkCore.EntityFrameworkQueryableExtensions+IncludableQueryable<Order.Infrastructure.Entities.SubOrderModels.SubOrderModel, Order.Infrastructure.Entities.SubOrderModels.SubOrderFeeAmountModel>
7ffcf69b9380     108      2,592 Microsoft.EntityFrameworkCore.EntityFrameworkQueryableExtensions+IncludableQueryable<Order.Infrastructure.Entities.SubOrderModels.SubOrderModel, Order.Infrastructure.Entities.SubOrderModels.SubOrderFeeAmountDtlModel>
7ffcf58b8ed8      81      2,592 System.Linq.Expressions.Expression1<System.Func<Order.Business.Mediator.Commands.OrderFront.CreateOrderFrontViewModel, System.String>>
7ffcf585ead0      81      2,592 System.Linq.Expressions.Expression1<System.Func<Order.Business.Mediator.Commands.OrderFront.CreateOrderFrontManualViewModel, System.String>>
7ffcf62adb88       1      2,592 System.Collections.Generic.Dictionary<System.String, Microsoft.EntityFrameworkCore.Metadata.RuntimeEntityType>+Entry[]
7ffcf5b54f50      81      2,592 System.Linq.Expressions.Expression1<System.Func<System.String, System.Int32>>
7ffcf5b563f8      81      2,592 System.Linq.Expressions.Expression1<System.Func<System.String, System.String>>
7ffcf5c72aa8      54      2,592 System.Collections.Generic.SortedSet<System.Type>
7ffcf57b8e40      47      2,600 AutoMapper.Configuration.Conventions.ISourceToDestinationNameMapper[]
7ffcf356cbb8       2      2,608 System.Collections.Concurrent.ConcurrentQueueSegment<System.Object>+Slot[]
7ffcf4f6bd48       9      2,616 System.Buffers.MemoryHandle[]
7ffcf3520440      41      2,624 System.Func<System.Object, System.Boolean>
7ffcf69a2fe8      41      2,624 System.Func<Microsoft.EntityFrameworkCore.Query.QueryContext, System.Data.Common.DbDataReader, Microsoft.EntityFrameworkCore.Query.Internal.ResultContext, Microsoft.EntityFrameworkCore.Query.Internal.SingleQueryResultCoordinator, Order.Infrastructure.Entities.OrderReference.OrderReferenceModel>
7ffcf69a8430      41      2,624 System.Func<Microsoft.EntityFrameworkCore.DbContext, Microsoft.EntityFrameworkCore.Query.Internal.SingleQueryingEnumerable<Order.Infrastructure.Entities.OrderReference.OrderReferenceModel>+Enumerator, Microsoft.EntityFrameworkCore.Storage.ExecutionResult<System.Boolean>>
7ffcf61dc648      82      2,624 System.Linq.Expressions.Expression1<System.Func<System.Nullable<System.DateTime>, System.Int32>>
7ffcf61dc8c0      82      2,624 System.Linq.Expressions.Expression1<System.Func<System.Nullable<System.DateTime>, System.Nullable<System.DateTime>>>
7ffcf6c35b78      47      2,632 System.Linq.Enumerable+IEnumerableSelectIterator<Order.Infrastructure.Entities.SubOrderModels.SubOrderItemBarcodeModel, CommonApiMessage.AggregatesModel.SubOrderMessage.SubOrderMessageItemSubBarcodeViewModel>
7ffcf340a938      26      2,632 System.IntPtr[]
7ffcf422de98      55      2,640 Autofac.Core.Activators.ProvidedInstance.ProvidedInstanceActivator
7ffcf6c346f0      48      2,656 Order.Infrastructure.Entities.SubOrderModels.SubOrderItemFulFillmentModel[]
7ffcf6d10270      37      2,664 Microsoft.EntityFrameworkCore.Query.Internal.SingleQueryingEnumerable<Order.Infrastructure.Entities.Package.PackageInfoModel>
7ffcf6c3ac28      37      2,664 Microsoft.EntityFrameworkCore.Query.Internal.SingleQueryingEnumerable<Order.Infrastructure.Entities.StoreLocation.StoreLocationModel>
7ffcf6a351f0      67      2,680 System.Linq.Expressions.Expression2<System.Func<System.Data.Common.DbDataReader, System.Int32[], System.Decimal>>
7ffcf3681b18      42      2,688 System.Func<Microsoft.Extensions.Primitives.IChangeToken>
7ffcf58bac50      42      2,688 AutoMapper.Configuration.MemberConfigurationExpression<Order.Business.Mediator.Commands.OrderFront.OrderAddressFrontViewModel, Order.Infrastructure.Entities.OrderModels.OrderAddressModel, System.String>
7ffcf58c3800      42      2,688 AutoMapper.Configuration.MemberConfigurationExpression<Order.Business.Mediator.Commands.OrderFront.CreateOrderFrontViewModel, Order.Infrastructure.Entities.SubOrderModels.SubOrderModel, System.String>
7ffcf58c5388      42      2,688 AutoMapper.Configuration.MemberConfigurationExpression<Order.Business.Mediator.Commands.OrderFront.OrderAddressFrontViewModel, Order.Infrastructure.Entities.SubOrderModels.SubOrderAddressModel, System.String>
7ffcf57dc0f0      84      2,688 System.Linq.Expressions.Expression1<System.Func<Order.Infrastructure.Entities.OrderModels.OrderAddressModel, System.String>>
7ffcf58846d8      42      2,688 AutoMapper.Configuration.MemberConfigurationExpression<Order.Business.Mediator.Commands.OrderFront.CreateOrderFrontManualViewModel, Order.Infrastructure.Entities.SubOrderModels.SubOrderModel, System.String>
7ffcf69ba030      49      2,712 Order.Infrastructure.Entities.SubOrderModels.SubOrderModel[]
7ffcf42e1dc0      68      2,720 System.Diagnostics.DebuggerTypeProxyAttribute
7ffcf6d1f290      43      2,752 System.Func<Microsoft.EntityFrameworkCore.Query.QueryContext, System.Data.Common.DbDataReader, Microsoft.EntityFrameworkCore.Query.Internal.ResultContext, Microsoft.EntityFrameworkCore.Query.Internal.SingleQueryResultCoordinator, System.Boolean>
7ffcf6d31d48      43      2,752 System.Func<Microsoft.EntityFrameworkCore.DbContext, Microsoft.EntityFrameworkCore.Query.Internal.SingleQueryingEnumerable<System.Boolean>+Enumerator, Microsoft.EntityFrameworkCore.Storage.ExecutionResult<System.Boolean>>
7ffcf4845ed8     115      2,760 System.Runtime.CompilerServices.StrongBox<System.Net.Sockets.SocketAsyncEventArgs>
7ffcf69a3478      39      2,808 Microsoft.EntityFrameworkCore.Query.Internal.SingleQueryingEnumerable<Order.Infrastructure.Entities.OrderReference.OrderReferenceModel>
7ffcf6d1f890      39      2,808 Microsoft.EntityFrameworkCore.Query.Internal.SingleQueryingEnumerable<System.Boolean>
7ffcf588b620     117      2,808 AutoMapper.Configuration.MemberConfigurationExpression<Order.Business.Mediator.Commands.OrderFront.CreateOrderItemFrontManualViewModel, Order.Infrastructure.Entities.SubOrderModels.SubOrderItemModel, System.String>+<>c__DisplayClass24_0
7ffcf58bf010     117      2,808 AutoMapper.Configuration.MemberConfigurationExpression<Order.Business.Mediator.Commands.OrderFront.CreateOrderItemFrontViewModel, Order.Infrastructure.Entities.OrderModels.OrderItemModel, System.String>+<>c__DisplayClass24_0
7ffcf58c6968     117      2,808 AutoMapper.Configuration.MemberConfigurationExpression<Order.Business.Mediator.Commands.OrderFront.CreateOrderItemFrontViewModel, Order.Infrastructure.Entities.SubOrderModels.SubOrderItemModel, System.String>+<>c__DisplayClass24_0
7ffcf587e940     117      2,808 AutoMapper.Configuration.MemberConfigurationExpression<Order.Business.Mediator.Commands.OrderFront.CreateOrderItemFrontManualViewModel, Order.Infrastructure.Entities.OrderModels.OrderItemModel, System.String>+<>c__DisplayClass24_0
7ffcf68df988      39      2,808 Microsoft.Data.SqlClient.MetaType
7ffcf6c42580      44      2,816 System.Func<Microsoft.EntityFrameworkCore.ChangeTracking.Internal.IInternalEntry, System.Int32>
7ffcf427e938      69      2,824 Autofac.Core.Activators.Reflection.ConstructorBinder[]
7ffcf38648f8     118      2,832 Serilog.Events.SequenceValue
7ffcf6bc25b8      21      2,856 Microsoft.EntityFrameworkCore.Query.Internal.SplitQueryingEnumerable<Order.Infrastructure.Entities.SubOrderModels.SubOrderModel>+Enumerator
7ffcf68b0ff8      72      2,880 Microsoft.Data.SqlClient.SNIHandle
7ffcf6887cc8      72      2,880 Microsoft.Data.ProviderBase.TimeoutTimer
7ffcf6892da0      72      2,880 System.Security.SecureString[]
7ffcf6e4cf38      45      2,880 System.Func<System.Object, System.DateTime>
7ffcf6e4cde8      45      2,880 System.Action<System.Object, System.DateTime>
7ffcf51d3778      90      2,880 System.Collections.Concurrent.ConcurrentStack<System.Byte[]>+Node
7ffcf43fe890      90      2,880 System.Collections.Generic.List<Autofac.Core.ServiceRegistration>
7ffcf58b8808      45      2,880 AutoMapper.Configuration.MemberConfigurationExpression<Order.Business.Mediator.Commands.OrderFront.CreateOrderFrontViewModel, Order.Infrastructure.Entities.OrderModels.OrderModel, System.String>
7ffcf585e400      45      2,880 AutoMapper.Configuration.MemberConfigurationExpression<Order.Business.Mediator.Commands.OrderFront.CreateOrderFrontManualViewModel, Order.Infrastructure.Entities.OrderModels.OrderModel, System.String>
7ffcf6471bf8      60      2,880 System.Collections.Generic.SortedSet<Microsoft.EntityFrameworkCore.Metadata.IIndex>
7ffcf6471830      60      2,880 System.Collections.Generic.SortedSet<Microsoft.EntityFrameworkCore.Metadata.Internal.TableIndex>
7ffcf647eac0      60      2,880 System.Collections.Generic.SortedSet<Microsoft.EntityFrameworkCore.Metadata.Internal.TableIndex>+Node
7ffcf647ebf8      60      2,880 System.Collections.Generic.SortedSet<Microsoft.EntityFrameworkCore.Metadata.IIndex>+Node
7ffcf647fa18      60      2,880 System.Collections.Generic.SortedSet<Microsoft.EntityFrameworkCore.Metadata.IForeignKey>
7ffcf6484df0      60      2,880 System.Collections.Generic.SortedSet<Microsoft.EntityFrameworkCore.Metadata.IForeignKey>+Node
7ffcf65477c8      45      2,880 System.Func<Microsoft.EntityFrameworkCore.Query.QueryContext, System.Data.Common.DbDataReader, System.Object[]>
7ffcf6bcc5a0     122      2,928 Microsoft.EntityFrameworkCore.Storage.ExecutionStrategy+<>c__DisplayClass28_0<System.ValueTuple<Microsoft.EntityFrameworkCore.Query.RelationalQueryContext, Microsoft.EntityFrameworkCore.Query.Internal.RelationalCommandResolver, System.Collections.Generic.IReadOnlyList<Microsoft.EntityFrameworkCore.Storage.ReaderColumn>, System.Boolean>, Microsoft.EntityFrameworkCore.Storage.RelationalDataReader>
7ffcf472ae80      61      2,928 Microsoft.AspNetCore.Mvc.HttpGetAttribute
7ffcf5230d30      92      2,944 Microsoft.AspNetCore.Mvc.Infrastructure.CopyOnWriteList<Microsoft.AspNetCore.Mvc.ModelBinding.IValueProviderFactory>
7ffcf403b5a0      92      2,944 MediatR.Mediator
7ffcf5a67e60      92      2,944 System.Collections.Generic.List<Microsoft.AspNetCore.Mvc.ModelBinding.ModelStateDictionary+ModelStateNode>
7ffcf62cf268      92      2,944 System.Collections.Generic.List<Microsoft.EntityFrameworkCore.Metadata.RuntimeKey>
7ffcf62d0cb8      92      2,944 Microsoft.EntityFrameworkCore.Metadata.RuntimeKey[]
7ffcf598afa8      46      2,944 System.Func<System.Collections.Concurrent.ConcurrentDictionary<System.Type, AutoMapper.Internal.TypeDetails>>
7ffcf5cb05f8      92      2,944 Microsoft.EntityFrameworkCore.Metadata.Internal.InternalKeyBuilder
7ffcf5cb0e38      92      2,944 System.Collections.Generic.List<Microsoft.EntityFrameworkCore.Metadata.Internal.Key>
7ffcf5adc1d8      37      2,960 System.Collections.Generic.Dictionary<Order.Business.EnumConfig.StatusCodeEnum, System.String>
7ffcf45cd388      93      2,976 System.Threading.ThreadLocal<Serilog.Extensions.Logging.SerilogLoggerProvider+ScopeCollector>+LinkedSlotVolatile[]
7ffcf44ad198      93      2,976 Autofac.Extensions.DependencyInjection.AutofacServiceScope
7ffcf3d3a798      93      2,976 Microsoft.AspNetCore.Authentication.AuthenticationHandlerProvider
7ffcf3f890a8      93      2,976 Utility.Package.UtilityServices.SignatureService
7ffcf5aac668      93      2,976 System.Collections.Generic.List<FluentValidation.IValidationRuleInternal<Order.Business.Mediator.Commands.Order.GetSubOrderCommand>>
7ffcf5aacfc0      93      2,976 System.Linq.Expressions.Expression1<System.Func<Order.Business.Mediator.Commands.Order.GetSubOrderCommand, Order.Business.Mediator.Commands.Order.GetSubOrderCommand>>
7ffcf5acc300      93      2,976 System.Collections.Generic.List<FluentValidation.Internal.RuleComponent<Order.Business.Mediator.Commands.Order.GetSubOrderCommand, Order.Business.Mediator.Commands.Order.GetSubOrderCommand>>
7ffcf5343d80      93      2,976 Microsoft.EntityFrameworkCore.Diagnostics.Internal.ScopedLoggerFactory
7ffcf53b1230      93      2,976 Microsoft.EntityFrameworkCore.Diagnostics.Internal.DbConnectionInterceptorAggregator
7ffcf53b17a0      93      2,976 Microsoft.EntityFrameworkCore.Diagnostics.Internal.DbTransactionInterceptorAggregator
7ffcf53b1e38      93      2,976 Microsoft.EntityFrameworkCore.Diagnostics.Internal.DbCommandInterceptorAggregator
7ffcf55d6690      93      2,976 Microsoft.EntityFrameworkCore.Diagnostics.Internal.SaveChangesInterceptorAggregator
7ffcf55d6ad8      93      2,976 Microsoft.EntityFrameworkCore.Diagnostics.Internal.IdentityResolutionInterceptorAggregator
7ffcf55d6df8      93      2,976 Microsoft.EntityFrameworkCore.Diagnostics.Internal.QueryExpressionInterceptorAggregator
7ffcf55d12c8      93      2,976 Microsoft.EntityFrameworkCore.ChangeTracking.Internal.EntityGraphAttacher
7ffcf55d5c28      93      2,976 Microsoft.EntityFrameworkCore.Query.Internal.EntityQueryProvider
7ffcf5387118      93      2,976 Microsoft.EntityFrameworkCore.SqlServer.Storage.Internal.SqlServerExecutionStrategyFactory
7ffcf3710018      93      2,976 System.Collections.Generic.List<System.Exception>
7ffcf539e730      93      2,976 Microsoft.EntityFrameworkCore.Query.Internal.RelationalQueryContextFactory
7ffcf53bd838      93      2,976 Microsoft.EntityFrameworkCore.Query.RelationalQueryContextDependencies
7ffcf55d0198      93      2,976 Microsoft.EntityFrameworkCore.Metadata.Conventions.Internal.RuntimeConventionSetBuilder
7ffcf53b8478      93      2,976 Microsoft.EntityFrameworkCore.Metadata.Conventions.Infrastructure.RelationalConventionSetBuilderDependencies
7ffcf5bb7090      93      2,976 System.Collections.Generic.List<Microsoft.EntityFrameworkCore.Metadata.Conventions.Infrastructure.IConventionSetPlugin>
7ffcf53b3038      93      2,976 Microsoft.EntityFrameworkCore.Query.Internal.RelationalQueryTranslationPreprocessorFactory
7ffcf5388b50      93      2,976 Microsoft.EntityFrameworkCore.SqlServer.Query.Internal.SqlServerSqlTranslatingExpressionVisitorFactory
7ffcf53bace8      93      2,976 Microsoft.EntityFrameworkCore.Query.RelationalMemberTranslatorProviderDependencies
7ffcf62e2ff0      93      2,976 Microsoft.EntityFrameworkCore.SqlServer.Query.Internal.SqlServerDateTimeMemberTranslator
7ffcf62e5e00      93      2,976 Microsoft.EntityFrameworkCore.SqlServer.Query.Internal.SqlServerDateDiffFunctionsTranslator
7ffcf62e5f70      93      2,976 Microsoft.EntityFrameworkCore.SqlServer.Query.Internal.SqlServerDateOnlyMethodTranslator
7ffcf62e6110      93      2,976 Microsoft.EntityFrameworkCore.SqlServer.Query.Internal.SqlServerDateTimeMethodTranslator
7ffcf62e62e0      93      2,976 Microsoft.EntityFrameworkCore.SqlServer.Query.Internal.SqlServerFromPartsFunctionTranslator
7ffcf62e6b90      93      2,976 Microsoft.EntityFrameworkCore.SqlServer.Query.Internal.SqlServerObjectToStringTranslator
7ffcf62e6ea0      93      2,976 Microsoft.EntityFrameworkCore.SqlServer.Query.Internal.SqlServerStringMethodTranslator
7ffcf62eca68      93      2,976 Microsoft.EntityFrameworkCore.SqlServer.Query.Internal.SqlServerStatisticsAggregateMethodTranslator
7ffcf62ecbc8      93      2,976 Microsoft.EntityFrameworkCore.SqlServer.Query.Internal.SqlServerStringAggregateMethodTranslator
7ffcf538a168      93      2,976 Microsoft.EntityFrameworkCore.SqlServer.Query.Internal.SqlServerQueryTranslationPostprocessorFactory
7ffcf53bc5e8      93      2,976 Microsoft.EntityFrameworkCore.Query.RelationalQueryTranslationPostprocessorDependencies
7ffcf53b2638      93      2,976 Microsoft.EntityFrameworkCore.Query.Internal.RelationalShapedQueryCompilingExpressionVisitorFactory
7ffcf538a3f0      93      2,976 Microsoft.EntityFrameworkCore.SqlServer.Query.Internal.SqlServerParameterBasedSqlProcessorFactory
7ffcf6303498      93      2,976 System.Collections.Generic.List<Microsoft.EntityFrameworkCore.Query.LiftableConstantProcessor+LiftedConstant>
7ffcf6303ac8      93      2,976 Microsoft.EntityFrameworkCore.Query.LiftableConstantProcessor+LiftedExpressionProcessor
7ffcf5380e88      93      2,976 Microsoft.EntityFrameworkCore.SqlServer.Update.Internal.SqlServerModificationCommandBatchFactory
7ffcf539c468      93      2,976 Microsoft.EntityFrameworkCore.Update.Internal.BatchExecutor
7ffcf630b248      93      2,976 System.Collections.Generic.List<System.Action<Microsoft.EntityFrameworkCore.ChangeTracking.Internal.InternalEntityEntry, Microsoft.EntityFrameworkCore.EntityState>>
7ffcf63100c8      93      2,976 System.Collections.Generic.List<Microsoft.EntityFrameworkCore.Diagnostics.IInterceptor>
7ffcf55e33f8      93      2,976 Microsoft.EntityFrameworkCore.Metadata.AdHocMapperDependencies
7ffcf62c0880      93      2,976 System.Collections.Generic.List<Microsoft.EntityFrameworkCore.Metadata.RuntimeForeignKey>
7ffcf42cbcd8      93      2,976 Autofac.Core.Activators.Reflection.ReflectionActivator+<>c__DisplayClass14_1
7ffcf6450018      93      2,976 System.Collections.Generic.List<Microsoft.EntityFrameworkCore.Metadata.Internal.TableMapping>
7ffcf6432aa8      93      2,976 System.Collections.Generic.List<Microsoft.EntityFrameworkCore.Metadata.Internal.TableMappingBase<Microsoft.EntityFrameworkCore.Metadata.Internal.ColumnMappingBase>>
7ffcf5c30d18      93      2,976 Microsoft.EntityFrameworkCore.Metadata.Internal.InternalEntityTypeBuilder
7ffcf5cbec60      94      2,992 Microsoft.EntityFrameworkCore.Metadata.Internal.Key[]
7ffcf43fbe18      94      3,008 System.Collections.Generic.Stack<System.Object>
7ffcf3e64ac0      94      3,008 Swashbuckle.AspNetCore.SwaggerGen.SchemaGenerator
7ffcf5af9428      47      3,008 System.Func<Order.Infrastructure.Entities.SubOrderModels.SubOrderModel, System.Boolean>
7ffcf5afdb08      47      3,008 System.Func<Order.Infrastructure.Entities.OrderItemInformation.OrderItemOtherInfoModel, System.Boolean>
7ffcf5afe110      47      3,008 System.Func<Order.Infrastructure.Entities.SubOrderModels.SubOrderItemFulFillmentModel, System.Boolean>
7ffcf4b499d8      54      3,024 Microsoft.AspNetCore.Mvc.ApiExplorer.ApiResponseType
7ffcf4b6d6c8      55      3,048 Microsoft.AspNetCore.Mvc.ApiExplorer.ApiResponseFormat[]
7ffcf4e6b5b0      96      3,072 Microsoft.AspNetCore.Hosting.HostingRequestStartingLog
7ffcf4efe2d0      96      3,072 Microsoft.AspNetCore.Authentication.AuthenticationFeature
7ffcf64b4cb0      96      3,072 Microsoft.EntityFrameworkCore.Query.SqlExpressions.OrderingExpression
7ffcf4d01610      77      3,080 System.Text.Json.Utf8JsonWriterCache+ThreadLocalState
7ffcf5aa4920      77      3,080 MediatR.Wrappers.RequestHandlerWrapperImpl<Order.Business.Mediator.Commands.Order.GetSubOrderCommand, CommonApiMessage.AggregatesModel.SubOrderMessage.SubOrderMessageViewModel>+<>c__DisplayClass1_0
7ffcf4016830      77      3,080 Order.Business.Mediator.Handlers.Order.GetSubOrderHandler
7ffcf57cd608      77      3,080 CommonApiMessage.AggregatesModel.OrderMessage.OrderMessageCustomerViewModel
7ffcf64762d0      77      3,080 Microsoft.EntityFrameworkCore.Utilities.OrderedDictionary<System.Collections.Generic.IReadOnlyList<Microsoft.EntityFrameworkCore.Metadata.IReadOnlyProperty>, Microsoft.EntityFrameworkCore.Metadata.RuntimeKey>+ValueCollection+Enumerator
7ffcf4af9868     129      3,096 System.Collections.Concurrent.ConcurrentStack<System.Byte[]>
7ffcf44eda68      97      3,104 System.Text.Json.Serialization.Metadata.JsonTypeInfo+JsonPropertyInfoList
7ffcf4c24f88      97      3,104 System.Collections.Generic.List<System.Text.Json.Serialization.Metadata.JsonPropertyInfo>
7ffcf52a3bd8      49      3,136 Microsoft.Extensions.Logging.LoggerMessage+LogValues<System.String, System.String>+<GetEnumerator>d__9
7ffcf59fb138      98      3,136 System.Linq.Expressions.Scope1
7ffcf53bb0c8      99      3,168 Microsoft.EntityFrameworkCore.Query.SqlExpressionFactoryDependencies
7ffcf51d49a8     100      3,200 Microsoft.AspNetCore.Server.Kestrel.Core.Internal.Http.HttpRequestHeaders+EnumeratorCache
7ffcf4e55c40     100      3,200 Microsoft.AspNetCore.Server.Kestrel.Core.Internal.Infrastructure.WrappingPipeWriter
7ffcf340bd50      50      3,200 System.Diagnostics.Tracing.EventSource+OverrideEventProvider
7ffcf4705038       2      3,200 System.Collections.Concurrent.ConcurrentDictionary<System.Type, Microsoft.Extensions.Internal.PropertyHelper[]>+VolatileNode[]
7ffcf43c7000      31      3,224 Microsoft.Extensions.Caching.Memory.CacheEntry
7ffcf4b38d18       9      3,240 Microsoft.AspNetCore.Server.Kestrel.Transport.Sockets.Internal.SocketSender
7ffcf5b54c58      81      3,240 System.Linq.Expressions.Expression2<System.Func<System.String, System.String, System.Boolean>>
7ffcf41f85b0      14      3,248 System.Collections.Concurrent.ConcurrentQueueSegment<Autofac.Core.IComponentRegistration>
7ffcf4e0bae8     102      3,264 Microsoft.AspNetCore.Http.HeaderDictionary
7ffcf4e23a48     102      3,264 System.Collections.Generic.List<System.ValueTuple<System.Action<System.Object>, System.Object>>
7ffcf57dfcb0      51      3,264 AutoMapper.Configuration.MemberConfigurationExpression<Order.Infrastructure.Entities.OrderModels.OrderItemModel, CommonApiMessage.AggregatesModel.OrderMessage.OrderMessageItemViewModel, System.String>
7ffcf67f7908      82      3,280 Microsoft.Data.Common.ActivityCorrelator+ActivityId
7ffcf61d9c40      82      3,280 System.Linq.Expressions.Expression2<System.Func<System.Nullable<System.DateTime>, System.Nullable<System.DateTime>, System.Boolean>>
7ffcf4dfe3e8     103      3,296 Microsoft.AspNetCore.Server.Kestrel.Core.Internal.ConnectionLogScope
7ffcf6c363b8     113      3,304 Order.Infrastructure.Entities.StoreLocation.StoreLocationModel[]
7ffcf46aef48      60      3,360 Order.Domain.AggregatesModel.SubOrder.SubOrderRepository+<>c__DisplayClass21_1
7ffcf5a66a10      42      3,360 System.Collections.Generic.Dictionary<System.Object, Microsoft.AspNetCore.Mvc.ModelBinding.Validation.ValidationStateEntry>
7ffcf36b5758      35      3,360 System.IO.StreamReader
7ffcf647dce8      60      3,360 System.Collections.Generic.SortedSet<System.Collections.Generic.KeyValuePair<System.String, Microsoft.EntityFrameworkCore.Metadata.Internal.TableIndex>>+Node
7ffcf5d01150      70      3,360 System.Collections.Generic.SortedSet<System.Type>+Node
7ffcf601d638      60      3,360 System.Collections.Generic.SortedSet<System.Collections.Generic.KeyValuePair<System.Collections.Generic.IReadOnlyList<Microsoft.EntityFrameworkCore.Metadata.IReadOnlyProperty>, Microsoft.EntityFrameworkCore.Metadata.Internal.Index>>+Node
7ffcf6318140      61      3,384 <>f__AnonymousType11<System.String, System.String>[]
7ffcf6c34ea8      47      3,384 System.Linq.Enumerable+ListWhereIterator<Order.Infrastructure.Entities.SubOrderModels.SubOrderItemFulFillmentModel>
7ffcf4755ae8     107      3,424 System.Collections.Generic.List<Microsoft.AspNetCore.Routing.Patterns.RoutePatternParameterPart>
7ffcf56595f0      86      3,440 Microsoft.EntityFrameworkCore.Infrastructure.DatabaseFacade
7ffcf3410eb8     108      3,456 System.Decimal
7ffcf68fee58      72      3,456 Microsoft.Data.SqlClient.SqlReferenceCollection
7ffcf6892cc0     144      3,456 System.WeakReference<System.Object>
7ffcf6887780      72      3,456 Microsoft.Data.SqlClient.ActiveDirectoryAuthenticationTimeoutRetryHelper
7ffcf6888e40     144      3,456 Microsoft.Data.SqlClient.SqlClientLogger
7ffcf6887ad0      72      3,456 Microsoft.Data.SqlClient.SqlConnectionTimeoutErrorInternal
7ffcf5afaa38      54      3,456 System.Func<<>f__AnonymousType11<System.String, System.String>, <>f__AnonymousType12<System.String, System.String, System.String, System.String, System.String, System.String>>
7ffcf3595778      54      3,456 System.Action
7ffcf4c27980      14      3,472 System.Text.Json.Serialization.Metadata.JsonPropertyInfo<System.Boolean>
7ffcf5617f98       1      3,472 System.Collections.Concurrent.ConcurrentDictionary<System.ValueTuple<System.Type, System.String>, System.Func<Microsoft.EntityFrameworkCore.DbContext, System.String, System.Object>>+VolatileNode[]
7ffcf55f2de8       1      3,472 System.Collections.Concurrent.ConcurrentDictionary<Microsoft.Extensions.DependencyInjection.ServiceLookup.ServiceIdentifier, System.Object>+VolatileNode[]
7ffcf55ef1b8       1      3,472 System.Collections.Concurrent.ConcurrentDictionary<Microsoft.Extensions.DependencyInjection.ServiceLookup.ServiceCacheKey, Microsoft.Extensions.DependencyInjection.ServiceLookup.ILEmitResolverBuilder+GeneratedMethod>+VolatileNode[]
7ffcf65b9960     145      3,480 Microsoft.EntityFrameworkCore.Storage.ParameterNameGenerator
7ffcf65a0018     145      3,480 Microsoft.EntityFrameworkCore.SqlServer.Query.Internal.SearchConditionConverter
7ffcf6541c70     145      3,480 Microsoft.EntityFrameworkCore.Query.SqlExpressions.SelectExpression+<>c__DisplayClass112_0
7ffcf3868e08     145      3,480 System.Runtime.CompilerServices.AsyncStateMachineAttribute
7ffcf472ad88     145      3,480 System.Diagnostics.DebuggerStepThroughAttribute
7ffcf68b0018      73      3,504 Microsoft.Data.SqlClient.SQLDNSInfo
7ffcf5889330     110      3,520 System.Linq.Expressions.Expression1<System.Func<Order.Infrastructure.Entities.SubOrderModels.SubOrderFeeModel, Order.Infrastructure.Entities.SubOrderModels.SubOrderFeeAmountModel>>
7ffcf69b9200     110      3,520 System.Linq.Expressions.Expression1<System.Func<Order.Infrastructure.Entities.SubOrderModels.SubOrderFeeAmountModel, Order.Infrastructure.Entities.SubOrderModels.SubOrderFeeAmountDtlModel>>
7ffcf69b9690     110      3,520 System.Linq.Expressions.Expression1<System.Func<Order.Infrastructure.Entities.SubOrderModels.SubOrderFeeAmountDtlModel, System.Collections.Generic.ICollection<Order.Infrastructure.Entities.SubOrderModels.SubOrderFeeTaxModel>>>
7ffcf6d3f450      55      3,520 System.Func<System.Func<Microsoft.EntityFrameworkCore.Query.QueryContext, System.Nullable<System.DateTime>>>
7ffcf6d3efb0      55      3,520 System.Func<System.Linq.IQueryable<Order.Infrastructure.Entities.Package.PackageTbModel>, System.Linq.Expressions.Expression<System.Func<Order.Infrastructure.Entities.Package.PackageTbModel, System.Nullable<System.DateTime>>>, System.Nullable<System.DateTime>>
7ffcf6541cf0      44      3,520 System.Collections.Generic.Dictionary<Microsoft.EntityFrameworkCore.Metadata.IPropertyBase, System.Int32>
7ffcf44a8d58       3      3,520 System.Collections.Concurrent.ConcurrentDictionary<System.Int64, Microsoft.AspNetCore.Server.Kestrel.Core.Internal.Infrastructure.ConnectionReference>+VolatileNode[]
7ffcf51d0e48     111      3,552 System.Collections.Generic.List<System.Byte[]>
7ffcf4843838     111      3,552 System.Net.IPEndPoint
7ffcf6d452f0      56      3,584 System.Func<Microsoft.EntityFrameworkCore.Query.QueryContext, System.Data.Common.DbDataReader, Microsoft.EntityFrameworkCore.Query.Internal.ResultContext, Microsoft.EntityFrameworkCore.Query.Internal.SingleQueryResultCoordinator, System.Nullable<System.DateTime>>
7ffcf6d47a50      56      3,584 System.Func<Microsoft.EntityFrameworkCore.DbContext, Microsoft.EntityFrameworkCore.Query.Internal.SingleQueryingEnumerable<System.Nullable<System.DateTime>>+Enumerator, Microsoft.EntityFrameworkCore.Storage.ExecutionResult<System.Boolean>>
7ffcf631fb28     112      3,584 Microsoft.Extensions.DependencyInjection.ServiceLookup.ILEmitResolverBuilder+ILEmitResolverBuilderRuntimeContext
7ffcf528bb10      75      3,600 System.Linq.Enumerable+ArrayWhereIterator<Microsoft.AspNetCore.Mvc.Filters.IFilterMetadata>
7ffcf4430028      45      3,600 Autofac.Core.Registration.ServiceRegistrationInfo+<get_Implementations>d__19
7ffcf5618268      30      3,600 System.Linq.Enumerable+<ZipIterator>d__361<System.Collections.Generic.KeyValuePair<System.Type, System.ValueTuple<Microsoft.EntityFrameworkCore.Infrastructure.IDbContextOptionsExtension, System.Int32>>, System.Collections.Generic.KeyValuePair<System.Type, System.ValueTuple<Microsoft.EntityFrameworkCore.Infrastructure.IDbContextOptionsExtension, System.Int32>>>
7ffcf4449910     150      3,600 <>z__ReadOnlySingleElementList<Serilog.Core.ILogEventEnricher>
7ffcf467f148      90      3,600 Microsoft.AspNetCore.Mvc.RouteAttribute
7ffcf6c36478     113      3,616 System.Collections.Generic.List<Order.Infrastructure.Entities.StoreLocation.StoreLocationModel>
7ffcf6e446b8     114      3,648 Microsoft.EntityFrameworkCore.Query.Internal.EntityQueryable<Order.Infrastructure.Entities.Promotion.PromotionItemModel>
7ffcf4e295f8      57      3,648 System.Threading.AsyncLocalValueMap+ThreeElementAsyncLocalValueMap
7ffcf6bcc040     114      3,648 Microsoft.EntityFrameworkCore.Storage.ExecutionResult<Microsoft.EntityFrameworkCore.Storage.RelationalDataReader>
7ffcf51db618      92      3,680 Microsoft.AspNetCore.Routing.RouteContext
7ffcf5219c60      92      3,680 Microsoft.AspNetCore.Mvc.Routing.MvcAttributeRouteHandler+<>c__DisplayClass10_0
7ffcf59a0018      46      3,680 System.Collections.Generic.Dictionary<AutoMapper.Internal.TypePair, AutoMapper.Configuration.TypeMapConfiguration>
7ffcf4e5f2e0      77      3,696 System.Diagnostics.RandomNumberGenerator
7ffcf6577288      77      3,696 System.Transactions.ContextData
7ffcf5ad4768      77      3,696 System.Linq.Enumerable+ArraySelectIterator<FluentValidation.IValidator<Order.Business.Mediator.Commands.Order.GetSubOrderCommand>, FluentValidation.Results.ValidationResult>
7ffcf4001e18      77      3,696 Order.Business.Model.Common.Result
7ffcf57cd888      77      3,696 CommonApiMessage.AggregatesModel.OrderMessage.OrderMessagePaymentViewModel
7ffcf6de2de0      66      3,696 System.Linq.Grouping<<>f__AnonymousType14<System.String>, CommonApiMessage.AggregatesModel.SubOrderMessage.SubOrderMessageViewModel>
7ffcf6c68888      77      3,696 Microsoft.EntityFrameworkCore.ChangeTracking.Internal.StateManager+<>c__DisplayClass59_0
7ffcf6d548e8      29      3,712 Microsoft.EntityFrameworkCore.Query.Internal.SingleQueryingEnumerable<Order.Infrastructure.Entities.Package.PackageTbModel>+Enumerator
7ffcf4b3a478      16      3,712 System.Collections.Concurrent.ConcurrentQueueSegment<Microsoft.AspNetCore.MemoryPoolBlock>
7ffcf4b3af20      16      3,712 System.Collections.Concurrent.ConcurrentQueueSegment<Microsoft.AspNetCore.Server.Kestrel.Transport.Sockets.Internal.IOQueue+Work>
7ffcf4b3b8f8      16      3,712 System.Collections.Concurrent.ConcurrentQueueSegment<Microsoft.AspNetCore.Server.Kestrel.Transport.Sockets.Internal.SocketSender>
7ffcf3fb0b28      93      3,720 Order.Business.Validations.Order.GetSubOrderValidator
7ffcf5aab400      93      3,720 FluentValidation.Internal.TrackingCollection<FluentValidation.IValidationRuleInternal<Order.Business.Mediator.Commands.Order.GetSubOrderCommand>>
7ffcf5acc950      93      3,720 FluentValidation.Internal.RuleBase<Order.Business.Mediator.Commands.Order.GetSubOrderCommand, Order.Business.Mediator.Commands.Order.GetSubOrderCommand, Order.Business.Mediator.Commands.Order.GetSubOrderCommand>+<>c__DisplayClass44_0
7ffcf52f66f8      93      3,720 Microsoft.EntityFrameworkCore.Storage.ExecutionStrategyDependencies
7ffcf5380018      93      3,720 Microsoft.EntityFrameworkCore.Metadata.Conventions.SqlServerConventionSetBuilder
7ffcf55e0a48      93      3,720 Microsoft.EntityFrameworkCore.Query.CompiledQueryCacheKeyGeneratorDependencies
7ffcf53878c0      93      3,720 Microsoft.EntityFrameworkCore.SqlServer.Query.Internal.SqlServerCompiledQueryCacheKeyGenerator
7ffcf55e16e0      93      3,720 Microsoft.EntityFrameworkCore.Query.QueryTranslationPreprocessorDependencies
7ffcf538ab50      93      3,720 Microsoft.EntityFrameworkCore.SqlServer.Query.Internal.SqlServerQueryableMethodTranslatingExpressionVisitorFactory
7ffcf5388678      93      3,720 Microsoft.EntityFrameworkCore.SqlServer.Query.Internal.SqlServerMemberTranslatorProvider
7ffcf53ba4d8      93      3,720 Microsoft.EntityFrameworkCore.Query.RelationalMethodCallTranslatorProviderDependencies
7ffcf5388308      93      3,720 Microsoft.EntityFrameworkCore.SqlServer.Query.Internal.SqlServerAggregateMethodCallTranslatorProvider
7ffcf53ba908      93      3,720 Microsoft.EntityFrameworkCore.Query.RelationalAggregateMethodCallTranslatorProviderDependencies
7ffcf53bbe78      93      3,720 Microsoft.EntityFrameworkCore.Query.RelationalShapedQueryCompilingExpressionVisitorDependencies
7ffcf6302e20      93      3,720 Microsoft.EntityFrameworkCore.Query.RelationalMaterializerLiftableConstantContext
7ffcf5387bd0      93      3,720 Microsoft.EntityFrameworkCore.SqlServer.Query.Internal.SqlServerQueryCompilationContextFactory
7ffcf55e27b8      93      3,720 Microsoft.EntityFrameworkCore.Storage.DatabaseDependencies
7ffcf539c1d0      93      3,720 Microsoft.EntityFrameworkCore.Storage.RelationalDatabase
7ffcf539cef8      93      3,720 Microsoft.EntityFrameworkCore.Update.Internal.CommandBatchPreparer
7ffcf53bd458      93      3,720 Microsoft.EntityFrameworkCore.Storage.RelationalDatabaseDependencies
7ffcf55d3830      93      3,720 Microsoft.EntityFrameworkCore.ChangeTracking.Internal.InternalEntityEntryNotifier
7ffcf53b3920      93      3,720 Microsoft.EntityFrameworkCore.Metadata.RelationalAdHocMapper
7ffcf6424bf8      93      3,720 System.Collections.Generic.SortedDictionary<System.String, Microsoft.EntityFrameworkCore.Metadata.Internal.UniqueConstraint>
7ffcf64254f0      93      3,720 System.Collections.Generic.SortedDictionary<System.String, Microsoft.EntityFrameworkCore.Metadata.Internal.TableIndex>
7ffcf6453530      93      3,720 System.Collections.Generic.SortedDictionary<System.String, Microsoft.EntityFrameworkCore.Metadata.Internal.CheckConstraint>
7ffcf6453b38      93      3,720 System.Collections.Generic.SortedDictionary<System.String, Microsoft.EntityFrameworkCore.Metadata.ITrigger>
7ffcf5c3d098      93      3,720 System.Collections.Generic.SortedDictionary<System.String, Microsoft.EntityFrameworkCore.Metadata.Internal.Navigation>
7ffcf5c3e5c8      93      3,720 System.Collections.Generic.SortedDictionary<System.String, Microsoft.EntityFrameworkCore.Metadata.Internal.SkipNavigation>
7ffcf5c3f7d0      93      3,720 System.Collections.Generic.SortedDictionary<System.String, Microsoft.EntityFrameworkCore.Metadata.Internal.ServiceProperty>
7ffcf5c40db8      93      3,720 System.Collections.Generic.SortedDictionary<System.Collections.Generic.IReadOnlyList<Microsoft.EntityFrameworkCore.Metadata.IReadOnlyProperty>, Microsoft.EntityFrameworkCore.Metadata.Internal.Index>
7ffcf5c413c0      93      3,720 System.Collections.Generic.SortedDictionary<System.String, Microsoft.EntityFrameworkCore.Metadata.Internal.Index>
7ffcf5c42540      93      3,720 System.Collections.Generic.SortedDictionary<System.Collections.Generic.IReadOnlyList<Microsoft.EntityFrameworkCore.Metadata.IReadOnlyProperty>, Microsoft.EntityFrameworkCore.Metadata.Internal.Key>
7ffcf5c43188      93      3,720 System.Collections.Generic.SortedDictionary<System.String, Microsoft.EntityFrameworkCore.Metadata.Internal.Trigger>
7ffcf5c474c0      93      3,720 System.Collections.Generic.SortedDictionary<System.String, Microsoft.EntityFrameworkCore.Metadata.Internal.ComplexProperty>
7ffcf5c4b208      93      3,720 System.Collections.Generic.SortedDictionary<System.String, Microsoft.EntityFrameworkCore.Metadata.Internal.Property>
7ffcf5c671d0      93      3,720 System.Collections.Generic.SortedDictionary<System.String, System.Reflection.PropertyInfo>
7ffcf5c692b0      93      3,720 System.Collections.Generic.SortedDictionary<System.String, System.Reflection.FieldInfo>
7ffcf35a4d20      94      3,760 System.Threading.ThreadPoolWorkQueue+WorkStealingQueue
7ffcf43f7ec0      94      3,760 System.Collections.Concurrent.ConcurrentDictionary<System.Guid, System.Object>
7ffcf43f9c80      94      3,760 System.Collections.Concurrent.ConcurrentDictionary<System.ValueTuple<System.Guid, System.Guid>, System.Object>
7ffcf43fada0      94      3,760 Autofac.Core.Disposer
7ffcf3e64378      94      3,760 Swashbuckle.AspNetCore.SwaggerGen.SwaggerGenerator
7ffcf52fb820      94      3,760 Microsoft.EntityFrameworkCore.Infrastructure.SqlServerDbContextOptionsBuilder+<>c__DisplayClass4_0
7ffcf5341130      94      3,760 Microsoft.EntityFrameworkCore.SqlServer.Infrastructure.Internal.SqlServerOptionsExtension+ExtensionInfo
7ffcf431a558       3      3,768 Microsoft.AspNetCore.Http.Endpoint[]
7ffcf459a208       2      3,792 System.Collections.Concurrent.ConcurrentDictionary<System.Type, System.Func<System.Linq.Expressions.ParameterExpression, System.Linq.Expressions.Expression, System.Linq.Expressions.Expression>>+VolatileNode[]
7ffcf5c201c8       2      3,792 System.Collections.Concurrent.ConcurrentDictionary<System.Type, System.String>+VolatileNode[]
7ffcf5875b80      59      3,832 System.Linq.Expressions.MemberBinding[]
7ffcf4705de0      96      3,840 Microsoft.AspNetCore.Routing.RouteData
7ffcf52a1b48      96      3,840 Microsoft.AspNetCore.Mvc.ViewFeatures.Filters.SaveTempDataFilter+SaveTempDataContext
7ffcf6c37160     120      3,840 Microsoft.EntityFrameworkCore.Query.Internal.EntityQueryable<Order.Infrastructure.Entities.StoreLocation.StoreLocationModel>
7ffcf5a68a50      30      3,840 Microsoft.AspNetCore.Mvc.ModelBinding.Validation.ValidationVisitor
7ffcf3c2bd88     160      3,840 System.Runtime.Versioning.NonVersionableAttribute
7ffcf6cacb90     121      3,872 Microsoft.EntityFrameworkCore.Query.Internal.EntityQueryable<Order.Infrastructure.Entities.Package.PackageInfoModel>
7ffcf4e584e8      97      3,880 Microsoft.AspNetCore.Hosting.HostingApplicationDiagnostics+Log+HostingLogScope
7ffcf69b3120      54      3,888 System.Linq.Enumerable+GroupByIterator<Order.Infrastructure.Entities.OrderReference.OrderReferenceModel, System.String>
7ffcf69b3d30      54      3,888 System.Linq.Enumerable+ListSelectIterator<<>f__AnonymousType11<System.String, System.String>, <>f__AnonymousType12<System.String, System.String, System.String, System.String, System.String, System.String>>
7ffcf69b58c0     162      3,888 Microsoft.EntityFrameworkCore.EntityFrameworkQueryableExtensions+IncludableQueryable<Order.Infrastructure.Entities.SubOrderModels.SubOrderModel, Order.Infrastructure.Entities.SubOrderModels.SubOrderItemAmountModel>
7ffcf69b60b0     162      3,888 Microsoft.EntityFrameworkCore.EntityFrameworkQueryableExtensions+IncludableQueryable<Order.Infrastructure.Entities.SubOrderModels.SubOrderModel, Order.Infrastructure.Entities.SubOrderModels.SubOrderItemAmtDtlModel>
7ffcf69b8c70     162      3,888 Microsoft.EntityFrameworkCore.EntityFrameworkQueryableExtensions+IncludableQueryable<Order.Infrastructure.Entities.SubOrderModels.SubOrderModel, System.Collections.Generic.ICollection<Order.Infrastructure.Entities.SubOrderModels.SubOrderFeeModel>>
7ffcf69b9810     162      3,888 Microsoft.EntityFrameworkCore.EntityFrameworkQueryableExtensions+IncludableQueryable<Order.Infrastructure.Entities.SubOrderModels.SubOrderModel, System.Collections.Generic.ICollection<Order.Infrastructure.Entities.SubOrderModels.SubOrderFeeTaxModel>>
7ffcf4296b80     162      3,888 System.Linq.Expressions.PrimitiveParameterExpression<System.Decimal>
7ffcf6bcba50     122      3,904 Microsoft.EntityFrameworkCore.ExecutionStrategyExtensions+<>c__DisplayClass12_0<System.ValueTuple<Microsoft.EntityFrameworkCore.Query.RelationalQueryContext, Microsoft.EntityFrameworkCore.Query.Internal.RelationalCommandResolver, System.Collections.Generic.IReadOnlyList<Microsoft.EntityFrameworkCore.Storage.ReaderColumn>, System.Boolean>, Microsoft.EntityFrameworkCore.Storage.RelationalDataReader>
7ffcf6c4ea50     163      3,912 Microsoft.EntityFrameworkCore.ChangeTracking.Internal.MultiSnapshot
7ffcf6c417f8      70      3,920 Microsoft.EntityFrameworkCore.Metadata.Internal.PropertyAccessors
7ffcf6d458f0      55      3,960 Microsoft.EntityFrameworkCore.Query.Internal.SingleQueryingEnumerable<System.Nullable<System.DateTime>>
7ffcf4431098      45      3,960 System.Linq.Enumerable+ListWhereIterator<Autofac.Core.ServiceRegistration>
7ffcf4c299c0      62      3,968 System.Func<System.Object, System.Int32>
7ffcf4c2a2a0      62      3,968 System.Action<System.Object, System.Int32>
7ffcf6c1f430     124      3,968 Microsoft.EntityFrameworkCore.Query.Internal.EntityQueryable<Order.Infrastructure.Entities.OrderItemInformation.OrderItemOtherInfoModel>
7ffcf62c7078      40      3,984 Microsoft.EntityFrameworkCore.Utilities.OrderedDictionary<System.Collections.Generic.IReadOnlyList<Microsoft.EntityFrameworkCore.Metadata.IReadOnlyProperty>, Microsoft.EntityFrameworkCore.Metadata.RuntimeIndex>+Entry[]
7ffcf5a5bfa0      72      4,000 Microsoft.AspNetCore.Mvc.ModelBinding.IValueProvider[]
7ffcf4e575e0     100      4,000 Microsoft.AspNetCore.Server.Kestrel.Core.Internal.Http.HttpResponseStream
7ffcf4e561c8     100      4,000 Microsoft.AspNetCore.Server.Kestrel.Core.Internal.Infrastructure.WrappingStream
7ffcf4e57c40     100      4,000 Microsoft.AspNetCore.Server.Kestrel.Core.Internal.Http.HttpUpgradeStream
7ffcf4e55038     100      4,000 Microsoft.AspNetCore.Server.Kestrel.Core.Internal.Infrastructure.StatusCheckPipeWriter
7ffcf4e55788     100      4,000 Microsoft.AspNetCore.Server.Kestrel.Core.Internal.Infrastructure.StatusCheckWriteStream
7ffcf35a9ed8       1      4,024 System.Threading.PortableThreadPool+HillClimbing+LogEntry[]
7ffcf59ffd08      63      4,032 System.Func<System.Linq.Expressions.Expression, System.String, System.Boolean, System.Collections.ObjectModel.ReadOnlyCollection<System.Linq.Expressions.ParameterExpression>, System.Linq.Expressions.LambdaExpression>
7ffcf69a2c28     101      4,040 System.Linq.Expressions.Expression2<System.Func<System.Data.Common.DbDataReader, System.Int32[], System.DateTime>>
7ffcf4dfb778     102      4,080 Microsoft.AspNetCore.Server.Kestrel.Core.Internal.Infrastructure.ConnectionMetricsContext
7ffcf4e22eb0     102      4,080 Microsoft.AspNetCore.Server.Kestrel.Core.Internal.Infrastructure.PipeWriterHelpers.TimingPipeFlusher
7ffcf458f8b8     128      4,096 System.Collections.Generic.List<Microsoft.AspNetCore.Routing.IRouter>
7ffcf6e2be58     129      4,128 Microsoft.EntityFrameworkCore.Query.Internal.EntityQueryable<Order.Infrastructure.Entities.OrderModels.OrderPromotionModel>
7ffcf6f39f20      40      4,160 Microsoft.AspNetCore.Server.Kestrel.Core.Internal.Http.HttpResponseHeaders+Enumerator
7ffcf39ecd88     104      4,160 Serilog.Context.EnricherStack
7ffcf4b98a18       5      4,160 System.Collections.Concurrent.ConcurrentDictionary<System.Type, System.Text.Json.JsonSerializerOptions+CachingContext+CacheEntry>+VolatileNode[]
7ffcf62c6da8      38      4,176 Microsoft.EntityFrameworkCore.Utilities.OrderedDictionary<System.String, Microsoft.EntityFrameworkCore.Metadata.RuntimeNavigation>+Entry[]
7ffcf4701998      87      4,176 Microsoft.AspNetCore.Mvc.HttpPostAttribute
7ffcf3563028     175      4,200 System.Runtime.CompilerServices.StrongBox<System.Boolean>
7ffcf6d1bc38      66      4,224 System.Func<System.Linq.IQueryable<Order.Infrastructure.Entities.Package.PackageTbModel>, System.Linq.Expressions.Expression<System.Func<Order.Infrastructure.Entities.Package.PackageTbModel, System.Boolean>>, System.Linq.IQueryable<Order.Infrastructure.Entities.Package.PackageTbModel>>
7ffcf61d16e8     132      4,224 System.Linq.Expressions.Expression1<System.Func<System.Nullable<System.Int32>, System.Int32>>
7ffcf61d1b88     132      4,224 System.Linq.Expressions.Expression1<System.Func<System.Nullable<System.Int32>, System.Nullable<System.Int32>>>
7ffcf4eb3b68      78      4,232 Microsoft.Win32.SafeHandles.SafeWaitHandle[]
7ffcf6bc5a18      46      4,240 Microsoft.EntityFrameworkCore.Query.Internal.SplitQueryDataReaderContext[]
7ffcf6943738      59      4,248 System.Linq.Enumerable+ListSelectIterator<<>f__AnonymousType11<System.String, System.String>, System.String>
7ffcf5d47578      76      4,256 System.Collections.Generic.SortedSet<System.Collections.Generic.KeyValuePair<System.String, Microsoft.EntityFrameworkCore.Metadata.Internal.Navigation>>+Node
7ffcf3d550b0     107      4,280 AutoMapper.Mapper
7ffcf4833af8     107      4,280 System.Net.IPAddress
7ffcf6a35338      67      4,288 Microsoft.EntityFrameworkCore.Storage.ReaderColumn<System.Decimal>
7ffcf6a34e90      67      4,288 System.Func<System.Data.Common.DbDataReader, System.Int32[], System.Decimal>
7ffcf36fed78      77      4,312 System.Text.Json.PooledByteBufferWriter
7ffcf5ad4fb8      77      4,312 System.Linq.Enumerable+IEnumerableWhereIterator<FluentValidation.Results.ValidationFailure>
7ffcf3d35a20      77      4,312 Microsoft.AspNetCore.Mvc.ObjectResult
7ffcf69b3b70      54      4,320 System.Linq.Grouping<System.String, Order.Infrastructure.Entities.OrderReference.OrderReferenceModel>[]
7ffcf68872a8      27      4,320 Microsoft.Data.SqlClient.SqlException
7ffcf4476f00      45      4,320 System.Linq.Enumerable+OrderedIterator<Autofac.Core.ServiceRegistration, System.Int64>
7ffcf6158a28      60      4,320 Microsoft.EntityFrameworkCore.Metadata.RuntimeIndex
7ffcf53913a0       2      4,320 System.Collections.Generic.Dictionary<System.Type, Microsoft.EntityFrameworkCore.Infrastructure.ServiceCharacteristics>+Entry[]
7ffcf6e2aaa8      78      4,336 CommonApiMessage.AggregatesModel.OrderMessage.OrderMessagePaymentTransactionViewModel[]
7ffcf6e2a908      78      4,336 CommonApiMessage.AggregatesModel.OrderMessage.OrderMessagePaymentViewModel[]
7ffcf6e482d0      78      4,336 CommonApiMessage.AggregatesModel.OrderMessage.OrderMessageCustomerViewModel[]
7ffcf47023b8     181      4,344 Microsoft.AspNetCore.Mvc.ActionConstraints.HttpMethodActionConstraint
7ffcf4798278     181      4,344 Microsoft.AspNetCore.Mvc.ApiDescriptionActionData
7ffcf3569e50     109      4,360 System.Threading.ThreadPoolBoundHandle
7ffcf42e1890      78      4,368 System.Diagnostics.DebuggerDisplayAttribute
7ffcf64a4c40      78      4,368 Microsoft.EntityFrameworkCore.Query.SqlExpressions.LeftJoinExpression
7ffcf3bb6630     183      4,392 System.Collections.ObjectModel.ReadOnlyCollection<System.String>
7ffcf5afa350      55      4,400 System.Collections.Generic.Dictionary<System.String, Order.Infrastructure.Entities.OrderReference.OrderReferenceModel>
7ffcf3997988     110      4,400 System.Reflection.RuntimeParameterInfo[]
7ffcf3f882c8      92      4,416 Utility.Package.Middlewares.BodySignatureMiddleware
7ffcf64713d8      92      4,416 System.Collections.Generic.SortedSet<Microsoft.EntityFrameworkCore.Metadata.IKey>
7ffcf6471010      92      4,416 System.Collections.Generic.SortedSet<Microsoft.EntityFrameworkCore.Metadata.Internal.UniqueConstraint>
7ffcf6479dd8      92      4,416 System.Collections.Generic.SortedSet<Microsoft.EntityFrameworkCore.Metadata.Internal.UniqueConstraint>+Node
7ffcf6479f10      92      4,416 System.Collections.Generic.SortedSet<Microsoft.EntityFrameworkCore.Metadata.IKey>+Node
7ffcf5a683f0     116      4,448 Microsoft.AspNetCore.Mvc.ModelBinding.ModelStateDictionary+ModelStateNode[]
7ffcf5387f98      93      4,464 Microsoft.EntityFrameworkCore.SqlServer.Query.Internal.SqlServerMethodCallTranslatorProvider
7ffcf53bba48      93      4,464 Microsoft.EntityFrameworkCore.Query.RelationalQueryableMethodTranslatingExpressionVisitorDependencies
7ffcf6303c80      93      4,464 Microsoft.EntityFrameworkCore.Query.LiftableConstantProcessor+LiftedConstantOptimizer
7ffcf6306898      93      4,464 Microsoft.EntityFrameworkCore.Utilities.Multigraph<Microsoft.EntityFrameworkCore.Update.IReadOnlyModificationCommand, Microsoft.EntityFrameworkCore.Update.Internal.CommandBatchPreparer+CommandDependency>
7ffcf55d1b88      93      4,464 Microsoft.EntityFrameworkCore.ChangeTracking.Internal.NavigationFixer
7ffcf55d3b98      93      4,464 Microsoft.EntityFrameworkCore.ChangeTracking.Internal.ValueGenerationManager
7ffcf5c48150     186      4,464 Microsoft.EntityFrameworkCore.Metadata.Internal.PropertyNameComparer
7ffcf6454118      93      4,464 System.Collections.Generic.TreeSet<System.Collections.Generic.KeyValuePair<System.String, Microsoft.EntityFrameworkCore.Metadata.Internal.UniqueConstraint>>
7ffcf6454848      93      4,464 System.Collections.Generic.TreeSet<System.Collections.Generic.KeyValuePair<System.String, Microsoft.EntityFrameworkCore.Metadata.Internal.TableIndex>>
7ffcf6454f78      93      4,464 System.Collections.Generic.TreeSet<System.Collections.Generic.KeyValuePair<System.String, Microsoft.EntityFrameworkCore.Metadata.Internal.CheckConstraint>>
7ffcf64556a8      93      4,464 System.Collections.Generic.TreeSet<System.Collections.Generic.KeyValuePair<System.String, Microsoft.EntityFrameworkCore.Metadata.ITrigger>>
7ffcf6435130     186      4,464 System.Collections.Generic.SortedDictionary<System.String, Microsoft.EntityFrameworkCore.Metadata.IColumnBase>+KeyValuePairComparer
7ffcf5c43a30      93      4,464 System.Collections.Generic.TreeSet<System.Collections.Generic.KeyValuePair<System.String, Microsoft.EntityFrameworkCore.Metadata.Internal.Navigation>>
7ffcf5c44160      93      4,464 System.Collections.Generic.TreeSet<System.Collections.Generic.KeyValuePair<System.String, Microsoft.EntityFrameworkCore.Metadata.Internal.SkipNavigation>>
7ffcf5c44890      93      4,464 System.Collections.Generic.TreeSet<System.Collections.Generic.KeyValuePair<System.String, Microsoft.EntityFrameworkCore.Metadata.Internal.ServiceProperty>>
7ffcf5c44fe0      93      4,464 System.Collections.Generic.TreeSet<System.Collections.Generic.KeyValuePair<System.Collections.Generic.IReadOnlyList<Microsoft.EntityFrameworkCore.Metadata.IReadOnlyProperty>, Microsoft.EntityFrameworkCore.Metadata.Internal.Index>>
7ffcf5c45710      93      4,464 System.Collections.Generic.TreeSet<System.Collections.Generic.KeyValuePair<System.String, Microsoft.EntityFrameworkCore.Metadata.Internal.Index>>
7ffcf5c45e40      93      4,464 System.Collections.Generic.TreeSet<System.Collections.Generic.KeyValuePair<System.Collections.Generic.IReadOnlyList<Microsoft.EntityFrameworkCore.Metadata.IReadOnlyProperty>, Microsoft.EntityFrameworkCore.Metadata.Internal.Key>>
7ffcf5c46570      93      4,464 System.Collections.Generic.TreeSet<System.Collections.Generic.KeyValuePair<System.String, Microsoft.EntityFrameworkCore.Metadata.Internal.Trigger>>
7ffcf5c4ba60      93      4,464 System.Collections.Generic.TreeSet<System.Collections.Generic.KeyValuePair<System.String, Microsoft.EntityFrameworkCore.Metadata.Internal.ComplexProperty>>
7ffcf5c47ac8      93      4,464 System.Collections.Generic.SortedSet<Microsoft.EntityFrameworkCore.Metadata.Internal.TypeBase>
7ffcf5c4d1b8      93      4,464 System.Collections.Generic.TreeSet<System.Collections.Generic.KeyValuePair<System.String, Microsoft.EntityFrameworkCore.Metadata.Internal.Property>>
7ffcf5c68038      93      4,464 System.Collections.Generic.TreeSet<System.Collections.Generic.KeyValuePair<System.String, System.Reflection.PropertyInfo>>
7ffcf5c6a118      93      4,464 System.Collections.Generic.TreeSet<System.Collections.Generic.KeyValuePair<System.String, System.Reflection.FieldInfo>>
7ffcf69441d8     140      4,480 System.Linq.Expressions.Expression1<System.Func<Order.Infrastructure.Entities.OrderReference.OrderReferenceModel, System.Boolean>>
7ffcf4449b40      94      4,512 System.Threading.ThreadLocal<Serilog.Extensions.Logging.SerilogLoggerProvider+ScopeCollector>+LinkedSlot
7ffcf55e6b18      94      4,512 Microsoft.Extensions.DependencyInjection.ServiceLookup.ServiceProviderEngineScope
7ffcf63172f8     141      4,512 System.Linq.Expressions.Expression1<System.Func<Order.Infrastructure.Entities.SubOrderModels.SubOrderModel, System.Boolean>>
7ffcf359f618      71      4,544 System.Threading.ContextCallback
7ffcf441b7e8     142      4,544 Autofac.Features.Collections.CollectionRegistrationSource+<>c__DisplayClass2_0
7ffcf356ff78      95      4,560 System.Threading.ThreadInt64PersistentCounter+ThreadLocalNode
7ffcf4e70018      96      4,608 Microsoft.AspNetCore.Http.StreamResponseBodyFeature
7ffcf45c8ca0     118      4,608 Serilog.Events.LogEventPropertyValue[]
7ffcf472d690      64      4,608 System.Threading.Tasks.Task<Microsoft.AspNetCore.Mvc.IActionResult>
7ffcf6a37f20      72      4,608 System.Action<Order.Infrastructure.Entities.SubOrderModels.SubOrderItemAmountModel, Order.Infrastructure.Entities.SubOrderModels.SubOrderItemAmtDtlModel>
7ffcf657f460     145      4,640 Microsoft.EntityFrameworkCore.Query.ParametersCacheDecorator
7ffcf657fc38     145      4,640 Microsoft.EntityFrameworkCore.SqlServer.Query.Internal.SqlServerZeroLimitConverter
7ffcf65a4300     145      4,640 System.Collections.Generic.DelegateEqualityComparer<Microsoft.EntityFrameworkCore.Query.SqlExpressions.SqlParameterExpression>
7ffcf65a44b8     145      4,640 System.Collections.Generic.DelegateEqualityComparer<Microsoft.EntityFrameworkCore.Query.QueryParameterExpression>
7ffcf3747d20     116      4,640 Microsoft.Extensions.DependencyModel.RuntimeAssetGroup
7ffcf588d090     146      4,672 System.Collections.Generic.List<Order.Infrastructure.Entities.SubOrderModels.SubOrderItemDeliveryWindowModel>
7ffcf6a37990      73      4,672 System.Action<Order.Infrastructure.Entities.SubOrderModels.SubOrderItemAmtDtlModel, Order.Infrastructure.Entities.SubOrderModels.SubOrderItemTaxModel>
7ffcf57d6628     147      4,704 System.Collections.Generic.List<AutoMapper.Configuration.IPropertyMapConfiguration>
7ffcf57b8b30      44      4,704 AutoMapper.Configuration.TypeMapConfiguration[]
7ffcf3594328     118      4,720 System.Threading.PreAllocatedOverlapped
7ffcf39559c0      74      4,736 Serilog.Parsing.MessageTemplateParser+<Tokenize>d__3
7ffcf5389e60      99      4,752 Microsoft.EntityFrameworkCore.SqlServer.Query.Internal.SqlServerSqlExpressionFactory
7ffcf53bca68      99      4,752 Microsoft.EntityFrameworkCore.Query.RelationalParameterBasedSqlProcessorDependencies
7ffcf6435958       1      4,752 System.Collections.Generic.Dictionary<System.String, Microsoft.EntityFrameworkCore.Metadata.Internal.TableBase>+Entry[]
7ffcf39c3658       7      4,792 System.Collections.Generic.HashSet<System.Type>+Entry[]
7ffcf52a02c8      75      4,800 Microsoft.Extensions.Logging.LoggerMessage+LogValues<System.String, System.String[]>+<GetEnumerator>d__9
7ffcf4e571e8     100      4,800 Microsoft.AspNetCore.Server.Kestrel.Core.Internal.Http.HttpResponsePipeWriter
7ffcf5872e98     150      4,800 System.Linq.Expressions.Expression1<System.Func<Order.Business.Mediator.Commands.OrderFront.OrderAddressFrontManualViewModel, System.String>>
7ffcf58f0500      75      4,800 AutoMapper.Configuration.MemberConfigurationExpression<Order.Business.Mediator.Commands.OrderFront.UpdateOrderAddressViewModel, Order.Infrastructure.Entities.OrderModels.OrderAddressModel, System.String>
7ffcf58f0bd0     150      4,800 System.Linq.Expressions.Expression1<System.Func<Order.Business.Mediator.Commands.OrderFront.UpdateOrderAddressViewModel, System.String>>
7ffcf58f90c0      75      4,800 AutoMapper.Configuration.MemberConfigurationExpression<Order.Business.Mediator.Commands.OrderFront.UpdateOrderAddressViewModel, Order.Business.Mediator.Commands.OrderFront.SubOrderAddressViewModel, System.String>
7ffcf5913cc0      75      4,800 AutoMapper.Configuration.MemberConfigurationExpression<Order.Business.Mediator.Commands.OrderFront.SubOrderAddressViewModel, Order.Infrastructure.Entities.SubOrderModels.SubOrderAddressModel, System.String>
7ffcf58214d8      75      4,800 AutoMapper.Configuration.MemberConfigurationExpression<Order.Infrastructure.Entities.SubOrderModels.SubOrderItemModel, CommonApiMessage.AggregatesModel.SubOrderMessage.SubOrderMessageItemViewModel, System.String>
7ffcf640e448      60      4,800 Microsoft.EntityFrameworkCore.Metadata.Internal.TableIndex
7ffcf5c870d0     150      4,800 System.Collections.Generic.List<Microsoft.EntityFrameworkCore.Metadata.Internal.Property>
7ffcf44a6be8     101      4,848 Microsoft.AspNetCore.Server.Kestrel.Core.Internal.Infrastructure.ConnectionReference
7ffcf5af5860     152      4,864 System.Collections.Generic.List<Order.Infrastructure.Entities.Setting.AllowedStatusModel>
7ffcf6c3d158      38      4,864 Microsoft.EntityFrameworkCore.Query.Internal.SingleQueryingEnumerable<Order.Infrastructure.Entities.StoreLocation.StoreLocationModel>+Enumerator
7ffcf4ac3138     152      4,864 System.Linq.Expressions.TypedConstantExpression
7ffcf39ec0a0     102      4,896 System.Threading.AsyncLocalValueMap+TwoElementAsyncLocalValueMap
7ffcf5ca5f18     154      4,912 Microsoft.EntityFrameworkCore.Metadata.Internal.Property[]
7ffcf52dbc28     154      4,928 System.Collections.Generic.Stack<System.Collections.Immutable.RefAsValueType<System.Collections.Immutable.ImmutableSortedDictionary<System.Int32, System.ValueTuple<System.Nullable<Microsoft.EntityFrameworkCore.WarningBehavior>, System.Nullable<Microsoft.Extensions.Logging.LogLevel>>>+Node>>
7ffcf52dc228     154      4,928 System.Collections.Immutable.SecurePooledObject<System.Collections.Generic.Stack<System.Collections.Immutable.RefAsValueType<System.Collections.Immutable.ImmutableSortedDictionary<System.Int32, System.ValueTuple<System.Nullable<Microsoft.EntityFrameworkCore.WarningBehavior>, System.Nullable<Microsoft.Extensions.Logging.LogLevel>>>+Node>>>
7ffcf52ff148     154      4,928 System.Collections.Generic.Stack<System.Collections.Immutable.RefAsValueType<System.Collections.Immutable.ImmutableSortedDictionary<System.Type, System.ValueTuple<Microsoft.EntityFrameworkCore.Infrastructure.IDbContextOptionsExtension, System.Int32>>+Node>>
7ffcf52ff528     154      4,928 System.Collections.Immutable.SecurePooledObject<System.Collections.Generic.Stack<System.Collections.Immutable.RefAsValueType<System.Collections.Immutable.ImmutableSortedDictionary<System.Type, System.ValueTuple<Microsoft.EntityFrameworkCore.Infrastructure.IDbContextOptionsExtension, System.Int32>>+Node>>>
7ffcf3e42e10      77      4,928 Order.API.Controllers.OrderController+<>c__DisplayClass11_0+<<GetSubOrder>b__0>d
7ffcf5ad2250     154      4,928 System.Collections.Generic.List<FluentValidation.Results.ValidationFailure>
7ffcf5ad4228      77      4,928 System.Func<FluentValidation.IValidator<Order.Business.Mediator.Commands.Order.GetSubOrderCommand>, FluentValidation.Results.ValidationResult>
7ffcf5ad4cc0      77      4,928 System.Linq.Enumerable+SelectManySingleSelectorIterator<FluentValidation.Results.ValidationResult, FluentValidation.Results.ValidationFailure>
7ffcf61f2638      56      4,928 Microsoft.EntityFrameworkCore.ChangeTracking.Internal.NullableValueComparer<System.Decimal>
7ffcf479ae98     206      4,944 System.Collections.Generic.Dictionary<System.String, System.String>+KeyCollection
7ffcf4b0ba60     206      4,944 Microsoft.AspNetCore.Routing.RouteNameMetadata
7ffcf4b0d800     206      4,944 Microsoft.AspNetCore.Routing.RouteEndpointBuilder+RouteDiagnosticsMetadata
7ffcf63c2a28       2      4,944 System.Collections.Generic.Dictionary<System.Reflection.MethodInfo, System.Reflection.MethodInfo>+Entry[]
7ffcf46e7c58      78      4,992 Utility.Package.Extensions.ControllerExtension+HandleDelegateAsync
7ffcf6d10b68      39      4,992 Microsoft.EntityFrameworkCore.Query.Internal.SingleQueryingEnumerable<Order.Infrastructure.Entities.Package.PackageInfoModel>+Enumerator
7ffcf6d1b878     157      5,024 Microsoft.EntityFrameworkCore.Query.Internal.EntityQueryable<Order.Infrastructure.Entities.Package.PackageTbModel>
7ffcf6bc5958      53      5,048 Microsoft.EntityFrameworkCore.Query.Internal.SplitQueryCollectionContext[]
7ffcf43795a0      80      5,120 System.Threading.TimerCallback
7ffcf43f3f78     107      5,136 AutoMapper.ResolutionContext
7ffcf44d9a40      92      5,152 Microsoft.AspNetCore.Mvc.ModelBinding.ModelStateDictionary
7ffcf432ed08      92      5,152 Microsoft.AspNetCore.Mvc.ControllerContext
7ffcf6d9e550     161      5,152 Microsoft.EntityFrameworkCore.ChangeTracking.Internal.Snapshot<System.Guid>
7ffcf6479a10      92      5,152 System.Collections.Generic.SortedSet<System.Collections.Generic.KeyValuePair<System.String, Microsoft.EntityFrameworkCore.Metadata.Internal.UniqueConstraint>>+Node
7ffcf5752380      92      5,152 System.Collections.Concurrent.ConcurrentDictionary<System.ValueTuple<System.Type, System.String>, System.Func<Microsoft.EntityFrameworkCore.DbContext, System.String, System.Object>>+Node
7ffcf5cbeb28      92      5,152 System.Collections.Generic.SortedSet<System.Collections.Generic.KeyValuePair<System.Collections.Generic.IReadOnlyList<Microsoft.EntityFrameworkCore.Metadata.IReadOnlyProperty>, Microsoft.EntityFrameworkCore.Metadata.Internal.Key>>+Node
7ffcf6d30aa8      43      5,160 Microsoft.EntityFrameworkCore.Query.Internal.SingleQueryingEnumerable<System.Boolean>+Enumerator
7ffcf4306d88     215      5,160 System.Threading.Tasks.TaskCompletionSource
7ffcf69b6540     216      5,184 Microsoft.EntityFrameworkCore.EntityFrameworkQueryableExtensions+IncludableQueryable<Order.Infrastructure.Entities.SubOrderModels.SubOrderModel, System.Collections.Generic.ICollection<Order.Infrastructure.Entities.SubOrderModels.SubOrderItemTaxModel>>
7ffcf6d59058      81      5,184 Microsoft.EntityFrameworkCore.ChangeTracking.Internal.IdentityMap<System.Guid>
7ffcf6f36150      81      5,184 Microsoft.AspNetCore.Mvc.ViewFeatures.TempDataDictionary
7ffcf65bc200     216      5,184 Microsoft.EntityFrameworkCore.Query.QuerySqlGenerator+<>c__DisplayClass20_0
7ffcf65bc758     216      5,184 Microsoft.EntityFrameworkCore.Query.QuerySqlGenerator+<>c__DisplayClass17_0
7ffcf48328f0     108      5,184 System.Net.Sockets.SafeSocketHandle
7ffcf5886b18      81      5,184 AutoMapper.Configuration.MemberConfigurationExpression<Order.Business.Mediator.Commands.OrderFront.OrderAddressFrontManualViewModel, Order.Infrastructure.Entities.SubOrderModels.SubOrderAddressModel, System.String>
7ffcf5872708      81      5,184 AutoMapper.Configuration.MemberConfigurationExpression<Order.Business.Mediator.Commands.OrderFront.OrderAddressFrontManualViewModel, Order.Infrastructure.Entities.OrderModels.OrderAddressModel, System.String>
7ffcf55d6500      93      5,208 Microsoft.EntityFrameworkCore.Diagnostics.Internal.Interceptors
7ffcf55e3018      93      5,208 Microsoft.EntityFrameworkCore.ModelCreationDependencies
7ffcf55d3da8      93      5,208 Microsoft.EntityFrameworkCore.ChangeTracking.Internal.ChangeTrackerFactory
7ffcf5385c78      93      5,208 Microsoft.EntityFrameworkCore.SqlServer.Storage.Internal.SqlServerDatabaseCreator
7ffcf5c4dba8      93      5,208 System.Collections.Generic.SortedSet<System.Collections.Generic.KeyValuePair<System.String, Microsoft.EntityFrameworkCore.Metadata.Internal.EntityType>>+Node
7ffcf5aacb70      94      5,232 FluentValidation.IValidationRuleInternal<Order.Business.Mediator.Commands.Order.GetSubOrderCommand>[]
7ffcf5acc890      94      5,232 FluentValidation.Internal.RuleComponent<Order.Business.Mediator.Commands.Order.GetSubOrderCommand, Order.Business.Mediator.Commands.Order.GetSubOrderCommand>[]
7ffcf6434d90      94      5,232 Microsoft.EntityFrameworkCore.Metadata.Internal.TableMappingBase<Microsoft.EntityFrameworkCore.Metadata.Internal.ColumnMappingBase>[]
7ffcf6451028      94      5,232 Microsoft.EntityFrameworkCore.Metadata.Internal.TableMapping[]
7ffcf69a7b50      41      5,248 Microsoft.EntityFrameworkCore.Query.Internal.SingleQueryingEnumerable<Order.Infrastructure.Entities.OrderReference.OrderReferenceModel>+Enumerator
7ffcf43fbd60      94      5,264 System.Collections.Concurrent.ConcurrentDictionary<System.ValueTuple<System.Guid, System.Guid>, System.Object>+Tables
7ffcf588e550     165      5,280 System.Linq.Expressions.Expression1<System.Func<Order.Infrastructure.Entities.SubOrderModels.SubOrderItemModel, Order.Infrastructure.Entities.SubOrderModels.SubOrderItemAmountModel>>
7ffcf69b5cc8     165      5,280 System.Linq.Expressions.Expression1<System.Func<Order.Infrastructure.Entities.SubOrderModels.SubOrderItemAmountModel, Order.Infrastructure.Entities.SubOrderModels.SubOrderItemAmtDtlModel>>
7ffcf69b63c0     165      5,280 System.Linq.Expressions.Expression1<System.Func<Order.Infrastructure.Entities.SubOrderModels.SubOrderItemAmtDtlModel, System.Collections.Generic.ICollection<Order.Infrastructure.Entities.SubOrderModels.SubOrderItemTaxModel>>>
7ffcf5885e48     165      5,280 System.Linq.Expressions.Expression1<System.Func<Order.Infrastructure.Entities.SubOrderModels.SubOrderModel, System.Collections.Generic.ICollection<Order.Infrastructure.Entities.SubOrderModels.SubOrderFeeModel>>>
7ffcf61cf820     132      5,280 System.Linq.Expressions.Expression2<System.Func<System.Nullable<System.Int32>, System.Nullable<System.Int32>, System.Boolean>>
7ffcf5215070     166      5,312 Microsoft.AspNetCore.Routing.DecisionTree.DecisionCriterion<Microsoft.AspNetCore.Routing.Tree.OutboundMatch>
7ffcf4efe8d8      96      5,376 Microsoft.AspNetCore.Http.Features.RequestServicesFeature
7ffcf5a5d850      96      5,376 Microsoft.AspNetCore.Http.Features.QueryFeature
7ffcf57dba20      84      5,376 AutoMapper.Configuration.MemberConfigurationExpression<Order.Infrastructure.Entities.OrderModels.OrderAddressModel, Order.Business.Model.Response.orderAddress, System.String>
7ffcf3976da8     226      5,424 System.Reflection.Emit.OpCode
7ffcf4f6b330      19      5,464 System.ArraySegment<System.Byte>[]
7ffcf45c2518     171      5,472 Microsoft.Extensions.Logging.EventId
7ffcf3c2bcf8     233      5,592 System.Reflection.DefaultMemberAttribute
7ffcf4b647d8     101      5,624 Microsoft.AspNetCore.Mvc.ApiExplorer.ApiRequestFormat[]
7ffcf5c75890      38      5,648 Microsoft.EntityFrameworkCore.Utilities.OrderedDictionary<System.Reflection.PropertyInfo, System.ValueTuple<System.Type, System.Nullable<System.Boolean>>>+Entry[]
7ffcf4e23088     102      5,712 System.IO.Pipelines.BufferSegmentStack+SegmentAsValueType[]
7ffcf5af5e28     131      5,720 CommonApiMessage.AggregatesModel.SubOrderMessage.SubOrderMessageViewModel[]
7ffcf68883e0      72      5,760 System.Collections.Generic.Dictionary<System.String, System.Tuple<System.String, System.String>>
7ffcf6891928      72      5,760 System.Collections.Generic.Dictionary<System.IntPtr, Microsoft.Data.SqlClient.SNIPacket>
7ffcf5af60e8     180      5,760 <>f__AnonymousType11<System.String, System.String>
7ffcf429d8d8     144      5,760 System.Dynamic.Utils.CacheDict<System.Type, System.Reflection.MethodInfo>+Entry
7ffcf5aa0450      80      5,760 System.Threading.Tasks.Task<CommonApiMessage.AggregatesModel.SubOrderMessage.SubOrderMessageViewModel>
7ffcf640ed58      60      5,760 Microsoft.EntityFrameworkCore.Metadata.Internal.ForeignKeyConstraint
7ffcf62d8360     120      5,760 System.Collections.Generic.SortedSet<Microsoft.EntityFrameworkCore.Metadata.RuntimeForeignKey>
7ffcf4702650     181      5,792 Microsoft.AspNetCore.Routing.HttpMethodMetadata
7ffcf4702828     181      5,792 System.Collections.Generic.List<Microsoft.AspNetCore.Mvc.ActionConstraints.IActionConstraintMetadata>
7ffcf4b63810     181      5,792 System.Collections.Generic.List<Microsoft.AspNetCore.Mvc.ApiExplorer.ApiParameterDescription>
7ffcf4b63d28     181      5,792 System.Collections.Generic.List<Microsoft.AspNetCore.Mvc.ApiExplorer.ApiRequestFormat>
7ffcf4b64220     181      5,792 System.Collections.Generic.List<Microsoft.AspNetCore.Mvc.ApiExplorer.ApiResponseType>
7ffcf52050c0     181      5,792 Microsoft.AspNetCore.Routing.Tree.InboundMatch
7ffcf5207650     181      5,792 Microsoft.AspNetCore.Routing.Tree.OutboundMatch
7ffcf4702db8     182      5,816 Microsoft.AspNetCore.Mvc.ActionConstraints.IActionConstraintMetadata[]
7ffcf475a498     182      5,824 System.Collections.Generic.List<Microsoft.AspNetCore.Routing.Template.TemplateSegment>
7ffcf39e5898     146      5,840 System.Reflection.CerHashtable<System.String, System.Reflection.RuntimePropertyInfo[]>+Table
7ffcf4758270     109      5,848 Microsoft.AspNetCore.Routing.Patterns.RoutePatternParameterPart[]
7ffcf4349570      98      5,872 Microsoft.AspNetCore.Mvc.ModelBinding.ModelMetadata[]
7ffcf46e7410      92      5,888 Utility.Package.Middlewares.DecryptAndBindingMiddleware+<InvokeAsync>d__5
7ffcf5a57948      92      5,888 CommonBuilder.Commons.Implementation.ForController.BaseHeader
7ffcf5aa4c88      92      5,888 MediatR.RequestHandlerDelegate<CommonApiMessage.AggregatesModel.SubOrderMessage.SubOrderMessageViewModel>
7ffcf62a2190      92      5,888 Microsoft.EntityFrameworkCore.Metadata.RuntimeKey
7ffcf5b268f0      23      5,888 Microsoft.EntityFrameworkCore.SqlServer.Storage.Internal.SqlServerDecimalTypeMapping
7ffcf374d1c0     106      5,936 Microsoft.Extensions.DependencyModel.RuntimeAssetGroup[]
7ffcf5757288      93      5,952 Microsoft.EntityFrameworkCore.Internal.InternalDbSet<Order.Infrastructure.Entities.Setting.AllowedStatusModel>
7ffcf5757d40      93      5,952 Microsoft.EntityFrameworkCore.Internal.InternalDbSet<Order.Infrastructure.Entities.Setting.BackGroudSeviceModel>
7ffcf5757ff8      93      5,952 Microsoft.EntityFrameworkCore.Internal.InternalDbSet<Order.Infrastructure.Entities.StoreLocation.BuModel>
7ffcf5758330      93      5,952 Microsoft.EntityFrameworkCore.Internal.InternalDbSet<Order.Infrastructure.Entities.EmailMaster.EmailMasterModel>
7ffcf575a230      93      5,952 Microsoft.EntityFrameworkCore.Internal.InternalDbSet<Order.Infrastructure.Entities.EmailMaster.EmailRecipientModel>
7ffcf575a5a8      93      5,952 Microsoft.EntityFrameworkCore.Internal.InternalDbSet<Order.Infrastructure.Entities.MessageLog.ExternalLogModel>
7ffcf575a950      93      5,952 Microsoft.EntityFrameworkCore.Internal.InternalDbSet<Order.Infrastructure.Entities.SettingModel.FunctionModel>
7ffcf575acf8      93      5,952 Microsoft.EntityFrameworkCore.Internal.InternalDbSet<Order.Infrastructure.Entities.MessageLog.HttpLogModel>
7ffcf575b0a0      93      5,952 Microsoft.EntityFrameworkCore.Internal.InternalDbSet<Order.Infrastructure.Entities.Log.InternalLog>
7ffcf575b498      93      5,952 Microsoft.EntityFrameworkCore.Internal.InternalDbSet<Order.Infrastructure.Entities.OrderItemInformation.OrderItemOtherInfoModel>
7ffcf575b800      93      5,952 Microsoft.EntityFrameworkCore.Internal.InternalDbSet<Order.Infrastructure.Entities.MessageLog.MessageLogsModel>
7ffcf575bb98      93      5,952 Microsoft.EntityFrameworkCore.Internal.InternalDbSet<Order.Infrastructure.Entities.OrderModels.OrderModel>
7ffcf575bf80      93      5,952 Microsoft.EntityFrameworkCore.Internal.InternalDbSet<Order.Infrastructure.Entities.OrderModels.OrderAddressModel>
7ffcf575c318      93      5,952 Microsoft.EntityFrameworkCore.Internal.InternalDbSet<Order.Infrastructure.Entities.OrderModels.OrderCustomerModel>
7ffcf575c6d0      93      5,952 Microsoft.EntityFrameworkCore.Internal.InternalDbSet<Order.Infrastructure.Entities.OrderModels.OrderFeeAmountModel>
7ffcf575ca38      93      5,952 Microsoft.EntityFrameworkCore.Internal.InternalDbSet<Order.Infrastructure.Entities.OrderModels.OrderFeeAmountDtlModel>
7ffcf575cde0      93      5,952 Microsoft.EntityFrameworkCore.Internal.InternalDbSet<Order.Infrastructure.Entities.OrderModels.OrderFeeModel>
7ffcf575d188      93      5,952 Microsoft.EntityFrameworkCore.Internal.InternalDbSet<Order.Infrastructure.Entities.OrderModels.OrderFeePaymentModel>
7ffcf575d530      93      5,952 Microsoft.EntityFrameworkCore.Internal.InternalDbSet<Order.Infrastructure.Entities.OrderModels.OrderFeeTaxModel>
7ffcf575d8d8      93      5,952 Microsoft.EntityFrameworkCore.Internal.InternalDbSet<Order.Infrastructure.Entities.OrderModels.OrderItemModel>
7ffcf575f0c0      93      5,952 Microsoft.EntityFrameworkCore.Internal.InternalDbSet<Order.Infrastructure.Entities.OrderModels.OrderItemAmountModel>
7ffcf575f468      93      5,952 Microsoft.EntityFrameworkCore.Internal.InternalDbSet<Order.Infrastructure.Entities.OrderModels.OrderItemAmountDtlModel>
7ffcf5761360      93      5,952 Microsoft.EntityFrameworkCore.Internal.InternalDbSet<Order.Infrastructure.Entities.OrderModels.OrderItemBarcodeModel>
7ffcf5761780      93      5,952 Microsoft.EntityFrameworkCore.Internal.InternalDbSet<Order.Infrastructure.Entities.OrderModels.OrderItemDeliveryWindowModel>
7ffcf5761b28      93      5,952 Microsoft.EntityFrameworkCore.Internal.InternalDbSet<Order.Infrastructure.Entities.OrderModels.OrderItemFulFillmentModel>
7ffcf5761ed0      93      5,952 Microsoft.EntityFrameworkCore.Internal.InternalDbSet<Order.Infrastructure.Entities.OrderModels.OrderItemFulFillmentServiceTypeModel>
7ffcf5762278      93      5,952 Microsoft.EntityFrameworkCore.Internal.InternalDbSet<Order.Infrastructure.Entities.OrderModels.OrderItemPaymentModel>
7ffcf575e080      93      5,952 Microsoft.EntityFrameworkCore.Internal.InternalDbSet<Order.Infrastructure.Entities.OrderModels.OrderItemPromotionModel>
7ffcf575e410      93      5,952 Microsoft.EntityFrameworkCore.Internal.InternalDbSet<Order.Infrastructure.Entities.OrderModels.OrderItemPromotionsModel>
7ffcf5762810      93      5,952 Microsoft.EntityFrameworkCore.Internal.InternalDbSet<Order.Infrastructure.Entities.OrderModels.OrderItemRemarkModel>
7ffcf5762ba8      93      5,952 Microsoft.EntityFrameworkCore.Internal.InternalDbSet<Order.Infrastructure.Entities.OrderModels.OrderItemTaxModel>
7ffcf5762f40      93      5,952 Microsoft.EntityFrameworkCore.Internal.InternalDbSet<Order.Infrastructure.Entities.SysStatusAggregate.OrderOutboxModel>
7ffcf57632d8      93      5,952 Microsoft.EntityFrameworkCore.Internal.InternalDbSet<Order.Infrastructure.Entities.OrderModels.OrderPaymentModel>
7ffcf57651c8      93      5,952 Microsoft.EntityFrameworkCore.Internal.InternalDbSet<Order.Infrastructure.Entities.OrderModels.OrderPaymentTransactionModel>
7ffcf5765570      93      5,952 Microsoft.EntityFrameworkCore.Internal.InternalDbSet<Order.Infrastructure.Entities.OrderProcessCondition.OrderProcessConditionModel>
7ffcf5765918      93      5,952 Microsoft.EntityFrameworkCore.Internal.InternalDbSet<Order.Infrastructure.Entities.OrderModels.OrderPromotionModel>
7ffcf5765cc0      93      5,952 Microsoft.EntityFrameworkCore.Internal.InternalDbSet<Order.Infrastructure.Entities.OrderModels.OrderPromotionAmountModel>
7ffcf5766068      93      5,952 Microsoft.EntityFrameworkCore.Internal.InternalDbSet<Order.Infrastructure.Entities.OrderReference.OrderReferenceModel>
7ffcf5766410      93      5,952 Microsoft.EntityFrameworkCore.Internal.InternalDbSet<Order.Infrastructure.Entities.OrderModels.OrderRemarkModel>
7ffcf57667b8      93      5,952 Microsoft.EntityFrameworkCore.Internal.InternalDbSet<Order.Infrastructure.Entities.OrderReturn.OrderReturnModel>
7ffcf5766b60      93      5,952 Microsoft.EntityFrameworkCore.Internal.InternalDbSet<Order.Infrastructure.Entities.OrderReturn.OrderReturnItemModel>
7ffcf5766f08      93      5,952 Microsoft.EntityFrameworkCore.Internal.InternalDbSet<Order.Infrastructure.Entities.SysStatusAggregate.OrderSagaModel>
7ffcf57672b0      93      5,952 Microsoft.EntityFrameworkCore.Internal.InternalDbSet<Order.Infrastructure.Entities.OrderStaging.OrderStagingModel>
7ffcf5767658      93      5,952 Microsoft.EntityFrameworkCore.Internal.InternalDbSet<Order.Infrastructure.Entities.PackageAuditInfo.PackageAuditInfoModel>
7ffcf5767a00      93      5,952 Microsoft.EntityFrameworkCore.Internal.InternalDbSet<Order.Infrastructure.Entities.Package.PackageInfoModel>
7ffcf57699c0      93      5,952 Microsoft.EntityFrameworkCore.Internal.InternalDbSet<Order.Infrastructure.Entities.Package.PackageTbModel>
7ffcf5769d68      93      5,952 Microsoft.EntityFrameworkCore.Internal.InternalDbSet<Order.Infrastructure.Entities.ProcessOrder.ProcessOrderModel>
7ffcf576a120      93      5,952 Microsoft.EntityFrameworkCore.Internal.InternalDbSet<Order.Infrastructure.Entities.ProcessOrder.ProcessOrderItemModel>
7ffcf576a4b8      93      5,952 Microsoft.EntityFrameworkCore.Internal.InternalDbSet<Order.Infrastructure.Entities.Promotion.ConditionPromotionItemModel>
7ffcf576a860      93      5,952 Microsoft.EntityFrameworkCore.Internal.InternalDbSet<Order.Infrastructure.Entities.Promotion.PromotionItemModel>
7ffcf576ac08      93      5,952 Microsoft.EntityFrameworkCore.Internal.InternalDbSet<Order.Infrastructure.Entities.Setting.StateControlModel>
7ffcf576afb0      93      5,952 Microsoft.EntityFrameworkCore.Internal.InternalDbSet<Order.Infrastructure.Entities.StoreLocation.StoreLocationModel>
7ffcf576b420      93      5,952 Microsoft.EntityFrameworkCore.Internal.InternalDbSet<Order.Infrastructure.Entities.SubOrderModels.SubOrderModel>
7ffcf576b710      93      5,952 Microsoft.EntityFrameworkCore.Internal.InternalDbSet<Order.Infrastructure.Entities.SubOrderModels.SubOrderAddressModel>
7ffcf576baa8      93      5,952 Microsoft.EntityFrameworkCore.Internal.InternalDbSet<Order.Infrastructure.Entities.SubOrderModels.SubOrderFeeAmountModel>
7ffcf576be50      93      5,952 Microsoft.EntityFrameworkCore.Internal.InternalDbSet<Order.Infrastructure.Entities.SubOrderModels.SubOrderFeeAmountDtlModel>
7ffcf576c228      93      5,952 Microsoft.EntityFrameworkCore.Internal.InternalDbSet<Order.Infrastructure.Entities.SubOrderModels.SubOrderFeeModel>
7ffcf5781fb8      93      5,952 Microsoft.EntityFrameworkCore.Internal.InternalDbSet<Order.Infrastructure.Entities.SubOrderModels.SubOrderFeePaymentModel>
7ffcf57801c8      93      5,952 Microsoft.EntityFrameworkCore.Internal.InternalDbSet<Order.Infrastructure.Entities.SubOrderModels.SubOrderFeeTaxModel>
7ffcf5780570      93      5,952 Microsoft.EntityFrameworkCore.Internal.InternalDbSet<Order.Infrastructure.Entities.SubOrderModels.SubOrderItemModel>
7ffcf5780938      93      5,952 Microsoft.EntityFrameworkCore.Internal.InternalDbSet<Order.Infrastructure.Entities.SubOrderModels.SubOrderItemAmountModel>
7ffcf5780cd0      93      5,952 Microsoft.EntityFrameworkCore.Internal.InternalDbSet<Order.Infrastructure.Entities.SubOrderModels.SubOrderItemAmtDtlModel>
7ffcf5781078      93      5,952 Microsoft.EntityFrameworkCore.Internal.InternalDbSet<Order.Infrastructure.Entities.SubOrderModels.SubOrderItemBarcodeModel>
7ffcf5781420      93      5,952 Microsoft.EntityFrameworkCore.Internal.InternalDbSet<Order.Infrastructure.Entities.SubOrderModels.SubOrderItemDeliveryWindowModel>
7ffcf57817c8      93      5,952 Microsoft.EntityFrameworkCore.Internal.InternalDbSet<Order.Infrastructure.Entities.SubOrderModels.SubOrderItemFulFillmentModel>
7ffcf576c530      93      5,952 Microsoft.EntityFrameworkCore.Internal.InternalDbSet<Order.Infrastructure.Entities.SubOrderModels.SubOrderItemFulFillmentServiceTypeModel>
7ffcf576c8c8      93      5,952 Microsoft.EntityFrameworkCore.Internal.InternalDbSet<Order.Infrastructure.Entities.SubOrderModels.SubOrderItemPayModel>
7ffcf576cc60      93      5,952 Microsoft.EntityFrameworkCore.Internal.InternalDbSet<Order.Infrastructure.Entities.SubOrderModels.SubOrderItemPromotionModel>
7ffcf576cff8      93      5,952 Microsoft.EntityFrameworkCore.Internal.InternalDbSet<Order.Infrastructure.Entities.SubOrderModels.SubOrderItemPromotionsModel>
7ffcf576d390      93      5,952 Microsoft.EntityFrameworkCore.Internal.InternalDbSet<Order.Infrastructure.Entities.SubOrderModels.SubOrderItemRemarkModel>
7ffcf57834d8      93      5,952 Microsoft.EntityFrameworkCore.Internal.InternalDbSet<Order.Infrastructure.Entities.SubOrderModels.SubOrderItemTaxModel>
7ffcf5783870      93      5,952 Microsoft.EntityFrameworkCore.Internal.InternalDbSet<Order.Infrastructure.Entities.SubOrderModels.SubOrderPromotionModel>
7ffcf5783c08      93      5,952 Microsoft.EntityFrameworkCore.Internal.InternalDbSet<Order.Infrastructure.Entities.SubOrderModels.SubOrderPromotionAmountModel>
7ffcf5783fa0      93      5,952 Microsoft.EntityFrameworkCore.Internal.InternalDbSet<Order.Infrastructure.Entities.SubOrderModels.SubOrderRemarkModel>
7ffcf5784338      93      5,952 Microsoft.EntityFrameworkCore.Internal.InternalDbSet<Order.Infrastructure.Entities.MasterData.SysAddressTypeModel>
7ffcf57846d0      93      5,952 Microsoft.EntityFrameworkCore.Internal.InternalDbSet<Order.Infrastructure.Entities.MasterData.SysChannelModel>
7ffcf5784a68      93      5,952 Microsoft.EntityFrameworkCore.Internal.InternalDbSet<Order.Infrastructure.Entities.MasterData.SysConfigChannelUploadMappingModel>
7ffcf5784e00      93      5,952 Microsoft.EntityFrameworkCore.Internal.InternalDbSet<Order.Infrastructure.Entities.MasterData.SysDeliverySubTypeModel>
7ffcf5785198      93      5,952 Microsoft.EntityFrameworkCore.Internal.InternalDbSet<Order.Infrastructure.Entities.MasterData.SysDeliveryTypeModel>
7ffcf5785560      93      5,952 Microsoft.EntityFrameworkCore.Internal.InternalDbSet<Order.Infrastructure.Entities.MasterData.SysFulfillmentOptionModel>
7ffcf5785928      93      5,952 Microsoft.EntityFrameworkCore.Internal.InternalDbSet<Order.Infrastructure.Entities.MasterData.SysFulfillmentPriorityModel>
7ffcf5785c90      93      5,952 Microsoft.EntityFrameworkCore.Internal.InternalDbSet<Order.Infrastructure.Entities.MasterData.SysFulfillmentTypeModel>
7ffcf5786028      93      5,952 Microsoft.EntityFrameworkCore.Internal.InternalDbSet<Order.Infrastructure.Entities.SettingModel.SysFunctionConfigModel>
7ffcf57863d0      93      5,952 Microsoft.EntityFrameworkCore.Internal.InternalDbSet<Order.Infrastructure.Entities.SettingModel.SysFunctionModel>
7ffcf5786788      93      5,952 Microsoft.EntityFrameworkCore.Internal.InternalDbSet<Order.Infrastructure.Entities.MasterData.SysInsuranceConfigurationModel>
7ffcf5786b50      93      5,952 Microsoft.EntityFrameworkCore.Internal.InternalDbSet<Order.Infrastructure.Entities.MasterData.SysOrderFulfillmentTypeModel>
7ffcf5786ec8      93      5,952 Microsoft.EntityFrameworkCore.Internal.InternalDbSet<Order.Infrastructure.Entities.MasterData.SysOrderTypeModel>
7ffcf5787270      93      5,952 Microsoft.EntityFrameworkCore.Internal.InternalDbSet<Order.Infrastructure.Entities.MasterData.SysRoleChannelMappingModel>
7ffcf57876e0      93      5,952 Microsoft.EntityFrameworkCore.Internal.InternalDbSet<Order.Infrastructure.Entities.SysRunningNumber.SysRunningNumberModel>
7ffcf57879d0      93      5,952 Microsoft.EntityFrameworkCore.Internal.InternalDbSet<Order.Infrastructure.Entities.SysRunningNumber.SysRunningNumberTypeModel>
7ffcf5787d68      93      5,952 Microsoft.EntityFrameworkCore.Internal.InternalDbSet<Order.Infrastructure.Entities.SysStatusAggregate.SysStatusAggregateModel>
7ffcf5788110      93      5,952 Microsoft.EntityFrameworkCore.Internal.InternalDbSet<Order.Infrastructure.Entities.MasterData.SysStatusModel>
7ffcf5acf008      93      5,952 System.Func<Order.Business.Mediator.Commands.Order.GetSubOrderCommand, Order.Business.Mediator.Commands.Order.GetSubOrderCommand, FluentValidation.ValidationContext<Order.Business.Mediator.Commands.Order.GetSubOrderCommand>, System.Boolean>
7ffcf55d47e8      93      5,952 Microsoft.EntityFrameworkCore.Internal.DbContextServices
7ffcf5b04a30      93      5,952 Microsoft.EntityFrameworkCore.Diagnostics.Internal.DiagnosticsLogger<Microsoft.EntityFrameworkCore.DbLoggerCategory+ChangeTracking>
7ffcf5343630      93      5,952 Microsoft.EntityFrameworkCore.Diagnostics.Internal.DiagnosticsLogger<Microsoft.EntityFrameworkCore.DbLoggerCategory+Infrastructure>
7ffcf5b0bfd8      93      5,952 Microsoft.EntityFrameworkCore.SqlServerRetryingExecutionStrategy
7ffcf55e0f88      93      5,952 Microsoft.EntityFrameworkCore.Query.QueryContextDependencies
7ffcf5b05ec0      93      5,952 Microsoft.EntityFrameworkCore.Diagnostics.Internal.DiagnosticsLogger<Microsoft.EntityFrameworkCore.DbLoggerCategory+Query>
7ffcf5b06148      93      5,952 Microsoft.EntityFrameworkCore.Diagnostics.Internal.DiagnosticsLogger<Microsoft.EntityFrameworkCore.DbLoggerCategory+Database+Transaction>
7ffcf5bb5e00      93      5,952 Microsoft.EntityFrameworkCore.Diagnostics.Internal.DiagnosticsLogger<Microsoft.EntityFrameworkCore.DbLoggerCategory+Model>
7ffcf5bb5ef8      93      5,952 Microsoft.EntityFrameworkCore.Diagnostics.Internal.DiagnosticsLogger<Microsoft.EntityFrameworkCore.DbLoggerCategory+Model+Validation>
7ffcf62e4ff0     186      5,952 System.Collections.Generic.List<Microsoft.EntityFrameworkCore.Query.IMemberTranslator>
7ffcf62e3560     186      5,952 Microsoft.EntityFrameworkCore.SqlServer.Query.Internal.SqlServerVectorTranslator
7ffcf62e76d0     186      5,952 System.Collections.Generic.List<Microsoft.EntityFrameworkCore.Query.IMethodCallTranslator>
7ffcf53bb5c8      93      5,952 Microsoft.EntityFrameworkCore.Query.RelationalSqlTranslatingExpressionVisitorDependencies
7ffcf62ed198     186      5,952 System.Collections.Generic.List<Microsoft.EntityFrameworkCore.Query.IAggregateMethodCallTranslator>
7ffcf5b06460      93      5,952 Microsoft.EntityFrameworkCore.Diagnostics.Internal.DiagnosticsLogger<Microsoft.EntityFrameworkCore.DbLoggerCategory+Update>
7ffcf53b8978      93      5,952 Microsoft.EntityFrameworkCore.Update.ModificationCommandBatchFactoryDependencies
7ffcf63098c8      93      5,952 System.Collections.Generic.HashSet<Microsoft.EntityFrameworkCore.Update.IReadOnlyModificationCommand>
7ffcf5381778      93      5,952 Microsoft.EntityFrameworkCore.SqlServer.ValueGeneration.Internal.SqlServerValueGeneratorSelector
7ffcf6575a00      93      5,952 Microsoft.EntityFrameworkCore.Diagnostics.Internal.DiagnosticsLogger<Microsoft.EntityFrameworkCore.DbLoggerCategory+Migrations>
7ffcf5383560      93      5,952 Microsoft.EntityFrameworkCore.Migrations.SqlServerMigrationsSqlGenerator
7ffcf62c5660      93      5,952 Microsoft.EntityFrameworkCore.Utilities.OrderedDictionary<System.String, Microsoft.EntityFrameworkCore.Metadata.RuntimeProperty>
7ffcf62c1a20      93      5,952 Microsoft.EntityFrameworkCore.Utilities.OrderedDictionary<System.String, Microsoft.EntityFrameworkCore.Metadata.RuntimeNavigation>
7ffcf62c21f0      93      5,952 Microsoft.EntityFrameworkCore.Utilities.OrderedDictionary<System.Collections.Generic.IReadOnlyList<Microsoft.EntityFrameworkCore.Metadata.IReadOnlyProperty>, Microsoft.EntityFrameworkCore.Metadata.RuntimeIndex>
7ffcf62c3960      93      5,952 Microsoft.EntityFrameworkCore.Utilities.OrderedDictionary<System.String, Microsoft.EntityFrameworkCore.Metadata.RuntimeIndex>
7ffcf62c29c0      93      5,952 Microsoft.EntityFrameworkCore.Utilities.OrderedDictionary<System.Collections.Generic.IReadOnlyList<Microsoft.EntityFrameworkCore.Metadata.IReadOnlyProperty>, Microsoft.EntityFrameworkCore.Metadata.RuntimeKey>
7ffcf6432968      93      5,952 Microsoft.EntityFrameworkCore.Metadata.Internal.TableMappingBase<Microsoft.EntityFrameworkCore.Metadata.Internal.ColumnMappingBase>
7ffcf5c71ff0      93      5,952 Microsoft.EntityFrameworkCore.Utilities.OrderedDictionary<System.Reflection.PropertyInfo, System.ValueTuple<System.Type, System.Nullable<System.Boolean>>>
7ffcf62ec810     110      5,976 Microsoft.EntityFrameworkCore.Query.IAggregateMethodCallTranslator[]
7ffcf34ff080      25      6,000 System.Buffers.SharedArrayPoolPartitions[]
7ffcf52f6970      94      6,016 System.Func<Microsoft.EntityFrameworkCore.Storage.ExecutionStrategyDependencies, Microsoft.EntityFrameworkCore.Storage.IExecutionStrategy>
7ffcf5aa6ba8      94      6,016 System.Func<Order.Business.Mediator.Commands.Order.GetSubOrderCommand, Order.Business.Mediator.Commands.Order.GetSubOrderCommand>
7ffcf5aab0c0      95      6,080 System.Func<FluentValidation.CascadeMode>
7ffcf46825e0      76      6,080 Order.Domain.AggregatesModel.SubOrder.SubOrderRepository
7ffcf4683c48     152      6,080 Order.Domain.AggregatesModel.StatusFlow.StatusFlowRepository
7ffcf4695770      76      6,080 Order.Domain.AggregatesModel.Order.OrderRepository
7ffcf6bc5350     190      6,080 Microsoft.EntityFrameworkCore.Query.Internal.SplitQueryDataReaderContext
7ffcf4e5a7e8      96      6,144 Microsoft.AspNetCore.Http.DefaultHttpResponse
7ffcf5a5c668      96      6,144 Microsoft.AspNetCore.Http.Features.FormFeature
7ffcf59d7a20     192      6,144 System.Collections.Generic.List<CommonApiMessage.AggregatesModel.Package.PackageInfoMessageViewModel>
7ffcf6a355b0      96      6,144 System.Func<Microsoft.EntityFrameworkCore.Query.QueryContext, System.Data.Common.DbDataReader, Microsoft.EntityFrameworkCore.Query.Internal.ResultContext, Microsoft.EntityFrameworkCore.Query.Internal.SplitQueryResultCoordinator, Order.Infrastructure.Entities.SubOrderModels.SubOrderItemTaxModel>
7ffcf52ff710     154      6,160 System.Collections.Immutable.RefAsValueType<System.Collections.Immutable.ImmutableSortedDictionary<System.Type, System.ValueTuple<Microsoft.EntityFrameworkCore.Infrastructure.IDbContextOptionsExtension, System.Int32>>+Node>[]
7ffcf6f0dd90      77      6,160 Microsoft.AspNetCore.Mvc.Infrastructure.ResourceInvoker+ResultExecutingContextSealed
7ffcf5659e18      86      6,192 Microsoft.EntityFrameworkCore.ChangeTracking.ChangeTracker
7ffcf56146d0      97      6,208 System.Func<Microsoft.EntityFrameworkCore.DbContext, System.String, System.Object>
7ffcf5c40a90      60      6,240 Microsoft.EntityFrameworkCore.Metadata.Internal.Index
7ffcf6dead70     196      6,272 Microsoft.EntityFrameworkCore.Query.Internal.EntityQueryable<Order.Infrastructure.Entities.OrderModels.OrderModel>
7ffcf6455cb8       1      6,328 System.Collections.Generic.Dictionary<System.ValueTuple<System.String, System.String>, Microsoft.EntityFrameworkCore.Metadata.Internal.Table>+Entry[]
7ffcf4eff568     200      6,400 System.Collections.Generic.Stack<System.Collections.Generic.KeyValuePair<System.Func<System.Object, System.Threading.Tasks.Task>, System.Object>>
7ffcf61d3690      80      6,400 Microsoft.EntityFrameworkCore.ChangeTracking.ValueComparer+DefaultValueComparer<System.String>
7ffcf4792ce8     190      6,424 Microsoft.AspNetCore.Mvc.Abstractions.ParameterDescriptor[]
7ffcf4dfc4e0     202      6,464 System.Collections.Generic.List<System.Collections.Generic.KeyValuePair<System.Type, System.Object>>
7ffcf69a2d70     101      6,464 Microsoft.EntityFrameworkCore.Storage.ReaderColumn<System.DateTime>
7ffcf69a2910     101      6,464 System.Func<System.Data.Common.DbDataReader, System.Int32[], System.DateTime>
7ffcf61b3ab0      81      6,480 System.Collections.Generic.Dictionary<Microsoft.EntityFrameworkCore.Metadata.IKey, Microsoft.EntityFrameworkCore.ChangeTracking.Internal.IIdentityMap>
7ffcf6d592e0      81      6,480 System.Collections.Generic.Dictionary<System.Guid, Microsoft.EntityFrameworkCore.ChangeTracking.Internal.InternalEntityEntry>
7ffcf68d6c18     162      6,480 System.Collections.ListDictionaryInternal+DictionaryNode
7ffcf6c99650     163      6,520 Microsoft.EntityFrameworkCore.ChangeTracking.Internal.ISnapshot[]
7ffcf3741548     118      6,520 Microsoft.Extensions.DependencyModel.RuntimeFile[]
7ffcf4df54e0     204      6,528 System.IO.Pipelines.Pipe+DefaultPipeReader
7ffcf4df5a80     204      6,528 System.IO.Pipelines.Pipe+DefaultPipeWriter
7ffcf4df3c20     204      6,528 System.IO.Pipelines.DuplexPipe
7ffcf6c4bf20      82      6,560 System.Collections.Generic.Dictionary<System.Object, Microsoft.EntityFrameworkCore.ChangeTracking.Internal.InternalEntityEntry>
7ffcf4797838     205      6,560 System.Collections.Generic.List<Microsoft.AspNetCore.Mvc.Filters.FilterDescriptor>
7ffcf458fe48     129      6,592 Microsoft.AspNetCore.Routing.IRouter[]
7ffcf4acce70     206      6,592 Microsoft.AspNetCore.Http.EndpointMetadataCollection
7ffcf52a1290      92      6,624 Microsoft.AspNetCore.Mvc.Infrastructure.ResourceInvoker+ResourceExecutingContextSealed
7ffcf640dcd8      92      6,624 Microsoft.EntityFrameworkCore.Metadata.Internal.UniqueConstraint
7ffcf4e242f0      52      6,656 Microsoft.AspNetCore.Connections.ConnectionAbortedException
7ffcf59d5e50     209      6,688 System.Collections.Generic.List<CommonApiMessage.AggregatesModel.SubOrderMessage.SubOrderMessageRemarkViewModel>
7ffcf59d6f00     209      6,688 System.Collections.Generic.List<CommonApiMessage.AggregatesModel.SubOrderMessage.SubOrderMessagePromotionViewModel>
7ffcf59d7490     209      6,688 System.Collections.Generic.List<CommonApiMessage.AggregatesModel.SubOrderMessage.SubOrderMessageFeeViewModel>
7ffcf4f10028      93      6,696 System.Threading.Tasks.Task<System.Collections.Generic.IEnumerable<Microsoft.AspNetCore.Authentication.AuthenticationScheme>>
7ffcf55d43e0      93      6,696 Microsoft.EntityFrameworkCore.ChangeTracking.Internal.ChangeDetector
7ffcf5b06b20      93      6,696 Microsoft.EntityFrameworkCore.Diagnostics.IInterceptorAggregator[]
7ffcf53b8ee8      93      6,696 Microsoft.EntityFrameworkCore.Update.Internal.CommandBatchPreparerDependencies
7ffcf630f9b8      93      6,696 Microsoft.EntityFrameworkCore.ChangeTracking.Internal.EntityReferenceMap
7ffcf539dba8      93      6,696 Microsoft.EntityFrameworkCore.Migrations.Internal.MigrationsModelDiffer
7ffcf5a65150      42      6,720 Microsoft.AspNetCore.Mvc.ModelBinding.DefaultModelBindingContext
7ffcf3747d98     210      6,720 System.Collections.Generic.List<Microsoft.Extensions.DependencyModel.RuntimeAssetGroup>
7ffcf6541520     105      6,720 System.Func<System.Object, System.Object, System.Boolean>
7ffcf62a2db8      60      6,720 Microsoft.EntityFrameworkCore.Metadata.RuntimeForeignKey
7ffcf35a3628      94      6,768 System.Threading.ThreadPoolWorkQueueThreadLocals
7ffcf6353360     141      6,768 System.Collections.Concurrent.ConcurrentDictionary<System.Object, System.Object>+Node
7ffcf52a1080      77      6,776 Microsoft.AspNetCore.Mvc.Infrastructure.ResourceInvoker+ResourceExecutedContextSealed
7ffcf62ce3d0     212      6,784 System.Collections.Generic.List<Microsoft.EntityFrameworkCore.Metadata.RuntimeProperty>
7ffcf6470f50     212      6,784 Microsoft.EntityFrameworkCore.Metadata.Internal.Column[]
7ffcf3ee0490     214      6,848 Microsoft.EntityFrameworkCore.DbContextOptions<Order.Infrastructure.OrderContext>
7ffcf55f9ce0     146      6,872 Microsoft.Extensions.DependencyInjection.ServiceLookup.ServiceCallSite[]
7ffcf6886bc8      72      6,912 Microsoft.Data.SqlClient.SessionData
7ffcf6888bb0      72      6,912 System.Collections.Generic.Dictionary<System.String, System.Tuple<System.String, System.String>>+Entry[]
7ffcf6888ff0      72      6,912 Microsoft.Data.SqlClient.SqlConnectionTimeoutPhaseDuration[]
7ffcf6e6a460     108      6,912 System.Func<System.Object, System.Decimal>
7ffcf6e6a310     108      6,912 System.Action<System.Object, System.Decimal>
7ffcf37a86a0     108      6,912 System.Linq.Enumerable+DistinctIterator<System.String>
7ffcf6e93508      28      6,944 System.Text.Json.Serialization.Metadata.JsonPropertyInfo<System.Nullable<System.Decimal>>
7ffcf36933b0     294      7,056 System.DateTime
7ffcf4e7a5a0      98      7,056 System.Net.Http.Headers.KnownHeader
7ffcf4a9da70     100      7,200 Microsoft.AspNetCore.Hosting.HostingApplication+Context
7ffcf6544f88      36      7,208 Microsoft.EntityFrameworkCore.Storage.ReaderColumn[]
7ffcf61d9000      82      7,216 Microsoft.EntityFrameworkCore.ChangeTracking.Internal.NullableValueComparer<System.DateTime>
7ffcf4794920     181      7,240 Microsoft.AspNetCore.Mvc.Routing.AttributeRouteInfo
7ffcf3850030     303      7,272 System.SerializableAttribute
7ffcf3c2be70     303      7,272 System.Runtime.CompilerServices.TypeForwardedFromAttribute
7ffcf4752950     182      7,280 Microsoft.AspNetCore.Routing.Template.RouteTemplate
7ffcf6d1b738     228      7,296 System.Linq.Expressions.Expression1<System.Func<Order.Infrastructure.Entities.Package.PackageTbModel, System.Boolean>>
7ffcf45c2cd0     183      7,320 Microsoft.Extensions.Logging.LogValuesFormatter
7ffcf4dff0e0     102      7,344 Microsoft.AspNetCore.Server.Kestrel.Core.Internal.HttpConnection
7ffcf5c3ae38     153      7,344 System.Collections.Generic.SortedSet<Microsoft.EntityFrameworkCore.Metadata.Internal.ForeignKey>
7ffcf52a2288      92      7,360 Microsoft.AspNetCore.Mvc.Infrastructure.ControllerActionInvoker+ActionExecutingContextSealed
7ffcf5c42268      92      7,360 Microsoft.EntityFrameworkCore.Metadata.Internal.Key
7ffcf4347950       1      7,376 System.Collections.Concurrent.ConcurrentDictionary<Microsoft.AspNetCore.Mvc.ModelBinding.Metadata.ModelMetadataIdentity, Microsoft.AspNetCore.Mvc.ModelBinding.Metadata.DefaultModelMetadataProvider+ModelMetadataCacheEntry>+VolatileNode[]
7ffcf55f2a50       1      7,376 System.Collections.Concurrent.ConcurrentDictionary<Microsoft.Extensions.DependencyInjection.ServiceLookup.ServiceCacheKey, Microsoft.Extensions.DependencyInjection.ServiceLookup.ServiceCallSite>+VolatileNode[]
7ffcf5b5d6d8       1      7,376 System.Collections.Concurrent.ConcurrentDictionary<System.ValueTuple<Microsoft.EntityFrameworkCore.Storage.RelationalTypeMappingInfo, System.Type, Microsoft.EntityFrameworkCore.Storage.ValueConversion.ValueConverter, Microsoft.EntityFrameworkCore.Storage.CoreTypeMapping>, Microsoft.EntityFrameworkCore.Storage.RelationalTypeMapping>+VolatileNode[]
7ffcf407b5f0      77      7,392 Order.Business.Mediator.Handlers.Order.GetSubOrderHandler+<Handle>d__4
7ffcf52a2600      77      7,392 Microsoft.AspNetCore.Mvc.Infrastructure.ControllerActionInvoker+ActionExecutedContextSealed
7ffcf6f0db08      77      7,392 Microsoft.AspNetCore.Mvc.Infrastructure.ResourceInvoker+ResultExecutedContextSealed
7ffcf5c321b0     154      7,392 System.Collections.Concurrent.ConcurrentDictionary<System.Type, System.String>+Node
7ffcf435e9f0      93      7,440 System.Collections.Generic.Dictionary<System.String, Microsoft.AspNetCore.Authentication.IAuthenticationHandler>
7ffcf574e8f8      93      7,440 System.Collections.Generic.Dictionary<System.ValueTuple<System.Type, System.String>, System.Object>
7ffcf5b06ef0      93      7,440 System.Collections.Generic.Dictionary<System.Type, Microsoft.EntityFrameworkCore.Diagnostics.IInterceptorAggregator>
7ffcf53bd028      93      7,440 Microsoft.EntityFrameworkCore.Storage.RelationalConnectionDependencies
7ffcf55df1a8      93      7,440 Microsoft.EntityFrameworkCore.Metadata.Conventions.Infrastructure.ProviderConventionSetBuilderDependencies
7ffcf6304970      93      7,440 System.Collections.Generic.Dictionary<System.Linq.Expressions.Expression, Microsoft.EntityFrameworkCore.Query.LiftableConstantProcessor+LiftedConstantOptimizer+ExpressionInfo>
7ffcf55d6028      93      7,440 Microsoft.EntityFrameworkCore.Query.Internal.QueryCompiler
7ffcf6424300     186      7,440 System.Collections.Generic.SortedDictionary<System.String, Microsoft.EntityFrameworkCore.Metadata.IColumnBase>
7ffcf46e8000      78      7,488 Utility.Package.Extensions.ControllerExtension+<ProcessControllerCoreAsync>d__11
7ffcf587e7d8     234      7,488 System.Linq.Expressions.Expression1<System.Func<Order.Business.Mediator.Commands.OrderFront.CreateOrderItemFrontManualViewModel, System.String>>
7ffcf58beea8     234      7,488 System.Linq.Expressions.Expression1<System.Func<Order.Business.Mediator.Commands.OrderFront.CreateOrderItemFrontViewModel, System.String>>
7ffcf55e7a68      94      7,520 System.Collections.Generic.Dictionary<Microsoft.Extensions.DependencyInjection.ServiceLookup.ServiceCacheKey, System.Object>
7ffcf5c1b7e0      94      7,520 System.Collections.Generic.Dictionary<System.String, Microsoft.EntityFrameworkCore.Metadata.ConfigurationSource>
7ffcf33622f8     105      7,560 System.Threading.Thread
7ffcf4415808     137      7,608 Autofac.Core.ServiceRegistration[]
7ffcf5b5f5c0     238      7,616 Microsoft.EntityFrameworkCore.Infrastructure.IndentedStringBuilder
7ffcf6d46758      56      7,616 Microsoft.EntityFrameworkCore.Query.Internal.SingleQueryingEnumerable<System.Nullable<System.DateTime>>+Enumerator
7ffcf588b188     120      7,680 AutoMapper.Configuration.MemberConfigurationExpression<Order.Business.Mediator.Commands.OrderFront.CreateOrderItemFrontManualViewModel, Order.Infrastructure.Entities.SubOrderModels.SubOrderItemModel, System.String>
7ffcf58be718     120      7,680 AutoMapper.Configuration.MemberConfigurationExpression<Order.Business.Mediator.Commands.OrderFront.CreateOrderItemFrontViewModel, Order.Infrastructure.Entities.OrderModels.OrderItemModel, System.String>
7ffcf58c64d0     120      7,680 AutoMapper.Configuration.MemberConfigurationExpression<Order.Business.Mediator.Commands.OrderFront.CreateOrderItemFrontViewModel, Order.Infrastructure.Entities.SubOrderModels.SubOrderItemModel, System.String>
7ffcf587e048     120      7,680 AutoMapper.Configuration.MemberConfigurationExpression<Order.Business.Mediator.Commands.OrderFront.CreateOrderItemFrontManualViewModel, Order.Infrastructure.Entities.OrderModels.OrderItemModel, System.String>
7ffcf59da2c8     241      7,712 System.Collections.Generic.List<CommonApiMessage.AggregatesModel.SubOrderMessage.SubOrderMessageItemDeliveryWindowViewModel>
7ffcf59d9af8     241      7,712 System.Collections.Generic.List<CommonApiMessage.AggregatesModel.SubOrderMessage.SubOrderMessageItemPromotionsViewModel>
7ffcf59d9240     241      7,712 System.Collections.Generic.List<CommonApiMessage.AggregatesModel.SubOrderMessage.SubOrderMessageItemPaymentViewModel>
7ffcf59d8cb0     241      7,712 System.Collections.Generic.List<CommonApiMessage.AggregatesModel.SubOrderMessage.SubOrderMessageItemRemarkViewModel>
7ffcf5816c10     241      7,712 System.Collections.Generic.List<CommonApiMessage.AggregatesModel.SubOrderMessage.SubOrderMessageItemSubBarcodeViewModel>
7ffcf4c25438      97      7,760 System.Collections.Generic.Dictionary<System.String, System.Text.Json.Serialization.Metadata.JsonPropertyInfo>
7ffcf69b4288     108      7,776 System.Linq.Enumerable+ListSelectIterator<<>f__AnonymousType12<System.String, System.String, System.String, System.String, System.String, System.String>, System.String>
7ffcf6d59c30      81      7,776 System.Collections.Generic.Dictionary<Microsoft.EntityFrameworkCore.Metadata.IKey, Microsoft.EntityFrameworkCore.ChangeTracking.Internal.IIdentityMap>+Entry[]
7ffcf6bcbb18     122      7,808 System.Func<Microsoft.EntityFrameworkCore.DbContext, System.ValueTuple<Microsoft.EntityFrameworkCore.Query.RelationalQueryContext, Microsoft.EntityFrameworkCore.Query.Internal.RelationalCommandResolver, System.Collections.Generic.IReadOnlyList<Microsoft.EntityFrameworkCore.Storage.ReaderColumn>, System.Boolean>, Microsoft.EntityFrameworkCore.Storage.RelationalDataReader>
7ffcf6bcc1b8     122      7,808 System.Func<Microsoft.EntityFrameworkCore.DbContext, System.ValueTuple<Microsoft.EntityFrameworkCore.Query.RelationalQueryContext, Microsoft.EntityFrameworkCore.Query.Internal.RelationalCommandResolver, System.Collections.Generic.IReadOnlyList<Microsoft.EntityFrameworkCore.Storage.ReaderColumn>, System.Boolean>, Microsoft.EntityFrameworkCore.Storage.ExecutionResult<Microsoft.EntityFrameworkCore.Storage.RelationalDataReader>>
7ffcf62e2d58     110      7,824 Microsoft.EntityFrameworkCore.Query.IMemberTranslator[]
7ffcf6c994e0     163      7,824 Microsoft.EntityFrameworkCore.ChangeTracking.Internal.Snapshot<System.String, System.String, System.String, System.DateTime>
7ffcf6cab500     326      7,824 Microsoft.EntityFrameworkCore.ChangeTracking.Internal.Snapshot<System.Int32>
7ffcf59d8510     246      7,872 System.Collections.Generic.List<CommonApiMessage.AggregatesModel.Package.PackageTbMessage>
7ffcf45c1c58     164      7,872 System.Collections.Concurrent.ConcurrentDictionary<System.Type, System.Func<System.Linq.Expressions.ParameterExpression, System.Linq.Expressions.Expression, System.Linq.Expressions.Expression>>+Node
7ffcf6574278     329      7,896 Microsoft.EntityFrameworkCore.Storage.ExecutionResult<System.Boolean>
7ffcf55f3270       1      7,904 System.Collections.Generic.Dictionary<Microsoft.Extensions.DependencyInjection.ServiceLookup.ServiceIdentifier, Microsoft.Extensions.DependencyInjection.ServiceLookup.CallSiteFactory+ServiceDescriptorCacheItem>+Entry[]
7ffcf4321000      45      7,920 System.Text.Json.JsonSerializerOptions
7ffcf3d59ec8      33      7,920 Order.Infrastructure.Entities.OrderModels.OrderModel
7ffcf6e4cab0      32      7,936 System.Text.Json.Serialization.Metadata.JsonPropertyInfo<System.DateTime>
7ffcf64a1ae0     195      7,944 Microsoft.EntityFrameworkCore.Query.SqlExpressions.ColumnExpression[]
7ffcf4e50da8     100      8,000 System.Collections.Generic.Dictionary<System.String, Microsoft.Extensions.Primitives.StringValues>
7ffcf4e56c98     200      8,000 Microsoft.AspNetCore.Server.Kestrel.Core.Internal.Http.HttpRequestStream
7ffcf55f73c0     125      8,000 System.Func<Microsoft.Extensions.DependencyInjection.ServiceLookup.ServiceProviderEngineScope, System.Object>
7ffcf69a2380     202      8,080 System.Linq.Expressions.Expression2<System.Func<System.Data.Common.DbDataReader, System.Int32[], System.Int32>>
7ffcf5928328      46      8,096 AutoMapper.ProfileMap
7ffcf65a2870     145      8,120 Microsoft.EntityFrameworkCore.SqlServer.Query.Internal.ParametersCounter
7ffcf6a3b1e0     146      8,144 Order.Infrastructure.Entities.SubOrderModels.SubOrderItemDeliveryWindowModel[]
7ffcf4162570      60      8,160 Order.Infrastructure.Entities.OrderModels.OrderPaymentTransactionModel
7ffcf5acc0e0      93      8,184 FluentValidation.Internal.RuleComponent<Order.Business.Mediator.Commands.Order.GetSubOrderCommand, Order.Business.Mediator.Commands.Order.GetSubOrderCommand>
7ffcf55e2018      93      8,184 Microsoft.EntityFrameworkCore.Query.ShapedQueryCompilingExpressionVisitorDependencies
7ffcf53b45a0      93      8,184 Microsoft.EntityFrameworkCore.Query.RelationalLiftableConstantProcessor
7ffcf55d4c28      93      8,184 Microsoft.EntityFrameworkCore.Internal.DbContextDependencies
7ffcf53b8008      93      8,184 Microsoft.EntityFrameworkCore.Migrations.MigrationsSqlGeneratorDependencies
7ffcf643faf8      93      8,184 Microsoft.EntityFrameworkCore.Metadata.Internal.TableMapping
7ffcf6540cf8     128      8,192 System.Action<Microsoft.EntityFrameworkCore.Query.QueryContext, Microsoft.EntityFrameworkCore.Storage.IExecutionStrategy, Microsoft.EntityFrameworkCore.Query.Internal.SplitQueryResultCoordinator>
7ffcf4b09b48     205      8,200 Microsoft.AspNetCore.Mvc.Routing.ControllerRequestDelegateFactory+<>c__DisplayClass12_0
7ffcf633c1e0     342      8,208 Microsoft.EntityFrameworkCore.Query.NotParameterizedAttribute[]
7ffcf65a1400     257      8,224 System.Collections.Generic.List<Microsoft.EntityFrameworkCore.Query.SqlExpressions.SqlParameterExpression>
7ffcf4acebb8     206      8,240 System.Collections.Concurrent.ConcurrentDictionary<System.Type, System.Object[]>
7ffcf64b6058      86      8,256 System.Collections.Generic.Dictionary<Microsoft.EntityFrameworkCore.Query.ProjectionMember, System.Linq.Expressions.Expression>+Entry[]
7ffcf4678398     198      8,368 Microsoft.AspNetCore.Mvc.Abstractions.ActionDescriptor[]
7ffcf63ffa38     150      8,400 Microsoft.EntityFrameworkCore.Query.SqlExpressions.TableExpression
7ffcf4b3baa8      16      8,576 System.Collections.Concurrent.ConcurrentQueueSegment<Microsoft.AspNetCore.Server.Kestrel.Transport.Sockets.Internal.SocketSender>+Slot[]
7ffcf52dd2d0     154      8,624 System.Collections.Immutable.RefAsValueType<System.Collections.Immutable.ImmutableSortedDictionary<System.Int32, System.ValueTuple<System.Nullable<Microsoft.EntityFrameworkCore.WarningBehavior>, System.Nullable<Microsoft.Extensions.Logging.LogLevel>>>+Node>[]
7ffcf6483578     180      8,640 System.Collections.Generic.SortedSet<Microsoft.EntityFrameworkCore.Metadata.Internal.ForeignKeyConstraint>+Node
7ffcf5cabb00     180      8,640 System.Collections.Generic.SortedSet<Microsoft.EntityFrameworkCore.Metadata.Internal.ForeignKey>+Node
7ffcf62d95b8     180      8,640 System.Collections.Generic.SortedSet<Microsoft.EntityFrameworkCore.Metadata.RuntimeForeignKey>+Node
7ffcf59a21a8       2      8,688 System.Collections.Generic.Dictionary<AutoMapper.Internal.TypePair, AutoMapper.TypeMap>+Entry[]
7ffcf37412a0     134      8,720 Microsoft.Extensions.DependencyModel.Dependency[]
7ffcf4afff38     182      8,736 Microsoft.AspNetCore.Routing.RoutePatternMatcher
7ffcf3999ca8       2      8,752 System.Collections.Concurrent.ConcurrentQueueSegment<Serilog.Events.LogEvent>+Slot[]
7ffcf5a57d08     366      8,784 CommonBuilder.JsonBuilders.JsonBuilder
7ffcf45c33c0     183      8,784 System.Text.CompositeFormat
7ffcf46e68c8      92      8,832 Utility.Package.Middlewares.BodySignatureMiddleware+<InvokeAsync>d__5
7ffcf5205140     276      8,832 System.Collections.Generic.List<Microsoft.AspNetCore.Routing.Tree.InboundMatch>
7ffcf62c7850      93      8,880 Microsoft.EntityFrameworkCore.Utilities.OrderedDictionary<System.Collections.Generic.IReadOnlyList<Microsoft.EntityFrameworkCore.Metadata.IReadOnlyProperty>, Microsoft.EntityFrameworkCore.Metadata.RuntimeKey>+Entry[]
7ffcf6332998     111      8,880 System.Collections.Concurrent.ConcurrentDictionary<Microsoft.Extensions.DependencyInjection.ServiceLookup.ServiceCacheKey, Microsoft.Extensions.DependencyInjection.ServiceLookup.ILEmitResolverBuilder+GeneratedMethod>+Node
7ffcf630fbc0     186      8,928 Microsoft.EntityFrameworkCore.Internal.EntityFinderFactory
7ffcf53b9528      93      8,928 Microsoft.EntityFrameworkCore.Storage.RelationalDatabaseCreatorDependencies
7ffcf6d1a540     172      8,928 CommonApiMessage.AggregatesModel.Package.PackageTbMessage[]
7ffcf60bf9f0     279      8,928 System.Collections.Generic.List<Microsoft.EntityFrameworkCore.Metadata.ParameterBinding>
7ffcf60d00b0     279      8,928 Microsoft.EntityFrameworkCore.Metadata.ConstructorBinding
7ffcf643f630     186      8,928 System.Collections.Generic.SortedSet<Microsoft.EntityFrameworkCore.Metadata.ITableMappingBase>+Node
7ffcf6435360     186      8,928 System.Collections.Generic.TreeSet<System.Collections.Generic.KeyValuePair<System.String, Microsoft.EntityFrameworkCore.Metadata.IColumnBase>>
7ffcf4e24038     103      9,000 System.ValueTuple<System.Action<System.Object>, System.Object>[]
7ffcf4230d98     225      9,000 Autofac.Core.Activators.Delegate.DelegateActivator
7ffcf34da328     226      9,040 System.Reflection.RuntimeModule
7ffcf5a6d8c8     126      9,072 System.Threading.Tasks.Task<System.Object>
7ffcf441ba40     142      9,088 System.Func<System.Int32, System.Collections.IList>
7ffcf4b3a628      16      9,088 System.Collections.Concurrent.ConcurrentQueueSegment<Microsoft.AspNetCore.MemoryPoolBlock>+Slot[]
7ffcf35a46e0     190      9,120 System.Random+XoshiroImpl
7ffcf4e59d20      96      9,216 Microsoft.AspNetCore.Http.DefaultHttpRequest
7ffcf47064c8     192      9,216 System.Collections.Concurrent.ConcurrentDictionary<System.Type, Microsoft.Extensions.Internal.PropertyHelper[]>+Node
7ffcf5aa85d8      77      9,240 FluentValidation.ValidationContext<Order.Business.Mediator.Commands.Order.GetSubOrderCommand>
7ffcf4b97200     193      9,264 System.Text.Json.JsonSerializerOptions+CachingContext+CacheEntry
7ffcf4c12bd0     193      9,264 System.Collections.Concurrent.ConcurrentDictionary<System.Type, System.Text.Json.JsonSerializerOptions+CachingContext+CacheEntry>+Node
7ffcf59d6970     290      9,280 System.Collections.Generic.List<CommonApiMessage.AggregatesModel.SubOrderMessage.SubOrderMessageItemViewModel>
7ffcf65a2b78     145      9,280 System.Func<System.Int32, Microsoft.EntityFrameworkCore.Storage.RelationalTypeMapping, System.Int32>
7ffcf65a3038     145      9,280 System.Collections.Generic.HashSet<Microsoft.EntityFrameworkCore.Query.SqlExpressions.SqlParameterExpression>
7ffcf65a36f0     145      9,280 System.Collections.Generic.HashSet<Microsoft.EntityFrameworkCore.Query.QueryParameterExpression>
7ffcf4b39fe8     233      9,320 Microsoft.AspNetCore.MemoryPoolBlock
7ffcf52156b8     167      9,320 Microsoft.AspNetCore.Routing.DecisionTree.DecisionCriterion<Microsoft.AspNetCore.Routing.Tree.OutboundMatch>[]
7ffcf6a43da8     146      9,344 System.Collections.Generic.HashSet<Order.Infrastructure.Entities.SubOrderModels.SubOrderItemRemarkModel>
7ffcf6a41650     146      9,344 System.Collections.Generic.HashSet<Order.Infrastructure.Entities.SubOrderModels.SubOrderItemPayModel>
7ffcf6a3cde8     146      9,344 System.Collections.Generic.HashSet<Order.Infrastructure.Entities.SubOrderModels.SubOrderItemPromotionsModel>
7ffcf6a46500     146      9,344 System.Collections.Generic.HashSet<Order.Infrastructure.Entities.SubOrderModels.SubOrderItemBarcodeModel>
7ffcf4754a68     167      9,352 Microsoft.AspNetCore.Routing.Patterns.RoutePatternParameterPart
7ffcf3dc7268      78      9,360 Order.API.Controllers.OrderController+<GetSubOrder>d__11
7ffcf59ac5d0     294      9,408 System.Collections.Generic.List<AutoMapper.PropertyMap>
7ffcf4b64718     163      9,480 Microsoft.AspNetCore.Mvc.ApiExplorer.ApiParameterDescription[]
7ffcf475aa28     182      9,496 Microsoft.AspNetCore.Routing.Template.TemplateSegment[]
7ffcf57d4228     297      9,504 System.Collections.Generic.List<System.Action<AutoMapper.TypeMap>>
7ffcf61fc4d0      22      9,504 System.Collections.Generic.Dictionary<System.Type, System.Reflection.MethodInfo>+Entry[]
7ffcf6a4b320     149      9,536 System.Collections.Generic.HashSet<Order.Infrastructure.Entities.SubOrderModels.SubOrderRemarkModel>
7ffcf6a1f6a8     149      9,536 System.Collections.Generic.HashSet<Order.Infrastructure.Entities.SubOrderModels.SubOrderAddressModel>
7ffcf6a48c58     149      9,536 System.Collections.Generic.HashSet<Order.Infrastructure.Entities.SubOrderModels.SubOrderItemModel>
7ffcf6a4df58     149      9,536 System.Collections.Generic.HashSet<Order.Infrastructure.Entities.SubOrderModels.SubOrderPromotionModel>
7ffcf6ac76f0     149      9,536 System.Collections.Generic.HashSet<Order.Infrastructure.Entities.SubOrderModels.SubOrderFeeModel>
7ffcf52a9cc8     200      9,600 System.Collections.Immutable.ImmutableSortedDictionary<System.Type, System.ValueTuple<Microsoft.EntityFrameworkCore.Infrastructure.IDbContextOptionsExtension, System.Int32>>
7ffcf5a60d70     150      9,600 Microsoft.Extensions.Logging.LoggerMessage+LogValues<System.String, System.Type>+<GetEnumerator>d__9
7ffcf4e52150     100      9,600 System.Collections.Generic.Dictionary<System.String, Microsoft.Extensions.Primitives.StringValues>+Entry[]
7ffcf4e56870     200      9,600 Microsoft.AspNetCore.Server.Kestrel.Core.Internal.Http.HttpRequestPipeReader
7ffcf4b4a5b0     300      9,600 Microsoft.AspNetCore.Mvc.ApiExplorer.ApiRequestFormat
7ffcf43fb1e0     172      9,632 System.Collections.Concurrent.ConcurrentDictionary<System.Guid, System.Object>+Tables
7ffcf5819620     241      9,640 CommonApiMessage.AggregatesModel.SubOrderMessage.SubOrderMessageItemDeliveryWindowViewModel
7ffcf3ab4800     402      9,648 System.Runtime.CompilerServices.NullableAttribute
7ffcf5208338     173      9,656 Microsoft.AspNetCore.Routing.Tree.OutboundMatch[]
7ffcf4dfd588     202      9,696 System.Collections.Concurrent.ConcurrentDictionary<System.Int64, Microsoft.AspNetCore.Server.Kestrel.Core.Internal.Infrastructure.ConnectionReference>+Node
7ffcf6d5a2b0      81      9,720 System.Collections.Generic.Dictionary<System.Guid, Microsoft.EntityFrameworkCore.ChangeTracking.Internal.InternalEntityEntry>+Entry[]
7ffcf4434440     304      9,728 System.Collections.Generic.List<Autofac.Core.Resolving.Pipeline.DefaultResolveRequestContext>
7ffcf4434f20     304      9,728 Autofac.Core.Resolving.SegmentedStack<Autofac.Core.Resolving.Pipeline.ResolveRequestContext>
7ffcf63330c0     111      9,768 System.Reflection.Emit.__ExceptionInfo
7ffcf6943af0     306      9,792 Microsoft.EntityFrameworkCore.Query.Internal.EntityQueryable<Order.Infrastructure.Entities.OrderReference.OrderReferenceModel>
7ffcf6cabec8     177      9,880 CommonApiMessage.AggregatesModel.Package.PackageInfoMessageViewModel[]
7ffcf373b590     103      9,888 Microsoft.Extensions.DependencyModel.CompilationLibrary
7ffcf4acf758     206      9,888 System.Collections.Concurrent.ConcurrentDictionary<System.Type, System.Object[]>+Node
7ffcf692f218     312      9,984 System.Collections.Generic.List<Microsoft.EntityFrameworkCore.Query.Internal.SingleQueryCollectionContext>
7ffcf5205da8     181     10,104 Microsoft.AspNetCore.Routing.Tree.InboundMatch[]
7ffcf3c5ce90     181     10,136 Microsoft.AspNetCore.Mvc.Routing.MvcAttributeRouteHandler
7ffcf3a53cf8       7     10,168 Microsoft.Extensions.DependencyInjection.ServiceDescriptor[]
7ffcf4affaf8     182     10,192 Microsoft.AspNetCore.Routing.Template.TemplateMatcher
7ffcf42948a0     428     10,272 System.Linq.Expressions.DefaultExpression
7ffcf69aa430     257     10,280 Microsoft.EntityFrameworkCore.Query.SqlNullabilityProcessor+<>c__DisplayClass36_0
7ffcf5af6f50     162     10,368 <>f__AnonymousType12<System.String, System.String, System.String, System.String, System.String, System.String>
7ffcf6bfd2d8     144     10,368 System.Collections.Generic.HashSet<Order.Infrastructure.Entities.SubOrderModels.SubOrderItemModel>+Entry[]
7ffcf4f65f48      81     10,368 System.IO.Pipelines.StreamPipeWriter
7ffcf55df8a8      93     10,416 Microsoft.EntityFrameworkCore.Query.QueryCompilationContextDependencies
7ffcf640b450      93     10,416 Microsoft.EntityFrameworkCore.Metadata.Internal.TableBase
7ffcf6bf46f0     145     10,440 System.Collections.Generic.HashSet<Order.Infrastructure.Entities.SubOrderModels.SubOrderItemPayModel>+Entry[]
7ffcf65a46e8     145     10,440 System.Collections.Generic.HashSet<Microsoft.EntityFrameworkCore.Query.SqlExpressions.SqlParameterExpression>+Entry[]
7ffcf6c47280     164     10,496 Microsoft.EntityFrameworkCore.ChangeTracking.Internal.IdentityMap<System.Int32>
7ffcf6bf0e40     146     10,512 System.Collections.Generic.HashSet<Order.Infrastructure.Entities.SubOrderModels.SubOrderAddressModel>+Entry[]
7ffcf4298060     219     10,512 System.Linq.Expressions.SimpleBinaryExpression
7ffcf5b5edd0     332     10,624 System.Collections.Generic.List<Microsoft.EntityFrameworkCore.Storage.IRelationalParameter>
7ffcf5215128     338     10,816 System.Collections.Generic.List<Microsoft.AspNetCore.Routing.DecisionTree.DecisionCriterion<Microsoft.AspNetCore.Routing.Tree.OutboundMatch>>
7ffcf5217ab0     338     10,816 Microsoft.AspNetCore.Routing.DecisionTree.DecisionTreeNode<Microsoft.AspNetCore.Routing.Tree.OutboundMatch>
7ffcf34dd540     271     10,840 System.Reflection.CerHashtable<System.String, System.Reflection.RuntimeMethodInfo[]>+Table
7ffcf52076d0     339     10,848 System.Collections.Generic.List<Microsoft.AspNetCore.Routing.Tree.OutboundMatch>
7ffcf581bf90     171     10,944 CommonApiMessage.AggregatesModel.Package.PackageInfoMessageViewModel
7ffcf3860af8     171     10,944 Serilog.Parsing.PropertyToken
7ffcf62a3228      76     10,944 Microsoft.EntityFrameworkCore.Metadata.RuntimeNavigation
7ffcf37165e0     343     10,976 System.Collections.Generic.List<System.Type>
7ffcf34833e8     230     11,040 System.Reflection.RuntimeAssembly
7ffcf3562c50     173     11,072 System.Threading.SemaphoreSlim
7ffcf57cdba8     154     11,088 CommonApiMessage.AggregatesModel.OrderMessage.OrderMessagePaymentTransactionViewModel
7ffcf4794b40     231     11,088 Microsoft.AspNetCore.Mvc.Controllers.ControllerParameterDescriptor
7ffcf539f430      93     11,160 Microsoft.EntityFrameworkCore.Storage.Internal.RelationalDatabaseFacadeDependencies
7ffcf4c29600      45     11,160 System.Text.Json.Serialization.Metadata.JsonPropertyInfo<System.Int32>
7ffcf3c2c3e0       3     11,168 System.Collections.Concurrent.ConcurrentDictionary<System.Type, System.ComponentModel.ReflectTypeDescriptionProvider+ReflectedTypeData>+VolatileNode[]
7ffcf4e54488     100     11,200 Microsoft.AspNetCore.Server.Kestrel.Core.Internal.Infrastructure.BodyControl
7ffcf55f7fd8     201     11,256 System.Collections.Concurrent.ConcurrentDictionary<Microsoft.Extensions.DependencyInjection.ServiceLookup.ServiceIdentifier, System.Object>+Node
7ffcf5b5eba8     238     11,424 Microsoft.EntityFrameworkCore.Storage.RelationalCommandBuilder
7ffcf4acf6a0     206     11,536 System.Collections.Concurrent.ConcurrentDictionary<System.Type, System.Object[]>+Tables
7ffcf430ed98     206     11,536 Microsoft.AspNetCore.Routing.RouteEndpoint
7ffcf5c3cb98      76     11,552 Microsoft.EntityFrameworkCore.Metadata.Internal.Navigation
7ffcf4294d60     289     11,560 System.Linq.Expressions.NewExpression
7ffcf5819ac0     241     11,568 CommonApiMessage.AggregatesModel.SubOrderMessage.SubOrderMessageItemAmountViewModel
7ffcf65a1b10     145     11,600 System.Collections.Generic.Dictionary<Microsoft.EntityFrameworkCore.Query.SqlExpressions.SqlParameterExpression, System.Collections.Generic.List<Microsoft.EntityFrameworkCore.Query.SqlExpressions.SqlParameterExpression>>
7ffcf65ab068     290     11,600 Microsoft.EntityFrameworkCore.Query.SqlNullabilityProcessor+<>c__DisplayClass64_0
7ffcf65b8b58     145     11,600 System.Collections.Generic.Dictionary<Microsoft.EntityFrameworkCore.Query.SqlExpressions.FromSqlExpression, System.Linq.Expressions.Expression>
7ffcf65b9230     145     11,600 System.Collections.Generic.Dictionary<System.String, Microsoft.EntityFrameworkCore.Query.SqlExpressions.SqlParameterExpression>
7ffcf5875cf0     290     11,600 System.Linq.Expressions.MemberAssignment
7ffcf61cea68     132     11,616 Microsoft.EntityFrameworkCore.ChangeTracking.Internal.NullableValueComparer<System.Int32>
7ffcf69b5328     486     11,664 Microsoft.EntityFrameworkCore.EntityFrameworkQueryableExtensions+IncludableQueryable<Order.Infrastructure.Entities.SubOrderModels.SubOrderModel, System.Collections.Generic.ICollection<Order.Infrastructure.Entities.SubOrderModels.SubOrderItemModel>>
7ffcf6c60390     487     11,688 Microsoft.EntityFrameworkCore.ChangeTracking.Internal.InternalEntryBase+InternalComplexCollectionEntry[]
7ffcf6c34630     210     11,728 CommonApiMessage.AggregatesModel.SubOrderMessage.SubOrderMessageItemViewModel[]
7ffcf373b8e0     105     11,760 Microsoft.Extensions.DependencyModel.RuntimeLibrary
7ffcf6425ef0     246     11,808 System.Collections.Generic.SortedSet<Microsoft.EntityFrameworkCore.Metadata.Internal.ForeignKeyConstraint>
7ffcf69427f8     370     11,840 System.Collections.Concurrent.ConcurrentStack<Microsoft.Data.ProviderBase.DbConnectionInternal>+Node
7ffcf3f8acf8      93     11,904 Utility.Package.UtilityModels.Actor
7ffcf5acd5e0     186     11,904 System.Func<FluentValidation.ValidationContext<Order.Business.Mediator.Commands.Order.GetSubOrderCommand>, System.String>
7ffcf5b0a878     373     11,936 System.Collections.Generic.List<Microsoft.EntityFrameworkCore.Infrastructure.RelationalOptionsExtension>
7ffcf5b0b708     373     11,936 Microsoft.EntityFrameworkCore.Infrastructure.RelationalOptionsExtension[]
7ffcf4e2b578     100     12,000 System.Runtime.CompilerServices.AsyncTaskMethodBuilder<System.Threading.Tasks.VoidTaskResult>+AsyncStateMachineBox<Microsoft.AspNetCore.Server.Kestrel.Core.Internal.Http.HttpProtocol+<ProcessRequestsAsync>d__236<Microsoft.AspNetCore.Hosting.HostingApplication+Context>>
7ffcf42364d8      94     12,032 Autofac.Core.Lifetime.LifetimeScope
7ffcf6c9a688     188     12,032 System.Func<Microsoft.EntityFrameworkCore.ChangeTracking.Internal.IInternalEntry, System.String>
7ffcf6888f70     504     12,096 Microsoft.Data.SqlClient.SqlConnectionTimeoutPhaseDuration
7ffcf4706b18     169     12,168 Microsoft.AspNetCore.Mvc.ModelBinding.BindingInfo
7ffcf4dff588     102     12,240 Microsoft.AspNetCore.Server.Kestrel.Core.Internal.HttpConnectionContext
7ffcf3594aa8     118     12,272 System.Threading.ThreadPoolBoundHandleOverlapped
7ffcf386be90     220     12,320 System.RuntimeType+RuntimeTypeCache+MemberInfoCache<System.Reflection.RuntimeFieldInfo>
7ffcf38080e0     193     12,352 System.IO.MemoryStream
7ffcf6333250     333     12,432 System.Reflection.Emit.__ExceptionInfo[]
7ffcf6545198     312     12,480 Microsoft.EntityFrameworkCore.Query.Internal.SingleQueryResultCoordinator
7ffcf6d1a160     390     12,480 ActAttribute.Common.ObjectExtensions+<>c__DisplayClass9_1<System.Object, CommonApiMessage.AggregatesModel.Package.PackageInfoMessageViewModel>
7ffcf5236500     390     12,480 System.Linq.Expressions.InstanceMethodCallExpression0
7ffcf3d90f58      92     12,512 Order.API.Controllers.OrderController
7ffcf53b09f0      93     12,648 Microsoft.EntityFrameworkCore.Diagnostics.Internal.RelationalCommandDiagnosticsLogger
7ffcf53991c8      93     12,648 Microsoft.EntityFrameworkCore.SqlServer.Storage.Internal.SqlServerConnection
7ffcf539fd88      93     12,648 Microsoft.EntityFrameworkCore.Diagnostics.Internal.RelationalConnectionDiagnosticsLogger
7ffcf4b3b108      16     12,672 System.Collections.Concurrent.ConcurrentQueueSegment<Microsoft.AspNetCore.Server.Kestrel.Transport.Sockets.Internal.IOQueue+Work>+Slot[]
7ffcf65a0eb8     145     12,760 Microsoft.EntityFrameworkCore.SqlServer.Query.Internal.SqlServerSqlNullabilityProcessor
7ffcf65baff8     145     12,760 Microsoft.EntityFrameworkCore.SqlServer.Query.Internal.SqlServerQuerySqlGenerator
7ffcf42e3588     361     12,864 System.Func<System.Object>[]
7ffcf69a2068     202     12,928 System.Func<System.Data.Common.DbDataReader, System.Int32[], System.Int32>
7ffcf69a24c8     202     12,928 Microsoft.EntityFrameworkCore.Storage.ReaderColumn<System.Int32>
7ffcf3b01540     108     12,960 System.Net.Sockets.Socket
7ffcf5c3a818      60     12,960 Microsoft.EntityFrameworkCore.Metadata.Internal.ForeignKey
7ffcf4b45370      96     13,056 System.Text.Json.Utf8JsonWriter
7ffcf4e59190      96     13,056 Microsoft.AspNetCore.Http.DefaultHttpContext
7ffcf4dfbd10     102     13,056 Microsoft.AspNetCore.Server.Kestrel.Core.Internal.Infrastructure.KestrelConnection<Microsoft.AspNetCore.Connections.ConnectionContext>
7ffcf4e22bc8     102     13,056 Microsoft.AspNetCore.Server.Kestrel.Core.Internal.Infrastructure.PipeWriterHelpers.ConcurrentPipeWriter
7ffcf6c47b90     164     13,120 System.Collections.Generic.Dictionary<System.Int32, Microsoft.EntityFrameworkCore.ChangeTracking.Internal.InternalEntityEntry>
7ffcf64b4a68     313     13,120 Microsoft.EntityFrameworkCore.Query.SqlExpressions.TableExpressionBase[]
7ffcf47941f8     410     13,120 System.Collections.Generic.List<Microsoft.AspNetCore.Mvc.Abstractions.ParameterDescriptor>
7ffcf62ceea8     219     13,160 Microsoft.EntityFrameworkCore.Metadata.RuntimeProperty[]
7ffcf59a8eb0     166     13,280 System.Collections.Generic.Dictionary<System.String, System.Reflection.MemberInfo>
7ffcf5217b68     166     13,280 System.Collections.Generic.Dictionary<System.Object, Microsoft.AspNetCore.Routing.DecisionTree.DecisionTreeNode<Microsoft.AspNetCore.Routing.Tree.OutboundMatch>>
7ffcf5ac2ea0      93     13,392 FluentValidation.Internal.PropertyRule<Order.Business.Mediator.Commands.Order.GetSubOrderCommand, Order.Business.Mediator.Commands.Order.GetSubOrderCommand>
7ffcf5b5f728     240     13,408 Microsoft.EntityFrameworkCore.Storage.IRelationalParameter[]
7ffcf36ff450      48     13,440 System.Array[]
7ffcf5206330      90     13,488 System.Collections.Generic.Dictionary<System.String, Microsoft.AspNetCore.Routing.Tree.UrlMatchingNode>+Entry[]
7ffcf6bc5d10     563     13,512 Microsoft.EntityFrameworkCore.Metadata.INavigationBase+<>c__DisplayClass6_0
7ffcf6c35340     242     13,520 CommonApiMessage.AggregatesModel.SubOrderMessage.SubOrderMessageItemDeliveryWindowViewModel[]
7ffcf6c355b8     242     13,520 CommonApiMessage.AggregatesModel.SubOrderMessage.SubOrderMessageItemPaymentViewModel[]
7ffcf34fed88      28     13,728 System.Runtime.CompilerServices.ConditionalWeakTable<System.Buffers.SharedArrayPoolThreadLocalArray[], System.Object>+Entry[]
7ffcf4792e58     206     13,736 Microsoft.AspNetCore.Mvc.Filters.FilterDescriptor[]
7ffcf3890dd0     574     13,776 System.Runtime.CompilerServices.NullableContextAttribute
7ffcf69b1810     145     13,920 System.Collections.Generic.Dictionary<Microsoft.EntityFrameworkCore.Query.SqlExpressions.SqlParameterExpression, System.Collections.Generic.List<Microsoft.EntityFrameworkCore.Query.SqlExpressions.SqlParameterExpression>>+Entry[]
7ffcf65b89e0     145     13,920 Microsoft.EntityFrameworkCore.Query.Internal.RelationalParameterProcessor
7ffcf55f4a30     218     13,952 System.Collections.Concurrent.ConcurrentDictionary<Microsoft.Extensions.DependencyInjection.ServiceLookup.ServiceCacheKey, Microsoft.Extensions.DependencyInjection.ServiceLookup.ServiceCallSite>+Node
7ffcf34fafb8     220     14,080 System.Threading.Tasks.Task
7ffcf6927e70     441     14,112 System.Linq.Enumerable+RepeatIterator<Microsoft.EntityFrameworkCore.Query.Internal.BufferedDataReader+BufferedDataRecord+TypeCase>
7ffcf55e0590      93     14,136 Microsoft.EntityFrameworkCore.ChangeTracking.Internal.StateManagerDependencies
7ffcf421f398     446     14,272 Autofac.Extensions.DependencyInjection.AutofacServiceProvider
7ffcf34f1898     467     14,332 System.Reflection.MethodBase+InvokerArgFlags[]
7ffcf64aed18     598     14,352 <>z__ReadOnlySingleElementList<Microsoft.EntityFrameworkCore.Metadata.RuntimeTypeBase>
7ffcf68800c0      72     14,400 Microsoft.Data.SqlClient.TdsParser
7ffcf422c7f8     225     14,400 System.Func<Autofac.IComponentContext, System.Collections.Generic.IEnumerable<Autofac.Core.Parameter>, System.Object>
7ffcf69b1658     258     14,416 Microsoft.EntityFrameworkCore.Query.SqlExpressions.SqlParameterExpression[]
7ffcf64b5490     260     14,480 Microsoft.EntityFrameworkCore.Query.SqlExpressions.SqlExpression[]
7ffcf4b48958     181     14,480 Microsoft.AspNetCore.Mvc.ApiExplorer.ApiDescription
7ffcf51dd770     181     14,480 Microsoft.AspNetCore.Routing.Tree.InboundRouteEntry
7ffcf423e730     604     14,496 Autofac.Core.Activators.Reflection.AutowiringParameter
7ffcf423e818     604     14,496 Autofac.Core.Activators.Reflection.DefaultValueParameter
7ffcf4dfc928     202     14,576 System.Collections.Generic.KeyValuePair<System.Type, System.Object>[]
7ffcf46e7798      92     14,720 Utility.Package.Middlewares.SprintConnectMiddleWareService+<InvokeAsync>d__5
7ffcf39e6af8     230     14,720 System.Reflection.InvokerEmitUtil+InvokeFunc_ObjSpanArgs
7ffcf4158ad8     168     14,784 Order.Infrastructure.Entities.SubOrderModels.SubOrderItemDeliveryWindowModel
7ffcf630a760     186     14,880 System.Collections.Generic.Dictionary<Microsoft.EntityFrameworkCore.Update.IReadOnlyModificationCommand, System.Collections.Generic.Dictionary<Microsoft.EntityFrameworkCore.Update.IReadOnlyModificationCommand, System.Object>>
7ffcf4c24d58     628     15,072 System.Text.Json.Serialization.Metadata.JsonPropertyInfo<System.String>+<>c__DisplayClass10_0
7ffcf4349db8     148     15,152 Microsoft.Extensions.Internal.PropertyHelper[]
7ffcf47906f0     190     15,200 System.Collections.Generic.Dictionary<System.Reflection.MethodInfo, System.String>
7ffcf4759a68     641     15,384 Microsoft.AspNetCore.Routing.Template.TemplateSegment
7ffcf6923a50     643     15,432 System.DateTimeOffset[]
7ffcf69090f0     643     15,432 System.Single[]
7ffcf69240b0     643     15,432 System.Int16[]
7ffcf36ff718     644     15,460 System.SByte[]
7ffcf421d2b0       1     15,472 System.Collections.Concurrent.ConcurrentDictionary<System.Type, System.Reflection.ConstructorInfo[]>+VolatileNode[]
7ffcf441f2f8       1     15,472 System.Collections.Concurrent.ConcurrentDictionary<System.Type, System.ValueTuple<System.Type, System.Type, System.Func<System.Int32, System.Collections.IList>>>+VolatileNode[]
7ffcf4c10b88       1     15,472 System.Collections.Concurrent.ConcurrentDictionary<System.ValueTuple<System.String, System.Type, System.Reflection.MemberInfo>, System.Text.Json.Serialization.Metadata.ReflectionEmitCachingMemberAccessor+Cache<System.ValueTuple<System.String, System.Type, System.Reflection.MemberInfo>>+CacheEntry>+VolatileNode[]
7ffcf3c2b4b8       1     15,472 System.Collections.Concurrent.ConcurrentDictionary<System.Type, System.Object>+VolatileNode[]
7ffcf4e014c8     102     15,504 Microsoft.AspNetCore.Server.Kestrel.Core.Internal.Infrastructure.TimeoutControl
7ffcf3bb6860     646     15,536 System.UInt64[]
7ffcf386d0c8     391     15,624 System.Reflection.FieldInfo[]
7ffcf640bb10      93     15,624 Microsoft.EntityFrameworkCore.Metadata.Internal.Table
7ffcf6c673d0     164     15,744 System.Collections.Generic.Dictionary<System.Int32, Microsoft.EntityFrameworkCore.ChangeTracking.Internal.InternalEntityEntry>+Entry[]
7ffcf58856c8     495     15,840 System.Linq.Expressions.Expression1<System.Func<Order.Infrastructure.Entities.SubOrderModels.SubOrderModel, System.Collections.Generic.ICollection<Order.Infrastructure.Entities.SubOrderModels.SubOrderItemModel>>>
7ffcf4318718     181     15,928 Microsoft.AspNetCore.Routing.Template.TemplateBinder
7ffcf4df5dc8     285     15,960 System.IO.Pipelines.BufferSegmentStack+SegmentAsValueType[]
7ffcf4e2c058     100     16,000 System.Runtime.CompilerServices.AsyncTaskMethodBuilder<System.Threading.Tasks.VoidTaskResult>+AsyncStateMachineBox<Microsoft.AspNetCore.Server.Kestrel.Core.Internal.HttpConnection+<ProcessRequestsAsync>d__12<Microsoft.AspNetCore.Hosting.HostingApplication+Context>>
7ffcf3c2d1a0     401     16,040 System.ComponentModel.AttributeCollection
7ffcf6563170     401     16,040 System.Linq.Expressions.Expression2<System.Func<System.Data.Common.DbDataReader, System.Int32[], System.Object>>
7ffcf3c2b790     647     16,168 System.Guid[]
7ffcf3333110     679     16,296 System.Boolean
7ffcf4448258     292     16,352 Serilog.Extensions.Logging.SerilogLoggerScope
7ffcf59d63e0     512     16,384 System.Collections.Generic.List<CommonApiMessage.AggregatesModel.SubOrderMessage.SubOrderMessageAddressViewModel>
7ffcf65b7b38     257     16,448 System.Collections.Generic.HashSet<Microsoft.EntityFrameworkCore.Query.SqlExpressions.ColumnExpression>
7ffcf3955b78     122     16,720 Serilog.Parsing.PropertyToken[]
7ffcf6922d08     524     16,768 System.Collections.Generic.List<Microsoft.EntityFrameworkCore.Query.Internal.BufferedDataReader+BufferedDataRecord>
7ffcf443df08     525     16,800 System.SZGenericArrayEnumerator<Autofac.Core.Parameter>
7ffcf4e2cb20     100     16,800 System.Runtime.CompilerServices.AsyncTaskMethodBuilder<System.Threading.Tasks.VoidTaskResult>+AsyncStateMachineBox<Microsoft.AspNetCore.Server.Kestrel.Core.Internal.Infrastructure.KestrelConnection<Microsoft.AspNetCore.Connections.ConnectionContext>+<ExecuteAsync>d__8>
7ffcf382f620     668     16,832 System.UInt32[]
7ffcf6c694a0      95     16,896 System.Collections.Generic.Dictionary<System.Object, Microsoft.EntityFrameworkCore.ChangeTracking.Internal.InternalEntityEntry>+Entry[]
7ffcf40cba00     163     16,952 Order.Infrastructure.Entities.Package.PackageInfoModel
7ffcf6d119a0     163     16,952 Microsoft.EntityFrameworkCore.ChangeTracking.Internal.Snapshot<System.Int32, System.Int32, System.Int32, System.Int32, System.Int32, System.Int32, System.String, System.DateTime, System.Int32, System.Int32, System.Int32, System.String, System.String, System.String, System.DateTime>
7ffcf64c2dc0     265     16,960 Microsoft.EntityFrameworkCore.Query.SqlExpressions.InExpression
7ffcf42cbbe8     535     17,120 Autofac.Core.Activators.Reflection.ReflectionActivator+<>c__DisplayClass14_0
7ffcf55f9608     180     17,280 Microsoft.Extensions.DependencyInjection.ServiceLookup.ConstructorCallSite
7ffcf51de080     181     17,376 Microsoft.AspNetCore.Routing.Tree.OutboundRouteEntry
7ffcf3c2f100     168     17,472 System.ComponentModel.AttributeCollection+AttributeEntry[]
7ffcf4eff9e8     201     17,624 System.Collections.Generic.KeyValuePair<System.Func<System.Object, System.Threading.Tasks.Task>, System.Object>[]
7ffcf68dcc30     551     17,632 Microsoft.Data.SqlClient.SqlParameterCollection
7ffcf68fbee8     551     17,632 System.Collections.Generic.List<Microsoft.Data.SqlClient.SqlParameter>
7ffcf69009a8     551     17,632 Microsoft.Data.SqlClient._SqlRPC[]
7ffcf51da198     276     17,664 System.Predicate<System.String>
7ffcf4343f78      92     17,664 Microsoft.AspNetCore.Mvc.Infrastructure.ControllerActionInvoker
7ffcf52d14f0     555     17,760 <>z__ReadOnlySingleElementList<Microsoft.Extensions.Logging.EventId>
7ffcf4e691b0     223     17,840 System.Threading.AsyncLocalValueMap+FourElementAsyncLocalValueMap
7ffcf5b07d08      93     17,856 System.Collections.Generic.Dictionary<System.Type, Microsoft.EntityFrameworkCore.Diagnostics.IInterceptorAggregator>+Entry[]
7ffcf6433148     372     17,856 System.Collections.Generic.SortedSet<Microsoft.EntityFrameworkCore.Metadata.ITableMappingBase>
7ffcf35aa0f8     659     17,928 System.Double[]
7ffcf4df8ea0     102     17,952 System.Runtime.CompilerServices.AsyncTaskMethodBuilder<System.Threading.Tasks.VoidTaskResult>+AsyncStateMachineBox<Microsoft.AspNetCore.Server.Kestrel.Transport.Sockets.Internal.SocketConnection+<DoReceive>d__27>
7ffcf33494e8     754     18,096 System.Int64
7ffcf59fdbf0     567     18,144 System.Linq.Expressions.Compiler.DelegateHelpers+TypeInfo
7ffcf64038a0     570     18,240 System.Collections.Generic.List<Microsoft.EntityFrameworkCore.Query.SqlExpressions.TableExpressionBase>
7ffcf64a3348     570     18,240 System.Collections.Generic.List<Microsoft.EntityFrameworkCore.Query.SqlExpressions.ProjectionExpression>
7ffcf42b4b48     570     18,240 System.Collections.Generic.List<System.Linq.Expressions.Expression>
7ffcf51d52b0     193     18,528 Microsoft.AspNetCore.Server.Kestrel.Core.Internal.Http.HttpRequestHeaders+EnumeratorBox
7ffcf67d6e38      86     18,576 Microsoft.Data.SqlClient.SqlConnection
7ffcf5b0ae38     388     18,624 System.Linq.Enumerable+OfTypeIterator<Microsoft.EntityFrameworkCore.Infrastructure.RelationalOptionsExtension>
7ffcf51d0a10     111     18,648 Microsoft.IO.RecyclableMemoryStream
7ffcf6901dd8     467     18,680 Microsoft.Data.SqlClient.SqlDataReader+SharedState
7ffcf3682368     236     18,880 System.Collections.Generic.Dictionary<System.String, System.String>
7ffcf3c254f0     338     18,928 System.RuntimeType+RuntimeTypeCache+MemberInfoCache<System.RuntimeType>
7ffcf38686c0     330     19,056 System.Reflection.CustomAttributeRecord[]
7ffcf3c24ee8     578     19,096 System.Reflection.ConstructorInfo[]
7ffcf64af3d0     598     19,136 <>z__ReadOnlySingleElementList<Microsoft.EntityFrameworkCore.Metadata.RuntimeTypeBase>+Enumerator
7ffcf4e2aad0     100     19,200 System.Runtime.CompilerServices.AsyncTaskMethodBuilder<System.Threading.Tasks.VoidTaskResult>+AsyncStateMachineBox<Microsoft.AspNetCore.Server.Kestrel.Core.Internal.Http.HttpProtocol+<ProcessRequests>d__237<Microsoft.AspNetCore.Hosting.HostingApplication+Context>>
7ffcf3c2c690     400     19,200 System.Collections.Concurrent.ConcurrentDictionary<System.Type, System.ComponentModel.ReflectTypeDescriptionProvider+ReflectedTypeData>+Node
7ffcf39dcc58      97     19,400 System.Diagnostics.Activity
7ffcf385d598     304     19,456 System.Func<System.Reflection.MethodInfo, System.Boolean>
7ffcf4159e98     145     19,720 Order.Infrastructure.Entities.SubOrderModels.SubOrderItemPayModel
7ffcf52ae2b0     309     19,776 System.Collections.Immutable.ImmutableSortedDictionary<System.Type, System.ValueTuple<Microsoft.EntityFrameworkCore.Infrastructure.IDbContextOptionsExtension, System.Int32>>+Node
7ffcf5204610     276     19,872 Microsoft.AspNetCore.Routing.Tree.UrlMatchingNode
7ffcf6404450     626     20,032 System.Collections.Generic.List<System.ValueTuple<Microsoft.EntityFrameworkCore.Query.SqlExpressions.ColumnExpression, Microsoft.EntityFrameworkCore.ChangeTracking.ValueComparer>>
7ffcf519fa40     193     20,072 Microsoft.AspNetCore.WebUtilities.FileBufferingReadStream
7ffcf55d2fe8      93     20,088 Microsoft.EntityFrameworkCore.ChangeTracking.Internal.StateManager
7ffcf6e69e18      82     20,336 System.Text.Json.Serialization.Metadata.JsonPropertyInfo<System.Decimal>
7ffcf4e0b558     102     20,400 Microsoft.AspNetCore.Server.Kestrel.Core.Internal.Http.Http1OutputProducer
7ffcf4753f20     641     20,512 System.Collections.Generic.List<Microsoft.AspNetCore.Routing.Patterns.RoutePatternPart>
7ffcf52189c8     166     20,592 System.Collections.Generic.Dictionary<System.Object, Microsoft.AspNetCore.Routing.DecisionTree.DecisionTreeNode<Microsoft.AspNetCore.Routing.Tree.OutboundMatch>>+Entry[]
7ffcf386d240     368     20,608 System.RuntimeType+RuntimeTypeCache+MemberInfoCache<System.Reflection.RuntimePropertyInfo>
7ffcf3c2bbd8     431     20,688 System.Collections.Concurrent.ConcurrentDictionary<System.Type, System.Object>+Node
7ffcf4846cd0     753     20,808 System.UInt16[]
7ffcf39af068     651     20,832 System.SZGenericArrayEnumerator<Serilog.Parsing.MessageTemplateToken>
7ffcf67d0b80     373     20,888 Microsoft.EntityFrameworkCore.Storage.RelationalCommand
7ffcf69238f0     524     20,960 System.Lazy<System.Collections.Generic.Dictionary<System.String, System.Int32>>
7ffcf39e5f18     522     21,008 System.Attribute[]
7ffcf64b5550     309     21,032 Microsoft.EntityFrameworkCore.Query.SqlExpressions.OrderingExpression[]
7ffcf4359388     330     21,120 Microsoft.AspNetCore.Http.RequestDelegate
7ffcf427e340     885     21,240 Autofac.Core.Pipeline.ResolvePipeline
7ffcf64b4e30     664     21,248 System.Collections.Generic.List<Microsoft.EntityFrameworkCore.Query.SqlExpressions.OrderingExpression>
7ffcf4b496b0     242     21,296 Microsoft.AspNetCore.Mvc.ApiExplorer.ApiParameterDescription
7ffcf39e59b0     146     21,680 System.Reflection.RuntimePropertyInfo[][]
7ffcf59d8490     143     21,736 CommonApiMessage.AggregatesModel.Package.PackageTbMessage
7ffcf369cd68     340     21,760 System.Threading.CancellationTokenSource+Registrations
7ffcf5adf100      76     21,888 System.Diagnostics.Process
7ffcf6350eb0     344     22,016 Microsoft.EntityFrameworkCore.SqlServer.Query.Internal.SqlServerCompiledQueryCacheKeyGenerator+SqlServerCompiledQueryCacheKey
7ffcf5230398     276     22,080 Microsoft.AspNetCore.Mvc.ModelBinding.ModelStateDictionary+ModelStateNode
7ffcf52056d0     276     22,080 System.Collections.Generic.Dictionary<System.String, Microsoft.AspNetCore.Routing.Tree.UrlMatchingNode>
7ffcf475ac78     670     22,112 Microsoft.AspNetCore.Routing.Template.TemplatePart[]
7ffcf373dc08     461     22,128 Microsoft.Extensions.DependencyModel.RuntimeFile
7ffcf45c5710     184     22,152 System.ValueTuple<System.String, System.Int32, System.Int32, System.String>[]
7ffcf6544ed8     928     22,272 Microsoft.EntityFrameworkCore.Query.Internal.ResultContext
7ffcf59287b8     349     22,336 AutoMapper.Internal.TypeDetails
7ffcf52d8e78     570     22,800 <>z__ReadOnlySingleElementList<Microsoft.Extensions.Logging.EventId>+Enumerator
7ffcf6319720     357     22,848 Microsoft.EntityFrameworkCore.Query.RelationalQueryContext
7ffcf35aab30     581     23,240 System.Diagnostics.Stopwatch
7ffcf4c25368     179     23,304 System.Text.Json.Serialization.Metadata.JsonPropertyInfo[]
7ffcf52deb10      77     23,408 System.Collections.Immutable.RefAsValueType<System.Collections.Immutable.SecurePooledObject<System.Collections.Generic.Stack<System.Collections.Immutable.RefAsValueType<System.Collections.Immutable.ImmutableSortedDictionary<System.Int32, System.ValueTuple<System.Nullable<Microsoft.EntityFrameworkCore.WarningBehavior>, System.Nullable<Microsoft.Extensions.Logging.LogLevel>>>+Node>>>>[]
7ffcf53418c8      77     23,408 System.Collections.Immutable.RefAsValueType<System.Collections.Immutable.SecurePooledObject<System.Collections.Generic.Stack<System.Collections.Immutable.RefAsValueType<System.Collections.Immutable.ImmutableSortedDictionary<System.Type, System.ValueTuple<Microsoft.EntityFrameworkCore.Infrastructure.IDbContextOptionsExtension, System.Int32>>+Node>>>>[]
7ffcf386cf58     224     23,480 System.Reflection.RuntimeFieldInfo[]
7ffcf4228380     606     24,208 Autofac.Core.Parameter[]
7ffcf6971ec8     608     24,320 Microsoft.EntityFrameworkCore.Metadata.Internal.PropertyIndexes
7ffcf37aacc8     609     24,360 System.Collections.Generic.List<System.String>+Enumerator
7ffcf52f3e40     154     24,640 Microsoft.EntityFrameworkCore.SqlServer.Infrastructure.Internal.SqlServerOptionsExtension
7ffcf65b7880     257     24,672 System.Linq.Enumerable+<IntersectIterator>d__121<Microsoft.EntityFrameworkCore.Query.SqlExpressions.ColumnExpression>
7ffcf49077b8     442     24,752 System.Collections.Generic.Dictionary<System.String, System.Object>+Enumerator
7ffcf690eeb8      72     24,768 Microsoft.Data.ProviderBase.DbReferenceCollection+CollectionEntry[]
7ffcf3dc3280     345     24,840 CommonBuilder.Commons.CLResult
7ffcf52ccfa8     780     24,960 System.ValueTuple<System.Nullable<Microsoft.EntityFrameworkCore.WarningBehavior>, System.Nullable<Microsoft.Extensions.Logging.LogLevel>>
7ffcf5c6ed88     390     24,960 System.Predicate<System.Reflection.PropertyInfo>
7ffcf5b25510      92     25,024 Microsoft.EntityFrameworkCore.SqlServer.Storage.Internal.SqlServerStringTypeMapping
7ffcf5360028     448     25,088 System.Linq.Enumerable+IteratorSelectIterator<System.ValueTuple<Microsoft.EntityFrameworkCore.Infrastructure.IDbContextOptionsExtension, System.Int32>, Microsoft.EntityFrameworkCore.Infrastructure.IDbContextOptionsExtension>
7ffcf5362f60     448     25,088 System.ValueTuple<Microsoft.EntityFrameworkCore.Infrastructure.IDbContextOptionsExtension, System.Int32>[]
7ffcf5363ef8     448     25,088 System.Linq.Enumerable+EnumerableSorter<System.ValueTuple<Microsoft.EntityFrameworkCore.Infrastructure.IDbContextOptionsExtension, System.Int32>, System.Int32>
7ffcf4349830     523     25,104 Microsoft.AspNetCore.Mvc.ModelBinding.ModelAttributes
7ffcf443e080     525     25,200 Autofac.Core.Activators.Reflection.AutowiringParameter+<>c__DisplayClass0_0
7ffcf4dfac40     102     25,296 System.Runtime.CompilerServices.AsyncTaskMethodBuilder<System.Threading.Tasks.VoidTaskResult>+AsyncStateMachineBox<Microsoft.AspNetCore.Server.Kestrel.Transport.Sockets.Internal.SocketConnection+<DoSend>d__28>
7ffcf42cbfc0     453     25,368 Autofac.Core.Activators.Reflection.BoundConstructor
7ffcf57d8788     148     25,536 AutoMapper.Configuration.IPropertyMapConfiguration[]
7ffcf6562e58     401     25,664 System.Func<System.Data.Common.DbDataReader, System.Int32[], System.Object>
7ffcf65642a0     401     25,664 Microsoft.EntityFrameworkCore.Storage.ReaderColumn<System.Object>
7ffcf470f5a0     202     25,856 Microsoft.AspNetCore.Mvc.ModelBinding.Metadata.DisplayMetadata
7ffcf64c02a0     539     25,872 Microsoft.EntityFrameworkCore.Query.SqlExpressions.SqlConstantExpression
7ffcf696fdb0      44     25,968 System.Collections.Generic.Dictionary<Microsoft.EntityFrameworkCore.Metadata.IPropertyBase, System.Int32>+Entry[]
7ffcf6c34490     466     26,064 CommonApiMessage.AggregatesModel.SubOrderMessage.SubOrderMessageAddressViewModel[]
7ffcf631ad98     328     26,240 System.Collections.Generic.Dictionary<System.Linq.Expressions.Expression, Microsoft.EntityFrameworkCore.Query.QueryParameterExpression>
7ffcf6357e48     328     26,240 System.Collections.Generic.Dictionary<System.Linq.Expressions.ParameterExpression, System.Linq.Expressions.ParameterExpression>
7ffcf59fdc80     328     26,240 System.Collections.Generic.Dictionary<System.Type, System.Linq.Expressions.Compiler.DelegateHelpers+TypeInfo>
7ffcf4759f08     823     26,336 System.Collections.Generic.List<Microsoft.AspNetCore.Routing.Template.TemplatePart>
7ffcf6e49b18     109     26,352 System.Collections.Generic.Dictionary<Order.Business.EnumConfig.StatusCodeEnum, System.String>+Entry[]
7ffcf6350668     550     26,400 System.Dynamic.Utils.ListProvider<System.Linq.Expressions.ParameterExpression>+<GetEnumerator>d__20
7ffcf41f8760      14     26,448 System.Collections.Concurrent.ConcurrentQueueSegment<Autofac.Core.IComponentRegistration>+Slot[]
7ffcf34dd668     271     26,576 System.Reflection.RuntimeMethodInfo[][]
7ffcf4707158     302     26,576 System.Collections.Concurrent.ConcurrentDictionary<Microsoft.AspNetCore.Mvc.ModelBinding.Metadata.ModelMetadataIdentity, Microsoft.AspNetCore.Mvc.ModelBinding.Metadata.DefaultModelMetadataProvider+ModelMetadataCacheEntry>+Node
7ffcf3b0ec08     278     26,688 System.Collections.Generic.Dictionary<System.Object, System.Object>+Entry[]
7ffcf44e03e0      13     26,936 System.Runtime.CompilerServices.ConditionalWeakTable<System.Text.Json.JsonSerializerOptions, System.Object>+Entry[]
7ffcf62e58f0     140     27,024 Microsoft.EntityFrameworkCore.Query.IMethodCallTranslator[]
7ffcf52cb5f8     169     27,040 Microsoft.EntityFrameworkCore.Infrastructure.CoreOptionsExtension
7ffcf6571f98     283     27,168 Microsoft.EntityFrameworkCore.Storage.RelationalDataReader
7ffcf6bc1a08     569     27,312 Microsoft.EntityFrameworkCore.Query.Internal.SplitQueryCollectionContext
7ffcf423f340     577     27,696 System.Collections.Concurrent.ConcurrentDictionary<System.Type, System.Reflection.ConstructorInfo[]>+Node
7ffcf62c9a78   1,160     27,840 System.Collections.Generic.Dictionary<System.String, Microsoft.EntityFrameworkCore.Infrastructure.Annotation>+ValueCollection
7ffcf6a36168     437     27,968 System.Collections.Generic.HashSet<Order.Infrastructure.Entities.SubOrderModels.SubOrderItemTaxModel>
7ffcf4436da0     874     27,968 Autofac.Core.Resolving.Middleware.SharingMiddleware+<>c__DisplayClass5_0
7ffcf692aa68     883     28,256 System.Linq.Enumerable+RepeatIterator<System.Int32>
7ffcf4709408     442     28,288 System.Func<System.Object, System.Object>
7ffcf52fe920     508     28,448 System.Collections.Immutable.ImmutableSortedDictionary<System.Type, System.ValueTuple<Microsoft.EntityFrameworkCore.Infrastructure.IDbContextOptionsExtension, System.Int32>>+Enumerator
7ffcf657ac30     890     28,480 Microsoft.EntityFrameworkCore.Query.Internal.RelationalCommandCache+CommandCacheKey
7ffcf369ceb8     356     28,480 System.Threading.CancellationTokenSource+CallbackNode
7ffcf39c1200   1,194     28,656 Serilog.Core.Enrichers.SafeAggregateEnricher
7ffcf534cde8     448     28,672 System.Linq.Enumerable+IEnumerableSelectIterator<System.Collections.Generic.KeyValuePair<System.Type, System.ValueTuple<Microsoft.EntityFrameworkCore.Infrastructure.IDbContextOptionsExtension, System.Int32>>, System.ValueTuple<Microsoft.EntityFrameworkCore.Infrastructure.IDbContextOptionsExtension, System.Int32>>
7ffcf39d9bc0     448     28,672 System.Comparison<System.Int32>
7ffcf6195ca8     598     28,704 System.Linq.Enumerable+CastICollectionIterator<Microsoft.EntityFrameworkCore.Metadata.IEntityType>
7ffcf422f878     884     28,760 Autofac.Core.Service[]
7ffcf4c2f8e8      89     28,800 System.Collections.Generic.Dictionary<System.String, System.Text.Json.Serialization.Metadata.JsonPropertyInfo>+Entry[]
7ffcf52018f0     362     28,960 System.Collections.Generic.Dictionary<System.String, Microsoft.AspNetCore.Routing.IRouteConstraint>
7ffcf444a060     728     29,120 System.Threading.Lock
7ffcf65621d8     524     29,344 Microsoft.EntityFrameworkCore.Query.Internal.BufferedDataReader
7ffcf6923298     525     29,368 Microsoft.EntityFrameworkCore.Query.Internal.BufferedDataReader+BufferedDataRecord[]
7ffcf4753c30     570     29,616 Microsoft.AspNetCore.Routing.Patterns.RoutePatternPathSegment[]
7ffcf34f12e0     467     29,888 System.Reflection.InvokerEmitUtil+InvokeFunc_RefArgs
7ffcf43fbb88      94     30,080 System.Collections.Concurrent.ConcurrentDictionary<System.ValueTuple<System.Guid, System.Guid>, System.Object>+VolatileNode[]
7ffcf405f620     146     30,368 Order.Infrastructure.Entities.SubOrderModels.SubOrderItemFulFillmentModel
7ffcf612e770      93     30,504 Microsoft.EntityFrameworkCore.Metadata.RuntimeEntityType
7ffcf47292a0     426     30,672 Microsoft.AspNetCore.Mvc.ModelBinding.Metadata.BindingMetadata
7ffcf57b12c0     297     30,888 AutoMapper.TypeMap
7ffcf478de88     205     31,160 Microsoft.AspNetCore.Mvc.Controllers.ControllerActionDescriptor
7ffcf52ce210     780     31,200 System.Collections.Generic.KeyValuePair<System.Int32, System.ValueTuple<System.Nullable<Microsoft.EntityFrameworkCore.WarningBehavior>, System.Nullable<Microsoft.Extensions.Logging.LogLevel>>>
7ffcf42cbac0     653     31,344 System.Collections.Concurrent.ConcurrentDictionary<System.Reflection.ConstructorInfo, System.Func<System.Object[], System.Object>>+Node
7ffcf633cd40     328     31,488 System.Collections.Generic.Dictionary<System.Linq.Expressions.Expression, Microsoft.EntityFrameworkCore.Query.QueryParameterExpression>+Entry[]
7ffcf6359b68     328     31,488 System.Collections.Generic.Dictionary<System.Linq.Expressions.ParameterExpression, System.Linq.Expressions.ParameterExpression>+Entry[]
7ffcf624a068     563     31,528 System.Linq.Enumerable+IEnumerableWhereIterator<Microsoft.EntityFrameworkCore.Metadata.IEntityType>
7ffcf6bc7238     563     31,528 System.Linq.Enumerable+IEnumerableWhereIterator<Microsoft.EntityFrameworkCore.Metadata.IServiceProperty>
7ffcf4219638       4     31,584 System.Collections.Concurrent.ConcurrentDictionary<System.Type, System.Boolean>+VolatileNode[]
7ffcf3c296e0     400     32,000 System.ComponentModel.ReflectTypeDescriptionProvider+ReflectedTypeData
7ffcf41f7e78       1     32,416 System.Collections.Concurrent.ConcurrentDictionary<Autofac.Core.Service, Autofac.Core.Registration.ServiceRegistrationInfo>+VolatileNode[]
7ffcf421b208       1     32,416 System.Collections.Concurrent.ConcurrentDictionary<System.Reflection.ConstructorInfo, System.Func<System.Object[], System.Object>>+VolatileNode[]
7ffcf631ac40     677     32,496 Microsoft.EntityFrameworkCore.Query.QueryParameterExpression
7ffcf52cc1d8     814     32,560 Microsoft.EntityFrameworkCore.Diagnostics.WarningsConfiguration
7ffcf581a2a0     241     32,776 CommonApiMessage.AggregatesModel.SubOrderMessage.SubOrderMessageItemPaymentViewModel
7ffcf52370b0   1,025     32,800 System.Linq.Expressions.MethodCallExpression1
7ffcf64a31e0   1,035     33,120 Microsoft.EntityFrameworkCore.Query.SqlExpressions.ProjectionExpression
7ffcf5c84c00     218     33,136 System.Collections.Concurrent.ConcurrentDictionary<System.ValueTuple<Microsoft.EntityFrameworkCore.Storage.RelationalTypeMappingInfo, System.Type, Microsoft.EntityFrameworkCore.Storage.ValueConversion.ValueConverter, Microsoft.EntityFrameworkCore.Storage.CoreTypeMapping>, Microsoft.EntityFrameworkCore.Storage.RelationalTypeMapping>+Node
7ffcf3e2daf8     149     33,376 Order.Infrastructure.Entities.SubOrderModels.SubOrderModel
7ffcf686d888      72     33,408 Microsoft.Data.SqlClient.SqlInternalConnectionTds
7ffcf6924448     524     33,536 System.Func<System.Collections.Generic.Dictionary<System.String, System.Int32>>
7ffcf4c2f5e0   1,048     33,536 System.Collections.BitArray
7ffcf81e8ed0       9     33,704 System.Collections.Generic.Dictionary<System.Int32, System.Diagnostics.Tracing.EventSource+EventMetadata>+Entry[]
7ffcf5c4f240   1,410     33,840 Microsoft.EntityFrameworkCore.Metadata.SqlServerValueGenerationStrategy
7ffcf58002e0   1,071     34,272 System.Linq.Expressions.FieldExpression
7ffcf4c3e8b0      75     34,344 System.Text.Json.WriteStackFrame[]
7ffcf52d8250     615     34,440 System.Collections.Immutable.ImmutableSortedDictionary<System.Int32, System.ValueTuple<System.Nullable<Microsoft.EntityFrameworkCore.WarningBehavior>, System.Nullable<Microsoft.Extensions.Logging.LogLevel>>>+Enumerator
7ffcf6401c90   1,086     34,752 System.Collections.Generic.List<Microsoft.EntityFrameworkCore.Query.SqlExpressions.SqlExpression>
7ffcf52cda80     725     34,800 System.Collections.Immutable.ImmutableSortedDictionary<System.Int32, System.ValueTuple<System.Nullable<Microsoft.EntityFrameworkCore.WarningBehavior>, System.Nullable<Microsoft.Extensions.Logging.LogLevel>>>
7ffcf34db8b0     623     34,888 System.RuntimeType+RuntimeTypeCache+MemberInfoCache<System.Reflection.RuntimeMethodInfo>
7ffcf4df35d8     102     35,088 Microsoft.AspNetCore.Server.Kestrel.Transport.Sockets.Internal.SocketConnection
7ffcf4792910   1,099     35,168 Microsoft.AspNetCore.Mvc.Filters.FilterDescriptor
7ffcf4296e70   1,466     35,184 System.Linq.Expressions.PrimitiveParameterExpression<System.String>
7ffcf427e1d0     884     35,360 Autofac.Core.Resolving.Middleware.DelegateMiddleware
7ffcf688fc28      72     35,712 Microsoft.Data.SqlClient.TdsParserStateObjectNative
7ffcf5c18540      93     35,712 Microsoft.EntityFrameworkCore.Metadata.Internal.EntityType
7ffcf441fd50     559     35,776 System.Collections.Concurrent.ConcurrentDictionary<System.Type, System.ValueTuple<System.Type, System.Type, System.Func<System.Int32, System.Collections.IList>>>+Node
7ffcf34f11f0     448     35,840 System.Reflection.MethodBaseInvoker
7ffcf4df38c8     102     35,904 Microsoft.AspNetCore.Server.Kestrel.Transport.Sockets.Internal.SocketReceiver
7ffcf4759e88     642     35,952 Microsoft.AspNetCore.Routing.Template.TemplatePart
7ffcf6bc70b8     563     36,032 System.Linq.Enumerable+SelectManySingleSelectorIterator<Microsoft.EntityFrameworkCore.Metadata.IEntityType, Microsoft.EntityFrameworkCore.Metadata.IServiceProperty>
7ffcf42293a0     908     36,320 Autofac.Core.Resolving.Pipeline.ResolvePipelineBuilder
7ffcf657d420     455     36,400 System.Collections.Generic.Dictionary<System.String, Microsoft.EntityFrameworkCore.Query.Internal.RelationalCommandCache+ParameterInfo>
7ffcf68be100     327     36,624 Microsoft.Data.SqlClient.SqlEnvChange
7ffcf617bd80     573     36,672 System.Func<Microsoft.EntityFrameworkCore.Metadata.IEntityType, System.Boolean>
7ffcf4299d40   1,534     36,816 System.Runtime.CompilerServices.TrueReadOnlyCollection<System.Linq.Expressions.Expression>
7ffcf63f3870     576     36,864 Microsoft.EntityFrameworkCore.Query.SqlExpressions.SqlParameterExpression
7ffcf44e3018       4     37,024 System.Text.Encodings.Web.OptimizedInboxTextEncoder
7ffcf4237648   1,158     37,056 System.Collections.Generic.List<Autofac.Core.IComponentRegistration>
7ffcf59dab28   1,186     37,952 System.Collections.Generic.List<CommonApiMessage.AggregatesModel.SubOrderMessage.SubOrderMessageItemTaxViewModel>
7ffcf427e8a0     681     38,136 Autofac.Core.Activators.Reflection.ConstructorBinder
7ffcf444c5e0   1,192     38,144 Serilog.Extensions.Logging.EventIdPropertyCache
7ffcf444f598   1,192     38,144 Serilog.Core.Enrichers.FixedPropertyEnricher
7ffcf59fe450     328     38,256 System.Collections.Generic.Dictionary<System.Type, System.Linq.Expressions.Compiler.DelegateHelpers+TypeInfo>+Entry[]
7ffcf371a7e0   1,195     38,280 Serilog.Core.ILogEventEnricher[]
7ffcf3978088     296     38,368 System.Reflection.Emit.__LabelInfo[]
7ffcf386bc08   1,092     38,576 System.Reflection.RuntimeConstructorInfo[]
7ffcf4349cf8     804     38,592 Microsoft.Extensions.Internal.PropertyHelper
7ffcf415ce90     161     38,640 Order.Infrastructure.Entities.Package.PackageTbModel
7ffcf6d5b7f0     161     38,640 Microsoft.EntityFrameworkCore.ChangeTracking.Internal.Snapshot<System.Guid, System.String, System.String, System.String, System.Nullable<System.DateTime>, System.String, System.String, System.String, System.String, System.Nullable<System.Decimal>, System.String, System.Nullable<System.Decimal>, System.String, System.String, System.Int32, System.String, System.String, System.String, System.String, System.String, System.Nullable<System.DateTime>>
7ffcf6c99060     163     39,120 Microsoft.EntityFrameworkCore.ChangeTracking.Internal.Snapshot<System.Int32, System.String, System.String, System.String, System.String, System.Int64, System.String, System.String, System.String, System.String, System.String, System.DateTime, System.String, System.String, System.String, System.String, System.String, System.Boolean, System.Boolean, System.String, System.String, System.String, System.String, System.String, System.String, System.String, System.String, System.String, System.String, System.String>
7ffcf479b838     982     39,280 Microsoft.AspNetCore.Routing.RouteValueDictionary
7ffcf68bdf38     619     39,616 Microsoft.Data.SqlClient._SqlMetaDataSet
7ffcf427ff10     994     39,760 System.Collections.Concurrent.ConcurrentDictionary<System.Type, System.Boolean>+Node
7ffcf62c6a18      94     41,040 Microsoft.EntityFrameworkCore.Utilities.OrderedDictionary<System.String, Microsoft.EntityFrameworkCore.Metadata.RuntimeProperty>+Entry[]
7ffcf62c7580      94     41,040 Microsoft.EntityFrameworkCore.Utilities.OrderedDictionary<System.String, Microsoft.EntityFrameworkCore.Metadata.RuntimeIndex>+Entry[]
7ffcf4433b10     304     41,344 Autofac.Core.Resolving.ResolveOperation
7ffcf4e21d20     102     41,616 Microsoft.AspNetCore.Server.Kestrel.Core.Internal.Http.HttpResponseHeaders
7ffcf65b9df8     290     41,760 System.Collections.Generic.Dictionary<System.String, Microsoft.EntityFrameworkCore.Query.SqlExpressions.SqlParameterExpression>+Entry[]
7ffcf4213fc8     653     41,792 System.Func<System.Object[], System.Object>
7ffcf631a630     328     41,984 Microsoft.EntityFrameworkCore.Query.Internal.ExpressionTreeFuncletizer
7ffcf4159858     292     42,048 Order.Infrastructure.Entities.SubOrderModels.SubOrderItemAmtDtlModel
7ffcf523c270     761     42,616 System.Linq.Expressions.MethodBinaryExpression
7ffcf64be7b0     889     42,672 Microsoft.EntityFrameworkCore.Query.SqlExpressions.SqlUnaryExpression
7ffcf534da90     448     43,008 System.Linq.Enumerable+OrderedIterator<System.ValueTuple<Microsoft.EntityFrameworkCore.Infrastructure.IDbContextOptionsExtension, System.Int32>, System.Int32>
7ffcf3682280     899     43,152 System.Threading.CancellationTokenSource
7ffcf59cd790   1,806     43,344 AutoMapper.Execution.ExpressionResolver
7ffcf4237b80     907     43,536 System.Collections.Concurrent.ConcurrentDictionary<Autofac.Core.Service, Autofac.Core.Registration.ServiceRegistrationInfo>+Node
7ffcf40cc950     163     44,336 Order.Infrastructure.Entities.StoreLocation.StoreLocationModel
7ffcf67d0458     925     44,400 Microsoft.EntityFrameworkCore.Storage.Internal.TypeMappedRelationalParameter
7ffcf6923c70     643     44,480 System.DateTime[]
7ffcf3b06950   1,198     44,880 System.Int64[]
7ffcf5c865f0   1,409     45,088 Microsoft.EntityFrameworkCore.Metadata.Internal.InternalPropertyBuilder
7ffcf4237ac0     792     45,280 Autofac.Core.IComponentRegistration[]
7ffcf63f06c8     570     45,600 System.Collections.Generic.Dictionary<Microsoft.EntityFrameworkCore.Query.ProjectionMember, System.Linq.Expressions.Expression>
7ffcf4435168     304     46,208 Autofac.Core.Resolving.Pipeline.ResolveRequestContext[]
7ffcf42ba968   1,467     46,944 System.Linq.Expressions.ScopeN
7ffcf65461a0     734     46,976 Microsoft.EntityFrameworkCore.Query.Internal.RelationalCommandResolver
7ffcf4312668   1,968     47,232 Microsoft.AspNetCore.Routing.Patterns.RoutePatternPathSegment
7ffcf63337c0   1,484     47,488 System.SZGenericArrayEnumerator<System.Linq.Expressions.Expression>
7ffcf528b018     990     47,520 Microsoft.AspNetCore.Mvc.MvcCoreLoggerExtensions+ActionLogScope+<GetEnumerator>d__6
7ffcf444c3f0   1,192     47,680 Serilog.Extensions.Logging.SerilogLogger
7ffcf444d9d8   1,192     47,680 System.Collections.Concurrent.ConcurrentDictionary<Serilog.Extensions.Logging.EventIdPropertyCache+EventKey, Serilog.Events.LogEventPropertyValue>
7ffcf64370d0   1,502     48,064 System.Collections.Generic.List<Microsoft.EntityFrameworkCore.Metadata.Internal.ColumnMappingBase>
7ffcf6455e90   1,502     48,064 System.Collections.Generic.List<Microsoft.EntityFrameworkCore.Metadata.Internal.ColumnMapping>
7ffcf59fa818   2,007     48,168 System.Runtime.CompilerServices.TrueReadOnlyCollection<System.Linq.Expressions.CatchBlock>
7ffcf5817e58     259     49,728 CommonApiMessage.AggregatesModel.SubOrderMessage.SubOrderMessageItemFulFillmentViewModel
7ffcf4e0ed78     102     49,776 Microsoft.AspNetCore.Server.Kestrel.Core.Internal.Http.HttpRequestHeaders
7ffcf5c60508   1,257     50,280 Microsoft.EntityFrameworkCore.Metadata.Internal.ConventionAnnotation
7ffcf61b7180     487     50,648 Microsoft.EntityFrameworkCore.ChangeTracking.Internal.InternalEntityEntry
7ffcf65aa978   1,061     50,928 System.Linq.Enumerable+IListSkipTakeIterator<Microsoft.EntityFrameworkCore.Query.SqlExpressions.ColumnExpression>
7ffcf523c410   1,279     51,160 System.Linq.Expressions.FullConditionalExpression
7ffcf41595b0     146     51,392 Order.Infrastructure.Entities.SubOrderModels.SubOrderItemAmountModel
7ffcf4e6b378   2,145     51,480 System.Threading.AsyncLocalValueMap+MultiElementAsyncLocalValueMap
7ffcf3606008     813     52,032 Microsoft.Extensions.DependencyInjection.ServiceDescriptor
7ffcf6314638   1,093     52,464 Microsoft.EntityFrameworkCore.Query.EntityQueryRootExpression
7ffcf68fc9f8   1,103     52,920 Microsoft.Data.SqlClient.SqlParameter[]
7ffcf4755a50     570     54,720 Microsoft.AspNetCore.Routing.Patterns.RoutePattern
7ffcf3c25ef0     856     54,784 System.Func<System.Object>
7ffcf3a56728     685     54,800 System.Collections.Generic.Dictionary<System.Object, System.Object>
7ffcf429c350   1,373     54,920 System.Dynamic.Utils.CacheDict<System.Reflection.MethodBase, System.Reflection.ParameterInfo[]>+Entry
7ffcf63f29c0     313     55,088 Microsoft.EntityFrameworkCore.Query.SqlExpressions.SelectExpression
7ffcf43fc0e8     994     55,664 System.Collections.Concurrent.ConcurrentDictionary<System.Guid, System.Object>+Node
7ffcf3864478   1,169     56,112 Serilog.Events.MessageTemplate
7ffcf427df18     884     56,576 System.Action<Autofac.Core.Resolving.Pipeline.ResolveRequestContext, System.Action<Autofac.Core.Resolving.Pipeline.ResolveRequestContext>>
7ffcf6923718     524     56,696 Microsoft.EntityFrameworkCore.Query.Internal.BufferedDataReader+BufferedDataRecord+TypeCase[]
7ffcf4225080   2,385     57,240 Autofac.Core.TypedService
7ffcf4754630   1,802     57,664 Microsoft.AspNetCore.Routing.Patterns.RoutePatternLiteralPart
7ffcf4238018     604     57,984 Autofac.Core.Activators.Reflection.ReflectionActivator
7ffcf5c6a628   1,038     58,128 System.Collections.Generic.SortedSet<System.Collections.Generic.KeyValuePair<System.String, System.Reflection.FieldInfo>>+Node
7ffcf39e2d38     787     58,152 System.Collections.Generic.KeyValuePair<System.String, System.Object>[]
7ffcf349b258   1,518     58,644 System.Boolean[]
7ffcf4df4fc0     204     58,752 System.IO.Pipelines.Pipe
7ffcf343b360   1,846     59,072 System.Collections.Generic.List<System.String>
7ffcf4c21b60     937     59,968 System.Func<System.Object, System.String>
7ffcf4c244f8     937     59,968 System.Action<System.Object, System.String>
7ffcf39785a0     296     60,192 System.Reflection.Emit.__FixupData[]
7ffcf386bae0   1,092     61,152 System.RuntimeType+RuntimeTypeCache+MemberInfoCache<System.Reflection.RuntimeConstructorInfo>
7ffcf6923e90     643     61,848 System.Decimal[]
7ffcf4df8410     645     61,920 System.IO.Pipelines.BufferSegment
7ffcf6404138     968     61,952 Microsoft.EntityFrameworkCore.Query.SqlExpressions.ColumnExpression
7ffcf4e6e948   1,298     62,304 Microsoft.AspNetCore.Hosting.HostingApplicationDiagnostics+Log+HostingLogScope+<GetEnumerator>d__9
7ffcf4e6ebf0   1,298     62,304 Microsoft.AspNetCore.Server.Kestrel.Core.Internal.ConnectionLogScope+<GetEnumerator>d__7
7ffcf4befa50   1,955     62,560 System.Text.Json.Serialization.Metadata.ReflectionEmitCachingMemberAccessor+Cache<System.ValueTuple<System.String, System.Type, System.Reflection.MemberInfo>>+CacheEntry
7ffcf59acb60     296     63,168 AutoMapper.PropertyMap[]
7ffcf386e278   1,121     63,632 System.Reflection.RuntimePropertyInfo[]
7ffcf57d8138   2,028     64,896 System.Collections.Generic.List<System.Action<AutoMapper.PropertyMap>>
7ffcf3a69d08     903     65,016 System.RuntimeFieldInfoStub
7ffcf39783e0   2,055     65,760 System.Reflection.Emit.GenericMethodInfo
7ffcf4acf908     206     65,920 System.Collections.Concurrent.ConcurrentDictionary<System.Type, System.Object[]>+VolatileNode[]
7ffcf429cef0   2,759     66,216 System.Runtime.CompilerServices.TrueReadOnlyCollection<System.Linq.Expressions.ParameterExpression>
7ffcf444f430   1,192     66,752 System.Collections.Concurrent.ConcurrentDictionary<Serilog.Extensions.Logging.EventIdPropertyCache+EventKey, Serilog.Events.LogEventPropertyValue>+Tables
7ffcf643b390   1,409     67,632 System.Collections.Generic.SortedSet<Microsoft.EntityFrameworkCore.Metadata.Internal.ColumnMappingBase>
7ffcf643ea18   1,409     67,632 System.Collections.Generic.SortedSet<Microsoft.EntityFrameworkCore.Metadata.Internal.ColumnMappingBase>+Node
7ffcf6456520   1,409     67,632 System.Collections.Generic.SortedSet<Microsoft.EntityFrameworkCore.Metadata.Internal.ColumnMapping>
7ffcf6456a80   1,409     67,632 System.Collections.Generic.SortedSet<Microsoft.EntityFrameworkCore.Metadata.Internal.ColumnMapping>+Node
7ffcf6154530   1,716     68,640 System.Collections.Concurrent.ConcurrentDictionary<System.String, Microsoft.EntityFrameworkCore.Infrastructure.Annotation>
7ffcf5929cf8   2,008     68,936 System.Linq.Expressions.CatchBlock[]
7ffcf43fb008     172     70,192 System.Collections.Concurrent.ConcurrentDictionary<System.Guid, System.Object>+VolatileNode[]
7ffcf6900928     551     70,528 Microsoft.Data.SqlClient._SqlRPC
7ffcf4348500     523     71,128 Microsoft.AspNetCore.Mvc.ModelBinding.Metadata.DefaultMetadataDetails
7ffcf3712bb0      20     72,192 System.Collections.Hashtable+Bucket[]
7ffcf4214bc8   1,135     72,640 System.Action<System.Object, System.Object>
7ffcf64beb28   1,312     73,472 Microsoft.EntityFrameworkCore.Query.SqlExpressions.SqlBinaryExpression
7ffcf4ac4f68   1,838     73,520 System.Linq.Expressions.InstanceMethodCallExpression1
7ffcf690fe58     444     76,160 Microsoft.Data.SqlClient.SqlBuffer[]
7ffcf37aada8   1,199     76,736 System.Collections.Generic.HashSet<System.String>
7ffcf47544b0   1,969     78,392 Microsoft.AspNetCore.Routing.Patterns.RoutePatternPart[]
7ffcf5ca6f88   1,409     78,904 System.Collections.Generic.SortedSet<System.Collections.Generic.KeyValuePair<System.String, Microsoft.EntityFrameworkCore.Metadata.Internal.Property>>+Node
7ffcf3977e50   2,518     80,576 System.Reflection.Emit.GenericFieldInfo
7ffcf4345a58     427     81,984 Microsoft.AspNetCore.Mvc.ModelBinding.Metadata.DefaultModelBindingMessageProvider
7ffcf6312b50   2,589     82,848 Microsoft.EntityFrameworkCore.Query.Internal.EntityQueryable<Order.Infrastructure.Entities.SubOrderModels.SubOrderModel>
7ffcf5c68548   1,483     83,048 System.Collections.Generic.SortedSet<System.Collections.Generic.KeyValuePair<System.String, System.Reflection.PropertyInfo>>+Node
7ffcf64b53d0     313     83,224 Microsoft.EntityFrameworkCore.Query.SqlExpressions.ProjectionExpression[]
7ffcf3e69860      93     83,328 Order.Infrastructure.OrderContext
7ffcf648f8c8   2,647     84,704 System.Collections.Generic.List<Microsoft.EntityFrameworkCore.Query.SqlExpressions.ColumnExpression>
7ffcf44350a8     304     85,120 Autofac.Core.Resolving.Pipeline.DefaultResolveRequestContext[]
7ffcf4e0a850     102     85,680 Microsoft.AspNetCore.Server.Kestrel.Core.Internal.Http.Http1Connection<Microsoft.AspNetCore.Hosting.HostingApplication+Context>
7ffcf429de00   1,193     85,896 System.Collections.Generic.HashSet<System.Linq.Expressions.ParameterExpression>+Entry[]
7ffcf5819d90     834     86,736 CommonApiMessage.AggregatesModel.SubOrderMessage.SubOrderMessageItemAmountDetailViewModel
7ffcf41f5ee0     907     87,072 Autofac.Core.Registration.ServiceRegistrationInfo
7ffcf37ab210     939     89,336 System.Collections.Generic.HashSet<System.String>+Entry[]
7ffcf640d290   1,409     90,176 Microsoft.EntityFrameworkCore.Metadata.Internal.ColumnMappingBase
7ffcf640d5c0   1,409     90,176 Microsoft.EntityFrameworkCore.Metadata.Internal.ColumnMapping
7ffcf4293b38   3,783     90,792 System.Linq.Expressions.ConstantExpression
7ffcf429c908   3,912     93,888 System.Collections.ObjectModel.ReadOnlyCollection<System.Linq.Expressions.ParameterExpression>
7ffcf59a9e90     166     93,984 System.Collections.Generic.Dictionary<System.String, System.Reflection.MemberInfo>+Entry[]
7ffcf6155698   1,716     96,096 System.Collections.Concurrent.ConcurrentDictionary<System.String, Microsoft.EntityFrameworkCore.Infrastructure.Annotation>+Tables
7ffcf6437660   1,503     97,128 Microsoft.EntityFrameworkCore.Metadata.Internal.ColumnMappingBase[]
7ffcf6456420   1,503     97,128 Microsoft.EntityFrameworkCore.Metadata.Internal.ColumnMapping[]
7ffcf429d4a0   1,521     97,344 System.Collections.Generic.HashSet<System.Linq.Expressions.ParameterExpression>
7ffcf3e43c10     285     98,040 CommonApiMessage.AggregatesModel.SubOrderMessage.SubOrderMessageViewModel
7ffcf4232580     883     98,896 Autofac.Core.Registration.ComponentRegistration
7ffcf42b4420   3,133    100,256 System.Linq.Expressions.AssignBinaryExpression
7ffcf3590d88   2,528    101,120 System.Threading.ExecutionContext
7ffcf65036f8   1,296    103,680 System.Linq.Enumerable+ListSelectIterator<System.ValueTuple<Microsoft.EntityFrameworkCore.Query.SqlExpressions.ColumnExpression, Microsoft.EntityFrameworkCore.ChangeTracking.ValueComparer>, Microsoft.EntityFrameworkCore.Query.SqlExpressions.ColumnExpression>
7ffcf4434170     874    104,880 Autofac.Core.Resolving.Pipeline.DefaultResolveRequestContext
7ffcf36fdbe0     232    106,128 System.Collections.Generic.Dictionary<System.String, System.String>+Entry[]
7ffcf39ec1e8   1,355    108,400 System.Collections.Generic.Dictionary<System.String, Serilog.Events.LogEventPropertyValue>
7ffcf3864088   1,355    108,400 Serilog.Events.LogEvent
7ffcf42c1f98   2,768    110,720 System.Linq.Expressions.LogicalBinaryExpression
7ffcf3e24810     146    112,128 Order.Infrastructure.Entities.SubOrderModels.SubOrderItemModel
7ffcf57d86c8   2,029    113,592 System.Action<AutoMapper.PropertyMap>[]
7ffcf59f8fe0   2,030    113,680 System.Linq.Expressions.TryExpression
7ffcf34fd3b8     250    114,000 System.Buffers.SharedArrayPoolThreadLocalArray[]
7ffcf68bd390     467    115,816 Microsoft.Data.SqlClient.SqlDataReader
7ffcf690f9b0     619    124,160 Microsoft.Data.SqlClient._SqlMetaData[]
7ffcf5929c50   2,593    124,464 System.Linq.Expressions.CatchBlock
7ffcf4c12af8   1,955    125,120 System.Collections.Concurrent.ConcurrentDictionary<System.ValueTuple<System.String, System.Type, System.Reflection.MemberInfo>, System.Text.Json.Serialization.Metadata.ReflectionEmitCachingMemberAccessor+Cache<System.ValueTuple<System.String, System.Type, System.Reflection.MemberInfo>>+CacheEntry>+Node
7ffcf59f9908   3,911    125,152 System.Dynamic.Utils.ListParameterProvider
7ffcf336ae08   1,584    126,720 System.Collections.Generic.Dictionary<System.String, System.Object>
7ffcf434a568     523    129,704 Microsoft.AspNetCore.Mvc.ModelBinding.Metadata.DefaultModelMetadata
7ffcf57d8068   2,028    129,792 System.Action<AutoMapper.PropertyMap>
7ffcf42c20f0   4,096    131,072 System.Runtime.CompilerServices.Closure
7ffcf4298d68   5,537    132,888 System.Collections.ObjectModel.ReadOnlyCollection<System.Linq.Expressions.Expression>
7ffcf427e620   3,341    133,640 Autofac.Core.Resolving.Pipeline.ResolvePipelineBuilder+<>c__DisplayClass15_0
7ffcf64339c0   1,409    135,264 Microsoft.EntityFrameworkCore.Metadata.Internal.ColumnBase<Microsoft.EntityFrameworkCore.Metadata.Internal.ColumnMappingBase>
7ffcf421a8e0       2    140,496 System.Collections.Concurrent.ConcurrentDictionary<System.ValueTuple<System.Type, System.Type>, System.Boolean>+VolatileNode[]
7ffcf640cf98   1,409    146,536 Microsoft.EntityFrameworkCore.Metadata.Internal.Column
7ffcf68881b8      72    149,184 Microsoft.Data.SqlClient.SessionStateRecord[]
7ffcf51d1370     184    153,648 System.Byte[][]
7ffcf68bb498     551    154,280 Microsoft.Data.SqlClient.SqlCommand
7ffcf6155df8   3,224    154,752 System.Collections.Concurrent.ConcurrentDictionary<System.String, Microsoft.EntityFrameworkCore.Infrastructure.Annotation>+Node
7ffcf4c20cc8     632    156,736 System.Text.Json.Serialization.Metadata.JsonPropertyInfo<System.String>
7ffcf643b258   2,818    157,808 System.Collections.Generic.SortedSet<System.Collections.Generic.KeyValuePair<System.String, Microsoft.EntityFrameworkCore.Metadata.IColumnBase>>+Node
7ffcf4232f58   3,337    160,176 Autofac.Core.Resolving.Pipeline.MiddlewareDeclaration
7ffcf34de8b8   1,543    160,472 System.Reflection.RuntimeConstructorInfo
7ffcf386a2a8   2,242    161,424 System.Reflection.RtFieldInfo
7ffcf5a36108   5,536    177,152 System.Dynamic.Utils.ListArgumentProvider
7ffcf6922c80     524    180,256 Microsoft.EntityFrameworkCore.Query.Internal.BufferedDataReader+BufferedDataRecord
7ffcf3337520   7,517    180,408 System.Int32
7ffcf5815f10     241    181,232 CommonApiMessage.AggregatesModel.SubOrderMessage.SubOrderMessageItemViewModel
7ffcf4294e88   5,638    181,480 System.Linq.Expressions.ParameterExpression[]
7ffcf40609f0     510    183,600 Order.Infrastructure.Entities.SubOrderModels.SubOrderAddressModel
7ffcf3400848   1,446    189,984 System.Collections.Generic.Dictionary<System.String, System.Object>+Entry[]
7ffcf3714f38   2,388    191,040 Serilog.Core.Logger
7ffcf42939c8   4,593    193,904 System.Linq.Expressions.Expression[]
7ffcf3710e08       2    196,848 System.Runtime.CompilerServices.GenericCache<System.Runtime.CompilerServices.VirtualDispatchHelpers+VirtualResolutionData, System.IntPtr>+Entry[]
7ffcf5c603c0   6,171    197,472 Microsoft.EntityFrameworkCore.Infrastructure.Annotation
7ffcf4cdfba0   4,691    205,088 System.Reflection.MemberInfo[]
7ffcf4ac3ce8   5,265    210,600 System.Linq.Expressions.MethodCallExpression2
7ffcf5c60620   2,663    213,040 System.Collections.Generic.Dictionary<System.String, Microsoft.EntityFrameworkCore.Infrastructure.Annotation>
7ffcf427de38   3,342    213,888 System.Action<Autofac.Core.Resolving.Pipeline.ResolveRequestContext>
7ffcf38641f8   6,942    222,144 Serilog.Events.LogEventProperty
7ffcf52ced38   3,968    222,208 System.Collections.Immutable.ImmutableSortedDictionary<System.Int32, System.ValueTuple<System.Nullable<Microsoft.EntityFrameworkCore.WarningBehavior>, System.Nullable<Microsoft.Extensions.Logging.LogLevel>>>+Node
7ffcf6573678   2,145    230,552 System.Collections.Generic.KeyValuePair<System.Threading.IAsyncLocal, System.Object>[]
7ffcf3955de0   1,406    231,344 Serilog.Parsing.MessageTemplateToken[]
7ffcf5813c88     836    234,080 CommonApiMessage.AggregatesModel.SubOrderMessage.SubOrderMessageAddressViewModel
7ffcf62ec490     250    237,168 System.Collections.Generic.Dictionary<System.Reflection.MethodInfo, System.String>+Entry[]
7ffcf34db9d8   1,078    238,552 System.Reflection.RuntimeMethodInfo[]
7ffcf4296838   7,499    239,968 System.Linq.Expressions.TypedParameterExpression
7ffcf4419698   5,022    241,056 System.Collections.Concurrent.ConcurrentDictionary<System.ValueTuple<System.Type, System.Type>, System.Boolean>+Node
7ffcf38646f0  10,231    245,544 Serilog.Events.ScalarValue
7ffcf34d8288   1,513    254,184 System.RuntimeType+RuntimeTypeCache
7ffcf5c60ef0   2,663    264,672 System.Collections.Generic.Dictionary<System.String, Microsoft.EntityFrameworkCore.Infrastructure.Annotation>+Entry[]
7ffcf34f0ca8   6,913    268,712 System.Reflection.ParameterInfo[]
7ffcf386e6b0   1,273    285,128 System.Reflection.PropertyInfo[]
7ffcf3560938   3,104    287,936 System.Reflection.MethodInfo[]
7ffcf657f160     712    294,656 System.Collections.Generic.Dictionary<System.String, Microsoft.EntityFrameworkCore.Query.Internal.RelationalCommandCache+ParameterInfo>+Entry[]
7ffcf42986e0  10,288    329,216 System.Linq.Expressions.PropertyExpression
7ffcf4294350   7,276    349,248 System.Linq.Expressions.UnaryExpression
7ffcf57d7cf0   4,524    361,920 AutoMapper.PropertyMap
7ffcf343aa70   3,545    371,504 System.String[]
7ffcf61418c8   1,409    371,976 Microsoft.EntityFrameworkCore.Metadata.RuntimeProperty
7ffcf34d66c0   7,135    378,264 System.Type[]
7ffcf444f258   1,192    381,440 System.Collections.Concurrent.ConcurrentDictionary<Serilog.Extensions.Logging.EventIdPropertyCache+EventKey, Serilog.Events.LogEventPropertyValue>+VolatileNode[]
7ffcf5c4a8f0   1,409    394,520 Microsoft.EntityFrameworkCore.Metadata.Internal.Property
7ffcf386b000   3,814    396,656 System.Reflection.RuntimePropertyInfo
7ffcf395fe48  17,557    421,368 System.Reflection.Emit.DynamicScope
7ffcf68ded18   2,639    422,240 Microsoft.Data.SqlClient.SqlParameter
7ffcf3a54eb0  18,502    444,048 System.Reflection.Emit.DynamicResolver+DestroyScout
7ffcf3860cd0  18,858    452,592 Serilog.Parsing.TextToken
7ffcf3366a70  19,122    458,928 System.RuntimeTypeHandle
7ffcf34dcad0  20,375    489,000 System.RuntimeMethodHandle
7ffcf68f10d0   8,188    524,032 Microsoft.Data.SqlClient.SqlBuffer
7ffcf326a180  13,432    537,280 System.RuntimeType
7ffcf61554c0   1,716    549,120 System.Collections.Concurrent.ConcurrentDictionary<System.String, Microsoft.EntityFrameworkCore.Infrastructure.Annotation>+VolatileNode[]
7ffcf3912448  18,456    590,592 System.Collections.Generic.List<System.Object>
0189541676c0   9,848    640,312 Free
7ffcf5757608     168    663,744 System.Collections.Generic.Dictionary<System.ValueTuple<System.Type, System.String>, System.Object>+Entry[]
7ffcf3264738  30,143    723,432 System.Object
7ffcf39edb40   2,591    726,480 System.Collections.Generic.Dictionary<System.String, Serilog.Events.LogEventPropertyValue>+Entry[]
7ffcf369f178  15,900    763,200 System.Text.StringBuilder
7ffcf5b03568     168    828,672 System.Collections.Generic.Dictionary<Microsoft.Extensions.DependencyInjection.ServiceLookup.ServiceCacheKey, System.Object>+Entry[]
7ffcf39749f8  17,557    842,736 System.Reflection.Emit.ScopeTree
7ffcf3970638  17,557    842,736 System.Reflection.Emit.SignatureHelper
7ffcf631b6a8   1,587    843,912 Microsoft.EntityFrameworkCore.Query.Internal.ExpressionTreeFuncletizer+State[]
7ffcf34f08d0  10,583    931,304 System.Reflection.RuntimeParameterInfo
7ffcf34df7c0  13,719  1,097,520 System.Signature
7ffcf34df950  33,202  1,130,976 System.RuntimeType[]
7ffcf39e8320  17,539  1,262,808 System.Reflection.Emit.DynamicResolver
7ffcf335b188  22,641  1,497,212 System.Int32[]
7ffcf3560db8  22,151  2,126,496 System.RuntimeMethodInfoStub
7ffcf690f808  13,663  2,186,080 Microsoft.Data.SqlClient._SqlMetaData
7ffcf395cb18  17,557  2,247,296 System.Reflection.Emit.DynamicMethod
7ffcf3332308  27,821  2,326,056 System.Object[]
7ffcf34d8ba8  22,693  2,360,072 System.Reflection.RuntimeMethodInfo
7ffcf395f9d0  17,557  2,668,664 System.Reflection.Emit.DynamicILGenerator
7ffcf343c248  20,709  7,548,688 System.Char[]
7ffcf335dd88 157,652 17,672,508 System.String
7ffcf3433550  94,262 19,847,458 System.Byte[]
Total 1,327,781 objects, 112,885,676 bytes
