Loading core dump: .\Order.API-11.dmp ...
Statistics:
          MT  Count  TotalSize Class Name
7ffcd0483cf0      1         24 System.Reflection.Metadata.TypeNameParseOptions
7ffcd072d618      1         24 Microsoft.Extensions.DependencyModel.DependencyContextJsonReader+TargetLibrary[]
7ffcd07319d0      1         24 Microsoft.Extensions.DependencyModel.DependencyContextJsonReader+RuntimeTargetEntryStub[]
7ffcd1688348      1         24 System.Reflection.CustomAttributeNamedArgument[]
7ffcd1763a50      1         24 Polly.Utilities.EmptyStruct
7ffcd18058d0      1         24 System.Net.Security.SslApplicationProtocol[]
7ffcd1832e20      1         24 System.Security.Cryptography.X509Certificates.X509ChainStatus[]
7ffcd18c6aa0      1         24 System.Runtime.InteropServices.GCHandle[]
7ffcd1b3a080      1         24 Microsoft.Extensions.Primitives.StringSegment[]
7ffcd1c0d5b8      1         24 System.Text.Json.Serialization.Metadata.PropertyRef[]
7ffcd268c160      1         24 System.Collections.Generic.KeyValuePair<System.Int32, System.ValueTuple<System.Nullable<Microsoft.EntityFrameworkCore.WarningBehavior>, System.Nullable<Microsoft.Extensions.Logging.LogLevel>>>[]
7ffcd2a3d628      1         24 AutoMapper.Execution.Member[]
7ffcd2b7b5e8      1         24 AutoMapper.Internal.TypePair[]
7ffcd2def9d0      1         24 Microsoft.AspNetCore.Mvc.ModelBinding.DefaultModelBindingContext+State[]
7ffcd3d98130      1         24 System.Configuration.SimpleBitVector32
7ffcd0401e80      1         24 System.Collections.Generic.StringEqualityComparer
7ffcd0405ab0      1         24 System.OrdinalCaseSensitiveComparer
7ffcd04050a8      1         24 System.Collections.Generic.NonRandomizedStringEqualityComparer+OrdinalIgnoreCaseComparer
7ffcd0405eb0      1         24 System.OrdinalIgnoreCaseComparer
7ffcd043e4e0      1         24 System.WeakReference<System.Runtime.Loader.AssemblyLoadContext>
7ffcd04d67e8      1         24 System.Reflection.Missing
7ffcd04d6968      1         24 System.Type+<>c
7ffcd0520728      1         24 System.Buffers.SharedArrayPool<System.Char>+<>c
7ffcd0533b88      1         24 Microsoft.DotNet.HotReload.AgentReporter
7ffcd0552188      1         24 System.Collections.Generic.ObjectEqualityComparer<System.Reflection.Assembly>
7ffcd0560800      1         24 System.DefaultBinder
7ffcd056cf48      1         24 System.Collections.Concurrent.ConcurrentQueue<System.Object>[]
7ffcd056e758      1         24 System.Threading.ThreadPool+<>c
7ffcd058e958      1         24 System.Security.Claims.Claim[]
7ffcd05954a0      1         24 System.Threading.Tasks.ValueTask+ValueTaskSourceAsTask+<>c
7ffcd059efa0      1         24 System.Threading.Tasks.Task+<>c
7ffcd0598310      1         24 System.Threading.PortableThreadPool+WorkerThread+<>c
7ffcd05ac458      1         24 System.Buffers.SharedArrayPool<System.Byte>+<>c
7ffcd05ada70      1         24 System.Threading.Tasks.ThreadPoolTaskScheduler
7ffcd05d2d70      1         24 System.Threading.Tasks.ValueTask<System.Int32>+ValueTaskSourceAsTask+<>c
7ffcd0673298      1         24 Microsoft.Extensions.Primitives.ChangeToken+<>c
7ffcd0673f70      1         24 Microsoft.Extensions.FileProviders.Physical.Internal.PathUtils+<>c
7ffcd0680310      1         24 System.Collections.Generic.ObjectEqualityComparer<Microsoft.Extensions.FileProviders.IPollingChangeToken>
7ffcd068b9c0      1         24 System.IO.FileSystemWatcher+<>c
7ffcd068c6c0      1         24 Microsoft.Extensions.Primitives.ChangeToken+ChangeTokenRegistration<System.Action>+<>c
7ffcd068cae0      1         24 Microsoft.Extensions.Primitives.CancellationChangeToken+<>c
7ffcd068d218      1         24 Microsoft.Extensions.Primitives.ChangeToken+ChangeTokenRegistration<System.Action>+NoopDisposable
7ffcd06d5da0      1         24 System.Buffers.SharedArrayPool<System.Boolean>+<>c
7ffcd06e2bd8      1         24 System.Text.EncoderExceptionFallback
7ffcd06e2d98      1         24 System.Text.DecoderExceptionFallback
7ffcd0701358      1         24 Microsoft.Extensions.Configuration.ConfigurationReloadToken+<>c
7ffcd070a8a0      1         24 Serilog.Core.ILogEventFilter[]
7ffcd070ab38      1         24 System.Collections.Generic.ObjectEqualityComparer<System.Type>
7ffcd0722cf8      1         24 Microsoft.Extensions.DependencyModel.FileWrapper
7ffcd0722eb8      1         24 Microsoft.Extensions.DependencyModel.DirectoryWrapper
7ffcd07205d8      1         24 Microsoft.Extensions.DependencyModel.DependencyContextLoader+<>c
7ffcd072c380      1         24 Microsoft.Extensions.DependencyModel.DependencyContextJsonReader+Target[]
7ffcd072ab50      1         24 Microsoft.Extensions.DependencyModel.DependencyContextJsonReader+<>c
7ffcd073c8f8      1         24 System.Buffers.SharedArrayPool<Microsoft.Extensions.DependencyModel.CompilationLibrary>+<>c
7ffcd0766018      1         24 System.Buffers.SharedArrayPool<Microsoft.Extensions.DependencyModel.RuntimeFile>+<>c
7ffcd07663e0      1         24 System.Buffers.SharedArrayPool<Microsoft.Extensions.DependencyModel.RuntimeLibrary>+<>c
7ffcd076ba18      1         24 System.Collections.Generic.ObjectEqualityComparer<Microsoft.Extensions.DependencyModel.RuntimeFallbacks>
7ffcd0780fa8      1         24 Microsoft.Extensions.Configuration.ConfigurationKeyComparer
7ffcd076d160      1         24 Serilog.Settings.Configuration.ConfigurationReader+<>c
7ffcd078bdb8      1         24 System.Reflection.AssemblyName[]
7ffcd078c088      1         24 Serilog.Settings.Configuration.Assemblies.DependencyContextAssemblyFinder+<>c
7ffcd07a4358      1         24 Microsoft.Extensions.DependencyModel.RuntimeAssetGroup+<>c
7ffcd07aa718      1         24 System.Buffers.SharedArrayPool<System.Reflection.AssemblyName>+<>c
7ffcd07aaa50      1         24 Serilog.Settings.Configuration.Assemblies.DllScanningAssemblyFinder+<>c
7ffcd07af5d0      1         24 System.IO.Enumeration.FileSystemEnumerableFactory+<>c
7ffcd07f3c88      1         24 System.Collections.Immutable.ImmutableArray<System.Reflection.PortableExecutable.SectionHeader>
7ffcd07fbea0      1         24 System.Reflection.PortableExecutable.SectionHeader[]
7ffcd07ff470      1         24 System.Reflection.Metadata.MetadataStringDecoder
7ffcd0841318      1         24 System.Collections.Generic.ObjectEqualityComparer<System.RuntimeType>
7ffcd088f268      1         24 System.Buffers.SharedArrayPool<System.Reflection.MethodInfo>+<>c
7ffcd088f400      1         24 Serilog.Settings.Configuration.SurrogateConfigurationMethods+<>c
7ffcd090c850      1         24 System.Collections.Generic.ObjectComparer<System.Tuple<System.Int32, System.Int32>>
7ffcd09124c8      1         24 Serilog.Debugging.SelfLog+SelfLogFailureListener
7ffcd0914368      1         24 System.DBNull
7ffcd0937ad0      1         24 System.Text.RegularExpressions.RegexNode[]
7ffcd0937c70      1         24 System.Text.RegularExpressions.RegexCharClass+<>c
7ffcd091ba08      1         24 Serilog.Settings.Configuration.StringArgumentValue+<>c
7ffcd09473a0      1         24 System.Buffers.SharedArrayPool<Serilog.Parsing.MessageTemplateToken>+<>c
7ffcd0969798      1         24 System.Collections.Generic.ObjectEqualityComparer<System.Text.RegularExpressions.RegexNode>
7ffcd366b1c8      1         24 System.Collections.Generic.GenericEqualityComparer<Serilog.Extensions.Logging.EventIdPropertyCache+EventKey>
7ffcd0984ad0      1         24 System.Reflection.CerHashtable<System.Reflection.RuntimeMethodInfo, System.Reflection.RuntimeMethodInfo>
7ffcd0986878      1         24 System.Reflection.Emit.LocalBuilder[]
7ffcd098a0a8      1         24 System.Threading.Tasks.ThreadPoolTaskScheduler+<>c
7ffcd098d2f0      1         24 System.Threading.CancellationTokenSource+LinkedNCancellationTokenSource+<>c
7ffcd0992c28      1         24 Serilog.Sinks.SystemConsole.Themes.SystemConsoleTheme+<>c
7ffcd099fce0      1         24 Serilog.Sinks.SystemConsole.Themes.EmptyConsoleTheme
7ffcd09b4ae0      1         24 Serilog.Core.Pipeline.ByReferenceStringComparer
7ffcd09b0d40      1         24 Serilog.LoggerConfiguration+<>c
7ffcd09b5c90      1         24 Serilog.Core.LevelOverrideMap+<>c
7ffcd09b8c28      1         24 System.Collections.Generic.GenericComparer<System.String>
7ffcd09c1e98      1         24 System.Linq.Enumerable+EnumerableSorter<System.Collections.Generic.KeyValuePair<System.String, Serilog.Core.LoggingLevelSwitch>>+<>c
7ffcd09ca510      1         24 Serilog.Events.LogEventProperty[]
7ffcd09cb170      1         24 Serilog.Core.Pipeline.SilentLogger
7ffcd09cdd40      1         24 Microsoft.Extensions.Hosting.HostApplicationBuilder+<>c
7ffcd0402ce8      1         24 System.Collections.Generic.ObjectEqualityComparer<System.Object>
7ffcd09d4280      1         24 Microsoft.Extensions.Hosting.HostBuilder+<>c
7ffcd09d7750      1         24 Microsoft.Extensions.DependencyInjection.LoggingServiceCollectionExtensions+<>c
7ffcd09d8380      1         24 Microsoft.Extensions.Logging.DefaultLoggerLevelConfigureOptions
7ffcd09d8c50      1         24 Microsoft.Extensions.Logging.DefaultLoggerLevelConfigureOptions+<>c__DisplayClass0_0
7ffcd09ce8f8      1         24 Microsoft.Extensions.Hosting.HostApplicationBuilder+LoggingBuilder
7ffcd09ceaa8      1         24 Microsoft.Extensions.Hosting.HostApplicationBuilder+MetricsBuilder
7ffcd1ab3370      1         24 Microsoft.AspNetCore.Watch.BrowserRefresh.BlazorWasmHotReloadMiddleware
7ffcd1ab6328      1         24 Microsoft.AspNetCore.Watch.BrowserRefresh.BlazorWasmHotReloadMiddleware+Update[]
7ffcd1ab6908      1         24 Microsoft.Extensions.Logging.Logger<Microsoft.AspNetCore.Watch.BrowserRefresh.BrowserScriptMiddleware>
7ffcd0b6cac8      1         24 Microsoft.AspNetCore.Mvc.Filters.MiddlewareFilterConfigurationProvider
7ffcd1b47850      1         24 Microsoft.AspNetCore.Server.Kestrel.Core.Internal.CertificateConfig[]
7ffcd1c26b18      1         24 System.Text.Json.Serialization.Metadata.ReflectionEmitCachingMemberAccessor+Cache<System.ValueTuple<System.String, System.Type, System.Reflection.MemberInfo>>+<>c__6<System.Func<System.Object, System.String>>
7ffcd1c294a0      1         24 System.Text.Json.Serialization.Metadata.ReflectionEmitCachingMemberAccessor+Cache<System.ValueTuple<System.String, System.Type, System.Reflection.MemberInfo>>+<>c__6<System.Action<System.Object, System.String>>
7ffcd0a10ce8      1         24 Microsoft.Extensions.Hosting.HostingHostBuilderExtensions+<>c
7ffcd0a11038      1         24 Microsoft.Extensions.Logging.FilterLoggingBuilderExtensions+<>c__DisplayClass4_0<Microsoft.Extensions.Logging.EventLog.EventLogLoggerProvider>
7ffcd0a11ea0      1         24 Microsoft.Extensions.Logging.LoggerFilterConfigureOptions
7ffcd0a11a30      1         24 Microsoft.Extensions.Logging.Configuration.LoggingConfiguration
7ffcd0a19918      1         24 Microsoft.Extensions.Logging.LoggerFilterRule[]
7ffcd1c2e4d0      1         24 System.Text.Json.Serialization.Metadata.ReflectionEmitCachingMemberAccessor+Cache<System.ValueTuple<System.String, System.Type, System.Reflection.MemberInfo>>+<>c__6<System.Func<System.Object, System.Int32>>
7ffcd1db8a28      1         24 Microsoft.AspNetCore.Server.Kestrel.Core.Internal.HttpConnection+<>c__12<Microsoft.AspNetCore.Hosting.HostingApplication+Context>
7ffcd1dbef00      1         24 System.Collections.Generic.GenericEqualityComparer<System.Int64>
7ffcd1ed94c8      1         24 System.Threading.AsyncLocal<System.Diagnostics.Activity>
7ffcd1cb5ff8      1         24 Microsoft.OpenApi.Models.OpenApiSchema[]
7ffcd1cb8988      1         24 Microsoft.OpenApi.Any.IOpenApiAny[]
7ffcd1f47d58      1         24 System.Net.Http.RequestQueue<System.Net.Http.HttpConnection>+QueueItem[]
7ffcd1f48040      1         24 System.Net.Http.RequestQueue<System.Net.Http.Http2Connection>+QueueItem[]
7ffcd1c2fcd8      1         24 System.Text.Json.Serialization.Metadata.ReflectionEmitCachingMemberAccessor+Cache<System.ValueTuple<System.String, System.Type, System.Reflection.MemberInfo>>+<>c__6<System.Func<System.Object, System.Collections.Generic.IReadOnlyList<Microsoft.WebTools.ApiEndpointDiscovery.Contracts.EndpointParameter>>>
7ffcd1c50500      1         24 System.Text.Json.Serialization.Metadata.ReflectionEmitCachingMemberAccessor+Cache<System.ValueTuple<System.String, System.Type, System.Reflection.MemberInfo>>+<>c__6<System.Action<System.Object, System.Collections.Generic.IReadOnlyList<Microsoft.WebTools.ApiEndpointDiscovery.Contracts.EndpointParameter>>>
7ffcd1cd5580      1         24 System.Text.RegularExpressions.RegexFindOptimizations+<>c
7ffcd1cd7000      1         24 System.Text.RegularExpressions.RegexPrefixAnalyzer+<>c
7ffcd0a511a0      1         24 Microsoft.Extensions.Diagnostics.Metrics.Configuration.MetricsConfigureOptions
7ffcd0a50d00      1         24 Microsoft.Extensions.Diagnostics.Metrics.Configuration.MetricsConfiguration
7ffcd0a53380      1         24 Microsoft.AspNetCore.Builder.WebApplicationBuilder+<>c
7ffcd0a538f8      1         24 Microsoft.Extensions.Hosting.GenericHostWebHostBuilderExtensions+<>c
7ffcd0a55a38      1         24 Microsoft.AspNetCore.WebHost+<>c
7ffcd0a57490      1         24 Microsoft.AspNetCore.Hosting.WebHostBuilderSocketExtensions+<>c
7ffcd0a57990      1         24 Microsoft.AspNetCore.Hosting.WebHostBuilderKestrelExtensions+<>c
7ffcd0a58170      1         24 Microsoft.AspNetCore.Hosting.WebHostBuilderNamedPipeExtensions+<>c
7ffcd0a58388      1         24 Microsoft.AspNetCore.Hosting.WebHostBuilderQuicExtensions+<>c__DisplayClass1_0
7ffcd0aa2368      1         24 System.Collections.Generic.GenericEqualityComparer<System.Guid>
7ffcd0aa2b68      1         24 System.Net.NetEventSource+<>c
7ffcd0aa4c50      1         24 System.Diagnostics.Metrics.MeterListener[]
7ffcd0aa5000      1         24 System.Collections.Generic.ObjectEqualityComparer<System.Diagnostics.Metrics.Instrument>
7ffcd0aa7cf8      1         24 Microsoft.AspNetCore.Hosting.WebHostBuilderQuicExtensions+<>c
7ffcd0aa7e38      1         24 Microsoft.AspNetCore.Hosting.WebHostBuilderKestrelExtensions+<>c__DisplayClass6_0
7ffcd0aa7f58      1         24 Microsoft.AspNetCore.WebHost+<>c__DisplayClass12_0
7ffcd0aacb40      1         24 System.Exception[]
7ffcd0aad478      1         24 Microsoft.AspNetCore.Watch.BrowserRefresh.HostingStartup
7ffcd0aade50      1         24 Microsoft.WebTools.ApiEndpointDiscovery.HostingStartup
7ffcd0aae4a8      1         24 Microsoft.WebTools.BrowserLink.Net.HostingStartup
7ffcd0aaed60      1         24 Microsoft.Extensions.FileProviders.NullFileProvider
7ffcd0ac2220      1         24 Microsoft.AspNetCore.Hosting.GenericWebHostBuilder+<>c
7ffcd0ac28e0      1         24 System.Diagnostics.W3CPropagator
7ffcd0ac4218      1         24 Microsoft.Extensions.DependencyInjection.EndpointMetadataApiExplorerServiceCollectionExtensions+<>c
7ffcd0acbec0      1         24 Microsoft.AspNetCore.WebHost+<>c__DisplayClass12_1
7ffcd0ae3710      1         24 Microsoft.Extensions.DependencyInjection.RoutingServiceCollectionExtensions+<>c__DisplayClass1_0
7ffcd0ae6288      1         24 Microsoft.Extensions.DependencyInjection.RoutingServiceCollectionExtensions+<>c
7ffcd05f1248      1         24 Order.API.Startup
7ffcd0ae75f8      1         24 Order.API.Startup+<>c__DisplayClass8_0
7ffcd0b41510      1         24 Microsoft.Extensions.Configuration.ConfigurationBinder+<>c
7ffcd0b47428      1         24 System.ComponentModel.WeakHashtable+WeakKeyComparer
7ffcd0b4af90      1         24 System.ComponentModel.ReflectTypeDescriptionProvider+<>c
7ffcd0b4a628      1         24 System.Runtime.InteropServices.GuidAttribute
7ffcd0b4b650      1         24 System.CLSCompliantAttribute
7ffcd0b49570      1         24 System.ComponentModel.TypeConverterAttribute
7ffcd0b4dc18      1         24 System.ComponentModel.StringConverter
7ffcd0b4e110      1         24 System.ComponentModel.BooleanConverter
7ffcd0b4f5a8      1         24 Microsoft.Extensions.DependencyInjection.MvcCoreServiceCollectionExtensions+<>c__3<Microsoft.AspNetCore.Hosting.IWebHostEnvironment>
7ffcd0b4fb60      1         24 Microsoft.Extensions.DependencyInjection.MvcCoreServiceCollectionExtensions+<>c__3<Microsoft.AspNetCore.Mvc.ApplicationParts.ApplicationPartManager>
7ffcd0b615d8      1         24 Microsoft.AspNetCore.Mvc.ApplicationParts.ApplicationPartManager+<>c
7ffcd0b62768      1         24 Microsoft.AspNetCore.Mvc.ApplicationParts.DefaultApplicationPartFactory
7ffcd0b63728      1         24 Microsoft.AspNetCore.Mvc.ApplicationParts.RelatedAssemblyAttribute[]
7ffcd0b65748      1         24 System.Linq.Enumerable+EnumerableSorter<System.Reflection.Assembly>+<>c
7ffcd0b65b58      1         24 Microsoft.AspNetCore.Mvc.Controllers.ControllerFeatureProvider
7ffcd0c356f8      1         24 Microsoft.Extensions.DependencyInjection.MvcCoreServiceCollectionExtensions+<>c
7ffcd0c36080      1         24 Microsoft.Extensions.DependencyInjection.MvcApiExplorerMvcCoreBuilderExtensions+<>c
7ffcd0aed8c8      1         24 Order.API.CustomExtensionMethods+<>c
7ffcd0c3e128      1         24 Microsoft.Extensions.DependencyInjection.ServiceCollectionExtensions+<>c
7ffcd0d5f438      1         24 Microsoft.Extensions.DependencyInjection.SwaggerGenServiceCollectionExtensions+<>c
7ffcd0d67f10      1         24 Microsoft.Extensions.DependencyInjection.EntityFrameworkServiceCollectionExtensions+<>c__DisplayClass1_0<Order.Infrastructure.OrderContext, Order.Infrastructure.OrderContext>
7ffcd0d6e428      1         24 Microsoft.Extensions.DependencyInjection.EntityFrameworkServiceCollectionExtensions+<>c__DisplayClass18_0<Order.Infrastructure.OrderContext>
7ffcd0d6e650      1         24 Microsoft.Extensions.DependencyInjection.EntityFrameworkServiceCollectionExtensions+<>c__19<Order.Infrastructure.OrderContext>
7ffcd0d6e720      1         24 Microsoft.Extensions.DependencyInjection.EntityFrameworkServiceCollectionExtensions+<>c__10<Order.Infrastructure.OrderContext, Order.Infrastructure.OrderContext>
7ffcd0ae7dd8      1         24 Order.API.Startup+<>c
7ffcd0d6f7b8      1         24 Polly.PollyServiceCollectionExtensions+<>c__DisplayClass2_0<System.String>
7ffcd0df3e70      1         24 Polly.PollyServiceCollectionExtensions+RegistryMarker<System.String>
7ffcd0df4350      1         24 System.Collections.Generic.ObjectEqualityComparer<Microsoft.Extensions.DependencyInjection.ServiceDescriptor>
7ffcd0df4710      1         24 Polly.PollyServiceCollectionExtensions+<>c
7ffcd0df4fc0      1         24 Polly.PollyServiceCollectionExtensions+<>c__5<System.String>
7ffcd0df6290      1         24 Microsoft.Extensions.DependencyInjection.OptionsConfigurationServiceCollectionExtensions+<>c__1<Order.API.OrderSetting>
7ffcd0df7310      1         24 Microsoft.Extensions.DependencyInjection.OptionsConfigurationServiceCollectionExtensions+<>c__1<EventBus.SprintEventBusSetting>
7ffcd0df7b38      1         24 Microsoft.Extensions.DependencyInjection.OptionsConfigurationServiceCollectionExtensions+<>c__1<HttpExtension.SprintHttpCommonSetting>
7ffcd0df8360      1         24 Microsoft.Extensions.DependencyInjection.OptionsConfigurationServiceCollectionExtensions+<>c__1<EventBus.Kafka.EventBusKafkaSetting>
7ffcd0df8b88      1         24 Microsoft.Extensions.DependencyInjection.OptionsConfigurationServiceCollectionExtensions+<>c__1<Utility.Package.Models.Jwt>
7ffcd0dfbdb0      1         24 Microsoft.Extensions.DependencyInjection.HttpClientFactoryServiceCollectionExtensions+<>c
7ffcd0df9600      1         24 Microsoft.Extensions.DependencyInjection.DefaultHttpClientConfigurationTracker
7ffcd0dfe2f0      1         24 Microsoft.Extensions.DependencyInjection.DefaultHttpClientBuilder+<>c
7ffcd0dfedd8      1         24 Microsoft.Extensions.DependencyInjection.HttpClientBuilderExtensions+<>c__DisplayClass13_0<HttpFactory.Implementations.HttpClientService>
7ffcd0dfefb0      1         24 Microsoft.Extensions.DependencyInjection.HttpClientBuilderExtensions+<>c
7ffcd0dffc08      1         24 Microsoft.AspNetCore.Mvc.ViewComponents.ViewComponentFeatureProvider
7ffcd0e0e358      1         24 Microsoft.Extensions.DependencyInjection.DataProtectionServiceCollectionExtensions+<>c
7ffcd0e20790      1         24 Microsoft.Extensions.DependencyInjection.AntiforgeryServiceCollectionExtensions+<>c
7ffcd0e229f8      1         24 Microsoft.Extensions.DependencyInjection.EncoderServiceCollectionExtensions+<>c
7ffcd0e23668      1         24 Microsoft.Extensions.DependencyInjection.MvcViewFeaturesMvcCoreBuilderExtensions+<>c
7ffcd0e2d2c8      1         24 Microsoft.Extensions.DependencyInjection.RazorComponentsServiceCollectionExtensions+<>c
7ffcd0e2e488      1         24 Microsoft.Extensions.DependencyInjection.CascadingValueServiceCollectionExtensions+<>c__DisplayClass3_0<Microsoft.AspNetCore.Http.HttpContext>
7ffcd0e2f1b8      1         24 Microsoft.AspNetCore.Components.Web.InteractiveServerRenderMode
7ffcd0e2f2b0      1         24 Microsoft.AspNetCore.Components.Web.InteractiveWebAssemblyRenderMode
7ffcd0e2f0c0      1         24 Microsoft.AspNetCore.Components.Web.InteractiveAutoRenderMode
7ffcd0e2f9b0      1         24 Microsoft.AspNetCore.Components.PersistentServiceRegistration<Microsoft.AspNetCore.Components.ResourceCollectionProvider>
7ffcd0e607d0      1         24 Microsoft.AspNetCore.Components.Forms.Mapping.SupplyParameterFromFormServiceCollectionExtensions+<>c
7ffcd0e60938      1         24 Microsoft.AspNetCore.Components.PersistentServiceRegistration<Microsoft.AspNetCore.Components.Forms.AntiforgeryStateProvider>
7ffcd0e61168      1         24 Microsoft.AspNetCore.Mvc.Razor.TagHelpers.TagHelperFeatureProvider
7ffcd0e61530      1         24 Microsoft.AspNetCore.Mvc.ApplicationParts.RazorCompiledItemFeatureProvider
7ffcd0e6dad0      1         24 Microsoft.Extensions.DependencyInjection.MvcRazorPagesMvcCoreBuilderExtensions+<>c
7ffcd0e6e4e8      1         24 EventBus.Kafka.EventBusKafkaHelper+<>c__DisplayClass2_0
7ffcd0f33de0      1         24 FluentValidation.AssemblyScanner+<>c
7ffcd0f373f0      1         24 Microsoft.Extensions.DependencyInjection.MediatRServiceConfiguration+<>c
7ffcd0f37c68      1         24 MediatR.NotificationPublishers.ForeachAwaitPublisher
7ffcd0f38bb8      1         24 MediatR.Registration.ServiceRegistrar+<>c
7ffcd04dacb8      1         24 System.ModuleHandle
7ffcd1cf0a50      1         24 System.Buffers.SharedArrayPool<System.Reflection.PropertyInfo>+<>c
7ffcd1cf0cc8      1         24 System.Linq.Enumerable+EnumerableSorter<System.Reflection.PropertyInfo>+<>c
7ffcd1cf0f88      1         24 System.Text.Json.JsonCamelCaseNamingPolicy+<>c
7ffcd116d6c8      1         24 System.Buffers.SharedArrayPool<System.Type>+<>c
7ffcd116e5b8      1         24 Microsoft.Extensions.Hosting.HostingHostBuilderExtensions+<>c__DisplayClass10_0<Autofac.ContainerBuilder>
7ffcd116eba8      1         24 Microsoft.AspNetCore.Builder.ConfigureHostBuilder+<>c__DisplayClass10_0<Autofac.ContainerBuilder>
7ffcd116ecd0      1         24 Autofac.Extensions.DependencyInjection.AutofacServiceProviderFactory+<>c
7ffcd116f058      1         24 Microsoft.AspNetCore.Builder.ConfigureHostBuilder+ServiceProviderFactoryAdapter<Autofac.ContainerBuilder>
7ffcd05f9128      1         24 Order.API.Program+<>c
7ffcd116f840      1         24 Serilog.SerilogServiceCollectionExtensions+<>c
7ffcd116fc98      1         24 Serilog.SerilogServiceCollectionExtensions+<>c__DisplayClass4_0
7ffcd1174aa8      1         24 System.Collections.Generic.ObjectEqualityComparer<Autofac.Core.Service>
7ffcd11751c8      1         24 Autofac.Core.Registration.IServiceMiddlewareSource[]
7ffcd11761a0      1         24 Autofac.Core.InternalReflectionCaches+<>c
7ffcd1194488      1         24 Autofac.Core.ReflectionCacheSet+<>c__10<Autofac.Util.Cache.ReflectionCacheAssemblyDictionary<System.Reflection.Assembly, System.Collections.Generic.IEnumerable<System.Type>>>
7ffcd1195900      1         24 Autofac.Core.ReflectionCacheSet+CacheFactory<Autofac.Util.Cache.ReflectionCacheDictionary<System.Type, System.Boolean>>+<>c
7ffcd1195ac0      1         24 Autofac.Core.ReflectionCacheSet+<>c__10<Autofac.Util.Cache.ReflectionCacheDictionary<System.Type, System.Boolean>>
7ffcd11964b8      1         24 Autofac.Core.ReflectionCacheSet+CacheFactory<Autofac.Util.Cache.ReflectionCacheTupleDictionary<System.Type, System.Boolean>>+<>c
7ffcd1196658      1         24 Autofac.Core.ReflectionCacheSet+<>c__10<Autofac.Util.Cache.ReflectionCacheTupleDictionary<System.Type, System.Boolean>>
7ffcd1197620      1         24 Autofac.Core.ReflectionCacheSet+CacheFactory<Autofac.Util.Cache.ReflectionCacheDictionary<System.Reflection.ConstructorInfo, System.Func<System.Object[], System.Object>>>+<>c
7ffcd11977c0      1         24 Autofac.Core.ReflectionCacheSet+<>c__10<Autofac.Util.Cache.ReflectionCacheDictionary<System.Reflection.ConstructorInfo, System.Func<System.Object[], System.Object>>>
7ffcd1197f38      1         24 System.Collections.Generic.ObjectEqualityComparer<System.Reflection.ConstructorInfo>
7ffcd11981f8      1         24 Autofac.Core.ReflectionCacheSet+CacheFactory<Autofac.Util.Cache.ReflectionCacheDictionary<System.Reflection.PropertyInfo, System.Action<System.Object, System.Object>>>+<>c
7ffcd1198398      1         24 Autofac.Core.ReflectionCacheSet+<>c__10<Autofac.Util.Cache.ReflectionCacheDictionary<System.Reflection.PropertyInfo, System.Action<System.Object, System.Object>>>
7ffcd1198b00      1         24 System.Collections.Generic.ObjectEqualityComparer<System.Reflection.PropertyInfo>
7ffcd1198dc0      1         24 Autofac.Core.ReflectionCacheSet+CacheFactory<Autofac.Util.Cache.ReflectionCacheDictionary<System.Type, System.Collections.Generic.IReadOnlyList<System.Reflection.PropertyInfo>>>+<>c
7ffcd1198f60      1         24 Autofac.Core.ReflectionCacheSet+<>c__10<Autofac.Util.Cache.ReflectionCacheDictionary<System.Type, System.Collections.Generic.IReadOnlyList<System.Reflection.PropertyInfo>>>
7ffcd11996d8      1         24 Autofac.Core.ReflectionCacheSet+CacheFactory<Autofac.Util.Cache.ReflectionCacheDictionary<System.Type, System.Reflection.ConstructorInfo[]>>+<>c
7ffcd1199878      1         24 Autofac.Core.ReflectionCacheSet+<>c__10<Autofac.Util.Cache.ReflectionCacheDictionary<System.Type, System.Reflection.ConstructorInfo[]>>
7ffcd119a040      1         24 Autofac.Core.ReflectionCacheSet+CacheFactory<Autofac.Util.Cache.ReflectionCacheDictionary<System.Type, System.Type>>+<>c
7ffcd119a1e0      1         24 Autofac.Core.ReflectionCacheSet+<>c__10<Autofac.Util.Cache.ReflectionCacheDictionary<System.Type, System.Type>>
7ffcd1175270      1         24 System.WeakReference<Autofac.Core.ReflectionCacheSet>
7ffcd119b808      1         24 Autofac.Builder.DeferredCallback[]
7ffcd11a4b78      1         24 Autofac.Core.Activators.Reflection.DefaultConstructorFinder
7ffcd11a4c78      1         24 Autofac.Core.Activators.Reflection.MostParametersConstructorSelector
7ffcd11a5480      1         24 System.EventHandler<Autofac.Core.ComponentRegisteredEventArgs>[]
7ffcd11a62f0      1         24 Autofac.Core.Lifetime.CurrentScopeLifetime
7ffcd11a7258      1         24 Autofac.Core.Lifetime.RootScopeLifetime
7ffcd119f6c0      1         24 Autofac.Extensions.DependencyInjection.AnyKeyRegistrationSource
7ffcd11afee8      1         24 Autofac.Util.Enforce+<>c__0<Autofac.Core.Service>
7ffcd0c58d08      1         24 Order.API.Dependency.Business.CommonModule
7ffcd0c59398      1         24 Order.API.Dependency.Business.ServiceModule
7ffcd0c59168      1         24 Order.API.Dependency.Business.OrderModule
7ffcd0c594b0      1         24 Order.API.Dependency.Business.SubOrderModule
7ffcd0c57e50      1         24 Order.API.Dependency.EventBus.EventBusModule
7ffcd05f8ce8      1         24 Autofac.Builder.ContainerBuildOptions
7ffcd11c2bf8      1         24 Autofac.Core.SelfComponentRegistration+<>c
7ffcd11c3a00      1         24 Autofac.Core.Registration.DefaultRegisteredServicesTracker+<>c
7ffcd11c5f40      1         24 Autofac.Features.Collections.CollectionRegistrationSource
7ffcd1d85638      1         24 Microsoft.Win32.SafeHandles.SafeFileHandle+OverlappedValueTaskSource+<>c
7ffcd06e3ef0      1         24 System.Buffers.Any3SearchValues<System.Byte, System.Byte>
7ffcd11c67e8      1         24 Autofac.Features.LazyDependencies.LazyWithMetadataRegistrationSource
7ffcd11c69a0      1         24 Autofac.Features.Metadata.StronglyTypedMetaRegistrationSource
7ffcd11c6b00      1         24 Autofac.Features.GeneratedFactories.GeneratedFactoryRegistrationSource
7ffcd11cb510      1         24 Autofac.Core.Activators.Reflection.DefaultConstructorFinder+<>c
7ffcd11cdb90      1         24 Autofac.Features.OpenGenerics.OpenGenericServiceBinder+<>c
7ffcd11f8590      1         24 Autofac.Extensions.DependencyInjection.KeyedServiceMiddleware+<>c
7ffcd11f94b0      1         24 Autofac.Core.Resolving.Middleware.ActivatorErrorHandlingMiddleware
7ffcd11fa9b0      1         24 Autofac.Core.Resolving.Pipeline.ResolvePipelineBuilder+<>c
7ffcd11fb050      1         24 Autofac.Core.Activators.Reflection.ReflectionActivator+<>c
7ffcd11fc1d0      1         24 Autofac.Util.ReflectionExtensions+<>c
7ffcd121a0f8      1         24 System.Collections.Generic.ObjectEqualityComparer<System.Linq.Expressions.ParameterExpression>
7ffcd12339e0      1         24 System.Collections.Generic.ObjectEqualityComparer<System.Linq.Expressions.LambdaExpression>
7ffcd1233c00      1         24 System.Linq.Expressions.Compiler.CompilerScope[]
7ffcd1233df8      1         24 System.Linq.Expressions.Compiler.BoundConstants[]
7ffcd123bcc0      1         24 System.Collections.Generic.ReferenceEqualityComparer
7ffcd123f758      1         24 System.Collections.Generic.ObjectEqualityComparer<System.Linq.Expressions.LabelTarget>
7ffcd1241520      1         24 System.Reflection.Emit.RuntimeMethodBuilder[]
7ffcd11f9650      1         24 Autofac.Core.Resolving.Middleware.DisposalTrackingMiddleware
7ffcd1c2d138      1         24 System.Text.Json.Serialization.Metadata.ReflectionEmitCachingMemberAccessor+Cache<System.ValueTuple<System.String, System.Type, System.Reflection.MemberInfo>>+<>c__6<System.Action<System.Object, System.Boolean>>
7ffcd1c50f80      1         24 System.Text.Json.Serialization.Metadata.ReflectionEmitCachingMemberAccessor+Cache<System.ValueTuple<System.String, System.Type, System.Reflection.MemberInfo>>+<>c__6<System.Func<System.Object, System.Collections.Generic.IReadOnlyList<Microsoft.WebTools.ApiEndpointDiscovery.Contracts.ReturnInfo>>>
7ffcd1c51778      1         24 System.Text.Json.Serialization.Metadata.ReflectionEmitCachingMemberAccessor+Cache<System.ValueTuple<System.String, System.Type, System.Reflection.MemberInfo>>+<>c__6<System.Action<System.Object, System.Collections.Generic.IReadOnlyList<Microsoft.WebTools.ApiEndpointDiscovery.Contracts.ReturnInfo>>>
7ffcd1c521f8      1         24 System.Text.Json.Serialization.Metadata.ReflectionEmitCachingMemberAccessor+Cache<System.ValueTuple<System.String, System.Type, System.Reflection.MemberInfo>>+<>c__6<System.Func<System.Object, System.String[]>>
7ffcd1c529f0      1         24 System.Text.Json.Serialization.Metadata.ReflectionEmitCachingMemberAccessor+Cache<System.ValueTuple<System.String, System.Type, System.Reflection.MemberInfo>>+<>c__6<System.Action<System.Object, System.String[]>>
7ffcd1c5b168      1         24 System.Text.Json.Serialization.Metadata.ReflectionEmitCachingMemberAccessor+Cache<System.ValueTuple<System.String, System.Type, System.Reflection.MemberInfo>>+<>c__6<System.Text.Json.Serialization.Metadata.JsonTypeInfo+ParameterizedConstructorDelegate<Microsoft.WebTools.ApiEndpointDiscovery.Contracts.EndpointParameter, System.String, System.String, System.Boolean, System.Object>>
7ffcd1c5faa8      1         24 System.Text.Json.Serialization.Metadata.ReflectionEmitCachingMemberAccessor+Cache<System.ValueTuple<System.String, System.Type, System.Reflection.MemberInfo>>+<>c__6<System.Text.Json.Serialization.Metadata.JsonTypeInfo+ParameterizedConstructorDelegate<Microsoft.WebTools.ApiEndpointDiscovery.Contracts.ReturnInfo, System.String, System.Collections.Generic.IReadOnlyList<System.String>, System.Int32, System.Object>>
7ffcd13e51a8      1         24 Autofac.Core.Resolving.Middleware.CircularDependencyDetectorMiddleware
7ffcd13e5318      1         24 Autofac.Core.Resolving.Middleware.ScopeSelectionMiddleware
7ffcd13e5498      1         24 Autofac.Core.Resolving.Middleware.SharingMiddleware
7ffcd13e5638      1         24 Autofac.Core.Resolving.Middleware.RegistrationPipelineInvokeMiddleware
7ffcd13eba50      1         24 Autofac.Util.InternalTypeExtensions+<>c
7ffcd1401ae8      1         24 Autofac.Core.ReflectionCacheSet+CacheFactory<Autofac.Util.Cache.ReflectionCacheDictionary<System.Type, System.ValueTuple<System.Type, System.Type, System.Func<System.Int32, System.Collections.IList>>>>+<>c
7ffcd1401c88      1         24 Autofac.Core.ReflectionCacheSet+<>c__10<Autofac.Util.Cache.ReflectionCacheDictionary<System.Type, System.ValueTuple<System.Type, System.Type, System.Func<System.Int32, System.Collections.IList>>>>
7ffcd1401630      1         24 Autofac.Features.Collections.CollectionRegistrationSource+<>c
7ffcd13e0298      1         24 Autofac.Builder.StartableManager+<>c
7ffcd1c539c8      1         24 System.Text.Json.Serialization.Metadata.ReflectionEmitCachingMemberAccessor+Cache<System.ValueTuple<System.String, System.Type, System.Reflection.MemberInfo>>+<>c__6<System.Func<System.Object[], Microsoft.WebTools.ApiEndpointDiscovery.Contracts.EndpointInfo>>
7ffcd1419f78      1         24 System.GenericEmptyEnumerator<System.Collections.Generic.KeyValuePair<System.String, System.String>>
7ffcd1a017b0      1         24 System.Xml.XmlQualifiedName[]
7ffcd1a21c18      1         24 Microsoft.AspNetCore.DataProtection.KeyManagement.DefaultKeyResolver+<>c
7ffcd1a227c8      1         24 System.Collections.Generic.GenericComparer<System.DateTimeOffset>
7ffcd1a23a78      1         24 System.Collections.Generic.GenericComparer<System.Guid>
7ffcd1a28508      1         24 System.Collections.Generic.ObjectEqualityComparer<System.Xml.Linq.XElement>
7ffcd0e09cf0      1         24 Microsoft.AspNetCore.DataProtection.SimpleActivator
7ffcd1a2cf58      1         24 Microsoft.AspNetCore.Cryptography.Cng.CachedAlgorithmHandles+<>c
7ffcd1a2d6f0      1         24 Microsoft.AspNetCore.DataProtection.Cng.BCryptGenRandomImpl
7ffcd1a2db68      1         24 Microsoft.AspNetCore.DataProtection.SP800_108.Win8SP800_108_CTR_HMACSHA512Provider
7ffcd1f41dc8      1         24 System.Net.Http.DiagnosticsHandler+<>c
7ffcd1f42db0      1         24 System.Uri[]
7ffcd1fba738      1         24 System.Text.Json.Serialization.Metadata.ReflectionEmitCachingMemberAccessor+Cache<System.ValueTuple<System.String, System.Type, System.Reflection.MemberInfo>>+<>c__6<System.Action<System.Object, System.Collections.Generic.IEnumerable<Swashbuckle.AspNetCore.SwaggerUI.SubmitMethod>>>
7ffcd1ab5528      1         24 Microsoft.Extensions.Logging.Logger<Microsoft.AspNetCore.Watch.BrowserRefresh.BlazorWasmHotReloadMiddleware>
7ffcd1abb9f0      1         24 Microsoft.WebTools.BrowserLink.Net.HostConnectionData[]
7ffcd116f5b0      1         24 Serilog.SerilogServiceCollectionExtensions+RegisteredLogger
7ffcd141ad60      1         24 Serilog.Extensions.Logging.SerilogLoggerProvider+<>c
7ffcd141b728      1         24 System.Threading.AsyncLocal<Serilog.Extensions.Logging.SerilogLoggerScope>
7ffcd1418900      1         24 Microsoft.Extensions.Logging.Logger<Microsoft.Extensions.Hosting.Internal.ApplicationLifetime>
7ffcd1433608      1         24 Microsoft.Extensions.Logging.Logger<Microsoft.Extensions.Hosting.Internal.Host>
7ffcd143b158      1         24 System.Collections.Generic.GenericComparer<System.Int64>
7ffcd1435e88      1         24 Microsoft.Extensions.Options.IConfigureOptions<Microsoft.Extensions.Hosting.ConsoleLifetimeOptions>[]
7ffcd14360c0      1         24 Microsoft.Extensions.Options.IPostConfigureOptions<Microsoft.Extensions.Hosting.ConsoleLifetimeOptions>[]
7ffcd1434e00      1         24 Microsoft.Extensions.Options.IValidateOptions<Microsoft.Extensions.Hosting.ConsoleLifetimeOptions>[]
7ffcd1442128      1         24 Microsoft.Extensions.Options.IPostConfigureOptions<Microsoft.Extensions.Hosting.HostOptions>[]
7ffcd1440fe0      1         24 Microsoft.Extensions.Options.IValidateOptions<Microsoft.Extensions.Hosting.HostOptions>[]
7ffcd11cd1a0      1         24 Microsoft.Extensions.Hosting.ConsoleLifetimeOptions
7ffcd14475b8      1         24 System.Linq.Enumerable+EnumerableSorter<Autofac.Core.ServiceRegistration>+<>c
7ffcd0ac77d8      1         24 Microsoft.AspNetCore.Server.Kestrel.Core.Internal.KestrelServerOptionsSetup
7ffcd1445160      1         24 Microsoft.Extensions.Options.IPostConfigureOptions<Microsoft.AspNetCore.Server.Kestrel.Core.KestrelServerOptions>[]
7ffcd1444018      1         24 Microsoft.Extensions.Options.IValidateOptions<Microsoft.AspNetCore.Server.Kestrel.Core.KestrelServerOptions>[]
7ffcd14499b0      1         24 Microsoft.Extensions.Logging.Logger<Microsoft.AspNetCore.Server.Kestrel.Core.Internal.PinnedBlockMemoryPoolFactory>
7ffcd12899b0      1         24 System.Collections.Generic.ObjectEqualityComparer<Microsoft.AspNetCore.PinnedBlockMemoryPool>
7ffcd144ae10      1         24 System.TimeProvider+SystemTimeProvider
7ffcd1448fe8      1         24 Microsoft.Extensions.Options.IPostConfigureOptions<Microsoft.AspNetCore.Server.Kestrel.Transport.Sockets.SocketTransportOptions>[]
7ffcd1447ea0      1         24 Microsoft.Extensions.Options.IValidateOptions<Microsoft.AspNetCore.Server.Kestrel.Transport.Sockets.SocketTransportOptions>[]
7ffcd0ac5340      1         24 Microsoft.AspNetCore.Server.Kestrel.Internal.DefaultSimpleMemoryPoolFactory
7ffcd144cb08      1         24 Microsoft.Extensions.Options.IPostConfigureOptions<Microsoft.AspNetCore.Server.Kestrel.Transport.NamedPipes.NamedPipeTransportOptions>[]
7ffcd144b9c0      1         24 Microsoft.Extensions.Options.IValidateOptions<Microsoft.AspNetCore.Server.Kestrel.Transport.NamedPipes.NamedPipeTransportOptions>[]
7ffcd0ac8cd8      1         24 Microsoft.Extensions.ObjectPool.DefaultObjectPoolProvider
7ffcd144d740      1         24 Microsoft.AspNetCore.Server.Kestrel.Internal.DefaultSimpleMemoryPoolFactory
7ffcd144ee78      1         24 Microsoft.Extensions.Options.IPostConfigureOptions<Microsoft.AspNetCore.Server.Kestrel.Transport.Quic.QuicTransportOptions>[]
7ffcd144dd30      1         24 Microsoft.Extensions.Options.IValidateOptions<Microsoft.AspNetCore.Server.Kestrel.Transport.Quic.QuicTransportOptions>[]
7ffcd14614f0      1         24 Microsoft.Extensions.Logging.Logger<Microsoft.AspNetCore.Server.Kestrel.Core.KestrelServer>
7ffcd14615c0      1         24 Microsoft.Extensions.Logging.Logger<Microsoft.AspNetCore.Server.Kestrel.Https.Internal.HttpsConnectionMiddleware>
7ffcd1464108      1         24 <>z__ReadOnlyArray<System.Int32>
7ffcd127a0b8      1         24 System.Collections.Generic.GenericComparer<System.Double>
7ffcd1466e68      1         24 Microsoft.AspNetCore.Server.Kestrel.Core.KestrelServerOptions+<>c
7ffcd1467408      1         24 Microsoft.AspNetCore.Server.Kestrel.Core.Http3Limits
7ffcd1468190      1         24 Microsoft.Extensions.Logging.Logger<Microsoft.AspNetCore.Server.Kestrel.Core.Internal.CertificatePathWatcher>
7ffcd1468400      1         24 Microsoft.AspNetCore.Server.Kestrel.Core.Internal.CertificatePathWatcher+<>c
7ffcd146a608      1         24 System.Action[]
7ffcd146aa48      1         24 Microsoft.AspNetCore.Server.Kestrel.Core.Internal.Infrastructure.ResourceCounter+UnlimitedCounter
7ffcd127f558      1         24 Microsoft.AspNetCore.Server.Kestrel.Core.Internal.Infrastructure.DebuggerWrapper
7ffcd146d820      1         24 Microsoft.AspNetCore.Server.Kestrel.Core.Internal.Infrastructure.Heartbeat+<>c
7ffcd146da60      1         24 System.IO.Pipelines.ThreadPoolScheduler
7ffcd146d948      1         24 System.IO.Pipelines.InlineScheduler
7ffcd1465308      1         24 Microsoft.AspNetCore.Server.Kestrel.Core.Internal.Http.HttpParser<Microsoft.AspNetCore.Server.Kestrel.Core.Internal.Http.Http1ParsingHandler>
7ffcd146ee50      1         24 Microsoft.AspNetCore.Http.DebuggerWrapper
7ffcd119f378      1         24 Autofac.Extensions.DependencyInjection.AutofacServiceScopeFactory
7ffcd1485e18      1         24 Microsoft.Extensions.Options.OptionsCache<Swashbuckle.AspNetCore.Swagger.SwaggerOptions>+<>c
7ffcd1487500      1         24 System.Action<Microsoft.OpenApi.Models.OpenApiDocument, Microsoft.AspNetCore.Http.HttpRequest>[]
7ffcd148bf80      1         24 Microsoft.Extensions.Options.OptionsCache<Swashbuckle.AspNetCore.SwaggerUI.SwaggerUIOptions>+<>c
7ffcd148c478      1         24 Swashbuckle.AspNetCore.SwaggerUI.SwaggerUIOptions+<>c
7ffcd1f8ee18      1         24 System.Text.Json.Serialization.Metadata.ReflectionEmitCachingMemberAccessor+Cache<System.ValueTuple<System.String, System.Type, System.Reflection.MemberInfo>>+<>c__6<System.Func<System.Object, System.Collections.Generic.IEnumerable<Swashbuckle.AspNetCore.SwaggerUI.UrlDescriptor>>>
7ffcd1f8f610      1         24 System.Text.Json.Serialization.Metadata.ReflectionEmitCachingMemberAccessor+Cache<System.ValueTuple<System.String, System.Type, System.Reflection.MemberInfo>>+<>c__6<System.Action<System.Object, System.Collections.Generic.IEnumerable<Swashbuckle.AspNetCore.SwaggerUI.UrlDescriptor>>>
7ffcd1c67f10      1         24 System.Threading.AsyncOverSyncWithIoCancellation+<>c
7ffcd1d254d8      1         24 System.Buffers.SharedArrayPool<Microsoft.OpenApi.Models.OpenApiParameter>+<>c
7ffcd14a21c8      1         24 System.ComponentModel.Int32Converter
7ffcd1ab24f0      1         24 Microsoft.AspNetCore.Watch.BrowserRefresh.HostingStartup+<>c
7ffcd1c5e420      1         24 System.Text.Json.Serialization.Metadata.ReflectionEmitCachingMemberAccessor+Cache<System.ValueTuple<System.String, System.Type, System.Reflection.MemberInfo>>+<>c__6<System.Func<System.Object, System.Collections.Generic.IReadOnlyList<System.String>>>
7ffcd1c5ec18      1         24 System.Text.Json.Serialization.Metadata.ReflectionEmitCachingMemberAccessor+Cache<System.ValueTuple<System.String, System.Type, System.Reflection.MemberInfo>>+<>c__6<System.Action<System.Object, System.Collections.Generic.IReadOnlyList<System.String>>>
7ffcd14a2370      1         24 Microsoft.Extensions.Options.OptionsWrapper<Utility.Package.Models.Jwt>
7ffcd14812c0      1         24 Microsoft.AspNetCore.Builder.UseMiddlewareExtensions+InterfaceMiddlewareBinder
7ffcd0f3d3f8      1         24 Order.Business.Validations.FluentValidationHandlerExtension+<>c
7ffcd14a3b98      1         24 Microsoft.AspNetCore.Builder.ApplicationBuilder+<>c
7ffcd14a3cf0      1         24 Microsoft.Extensions.Options.OptionsWrapper<Microsoft.AspNetCore.Builder.ExceptionHandlerOptions>
7ffcd14a45d8      1         24 Microsoft.AspNetCore.Builder.MvcApplicationBuilderExtensions+<>c
7ffcd0b68d48      1         24 Microsoft.Extensions.DependencyInjection.MvcMarkerService
7ffcd1fbb0f8      1         24 System.Text.Json.Serialization.Metadata.ReflectionEmitCachingMemberAccessor+Cache<System.ValueTuple<System.String, System.Type, System.Reflection.MemberInfo>>+<>c__6<System.Func<System.Object, System.Collections.Generic.Dictionary<System.String, System.Object>>>
7ffcd14a76f0      1         24 Microsoft.Extensions.Options.IPostConfigureOptions<Microsoft.AspNetCore.Mvc.JsonOptions>[]
7ffcd14a65a8      1         24 Microsoft.Extensions.Options.IValidateOptions<Microsoft.AspNetCore.Mvc.JsonOptions>[]
7ffcd0c3ced0      1         24 Microsoft.AspNetCore.Mvc.DataAnnotations.ValidationAttributeAdapterProvider
7ffcd1fbb8f0      1         24 System.Text.Json.Serialization.Metadata.ReflectionEmitCachingMemberAccessor+Cache<System.ValueTuple<System.String, System.Type, System.Reflection.MemberInfo>>+<>c__6<System.Action<System.Object, System.Collections.Generic.Dictionary<System.String, System.Object>>>
7ffcd14a8df0      1         24 Microsoft.Extensions.Options.IConfigureOptions<Microsoft.AspNetCore.Mvc.DataAnnotations.MvcDataAnnotationsLocalizationOptions>[]
7ffcd14a8eb0      1         24 Microsoft.Extensions.Options.IPostConfigureOptions<Microsoft.AspNetCore.Mvc.DataAnnotations.MvcDataAnnotationsLocalizationOptions>[]
7ffcd14a7d68      1         24 Microsoft.Extensions.Options.IValidateOptions<Microsoft.AspNetCore.Mvc.DataAnnotations.MvcDataAnnotationsLocalizationOptions>[]
7ffcd0e064a0      1         24 Microsoft.Extensions.DependencyInjection.TempDataMvcOptionsSetup
7ffcd14a4e80      1         24 Microsoft.Extensions.Options.IValidateOptions<Microsoft.AspNetCore.Mvc.MvcOptions>[]
7ffcd14ad960      1         24 Microsoft.AspNetCore.Mvc.Infrastructure.ICompatibilitySwitch[]
7ffcd13624a0      1         24 Microsoft.AspNetCore.Mvc.Filters.FilterCollection
7ffcd14aada8      1         24 Microsoft.AspNetCore.Mvc.Formatters.FormatterMappings
7ffcd14abc30      1         24 Microsoft.AspNetCore.Mvc.Formatters.FormatterCollection<Microsoft.AspNetCore.Mvc.Formatters.IInputFormatter>
7ffcd14b1868      1         24 Microsoft.AspNetCore.Mvc.ModelBinding.Metadata.DefaultModelBindingMessageProvider+<>c
7ffcd14b2c48      1         24 Microsoft.AspNetCore.Mvc.ModelBinding.Binders.BinderTypeModelBinderProvider
7ffcd14b39b8      1         24 Microsoft.AspNetCore.Mvc.ModelBinding.Binders.HeaderModelBinderProvider
7ffcd14b36c8      1         24 Microsoft.AspNetCore.Mvc.ModelBinding.Binders.FloatingPointTypeModelBinderProvider
7ffcd14b35e0      1         24 Microsoft.AspNetCore.Mvc.ModelBinding.Binders.EnumTypeModelBinderProvider
7ffcd14b33f8      1         24 Microsoft.AspNetCore.Mvc.ModelBinding.Binders.DateTimeModelBinderProvider
7ffcd14b3cc0      1         24 Microsoft.AspNetCore.Mvc.ModelBinding.Binders.SimpleTypeModelBinderProvider
7ffcd14b3db0      1         24 Microsoft.AspNetCore.Mvc.ModelBinding.Binders.TryParseModelBinderProvider
7ffcd14b30e8      1         24 Microsoft.AspNetCore.Mvc.ModelBinding.Binders.CancellationTokenModelBinderProvider
7ffcd14b2fd0      1         24 Microsoft.AspNetCore.Mvc.ModelBinding.Binders.CancellationTokenModelBinder
7ffcd14b2ee0      1         24 Microsoft.AspNetCore.Mvc.ModelBinding.Binders.ByteArrayModelBinderProvider
7ffcd14b38a8      1         24 Microsoft.AspNetCore.Mvc.ModelBinding.Binders.FormFileModelBinderProvider
7ffcd14b37b8      1         24 Microsoft.AspNetCore.Mvc.ModelBinding.Binders.FormCollectionModelBinderProvider
7ffcd14b3aa8      1         24 Microsoft.AspNetCore.Mvc.ModelBinding.Binders.KeyValuePairModelBinderProvider
7ffcd14b34e8      1         24 Microsoft.AspNetCore.Mvc.ModelBinding.Binders.DictionaryModelBinderProvider
7ffcd14b2b58      1         24 Microsoft.AspNetCore.Mvc.ModelBinding.Binders.ArrayModelBinderProvider
7ffcd14b31f8      1         24 Microsoft.AspNetCore.Mvc.ModelBinding.Binders.CollectionModelBinderProvider
7ffcd14b3308      1         24 Microsoft.AspNetCore.Mvc.ModelBinding.Binders.ComplexObjectModelBinderProvider
7ffcd14b2888      1         24 Microsoft.AspNetCore.Mvc.ModelBinding.UnsupportedContentTypeFilter
7ffcd14b4e68      1         24 System.Text.Json.JsonCamelCaseNamingPolicy
7ffcd14b51d0      1         24 System.Text.Json.JsonSnakeCaseLowerNamingPolicy
7ffcd14b5268      1         24 System.Text.Json.JsonSnakeCaseUpperNamingPolicy
7ffcd14b50a0      1         24 System.Text.Json.JsonKebabCaseLowerNamingPolicy
7ffcd14b5138      1         24 System.Text.Json.JsonKebabCaseUpperNamingPolicy
7ffcd14d42d0      1         24 Microsoft.Extensions.Logging.Logger<Microsoft.AspNetCore.Mvc.Formatters.SystemTextJsonInputFormatter>
7ffcd14d90d8      1         24 System.Text.EncoderLatin1BestFitFallback
7ffcd14b3f08      1         24 Microsoft.AspNetCore.Mvc.Formatters.HttpNoContentOutputFormatter
7ffcd14b4018      1         24 Microsoft.AspNetCore.Mvc.Formatters.StreamOutputFormatter
7ffcd14b2428      1         24 Microsoft.AspNetCore.Mvc.ModelBinding.FormValueProviderFactory
7ffcd14b2718      1         24 Microsoft.AspNetCore.Mvc.ModelBinding.RouteValueProviderFactory
7ffcd14b2628      1         24 Microsoft.AspNetCore.Mvc.ModelBinding.QueryStringValueProviderFactory
7ffcd14b2538      1         24 Microsoft.AspNetCore.Mvc.ModelBinding.JQueryFormValueProviderFactory
7ffcd14b2318      1         24 Microsoft.AspNetCore.Mvc.ModelBinding.FormFileValueProviderFactory
7ffcd14dcf08      1         24 Microsoft.AspNetCore.Mvc.ModelBinding.Metadata.ExcludeBindingMetadataProvider
7ffcd14dcce8      1         24 Microsoft.AspNetCore.Mvc.ModelBinding.Metadata.DefaultBindingMetadataProvider
7ffcd14dcde0      1         24 Microsoft.AspNetCore.Mvc.ModelBinding.Metadata.DefaultValidationMetadataProvider
7ffcd14e25d8      1         24 System.Resources.FastResourceComparer
7ffcd14b2a58      1         24 Microsoft.AspNetCore.Mvc.ModelBinding.Validation.DefaultModelValidatorProvider
7ffcd14e3698      1         24 Swashbuckle.AspNetCore.SwaggerGen.SwaggerApplicationConvention
7ffcd14e3818      1         24 Microsoft.AspNetCore.Mvc.ViewFeatures.SaveTempDataAttribute
7ffcd14e3d90      1         24 Microsoft.AspNetCore.Mvc.ModelBinding.Validation.HasValidatorsValidationMetadataProvider+<>c
7ffcd0ae3610      1         24 Microsoft.AspNetCore.Routing.RoutingMarkerService
7ffcd14e5110      1         24 Microsoft.AspNetCore.Mvc.ModelBinding.Metadata.DefaultCompositeMetadataDetailsProvider
7ffcd14e9a70      1         24 System.Collections.Generic.ObjectEqualityComparer<System.Reflection.Module>
7ffcd14e9d30      1         24 System.Collections.Generic.ObjectEqualityComparer<System.Reflection.MemberInfo>
7ffcd0b49370      1         24 System.ComponentModel.TypeConverter
7ffcd14ea430      1         24 Microsoft.AspNetCore.Http.ParameterBindingMethodCache+<>c
7ffcd14f7430      1         24 Microsoft.AspNetCore.Mvc.ModelBinding.Validation.ValidatorCache
7ffcd12ce5e0      1         24 System.Collections.Generic.GenericEqualityComparer<Microsoft.AspNetCore.Mvc.ModelBinding.ModelMetadata>
7ffcd14f72b8      1         24 Microsoft.AspNetCore.Mvc.ModelBinding.Validation.CompositeModelValidatorProvider
7ffcd0b682a8      1         24 Microsoft.AspNetCore.Mvc.Filters.DefaultFilterProvider
7ffcd12ceb68      1         24 Microsoft.AspNetCore.Mvc.Infrastructure.TypeActivatorCache+<>c
7ffcd0b6d1a0      1         24 Microsoft.AspNetCore.Mvc.Controllers.DefaultControllerActivator
7ffcd12c0c68      1         24 Microsoft.AspNetCore.Mvc.Infrastructure.ControllerActionInvokerCache+<>c
7ffcd090b9e8      1         24 System.Collections.Generic.GenericComparer<System.Int32>
7ffcd0b6ae08      1         24 Microsoft.AspNetCore.Mvc.Infrastructure.ActionResultTypeMapper
7ffcd14f9f00      1         24 Microsoft.AspNetCore.Mvc.Infrastructure.ActionContextAccessor+NullActionContextAccessor
7ffcd14f9fc8      1         24 System.Threading.AsyncLocal<Microsoft.AspNetCore.Mvc.ActionContext>
7ffcd0e6d648      1         24 Microsoft.Extensions.DependencyInjection.RazorPagesOptionsSetup
7ffcd14fb828      1         24 Microsoft.Extensions.Options.IPostConfigureOptions<Microsoft.AspNetCore.Mvc.RazorPages.RazorPagesOptions>[]
7ffcd14fa6e0      1         24 Microsoft.Extensions.Options.IValidateOptions<Microsoft.AspNetCore.Mvc.RazorPages.RazorPagesOptions>[]
7ffcd1363b40      1         24 Microsoft.AspNetCore.Mvc.ApplicationModels.DefaultPageApplicationModelPartsProvider+<>c
7ffcd1363678      1         24 Microsoft.AspNetCore.Mvc.Filters.PageHandlerPageFilter
7ffcd1363868      1         24 Microsoft.AspNetCore.Mvc.Filters.PageHandlerResultFilter
7ffcd14fbc48      1         24 Microsoft.AspNetCore.Mvc.ApplicationModels.IPageConvention[]
7ffcd13639b8      1         24 Microsoft.AspNetCore.Mvc.RazorPages.Infrastructure.HandleOptionsRequestsPageFilter
7ffcd0e6c238      1         24 Microsoft.AspNetCore.Mvc.ApplicationModels.AutoValidateAntiforgeryPageApplicationModelProvider
7ffcd14fd3c0      1         24 Microsoft.Extensions.Options.IConfigureOptions<Microsoft.AspNetCore.Authorization.AuthorizationOptions>[]
7ffcd14fd480      1         24 Microsoft.Extensions.Options.IPostConfigureOptions<Microsoft.AspNetCore.Authorization.AuthorizationOptions>[]
7ffcd14fc338      1         24 Microsoft.Extensions.Options.IValidateOptions<Microsoft.AspNetCore.Authorization.AuthorizationOptions>[]
7ffcd12ded38      1         24 Microsoft.AspNetCore.Authorization.Infrastructure.DenyAnonymousAuthorizationRequirement
7ffcd12dfcd8      1         24 System.Collections.ObjectModel.ReadOnlyCollection<Microsoft.AspNetCore.Authorization.IAuthorizationRequirement>
7ffcd0e05430      1         24 Microsoft.AspNetCore.Mvc.ViewFeatures.Infrastructure.DefaultTempDataSerializer
7ffcd0e6c8d8      1         24 Microsoft.AspNetCore.Mvc.ApplicationModels.TempDataFilterPageApplicationModelProvider
7ffcd0e6ca90      1         24 Microsoft.AspNetCore.Mvc.ApplicationModels.ViewDataAttributePageApplicationModelProvider
7ffcd0e63a50      1         24 Microsoft.AspNetCore.Mvc.Razor.Compilation.DefaultViewCompilerProvider
7ffcd13461a0      1         24 Microsoft.Extensions.Logging.Logger<Microsoft.AspNetCore.Mvc.Razor.Compilation.DefaultViewCompiler>
7ffcd14fe790      1         24 Microsoft.AspNetCore.Mvc.Razor.Compilation.CompiledViewDescriptor[]
7ffcd0ae2290      1         24 Microsoft.Extensions.DependencyInjection.ConfigureRouteOptions
7ffcd0acce00      1         24 Microsoft.Extensions.DependencyInjection.RegexInlineRouteConstraintSetup
7ffcd0c34b58      1         24 Microsoft.Extensions.DependencyInjection.MvcCoreRouteOptionsSetup
7ffcd1521ee0      1         24 Microsoft.Extensions.Options.IPostConfigureOptions<Microsoft.AspNetCore.Routing.RouteOptions>[]
7ffcd1520d98      1         24 Microsoft.Extensions.Options.IValidateOptions<Microsoft.AspNetCore.Routing.RouteOptions>[]
7ffcd0acff80      1         24 Microsoft.AspNetCore.Routing.Patterns.DefaultRoutePatternTransformer
7ffcd12d9708      1         24 Microsoft.Extensions.Logging.Logger<Microsoft.AspNetCore.Mvc.Infrastructure.ControllerActionInvoker>
7ffcd0b69770      1         24 Microsoft.AspNetCore.Mvc.Routing.UrlHelperFactory
7ffcd0e03808      1         24 Microsoft.AspNetCore.Mvc.Rendering.SystemTextJsonHelper
7ffcd1526010      1         24 Microsoft.Extensions.Options.IConfigureOptions<Microsoft.Extensions.WebEncoders.WebEncoderOptions>[]
7ffcd15260d0      1         24 Microsoft.Extensions.Options.IPostConfigureOptions<Microsoft.Extensions.WebEncoders.WebEncoderOptions>[]
7ffcd1524f88      1         24 Microsoft.Extensions.Options.IValidateOptions<Microsoft.Extensions.WebEncoders.WebEncoderOptions>[]
7ffcd1524870      1         24 Microsoft.Extensions.WebEncoders.WebEncoderOptions
7ffcd13236d0      1         24 System.Text.Encodings.Web.DefaultHtmlEncoder
7ffcd1527f20      1         24 System.Text.Encodings.Web.DefaultHtmlEncoder+EscaperImplementation
7ffcd1301ca0      1         24 Microsoft.AspNetCore.Mvc.ViewFeatures.LambdaExpressionComparer
7ffcd0e6aa28      1         24 Microsoft.AspNetCore.Mvc.RazorPages.Infrastructure.DefaultPageModelFactoryProvider
7ffcd0cb3918      1         24 Order.API.MappingProfiles.OrderMappingProfile+<>c
7ffcd2aa8e60      1         24 AutoMapper.Features.Features<AutoMapper.Features.IRuntimeFeature>
7ffcd2aad4f8      1         24 System.Collections.Generic.ObjectEqualityComparer<AutoMapper.TypeMap>
7ffcd12132a0      1         24 System.Linq.Expressions.PrimitiveParameterExpression<System.Exception>
7ffcd2aae5e0      1         24 AutoMapper.Profile+<>c
7ffcd2b066b0      1         24 AutoMapper.Internal.LockingConcurrentDictionary<AutoMapper.Internal.MapRequest, System.Delegate>+<>c__DisplayClass2_0
7ffcd2b0a3d8      1         24 AutoMapper.ProfileMap+<>c
7ffcd2b0bc50      1         24 System.Action<AutoMapper.PropertyMap, AutoMapper.IMemberConfigurationExpression>[]
7ffcd2b0c5e0      1         24 System.Action<AutoMapper.TypeMap, AutoMapper.IMappingExpression>[]
7ffcd2b24490      1         24 AutoMapper.Internal.TypeDetails+<>c
7ffcd2b27400      1         24 System.Buffers.SharedArrayPool<System.Reflection.MemberInfo>+<>c
7ffcd2b635c8      1         24 System.Collections.Generic.GenericEqualityComparer<AutoMapper.Internal.TypePair>
7ffcd2b7d4c8      1         24 System.Linq.Expressions.LambdaExpression[]
7ffcd2b23730      1         24 System.Collections.Generic.Dictionary<AutoMapper.Internal.TypePair, AutoMapper.TypeMap>+ValueCollection
7ffcd190e610      1         24 System.Collections.ObjectModel.ReadOnlyCollection<System.Linq.Expressions.CatchBlock>
7ffcd2b892f8      1         24 AutoMapper.IncludedMember[]
7ffcd2b8c828      1         24 AutoMapper.Internal.TypeExtensions+<>c
7ffcd2dc9ba0      1         24 AutoMapper.Execution.ExpressionBuilder+<>c
7ffcd2de3828      1         24 AutoMapper.Internal.LockingConcurrentDictionary<AutoMapper.Internal.TypePair, AutoMapper.TypeMap>+<>c__DisplayClass2_0
7ffcd2deb248      1         24 Microsoft.AspNetCore.Http.Features.QueryFeature+<>c
7ffcd2debb38      1         24 Microsoft.AspNetCore.Http.QueryCollection
7ffcd1d25ef8      1         24 System.Collections.Generic.GenericArraySortHelper<System.String>
7ffcd2df4440      1         24 System.Collections.Generic.ObjectEqualityComparer<Microsoft.AspNetCore.Mvc.ModelBinding.Metadata.DefaultModelMetadata>
7ffcd2dfc098      1         24 MediatR.Mediator+<>c__7<CommonApiMessage.AggregatesModel.SubOrderMessage.SubOrderMessageViewModel>
7ffcd2dfc590      1         24 MediatR.Wrappers.RequestHandlerWrapperImpl<Order.Business.Mediator.Commands.Order.GetSubOrderCommand, CommonApiMessage.AggregatesModel.SubOrderMessage.SubOrderMessageViewModel>
7ffcd2dff8e8      1         24 Microsoft.Extensions.Logging.Logger<Order.Business.Validations.Order.GetSubOrderValidator>
7ffcd2e15ab0      1         24 FluentValidation.AbstractValidator<Order.Business.Mediator.Commands.Order.GetSubOrderCommand>+<>c
7ffcd2e1f470      1         24 FluentValidation.ValidatorConfiguration+<>c
7ffcd2e201d8      1         24 FluentValidation.ValidatorSelectorOptions+<>c
7ffcd2e21f70      1         24 System.Collections.Generic.ObjectEqualityComparer<FluentValidation.Internal.AccessorCache<Order.Business.Mediator.Commands.Order.GetSubOrderCommand>+Key>
7ffcd2e212a8      1         24 FluentValidation.Internal.AccessorCache<Order.Business.Mediator.Commands.Order.GetSubOrderCommand>+<>c__1<Order.Business.Mediator.Commands.Order.GetSubOrderCommand>
7ffcd2e25d68      1         24 FluentValidation.Internal.PropertyChain+<>c
7ffcd0f3e300      1         24 Order.Business.Validations.Order.GetSubOrderValidator+<>c
7ffcd2e2d0f0      1         24 FluentValidation.Internal.DefaultValidatorSelector
7ffcd2e2d1e0      1         24 FluentValidation.Results.ValidationFailure[]
7ffcd2e2db80      1         24 Order.Business.Validations.ValidationBehavior<Order.Business.Mediator.Commands.Order.GetSubOrderCommand, CommonApiMessage.AggregatesModel.SubOrderMessage.SubOrderMessageViewModel>+<>c
7ffcd2e44268      1         24 Microsoft.Extensions.Logging.Logger<Order.Business.Mediator.Handlers.Order.GetSubOrderHandler>
7ffcd2e4f048      1         24 Order.Infrastructure.Entities.Setting.AllowedStatusModel[]
7ffcd2e94608      1         24 System.Collections.Generic.ObjectEqualityComparer<System.Collections.Generic.KeyValuePair<System.Int32, System.ValueTuple<System.Nullable<Microsoft.EntityFrameworkCore.WarningBehavior>, System.Nullable<Microsoft.Extensions.Logging.LogLevel>>>>
7ffcd2e95040      1         24 System.Collections.Generic.NullableEqualityComparer<Microsoft.EntityFrameworkCore.WarningBehavior>
7ffcd2e95a48      1         24 System.Collections.Generic.EnumEqualityComparer<Microsoft.EntityFrameworkCore.WarningBehavior>
7ffcd2e95e18      1         24 System.Collections.Generic.NullableEqualityComparer<Microsoft.Extensions.Logging.LogLevel>
7ffcd27a6800      1         24 Microsoft.EntityFrameworkCore.Storage.DatabaseProviderDependencies
7ffcd2734698      1         24 Microsoft.EntityFrameworkCore.Storage.DatabaseProvider<Microsoft.EntityFrameworkCore.SqlServer.Infrastructure.Internal.SqlServerOptionsExtension>
7ffcd2e9b420      1         24 System.Collections.Generic.KeyValuePair<System.Int32, Microsoft.Extensions.DependencyInjection.ServiceLookup.ServiceCallSite>[]
7ffcd2e9d2b8      1         24 Microsoft.EntityFrameworkCore.Diagnostics.Internal.Interceptors+<>c
7ffcd278abc8      1         24 Microsoft.EntityFrameworkCore.Internal.EntityFinderSource
7ffcd278bd90      1         24 Microsoft.EntityFrameworkCore.ChangeTracking.Internal.EntityEntryGraphIterator
7ffcd2755bd8      1         24 Microsoft.EntityFrameworkCore.SqlServer.Storage.Internal.SqlServerExceptionDetector
7ffcd277f860      1         24 Microsoft.EntityFrameworkCore.Storage.RelationalSqlGenerationHelperDependencies
7ffcd2737ab8      1         24 Microsoft.EntityFrameworkCore.SqlServer.Storage.Internal.SqlServerSqlGenerationHelper
7ffcd2781100      1         24 Microsoft.EntityFrameworkCore.Storage.RelationalTransactionFactoryDependencies
7ffcd273ba00      1         24 Microsoft.EntityFrameworkCore.SqlServer.Storage.Internal.SqlServerTransactionFactory
7ffcd27a8070      1         24 Microsoft.EntityFrameworkCore.Storage.ValueConversion.ValueConverterSelectorDependencies
7ffcd27a95f0      1         24 Microsoft.EntityFrameworkCore.Storage.Json.JsonValueReaderWriterSourceDependencies
7ffcd27a5ea0      1         24 Microsoft.EntityFrameworkCore.Storage.Json.JsonValueReaderWriterSource
7ffcd2ea5200      1         24 Microsoft.EntityFrameworkCore.Storage.ITypeMappingSourcePlugin[]
7ffcd2ea52f0      1         24 Microsoft.EntityFrameworkCore.Storage.IRelationalTypeMappingSourcePlugin[]
7ffcd277fc88      1         24 Microsoft.EntityFrameworkCore.Storage.RelationalTypeMappingSourceDependencies
7ffcd2eaf210      1         24 Microsoft.EntityFrameworkCore.Storage.Json.JsonFloatReaderWriter
7ffcd2ec2008      1         24 Microsoft.EntityFrameworkCore.Storage.Json.JsonByteArrayReaderWriter
7ffcd2ec3738      1         24 Microsoft.EntityFrameworkCore.Storage.ValueConversion.NumberToBytesConverter<System.Int64>+<>c
7ffcd2ec4708      1         24 Microsoft.EntityFrameworkCore.Storage.Json.JsonInt64ReaderWriter
7ffcd12142e8      1         24 System.Linq.Expressions.PrimitiveParameterExpression<System.UInt64>
7ffcd2ec51a8      1         24 Microsoft.EntityFrameworkCore.Storage.ValueConversion.NumberToBytesConverter<System.UInt64>+<>c
7ffcd2ec59e8      1         24 Microsoft.EntityFrameworkCore.Storage.Json.JsonStringReaderWriter
7ffcd2ec5e78      1         24 Microsoft.EntityFrameworkCore.Storage.Json.JsonDateTimeReaderWriter
7ffcd2ec6248      1         24 Microsoft.EntityFrameworkCore.Storage.Json.JsonDoubleReaderWriter
7ffcd2ec6608      1         24 Microsoft.EntityFrameworkCore.Storage.Json.JsonDateTimeOffsetReaderWriter
7ffcd2ec69c8      1         24 Microsoft.EntityFrameworkCore.Storage.Json.JsonDecimalReaderWriter
7ffcd2ec6dc8      1         24 Microsoft.EntityFrameworkCore.Storage.Json.JsonTimeOnlyReaderWriter
7ffcd2ec7188      1         24 Microsoft.EntityFrameworkCore.Storage.Json.JsonGuidReaderWriter
7ffcd2ec7568      1         24 Microsoft.EntityFrameworkCore.Storage.Json.JsonInt32ReaderWriter
7ffcd2ec7c28      1         24 Microsoft.EntityFrameworkCore.Storage.Json.JsonDateOnlyReaderWriter
7ffcd2ec8018      1         24 Microsoft.EntityFrameworkCore.Storage.Json.JsonBoolReaderWriter
7ffcd2ec83f8      1         24 Microsoft.EntityFrameworkCore.Storage.Json.JsonByteReaderWriter
7ffcd2ec95e0      1         24 Microsoft.EntityFrameworkCore.Storage.Json.JsonInt16ReaderWriter
7ffcd2ec99e0      1         24 Microsoft.EntityFrameworkCore.Storage.Json.JsonTimeSpanReaderWriter
7ffcd043cdd8      1         24 System.StringComparison
7ffcd2777588      1         24 Microsoft.EntityFrameworkCore.Storage.RelationalCommandBuilderFactory
7ffcd2f71360      1         24 System.Text.RegularExpressions.Generated.<RegexGenerator_g>FCDFAA894408A4BE52DB36407A8838158E1347B18C8E6D1FBD1331CEC2A9DD6BE__CreateConnectionStringValidKeyRegex_0+RunnerFactory
7ffcd2f716f0      1         24 System.Text.RegularExpressions.Generated.<RegexGenerator_g>FCDFAA894408A4BE52DB36407A8838158E1347B18C8E6D1FBD1331CEC2A9DD6BE__CreateConnectionStringQuoteValueRegex_1+RunnerFactory
7ffcd2f71900      1         24 System.Text.RegularExpressions.Generated.<RegexGenerator_g>FCDFAA894408A4BE52DB36407A8838158E1347B18C8E6D1FBD1331CEC2A9DD6BE__CreateConnectionStringQuoteOdbcValueRegex_2+RunnerFactory
7ffcd27a0640      1         24 Microsoft.EntityFrameworkCore.Query.Internal.CompiledQueryCache
7ffcd27a7a20      1         24 Microsoft.EntityFrameworkCore.Infrastructure.ModelCustomizerDependencies
7ffcd2775ca8      1         24 Microsoft.EntityFrameworkCore.Infrastructure.RelationalModelCustomizer
7ffcd27a7d48      1         24 Microsoft.EntityFrameworkCore.Infrastructure.ModelCacheKeyFactoryDependencies
7ffcd278b138      1         24 Microsoft.EntityFrameworkCore.Infrastructure.ModelCacheKeyFactory
7ffcd27a4870      1         24 Microsoft.EntityFrameworkCore.Metadata.Internal.PropertyParameterBindingFactory
7ffcd27a64d8      1         24 Microsoft.EntityFrameworkCore.Metadata.LazyLoaderParameterBindingFactoryDependencies
7ffcd27a4f58      1         24 Microsoft.EntityFrameworkCore.Metadata.Internal.ContextParameterBindingFactory
7ffcd27a5138      1         24 Microsoft.EntityFrameworkCore.Metadata.Internal.EntityTypeParameterBindingFactory
7ffcd2780718      1         24 Microsoft.EntityFrameworkCore.Metadata.RelationalAnnotationProviderDependencies
7ffcd2738670      1         24 Microsoft.EntityFrameworkCore.SqlServer.Metadata.Internal.SqlServerAnnotationProvider
7ffcd27724b0      1         24 Microsoft.EntityFrameworkCore.SqlServer.Update.Internal.SqlServerUpdateSqlGenerator
7ffcd27a72f0      1         24 Microsoft.EntityFrameworkCore.Infrastructure.ModelValidatorDependencies
7ffcd2780018      1         24 Microsoft.EntityFrameworkCore.Infrastructure.RelationalModelValidatorDependencies
7ffcd2775338      1         24 Microsoft.EntityFrameworkCore.Update.Internal.RowKeyValueFactoryFactory
7ffcd2775588      1         24 Microsoft.EntityFrameworkCore.Update.Internal.RowForeignKeyValueFactoryFactory
7ffcd27757a0      1         24 Microsoft.EntityFrameworkCore.Update.Internal.RowIndexValueFactoryFactory
7ffcd2fb3678      1         24 Microsoft.EntityFrameworkCore.Metadata.Conventions.IModelFinalizingConvention[]
7ffcd2fb3738      1         24 Microsoft.EntityFrameworkCore.Metadata.Conventions.IModelFinalizedConvention[]
7ffcd2fb37f8      1         24 Microsoft.EntityFrameworkCore.Metadata.Conventions.IModelAnnotationChangedConvention[]
7ffcd2fb38b8      1         24 Microsoft.EntityFrameworkCore.Metadata.Conventions.IModelEmbeddedDiscriminatorNameConvention[]
7ffcd2fb3978      1         24 Microsoft.EntityFrameworkCore.Metadata.Conventions.ITypeIgnoredConvention[]
7ffcd2fb3a38      1         24 Microsoft.EntityFrameworkCore.Metadata.Conventions.IEntityTypeAddedConvention[]
7ffcd2fb3af8      1         24 Microsoft.EntityFrameworkCore.Metadata.Conventions.IEntityTypeRemovedConvention[]
7ffcd2fb3bb8      1         24 Microsoft.EntityFrameworkCore.Metadata.Conventions.IEntityTypeMemberIgnoredConvention[]
7ffcd2fb3c78      1         24 Microsoft.EntityFrameworkCore.Metadata.Conventions.IDiscriminatorPropertySetConvention[]
7ffcd2fb3d38      1         24 Microsoft.EntityFrameworkCore.Metadata.Conventions.IEntityTypeBaseTypeChangedConvention[]
7ffcd2fb3df8      1         24 Microsoft.EntityFrameworkCore.Metadata.Conventions.IEntityTypePrimaryKeyChangedConvention[]
7ffcd2fb3eb8      1         24 Microsoft.EntityFrameworkCore.Metadata.Conventions.IEntityTypeAnnotationChangedConvention[]
7ffcd2fb3f78      1         24 Microsoft.EntityFrameworkCore.Metadata.Conventions.IComplexTypeMemberIgnoredConvention[]
7ffcd2fb4038      1         24 Microsoft.EntityFrameworkCore.Metadata.Conventions.IComplexTypeAnnotationChangedConvention[]
7ffcd2fb40f8      1         24 Microsoft.EntityFrameworkCore.Metadata.Conventions.IComplexPropertyAddedConvention[]
7ffcd2fb41b8      1         24 Microsoft.EntityFrameworkCore.Metadata.Conventions.IComplexPropertyRemovedConvention[]
7ffcd2fb4278      1         24 Microsoft.EntityFrameworkCore.Metadata.Conventions.IComplexPropertyNullabilityChangedConvention[]
7ffcd2fb4338      1         24 Microsoft.EntityFrameworkCore.Metadata.Conventions.IComplexPropertyFieldChangedConvention[]
7ffcd2fb43f8      1         24 Microsoft.EntityFrameworkCore.Metadata.Conventions.IComplexPropertyAnnotationChangedConvention[]
7ffcd2fb44b8      1         24 Microsoft.EntityFrameworkCore.Metadata.Conventions.IForeignKeyAddedConvention[]
7ffcd2fb4578      1         24 Microsoft.EntityFrameworkCore.Metadata.Conventions.IForeignKeyRemovedConvention[]
7ffcd2fb4638      1         24 Microsoft.EntityFrameworkCore.Metadata.Conventions.IForeignKeyPrincipalEndChangedConvention[]
7ffcd2fb46f8      1         24 Microsoft.EntityFrameworkCore.Metadata.Conventions.IForeignKeyPropertiesChangedConvention[]
7ffcd2fb47b8      1         24 Microsoft.EntityFrameworkCore.Metadata.Conventions.IForeignKeyUniquenessChangedConvention[]
7ffcd2fb4878      1         24 Microsoft.EntityFrameworkCore.Metadata.Conventions.IForeignKeyRequirednessChangedConvention[]
7ffcd2fb4938      1         24 Microsoft.EntityFrameworkCore.Metadata.Conventions.IForeignKeyDependentRequirednessChangedConvention[]
7ffcd2fb49f8      1         24 Microsoft.EntityFrameworkCore.Metadata.Conventions.IForeignKeyOwnershipChangedConvention[]
7ffcd2fb4ab8      1         24 Microsoft.EntityFrameworkCore.Metadata.Conventions.IForeignKeyAnnotationChangedConvention[]
7ffcd2fb4b78      1         24 Microsoft.EntityFrameworkCore.Metadata.Conventions.IForeignKeyNullNavigationSetConvention[]
7ffcd2fb4c38      1         24 Microsoft.EntityFrameworkCore.Metadata.Conventions.INavigationAddedConvention[]
7ffcd2fb4cf8      1         24 Microsoft.EntityFrameworkCore.Metadata.Conventions.INavigationAnnotationChangedConvention[]
7ffcd2fb4db8      1         24 Microsoft.EntityFrameworkCore.Metadata.Conventions.INavigationRemovedConvention[]
7ffcd2fb4e78      1         24 Microsoft.EntityFrameworkCore.Metadata.Conventions.ISkipNavigationAddedConvention[]
7ffcd2fb4f38      1         24 Microsoft.EntityFrameworkCore.Metadata.Conventions.ISkipNavigationAnnotationChangedConvention[]
7ffcd2fb4ff8      1         24 Microsoft.EntityFrameworkCore.Metadata.Conventions.ISkipNavigationForeignKeyChangedConvention[]
7ffcd2fb50b8      1         24 Microsoft.EntityFrameworkCore.Metadata.Conventions.ISkipNavigationInverseChangedConvention[]
7ffcd2fb5178      1         24 Microsoft.EntityFrameworkCore.Metadata.Conventions.ISkipNavigationRemovedConvention[]
7ffcd2fb5238      1         24 Microsoft.EntityFrameworkCore.Metadata.Conventions.ITriggerAddedConvention[]
7ffcd2fb52f8      1         24 Microsoft.EntityFrameworkCore.Metadata.Conventions.ITriggerRemovedConvention[]
7ffcd2fb53b8      1         24 Microsoft.EntityFrameworkCore.Metadata.Conventions.IKeyAddedConvention[]
7ffcd2fb5478      1         24 Microsoft.EntityFrameworkCore.Metadata.Conventions.IKeyRemovedConvention[]
7ffcd2fb5538      1         24 Microsoft.EntityFrameworkCore.Metadata.Conventions.IKeyAnnotationChangedConvention[]
7ffcd2fb55f8      1         24 Microsoft.EntityFrameworkCore.Metadata.Conventions.IIndexAddedConvention[]
7ffcd2fb56b8      1         24 Microsoft.EntityFrameworkCore.Metadata.Conventions.IIndexRemovedConvention[]
7ffcd2fb5778      1         24 Microsoft.EntityFrameworkCore.Metadata.Conventions.IIndexUniquenessChangedConvention[]
7ffcd2fb5838      1         24 Microsoft.EntityFrameworkCore.Metadata.Conventions.IIndexSortOrderChangedConvention[]
7ffcd2fb58f8      1         24 Microsoft.EntityFrameworkCore.Metadata.Conventions.IIndexAnnotationChangedConvention[]
7ffcd2fb59b8      1         24 Microsoft.EntityFrameworkCore.Metadata.Conventions.IPropertyAddedConvention[]
7ffcd2fb5a78      1         24 Microsoft.EntityFrameworkCore.Metadata.Conventions.IPropertyNullabilityChangedConvention[]
7ffcd2fb5b38      1         24 Microsoft.EntityFrameworkCore.Metadata.Conventions.IPropertyFieldChangedConvention[]
7ffcd2fb5bf8      1         24 Microsoft.EntityFrameworkCore.Metadata.Conventions.IPropertyElementTypeChangedConvention[]
7ffcd2fb5cb8      1         24 Microsoft.EntityFrameworkCore.Metadata.Conventions.IPropertyAnnotationChangedConvention[]
7ffcd2fb5d78      1         24 Microsoft.EntityFrameworkCore.Metadata.Conventions.IPropertyRemovedConvention[]
7ffcd2fb5e38      1         24 Microsoft.EntityFrameworkCore.Metadata.Conventions.IElementTypeNullabilityChangedConvention[]
7ffcd2fb5ef8      1         24 Microsoft.EntityFrameworkCore.Metadata.Conventions.IElementTypeAnnotationChangedConvention[]
7ffcd2fd1ff8      1         24 System.Collections.Generic.SortedDictionary<System.String, Microsoft.EntityFrameworkCore.Metadata.Internal.EntityType>+KeyValuePairComparer
7ffcd2fd1d40      1         24 Microsoft.EntityFrameworkCore.Metadata.TypeBaseNameComparer
7ffcd2fddf90      1         24 System.Collections.Generic.ObjectEqualityComparer<Microsoft.EntityFrameworkCore.Metadata.IConventionForeignKey>
7ffcd2ff4bf0      1         24 Microsoft.EntityFrameworkCore.Metadata.Internal.Model+<>c
7ffcd088c560      1         24 System.DateOnly
7ffcd09b3408      1         24 System.TimeOnly
7ffcd2ffb4d0      1         24 Microsoft.EntityFrameworkCore.Metadata.ForeignKeyComparer
7ffcd3002a20      1         24 Microsoft.EntityFrameworkCore.Metadata.Internal.PropertyListComparer
7ffcd300edc8      1         24 System.SharedTypeExtensions+<>c
7ffcd3020b88      1         24 Microsoft.EntityFrameworkCore.Metadata.Conventions.Internal.ConventionDispatcher+ConventionNode[]
7ffcd0e0c5d0      1         24 Microsoft.AspNetCore.DataProtection.Internal.DataProtectionOptionsSetup
7ffcd152a320      1         24 Microsoft.Extensions.Options.IPostConfigureOptions<Microsoft.AspNetCore.DataProtection.DataProtectionOptions>[]
7ffcd15291d8      1         24 Microsoft.Extensions.Options.IValidateOptions<Microsoft.AspNetCore.DataProtection.DataProtectionOptions>[]
7ffcd12f6b50      1         24 Microsoft.AspNetCore.DataProtection.RegistryPolicyResolver+<>c
7ffcd152a888      1         24 Microsoft.Extensions.Options.IValidateOptions<Microsoft.AspNetCore.DataProtection.KeyManagement.KeyManagementOptions>[]
7ffcd12f8c68      1         24 Microsoft.AspNetCore.DataProtection.Repositories.DefaultKeyStorageDirectories
7ffcd12f9e70      1         24 Microsoft.AspNetCore.DataProtection.KeyManagement.XmlKeyManager+<>c
7ffcd12faa28      1         24 Microsoft.Extensions.Logging.Logger<Microsoft.AspNetCore.DataProtection.KeyManagement.XmlKeyManager>
7ffcd12fe820      1         24 Microsoft.AspNetCore.DataProtection.KeyManagement.IKeyEscrowSink[]
7ffcd152c0b8      1         24 Microsoft.AspNetCore.DataProtection.AuthenticatedEncryption.CngGcmAuthenticatedEncryptorFactory
7ffcd152cdd8      1         24 Microsoft.Extensions.Logging.Logger<Microsoft.AspNetCore.DataProtection.AuthenticatedEncryption.CngGcmAuthenticatedEncryptorFactory>
7ffcd152bed8      1         24 Microsoft.AspNetCore.DataProtection.AuthenticatedEncryption.CngCbcAuthenticatedEncryptorFactory
7ffcd152cf28      1         24 Microsoft.Extensions.Logging.Logger<Microsoft.AspNetCore.DataProtection.AuthenticatedEncryption.CngCbcAuthenticatedEncryptorFactory>
7ffcd152c2b8      1         24 Microsoft.AspNetCore.DataProtection.AuthenticatedEncryption.ManagedAuthenticatedEncryptorFactory
7ffcd152d078      1         24 Microsoft.Extensions.Logging.Logger<Microsoft.AspNetCore.DataProtection.AuthenticatedEncryption.ManagedAuthenticatedEncryptorFactory>
7ffcd152c538      1         24 Microsoft.AspNetCore.DataProtection.AuthenticatedEncryption.AuthenticatedEncryptorFactory
7ffcd152f4c8      1         24 Microsoft.Extensions.Logging.Logger<Microsoft.AspNetCore.DataProtection.XmlEncryption.DpapiXmlEncryptor>
7ffcd152f6b0      1         24 Microsoft.Extensions.Logging.Logger<Microsoft.AspNetCore.DataProtection.Repositories.FileSystemXmlRepository>
7ffcd12fa5c0      1         24 Microsoft.AspNetCore.DataProtection.Internal.DefaultTypeNameResolver
7ffcd12fd8b8      1         24 Microsoft.Extensions.Logging.Logger<Microsoft.AspNetCore.DataProtection.KeyManagement.DefaultKeyResolver>
7ffcd12fe9a0      1         24 Microsoft.Extensions.Logging.Logger<Microsoft.AspNetCore.DataProtection.KeyManagement.KeyRingProvider>
7ffcd1530190      1         24 System.Random+ThreadSafeRandom
7ffcd1530368      1         24 Microsoft.Extensions.Logging.Logger<Microsoft.AspNetCore.DataProtection.KeyManagement.KeyRingBasedDataProtector>
7ffcd0e0c478      1         24 Microsoft.AspNetCore.DataProtection.DataProtectionOptions
7ffcd1531ec8      1         24 Microsoft.Extensions.Options.IConfigureOptions<Microsoft.AspNetCore.Mvc.CookieTempDataProviderOptions>[]
7ffcd1531f88      1         24 Microsoft.Extensions.Options.IPostConfigureOptions<Microsoft.AspNetCore.Mvc.CookieTempDataProviderOptions>[]
7ffcd1530e40      1         24 Microsoft.Extensions.Options.IValidateOptions<Microsoft.AspNetCore.Mvc.CookieTempDataProviderOptions>[]
7ffcd13053f8      1         24 Microsoft.Extensions.Logging.Logger<Microsoft.AspNetCore.Mvc.ViewFeatures.CookieTempDataProvider>
7ffcd11d4568      1         24 Microsoft.AspNetCore.Mvc.CookieTempDataProviderOptions
7ffcd0e048c0      1         24 Microsoft.AspNetCore.Mvc.ViewFeatures.TempDataDictionaryFactory
7ffcd1fd5c48      1         24 System.Text.Json.Serialization.Metadata.ReflectionEmitCachingMemberAccessor+Cache<System.ValueTuple<System.String, System.Type, System.Reflection.MemberInfo>>+<>c__6<System.Action<System.Object, System.Collections.Generic.IEnumerable<System.String>>>
7ffcd0e653c0      1         24 Microsoft.AspNetCore.Mvc.Razor.RazorViewEngineOptionsSetup
7ffcd0e6d228      1         24 Microsoft.Extensions.DependencyInjection.RazorPagesRazorViewEngineOptionsSetup
7ffcd1535330      1         24 Microsoft.Extensions.Options.IPostConfigureOptions<Microsoft.AspNetCore.Mvc.Razor.RazorViewEngineOptions>[]
7ffcd15341e8      1         24 Microsoft.Extensions.Options.IValidateOptions<Microsoft.AspNetCore.Mvc.Razor.RazorViewEngineOptions>[]
7ffcd1535e08      1         24 Microsoft.AspNetCore.Mvc.RazorPages.Infrastructure.PageViewLocationExpander
7ffcd1340bd0      1         24 Microsoft.Extensions.Logging.Logger<Microsoft.AspNetCore.Mvc.Razor.RazorViewEngine>
7ffcd124dd68      1         24 Microsoft.Extensions.Logging.Abstractions.NullLoggerFactory
7ffcd1536018      1         24 Microsoft.Extensions.Logging.Abstractions.NullLogger
7ffcd0e65570      1         24 Microsoft.Extensions.DependencyInjection.MvcRazorMvcViewOptionsSetup
7ffcd1533c08      1         24 Microsoft.Extensions.Options.IPostConfigureOptions<Microsoft.AspNetCore.Mvc.MvcViewOptions>[]
7ffcd1532ac0      1         24 Microsoft.Extensions.Options.IValidateOptions<Microsoft.AspNetCore.Mvc.MvcViewOptions>[]
7ffcd0e6aec0      1         24 Microsoft.AspNetCore.Mvc.RazorPages.Infrastructure.DefaultPageHandlerMethodSelector
7ffcd15367c8      1         24 Microsoft.AspNetCore.Mvc.DataAnnotations.DefaultClientModelValidatorProvider
7ffcd15368b8      1         24 Microsoft.AspNetCore.Mvc.DataAnnotations.NumericClientModelValidatorProvider
7ffcd1536a28      1         24 Microsoft.AspNetCore.Mvc.Routing.ActionEndpointFactory+<>c__DisplayClass10_0
7ffcd1362050      1         24 Microsoft.AspNetCore.Mvc.RazorPages.Infrastructure.CompiledPageActionDescriptorFactory+<>c
7ffcd1536fe0      1         24 System.Linq.Enumerable+EnumerableSorter<Microsoft.AspNetCore.Mvc.ApplicationModels.IPageApplicationModelProvider>+<>c
7ffcd0b6abc0      1         24 Microsoft.AspNetCore.Mvc.Infrastructure.ActionInvokerFactory
7ffcd12be9b8      1         24 Microsoft.AspNetCore.Mvc.Infrastructure.ActionInvokerFactory+<>c
7ffcd15373f8      1         24 System.Linq.Enumerable+EnumerableSorter<Microsoft.AspNetCore.Mvc.Abstractions.IActionInvokerProvider>+<>c
7ffcd12b7ba8      1         24 Microsoft.AspNetCore.Mvc.ApplicationModels.DefaultApplicationModelProvider+<>c
7ffcd1fd6e00      1         24 System.Text.Json.Serialization.Metadata.ReflectionEmitCachingMemberAccessor+Cache<System.ValueTuple<System.String, System.Type, System.Reflection.MemberInfo>>+<>c__6<System.Action<System.Object, System.Collections.Generic.Dictionary<System.String, System.String>>>
7ffcd0b6f648      1         24 Microsoft.Extensions.DependencyInjection.ApiBehaviorOptionsSetup
7ffcd153a940      1         24 Microsoft.Extensions.Options.IPostConfigureOptions<Microsoft.AspNetCore.Mvc.ApiBehaviorOptions>[]
7ffcd15397f8      1         24 Microsoft.Extensions.Options.IValidateOptions<Microsoft.AspNetCore.Mvc.ApiBehaviorOptions>[]
7ffcd0b6e430      1         24 Microsoft.AspNetCore.Mvc.ApplicationModels.ApiBehaviorApplicationModelProvider
7ffcd12b89a8      1         24 Microsoft.AspNetCore.Mvc.ApplicationModels.ApiVisibilityConvention
7ffcd12b9170      1         24 Microsoft.AspNetCore.Mvc.ApplicationModels.ClientErrorResultFilterConvention
7ffcd12b9420      1         24 Microsoft.AspNetCore.Mvc.Infrastructure.ClientErrorResultFilterFactory
7ffcd12b9038      1         24 Microsoft.AspNetCore.Mvc.ApplicationModels.InvalidModelStateFilterConvention
7ffcd12b9560      1         24 Microsoft.AspNetCore.Mvc.Infrastructure.ModelStateInvalidFilterFactory
7ffcd12b8f00      1         24 Microsoft.AspNetCore.Mvc.ApplicationModels.ConsumesConstraintForFormFileParameterConvention
7ffcd12b7ff0      1         24 Microsoft.AspNetCore.Mvc.ProducesErrorResponseTypeAttribute
7ffcd12b8b48      1         24 Microsoft.AspNetCore.Mvc.ApplicationModels.ApiConventionApplicationModelConvention
7ffcd0c3ba00      1         24 Microsoft.AspNetCore.Mvc.Cors.CorsApplicationModelProvider
7ffcd0e00940      1         24 Microsoft.AspNetCore.Mvc.ViewFeatures.Filters.TempDataApplicationModelProvider
7ffcd0e00af8      1         24 Microsoft.AspNetCore.Mvc.ViewFeatures.Filters.ViewDataAttributeApplicationModelProvider
7ffcd153e268      1         24 Microsoft.Extensions.Logging.Logger<Microsoft.AspNetCore.Mvc.Core.Filters.AntiforgeryMiddlewareAuthorizationFilter>
7ffcd11d46c0      1         24 Microsoft.AspNetCore.Mvc.Core.Filters.AntiforgeryMiddlewareAuthorizationFilter
7ffcd12b6e38      1         24 Microsoft.AspNetCore.Mvc.ApplicationModels.ApplicationModelFactory+<>c
7ffcd153e4f8      1         24 System.Linq.Enumerable+EnumerableSorter<Microsoft.AspNetCore.Mvc.ApplicationModels.IApplicationModelProvider>+<>c
7ffcd153e730      1         24 Microsoft.Extensions.Logging.Logger<Microsoft.AspNetCore.Mvc.ApplicationModels.CompiledPageRouteModelProvider>
7ffcd1360430      1         24 Microsoft.AspNetCore.Mvc.RazorPages.Infrastructure.PageActionDescriptorProvider+<>c
7ffcd1360fc0      1         24 Microsoft.AspNetCore.Mvc.ApplicationModels.IPageRouteModelConvention[]
7ffcd0e62c20      1         24 Microsoft.AspNetCore.Mvc.Razor.Infrastructure.DefaultTagHelperActivator
7ffcd134b4a8      1         24 Microsoft.AspNetCore.Mvc.Razor.DefaultTagHelperFactory+<>c
7ffcd15391f8      1         24 Microsoft.Extensions.Logging.Logger<Microsoft.AspNetCore.Mvc.Infrastructure.DefaultActionDescriptorCollectionProvider>
7ffcd127ae00      1         24 Microsoft.AspNetCore.Mvc.Infrastructure.DefaultActionDescriptorCollectionProvider+<>c
7ffcd153eef0      1         24 System.Linq.Enumerable+EnumerableSorter<Microsoft.AspNetCore.Mvc.Abstractions.IActionDescriptorProvider>+<>c
7ffcd0b68560      1         24 Microsoft.AspNetCore.Mvc.ActionConstraints.DefaultActionConstraintProvider
7ffcd12ba3f0      1         24 Microsoft.AspNetCore.Mvc.ActionConstraints.ActionConstraintCache+<>c
7ffcd12b9af8      1         24 Microsoft.Extensions.Logging.Logger<Microsoft.AspNetCore.Mvc.Infrastructure.ActionSelector>
7ffcd12d4608      1         24 Microsoft.Extensions.Logging.Logger<Microsoft.AspNetCore.Mvc.Routing.MvcRouteHandler>
7ffcd153f4c0      1         24 Microsoft.AspNetCore.Mvc.Routing.AttributeRouting+<>c__DisplayClass0_0
7ffcd0b6bc30      1         24 Microsoft.AspNetCore.Mvc.Infrastructure.OrderedEndpointsSequenceProviderCache
7ffcd12d5380      1         24 System.Collections.Generic.ObjectEqualityComparer<Microsoft.AspNetCore.Routing.IEndpointRouteBuilder>
7ffcd0b690d8      1         24 Microsoft.AspNetCore.Mvc.Routing.ControllerActionEndpointDataSourceIdProvider
7ffcd12d4720      1         24 Microsoft.AspNetCore.Mvc.Infrastructure.OrderedEndpointsSequenceProvider
7ffcd084e958      1         24 System.Reflection.TypeInfo[]
7ffcd1556d08      1         24 System.Collections.Generic.ObjectEqualityComparer<System.Reflection.TypeInfo>
7ffcd1664090      1         24 Microsoft.AspNetCore.Mvc.ApplicationModels.ControllerModel[]
7ffcd16686d8      1         24 Microsoft.AspNetCore.Mvc.ApplicationModels.PropertyModel[]
7ffcd1668798      1         24 Microsoft.AspNetCore.Mvc.ApplicationModels.SelectorModel[]
7ffcd12c43d8      1         24 System.Collections.Generic.GenericEqualityComparer<Microsoft.AspNetCore.Mvc.ModelBinding.Metadata.ModelMetadataIdentity>
7ffcd1675728      1         24 Microsoft.AspNetCore.Mvc.ModelBinding.Metadata.DefaultModelMetadata+<>c
7ffcd16764c8      1         24 System.Linq.Enumerable+EnumerableSorter<Microsoft.AspNetCore.Mvc.ModelBinding.ModelMetadata>+<>c
7ffcd1677120      1         24 Microsoft.AspNetCore.Mvc.ModelBinding.Metadata.DisplayMetadata+<>c
7ffcd167fd48      1         24 Microsoft.AspNetCore.Mvc.ModelBinding.IPropertyFilterProvider[]
7ffcd16861c8      1         24 System.ComponentModel.CollectionConverter
7ffcd1689b38      1         24 Microsoft.AspNetCore.Mvc.ViewFeatures.ViewDataDictionaryAttribute
7ffcd16a07e0      1         24 System.Collections.Generic.GenericEqualityComparer<System.UInt16>
7ffcd16a27f0      1         24 Microsoft.AspNetCore.Authorization.IAuthorizeData[]
7ffcd16a83f0      1         24 Microsoft.AspNetCore.Mvc.ApiConventionTypeAttribute[]
7ffcd16a9c40      1         24 Microsoft.AspNetCore.Mvc.ApplicationModels.ActionAttributeRouteModel+<>c
7ffcd16b4498      1         24 Microsoft.AspNetCore.Routing.Template.InlineConstraint[]
7ffcd16b4658      1         24 Microsoft.AspNetCore.Mvc.ApplicationModels.InferParameterBindingInfoConvention+<>c
7ffcd16b5ad8      1         24 Microsoft.AspNetCore.Routing.Patterns.RoutePatternParameterPolicyReference[]
7ffcd16b5c78      1         24 Microsoft.AspNetCore.Routing.Template.TemplatePart+<>c
7ffcd16b6978      1         24 Newtonsoft.Json.JsonIgnoreAttribute
7ffcd16b8988      1         24 System.ComponentModel.DateTimeConverter
7ffcd16bc7e0      1         24 System.ComponentModel.DecimalConverter
7ffcd1c2edb0      1         24 System.Text.Json.Serialization.Metadata.ReflectionEmitCachingMemberAccessor+Cache<System.ValueTuple<System.String, System.Type, System.Reflection.MemberInfo>>+<>c__6<System.Action<System.Object, System.Int32>>
7ffcd0c3ae48      1         24 Microsoft.AspNetCore.Authorization.Policy.AuthorizationPolicyMarkerService
7ffcd1ad2cb8      1         24 System.Collections.Generic.ObjectEqualityComparer<Microsoft.AspNetCore.Routing.EndpointDataSource>
7ffcd1c2b5d8      1         24 System.Collections.Generic.GenericEqualityComparer<System.Text.Json.Serialization.Metadata.JsonTypeInfo+ParameterLookupKey>
7ffcd1c2c760      1         24 System.Text.Json.Serialization.Metadata.ReflectionEmitCachingMemberAccessor+Cache<System.ValueTuple<System.String, System.Type, System.Reflection.MemberInfo>>+<>c__6<System.Func<System.Object, System.Boolean>>
7ffcd16e5040      1         24 Microsoft.AspNetCore.Mvc.ApplicationModels.IControllerModelConvention[]
7ffcd16e6298      1         24 Microsoft.AspNetCore.Mvc.ApplicationModels.IParameterModelConvention[]
7ffcd16eb100      1         24 Microsoft.AspNetCore.Mvc.Controllers.ControllerActionDescriptor[]
7ffcd16eb388      1         24 System.Collections.Generic.ObjectEqualityComparer<System.Reflection.MethodInfo>
7ffcd16eb848      1         24 System.ValueTuple<Microsoft.AspNetCore.Mvc.ApplicationModels.ActionModel, Microsoft.AspNetCore.Mvc.ApplicationModels.SelectorModel>[]
7ffcd16ec9a0      1         24 Microsoft.AspNetCore.Mvc.ApplicationModels.ControllerActionDescriptorBuilder+<>c
7ffcd1700138      1         24 Microsoft.AspNetCore.Mvc.Filters.FilterDescriptorOrderComparer
7ffcd1701510      1         24 System.Linq.Enumerable+EnumerableSorter<Microsoft.AspNetCore.Mvc.Filters.FilterDescriptor>+<>c
7ffcd1701950      1         24 System.GenericEmptyEnumerator<System.Collections.Generic.KeyValuePair<System.Object, System.Object>>
7ffcd1702270      1         24 System.Buffers.SharedArrayPool<Microsoft.AspNetCore.Mvc.Filters.FilterDescriptor>+<>c
7ffcd1703c70      1         24 Microsoft.AspNetCore.Mvc.ApplicationModels.PageRouteModel[]
7ffcd1554c00      1         24 System.Collections.ObjectModel.ReadOnlyCollection<Microsoft.AspNetCore.Mvc.Abstractions.ActionDescriptor>
7ffcd1708810      1         24 Microsoft.Extensions.Logging.Logger<EventBus.RabbitMQ.DefaultRabbitMQPersistentConnection>
7ffcd170aca8      1         24 RabbitMQ.Client.PlainMechanismFactory
7ffcd1708aa0      1         24 RabbitMQ.Client.ConnectionFactory+<>c
7ffcd170dae8      1         24 System.IO.Stream+NullStream
7ffcd1730d30      1         24 Microsoft.Extensions.Logging.Logger<EventBus.RabbitMQ.EventBusRabbitMQ>
7ffcd173c050      1         24 Polly.Policy+<>c__135<System.Net.Sockets.SocketException>
7ffcd173c840      1         24 Polly.ExceptionPredicate[]
7ffcd173cca0      1         24 Polly.PolicyBuilder+<>c__8<RabbitMQ.Client.Exceptions.BrokerUnreachableException>
7ffcd1739960      1         24 EventBus.RabbitMQ.DefaultRabbitMQPersistentConnection+<>c
7ffcd1764740      1         24 Polly.ResultPredicates<Polly.Utilities.EmptyStruct>
7ffcd1771330      1         24 System.Collections.Generic.ObjectEqualityComparer<RabbitMQ.Client.Impl.RecordedBinding>
7ffcd1775f18      1         24 System.Threading.Channels.SingleConsumerUnboundedChannel<RabbitMQ.Client.Framing.Impl.AutorecoveringConnection+RecoveryCommand>+UnboundedChannelWriter
7ffcd177ac48      1         24 System.Linq.Enumerable+EnumerableSorter<RabbitMQ.Client.AmqpTcpEndpoint>+<>c
7ffcd177e268      1         24 System.Threading.Channels.SingleConsumerUnboundedChannel<System.Memory<System.Byte>>+UnboundedChannelWriter
7ffcd179aff8      1         24 System.Diagnostics.ActivityListener[]
7ffcd179b288      1         24 System.Diagnostics.ActivitySource+<>c
7ffcd1fd82e8      1         24 System.Text.Json.Serialization.Metadata.JsonTypeInfo<System.Collections.Generic.Dictionary<System.String, System.String>>+<>c__DisplayClass37_0
7ffcd177f0b8      1         24 RabbitMQ.Client.Impl.TcpClientAdapter
7ffcd1fd8dd0      1         24 System.Text.Json.Serialization.Metadata.JsonTypeInfo<Swashbuckle.AspNetCore.SwaggerUI.InterceptorFunctions>+<>c__DisplayClass37_0
7ffcd177cff0      1         24 RabbitMQ.Client.Impl.SslHelper
7ffcd17b4f18      1         24 System.Net.Sockets.SocketAsyncEventArgs+<>c
7ffcd17b9488      1         24 System.Net.Sockets.DynamicWinsockMethods+<>c
7ffcd1829790      1         24 System.Security.Cryptography.X509Certificates.X509Pal
7ffcd17f03d0      1         24 System.Security.Cryptography.X509Certificates.X509CertificateCollection
7ffcd17faad0      1         24 System.Security.Cryptography.X509Certificates.X509Certificate[]
7ffcd17fc018      1         24 System.Security.Cryptography.X509Certificates.CertificatePal+<>c
7ffcd17fdf10      1         24 System.Threading.AsyncLocal<Microsoft.Win32.SafeHandles.SafeAccessTokenHandle>
7ffcd17fecf0      1         24 System.Threading.AsyncLocalValueMap+EmptyAsyncLocalValueMap
7ffcd1809368      1         24 System.Net.SSPIAuthType
7ffcd18096f8      1         24 System.Net.SSPISecureChannelType
7ffcd1820000      1         24 System.Collections.Generic.EnumEqualityComparer<Interop+SECURITY_STATUS>
7ffcd1800ec8      1         24 System.Net.Security.SafeCredentialReference
7ffcd18381f0      1         24 RabbitMQ.Client.ShutdownReportEntry[]
7ffcd1839b20      1         24 System.Collections.Generic.ObjectEqualityComparer<RabbitMQ.Client.IModel>
7ffcd18414b8      1         24 RabbitMQ.Client.Impl.RpcContinuationQueue+EmptyRpcContinuation
7ffcd182a130      1         24 System.Collections.Generic.GenericEqualityComparer<System.Net.Security.SslSessionsCache+SslCredKey>
7ffcd182e0e0      1         24 System.Security.Cryptography.Oid[]
7ffcd18303a0      1         24 Microsoft.Win32.SafeHandles.SafeCrypt32Handle<System.Security.Cryptography.X509Certificates.SafeLocalAllocHandle>+<>c
7ffcd1f8f978      1         24 System.Text.Json.Serialization.Metadata.JsonPropertyInfo<System.Collections.Generic.IEnumerable<Swashbuckle.AspNetCore.SwaggerUI.UrlDescriptor>>+<>c__DisplayClass10_0
7ffcd1882eb0      1         24 Microsoft.Extensions.Logging.FormattedLogValues+<>c
7ffcd12d8eb0      1         24 System.Collections.Generic.GenericEqualityComparer<System.Int32>
7ffcd1fb1b90      1         24 System.Text.Json.Serialization.Metadata.JsonPropertyInfo<Swashbuckle.AspNetCore.SwaggerUI.ModelRendering>+<>c__DisplayClass9_0
7ffcd1fb2838      1         24 System.Text.Json.Serialization.Metadata.ReflectionEmitCachingMemberAccessor+Cache<System.ValueTuple<System.String, System.Type, System.Reflection.MemberInfo>>+<>c__6<System.Action<System.Object, Swashbuckle.AspNetCore.SwaggerUI.ModelRendering>>
7ffcd18a0c78      1         24 System.Threading.TimerQueueTimer+<>c
7ffcd1987598      1         24 System.Xml.Linq.XElement[]
7ffcd0e6e718      1         24 EventBus.Kafka.DefaultKafkaPersistentConnection
7ffcd18a11c0      1         24 Microsoft.Extensions.Logging.Logger<EventBus.Kafka.EventBusKafka>
7ffcd18c7620      1         24 Confluent.Kafka.Config+<>c
7ffcd18e0d68      1         24 Confluent.Kafka.Impl.Librdkafka+<>c
7ffcd190fcc0      1         24 Confluent.Kafka.Producer<Confluent.Kafka.Null, System.String>+<>c
7ffcd19685f8      1         24 Confluent.Kafka.Serializers+Utf8Serializer
7ffcd19686e8      1         24 Confluent.Kafka.Serializers+NullSerializer
7ffcd19687d8      1         24 Confluent.Kafka.Serializers+Int64Serializer
7ffcd19688c8      1         24 Confluent.Kafka.Serializers+Int32Serializer
7ffcd19689b8      1         24 Confluent.Kafka.Serializers+SingleSerializer
7ffcd1968aa8      1         24 Confluent.Kafka.Serializers+DoubleSerializer
7ffcd1968b98      1         24 Confluent.Kafka.Serializers+ByteArraySerializer
7ffcd1968d68      1         24 System.Threading.CancellationToken+<>c
7ffcd196a130      1         24 Microsoft.Extensions.Hosting.Internal.ConsoleLifetime+<>c
7ffcd12fd6e0      1         24 Microsoft.Extensions.Logging.Logger<Microsoft.AspNetCore.DataProtection.Internal.DataProtectionHostedService>
7ffcd196cbc0      1         24 Microsoft.Extensions.Options.IPostConfigureOptions<Microsoft.AspNetCore.Hosting.GenericWebHostServiceOptions>[]
7ffcd196ba78      1         24 Microsoft.Extensions.Options.IValidateOptions<Microsoft.AspNetCore.Hosting.GenericWebHostServiceOptions>[]
7ffcd196e2a0      1         24 Microsoft.Extensions.Options.IConfigureOptions<Microsoft.AspNetCore.Http.Features.FormOptions>[]
7ffcd196e360      1         24 Microsoft.Extensions.Options.IPostConfigureOptions<Microsoft.AspNetCore.Http.Features.FormOptions>[]
7ffcd196d218      1         24 Microsoft.Extensions.Options.IValidateOptions<Microsoft.AspNetCore.Http.Features.FormOptions>[]
7ffcd0aaf690      1         24 Microsoft.AspNetCore.Hosting.Builder.ApplicationBuilderFactory
7ffcd0acaeb8      1         24 Microsoft.AspNetCore.HostFilteringStartupFilter
7ffcd0acad40      1         24 Microsoft.AspNetCore.ForwardedHeadersStartupFilter
7ffcd0b67400      1         24 Microsoft.AspNetCore.Mvc.Filters.MiddlewareFilterBuilderStartupFilter
7ffcd1970520      1         24 <>z__ReadOnlyArray<System.Int32>
7ffcd1975f08      1         24 System.Buffers.SharedArrayPool<Autofac.Core.ServiceRegistration>+<>c
7ffcd197a398      1         24 Microsoft.Extensions.Options.IPostConfigureOptions<Microsoft.Extensions.Diagnostics.Metrics.MetricsOptions>[]
7ffcd1979250      1         24 Microsoft.Extensions.Options.IValidateOptions<Microsoft.Extensions.Diagnostics.Metrics.MetricsOptions>[]
7ffcd197a518      1         24 Microsoft.Extensions.Options.OptionsCache<Microsoft.Extensions.Diagnostics.Metrics.MetricsOptions>
7ffcd197b430      1         24 Microsoft.Extensions.Primitives.ChangeToken+ChangeTokenRegistration<System.String>+<>c
7ffcd197b4e0      1         24 Microsoft.Extensions.Primitives.ChangeToken+ChangeTokenRegistration<System.String>+NoopDisposable
7ffcd1261d78      1         24 Microsoft.Extensions.Diagnostics.Metrics.IMetricsListener[]
7ffcd1260340      1         24 Microsoft.Extensions.Diagnostics.Metrics.ListenerSubscription[]
7ffcd126c460      1         24 Microsoft.Extensions.Options.OptionsMonitorExtensions+<>c__DisplayClass0_0<Microsoft.Extensions.Diagnostics.Metrics.MetricsOptions>
7ffcd197bcd8      1         24 Microsoft.Extensions.Options.OptionsMonitor<Microsoft.Extensions.Diagnostics.Metrics.MetricsOptions>+<>c
7ffcd197c248      1         24 Microsoft.Extensions.Options.OptionsCache<Microsoft.Extensions.Diagnostics.Metrics.MetricsOptions>+<>c__3<Microsoft.Extensions.Options.IOptionsFactory<Microsoft.Extensions.Diagnostics.Metrics.MetricsOptions>>
7ffcd0a50e60      1         24 Microsoft.Extensions.Diagnostics.Metrics.MetricsOptions
7ffcd12627e0      1         24 Microsoft.Extensions.Diagnostics.Metrics.InstrumentRule[]
7ffcd09da158      1         24 Microsoft.Extensions.DependencyInjection.MetricsServiceExtensions+SubscriptionActivator
7ffcd1977dd0      1         24 Microsoft.Extensions.Options.IPostConfigureOptions<Microsoft.Extensions.DependencyInjection.MetricsServiceExtensions+NoOpOptions>[]
7ffcd1976c88      1         24 Microsoft.Extensions.Options.IValidateOptions<Microsoft.Extensions.DependencyInjection.MetricsServiceExtensions+NoOpOptions>[]
7ffcd1977f50      1         24 Microsoft.Extensions.Options.OptionsCache<Microsoft.Extensions.DependencyInjection.MetricsServiceExtensions+NoOpOptions>
7ffcd1972728      1         24 Microsoft.Extensions.Options.IPostConfigureOptions<Microsoft.Extensions.Options.StartupValidatorOptions>[]
7ffcd19715e0      1         24 Microsoft.Extensions.Options.IValidateOptions<Microsoft.Extensions.Options.StartupValidatorOptions>[]
7ffcd09db568      1         24 Microsoft.Extensions.Options.StartupValidatorOptions
7ffcd197f0f0      1         24 System.Collections.Generic.GenericEqualityComparer<System.ValueTuple<System.Type, System.String>>
7ffcd197fb48      1         24 System.Collections.Generic.Dictionary<System.ValueTuple<System.Type, System.String>, System.Action>+ValueCollection
7ffcd197fd30      1         24 Microsoft.Extensions.Options.OptionsMonitor<Microsoft.Extensions.DependencyInjection.MetricsServiceExtensions+NoOpOptions>+<>c
7ffcd1980000      1         24 Microsoft.Extensions.Options.OptionsCache<Microsoft.Extensions.DependencyInjection.MetricsServiceExtensions+NoOpOptions>+<>c__3<Microsoft.Extensions.Options.IOptionsFactory<Microsoft.Extensions.DependencyInjection.MetricsServiceExtensions+NoOpOptions>>
7ffcd09d9a98      1         24 Microsoft.Extensions.DependencyInjection.MetricsServiceExtensions+NoOpOptions
7ffcd1981df0      1         24 Microsoft.AspNetCore.DataProtection.KeyManagement.KeyRingProvider+<>c
7ffcd25a9c00      1         24 System.Collections.Generic.GenericEqualityComparer<System.Net.Http.HttpConnectionPoolManager+HttpConnectionKey>
7ffcd2fb35b8      1         24 Microsoft.EntityFrameworkCore.Metadata.Conventions.IModelInitializedConvention[]
7ffcd19e6070      1         24 System.Xml.Linq.XHashtable<System.WeakReference<System.Xml.Linq.XNamespace>>
7ffcd1ad2e30      1         24 Microsoft.Extensions.Logging.Logger<Microsoft.AspNetCore.Routing.EndpointMiddleware>
7ffcd14a3a78      1         24 Microsoft.AspNetCore.Builder.RunExtensions+<>c__DisplayClass0_0
7ffcd0ae0e78      1         24 Microsoft.AspNetCore.Routing.Matching.DfaMatcherFactory
7ffcd1ad2fb0      1         24 Microsoft.Extensions.Logging.Logger<Microsoft.AspNetCore.Routing.EndpointRoutingMiddleware>
7ffcd1ad36d0      1         24 Microsoft.Extensions.Logging.Logger<Microsoft.AspNetCore.Builder.RouterMiddleware>
7ffcd1ad3ae8      1         24 Microsoft.AspNetCore.Diagnostics.IExceptionHandler[]
7ffcd1ad4458      1         24 Microsoft.Extensions.Logging.Logger<Microsoft.AspNetCore.Diagnostics.ExceptionHandlerMiddleware>
7ffcd1ad5cc8      1         24 Microsoft.Extensions.Options.IPostConfigureOptions<Utility.Package.Models.Jwt>[]
7ffcd1ad4b80      1         24 Microsoft.Extensions.Options.IValidateOptions<Utility.Package.Models.Jwt>[]
7ffcd1ad5f38      1         24 Microsoft.Extensions.Logging.Logger<Utility.Package.Middlewares.DecryptAndBindingMiddleware>
7ffcd1ad6230      1         24 Microsoft.Extensions.Logging.Logger<Utility.Package.Middlewares.SprintConnectMiddleWareService>
7ffcd1adc868      1         24 Microsoft.Extensions.Options.IPostConfigureOptions<Microsoft.AspNetCore.Cors.Infrastructure.CorsOptions>[]
7ffcd1adb720      1         24 Microsoft.Extensions.Options.IValidateOptions<Microsoft.AspNetCore.Cors.Infrastructure.CorsOptions>[]
7ffcd12f3868      1         24 Microsoft.Extensions.Logging.Logger<Microsoft.AspNetCore.Cors.Infrastructure.CorsService>
7ffcd1adf4e8      1         24 Microsoft.Extensions.Logging.Logger<Microsoft.AspNetCore.Cors.Infrastructure.CorsMiddleware>
7ffcd1afb4b8      1         24 Microsoft.Extensions.Logging.Logger<HttpExtension.Extensions.HttpRequestExtension>
7ffcd1afe2f8      1         24 Microsoft.Extensions.Options.IPostConfigureOptions<EventBus.SprintEventBusSetting>[]
7ffcd1afd1b0      1         24 Microsoft.Extensions.Options.IValidateOptions<EventBus.SprintEventBusSetting>[]
7ffcd1affa20      1         24 Microsoft.Extensions.Options.IPostConfigureOptions<HttpExtension.SprintHttpCommonSetting>[]
7ffcd1afe8d8      1         24 Microsoft.Extensions.Options.IValidateOptions<HttpExtension.SprintHttpCommonSetting>[]
7ffcd1b12010      1         24 Microsoft.AspNetCore.Builder.StaticFileOptions+<>c
7ffcd1b125b0      1         24 Microsoft.AspNetCore.StaticFiles.FileExtensionContentTypeProvider
7ffcd1b12680      1         24 Microsoft.Extensions.Logging.Logger<Microsoft.AspNetCore.StaticFiles.StaticFileMiddleware>
7ffcd1b130e0      1         24 Microsoft.AspNetCore.Routing.Template.RouteTemplate+<>c
7ffcd1b13a40      1         24 Microsoft.AspNetCore.Routing.Template.TemplateSegment+<>c
7ffcd1b16f00      1         24 Microsoft.Extensions.Options.IConfigureOptions<Microsoft.AspNetCore.Builder.DeveloperExceptionPageOptions>[]
7ffcd1b16fc0      1         24 Microsoft.Extensions.Options.IPostConfigureOptions<Microsoft.AspNetCore.Builder.DeveloperExceptionPageOptions>[]
7ffcd1b15e78      1         24 Microsoft.Extensions.Options.IValidateOptions<Microsoft.AspNetCore.Builder.DeveloperExceptionPageOptions>[]
7ffcd1b18570      1         24 Microsoft.Extensions.Options.IConfigureOptions<Microsoft.AspNetCore.Http.Json.JsonOptions>[]
7ffcd1b18630      1         24 Microsoft.Extensions.Options.IPostConfigureOptions<Microsoft.AspNetCore.Http.Json.JsonOptions>[]
7ffcd1b174e8      1         24 Microsoft.Extensions.Options.IValidateOptions<Microsoft.AspNetCore.Http.Json.JsonOptions>[]
7ffcd1b154f0      1         24 Microsoft.AspNetCore.Http.Json.JsonOptions
7ffcd1b15738      1         24 Microsoft.AspNetCore.Diagnostics.IDeveloperPageExceptionFilter[]
7ffcd1b1bd30      1         24 Microsoft.Extensions.Logging.Logger<Microsoft.AspNetCore.Authorization.AuthorizationMiddleware>
7ffcd0c38e80      1         24 Microsoft.AspNetCore.Authorization.Policy.AuthorizationPolicyCache
7ffcd12f3148      1         24 Microsoft.AspNetCore.Authorization.Policy.AuthorizationPolicyCache+<>c
7ffcd1b1caa8      1         24 Microsoft.AspNetCore.Routing.RouteValueEqualityComparer
7ffcd1b1cbd8      1         24 System.GenericEmptyEnumerator<System.Collections.Generic.KeyValuePair<System.String, System.Object>>
7ffcd1b1cef0      1         24 Microsoft.AspNetCore.Routing.Patterns.RoutePattern+RequiredValueAnySentinal
7ffcd1b1d7c8      1         24 Microsoft.AspNetCore.Builder.EndpointBuilder+EmptyServiceProvider
7ffcd1b1f2a8      1         24 Microsoft.AspNetCore.Mvc.Routing.ActionEndpointFactory+<>c
7ffcd1b30258      1         24 System.Func<Microsoft.AspNetCore.Http.EndpointFilterFactoryContext, Microsoft.AspNetCore.Http.EndpointFilterDelegate, Microsoft.AspNetCore.Http.EndpointFilterDelegate>[]
7ffcd1b1ebf8      1         24 Microsoft.AspNetCore.Routing.SuppressMatchingMetadata
7ffcd1b1e6c8      1         24 Microsoft.AspNetCore.Routing.EndpointNameMetadata
7ffcd1b31548      1         24 System.Collections.Generic.ObjectEqualityComparer<Microsoft.AspNetCore.Http.Endpoint>
7ffcd1b32d18      1         24 Microsoft.Extensions.Options.IConfigureOptions<Microsoft.AspNetCore.Authentication.AuthenticationOptions>[]
7ffcd1b32dd8      1         24 Microsoft.Extensions.Options.IPostConfigureOptions<Microsoft.AspNetCore.Authentication.AuthenticationOptions>[]
7ffcd1b31c90      1         24 Microsoft.Extensions.Options.IValidateOptions<Microsoft.AspNetCore.Authentication.AuthenticationOptions>[]
7ffcd1b34808      1         24 Microsoft.AspNetCore.Authentication.AuthenticationSchemeBuilder[]
7ffcd1b357d0      1         24 Microsoft.Extensions.Logging.Logger<Microsoft.AspNetCore.HostFiltering.HostFilteringMiddleware>
7ffcd1b36fa8      1         24 Microsoft.Extensions.Options.IConfigureOptions<Microsoft.AspNetCore.HostFiltering.HostFilteringOptions>[]
7ffcd1b35f20      1         24 Microsoft.Extensions.Options.IValidateOptions<Microsoft.AspNetCore.HostFiltering.HostFilteringOptions>[]
7ffcd1b371e8      1         24 Microsoft.Extensions.Options.OptionsCache<Microsoft.AspNetCore.HostFiltering.HostFilteringOptions>
7ffcd1b380c0      1         24 Microsoft.Extensions.Options.OptionsMonitor<Microsoft.AspNetCore.HostFiltering.HostFilteringOptions>+<>c
7ffcd1b38318      1         24 Microsoft.Extensions.Options.OptionsCache<Microsoft.AspNetCore.HostFiltering.HostFilteringOptions>+<>c__3<Microsoft.Extensions.Options.IOptionsFactory<Microsoft.AspNetCore.HostFiltering.HostFilteringOptions>>
7ffcd1b3a9f8      1         24 Microsoft.Extensions.Options.OptionsMonitorExtensions+<>c__DisplayClass0_0<Microsoft.AspNetCore.HostFiltering.HostFilteringOptions>
7ffcd1b3ae18      1         24 Microsoft.Extensions.Logging.Logger<Microsoft.WebTools.BrowserLink.Net.BrowserLinkMiddleware>
7ffcd1b3cd88      1         24 Microsoft.Extensions.Logging.Logger<Microsoft.WebTools.BrowserLink.Net.VsContentMiddleware>
7ffcd1b3cef8      1         24 Microsoft.Extensions.Logging.Logger<Microsoft.AspNetCore.Watch.BrowserRefresh.BrowserRefreshMiddleware>
7ffcd1b47608      1         24 Microsoft.AspNetCore.Server.Kestrel.Core.Internal.EndpointConfig[]
7ffcd1b4a650      1         24 System.Func<Microsoft.AspNetCore.Connections.MultiplexedConnectionDelegate, Microsoft.AspNetCore.Connections.MultiplexedConnectionDelegate>[]
7ffcd1b4cb80      1         24 Microsoft.AspNetCore.Server.Kestrel.Core.ListenOptions+<>c
7ffcd1b50a58      1         24 Microsoft.AspNetCore.Connections.MemoryPoolOptions
7ffcd1b51ae8      1         24 Microsoft.AspNetCore.Server.Kestrel.Core.Internal.PinnedBlockMemoryPoolFactory+<>c
7ffcd1b52580      1         24 System.Buffers.ArrayMemoryPool<System.Byte>
7ffcd1b55d58      1         24 System.WeakReference<Microsoft.AspNetCore.Server.Kestrel.Core.KestrelServerOptions>
7ffcd1b5b530      1         24 System.Threading.CancellationTokenSource+CallbackNode+<>c
7ffcd1b728a0      1         24 Microsoft.WebTools.ApiEndpointDiscovery.Contracts.EndpointInfo[]
7ffcd1c6f8a0      1         24 Confluent.Kafka.ConsumerConfig
7ffcd1c7b2a0      1         24 Confluent.Kafka.Deserializers+Utf8Deserializer
7ffcd1c7b390      1         24 Confluent.Kafka.Deserializers+NullDeserializer
7ffcd1c7b480      1         24 Confluent.Kafka.Deserializers+IgnoreDeserializer
7ffcd1c7b570      1         24 Confluent.Kafka.Deserializers+Int64Deserializer
7ffcd1c7b660      1         24 Confluent.Kafka.Deserializers+Int32Deserializer
7ffcd1c7b750      1         24 Confluent.Kafka.Deserializers+SingleDeserializer
7ffcd1c7b840      1         24 Confluent.Kafka.Deserializers+DoubleDeserializer
7ffcd1c7b930      1         24 Confluent.Kafka.Deserializers+ByteArrayDeserializer
7ffcd1b730b0      1         24 Microsoft.AspNetCore.Mvc.ApiExplorer.ApiDescriptionGroupCollectionProvider+<>c
7ffcd1b73a70      1         24 System.Linq.Enumerable+EnumerableSorter<Microsoft.AspNetCore.Mvc.ApiExplorer.IApiDescriptionProvider>+<>c
7ffcd1b73c58      1         24 Microsoft.Extensions.Logging.Logger<Microsoft.AspNetCore.Mvc.ApiExplorer.ApiDescriptionGroupCollectionProvider>
7ffcd1b75748      1         24 Microsoft.AspNetCore.Mvc.ApiExplorer.DefaultApiDescriptionProvider+<>c
7ffcd1b79678      1         24 System.Collections.Generic.ObjectEqualityComparer<Microsoft.AspNetCore.Mvc.ApiExplorer.DefaultApiDescriptionProvider+PseudoModelBindingVisitor+PropertyKey>
7ffcd1b7c8c8      1         24 Microsoft.AspNetCore.Mvc.ApiExplorer.ApiResponseTypeProvider+<>c
7ffcd1b7e178      1         24 Microsoft.AspNetCore.Http.Metadata.IProducesResponseTypeMetadata[]
7ffcd1b81908      1         24 Microsoft.AspNetCore.Mvc.ApiExplorer.IApiRequestMetadataProvider[]
7ffcd1b7d260      1         24 Microsoft.AspNetCore.Mvc.ApiExplorer.IApiResponseMetadataProvider[]
7ffcd1b82c58      1         24 Microsoft.AspNetCore.Routing.IRouteConstraint[]
7ffcd1b88030      1         24 System.ComponentModel.Int64Converter
7ffcd1b904e0      1         24 System.ComponentModel.DataAnnotations.RequiredAttribute+<>c
7ffcd1b5f680      1         24 Microsoft.WebTools.ApiEndpointDiscovery.ApplicationEndpointWriter+<>c
7ffcd1b94860      1         24 Microsoft.WebTools.ApiEndpointDiscovery.Contracts.ReturnInfo[]
7ffcd1b93a50      1         24 Microsoft.WebTools.ApiEndpointDiscovery.Contracts.EndpointParameter[]
7ffcd1b974a8      1         24 System.Threading.AsyncLocal<System.Boolean>
7ffcd1b9ba18      1         24 System.Text.Json.JsonSerializerOptions+EqualityComparer
7ffcd1c10d00      1         24 System.Text.Json.Serialization.Metadata.ReflectionEmitMemberAccessor
7ffcd1c16db8      1         24 System.Text.Json.Serialization.Metadata.ReflectionEmitCachingMemberAccessor+Cache<System.ValueTuple<System.String, System.Type, System.Reflection.MemberInfo>>+<>c__6<System.Func<System.Object>>
7ffcd1c634b0      1         24 System.Linq.Enumerable+EnumerableSorter<Microsoft.WebTools.ApiEndpointDiscovery.Contracts.EndpointInfo>+<>c
7ffcd1c669b8      1         24 System.IO.RandomAccess+<>c
7ffcd130a558      1         24 System.Threading.Tasks.Task[]
7ffcd1c72ab8      1         24 Microsoft.Extensions.Hosting.HostingAbstractionsHostExtensions+<>c
7ffcd1c72c78      1         24 System.Threading.Tasks.Task+DelayPromiseWithCancellation+<>c
7ffcd1d93c78      1         24 System.Threading.AsyncLocal<Serilog.Context.EnricherStack>
7ffcd1c7c570      1         24 Confluent.Kafka.Consumer<Confluent.Kafka.Ignore, System.String>+<>c
7ffcd1c7d880      1         24 Confluent.Kafka.Impl.SafeKafkaHandle+<>c
7ffcd1c7e630      1         24 Microsoft.Extensions.Options.IPostConfigureOptions<Swashbuckle.AspNetCore.SwaggerGen.SwaggerGenOptions>[]
7ffcd1c7ce40      1         24 Microsoft.Extensions.Options.IValidateOptions<Swashbuckle.AspNetCore.SwaggerGen.SwaggerGenOptions>[]
7ffcd1c87108      1         24 Microsoft.OpenApi.Models.OpenApiServer[]
7ffcd1c871c8      1         24 Microsoft.OpenApi.Models.OpenApiSecurityRequirement[]
7ffcd1c87288      1         24 Swashbuckle.AspNetCore.SwaggerGen.IParameterFilter[]
7ffcd1c87348      1         24 Swashbuckle.AspNetCore.SwaggerGen.IRequestBodyFilter[]
7ffcd1c87408      1         24 Swashbuckle.AspNetCore.SwaggerGen.IOperationFilter[]
7ffcd1c874c8      1         24 Swashbuckle.AspNetCore.SwaggerGen.IDocumentFilter[]
7ffcd1c891e8      1         24 Swashbuckle.AspNetCore.SwaggerGen.ISchemaFilter[]
7ffcd1c892a8      1         24 Swashbuckle.AspNetCore.SwaggerGen.FilterDescriptor[]
7ffcd1c7b190      1         24 Microsoft.Extensions.Options.IPostConfigureOptions<Swashbuckle.AspNetCore.SwaggerGen.SwaggerGeneratorOptions>[]
7ffcd1c79fb8      1         24 Microsoft.Extensions.Options.IValidateOptions<Swashbuckle.AspNetCore.SwaggerGen.SwaggerGeneratorOptions>[]
7ffcd1485638      1         24 Microsoft.Extensions.Options.IConfigureOptions<Swashbuckle.AspNetCore.Swagger.SwaggerOptions>[]
7ffcd14856f8      1         24 Microsoft.Extensions.Options.IPostConfigureOptions<Swashbuckle.AspNetCore.Swagger.SwaggerOptions>[]
7ffcd14845b0      1         24 Microsoft.Extensions.Options.IValidateOptions<Swashbuckle.AspNetCore.Swagger.SwaggerOptions>[]
7ffcd1c8c310      1         24 Microsoft.Extensions.Options.IPostConfigureOptions<Swashbuckle.AspNetCore.SwaggerGen.SchemaGeneratorOptions>[]
7ffcd1c8b1c8      1         24 Microsoft.Extensions.Options.IValidateOptions<Swashbuckle.AspNetCore.SwaggerGen.SchemaGeneratorOptions>[]
7ffcd1c8c708      1         24 System.Collections.Generic.Dictionary<System.String, Microsoft.OpenApi.Models.OpenApiInfo>+KeyCollection
7ffcd1638c20      1         24 Swashbuckle.AspNetCore.SwaggerGen.SwaggerGenerator+<>c
7ffcd1ca4b38      1         24 Microsoft.OpenApi.Models.OpenApiTag[]
7ffcd1ca71b8      1         24 System.Buffers.SharedArrayPool<Microsoft.AspNetCore.Mvc.ApiExplorer.ApiDescription>+<>c
7ffcd1ca7430      1         24 System.Linq.Enumerable+EnumerableSorter<Microsoft.AspNetCore.Mvc.ApiExplorer.ApiDescription>+<>c
7ffcd1639250      1         24 Swashbuckle.AspNetCore.SwaggerGen.SwaggerGeneratorOptions+<>c
7ffcd1caa478      1         24 Microsoft.OpenApi.Models.OpenApiParameter[]
7ffcd1cafb08      1         24 System.Collections.Generic.GenericEqualityComparer<Microsoft.AspNetCore.Mvc.ModelBinding.BindingSource>
7ffcd1638568      1         24 Swashbuckle.AspNetCore.SwaggerGen.ApiParameterDescriptionExtensions+<>c
7ffcd16376b8      1         24 Swashbuckle.AspNetCore.SwaggerGen.JsonSerializerDataContractResolver+<>c
7ffcd1cdfad0      1         24 Swashbuckle.AspNetCore.SwaggerGen.DataProperty[]
7ffcd1cf6db8      1         24 System.Collections.Generic.GenericEqualityComparer<System.Text.RegularExpressions.RegexCache+Key>
7ffcd1637ab8      1         24 Swashbuckle.AspNetCore.SwaggerGen.SchemaGenerator+<>c
7ffcd1cff820      1         24 System.ComponentModel.DataAnnotations.MaxLengthAttribute+<>c
7ffcd1d261f0      1         24 System.Collections.Generic.GenericArraySortHelper<System.UInt32>
7ffcd1d30f30      1         24 System.Collections.Generic.GenericArraySortHelper<System.UInt32, System.String>
7ffcd1d37a78      1         24 System.Text.Json.Reflection.ReflectionExtensions+<>c
7ffcd1d48430      1         24 Microsoft.OpenApi.Writers.Scope[]
7ffcd1d49d38      1         24 Microsoft.OpenApi.Models.OpenApiDocument+<>c
7ffcd1d4c5b8      1         24 Microsoft.OpenApi.Models.OpenApiInfo+<>c
7ffcd1d4d488      1         24 System.GenericEmptyEnumerator<System.Collections.Generic.KeyValuePair<System.String, Microsoft.OpenApi.Interfaces.IOpenApiExtension>>
7ffcd1d4ead0      1         24 Microsoft.OpenApi.Models.OpenApiExtensibleDictionary<Microsoft.OpenApi.Models.OpenApiPathItem>+<>c
7ffcd1d61e68      1         24 System.Reflection.RuntimeEventInfo[]
7ffcd1d4f1a8      1         24 Microsoft.OpenApi.Models.OpenApiPathItem+<>c
7ffcd1d63fb8      1         24 Microsoft.OpenApi.Models.OpenApiOperation+<>c
7ffcd1d65c98      1         24 Microsoft.OpenApi.Models.OpenApiParameter+<>c
7ffcd1d66f98      1         24 Microsoft.OpenApi.Models.OpenApiSchema+<>c
7ffcd1d68b30      1         24 Microsoft.OpenApi.Models.OpenApiExtensibleDictionary<Microsoft.OpenApi.Models.OpenApiResponse>+<>c
7ffcd1d68fe8      1         24 Microsoft.OpenApi.Models.OpenApiResponse+<>c
7ffcd1d69870      1         24 Microsoft.OpenApi.Models.OpenApiRequestBody+<>c
7ffcd1d6bea0      1         24 Microsoft.OpenApi.Models.OpenApiMediaType+<>c
7ffcd1d6c678      1         24 Microsoft.OpenApi.Models.OpenApiComponents+<>c
7ffcd1d8d6b8      1         24 Microsoft.AspNetCore.Server.Kestrel.Transport.Sockets.Internal.SocketConnection+<>c
7ffcd1d92100      1         24 Microsoft.AspNetCore.Connections.CorrelationIdGenerator+<>c
7ffcd1d8e8c0      1         24 System.IO.Pipelines.Pipe+<>c
7ffcd1ec4718      1         24 Microsoft.AspNetCore.Server.Kestrel.Transport.Sockets.Internal.SocketAwaitableEventArgs+<>c
7ffcd1ec8270      1         24 Microsoft.AspNetCore.Server.Kestrel.Core.Internal.Infrastructure.StringUtilities+<>c
7ffcd1ec9e58      1         24 Microsoft.AspNetCore.Server.Kestrel.Core.Internal.Infrastructure.HttpUtilities+<>c
7ffcd1ed66e0      1         24 System.Threading.AsyncLocal<Microsoft.AspNetCore.Http.HttpContextAccessor+HttpContextHolder>
7ffcd1ed7c68      1         24 Microsoft.AspNetCore.Http.DefaultHttpRequest+<>c
7ffcd1ed8fe8      1         24 Microsoft.AspNetCore.Hosting.HostingApplicationDiagnostics+<>c
7ffcd1eda7c8      1         24 System.HexConverter+<>c
7ffcd1ef4ef8      1         24 Microsoft.AspNetCore.Http.DefaultHttpContext+<>c
7ffcd1efb8b8      1         24 Microsoft.Net.Http.Headers.NameValueHeaderValue[]
7ffcd1efb978      1         24 System.Collections.ObjectModel.ReadOnlyCollection<Microsoft.Net.Http.Headers.NameValueHeaderValue>
7ffcd1efc1c8      1         24 Microsoft.AspNetCore.Http.DefaultHttpResponse+<>c
7ffcd1f73430      1         24 System.Net.NameResolutionPal+GetAddrInfoExState+<>c
7ffcd1f7c968      1         24 System.Net.Http.HttpConnection+<>c
7ffcd1f802b8      1         24 System.Net.Http.DiagnosticsHelper+<>c
7ffcd1f204c8      1         24 System.WeakReference<System.Net.Http.HttpConnectionPoolManager>
7ffcd1f24fd8      1         24 System.Net.Http.HttpConnectionPoolManager+<>c
7ffcd1f25760      1         24 System.Net.Http.HttpClient+<>c
7ffcd1f29e68      1         24 System.Collections.Generic.GenericEqualityComparer<System.Uri>
7ffcd05a5688      1         24 System.Threading.EventWaitHandle
7ffcd1f4d628      1         24 System.Threading.Tasks.TaskCompletionSourceWithCancellation<System.Net.Http.HttpConnection>+<>c
7ffcd1f827c0      1         24 System.Net.Http.HttpContent+<>c
7ffcd1f868e0      1         24 Microsoft.AspNetCore.Http.HttpResponse+<>c
7ffcd1f890e0      1         24 Microsoft.AspNetCore.Authorization.AuthorizationPolicy[]
7ffcd1f89d68      1         24 Microsoft.AspNetCore.Authorization.IAuthorizationRequirementData[]
7ffcd1f8e420      1         24 System.Text.Json.Serialization.Metadata.JsonTypeInfo<Swashbuckle.AspNetCore.SwaggerUI.ConfigObject>+<>c__DisplayClass37_0
7ffcd1fb1488      1         24 System.Text.Json.Serialization.Metadata.ReflectionEmitCachingMemberAccessor+Cache<System.ValueTuple<System.String, System.Type, System.Reflection.MemberInfo>>+<>c__6<System.Func<System.Object, Swashbuckle.AspNetCore.SwaggerUI.ModelRendering>>
7ffcd1fb2f40      1         24 System.Text.Json.Serialization.Metadata.JsonPropertyInfo<Swashbuckle.AspNetCore.SwaggerUI.ModelRendering>+<>c__DisplayClass10_0
7ffcd1fb4c98      1         24 System.Text.Json.Serialization.Metadata.ReflectionEmitCachingMemberAccessor+Cache<System.ValueTuple<System.String, System.Type, System.Reflection.MemberInfo>>+<>c__6<System.Func<System.Object, Swashbuckle.AspNetCore.SwaggerUI.DocExpansion>>
7ffcd1fb5038      1         24 System.Text.Json.Serialization.Metadata.JsonPropertyInfo<Swashbuckle.AspNetCore.SwaggerUI.DocExpansion>+<>c__DisplayClass9_0
7ffcd1fb5440      1         24 System.Text.Json.Serialization.Metadata.ReflectionEmitCachingMemberAccessor+Cache<System.ValueTuple<System.String, System.Type, System.Reflection.MemberInfo>>+<>c__6<System.Action<System.Object, Swashbuckle.AspNetCore.SwaggerUI.DocExpansion>>
7ffcd1fb57e0      1         24 System.Text.Json.Serialization.Metadata.JsonPropertyInfo<Swashbuckle.AspNetCore.SwaggerUI.DocExpansion>+<>c__DisplayClass10_0
7ffcd1fb8890      1         24 System.Text.Json.Serialization.Metadata.ReflectionEmitCachingMemberAccessor+Cache<System.ValueTuple<System.String, System.Type, System.Reflection.MemberInfo>>+<>c__6<System.Func<System.Object, System.Nullable<System.Int32>>>
7ffcd1fb8c30      1         24 System.Text.Json.Serialization.Metadata.JsonPropertyInfo<System.Nullable<System.Int32>>+<>c__DisplayClass9_0
7ffcd1fb9038      1         24 System.Text.Json.Serialization.Metadata.ReflectionEmitCachingMemberAccessor+Cache<System.ValueTuple<System.String, System.Type, System.Reflection.MemberInfo>>+<>c__6<System.Action<System.Object, System.Nullable<System.Int32>>>
7ffcd1fb93d8      1         24 System.Text.Json.Serialization.Metadata.JsonPropertyInfo<System.Nullable<System.Int32>>+<>c__DisplayClass10_0
7ffcd1fb9f40      1         24 System.Text.Json.Serialization.Metadata.ReflectionEmitCachingMemberAccessor+Cache<System.ValueTuple<System.String, System.Type, System.Reflection.MemberInfo>>+<>c__6<System.Func<System.Object, System.Collections.Generic.IEnumerable<Swashbuckle.AspNetCore.SwaggerUI.SubmitMethod>>>
7ffcd1fbaaa0      1         24 System.Text.Json.Serialization.Metadata.JsonPropertyInfo<System.Collections.Generic.IEnumerable<Swashbuckle.AspNetCore.SwaggerUI.SubmitMethod>>+<>c__DisplayClass10_0
7ffcd1fbbc58      1         24 System.Text.Json.Serialization.Metadata.JsonPropertyInfo<System.Collections.Generic.Dictionary<System.String, System.Object>>+<>c__DisplayClass10_0
7ffcd1fbd588      1         24 System.Text.Json.Serialization.Metadata.JsonTypeInfo<Swashbuckle.AspNetCore.SwaggerUI.UrlDescriptor>+<>c__DisplayClass37_0
7ffcd1fbdbf8      1         24 System.Collections.Generic.GenericEqualityComparer<System.ValueTuple<System.String, System.Type, System.Reflection.MemberInfo>>
7ffcd1fcf4b0      1         24 System.Text.Json.Serialization.Metadata.JsonTypeInfo<System.Collections.Generic.Dictionary<System.String, System.Object>>+<>c__DisplayClass37_0
7ffcd1fd0530      1         24 System.Collections.Generic.GenericEqualityComparer<System.UInt64>
7ffcd1fd3058      1         24 System.Text.Json.Serialization.Metadata.JsonTypeInfo<Swashbuckle.AspNetCore.SwaggerUI.OAuthConfigObject>+<>c__DisplayClass37_0
7ffcd1fd5450      1         24 System.Text.Json.Serialization.Metadata.ReflectionEmitCachingMemberAccessor+Cache<System.ValueTuple<System.String, System.Type, System.Reflection.MemberInfo>>+<>c__6<System.Func<System.Object, System.Collections.Generic.IEnumerable<System.String>>>
7ffcd1fd5fb0      1         24 System.Text.Json.Serialization.Metadata.JsonPropertyInfo<System.Collections.Generic.IEnumerable<System.String>>+<>c__DisplayClass10_0
7ffcd1fd6608      1         24 System.Text.Json.Serialization.Metadata.ReflectionEmitCachingMemberAccessor+Cache<System.ValueTuple<System.String, System.Type, System.Reflection.MemberInfo>>+<>c__6<System.Func<System.Object, System.Collections.Generic.Dictionary<System.String, System.String>>>
7ffcd1fd7168      1         24 System.Text.Json.Serialization.Metadata.JsonPropertyInfo<System.Collections.Generic.Dictionary<System.String, System.String>>+<>c__DisplayClass10_0
7ffcd25a3888      1         24 System.Buffers.SharedArrayPool<System.Net.Http.HttpConnection>+<>c
7ffcd25a8768      1         24 System.Net.Http.HttpConnectionBase[]
7ffcd25a8958      1         24 System.Net.Http.HttpConnectionPool+<>c
7ffcd25ad338      1         24 Microsoft.AspNetCore.Internal.AspNetCoreTempDirectory+<>c
7ffcd0cb4088      1         24 Order.API.MappingProfiles.SubOrderMappingProfile+<>c
7ffcd0cb41f8      1         24 Order.API.MappingProfiles.RoleChannelMapping.CreateRoleChannelMappingProfile+<>c
7ffcd0cb43c8      1         24 Order.API.MappingProfiles.Order.GetOrderDeliveryNoteByPackingIdProfile+<>c
7ffcd0cb4598      1         24 Order.API.MappingProfiles.Order.GetOrderDeliveryNoteProfile+<>c
7ffcd0cb7060      1         24 Order.API.MappingProfiles.OrderFront.CreateOrderFrontManualProfile+<>c
7ffcd29e5860      1         24 System.Linq.Expressions.Expression+<>c
7ffcd190d8b0      1         24 System.Collections.ObjectModel.ReadOnlyCollection<System.Linq.Expressions.MemberBinding>
7ffcd0cb9648      1         24 Order.API.MappingProfiles.OrderFront.CreateOrderFrontProfile+<>c
7ffcd0cb9938      1         24 Order.API.MappingProfiles.OrderFront.OrderFrontMappingProfile+<>c
7ffcd2a3b788      1         24 AutoMapper.Internal.MemberPath
7ffcd0cbaa80      1         24 Order.API.MappingProfiles.OrderFront.UpdateOrderFrontProfile+<>c
7ffcd0cbb370      1         24 Order.API.MappingProfiles.OrderFront.UpdateSubOrderFrontProfile+<>c
7ffcd0cbb600      1         24 Order.API.MappingProfiles.CompanyBuMapping.GetCompanyBuMappingByIdProfile+<>c
7ffcd0cbb860      1         24 Order.API.MappingProfiles.CompanyBuMapping.GetCompanyBuMappingProfile+<>c
7ffcd0cbbac0      1         24 Order.API.MappingProfiles.CompanyBuMapping.GetCompanyBuMappingsQueryProfile+<>c
7ffcd25db4b8      1         24 Microsoft.Extensions.Logging.Logger<Utility.Package.Middlewares.BodySignatureMiddleware>
7ffcd2630530      1         24 System.Collections.Generic.ObjectEqualityComparer<Microsoft.AspNetCore.Mvc.Abstractions.ActionDescriptor>
7ffcd25dd2a8      1         24 Microsoft.AspNetCore.Routing.UriBuilderContextPooledObjectPolicy
7ffcd25dfac8      1         24 Microsoft.AspNetCore.Routing.Tree.InboundRouteEntry[]
7ffcd25dfb88      1         24 Microsoft.AspNetCore.Routing.Tree.OutboundRouteEntry[]
7ffcd25dfd88      1         24 System.Text.Encodings.Web.DefaultUrlEncoder
7ffcd2600000      1         24 System.Text.Encodings.Web.DefaultUrlEncoder+EscaperImplementation
7ffcd2600110      1         24 Microsoft.Extensions.Logging.Logger<Microsoft.AspNetCore.Routing.Tree.TreeRouter>
7ffcd2601830      1         24 Microsoft.AspNetCore.Mvc.Routing.AttributeRoute+RouteInfo[]
7ffcd2601a20      1         24 Microsoft.AspNetCore.Mvc.Routing.AttributeRoute+<>c
7ffcd26022b8      1         24 Microsoft.AspNetCore.Mvc.Routing.AttributeRoute+NullRouter
7ffcd2603fb0      1         24 Microsoft.AspNetCore.Mvc.Routing.AttributeRoute+RouteInfoEqualityComparer
7ffcd2607fe0      1         24 Microsoft.AspNetCore.Routing.Tree.UrlMatchingTree+<>c
7ffcd26088a0      1         24 Microsoft.AspNetCore.Routing.Tree.TreeRouteBuilder+<>c
7ffcd260b7e8      1         24 System.ValueTuple<System.String, Microsoft.AspNetCore.Routing.IRouteConstraint>[]
7ffcd260bad0      1         24 System.ValueTuple<System.String, Microsoft.AspNetCore.Routing.IOutboundParameterTransformer>[]
7ffcd26201e0      1         24 System.Collections.Generic.ObjectEqualityComparer<Microsoft.AspNetCore.Routing.DecisionTree.ItemDescriptor<Microsoft.AspNetCore.Routing.Tree.OutboundMatch>>
7ffcd2624da0      1         24 System.Collections.Generic.ObjectEqualityComparer<Microsoft.AspNetCore.Routing.DecisionTree.DecisionCriterionValue>
7ffcd260cf68      1         24 Microsoft.AspNetCore.Routing.DecisionTree.ItemDescriptor<Microsoft.AspNetCore.Routing.Tree.OutboundMatch>[]
7ffcd2627660      1         24 Microsoft.AspNetCore.Routing.DecisionTree.DecisionTreeBuilder<Microsoft.AspNetCore.Routing.Tree.OutboundMatch>+<>c
7ffcd2629258      1         24 System.Linq.Enumerable+EnumerableSorter<System.Collections.Generic.KeyValuePair<System.String, Microsoft.AspNetCore.Routing.DecisionTree.DecisionTreeBuilder<Microsoft.AspNetCore.Routing.Tree.OutboundMatch>+Criterion>>+<>c
7ffcd26287f8      1         24 System.Collections.Generic.KeyValuePair<System.String, Microsoft.AspNetCore.Routing.DecisionTree.DecisionTreeBuilder<Microsoft.AspNetCore.Routing.Tree.OutboundMatch>+Criterion>[]
7ffcd26340f8      1         24 Microsoft.AspNetCore.Mvc.Filters.FilterFactory+<>c
7ffcd0e05f38      1         24 Microsoft.AspNetCore.Mvc.ViewFeatures.Filters.SaveTempDataFilter
7ffcd2636130      1         24 Microsoft.Extensions.Options.IConfigureOptions<Microsoft.AspNetCore.Http.ProblemDetailsOptions>[]
7ffcd26361f0      1         24 Microsoft.Extensions.Options.IPostConfigureOptions<Microsoft.AspNetCore.Http.ProblemDetailsOptions>[]
7ffcd2635090      1         24 Microsoft.Extensions.Options.IValidateOptions<Microsoft.AspNetCore.Http.ProblemDetailsOptions>[]
7ffcd11d1b30      1         24 Microsoft.AspNetCore.Http.ProblemDetailsOptions
7ffcd0b6b368      1         24 Microsoft.AspNetCore.Mvc.Infrastructure.ProblemDetailsClientErrorFactory
7ffcd2634a28      1         24 Microsoft.Extensions.Logging.Logger<Microsoft.AspNetCore.Mvc.Infrastructure.ClientErrorResultFilter>
7ffcd263a558      1         24 System.Collections.Generic.GenericEqualityComparer<System.Linq.Expressions.Compiler.BoundConstants+TypedConstant>
7ffcd263b3f8      1         24 Microsoft.AspNetCore.Mvc.Controllers.ControllerActivatorProvider+<>c__DisplayClass7_0
7ffcd263cdb0      1         24 Microsoft.AspNetCore.Mvc.Controllers.DefaultControllerPropertyActivator+<>c__DisplayClass4_0
7ffcd263d228      1         24 Microsoft.AspNetCore.Mvc.Controllers.DefaultControllerPropertyActivator+<>c
7ffcd263d9b0      1         24 Microsoft.Extensions.Internal.PropertyActivator<Microsoft.AspNetCore.Mvc.ControllerContext>+<>c
7ffcd263e9b0      1         24 Microsoft.AspNetCore.Mvc.ViewFeatures.ViewDataDictionaryControllerPropertyActivator+<>c__DisplayClass7_0
7ffcd12cba28      1         24 System.Collections.Generic.GenericEqualityComparer<Microsoft.AspNetCore.Mvc.ModelBinding.ModelBinderFactory+Key>
7ffcd2643818      1         24 Microsoft.AspNetCore.Mvc.Infrastructure.ActionMethodExecutor+VoidResultExecutor
7ffcd2643960      1         24 Microsoft.AspNetCore.Mvc.Infrastructure.ActionMethodExecutor+SyncActionResultExecutor
7ffcd2643aa8      1         24 Microsoft.AspNetCore.Mvc.Infrastructure.ActionMethodExecutor+SyncObjectResultExecutor
7ffcd2643bf0      1         24 Microsoft.AspNetCore.Mvc.Infrastructure.ActionMethodExecutor+TaskResultExecutor
7ffcd2643d38      1         24 Microsoft.AspNetCore.Mvc.Infrastructure.ActionMethodExecutor+AwaitableResultExecutor
7ffcd2643e80      1         24 Microsoft.AspNetCore.Mvc.Infrastructure.ActionMethodExecutor+TaskOfIActionResultExecutor
7ffcd2643fc8      1         24 Microsoft.AspNetCore.Mvc.Infrastructure.ActionMethodExecutor+TaskOfActionResultExecutor
7ffcd2644110      1         24 Microsoft.AspNetCore.Mvc.Infrastructure.ActionMethodExecutor+AwaitableObjectResultExecutor
7ffcd26436d8      1         24 Microsoft.AspNetCore.Mvc.EmptyResult
7ffcd26467f0      1         24 Microsoft.AspNetCore.Mvc.ViewFeatures.Filters.SaveTempDataFilter+<>c
7ffcd26498e0      1         24 Microsoft.EntityFrameworkCore.Internal.TypeFullNameComparer
7ffcd26617f0      1         24 System.Collections.Generic.ObjectComparer<System.Type>
7ffcd2661d00      1         24 System.Collections.Generic.GenericEqualityComparer<System.ValueTuple<Microsoft.EntityFrameworkCore.Infrastructure.IDbContextOptionsExtension, System.Int32>>
7ffcd2664530      1         24 System.Collections.Generic.KeyValuePair<System.Type, System.ValueTuple<Microsoft.EntityFrameworkCore.Infrastructure.IDbContextOptionsExtension, System.Int32>>[]
7ffcd264cfa0      1         24 Microsoft.EntityFrameworkCore.DbContextOptions+<>c
7ffcd266e1a8      1         24 System.GenericEmptyEnumerator<System.Collections.Generic.KeyValuePair<System.Type, Microsoft.EntityFrameworkCore.Infrastructure.IDbContextOptionsExtension>>
7ffcd2683098      1         24 System.Collections.Generic.GenericEqualityComparer<System.ValueTuple<System.Nullable<Microsoft.EntityFrameworkCore.WarningBehavior>, System.Nullable<Microsoft.Extensions.Logging.LogLevel>>>
7ffcd26e3520      1         24 System.Collections.Generic.ObjectEqualityComparer<Microsoft.EntityFrameworkCore.Infrastructure.IDbContextOptionsExtension>
7ffcd26e7b98      1         24 Microsoft.EntityFrameworkCore.Internal.ServiceProviderCache
7ffcd26e8f68      1         24 System.Collections.Generic.ObjectEqualityComparer<Microsoft.EntityFrameworkCore.Infrastructure.IDbContextOptions>
7ffcd26e93e8      1         24 Microsoft.EntityFrameworkCore.Internal.ServiceProviderCache+<>c
7ffcd2714558      1         24 System.Collections.Immutable.ImmutableSortedDictionary<System.Type, System.ValueTuple<Microsoft.EntityFrameworkCore.Infrastructure.IDbContextOptionsExtension, System.Int32>>+Node+<>c
7ffcd271f610      1         24 System.Linq.Enumerable+EnumerableSorter<System.ValueTuple<Microsoft.EntityFrameworkCore.Infrastructure.IDbContextOptionsExtension, System.Int32>>+<>c
7ffcd2731000      1         24 System.Collections.Generic.ObjectComparer<System.Collections.Generic.Dictionary<System.String, System.String>+KeyCollection>
7ffcd2731d08      1         24 System.Linq.Enumerable+EnumerableSorter<System.Collections.Generic.KeyValuePair<System.String, System.String>>+<>c
7ffcd2734920      1         24 Microsoft.Extensions.DependencyInjection.SqlServerServiceCollectionExtensions+<>c
7ffcd2779020      1         24 Microsoft.EntityFrameworkCore.Infrastructure.EntityFrameworkRelationalServicesBuilder+<>c
7ffcd278b5d0      1         24 Microsoft.EntityFrameworkCore.Infrastructure.EntityFrameworkServicesBuilder+<>c
7ffcd27adf10      1         24 Microsoft.EntityFrameworkCore.Internal.RegisteredServices
7ffcd0a519f0      1         24 Microsoft.Extensions.DependencyInjection.ServiceProviderOptions
7ffcd27beb80      1         24 System.Collections.Generic.GenericEqualityComparer<Microsoft.Extensions.DependencyInjection.ServiceLookup.ServiceIdentifier>
7ffcd27bf990      1         24 System.WeakReference<Microsoft.Extensions.DependencyInjection.ServiceProvider>
7ffcd27c2798      1         24 Microsoft.Extensions.DependencyInjection.ServiceLookup.CallSiteFactory+<>c
7ffcd27c5248      1         24 Microsoft.Extensions.DependencyInjection.ServiceLookup.CallSiteRuntimeResolver
7ffcd27c7fc8      1         24 Microsoft.Extensions.DependencyInjection.KeyedService+AnyKeyObj
7ffcd27c8dd8      1         24 System.Collections.Generic.GenericEqualityComparer<Microsoft.Extensions.DependencyInjection.ServiceLookup.ServiceCacheKey>
7ffcd27ccdd8      1         24 Microsoft.EntityFrameworkCore.Diagnostics.Internal.CoreResources+<>c
7ffcd278a5a0      1         24 Microsoft.EntityFrameworkCore.Infrastructure.Internal.DbSetFinder
7ffcd278a9b0      1         24 Microsoft.EntityFrameworkCore.Internal.DbSetSource
7ffcd27d1480      1         24 Microsoft.EntityFrameworkCore.Metadata.Internal.ClrPropertySetterFactory
7ffcd27d1778      1         24 Microsoft.EntityFrameworkCore.Infrastructure.Internal.DbSetFinder+<>c
7ffcd31a36b8      1         24 Microsoft.EntityFrameworkCore.Metadata.Conventions.SqlServerMemoryOptimizedTablesConvention+<>c
7ffcd322bb38      1         24 System.Collections.Generic.ObjectEqualityComparer<Microsoft.EntityFrameworkCore.Metadata.Internal.Index>
7ffcd10ea9f0      1         24 Order.Infrastructure.OrderContext+<>c
7ffcd28ed9d8      1         24 System.Buffers.SharedArrayPool<Microsoft.EntityFrameworkCore.Infrastructure.DbSetProperty>+<>c
7ffcd27cfd18      1         24 Microsoft.EntityFrameworkCore.Internal.DbSetInitializer+<>c
7ffcd28f0d70      1         24 Microsoft.EntityFrameworkCore.Internal.DbSetSource+<>c
7ffcd28f1b08      1         24 Microsoft.EntityFrameworkCore.Internal.DbSetSource+<>c__5<Order.Infrastructure.Entities.Setting.AllowedStatusModel>
7ffcd28f5738      1         24 Microsoft.EntityFrameworkCore.Internal.DbSetSource+<>c__5<Order.Infrastructure.Entities.Setting.BackGroudSeviceModel>
7ffcd28f5ae0      1         24 Microsoft.EntityFrameworkCore.Internal.DbSetSource+<>c__5<Order.Infrastructure.Entities.StoreLocation.BuModel>
7ffcd28f5e88      1         24 Microsoft.EntityFrameworkCore.Internal.DbSetSource+<>c__5<Order.Infrastructure.Entities.EmailMaster.EmailMasterModel>
7ffcd28f6240      1         24 Microsoft.EntityFrameworkCore.Internal.DbSetSource+<>c__5<Order.Infrastructure.Entities.EmailMaster.EmailRecipientModel>
7ffcd28f65e8      1         24 Microsoft.EntityFrameworkCore.Internal.DbSetSource+<>c__5<Order.Infrastructure.Entities.MessageLog.ExternalLogModel>
7ffcd28f6990      1         24 Microsoft.EntityFrameworkCore.Internal.DbSetSource+<>c__5<Order.Infrastructure.Entities.SettingModel.FunctionModel>
7ffcd28f6d38      1         24 Microsoft.EntityFrameworkCore.Internal.DbSetSource+<>c__5<Order.Infrastructure.Entities.MessageLog.HttpLogModel>
7ffcd28f70e0      1         24 Microsoft.EntityFrameworkCore.Internal.DbSetSource+<>c__5<Order.Infrastructure.Entities.Log.InternalLog>
7ffcd28f7988      1         24 Microsoft.EntityFrameworkCore.Internal.DbSetSource+<>c__5<Order.Infrastructure.Entities.OrderItemInformation.OrderItemOtherInfoModel>
7ffcd28f7d30      1         24 Microsoft.EntityFrameworkCore.Internal.DbSetSource+<>c__5<Order.Infrastructure.Entities.MessageLog.MessageLogsModel>
7ffcd28f80d8      1         24 Microsoft.EntityFrameworkCore.Internal.DbSetSource+<>c__5<Order.Infrastructure.Entities.OrderModels.OrderModel>
7ffcd28f8480      1         24 Microsoft.EntityFrameworkCore.Internal.DbSetSource+<>c__5<Order.Infrastructure.Entities.OrderModels.OrderAddressModel>
7ffcd28f8828      1         24 Microsoft.EntityFrameworkCore.Internal.DbSetSource+<>c__5<Order.Infrastructure.Entities.OrderModels.OrderCustomerModel>
7ffcd28f8bd0      1         24 Microsoft.EntityFrameworkCore.Internal.DbSetSource+<>c__5<Order.Infrastructure.Entities.OrderModels.OrderFeeAmountModel>
7ffcd28f8f78      1         24 Microsoft.EntityFrameworkCore.Internal.DbSetSource+<>c__5<Order.Infrastructure.Entities.OrderModels.OrderFeeAmountDtlModel>
7ffcd28f9320      1         24 Microsoft.EntityFrameworkCore.Internal.DbSetSource+<>c__5<Order.Infrastructure.Entities.OrderModels.OrderFeeModel>
7ffcd28f96c8      1         24 Microsoft.EntityFrameworkCore.Internal.DbSetSource+<>c__5<Order.Infrastructure.Entities.OrderModels.OrderFeePaymentModel>
7ffcd28f9a70      1         24 Microsoft.EntityFrameworkCore.Internal.DbSetSource+<>c__5<Order.Infrastructure.Entities.OrderModels.OrderFeeTaxModel>
7ffcd28f9e18      1         24 Microsoft.EntityFrameworkCore.Internal.DbSetSource+<>c__5<Order.Infrastructure.Entities.OrderModels.OrderItemModel>
7ffcd28fa1c0      1         24 Microsoft.EntityFrameworkCore.Internal.DbSetSource+<>c__5<Order.Infrastructure.Entities.OrderModels.OrderItemAmountModel>
7ffcd28fa568      1         24 Microsoft.EntityFrameworkCore.Internal.DbSetSource+<>c__5<Order.Infrastructure.Entities.OrderModels.OrderItemAmountDtlModel>
7ffcd28fa910      1         24 Microsoft.EntityFrameworkCore.Internal.DbSetSource+<>c__5<Order.Infrastructure.Entities.OrderModels.OrderItemBarcodeModel>
7ffcd28facb8      1         24 Microsoft.EntityFrameworkCore.Internal.DbSetSource+<>c__5<Order.Infrastructure.Entities.OrderModels.OrderItemDeliveryWindowModel>
7ffcd28fb060      1         24 Microsoft.EntityFrameworkCore.Internal.DbSetSource+<>c__5<Order.Infrastructure.Entities.OrderModels.OrderItemFulFillmentModel>
7ffcd28fb408      1         24 Microsoft.EntityFrameworkCore.Internal.DbSetSource+<>c__5<Order.Infrastructure.Entities.OrderModels.OrderItemFulFillmentServiceTypeModel>
7ffcd28fb7b0      1         24 Microsoft.EntityFrameworkCore.Internal.DbSetSource+<>c__5<Order.Infrastructure.Entities.OrderModels.OrderItemPaymentModel>
7ffcd28fbb58      1         24 Microsoft.EntityFrameworkCore.Internal.DbSetSource+<>c__5<Order.Infrastructure.Entities.OrderModels.OrderItemPromotionModel>
7ffcd28fbf00      1         24 Microsoft.EntityFrameworkCore.Internal.DbSetSource+<>c__5<Order.Infrastructure.Entities.OrderModels.OrderItemPromotionsModel>
7ffcd28fc2a8      1         24 Microsoft.EntityFrameworkCore.Internal.DbSetSource+<>c__5<Order.Infrastructure.Entities.OrderModels.OrderItemRemarkModel>
7ffcd28fc650      1         24 Microsoft.EntityFrameworkCore.Internal.DbSetSource+<>c__5<Order.Infrastructure.Entities.OrderModels.OrderItemTaxModel>
7ffcd28fc9f8      1         24 Microsoft.EntityFrameworkCore.Internal.DbSetSource+<>c__5<Order.Infrastructure.Entities.SysStatusAggregate.OrderOutboxModel>
7ffcd28fcda0      1         24 Microsoft.EntityFrameworkCore.Internal.DbSetSource+<>c__5<Order.Infrastructure.Entities.OrderModels.OrderPaymentModel>
7ffcd28fd148      1         24 Microsoft.EntityFrameworkCore.Internal.DbSetSource+<>c__5<Order.Infrastructure.Entities.OrderModels.OrderPaymentTransactionModel>
7ffcd28fd4f0      1         24 Microsoft.EntityFrameworkCore.Internal.DbSetSource+<>c__5<Order.Infrastructure.Entities.OrderProcessCondition.OrderProcessConditionModel>
7ffcd28fd898      1         24 Microsoft.EntityFrameworkCore.Internal.DbSetSource+<>c__5<Order.Infrastructure.Entities.OrderModels.OrderPromotionModel>
7ffcd28fdc40      1         24 Microsoft.EntityFrameworkCore.Internal.DbSetSource+<>c__5<Order.Infrastructure.Entities.OrderModels.OrderPromotionAmountModel>
7ffcd28fdfe8      1         24 Microsoft.EntityFrameworkCore.Internal.DbSetSource+<>c__5<Order.Infrastructure.Entities.OrderReference.OrderReferenceModel>
7ffcd28fe390      1         24 Microsoft.EntityFrameworkCore.Internal.DbSetSource+<>c__5<Order.Infrastructure.Entities.OrderModels.OrderRemarkModel>
7ffcd28fe738      1         24 Microsoft.EntityFrameworkCore.Internal.DbSetSource+<>c__5<Order.Infrastructure.Entities.OrderReturn.OrderReturnModel>
7ffcd28feae0      1         24 Microsoft.EntityFrameworkCore.Internal.DbSetSource+<>c__5<Order.Infrastructure.Entities.OrderReturn.OrderReturnItemModel>
7ffcd28fee88      1         24 Microsoft.EntityFrameworkCore.Internal.DbSetSource+<>c__5<Order.Infrastructure.Entities.SysStatusAggregate.OrderSagaModel>
7ffcd28ff230      1         24 Microsoft.EntityFrameworkCore.Internal.DbSetSource+<>c__5<Order.Infrastructure.Entities.OrderStaging.OrderStagingModel>
7ffcd28ff5d8      1         24 Microsoft.EntityFrameworkCore.Internal.DbSetSource+<>c__5<Order.Infrastructure.Entities.PackageAuditInfo.PackageAuditInfoModel>
7ffcd28ff980      1         24 Microsoft.EntityFrameworkCore.Internal.DbSetSource+<>c__5<Order.Infrastructure.Entities.Package.PackageInfoModel>
7ffcd28ffd28      1         24 Microsoft.EntityFrameworkCore.Internal.DbSetSource+<>c__5<Order.Infrastructure.Entities.Package.PackageTbModel>
7ffcd2910100      1         24 Microsoft.EntityFrameworkCore.Internal.DbSetSource+<>c__5<Order.Infrastructure.Entities.ProcessOrder.ProcessOrderModel>
7ffcd29104a8      1         24 Microsoft.EntityFrameworkCore.Internal.DbSetSource+<>c__5<Order.Infrastructure.Entities.ProcessOrder.ProcessOrderItemModel>
7ffcd2910850      1         24 Microsoft.EntityFrameworkCore.Internal.DbSetSource+<>c__5<Order.Infrastructure.Entities.Promotion.ConditionPromotionItemModel>
7ffcd2910bf8      1         24 Microsoft.EntityFrameworkCore.Internal.DbSetSource+<>c__5<Order.Infrastructure.Entities.Promotion.PromotionItemModel>
7ffcd2910fa0      1         24 Microsoft.EntityFrameworkCore.Internal.DbSetSource+<>c__5<Order.Infrastructure.Entities.Setting.StateControlModel>
7ffcd2911348      1         24 Microsoft.EntityFrameworkCore.Internal.DbSetSource+<>c__5<Order.Infrastructure.Entities.StoreLocation.StoreLocationModel>
7ffcd29116f0      1         24 Microsoft.EntityFrameworkCore.Internal.DbSetSource+<>c__5<Order.Infrastructure.Entities.SubOrderModels.SubOrderModel>
7ffcd2911a98      1         24 Microsoft.EntityFrameworkCore.Internal.DbSetSource+<>c__5<Order.Infrastructure.Entities.SubOrderModels.SubOrderAddressModel>
7ffcd2911e40      1         24 Microsoft.EntityFrameworkCore.Internal.DbSetSource+<>c__5<Order.Infrastructure.Entities.SubOrderModels.SubOrderFeeAmountModel>
7ffcd29121e8      1         24 Microsoft.EntityFrameworkCore.Internal.DbSetSource+<>c__5<Order.Infrastructure.Entities.SubOrderModels.SubOrderFeeAmountDtlModel>
7ffcd2912590      1         24 Microsoft.EntityFrameworkCore.Internal.DbSetSource+<>c__5<Order.Infrastructure.Entities.SubOrderModels.SubOrderFeeModel>
7ffcd2912938      1         24 Microsoft.EntityFrameworkCore.Internal.DbSetSource+<>c__5<Order.Infrastructure.Entities.SubOrderModels.SubOrderFeePaymentModel>
7ffcd2912ce0      1         24 Microsoft.EntityFrameworkCore.Internal.DbSetSource+<>c__5<Order.Infrastructure.Entities.SubOrderModels.SubOrderFeeTaxModel>
7ffcd2913088      1         24 Microsoft.EntityFrameworkCore.Internal.DbSetSource+<>c__5<Order.Infrastructure.Entities.SubOrderModels.SubOrderItemModel>
7ffcd2913430      1         24 Microsoft.EntityFrameworkCore.Internal.DbSetSource+<>c__5<Order.Infrastructure.Entities.SubOrderModels.SubOrderItemAmountModel>
7ffcd29137d8      1         24 Microsoft.EntityFrameworkCore.Internal.DbSetSource+<>c__5<Order.Infrastructure.Entities.SubOrderModels.SubOrderItemAmtDtlModel>
7ffcd2913b80      1         24 Microsoft.EntityFrameworkCore.Internal.DbSetSource+<>c__5<Order.Infrastructure.Entities.SubOrderModels.SubOrderItemBarcodeModel>
7ffcd2913f28      1         24 Microsoft.EntityFrameworkCore.Internal.DbSetSource+<>c__5<Order.Infrastructure.Entities.SubOrderModels.SubOrderItemDeliveryWindowModel>
7ffcd29142d0      1         24 Microsoft.EntityFrameworkCore.Internal.DbSetSource+<>c__5<Order.Infrastructure.Entities.SubOrderModels.SubOrderItemFulFillmentModel>
7ffcd2914678      1         24 Microsoft.EntityFrameworkCore.Internal.DbSetSource+<>c__5<Order.Infrastructure.Entities.SubOrderModels.SubOrderItemFulFillmentServiceTypeModel>
7ffcd2914a20      1         24 Microsoft.EntityFrameworkCore.Internal.DbSetSource+<>c__5<Order.Infrastructure.Entities.SubOrderModels.SubOrderItemPayModel>
7ffcd2914dc8      1         24 Microsoft.EntityFrameworkCore.Internal.DbSetSource+<>c__5<Order.Infrastructure.Entities.SubOrderModels.SubOrderItemPromotionModel>
7ffcd2915170      1         24 Microsoft.EntityFrameworkCore.Internal.DbSetSource+<>c__5<Order.Infrastructure.Entities.SubOrderModels.SubOrderItemPromotionsModel>
7ffcd2915518      1         24 Microsoft.EntityFrameworkCore.Internal.DbSetSource+<>c__5<Order.Infrastructure.Entities.SubOrderModels.SubOrderItemRemarkModel>
7ffcd29158c0      1         24 Microsoft.EntityFrameworkCore.Internal.DbSetSource+<>c__5<Order.Infrastructure.Entities.SubOrderModels.SubOrderItemTaxModel>
7ffcd2915c68      1         24 Microsoft.EntityFrameworkCore.Internal.DbSetSource+<>c__5<Order.Infrastructure.Entities.SubOrderModels.SubOrderPromotionModel>
7ffcd2916010      1         24 Microsoft.EntityFrameworkCore.Internal.DbSetSource+<>c__5<Order.Infrastructure.Entities.SubOrderModels.SubOrderPromotionAmountModel>
7ffcd29163b8      1         24 Microsoft.EntityFrameworkCore.Internal.DbSetSource+<>c__5<Order.Infrastructure.Entities.SubOrderModels.SubOrderRemarkModel>
7ffcd2916760      1         24 Microsoft.EntityFrameworkCore.Internal.DbSetSource+<>c__5<Order.Infrastructure.Entities.MasterData.SysAddressTypeModel>
7ffcd2916b08      1         24 Microsoft.EntityFrameworkCore.Internal.DbSetSource+<>c__5<Order.Infrastructure.Entities.MasterData.SysChannelModel>
7ffcd2916eb0      1         24 Microsoft.EntityFrameworkCore.Internal.DbSetSource+<>c__5<Order.Infrastructure.Entities.MasterData.SysConfigChannelUploadMappingModel>
7ffcd2917258      1         24 Microsoft.EntityFrameworkCore.Internal.DbSetSource+<>c__5<Order.Infrastructure.Entities.MasterData.SysDeliverySubTypeModel>
7ffcd2917600      1         24 Microsoft.EntityFrameworkCore.Internal.DbSetSource+<>c__5<Order.Infrastructure.Entities.MasterData.SysDeliveryTypeModel>
7ffcd29179a8      1         24 Microsoft.EntityFrameworkCore.Internal.DbSetSource+<>c__5<Order.Infrastructure.Entities.MasterData.SysFulfillmentOptionModel>
7ffcd2917d50      1         24 Microsoft.EntityFrameworkCore.Internal.DbSetSource+<>c__5<Order.Infrastructure.Entities.MasterData.SysFulfillmentPriorityModel>
7ffcd29180f8      1         24 Microsoft.EntityFrameworkCore.Internal.DbSetSource+<>c__5<Order.Infrastructure.Entities.MasterData.SysFulfillmentTypeModel>
7ffcd29184a0      1         24 Microsoft.EntityFrameworkCore.Internal.DbSetSource+<>c__5<Order.Infrastructure.Entities.SettingModel.SysFunctionConfigModel>
7ffcd2918848      1         24 Microsoft.EntityFrameworkCore.Internal.DbSetSource+<>c__5<Order.Infrastructure.Entities.SettingModel.SysFunctionModel>
7ffcd2918bf0      1         24 Microsoft.EntityFrameworkCore.Internal.DbSetSource+<>c__5<Order.Infrastructure.Entities.MasterData.SysInsuranceConfigurationModel>
7ffcd2918f98      1         24 Microsoft.EntityFrameworkCore.Internal.DbSetSource+<>c__5<Order.Infrastructure.Entities.MasterData.SysOrderFulfillmentTypeModel>
7ffcd2919340      1         24 Microsoft.EntityFrameworkCore.Internal.DbSetSource+<>c__5<Order.Infrastructure.Entities.MasterData.SysOrderTypeModel>
7ffcd29196e8      1         24 Microsoft.EntityFrameworkCore.Internal.DbSetSource+<>c__5<Order.Infrastructure.Entities.MasterData.SysRoleChannelMappingModel>
7ffcd2919a90      1         24 Microsoft.EntityFrameworkCore.Internal.DbSetSource+<>c__5<Order.Infrastructure.Entities.SysRunningNumber.SysRunningNumberModel>
7ffcd2919e38      1         24 Microsoft.EntityFrameworkCore.Internal.DbSetSource+<>c__5<Order.Infrastructure.Entities.SysRunningNumber.SysRunningNumberTypeModel>
7ffcd291a1e0      1         24 Microsoft.EntityFrameworkCore.Internal.DbSetSource+<>c__5<Order.Infrastructure.Entities.SysStatusAggregate.SysStatusAggregateModel>
7ffcd291a588      1         24 Microsoft.EntityFrameworkCore.Internal.DbSetSource+<>c__5<Order.Infrastructure.Entities.MasterData.SysStatusModel>
7ffcd291b7c0      1         24 Microsoft.EntityFrameworkCore.Infrastructure.Internal.EntityFrameworkMetrics+<>c
7ffcd291bcb0      1         24 Microsoft.Extensions.Logging.Logger<Order.API.Controllers.OrderController>
7ffcd2923158      1         24 Microsoft.Extensions.Options.IPostConfigureOptions<AutoMapper.MapperConfigurationExpression>[]
7ffcd2921ff8      1         24 Microsoft.Extensions.Options.IValidateOptions<AutoMapper.MapperConfigurationExpression>[]
7ffcd2925048      1         24 System.Action<AutoMapper.Configuration.ValidationContext>[]
7ffcd29247a0      1         24 AutoMapper.Features.Features<AutoMapper.Features.IGlobalFeature>
7ffcd2926a58      1         24 AutoMapper.PascalCaseNamingConvention
7ffcd2926d98      1         24 AutoMapper.Internal.Mappers.CollectionMapper
7ffcd2926ed0      1         24 AutoMapper.Internal.Mappers.AssignableMapper
7ffcd2927018      1         24 AutoMapper.Internal.Mappers.NullableSourceMapper
7ffcd2927130      1         24 AutoMapper.Internal.Mappers.ToStringMapper
7ffcd2927278      1         24 AutoMapper.Internal.Mappers.NullableDestinationMapper
7ffcd29273b0      1         24 AutoMapper.Internal.Mappers.ConvertMapper
7ffcd2927548      1         24 AutoMapper.Internal.Mappers.StringToEnumMapper
7ffcd29276a0      1         24 AutoMapper.Internal.Mappers.EnumToEnumMapper
7ffcd29277f0      1         24 AutoMapper.Internal.Mappers.ParseStringMapper
7ffcd2927900      1         24 AutoMapper.Internal.Mappers.UnderlyingTypeEnumMapper
7ffcd2927a30      1         24 AutoMapper.Internal.Mappers.KeyValueMapper
7ffcd2927b60      1         24 AutoMapper.Internal.Mappers.ConstructorMapper
7ffcd2927e70      1         24 AutoMapper.Internal.Mappers.FromStringDictionaryMapper
7ffcd2927fe8      1         24 AutoMapper.Internal.Mappers.ToStringDictionaryMapper
7ffcd2928180      1         24 AutoMapper.Internal.Mappers.FromDynamicMapper
7ffcd2928318      1         24 AutoMapper.Internal.Mappers.ToDynamicMapper
7ffcd292b678      1         24 AutoMapper.MapperConfigurationExpression+<>c
7ffcd2943010      1         24 System.Action<AutoMapper.TypeMap>[]
7ffcd3020d08      1         24 Microsoft.EntityFrameworkCore.Metadata.Conventions.RelationalDbFunctionAttributeConvention+<>c
7ffcd3025d20      1         24 Microsoft.EntityFrameworkCore.Metadata.Conventions.Internal.ConventionDispatcher+ConventionScope[]
7ffcd3038c80      1         24 System.Reflection.PropertyInfoExtensions+<>c
7ffcd303d7b0      1         24 System.ValueTuple<System.Reflection.PropertyInfo, System.Type>[]
7ffcd3044330      1         24 Microsoft.EntityFrameworkCore.Storage.RelationalTypeMappingSource+<>c
7ffcd3045518      1         24 System.Collections.Generic.GenericEqualityComparer<Microsoft.EntityFrameworkCore.Storage.TypeMappingInfo>
7ffcd3045d78      1         24 System.Collections.Generic.ObjectEqualityComparer<Microsoft.EntityFrameworkCore.Storage.CoreTypeMapping>
7ffcd3045f18      1         24 System.Collections.Generic.GenericEqualityComparer<System.Boolean>
7ffcd04045f8      1         24 System.Collections.Generic.NullableEqualityComparer<System.Int32>
7ffcd3046320      1         24 System.Collections.Generic.NullableEqualityComparer<System.Boolean>
7ffcd3046540      1         24 System.Collections.Generic.ObjectEqualityComparer<Microsoft.EntityFrameworkCore.Storage.Json.JsonValueReaderWriter>
7ffcd30467c0      1         24 System.Collections.Generic.NullableEqualityComparer<System.Data.DbType>
7ffcd304f3d0      1         24 Microsoft.EntityFrameworkCore.Metadata.Internal.EntityType[]
7ffcd30608e8      1         24 Microsoft.EntityFrameworkCore.Metadata.Internal.ServiceProperty[]
7ffcd3060e08      1         24 Microsoft.EntityFrameworkCore.Metadata.Internal.ComplexProperty[]
7ffcd3061418      1         24 Microsoft.EntityFrameworkCore.Metadata.Internal.Navigation[]
7ffcd30618b0      1         24 Microsoft.EntityFrameworkCore.Metadata.Internal.SkipNavigation[]
7ffcd3063978      1         24 Microsoft.EntityFrameworkCore.Metadata.Internal.TypeBase[]
7ffcd306c350      1         24 System.Collections.Generic.GenericEqualityComparer<System.ValueTuple<Microsoft.EntityFrameworkCore.Storage.RelationalTypeMappingInfo, System.Type, Microsoft.EntityFrameworkCore.Storage.ValueConversion.ValueConverter, Microsoft.EntityFrameworkCore.Storage.CoreTypeMapping>>
7ffcd306d6f0      1         24 System.Collections.Generic.GenericEqualityComparer<Microsoft.EntityFrameworkCore.Storage.RelationalTypeMappingInfo>
7ffcd306de48      1         24 System.Collections.Generic.ObjectEqualityComparer<Microsoft.EntityFrameworkCore.Storage.ValueConversion.ValueConverter>
7ffcd3070208      1         24 Microsoft.EntityFrameworkCore.Metadata.Conventions.KeyDiscoveryConvention+<>c
7ffcd30721a8      1         24 Microsoft.EntityFrameworkCore.Metadata.Conventions.RelationalKeyDiscoveryConvention+<>c
7ffcd308f6e8      1         24 System.Collections.Generic.ObjectEqualityComparer<Microsoft.EntityFrameworkCore.Metadata.IConventionEntityType>
7ffcd3090b78      1         24 Microsoft.EntityFrameworkCore.Metadata.Conventions.RelationshipDiscoveryConvention+RelationshipCandidate[]
7ffcd3035e68      1         24 Microsoft.EntityFrameworkCore.Infrastructure.Internal.MemberInfoNameComparer
7ffcd30bfdb0      1         24 Microsoft.EntityFrameworkCore.Metadata.MemberIdentity
7ffcd3092fa0      1         24 Microsoft.EntityFrameworkCore.Metadata.Conventions.RelationshipDiscoveryConvention+<>c
7ffcd30d1708      1         24 System.Collections.Generic.ObjectEqualityComparer<Microsoft.EntityFrameworkCore.Metadata.Conventions.RelationshipDiscoveryConvention+RelationshipCandidate>
7ffcd30db9e0      1         24 Microsoft.EntityFrameworkCore.Metadata.Internal.InternalForeignKeyBuilder+<>c
7ffcd30dd2b0      1         24 Microsoft.EntityFrameworkCore.Metadata.Internal.InternalTypeBaseBuilder+<>c
7ffcd30e23a8      1         24 Microsoft.EntityFrameworkCore.Metadata.Internal.ForeignKey+<>c
7ffcd3109c50      1         24 System.ValueTuple<Microsoft.EntityFrameworkCore.Metadata.Internal.InternalForeignKeyBuilder, System.Boolean, Microsoft.EntityFrameworkCore.Metadata.Internal.InternalForeignKeyBuilder+Resolution, System.Boolean>[]
7ffcd31144f8      1         24 System.Collections.Generic.ObjectEqualityComparer<Microsoft.EntityFrameworkCore.Metadata.Internal.InternalForeignKeyBuilder>
7ffcd3115e88      1         24 Microsoft.EntityFrameworkCore.Metadata.IReadOnlyNavigation[]
7ffcd31157c8      1         24 Microsoft.EntityFrameworkCore.Metadata.Internal.EntityTypeExtensions+<>c
7ffcd3075198      1         24 Microsoft.EntityFrameworkCore.Metadata.Internal.InternalEntityTypeBuilder+<>c
7ffcd3135c60      1         24 System.Collections.Generic.ObjectEqualityComparer<Microsoft.EntityFrameworkCore.Metadata.Internal.Property>
7ffcd3136e48      1         24 System.Collections.Generic.ObjectEqualityComparer<Microsoft.EntityFrameworkCore.Metadata.Internal.ForeignKey>
7ffcd313b178      1         24 Microsoft.EntityFrameworkCore.Metadata.Internal.RelationshipSnapshot[]
7ffcd313cd78      1         24 System.Collections.Generic.ObjectEqualityComparer<Microsoft.EntityFrameworkCore.Metadata.Internal.Key>
7ffcd30b6330      1         24 Microsoft.EntityFrameworkCore.Storage.ValueConversion.ValueConverterSelector+<>c
7ffcd3151208      1         24 Microsoft.EntityFrameworkCore.Storage.ValueConversion.EnumToNumberConverter<Order.Infrastructure.Entities.Abstractions.BaseStatus, System.Int32>+<>c
7ffcd315d0a8      1         24 Microsoft.EntityFrameworkCore.Metadata.Conventions.BackingFieldConvention+<>c
7ffcd315ed30      1         24 System.Linq.Enumerable+EnumerableSorter<System.Collections.Generic.KeyValuePair<System.String, System.Reflection.FieldInfo>>+<>c
7ffcd3168cf8      1         24 Microsoft.EntityFrameworkCore.Metadata.Conventions.ForeignKeyIndexConvention+<>c
7ffcd316aef8      1         24 Microsoft.EntityFrameworkCore.Metadata.IConventionIndex[]
7ffcd316b328      1         24 Microsoft.EntityFrameworkCore.Metadata.Conventions.ForeignKeyPropertyDiscoveryConvention+<>c
7ffcd3171150      1         24 Microsoft.EntityFrameworkCore.RelationalEntityTypeExtensions+<>c
7ffcd3176918      1         24 Microsoft.EntityFrameworkCore.RelationalPropertyExtensions+<>c
7ffcd3178848      1         24 Microsoft.EntityFrameworkCore.Metadata.Conventions.ValueGenerationConvention+<>c
7ffcd31a5d90      1         24 Microsoft.EntityFrameworkCore.Metadata.Conventions.SqlServerOnDeleteConvention+<>c
7ffcd31be9a0      1         24 System.Collections.Generic.ObjectEqualityComparer<Microsoft.EntityFrameworkCore.Metadata.IConventionProperty>
7ffcd31bf300      1         24 System.Collections.Generic.ObjectEqualityComparer<Microsoft.EntityFrameworkCore.Metadata.IReadOnlyProperty>
7ffcd307d708      1         24 Microsoft.EntityFrameworkCore.Metadata.Internal.Property+<>c
7ffcd31c6478      1         24 System.Linq.Enumerable+EnumerableSorter<Microsoft.EntityFrameworkCore.Metadata.Internal.ForeignKey>+<>c
7ffcd31cc958      1         24 Microsoft.EntityFrameworkCore.Metadata.Internal.InternalIndexBuilder[]
7ffcd31d40c8      1         24 System.ComponentModel.DataAnnotations.Schema.InversePropertyAttribute[]
7ffcd31d47e8      1         24 Microsoft.EntityFrameworkCore.BackingFieldAttribute[]
7ffcd31d4d18      1         24 System.ComponentModel.DataAnnotations.RequiredAttribute[]
7ffcd31c31b8      1         24 Microsoft.EntityFrameworkCore.Metadata.Conventions.ForeignKeyAttributeConvention+<>c
7ffcd3070f58      1         24 Microsoft.EntityFrameworkCore.Metadata.IConventionProperty[]
7ffcd3249b78      1         24 System.Collections.Generic.SortedDictionary<System.String, Microsoft.EntityFrameworkCore.Metadata.Internal.EntityType>+ValueCollection
7ffcd324d328      1         24 Microsoft.EntityFrameworkCore.Metadata.Conventions.ModelCleanupConvention+GraphAdapter+<>c
7ffcd326b4b0      1         24 Microsoft.EntityFrameworkCore.Metadata.Internal.ConstructorBindingFactory+<>c
7ffcd326e390      1         24 Microsoft.EntityFrameworkCore.Metadata.InstantiationBinding[]
7ffcd326e450      1         24 System.Collections.Generic.IEnumerable<System.Reflection.ParameterInfo>[]
7ffcd326e4f8      1         24 Microsoft.EntityFrameworkCore.Metadata.Internal.ConstructorBindingFactory+<>c__8<Microsoft.EntityFrameworkCore.Metadata.IConventionEntityType>
7ffcd326f1f0      1         24 Microsoft.EntityFrameworkCore.Metadata.ParameterBinding[]
7ffcd327e798      1         24 Microsoft.EntityFrameworkCore.Metadata.IQueryFilter[]
7ffcd32832d0      1         24 Microsoft.EntityFrameworkCore.Metadata.IProperty[]
7ffcd328a480      1         24 System.Collections.Generic.ObjectEqualityComparer<Microsoft.EntityFrameworkCore.Metadata.IProperty>
7ffcd2696430      1         24 System.Collections.Generic.GenericEqualityComparer<System.ValueTuple<System.Type, System.Type>>
7ffcd328d8e0      1         24 Microsoft.EntityFrameworkCore.Metadata.IDbFunction[]
7ffcd32a4bf8      1         24 System.Collections.Generic.GenericEqualityComparer<Microsoft.EntityFrameworkCore.Metadata.StoreObjectIdentifier>
7ffcd32a9e70      1         24 Microsoft.EntityFrameworkCore.Metadata.IConventionEntityTypeMappingFragment[]
7ffcd32a9fe0      1         24 Microsoft.EntityFrameworkCore.Metadata.Conventions.DiscriminatorLengthConvention+<>c
7ffcd32bbfc0      1         24 System.Collections.Generic.GenericEqualityComparer<System.ValueTuple<System.String, System.String>>
7ffcd32dc010      1         24 Microsoft.EntityFrameworkCore.Metadata.ICheckConstraint[]
7ffcd32df900      1         24 Microsoft.EntityFrameworkCore.Metadata.Internal.Trigger[]
7ffcd32dff58      1         24 Microsoft.EntityFrameworkCore.Metadata.Internal.RelationalForeignKeyExtensions+<>c
7ffcd32e4798      1         24 System.Text.StringBuilderExtensions+<>c
7ffcd32e79f0      1         24 Microsoft.EntityFrameworkCore.Metadata.Internal.RelationalIndexExtensions+<>c
7ffcd32ead98      1         24 Microsoft.EntityFrameworkCore.Metadata.Conventions.RelationalMapToJsonConvention+<>c
7ffcd32eecb8      1         24 Microsoft.EntityFrameworkCore.Metadata.Conventions.SqlServerTemporalConvention+<>c
7ffcd32efc98      1         24 Microsoft.EntityFrameworkCore.Infrastructure.AnnotatableBase+<>c
7ffcd32f1ba8      1         24 Microsoft.EntityFrameworkCore.SqlServer.Infrastructure.Internal.SqlServerModelValidator+<>c
7ffcd32f9b78      1         24 Microsoft.EntityFrameworkCore.Infrastructure.ModelValidator+<>c
7ffcd3309c20      1         24 Microsoft.EntityFrameworkCore.Infrastructure.RelationalModelValidator+<>c
7ffcd3320df0      1         24 System.Collections.Generic.ObjectEqualityComparer<Microsoft.EntityFrameworkCore.Metadata.IEntityType>
7ffcd33279a0      1         24 System.Collections.Generic.List<Microsoft.EntityFrameworkCore.Metadata.IEntityType>[]
7ffcd333ad80      1         24 System.Collections.Generic.ObjectEqualityComparer<Microsoft.EntityFrameworkCore.Metadata.IPropertyBase>
7ffcd333b2f8      1         24 System.Collections.Generic.ObjectEqualityComparer<System.Reflection.FieldInfo>
7ffcd333b930      1         24 Microsoft.EntityFrameworkCore.Metadata.Internal.TypeBase+<>c
7ffcd334b198      1         24 System.Collections.Generic.ObjectEqualityComparer<Microsoft.EntityFrameworkCore.Metadata.IKey>
7ffcd334f770      1         24 System.Collections.Generic.IDictionary<System.String, System.Object>[]
7ffcd3363b48      1         24 Microsoft.EntityFrameworkCore.Metadata.IReadOnlyProperty+<>c
7ffcd33654a8      1         24 Microsoft.EntityFrameworkCore.Storage.CoreTypeMapping+<>c
7ffcd336e558      1         24 Microsoft.EntityFrameworkCore.Metadata.Internal.PropertyBase+<>c
7ffcd336e838      1         24 Microsoft.EntityFrameworkCore.ChangeTracking.Internal.CurrentValueComparerFactory
7ffcd3381918      1         24 Microsoft.EntityFrameworkCore.ChangeTracking.ValueComparer<System.DateTime>+<>c
7ffcd338d138      1         24 System.Collections.Generic.NullableComparer<System.Int64>
7ffcd090c528      1         24 System.Collections.Generic.NullableComparer<System.Int32>
7ffcd33a31e0      1         24 Microsoft.EntityFrameworkCore.EnumerableMethods+<>c
7ffcd3626038      1         24 System.GenericEmptyEnumerator<System.Collections.Generic.KeyValuePair<System.Int32, System.Collections.Generic.List<System.String>>>
7ffcd3637d38      1         24 Microsoft.EntityFrameworkCore.SqlServer.Internal.SqlServerResources+<>c
7ffcd36391a8      1         24 Microsoft.Extensions.Logging.LoggerMessage+LogValues<System.String, System.String>+<>c
7ffcd36547a0      1         24 System.Collections.Generic.EnumEqualityComparer<Serilog.Sinks.SystemConsole.Themes.ConsoleThemeStyle>
7ffcd3667e58      1         24 System.Collections.Generic.EnumEqualityComparer<Serilog.Events.LogEventLevel>
7ffcd3652bc0      1         24 Serilog.Sinks.File.Clock+<>c
7ffcd36532f0      1         24 Serilog.Sinks.File.RollingFileSink+<>c
7ffcd365c068      1         24 System.Collections.Generic.NullableComparer<System.DateTime>
7ffcd3662fa0      1         24 System.Linq.Enumerable+EnumerableSorter<Serilog.Sinks.File.RollingLogFile>+<>c
7ffcd366a5f8      1         24 System.Collections.Generic.ObjectEqualityComparer<System.Threading.ThreadPoolWorkQueue+WorkStealingQueue>
7ffcd3247a60      1         24 Microsoft.EntityFrameworkCore.Infrastructure.ModelRuntimeInitializer+<>c
7ffcd3769a80      1         24 Microsoft.EntityFrameworkCore.Infrastructure.AnnotatableBase+<>c__30<Microsoft.EntityFrameworkCore.Metadata.IModel, Microsoft.EntityFrameworkCore.Metadata.IModel>
7ffcd3785ce0      1         24 Microsoft.EntityFrameworkCore.Metadata.ITypeMappingConfiguration[]
7ffcd3788768      1         24 Microsoft.EntityFrameworkCore.Infrastructure.RuntimeAnnotatableBase+<>c
7ffcd3788fa0      1         24 System.ValueTuple<Microsoft.EntityFrameworkCore.Metadata.IEntityType, Microsoft.EntityFrameworkCore.Metadata.RuntimeEntityType>[]
7ffcd3789c98      1         24 Microsoft.EntityFrameworkCore.Metadata.Internal.ModelExtensions+<>c
7ffcd376ece8      1         24 Microsoft.EntityFrameworkCore.Metadata.Conventions.RuntimeModelConvention+<>c
7ffcd37a1df0      1         24 System.Collections.Generic.ObjectEqualityComparer<System.Collections.Generic.IReadOnlyList<Microsoft.EntityFrameworkCore.Metadata.IReadOnlyProperty>>
7ffcd37a4a98      1         24 Microsoft.EntityFrameworkCore.Infrastructure.Annotation[]
7ffcd37a4340      1         24 Microsoft.EntityFrameworkCore.Metadata.Conventions.RuntimeModelConvention+<>c__6<Microsoft.EntityFrameworkCore.Metadata.IProperty, Microsoft.EntityFrameworkCore.Metadata.RuntimeProperty>
7ffcd37a89a8      1         24 System.Linq.Enumerable+EnumerableSorter<Microsoft.EntityFrameworkCore.Infrastructure.Annotation>+<>c
7ffcd37ab6f0      1         24 Microsoft.EntityFrameworkCore.Metadata.Conventions.RuntimeModelConvention+<>c__6<Microsoft.EntityFrameworkCore.Metadata.IKey, Microsoft.EntityFrameworkCore.Metadata.RuntimeKey>
7ffcd37aca40      1         24 Microsoft.EntityFrameworkCore.Metadata.Conventions.RuntimeModelConvention+<>c__6<Microsoft.EntityFrameworkCore.Metadata.IIndex, Microsoft.EntityFrameworkCore.Metadata.RuntimeIndex>
7ffcd37adc78      1         24 Microsoft.EntityFrameworkCore.ChangeTracking.ValueComparer<Order.Infrastructure.Entities.Abstractions.BaseStatus>+<>c
7ffcd42c7388      1         24 System.Text.Json.Serialization.Metadata.ReflectionEmitCachingMemberAccessor+Cache<System.ValueTuple<System.String, System.Type, System.Reflection.MemberInfo>>+<>c__6<System.Func<System.Object, System.Int64>>
7ffcd37b2f70      1         24 Microsoft.EntityFrameworkCore.Metadata.Conventions.RuntimeModelConvention+<>c__6<Microsoft.EntityFrameworkCore.Metadata.INavigation, Microsoft.EntityFrameworkCore.Metadata.RuntimeNavigation>
7ffcd37b31c8      1         24 Microsoft.EntityFrameworkCore.Metadata.Conventions.RuntimeModelConvention+<>c__6<Microsoft.EntityFrameworkCore.Metadata.IForeignKey, Microsoft.EntityFrameworkCore.Metadata.RuntimeForeignKey>
7ffcd37b3548      1         24 Microsoft.EntityFrameworkCore.Metadata.Conventions.RuntimeModelConvention+<>c__6<Microsoft.EntityFrameworkCore.Metadata.IEntityType, Microsoft.EntityFrameworkCore.Metadata.RuntimeEntityType>
7ffcd37b6090      1         24 Microsoft.EntityFrameworkCore.Metadata.Conventions.RuntimeModelConvention+<>c__6<Microsoft.EntityFrameworkCore.Metadata.IModel, Microsoft.EntityFrameworkCore.Metadata.RuntimeModel>
7ffcd37bacf8      1         24 System.Linq.Enumerable+EnumerableSorter<System.Collections.Generic.KeyValuePair<System.String, Microsoft.EntityFrameworkCore.Infrastructure.Annotation>>+<>c
7ffcd37bb450      1         24 System.Threading.AsyncLocal<Microsoft.EntityFrameworkCore.Storage.ExecutionStrategy>
7ffcd37bb578      1         24 Microsoft.EntityFrameworkCore.Query.IEvaluatableExpressionFilterPlugin[]
7ffcd27a8798      1         24 Microsoft.EntityFrameworkCore.Query.EvaluatableExpressionFilterDependencies
7ffcd2781c30      1         24 Microsoft.EntityFrameworkCore.Query.RelationalEvaluatableExpressionFilterDependencies
7ffcd27a92c8      1         24 Microsoft.EntityFrameworkCore.Query.NavigationExpansionExtensibilityHelperDependencies
7ffcd27556b8      1         24 Microsoft.EntityFrameworkCore.SqlServer.Query.Internal.SqlServerNavigationExpansionExtensibilityHelper
7ffcd37bb868      1         24 Microsoft.EntityFrameworkCore.Query.IMemberTranslatorPlugin[]
7ffcd37bdff0      1         24 Microsoft.EntityFrameworkCore.Query.RelationalMemberTranslatorProvider+<>c
7ffcd37be480      1         24 Microsoft.EntityFrameworkCore.Query.IMethodCallTranslatorPlugin[]
7ffcd37d0720      1         24 Microsoft.EntityFrameworkCore.Query.RelationalMethodCallTranslatorProvider+<>c
7ffcd37d3548      1         24 Microsoft.EntityFrameworkCore.SqlServer.Query.Internal.SqlServerConvertTranslator+<>c
7ffcd37da688      1         24 Microsoft.EntityFrameworkCore.Query.IAggregateMethodCallTranslatorPlugin[]
7ffcd37db510      1         24 Microsoft.EntityFrameworkCore.Query.RelationalAggregateMethodCallTranslatorProvider+<>c
7ffcd37dd268      1         24 Microsoft.EntityFrameworkCore.Diagnostics.ISingletonInterceptor[]
7ffcd27a8408      1         24 Microsoft.EntityFrameworkCore.Query.Internal.StructuralTypeMaterializerSourceDependencies
7ffcd37de698      1         24 Microsoft.EntityFrameworkCore.Diagnostics.IInstantiationBindingInterceptor[]
7ffcd37df4a0      1         24 Microsoft.EntityFrameworkCore.Diagnostics.IMaterializationInterceptor[]
7ffcd27a9918      1         24 Microsoft.EntityFrameworkCore.Query.LiftableConstantExpressionDependencies
7ffcd27827b8      1         24 Microsoft.EntityFrameworkCore.Query.RelationalLiftableConstantExpressionDependencies
7ffcd2780d68      1         24 Microsoft.EntityFrameworkCore.Storage.ParameterNameGeneratorDependencies
7ffcd2774da8      1         24 Microsoft.EntityFrameworkCore.Storage.ParameterNameGeneratorFactory
7ffcd37f2420      1         24 Microsoft.EntityFrameworkCore.Query.LiftableConstantProcessor+LiftedConstant[]
7ffcd37f2620      1         24 Microsoft.EntityFrameworkCore.Query.ExpressionEqualityComparer
7ffcd37f3410      1         24 System.ValueTuple<System.Linq.Expressions.ParameterExpression, System.Linq.Expressions.Expression>[]
7ffcd277e8d0      1         24 Microsoft.EntityFrameworkCore.Query.SqlAliasManagerFactory
7ffcd2774f28      1         24 Microsoft.EntityFrameworkCore.Update.Internal.ModificationCommandComparer
7ffcd273bef0      1         24 Microsoft.EntityFrameworkCore.SqlServer.Update.Internal.SqlServerModificationCommandFactory
7ffcd37f8228      1         24 System.Collections.Generic.ObjectEqualityComparer<Microsoft.EntityFrameworkCore.Update.IReadOnlyModificationCommand>
7ffcd278bb68      1         24 Microsoft.EntityFrameworkCore.ChangeTracking.Internal.InternalEntrySubscriber
7ffcd37f9a60      1         24 System.Action<Microsoft.EntityFrameworkCore.ChangeTracking.Internal.InternalEntityEntry, Microsoft.EntityFrameworkCore.EntityState>[]
7ffcd27a6f58      1         24 Microsoft.EntityFrameworkCore.ValueGeneration.ValueGeneratorCacheDependencies
7ffcd27729d8      1         24 Microsoft.EntityFrameworkCore.SqlServer.ValueGeneration.Internal.SqlServerSequenceValueGeneratorFactory
7ffcd38008c8      1         24 Microsoft.EntityFrameworkCore.Metadata.RuntimeModel+<>c
7ffcd3800a38      1         24 Microsoft.EntityFrameworkCore.Metadata.IReadOnlyEntityType+<>c
7ffcd3800d68      1         24 Microsoft.EntityFrameworkCore.Internal.InternalDbSet<Order.Infrastructure.Entities.SubOrderModels.SubOrderModel>+<>c
7ffcd3802df0      1         24 Microsoft.EntityFrameworkCore.EntityFrameworkQueryableExtensions+<>c
7ffcd1ec4000      1         24 System.Collections.ObjectModel.ReadOnlyCollection<System.Reflection.MemberInfo>
7ffcd380ad98      1         24 Microsoft.EntityFrameworkCore.Query.Internal.ExpressionTreeFuncletizer+<>c
7ffcd38254f8      1         24 Microsoft.EntityFrameworkCore.SqlServer.Storage.Internal.SqlServerConnection+<>c
7ffcd3826e58      1         24 Microsoft.EntityFrameworkCore.Query.Internal.CompiledQueryCache+<>c__3<System.Collections.Generic.IEnumerable<<>f__AnonymousType11<System.String, System.String>>>
7ffcd3834850      1         24 Microsoft.EntityFrameworkCore.Query.QueryableMethods+<>c
7ffcd1c1eca8      1         24 System.Text.Json.Serialization.JsonConstructorAttribute[]
7ffcd42a2680      1         24 System.Text.Json.Serialization.Metadata.JsonTypeInfo<CommonApiMessage.AggregatesModel.SubOrderMessage.SubOrderMessageViewModel>+<>c__DisplayClass37_1
7ffcd1c25710      1         24 System.Text.Json.Serialization.JsonIncludeAttribute[]
7ffcd1c25950      1         24 System.Text.Json.Serialization.JsonIgnoreAttribute[]
7ffcd1c25f10      1         24 System.Text.Json.Serialization.JsonPropertyOrderAttribute[]
7ffcd1c26358      1         24 System.Text.Json.Serialization.JsonRequiredAttribute[]
7ffcd1c29b88      1         24 System.Text.Json.Serialization.JsonExtensionDataAttribute[]
7ffcd42a3120      1         24 System.Text.Json.Serialization.Metadata.JsonPropertyInfo<System.Collections.Generic.List<System.String>>+<>c__DisplayClass9_0
7ffcd42a7b40      1         24 System.Text.Json.Serialization.Metadata.JsonPropertyInfo<System.Collections.Generic.List<CommonApiMessage.AggregatesModel.SubOrderMessage.SubOrderMessageRemarkViewModel>>+<>c__DisplayClass9_0
7ffcd42a9eb0      1         24 System.Text.Json.Serialization.Metadata.JsonPropertyInfo<System.Collections.Generic.List<CommonApiMessage.AggregatesModel.SubOrderMessage.SubOrderMessageItemViewModel>>+<>c__DisplayClass9_0
7ffcd42ab068      1         24 System.Text.Json.Serialization.Metadata.JsonPropertyInfo<System.Collections.Generic.List<CommonApiMessage.AggregatesModel.OrderMessage.OrderMessagePaymentViewModel>>+<>c__DisplayClass9_0
7ffcd42ac220      1         24 System.Text.Json.Serialization.Metadata.JsonPropertyInfo<System.Collections.Generic.List<CommonApiMessage.AggregatesModel.OrderMessage.OrderMessageCustomerViewModel>>+<>c__DisplayClass9_0
7ffcd42ad3d8      1         24 System.Text.Json.Serialization.Metadata.JsonPropertyInfo<System.Collections.Generic.List<CommonApiMessage.AggregatesModel.OrderMessage.OrderMessageItemViewModel>>+<>c__DisplayClass9_0
7ffcd42ae590      1         24 System.Text.Json.Serialization.Metadata.JsonPropertyInfo<System.Collections.Generic.List<CommonApiMessage.AggregatesModel.OrderMessage.OrderMessagePromotionViewModel>>+<>c__DisplayClass9_0
7ffcd42af748      1         24 System.Text.Json.Serialization.Metadata.JsonPropertyInfo<System.Collections.Generic.List<CommonApiMessage.AggregatesModel.SubOrderMessage.SubOrderMessagePromotionViewModel>>+<>c__DisplayClass9_0
7ffcd42b0930      1         24 System.Text.Json.Serialization.Metadata.JsonPropertyInfo<System.Collections.Generic.List<CommonApiMessage.AggregatesModel.SubOrderMessage.SubOrderMessageFeeViewModel>>+<>c__DisplayClass9_0
7ffcd42b1ae8      1         24 System.Text.Json.Serialization.Metadata.JsonPropertyInfo<System.Collections.Generic.List<CommonApiMessage.AggregatesModel.Package.PackageInfoMessageViewModel>>+<>c__DisplayClass9_0
7ffcd42b2ca0      1         24 System.Text.Json.Serialization.Metadata.JsonPropertyInfo<System.Collections.Generic.List<CommonApiMessage.AggregatesModel.OrderMessage.OrderMessageAddressViewModel>>+<>c__DisplayClass9_0
7ffcd42b5a70      1         24 System.Text.Json.Serialization.Metadata.JsonPropertyInfo<System.Collections.Generic.List<CommonApiMessage.AggregatesModel.Package.PackageTbMessage>>+<>c__DisplayClass9_0
7ffcd42b6e20      1         24 System.Text.Json.Serialization.Metadata.JsonTypeInfo<System.Collections.Generic.List<System.String>>+<>c__DisplayClass37_1
7ffcd42b83e8      1         24 System.Text.Json.Serialization.Metadata.JsonTypeInfo<System.Collections.Generic.List<CommonApiMessage.AggregatesModel.SubOrderMessage.SubOrderMessageRemarkViewModel>>+<>c__DisplayClass37_1
7ffcd42b8dc0      1         24 System.Text.Json.Serialization.Metadata.JsonTypeInfo<CommonApiMessage.AggregatesModel.SubOrderMessage.SubOrderMessageRemarkViewModel>+<>c__DisplayClass37_1
7ffcd42b97d0      1         24 System.Text.Json.Serialization.Metadata.JsonTypeInfo<System.Collections.Generic.List<CommonApiMessage.AggregatesModel.SubOrderMessage.SubOrderMessageAddressViewModel>>+<>c__DisplayClass37_1
7ffcd42ba1a8      1         24 System.Text.Json.Serialization.Metadata.JsonTypeInfo<CommonApiMessage.AggregatesModel.SubOrderMessage.SubOrderMessageAddressViewModel>+<>c__DisplayClass37_1
7ffcd42be3e8      1         24 System.Text.Json.Serialization.Metadata.JsonTypeInfo<System.Collections.Generic.List<CommonApiMessage.AggregatesModel.SubOrderMessage.SubOrderMessageItemViewModel>>+<>c__DisplayClass37_1
7ffcd42bedc0      1         24 System.Text.Json.Serialization.Metadata.JsonTypeInfo<CommonApiMessage.AggregatesModel.SubOrderMessage.SubOrderMessageItemViewModel>+<>c__DisplayClass37_1
7ffcd42ce5a0      1         24 System.Text.Json.Serialization.Metadata.JsonPropertyInfo<CommonApiMessage.AggregatesModel.SubOrderMessage.SubOrderMessageItemPromotionViewModel>+<>c__DisplayClass9_0
7ffcd42cf758      1         24 System.Text.Json.Serialization.Metadata.JsonPropertyInfo<CommonApiMessage.AggregatesModel.SubOrderMessage.SubOrderMessageItemFulFillmentViewModel>+<>c__DisplayClass9_0
7ffcd42f0930      1         24 System.Text.Json.Serialization.Metadata.JsonPropertyInfo<System.Collections.Generic.List<CommonApiMessage.AggregatesModel.SubOrderMessage.SubOrderMessageItemRemarkViewModel>>+<>c__DisplayClass9_0
7ffcd42f1ae8      1         24 System.Text.Json.Serialization.Metadata.JsonPropertyInfo<CommonApiMessage.AggregatesModel.SubOrderMessage.SubOrderMessageItemAmountViewModel>+<>c__DisplayClass9_0
7ffcd42f2ca0      1         24 System.Text.Json.Serialization.Metadata.JsonPropertyInfo<System.Collections.Generic.List<CommonApiMessage.AggregatesModel.SubOrderMessage.SubOrderMessageItemPaymentViewModel>>+<>c__DisplayClass9_0
7ffcd42f3e58      1         24 System.Text.Json.Serialization.Metadata.JsonPropertyInfo<System.Collections.Generic.List<CommonApiMessage.AggregatesModel.SubOrderMessage.SubOrderMessageItemSubBarcodeViewModel>>+<>c__DisplayClass9_0
7ffcd42f5010      1         24 System.Text.Json.Serialization.Metadata.JsonPropertyInfo<System.Collections.Generic.List<CommonApiMessage.AggregatesModel.SubOrderMessage.SubOrderMessageItemPromotionsViewModel>>+<>c__DisplayClass9_0
7ffcd42faa38      1         24 System.Text.Json.Serialization.Metadata.JsonTypeInfo<CommonApiMessage.AggregatesModel.SubOrderMessage.SubOrderMessageItemPromotionViewModel>+<>c__DisplayClass37_1
7ffcd42fe630      1         24 System.Text.Json.Serialization.Metadata.JsonTypeInfo<CommonApiMessage.AggregatesModel.SubOrderMessage.SubOrderMessageItemFulFillmentViewModel>+<>c__DisplayClass37_1
7ffcd4300d20      1         24 System.Text.Json.Serialization.Metadata.JsonPropertyInfo<System.Collections.Generic.List<CommonApiMessage.AggregatesModel.SubOrderMessage.SubOrderMessageItemDeliveryWindowViewModel>>+<>c__DisplayClass9_0
7ffcd4303af0      1         24 System.Text.Json.Serialization.Metadata.JsonPropertyInfo<System.Collections.Generic.List<CommonApiMessage.AggregatesModel.SubOrderMessage.SubOrderMessageItemFulFillmentServiceTypeViewModel>>+<>c__DisplayClass9_0
7ffcd4306328      1         24 System.Text.Json.Serialization.Metadata.JsonTypeInfo<System.Collections.Generic.List<CommonApiMessage.AggregatesModel.SubOrderMessage.SubOrderMessageItemDeliveryWindowViewModel>>+<>c__DisplayClass37_1
7ffcd4306d00      1         24 System.Text.Json.Serialization.Metadata.JsonTypeInfo<CommonApiMessage.AggregatesModel.SubOrderMessage.SubOrderMessageItemDeliveryWindowViewModel>+<>c__DisplayClass37_1
7ffcd4307710      1         24 System.Text.Json.Serialization.Metadata.JsonTypeInfo<System.Collections.Generic.List<CommonApiMessage.AggregatesModel.SubOrderMessage.SubOrderMessageItemFulFillmentServiceTypeViewModel>>+<>c__DisplayClass37_1
7ffcd43080e8      1         24 System.Text.Json.Serialization.Metadata.JsonTypeInfo<CommonApiMessage.AggregatesModel.SubOrderMessage.SubOrderMessageItemFulFillmentServiceTypeViewModel>+<>c__DisplayClass37_1
7ffcd430a710      1         24 System.Text.Json.Serialization.Metadata.JsonTypeInfo<System.Collections.Generic.List<CommonApiMessage.AggregatesModel.SubOrderMessage.SubOrderMessageItemRemarkViewModel>>+<>c__DisplayClass37_1
7ffcd430b0e8      1         24 System.Text.Json.Serialization.Metadata.JsonTypeInfo<CommonApiMessage.AggregatesModel.SubOrderMessage.SubOrderMessageItemRemarkViewModel>+<>c__DisplayClass37_1
7ffcd430b980      1         24 System.Text.Json.Serialization.Metadata.JsonTypeInfo<CommonApiMessage.AggregatesModel.SubOrderMessage.SubOrderMessageItemAmountViewModel>+<>c__DisplayClass37_1
7ffcd430d3d0      1         24 System.Text.Json.Serialization.Metadata.JsonTypeInfo<CommonApiMessage.AggregatesModel.SubOrderMessage.SubOrderMessageItemAmountDetailViewModel>+<>c__DisplayClass37_1
7ffcd430ef98      1         24 System.Text.Json.Serialization.Metadata.JsonTypeInfo<System.Collections.Generic.List<CommonApiMessage.AggregatesModel.SubOrderMessage.SubOrderMessageItemTaxViewModel>>+<>c__DisplayClass37_1
7ffcd430f970      1         24 System.Text.Json.Serialization.Metadata.JsonTypeInfo<CommonApiMessage.AggregatesModel.SubOrderMessage.SubOrderMessageItemTaxViewModel>+<>c__DisplayClass37_1
7ffcd43124b8      1         24 System.Text.Json.Serialization.Metadata.JsonTypeInfo<System.Collections.Generic.List<CommonApiMessage.AggregatesModel.SubOrderMessage.SubOrderMessageItemPaymentViewModel>>+<>c__DisplayClass37_1
7ffcd4312e90      1         24 System.Text.Json.Serialization.Metadata.JsonTypeInfo<CommonApiMessage.AggregatesModel.SubOrderMessage.SubOrderMessageItemPaymentViewModel>+<>c__DisplayClass37_1
7ffcd43138a0      1         24 System.Text.Json.Serialization.Metadata.JsonTypeInfo<System.Collections.Generic.List<CommonApiMessage.AggregatesModel.SubOrderMessage.SubOrderMessageItemSubBarcodeViewModel>>+<>c__DisplayClass37_1
7ffcd4314278      1         24 System.Text.Json.Serialization.Metadata.JsonTypeInfo<CommonApiMessage.AggregatesModel.SubOrderMessage.SubOrderMessageItemSubBarcodeViewModel>+<>c__DisplayClass37_1
7ffcd4314c88      1         24 System.Text.Json.Serialization.Metadata.JsonTypeInfo<System.Collections.Generic.List<CommonApiMessage.AggregatesModel.SubOrderMessage.SubOrderMessageItemPromotionsViewModel>>+<>c__DisplayClass37_1
7ffcd4315660      1         24 System.Text.Json.Serialization.Metadata.JsonTypeInfo<CommonApiMessage.AggregatesModel.SubOrderMessage.SubOrderMessageItemPromotionsViewModel>+<>c__DisplayClass37_1
7ffcd4316070      1         24 System.Text.Json.Serialization.Metadata.JsonTypeInfo<System.Collections.Generic.List<CommonApiMessage.AggregatesModel.OrderMessage.OrderMessagePaymentViewModel>>+<>c__DisplayClass37_1
7ffcd4316a48      1         24 System.Text.Json.Serialization.Metadata.JsonTypeInfo<CommonApiMessage.AggregatesModel.OrderMessage.OrderMessagePaymentViewModel>+<>c__DisplayClass37_1
7ffcd4319100      1         24 System.Text.Json.Serialization.Metadata.JsonPropertyInfo<System.Collections.Generic.List<CommonApiMessage.AggregatesModel.OrderMessage.OrderMessagePaymentTransactionViewModel>>+<>c__DisplayClass9_0
7ffcd431a228      1         24 System.Text.Json.Serialization.Metadata.JsonTypeInfo<System.Collections.Generic.List<CommonApiMessage.AggregatesModel.OrderMessage.OrderMessagePaymentTransactionViewModel>>+<>c__DisplayClass37_1
7ffcd431ac00      1         24 System.Text.Json.Serialization.Metadata.JsonTypeInfo<CommonApiMessage.AggregatesModel.OrderMessage.OrderMessagePaymentTransactionViewModel>+<>c__DisplayClass37_1
7ffcd431b610      1         24 System.Text.Json.Serialization.Metadata.JsonTypeInfo<System.Collections.Generic.List<CommonApiMessage.AggregatesModel.OrderMessage.OrderMessageCustomerViewModel>>+<>c__DisplayClass37_1
7ffcd431bfe8      1         24 System.Text.Json.Serialization.Metadata.JsonTypeInfo<CommonApiMessage.AggregatesModel.OrderMessage.OrderMessageCustomerViewModel>+<>c__DisplayClass37_1
7ffcd431c9f8      1         24 System.Text.Json.Serialization.Metadata.JsonTypeInfo<System.Collections.Generic.List<CommonApiMessage.AggregatesModel.OrderMessage.OrderMessageItemViewModel>>+<>c__DisplayClass37_1
7ffcd431d3d0      1         24 System.Text.Json.Serialization.Metadata.JsonTypeInfo<CommonApiMessage.AggregatesModel.OrderMessage.OrderMessageItemViewModel>+<>c__DisplayClass37_1
7ffcd4325560      1         24 System.Text.Json.Serialization.Metadata.JsonPropertyInfo<CommonApiMessage.AggregatesModel.OrderMessage.OrderMessageItemFulFillmentViewModel>+<>c__DisplayClass9_0
7ffcd4326718      1         24 System.Text.Json.Serialization.Metadata.JsonPropertyInfo<System.Collections.Generic.List<CommonApiMessage.AggregatesModel.OrderMessage.OrderMessageItemRemarkViewModel>>+<>c__DisplayClass9_0
7ffcd43278d0      1         24 System.Text.Json.Serialization.Metadata.JsonPropertyInfo<CommonApiMessage.AggregatesModel.OrderMessage.OrderMessageItemAmountViewModel>+<>c__DisplayClass9_0
7ffcd4328a88      1         24 System.Text.Json.Serialization.Metadata.JsonPropertyInfo<System.Collections.Generic.List<CommonApiMessage.AggregatesModel.OrderMessage.OrderMessageItemPaymentViewModel>>+<>c__DisplayClass9_0
7ffcd4329c40      1         24 System.Text.Json.Serialization.Metadata.JsonPropertyInfo<System.Collections.Generic.List<CommonApiMessage.AggregatesModel.OrderMessage.OrderMessageSubBarcodeViewModel>>+<>c__DisplayClass9_0
7ffcd432adf8      1         24 System.Text.Json.Serialization.Metadata.JsonPropertyInfo<CommonApiMessage.AggregatesModel.OrderMessage.OrderMessageItemPromotionViewModel>+<>c__DisplayClass9_0
7ffcd432bfb0      1         24 System.Text.Json.Serialization.Metadata.JsonPropertyInfo<System.Collections.Generic.List<CommonApiMessage.AggregatesModel.OrderMessage.OrderMessageItemPromotionsViewModel>>+<>c__DisplayClass9_0
7ffcd432cf60      1         24 System.Text.Json.Serialization.Metadata.JsonTypeInfo<CommonApiMessage.AggregatesModel.OrderMessage.OrderMessageItemFulFillmentViewModel>+<>c__DisplayClass37_1
7ffcd432f618      1         24 System.Text.Json.Serialization.Metadata.JsonPropertyInfo<System.Collections.Generic.List<CommonApiMessage.AggregatesModel.OrderMessage.OrderMessageItemDeliveryWindowViewModel>>+<>c__DisplayClass9_0
7ffcd4332548      1         24 System.Text.Json.Serialization.Metadata.JsonPropertyInfo<System.Collections.Generic.List<CommonApiMessage.AggregatesModel.OrderMessage.OrderMessageItemFulFillmentServiceTypeViewModel>>+<>c__DisplayClass9_0
7ffcd4333670      1         24 System.Text.Json.Serialization.Metadata.JsonTypeInfo<System.Collections.Generic.List<CommonApiMessage.AggregatesModel.OrderMessage.OrderMessageItemDeliveryWindowViewModel>>+<>c__DisplayClass37_1
7ffcd4334048      1         24 System.Text.Json.Serialization.Metadata.JsonTypeInfo<CommonApiMessage.AggregatesModel.OrderMessage.OrderMessageItemDeliveryWindowViewModel>+<>c__DisplayClass37_1
7ffcd4334a58      1         24 System.Text.Json.Serialization.Metadata.JsonTypeInfo<System.Collections.Generic.List<CommonApiMessage.AggregatesModel.OrderMessage.OrderMessageItemFulFillmentServiceTypeViewModel>>+<>c__DisplayClass37_1
7ffcd4335430      1         24 System.Text.Json.Serialization.Metadata.JsonTypeInfo<CommonApiMessage.AggregatesModel.OrderMessage.OrderMessageItemFulFillmentServiceTypeViewModel>+<>c__DisplayClass37_1
7ffcd4335e40      1         24 System.Text.Json.Serialization.Metadata.JsonTypeInfo<System.Collections.Generic.List<CommonApiMessage.AggregatesModel.OrderMessage.OrderMessageItemRemarkViewModel>>+<>c__DisplayClass37_1
7ffcd4336818      1         24 System.Text.Json.Serialization.Metadata.JsonTypeInfo<CommonApiMessage.AggregatesModel.OrderMessage.OrderMessageItemRemarkViewModel>+<>c__DisplayClass37_1
7ffcd43370b0      1         24 System.Text.Json.Serialization.Metadata.JsonTypeInfo<CommonApiMessage.AggregatesModel.OrderMessage.OrderMessageItemAmountViewModel>+<>c__DisplayClass37_1
7ffcd4338b00      1         24 System.Text.Json.Serialization.Metadata.JsonTypeInfo<CommonApiMessage.AggregatesModel.OrderMessage.OrderMessageItemAmountDetailViewModel>+<>c__DisplayClass37_1
7ffcd433c2e0      1         24 System.Text.Json.Serialization.Metadata.JsonTypeInfo<System.Collections.Generic.List<CommonApiMessage.AggregatesModel.OrderMessage.OrderMessageItemTaxViewModel>>+<>c__DisplayClass37_1
7ffcd433ccb8      1         24 System.Text.Json.Serialization.Metadata.JsonTypeInfo<CommonApiMessage.AggregatesModel.OrderMessage.OrderMessageItemTaxViewModel>+<>c__DisplayClass37_1
7ffcd433d6c8      1         24 System.Text.Json.Serialization.Metadata.JsonTypeInfo<System.Collections.Generic.List<CommonApiMessage.AggregatesModel.OrderMessage.OrderMessageItemPaymentViewModel>>+<>c__DisplayClass37_1
7ffcd433e0a0      1         24 System.Text.Json.Serialization.Metadata.JsonTypeInfo<CommonApiMessage.AggregatesModel.OrderMessage.OrderMessageItemPaymentViewModel>+<>c__DisplayClass37_1
7ffcd433eab0      1         24 System.Text.Json.Serialization.Metadata.JsonTypeInfo<System.Collections.Generic.List<CommonApiMessage.AggregatesModel.OrderMessage.OrderMessageSubBarcodeViewModel>>+<>c__DisplayClass37_1
7ffcd433f488      1         24 System.Text.Json.Serialization.Metadata.JsonTypeInfo<CommonApiMessage.AggregatesModel.OrderMessage.OrderMessageSubBarcodeViewModel>+<>c__DisplayClass37_1
7ffcd433fd20      1         24 System.Text.Json.Serialization.Metadata.JsonTypeInfo<CommonApiMessage.AggregatesModel.OrderMessage.OrderMessageItemPromotionViewModel>+<>c__DisplayClass37_1
7ffcd43424b8      1         24 System.Text.Json.Serialization.Metadata.JsonTypeInfo<System.Collections.Generic.List<CommonApiMessage.AggregatesModel.OrderMessage.OrderMessageItemPromotionsViewModel>>+<>c__DisplayClass37_1
7ffcd4342e90      1         24 System.Text.Json.Serialization.Metadata.JsonTypeInfo<CommonApiMessage.AggregatesModel.OrderMessage.OrderMessageItemPromotionsViewModel>+<>c__DisplayClass37_1
7ffcd43438a0      1         24 System.Text.Json.Serialization.Metadata.JsonTypeInfo<System.Collections.Generic.List<CommonApiMessage.AggregatesModel.OrderMessage.OrderMessagePromotionViewModel>>+<>c__DisplayClass37_1
7ffcd4344278      1         24 System.Text.Json.Serialization.Metadata.JsonTypeInfo<CommonApiMessage.AggregatesModel.OrderMessage.OrderMessagePromotionViewModel>+<>c__DisplayClass37_1
7ffcd4344d18      1         24 System.Text.Json.Serialization.Metadata.JsonPropertyInfo<CommonApiMessage.AggregatesModel.OrderMessage.OrderMessagePromotionAmountViewModel>+<>c__DisplayClass9_0
7ffcd43478e0      1         24 System.Text.Json.Serialization.Metadata.JsonTypeInfo<CommonApiMessage.AggregatesModel.OrderMessage.OrderMessagePromotionAmountViewModel>+<>c__DisplayClass37_1
7ffcd43482f0      1         24 System.Text.Json.Serialization.Metadata.JsonTypeInfo<System.Collections.Generic.List<CommonApiMessage.AggregatesModel.SubOrderMessage.SubOrderMessagePromotionViewModel>>+<>c__DisplayClass37_1
7ffcd4348cc8      1         24 System.Text.Json.Serialization.Metadata.JsonTypeInfo<CommonApiMessage.AggregatesModel.SubOrderMessage.SubOrderMessagePromotionViewModel>+<>c__DisplayClass37_1
7ffcd4349768      1         24 System.Text.Json.Serialization.Metadata.JsonPropertyInfo<CommonApiMessage.AggregatesModel.SubOrderMessage.SubOrderMessagePromotionAmountViewModel>+<>c__DisplayClass9_0
7ffcd434a718      1         24 System.Text.Json.Serialization.Metadata.JsonTypeInfo<CommonApiMessage.AggregatesModel.SubOrderMessage.SubOrderMessagePromotionAmountViewModel>+<>c__DisplayClass37_1
7ffcd434cd40      1         24 System.Text.Json.Serialization.Metadata.JsonTypeInfo<System.Collections.Generic.List<CommonApiMessage.AggregatesModel.SubOrderMessage.SubOrderMessageFeeViewModel>>+<>c__DisplayClass37_1
7ffcd434d718      1         24 System.Text.Json.Serialization.Metadata.JsonTypeInfo<CommonApiMessage.AggregatesModel.SubOrderMessage.SubOrderMessageFeeViewModel>+<>c__DisplayClass37_1
7ffcd434e1b8      1         24 System.Text.Json.Serialization.Metadata.JsonPropertyInfo<CommonApiMessage.AggregatesModel.SubOrderMessage.SubOrderMessageFeeAmountViewModel>+<>c__DisplayClass9_0
7ffcd434f370      1         24 System.Text.Json.Serialization.Metadata.JsonPropertyInfo<System.Collections.Generic.ICollection<CommonApiMessage.AggregatesModel.SubOrderMessage.SubOrderMessageFeePaymentViewModel>>+<>c__DisplayClass9_0
7ffcd4350430      1         24 System.Text.Json.Serialization.Metadata.JsonTypeInfo<CommonApiMessage.AggregatesModel.SubOrderMessage.SubOrderMessageFeeAmountViewModel>+<>c__DisplayClass37_1
7ffcd4351e80      1         24 System.Text.Json.Serialization.Metadata.JsonTypeInfo<CommonApiMessage.AggregatesModel.SubOrderMessage.SubOrderMessageFeeAmountDtlViewModel>+<>c__DisplayClass37_1
7ffcd4355c98      1         24 System.Text.Json.Serialization.Metadata.JsonTypeInfo<System.Collections.Generic.ICollection<CommonApiMessage.AggregatesModel.SubOrderMessage.SubOrderMessageFeeTaxViewModel>>+<>c__DisplayClass37_1
7ffcd4356670      1         24 System.Text.Json.Serialization.Metadata.JsonTypeInfo<CommonApiMessage.AggregatesModel.SubOrderMessage.SubOrderMessageFeeTaxViewModel>+<>c__DisplayClass37_1
7ffcd4357140      1         24 System.Text.Json.Serialization.Metadata.JsonTypeInfo<System.Collections.Generic.ICollection<CommonApiMessage.AggregatesModel.SubOrderMessage.SubOrderMessageFeePaymentViewModel>>+<>c__DisplayClass37_1
7ffcd4357b18      1         24 System.Text.Json.Serialization.Metadata.JsonTypeInfo<CommonApiMessage.AggregatesModel.SubOrderMessage.SubOrderMessageFeePaymentViewModel>+<>c__DisplayClass37_1
7ffcd4358580      1         24 System.Text.Json.Serialization.Metadata.JsonTypeInfo<System.Collections.Generic.List<CommonApiMessage.AggregatesModel.Package.PackageInfoMessageViewModel>>+<>c__DisplayClass37_1
7ffcd4358f58      1         24 System.Text.Json.Serialization.Metadata.JsonTypeInfo<CommonApiMessage.AggregatesModel.Package.PackageInfoMessageViewModel>+<>c__DisplayClass37_1
7ffcd435b580      1         24 System.Text.Json.Serialization.Metadata.JsonTypeInfo<System.Collections.Generic.List<CommonApiMessage.AggregatesModel.OrderMessage.OrderMessageAddressViewModel>>+<>c__DisplayClass37_1
7ffcd435bf58      1         24 System.Text.Json.Serialization.Metadata.JsonTypeInfo<CommonApiMessage.AggregatesModel.OrderMessage.OrderMessageAddressViewModel>+<>c__DisplayClass37_1
7ffcd43802f8      1         24 System.Text.Json.Serialization.Metadata.JsonTypeInfo<System.Collections.Generic.List<CommonApiMessage.AggregatesModel.Package.PackageTbMessage>>+<>c__DisplayClass37_1
7ffcd4380cd0      1         24 System.Text.Json.Serialization.Metadata.JsonTypeInfo<CommonApiMessage.AggregatesModel.Package.PackageTbMessage>+<>c__DisplayClass37_1
7ffcd4c65d88      1         24 Microsoft.Extensions.Caching.Memory.MemoryCache+<>c
7ffcd412df38      1         24 Microsoft.EntityFrameworkCore.Query.Internal.SplitQueryingEnumerable<Order.Infrastructure.Entities.SubOrderModels.SubOrderModel>+Enumerator+<>c
7ffcd412ea00      1         24 Microsoft.EntityFrameworkCore.Query.QuerySqlGenerator+<>c__53<Microsoft.EntityFrameworkCore.Query.SqlExpressions.OrderingExpression>
7ffcd3eaca58      1         24 System.Data.SqlTypes.SqlBinary
7ffcd40624f0      1         24 System.Collections.Generic.ObjectEqualityComparer<Order.Infrastructure.Entities.SubOrderModels.SubOrderRemarkModel>
7ffcd40119b0      1         24 System.Collections.Generic.ObjectEqualityComparer<Order.Infrastructure.Entities.SubOrderModels.SubOrderAddressModel>
7ffcd404fd20      1         24 System.Collections.Generic.ObjectEqualityComparer<Order.Infrastructure.Entities.SubOrderModels.SubOrderItemModel>
7ffcd4066d40      1         24 System.Collections.Generic.ObjectEqualityComparer<Order.Infrastructure.Entities.SubOrderModels.SubOrderPromotionModel>
7ffcd40795b8      1         24 System.Collections.Generic.ObjectEqualityComparer<Order.Infrastructure.Entities.SubOrderModels.SubOrderFeeModel>
7ffcd4150110      1         24 Microsoft.EntityFrameworkCore.Metadata.INavigationBase+<>c
7ffcd4154e08      1         24 Microsoft.EntityFrameworkCore.Query.RelationalShapedQueryCompilingExpressionVisitor+ShaperProcessingExpressionVisitor+<>c__26<Order.Infrastructure.Entities.SubOrderModels.SubOrderModel, Order.Infrastructure.Entities.SubOrderModels.SubOrderAddressModel>
7ffcd415cdc8      1         24 Microsoft.EntityFrameworkCore.Query.RelationalShapedQueryCompilingExpressionVisitor+ShaperProcessingExpressionVisitor+<>c__26<Order.Infrastructure.Entities.SubOrderModels.SubOrderModel, Order.Infrastructure.Entities.SubOrderModels.SubOrderItemModel>
7ffcd40492e8      1         24 System.Collections.Generic.ObjectEqualityComparer<Order.Infrastructure.Entities.SubOrderModels.SubOrderItemRemarkModel>
7ffcd4044f78      1         24 System.Collections.Generic.ObjectEqualityComparer<Order.Infrastructure.Entities.SubOrderModels.SubOrderItemPayModel>
7ffcd401db28      1         24 System.Collections.Generic.ObjectEqualityComparer<Order.Infrastructure.Entities.SubOrderModels.SubOrderItemTaxModel>
7ffcd415d668      1         24 Microsoft.EntityFrameworkCore.Query.RelationalShapedQueryCompilingExpressionVisitor+ShaperProcessingExpressionVisitor+<>c__26<Order.Infrastructure.Entities.SubOrderModels.SubOrderItemAmtDtlModel, Order.Infrastructure.Entities.SubOrderModels.SubOrderItemTaxModel>
7ffcd415d7c8      1         24 Microsoft.EntityFrameworkCore.Query.RelationalShapedQueryCompilingExpressionVisitor+ShaperProcessingExpressionVisitor+<>c__26<Order.Infrastructure.Entities.SubOrderModels.SubOrderItemFulFillmentModel, Order.Infrastructure.Entities.SubOrderModels.SubOrderItemDeliveryWindowModel>
7ffcd4162440      1         24 Microsoft.EntityFrameworkCore.Query.RelationalShapedQueryCompilingExpressionVisitor+ShaperProcessingExpressionVisitor+<>c__26<Order.Infrastructure.Entities.SubOrderModels.SubOrderItemModel, Order.Infrastructure.Entities.SubOrderModels.SubOrderItemPromotionsModel>
7ffcd4162750      1         24 Microsoft.EntityFrameworkCore.Query.RelationalShapedQueryCompilingExpressionVisitor+ShaperProcessingExpressionVisitor+<>c__26<Order.Infrastructure.Entities.SubOrderModels.SubOrderItemModel, Order.Infrastructure.Entities.SubOrderModels.SubOrderItemPayModel>
7ffcd41625a0      1         24 Microsoft.EntityFrameworkCore.Query.RelationalShapedQueryCompilingExpressionVisitor+ShaperProcessingExpressionVisitor+<>c__26<Order.Infrastructure.Entities.SubOrderModels.SubOrderItemPayModel, Order.Infrastructure.Entities.SubOrderModels.SubOrderItemTaxModel>
7ffcd4165060      1         24 Microsoft.EntityFrameworkCore.Query.RelationalShapedQueryCompilingExpressionVisitor+ShaperProcessingExpressionVisitor+<>c__26<Order.Infrastructure.Entities.SubOrderModels.SubOrderItemModel, Order.Infrastructure.Entities.SubOrderModels.SubOrderItemRemarkModel>
7ffcd41651c0      1         24 Microsoft.EntityFrameworkCore.Query.RelationalShapedQueryCompilingExpressionVisitor+ShaperProcessingExpressionVisitor+<>c__26<Order.Infrastructure.Entities.SubOrderModels.SubOrderItemModel, Order.Infrastructure.Entities.SubOrderModels.SubOrderItemBarcodeModel>
7ffcd4165a30      1         24 Microsoft.EntityFrameworkCore.Query.RelationalShapedQueryCompilingExpressionVisitor+ShaperProcessingExpressionVisitor+<>c__26<Order.Infrastructure.Entities.SubOrderModels.SubOrderModel, Order.Infrastructure.Entities.SubOrderModels.SubOrderRemarkModel>
7ffcd4168158      1         24 Microsoft.EntityFrameworkCore.Query.RelationalShapedQueryCompilingExpressionVisitor+ShaperProcessingExpressionVisitor+<>c__26<Order.Infrastructure.Entities.SubOrderModels.SubOrderModel, Order.Infrastructure.Entities.SubOrderModels.SubOrderPromotionModel>
7ffcd41682d8      1         24 Microsoft.EntityFrameworkCore.Query.RelationalShapedQueryCompilingExpressionVisitor+ShaperProcessingExpressionVisitor+<>c__26<Order.Infrastructure.Entities.SubOrderModels.SubOrderModel, Order.Infrastructure.Entities.SubOrderModels.SubOrderFeeModel>
7ffcd416ace8      1         24 Microsoft.EntityFrameworkCore.Internal.InternalDbSet<Order.Infrastructure.Entities.OrderItemInformation.OrderItemOtherInfoModel>+<>c
7ffcd416b878      1         24 Order.Infrastructure.Entities.OrderItemInformation.OrderItemOtherInfoModel[]
7ffcd416c0e8      1         24 Microsoft.EntityFrameworkCore.Query.Internal.CompiledQueryCache+<>c__3<System.Collections.Generic.IEnumerable<Order.Infrastructure.Entities.OrderItemInformation.OrderItemOtherInfoModel>>
7ffcd416f1d0      1         24 Microsoft.EntityFrameworkCore.Query.Internal.SingleQueryingEnumerable<Order.Infrastructure.Entities.OrderItemInformation.OrderItemOtherInfoModel>+Enumerator+<>c
7ffcd4180018      1         24 CommonApiMessage.AggregatesModel.SubOrderMessage.SubOrderMessageItemTaxViewModel[]
7ffcd4180548      1         24 CommonApiMessage.AggregatesModel.SubOrderMessage.SubOrderMessageItemPromotionsViewModel[]
7ffcd41808a0      1         24 CommonApiMessage.AggregatesModel.SubOrderMessage.SubOrderMessageItemRemarkViewModel[]
7ffcd4181580      1         24 CommonApiMessage.AggregatesModel.SubOrderMessage.SubOrderMessageItemSubBarcodeViewModel[]
7ffcd41820a0      1         24 Microsoft.EntityFrameworkCore.Internal.InternalDbSet<Order.Infrastructure.Entities.StoreLocation.StoreLocationModel>+<>c
7ffcd4183788      1         24 Microsoft.EntityFrameworkCore.Query.Internal.CompiledQueryCache+<>c__3<System.Collections.Generic.IEnumerable<Order.Infrastructure.Entities.StoreLocation.StoreLocationModel>>
7ffcd418a0a0      1         24 Microsoft.EntityFrameworkCore.Query.Internal.SingleQueryingEnumerable<Order.Infrastructure.Entities.StoreLocation.StoreLocationModel>+Enumerator+<>c
7ffcd418aa58      1         24 CommonApiMessage.AggregatesModel.SubOrderMessage.SubOrderMessageRemarkViewModel[]
7ffcd418ac10      1         24 CommonApiMessage.AggregatesModel.SubOrderMessage.SubOrderMessagePromotionViewModel[]
7ffcd418adc8      1         24 CommonApiMessage.AggregatesModel.SubOrderMessage.SubOrderMessageFeeViewModel[]
7ffcd418b880      1         24 Microsoft.EntityFrameworkCore.Internal.InternalDbSet<Order.Infrastructure.Entities.Package.PackageInfoModel>+<>c
7ffcd418cc80      1         24 Microsoft.EntityFrameworkCore.Query.Internal.CompiledQueryCache+<>c__3<System.Collections.Generic.IEnumerable<Order.Infrastructure.Entities.Package.PackageInfoModel>>
7ffcd418fd68      1         24 Microsoft.EntityFrameworkCore.Query.Internal.SingleQueryingEnumerable<Order.Infrastructure.Entities.Package.PackageInfoModel>+Enumerator+<>c
7ffcd41ff9d0      1         24 Microsoft.EntityFrameworkCore.Internal.InternalDbSet<Order.Infrastructure.Entities.Package.PackageTbModel>+<>c
7ffcd4200e80      1         24 Microsoft.EntityFrameworkCore.Query.Internal.CompiledQueryCache+<>c__3<System.Collections.Generic.IEnumerable<Order.Infrastructure.Entities.Package.PackageTbModel>>
7ffcd4206570      1         24 Microsoft.EntityFrameworkCore.Query.Internal.SingleQueryingEnumerable<Order.Infrastructure.Entities.Package.PackageTbModel>+Enumerator+<>c
7ffcd0ff70a8      1         24 Order.Business.Mediator.Handlers.Order.GetSubOrderHandler+<>c
7ffcd422acd0      1         24 System.Collections.Generic.ObjectEqualityComparer<<>f__AnonymousType14<System.String>>
7ffcd422c660      1         24 Microsoft.EntityFrameworkCore.Query.Internal.CompiledQueryCache+<>c__3<Order.Infrastructure.Entities.OrderReference.OrderReferenceModel>
7ffcd422fa60      1         24 Microsoft.EntityFrameworkCore.Internal.InternalDbSet<Order.Infrastructure.Entities.OrderModels.OrderModel>+<>c
7ffcd4231e98      1         24 Microsoft.EntityFrameworkCore.Query.Internal.CompiledQueryCache+<>c__3<Order.Infrastructure.Entities.OrderModels.OrderModel>
7ffcd3a0f370      1         24 Microsoft.EntityFrameworkCore.Query.SqlExpressions.SelectExpression+IdentifierComparer
7ffcd42367d0      1         24 System.Collections.Generic.GenericEqualityComparer<System.ValueTuple<Microsoft.EntityFrameworkCore.Query.SqlExpressions.ColumnExpression, Microsoft.EntityFrameworkCore.ChangeTracking.ValueComparer>>
7ffcd4254460      1         24 Microsoft.EntityFrameworkCore.Query.Internal.SingleQueryingEnumerable<Order.Infrastructure.Entities.OrderModels.OrderModel>+Enumerator+<>c
7ffcd4256378      1         24 System.Collections.Generic.ObjectEqualityComparer<Order.Infrastructure.Entities.OrderModels.OrderRemarkModel>
7ffcd423ec10      1         24 System.Collections.Generic.ObjectEqualityComparer<Order.Infrastructure.Entities.OrderModels.OrderCustomerModel>
7ffcd4256628      1         24 System.Collections.Generic.ObjectEqualityComparer<Order.Infrastructure.Entities.OrderModels.OrderAddressModel>
7ffcd42568d8      1         24 System.Collections.Generic.ObjectEqualityComparer<Order.Infrastructure.Entities.OrderModels.OrderPaymentModel>
7ffcd4256b88      1         24 System.Collections.Generic.ObjectEqualityComparer<Order.Infrastructure.Entities.OrderModels.OrderItemModel>
7ffcd4256e38      1         24 System.Collections.Generic.ObjectEqualityComparer<Order.Infrastructure.Entities.OrderModels.OrderPromotionModel>
7ffcd42570e8      1         24 System.Collections.Generic.ObjectEqualityComparer<Order.Infrastructure.Entities.OrderModels.OrderFeeModel>
7ffcd4258118      1         24 Microsoft.EntityFrameworkCore.Query.RelationalShapedQueryCompilingExpressionVisitor+ShaperProcessingExpressionVisitor+<>c__24<Order.Infrastructure.Entities.OrderModels.OrderModel, Order.Infrastructure.Entities.OrderModels.OrderCustomerModel>
7ffcd425bdc0      1         24 System.Collections.Generic.KeyValuePair<Microsoft.EntityFrameworkCore.Query.ProjectionMember, System.Linq.Expressions.Expression>[]
7ffcd427a8e0      1         24 Microsoft.EntityFrameworkCore.Query.Internal.SplitQueryingEnumerable<Order.Infrastructure.Entities.OrderModels.OrderModel>+Enumerator+<>c
7ffcd427a730      1         24 Microsoft.EntityFrameworkCore.Query.RelationalShapedQueryCompilingExpressionVisitor+ShaperProcessingExpressionVisitor+<>c__26<Order.Infrastructure.Entities.OrderModels.OrderModel, Order.Infrastructure.Entities.OrderModels.OrderPaymentModel>
7ffcd42716a8      1         24 System.Collections.Generic.ObjectEqualityComparer<Order.Infrastructure.Entities.OrderModels.OrderPaymentTransactionModel>
7ffcd427af98      1         24 Microsoft.EntityFrameworkCore.Query.RelationalShapedQueryCompilingExpressionVisitor+ShaperProcessingExpressionVisitor+<>c__26<Order.Infrastructure.Entities.OrderModels.OrderPaymentModel, Order.Infrastructure.Entities.OrderModels.OrderPaymentTransactionModel>
7ffcd427c950      1         24 CommonApiMessage.AggregatesModel.OrderMessage.OrderMessagePromotionViewModel[]
7ffcd427c9f8      1         24 Microsoft.EntityFrameworkCore.Internal.InternalDbSet<Order.Infrastructure.Entities.OrderModels.OrderPromotionModel>+<>c
7ffcd427e648      1         24 Microsoft.EntityFrameworkCore.Query.Internal.CompiledQueryCache+<>c__3<System.Collections.Generic.IEnumerable<Order.Infrastructure.Entities.OrderModels.OrderPromotionModel>>
7ffcd42969b0      1         24 Order.Infrastructure.Entities.Promotion.PromotionItemModel[]
7ffcd4295680      1         24 Microsoft.EntityFrameworkCore.Query.Internal.SingleQueryingEnumerable<Order.Infrastructure.Entities.OrderModels.OrderPromotionModel>+Enumerator+<>c
7ffcd427c310      1         24 Order.Infrastructure.Entities.OrderModels.OrderPromotionModel[]
7ffcd4295e90      1         24 CommonApiMessage.AggregatesModel.RewardPromotion.Internal.RewardItemPromotionViewModel[]
7ffcd4295f38      1         24 Microsoft.EntityFrameworkCore.Internal.InternalDbSet<Order.Infrastructure.Entities.Promotion.PromotionItemModel>+<>c
7ffcd4297220      1         24 Microsoft.EntityFrameworkCore.Query.Internal.CompiledQueryCache+<>c__3<System.Collections.Generic.IEnumerable<Order.Infrastructure.Entities.Promotion.PromotionItemModel>>
7ffcd429dcc0      1         24 Microsoft.EntityFrameworkCore.Query.Internal.SingleQueryingEnumerable<Order.Infrastructure.Entities.Promotion.PromotionItemModel>+Enumerator+<>c
7ffcd42a1b70      1         24 System.Collections.Generic.EnumEqualityComparer<Order.Business.EnumConfig.StatusCodeEnum>
7ffcd42a2db8      1         24 System.Text.Json.Serialization.Metadata.ReflectionEmitCachingMemberAccessor+Cache<System.ValueTuple<System.String, System.Type, System.Reflection.MemberInfo>>+<>c__6<System.Func<System.Object, System.Collections.Generic.List<System.String>>>
7ffcd42a35b0      1         24 System.Text.Json.Serialization.Metadata.ReflectionEmitCachingMemberAccessor+Cache<System.ValueTuple<System.String, System.Type, System.Reflection.MemberInfo>>+<>c__6<System.Action<System.Object, System.Collections.Generic.List<System.String>>>
7ffcd42a4520      1         24 System.Text.Json.Serialization.Metadata.ReflectionEmitCachingMemberAccessor+Cache<System.ValueTuple<System.String, System.Type, System.Reflection.MemberInfo>>+<>c__6<System.Func<System.Object, System.DateTime>>
7ffcd42a4cc8      1         24 System.Text.Json.Serialization.Metadata.ReflectionEmitCachingMemberAccessor+Cache<System.ValueTuple<System.String, System.Type, System.Reflection.MemberInfo>>+<>c__6<System.Action<System.Object, System.DateTime>>
7ffcd42a77d8      1         24 System.Text.Json.Serialization.Metadata.ReflectionEmitCachingMemberAccessor+Cache<System.ValueTuple<System.String, System.Type, System.Reflection.MemberInfo>>+<>c__6<System.Func<System.Object, System.Collections.Generic.List<CommonApiMessage.AggregatesModel.SubOrderMessage.SubOrderMessageRemarkViewModel>>>
7ffcd42a7fd0      1         24 System.Text.Json.Serialization.Metadata.ReflectionEmitCachingMemberAccessor+Cache<System.ValueTuple<System.String, System.Type, System.Reflection.MemberInfo>>+<>c__6<System.Action<System.Object, System.Collections.Generic.List<CommonApiMessage.AggregatesModel.SubOrderMessage.SubOrderMessageRemarkViewModel>>>
7ffcd42a8990      1         24 System.Text.Json.Serialization.Metadata.ReflectionEmitCachingMemberAccessor+Cache<System.ValueTuple<System.String, System.Type, System.Reflection.MemberInfo>>+<>c__6<System.Func<System.Object, System.Collections.Generic.List<CommonApiMessage.AggregatesModel.SubOrderMessage.SubOrderMessageAddressViewModel>>>
7ffcd42a9188      1         24 System.Text.Json.Serialization.Metadata.ReflectionEmitCachingMemberAccessor+Cache<System.ValueTuple<System.String, System.Type, System.Reflection.MemberInfo>>+<>c__6<System.Action<System.Object, System.Collections.Generic.List<CommonApiMessage.AggregatesModel.SubOrderMessage.SubOrderMessageAddressViewModel>>>
7ffcd42a9b48      1         24 System.Text.Json.Serialization.Metadata.ReflectionEmitCachingMemberAccessor+Cache<System.ValueTuple<System.String, System.Type, System.Reflection.MemberInfo>>+<>c__6<System.Func<System.Object, System.Collections.Generic.List<CommonApiMessage.AggregatesModel.SubOrderMessage.SubOrderMessageItemViewModel>>>
7ffcd42aa340      1         24 System.Text.Json.Serialization.Metadata.ReflectionEmitCachingMemberAccessor+Cache<System.ValueTuple<System.String, System.Type, System.Reflection.MemberInfo>>+<>c__6<System.Action<System.Object, System.Collections.Generic.List<CommonApiMessage.AggregatesModel.SubOrderMessage.SubOrderMessageItemViewModel>>>
7ffcd42aad00      1         24 System.Text.Json.Serialization.Metadata.ReflectionEmitCachingMemberAccessor+Cache<System.ValueTuple<System.String, System.Type, System.Reflection.MemberInfo>>+<>c__6<System.Func<System.Object, System.Collections.Generic.List<CommonApiMessage.AggregatesModel.OrderMessage.OrderMessagePaymentViewModel>>>
7ffcd42ab4f8      1         24 System.Text.Json.Serialization.Metadata.ReflectionEmitCachingMemberAccessor+Cache<System.ValueTuple<System.String, System.Type, System.Reflection.MemberInfo>>+<>c__6<System.Action<System.Object, System.Collections.Generic.List<CommonApiMessage.AggregatesModel.OrderMessage.OrderMessagePaymentViewModel>>>
7ffcd42abeb8      1         24 System.Text.Json.Serialization.Metadata.ReflectionEmitCachingMemberAccessor+Cache<System.ValueTuple<System.String, System.Type, System.Reflection.MemberInfo>>+<>c__6<System.Func<System.Object, System.Collections.Generic.List<CommonApiMessage.AggregatesModel.OrderMessage.OrderMessageCustomerViewModel>>>
7ffcd42ac6b0      1         24 System.Text.Json.Serialization.Metadata.ReflectionEmitCachingMemberAccessor+Cache<System.ValueTuple<System.String, System.Type, System.Reflection.MemberInfo>>+<>c__6<System.Action<System.Object, System.Collections.Generic.List<CommonApiMessage.AggregatesModel.OrderMessage.OrderMessageCustomerViewModel>>>
7ffcd42ad070      1         24 System.Text.Json.Serialization.Metadata.ReflectionEmitCachingMemberAccessor+Cache<System.ValueTuple<System.String, System.Type, System.Reflection.MemberInfo>>+<>c__6<System.Func<System.Object, System.Collections.Generic.List<CommonApiMessage.AggregatesModel.OrderMessage.OrderMessageItemViewModel>>>
7ffcd42ad868      1         24 System.Text.Json.Serialization.Metadata.ReflectionEmitCachingMemberAccessor+Cache<System.ValueTuple<System.String, System.Type, System.Reflection.MemberInfo>>+<>c__6<System.Action<System.Object, System.Collections.Generic.List<CommonApiMessage.AggregatesModel.OrderMessage.OrderMessageItemViewModel>>>
7ffcd42ae228      1         24 System.Text.Json.Serialization.Metadata.ReflectionEmitCachingMemberAccessor+Cache<System.ValueTuple<System.String, System.Type, System.Reflection.MemberInfo>>+<>c__6<System.Func<System.Object, System.Collections.Generic.List<CommonApiMessage.AggregatesModel.OrderMessage.OrderMessagePromotionViewModel>>>
7ffcd42aea20      1         24 System.Text.Json.Serialization.Metadata.ReflectionEmitCachingMemberAccessor+Cache<System.ValueTuple<System.String, System.Type, System.Reflection.MemberInfo>>+<>c__6<System.Action<System.Object, System.Collections.Generic.List<CommonApiMessage.AggregatesModel.OrderMessage.OrderMessagePromotionViewModel>>>
7ffcd42af3e0      1         24 System.Text.Json.Serialization.Metadata.ReflectionEmitCachingMemberAccessor+Cache<System.ValueTuple<System.String, System.Type, System.Reflection.MemberInfo>>+<>c__6<System.Func<System.Object, System.Collections.Generic.List<CommonApiMessage.AggregatesModel.SubOrderMessage.SubOrderMessagePromotionViewModel>>>
7ffcd42afbd8      1         24 System.Text.Json.Serialization.Metadata.ReflectionEmitCachingMemberAccessor+Cache<System.ValueTuple<System.String, System.Type, System.Reflection.MemberInfo>>+<>c__6<System.Action<System.Object, System.Collections.Generic.List<CommonApiMessage.AggregatesModel.SubOrderMessage.SubOrderMessagePromotionViewModel>>>
7ffcd42b05c8      1         24 System.Text.Json.Serialization.Metadata.ReflectionEmitCachingMemberAccessor+Cache<System.ValueTuple<System.String, System.Type, System.Reflection.MemberInfo>>+<>c__6<System.Func<System.Object, System.Collections.Generic.List<CommonApiMessage.AggregatesModel.SubOrderMessage.SubOrderMessageFeeViewModel>>>
7ffcd42b0dc0      1         24 System.Text.Json.Serialization.Metadata.ReflectionEmitCachingMemberAccessor+Cache<System.ValueTuple<System.String, System.Type, System.Reflection.MemberInfo>>+<>c__6<System.Action<System.Object, System.Collections.Generic.List<CommonApiMessage.AggregatesModel.SubOrderMessage.SubOrderMessageFeeViewModel>>>
7ffcd42b1780      1         24 System.Text.Json.Serialization.Metadata.ReflectionEmitCachingMemberAccessor+Cache<System.ValueTuple<System.String, System.Type, System.Reflection.MemberInfo>>+<>c__6<System.Func<System.Object, System.Collections.Generic.List<CommonApiMessage.AggregatesModel.Package.PackageInfoMessageViewModel>>>
7ffcd42b1f78      1         24 System.Text.Json.Serialization.Metadata.ReflectionEmitCachingMemberAccessor+Cache<System.ValueTuple<System.String, System.Type, System.Reflection.MemberInfo>>+<>c__6<System.Action<System.Object, System.Collections.Generic.List<CommonApiMessage.AggregatesModel.Package.PackageInfoMessageViewModel>>>
7ffcd42b2938      1         24 System.Text.Json.Serialization.Metadata.ReflectionEmitCachingMemberAccessor+Cache<System.ValueTuple<System.String, System.Type, System.Reflection.MemberInfo>>+<>c__6<System.Func<System.Object, System.Collections.Generic.List<CommonApiMessage.AggregatesModel.OrderMessage.OrderMessageAddressViewModel>>>
7ffcd42b3130      1         24 System.Text.Json.Serialization.Metadata.ReflectionEmitCachingMemberAccessor+Cache<System.ValueTuple<System.String, System.Type, System.Reflection.MemberInfo>>+<>c__6<System.Action<System.Object, System.Collections.Generic.List<CommonApiMessage.AggregatesModel.OrderMessage.OrderMessageAddressViewModel>>>
7ffcd42b5708      1         24 System.Text.Json.Serialization.Metadata.ReflectionEmitCachingMemberAccessor+Cache<System.ValueTuple<System.String, System.Type, System.Reflection.MemberInfo>>+<>c__6<System.Func<System.Object, System.Collections.Generic.List<CommonApiMessage.AggregatesModel.Package.PackageTbMessage>>>
7ffcd42b5f00      1         24 System.Text.Json.Serialization.Metadata.ReflectionEmitCachingMemberAccessor+Cache<System.ValueTuple<System.String, System.Type, System.Reflection.MemberInfo>>+<>c__6<System.Action<System.Object, System.Collections.Generic.List<CommonApiMessage.AggregatesModel.Package.PackageTbMessage>>>
7ffcd42c2140      1         24 System.Text.Json.Serialization.Metadata.ReflectionEmitCachingMemberAccessor+Cache<System.ValueTuple<System.String, System.Type, System.Reflection.MemberInfo>>+<>c__6<System.Func<System.Object, System.Decimal>>
7ffcd42c28e8      1         24 System.Text.Json.Serialization.Metadata.ReflectionEmitCachingMemberAccessor+Cache<System.ValueTuple<System.String, System.Type, System.Reflection.MemberInfo>>+<>c__6<System.Action<System.Object, System.Decimal>>
7ffcd42c7c68      1         24 System.Text.Json.Serialization.Metadata.ReflectionEmitCachingMemberAccessor+Cache<System.ValueTuple<System.String, System.Type, System.Reflection.MemberInfo>>+<>c__6<System.Action<System.Object, System.Int64>>
7ffcd42c9368      1         24 System.Text.Json.Serialization.Metadata.ReflectionEmitCachingMemberAccessor+Cache<System.ValueTuple<System.String, System.Type, System.Reflection.MemberInfo>>+<>c__6<System.Func<System.Object, System.Nullable<System.Int64>>>
7ffcd42c9b10      1         24 System.Text.Json.Serialization.Metadata.ReflectionEmitCachingMemberAccessor+Cache<System.ValueTuple<System.String, System.Type, System.Reflection.MemberInfo>>+<>c__6<System.Action<System.Object, System.Nullable<System.Int64>>>
7ffcd42ce238      1         24 System.Text.Json.Serialization.Metadata.ReflectionEmitCachingMemberAccessor+Cache<System.ValueTuple<System.String, System.Type, System.Reflection.MemberInfo>>+<>c__6<System.Func<System.Object, CommonApiMessage.AggregatesModel.SubOrderMessage.SubOrderMessageItemPromotionViewModel>>
7ffcd42cea30      1         24 System.Text.Json.Serialization.Metadata.ReflectionEmitCachingMemberAccessor+Cache<System.ValueTuple<System.String, System.Type, System.Reflection.MemberInfo>>+<>c__6<System.Action<System.Object, CommonApiMessage.AggregatesModel.SubOrderMessage.SubOrderMessageItemPromotionViewModel>>
7ffcd42cf3f0      1         24 System.Text.Json.Serialization.Metadata.ReflectionEmitCachingMemberAccessor+Cache<System.ValueTuple<System.String, System.Type, System.Reflection.MemberInfo>>+<>c__6<System.Func<System.Object, CommonApiMessage.AggregatesModel.SubOrderMessage.SubOrderMessageItemFulFillmentViewModel>>
7ffcd42cfbe8      1         24 System.Text.Json.Serialization.Metadata.ReflectionEmitCachingMemberAccessor+Cache<System.ValueTuple<System.String, System.Type, System.Reflection.MemberInfo>>+<>c__6<System.Action<System.Object, CommonApiMessage.AggregatesModel.SubOrderMessage.SubOrderMessageItemFulFillmentViewModel>>
7ffcd42f05c8      1         24 System.Text.Json.Serialization.Metadata.ReflectionEmitCachingMemberAccessor+Cache<System.ValueTuple<System.String, System.Type, System.Reflection.MemberInfo>>+<>c__6<System.Func<System.Object, System.Collections.Generic.List<CommonApiMessage.AggregatesModel.SubOrderMessage.SubOrderMessageItemRemarkViewModel>>>
7ffcd42f0dc0      1         24 System.Text.Json.Serialization.Metadata.ReflectionEmitCachingMemberAccessor+Cache<System.ValueTuple<System.String, System.Type, System.Reflection.MemberInfo>>+<>c__6<System.Action<System.Object, System.Collections.Generic.List<CommonApiMessage.AggregatesModel.SubOrderMessage.SubOrderMessageItemRemarkViewModel>>>
7ffcd42f1780      1         24 System.Text.Json.Serialization.Metadata.ReflectionEmitCachingMemberAccessor+Cache<System.ValueTuple<System.String, System.Type, System.Reflection.MemberInfo>>+<>c__6<System.Func<System.Object, CommonApiMessage.AggregatesModel.SubOrderMessage.SubOrderMessageItemAmountViewModel>>
7ffcd42f1f78      1         24 System.Text.Json.Serialization.Metadata.ReflectionEmitCachingMemberAccessor+Cache<System.ValueTuple<System.String, System.Type, System.Reflection.MemberInfo>>+<>c__6<System.Action<System.Object, CommonApiMessage.AggregatesModel.SubOrderMessage.SubOrderMessageItemAmountViewModel>>
7ffcd42f2938      1         24 System.Text.Json.Serialization.Metadata.ReflectionEmitCachingMemberAccessor+Cache<System.ValueTuple<System.String, System.Type, System.Reflection.MemberInfo>>+<>c__6<System.Func<System.Object, System.Collections.Generic.List<CommonApiMessage.AggregatesModel.SubOrderMessage.SubOrderMessageItemPaymentViewModel>>>
7ffcd42f3130      1         24 System.Text.Json.Serialization.Metadata.ReflectionEmitCachingMemberAccessor+Cache<System.ValueTuple<System.String, System.Type, System.Reflection.MemberInfo>>+<>c__6<System.Action<System.Object, System.Collections.Generic.List<CommonApiMessage.AggregatesModel.SubOrderMessage.SubOrderMessageItemPaymentViewModel>>>
7ffcd42f3af0      1         24 System.Text.Json.Serialization.Metadata.ReflectionEmitCachingMemberAccessor+Cache<System.ValueTuple<System.String, System.Type, System.Reflection.MemberInfo>>+<>c__6<System.Func<System.Object, System.Collections.Generic.List<CommonApiMessage.AggregatesModel.SubOrderMessage.SubOrderMessageItemSubBarcodeViewModel>>>
7ffcd42f42e8      1         24 System.Text.Json.Serialization.Metadata.ReflectionEmitCachingMemberAccessor+Cache<System.ValueTuple<System.String, System.Type, System.Reflection.MemberInfo>>+<>c__6<System.Action<System.Object, System.Collections.Generic.List<CommonApiMessage.AggregatesModel.SubOrderMessage.SubOrderMessageItemSubBarcodeViewModel>>>
7ffcd42f4ca8      1         24 System.Text.Json.Serialization.Metadata.ReflectionEmitCachingMemberAccessor+Cache<System.ValueTuple<System.String, System.Type, System.Reflection.MemberInfo>>+<>c__6<System.Func<System.Object, System.Collections.Generic.List<CommonApiMessage.AggregatesModel.SubOrderMessage.SubOrderMessageItemPromotionsViewModel>>>
7ffcd42f54a0      1         24 System.Text.Json.Serialization.Metadata.ReflectionEmitCachingMemberAccessor+Cache<System.ValueTuple<System.String, System.Type, System.Reflection.MemberInfo>>+<>c__6<System.Action<System.Object, System.Collections.Generic.List<CommonApiMessage.AggregatesModel.SubOrderMessage.SubOrderMessageItemPromotionsViewModel>>>
7ffcd42fb720      1         24 System.Text.Json.Serialization.Metadata.ReflectionEmitCachingMemberAccessor+Cache<System.ValueTuple<System.String, System.Type, System.Reflection.MemberInfo>>+<>c__6<System.Func<System.Object, System.Nullable<System.Decimal>>>
7ffcd42fbec8      1         24 System.Text.Json.Serialization.Metadata.ReflectionEmitCachingMemberAccessor+Cache<System.ValueTuple<System.String, System.Type, System.Reflection.MemberInfo>>+<>c__6<System.Action<System.Object, System.Nullable<System.Decimal>>>
7ffcd42ff318      1         24 System.Text.Json.Serialization.Metadata.ReflectionEmitCachingMemberAccessor+Cache<System.ValueTuple<System.String, System.Type, System.Reflection.MemberInfo>>+<>c__6<System.Func<System.Object, System.Nullable<System.DateTime>>>
7ffcd42ffac0      1         24 System.Text.Json.Serialization.Metadata.ReflectionEmitCachingMemberAccessor+Cache<System.ValueTuple<System.String, System.Type, System.Reflection.MemberInfo>>+<>c__6<System.Action<System.Object, System.Nullable<System.DateTime>>>
7ffcd43009b8      1         24 System.Text.Json.Serialization.Metadata.ReflectionEmitCachingMemberAccessor+Cache<System.ValueTuple<System.String, System.Type, System.Reflection.MemberInfo>>+<>c__6<System.Func<System.Object, System.Collections.Generic.List<CommonApiMessage.AggregatesModel.SubOrderMessage.SubOrderMessageItemDeliveryWindowViewModel>>>
7ffcd43011b0      1         24 System.Text.Json.Serialization.Metadata.ReflectionEmitCachingMemberAccessor+Cache<System.ValueTuple<System.String, System.Type, System.Reflection.MemberInfo>>+<>c__6<System.Action<System.Object, System.Collections.Generic.List<CommonApiMessage.AggregatesModel.SubOrderMessage.SubOrderMessageItemDeliveryWindowViewModel>>>
7ffcd4303788      1         24 System.Text.Json.Serialization.Metadata.ReflectionEmitCachingMemberAccessor+Cache<System.ValueTuple<System.String, System.Type, System.Reflection.MemberInfo>>+<>c__6<System.Func<System.Object, System.Collections.Generic.List<CommonApiMessage.AggregatesModel.SubOrderMessage.SubOrderMessageItemFulFillmentServiceTypeViewModel>>>
7ffcd4303f80      1         24 System.Text.Json.Serialization.Metadata.ReflectionEmitCachingMemberAccessor+Cache<System.ValueTuple<System.String, System.Type, System.Reflection.MemberInfo>>+<>c__6<System.Action<System.Object, System.Collections.Generic.List<CommonApiMessage.AggregatesModel.SubOrderMessage.SubOrderMessageItemFulFillmentServiceTypeViewModel>>>
7ffcd430c0b8      1         24 System.Text.Json.Serialization.Metadata.ReflectionEmitCachingMemberAccessor+Cache<System.ValueTuple<System.String, System.Type, System.Reflection.MemberInfo>>+<>c__6<System.Func<System.Object, CommonApiMessage.AggregatesModel.SubOrderMessage.SubOrderMessageItemAmountDetailViewModel>>
7ffcd430c8b0      1         24 System.Text.Json.Serialization.Metadata.ReflectionEmitCachingMemberAccessor+Cache<System.ValueTuple<System.String, System.Type, System.Reflection.MemberInfo>>+<>c__6<System.Action<System.Object, CommonApiMessage.AggregatesModel.SubOrderMessage.SubOrderMessageItemAmountDetailViewModel>>
7ffcd430db08      1         24 System.Text.Json.Serialization.Metadata.ReflectionEmitCachingMemberAccessor+Cache<System.ValueTuple<System.String, System.Type, System.Reflection.MemberInfo>>+<>c__6<System.Func<System.Object, System.Collections.Generic.List<CommonApiMessage.AggregatesModel.SubOrderMessage.SubOrderMessageItemTaxViewModel>>>
7ffcd430e300      1         24 System.Text.Json.Serialization.Metadata.ReflectionEmitCachingMemberAccessor+Cache<System.ValueTuple<System.String, System.Type, System.Reflection.MemberInfo>>+<>c__6<System.Action<System.Object, System.Collections.Generic.List<CommonApiMessage.AggregatesModel.SubOrderMessage.SubOrderMessageItemTaxViewModel>>>
7ffcd4318d98      1         24 System.Text.Json.Serialization.Metadata.ReflectionEmitCachingMemberAccessor+Cache<System.ValueTuple<System.String, System.Type, System.Reflection.MemberInfo>>+<>c__6<System.Func<System.Object, System.Collections.Generic.List<CommonApiMessage.AggregatesModel.OrderMessage.OrderMessagePaymentTransactionViewModel>>>
7ffcd4319590      1         24 System.Text.Json.Serialization.Metadata.ReflectionEmitCachingMemberAccessor+Cache<System.ValueTuple<System.String, System.Type, System.Reflection.MemberInfo>>+<>c__6<System.Action<System.Object, System.Collections.Generic.List<CommonApiMessage.AggregatesModel.OrderMessage.OrderMessagePaymentTransactionViewModel>>>
7ffcd43251f8      1         24 System.Text.Json.Serialization.Metadata.ReflectionEmitCachingMemberAccessor+Cache<System.ValueTuple<System.String, System.Type, System.Reflection.MemberInfo>>+<>c__6<System.Func<System.Object, CommonApiMessage.AggregatesModel.OrderMessage.OrderMessageItemFulFillmentViewModel>>
7ffcd43259f0      1         24 System.Text.Json.Serialization.Metadata.ReflectionEmitCachingMemberAccessor+Cache<System.ValueTuple<System.String, System.Type, System.Reflection.MemberInfo>>+<>c__6<System.Action<System.Object, CommonApiMessage.AggregatesModel.OrderMessage.OrderMessageItemFulFillmentViewModel>>
7ffcd43263b0      1         24 System.Text.Json.Serialization.Metadata.ReflectionEmitCachingMemberAccessor+Cache<System.ValueTuple<System.String, System.Type, System.Reflection.MemberInfo>>+<>c__6<System.Func<System.Object, System.Collections.Generic.List<CommonApiMessage.AggregatesModel.OrderMessage.OrderMessageItemRemarkViewModel>>>
7ffcd4326ba8      1         24 System.Text.Json.Serialization.Metadata.ReflectionEmitCachingMemberAccessor+Cache<System.ValueTuple<System.String, System.Type, System.Reflection.MemberInfo>>+<>c__6<System.Action<System.Object, System.Collections.Generic.List<CommonApiMessage.AggregatesModel.OrderMessage.OrderMessageItemRemarkViewModel>>>
7ffcd4327568      1         24 System.Text.Json.Serialization.Metadata.ReflectionEmitCachingMemberAccessor+Cache<System.ValueTuple<System.String, System.Type, System.Reflection.MemberInfo>>+<>c__6<System.Func<System.Object, CommonApiMessage.AggregatesModel.OrderMessage.OrderMessageItemAmountViewModel>>
7ffcd4327d60      1         24 System.Text.Json.Serialization.Metadata.ReflectionEmitCachingMemberAccessor+Cache<System.ValueTuple<System.String, System.Type, System.Reflection.MemberInfo>>+<>c__6<System.Action<System.Object, CommonApiMessage.AggregatesModel.OrderMessage.OrderMessageItemAmountViewModel>>
7ffcd4328720      1         24 System.Text.Json.Serialization.Metadata.ReflectionEmitCachingMemberAccessor+Cache<System.ValueTuple<System.String, System.Type, System.Reflection.MemberInfo>>+<>c__6<System.Func<System.Object, System.Collections.Generic.List<CommonApiMessage.AggregatesModel.OrderMessage.OrderMessageItemPaymentViewModel>>>
7ffcd4328f18      1         24 System.Text.Json.Serialization.Metadata.ReflectionEmitCachingMemberAccessor+Cache<System.ValueTuple<System.String, System.Type, System.Reflection.MemberInfo>>+<>c__6<System.Action<System.Object, System.Collections.Generic.List<CommonApiMessage.AggregatesModel.OrderMessage.OrderMessageItemPaymentViewModel>>>
7ffcd43298d8      1         24 System.Text.Json.Serialization.Metadata.ReflectionEmitCachingMemberAccessor+Cache<System.ValueTuple<System.String, System.Type, System.Reflection.MemberInfo>>+<>c__6<System.Func<System.Object, System.Collections.Generic.List<CommonApiMessage.AggregatesModel.OrderMessage.OrderMessageSubBarcodeViewModel>>>
7ffcd432a0d0      1         24 System.Text.Json.Serialization.Metadata.ReflectionEmitCachingMemberAccessor+Cache<System.ValueTuple<System.String, System.Type, System.Reflection.MemberInfo>>+<>c__6<System.Action<System.Object, System.Collections.Generic.List<CommonApiMessage.AggregatesModel.OrderMessage.OrderMessageSubBarcodeViewModel>>>
7ffcd432aa90      1         24 System.Text.Json.Serialization.Metadata.ReflectionEmitCachingMemberAccessor+Cache<System.ValueTuple<System.String, System.Type, System.Reflection.MemberInfo>>+<>c__6<System.Func<System.Object, CommonApiMessage.AggregatesModel.OrderMessage.OrderMessageItemPromotionViewModel>>
7ffcd432b288      1         24 System.Text.Json.Serialization.Metadata.ReflectionEmitCachingMemberAccessor+Cache<System.ValueTuple<System.String, System.Type, System.Reflection.MemberInfo>>+<>c__6<System.Action<System.Object, CommonApiMessage.AggregatesModel.OrderMessage.OrderMessageItemPromotionViewModel>>
7ffcd432bc48      1         24 System.Text.Json.Serialization.Metadata.ReflectionEmitCachingMemberAccessor+Cache<System.ValueTuple<System.String, System.Type, System.Reflection.MemberInfo>>+<>c__6<System.Func<System.Object, System.Collections.Generic.List<CommonApiMessage.AggregatesModel.OrderMessage.OrderMessageItemPromotionsViewModel>>>
7ffcd432c440      1         24 System.Text.Json.Serialization.Metadata.ReflectionEmitCachingMemberAccessor+Cache<System.ValueTuple<System.String, System.Type, System.Reflection.MemberInfo>>+<>c__6<System.Action<System.Object, System.Collections.Generic.List<CommonApiMessage.AggregatesModel.OrderMessage.OrderMessageItemPromotionsViewModel>>>
7ffcd432f2b0      1         24 System.Text.Json.Serialization.Metadata.ReflectionEmitCachingMemberAccessor+Cache<System.ValueTuple<System.String, System.Type, System.Reflection.MemberInfo>>+<>c__6<System.Func<System.Object, System.Collections.Generic.List<CommonApiMessage.AggregatesModel.OrderMessage.OrderMessageItemDeliveryWindowViewModel>>>
7ffcd432faa8      1         24 System.Text.Json.Serialization.Metadata.ReflectionEmitCachingMemberAccessor+Cache<System.ValueTuple<System.String, System.Type, System.Reflection.MemberInfo>>+<>c__6<System.Action<System.Object, System.Collections.Generic.List<CommonApiMessage.AggregatesModel.OrderMessage.OrderMessageItemDeliveryWindowViewModel>>>
7ffcd43321e0      1         24 System.Text.Json.Serialization.Metadata.ReflectionEmitCachingMemberAccessor+Cache<System.ValueTuple<System.String, System.Type, System.Reflection.MemberInfo>>+<>c__6<System.Func<System.Object, System.Collections.Generic.List<CommonApiMessage.AggregatesModel.OrderMessage.OrderMessageItemFulFillmentServiceTypeViewModel>>>
7ffcd43329d8      1         24 System.Text.Json.Serialization.Metadata.ReflectionEmitCachingMemberAccessor+Cache<System.ValueTuple<System.String, System.Type, System.Reflection.MemberInfo>>+<>c__6<System.Action<System.Object, System.Collections.Generic.List<CommonApiMessage.AggregatesModel.OrderMessage.OrderMessageItemFulFillmentServiceTypeViewModel>>>
7ffcd43377e8      1         24 System.Text.Json.Serialization.Metadata.ReflectionEmitCachingMemberAccessor+Cache<System.ValueTuple<System.String, System.Type, System.Reflection.MemberInfo>>+<>c__6<System.Func<System.Object, CommonApiMessage.AggregatesModel.OrderMessage.OrderMessageItemAmountDetailViewModel>>
7ffcd4337fe0      1         24 System.Text.Json.Serialization.Metadata.ReflectionEmitCachingMemberAccessor+Cache<System.ValueTuple<System.String, System.Type, System.Reflection.MemberInfo>>+<>c__6<System.Action<System.Object, CommonApiMessage.AggregatesModel.OrderMessage.OrderMessageItemAmountDetailViewModel>>
7ffcd433ae50      1         24 System.Text.Json.Serialization.Metadata.ReflectionEmitCachingMemberAccessor+Cache<System.ValueTuple<System.String, System.Type, System.Reflection.MemberInfo>>+<>c__6<System.Func<System.Object, System.Collections.Generic.List<CommonApiMessage.AggregatesModel.OrderMessage.OrderMessageItemTaxViewModel>>>
7ffcd433b648      1         24 System.Text.Json.Serialization.Metadata.ReflectionEmitCachingMemberAccessor+Cache<System.ValueTuple<System.String, System.Type, System.Reflection.MemberInfo>>+<>c__6<System.Action<System.Object, System.Collections.Generic.List<CommonApiMessage.AggregatesModel.OrderMessage.OrderMessageItemTaxViewModel>>>
7ffcd43449b0      1         24 System.Text.Json.Serialization.Metadata.ReflectionEmitCachingMemberAccessor+Cache<System.ValueTuple<System.String, System.Type, System.Reflection.MemberInfo>>+<>c__6<System.Func<System.Object, CommonApiMessage.AggregatesModel.OrderMessage.OrderMessagePromotionAmountViewModel>>
7ffcd43451a8      1         24 System.Text.Json.Serialization.Metadata.ReflectionEmitCachingMemberAccessor+Cache<System.ValueTuple<System.String, System.Type, System.Reflection.MemberInfo>>+<>c__6<System.Action<System.Object, CommonApiMessage.AggregatesModel.OrderMessage.OrderMessagePromotionAmountViewModel>>
7ffcd4349400      1         24 System.Text.Json.Serialization.Metadata.ReflectionEmitCachingMemberAccessor+Cache<System.ValueTuple<System.String, System.Type, System.Reflection.MemberInfo>>+<>c__6<System.Func<System.Object, CommonApiMessage.AggregatesModel.SubOrderMessage.SubOrderMessagePromotionAmountViewModel>>
7ffcd4349bf8      1         24 System.Text.Json.Serialization.Metadata.ReflectionEmitCachingMemberAccessor+Cache<System.ValueTuple<System.String, System.Type, System.Reflection.MemberInfo>>+<>c__6<System.Action<System.Object, CommonApiMessage.AggregatesModel.SubOrderMessage.SubOrderMessagePromotionAmountViewModel>>
7ffcd434de50      1         24 System.Text.Json.Serialization.Metadata.ReflectionEmitCachingMemberAccessor+Cache<System.ValueTuple<System.String, System.Type, System.Reflection.MemberInfo>>+<>c__6<System.Func<System.Object, CommonApiMessage.AggregatesModel.SubOrderMessage.SubOrderMessageFeeAmountViewModel>>
7ffcd434e648      1         24 System.Text.Json.Serialization.Metadata.ReflectionEmitCachingMemberAccessor+Cache<System.ValueTuple<System.String, System.Type, System.Reflection.MemberInfo>>+<>c__6<System.Action<System.Object, CommonApiMessage.AggregatesModel.SubOrderMessage.SubOrderMessageFeeAmountViewModel>>
7ffcd434f008      1         24 System.Text.Json.Serialization.Metadata.ReflectionEmitCachingMemberAccessor+Cache<System.ValueTuple<System.String, System.Type, System.Reflection.MemberInfo>>+<>c__6<System.Func<System.Object, System.Collections.Generic.ICollection<CommonApiMessage.AggregatesModel.SubOrderMessage.SubOrderMessageFeePaymentViewModel>>>
7ffcd434f800      1         24 System.Text.Json.Serialization.Metadata.ReflectionEmitCachingMemberAccessor+Cache<System.ValueTuple<System.String, System.Type, System.Reflection.MemberInfo>>+<>c__6<System.Action<System.Object, System.Collections.Generic.ICollection<CommonApiMessage.AggregatesModel.SubOrderMessage.SubOrderMessageFeePaymentViewModel>>>
7ffcd4350b68      1         24 System.Text.Json.Serialization.Metadata.ReflectionEmitCachingMemberAccessor+Cache<System.ValueTuple<System.String, System.Type, System.Reflection.MemberInfo>>+<>c__6<System.Func<System.Object, CommonApiMessage.AggregatesModel.SubOrderMessage.SubOrderMessageFeeAmountDtlViewModel>>
7ffcd4351360      1         24 System.Text.Json.Serialization.Metadata.ReflectionEmitCachingMemberAccessor+Cache<System.ValueTuple<System.String, System.Type, System.Reflection.MemberInfo>>+<>c__6<System.Action<System.Object, CommonApiMessage.AggregatesModel.SubOrderMessage.SubOrderMessageFeeAmountDtlViewModel>>
7ffcd43541d0      1         24 System.Text.Json.Serialization.Metadata.ReflectionEmitCachingMemberAccessor+Cache<System.ValueTuple<System.String, System.Type, System.Reflection.MemberInfo>>+<>c__6<System.Func<System.Object, System.Collections.Generic.ICollection<CommonApiMessage.AggregatesModel.SubOrderMessage.SubOrderMessageFeeTaxViewModel>>>
7ffcd43549c8      1         24 System.Text.Json.Serialization.Metadata.ReflectionEmitCachingMemberAccessor+Cache<System.ValueTuple<System.String, System.Type, System.Reflection.MemberInfo>>+<>c__6<System.Action<System.Object, System.Collections.Generic.ICollection<CommonApiMessage.AggregatesModel.SubOrderMessage.SubOrderMessageFeeTaxViewModel>>>
7ffcd4355ba0      1         24 System.Text.Json.Serialization.Converters.ICollectionOfTConverter<System.Collections.Generic.ICollection<CommonApiMessage.AggregatesModel.SubOrderMessage.SubOrderMessageFeeTaxViewModel>, CommonApiMessage.AggregatesModel.SubOrderMessage.SubOrderMessageFeeTaxViewModel>+<>c
7ffcd4357068      1         24 System.Text.Json.Serialization.Converters.ICollectionOfTConverter<System.Collections.Generic.ICollection<CommonApiMessage.AggregatesModel.SubOrderMessage.SubOrderMessageFeePaymentViewModel>, CommonApiMessage.AggregatesModel.SubOrderMessage.SubOrderMessageFeePaymentViewModel>+<>c
7ffcd12d1370      1         24 Microsoft.Extensions.Logging.Logger<Microsoft.AspNetCore.Mvc.Infrastructure.DefaultOutputFormatterSelector>
7ffcd12d1198      1         24 System.Collections.ObjectModel.ReadOnlyCollection<Microsoft.AspNetCore.Mvc.Formatters.IOutputFormatter>
7ffcd12d1640      1         24 Microsoft.Extensions.Logging.Logger<Microsoft.AspNetCore.Mvc.Infrastructure.ObjectResultExecutor>
7ffcd43884d0      1         24 Microsoft.Net.Http.Headers.StringWithQualityHeaderValue[]
7ffcd4389b18      1         24 System.Globalization.CalendarData+<>c
7ffcd4389e00      1         24 System.IO.Pipelines.StreamPipeWriter+<>c
7ffcd389c158      1         24 System.Collections.Generic.GenericEqualityComparer<Microsoft.EntityFrameworkCore.Query.Internal.QueryFiltersCacheKey>
7ffcd38b2b20      1         24 System.Collections.Generic.ObjectEqualityComparer<Microsoft.EntityFrameworkCore.Metadata.INavigationBase>
7ffcd38b3cc0      1         24 Microsoft.EntityFrameworkCore.Metadata.INavigationBase[]
7ffcd38b6d18      1         24 Microsoft.EntityFrameworkCore.Metadata.RuntimeSkipNavigation[]
7ffcd38b76d8      1         24 Microsoft.EntityFrameworkCore.Metadata.RuntimeNavigation[]
7ffcd38b2dc8      1         24 Microsoft.EntityFrameworkCore.Query.Internal.NavigationExpandingExpressionVisitor+<>c
7ffcd38ba5c0      1         24 System.ValueTuple<System.Reflection.MethodInfo, System.Linq.Expressions.Expression>[]
7ffcd38d2020      1         24 Microsoft.EntityFrameworkCore.Query.QueryCompilationContext+NotTranslatedExpressionType
7ffcd38da510      1         24 System.Collections.Generic.ObjectEqualityComparer<Microsoft.EntityFrameworkCore.Query.ProjectionMember>
7ffcd38da748      1         24 Microsoft.EntityFrameworkCore.Query.ProjectionMember[]
7ffcd38f4430      1         24 Microsoft.EntityFrameworkCore.RelationalModelExtensions+<>c
7ffcd38f59f0      1         24 Microsoft.EntityFrameworkCore.Infrastructure.RuntimeAnnotatableBase+<>c__22<Microsoft.EntityFrameworkCore.Metadata.IRelationalModel, System.Func<Microsoft.EntityFrameworkCore.Metadata.IRelationalModel>>
7ffcd390ade8      1         24 Microsoft.EntityFrameworkCore.Metadata.Internal.NamedListComparer
7ffcd390cf60      1         24 System.Collections.Generic.GenericEqualityComparer<System.ValueTuple<System.String, System.String, System.Collections.Generic.IReadOnlyList<System.String>>>
7ffcd390d068      1         24 System.Collections.Generic.Dictionary<System.String, Microsoft.EntityFrameworkCore.Metadata.RuntimeEntityType>+ValueCollection
7ffcd390da40      1         24 System.Linq.Enumerable+EnumerableSorter<Microsoft.EntityFrameworkCore.Metadata.RuntimeEntityType>+<>c
7ffcd3911208      1         24 Microsoft.EntityFrameworkCore.Metadata.Internal.TableMappingBaseComparer
7ffcd3912030      1         24 Microsoft.EntityFrameworkCore.Metadata.RuntimeTypeBase[]
7ffcd39162d0      1         24 Microsoft.EntityFrameworkCore.Metadata.RuntimeProperty+<>c
7ffcd3917b10      1         24 Microsoft.EntityFrameworkCore.Metadata.Internal.ColumnMappingBaseComparer
7ffcd3918cf8      1         24 Microsoft.EntityFrameworkCore.Utilities.EnumerableExtensions+<>c__8<Microsoft.EntityFrameworkCore.Metadata.IColumnMappingBase>
7ffcd391b4c0      1         24 Microsoft.EntityFrameworkCore.Metadata.RuntimeComplexProperty[]
7ffcd391f500      1         24 Microsoft.EntityFrameworkCore.Metadata.Internal.ForeignKeyConstraintComparer
7ffcd3939b28      1         24 Microsoft.EntityFrameworkCore.Metadata.Internal.StoredProcedureMapping[]
7ffcd393aad0      1         24 System.Collections.Generic.ArraySortHelper<Microsoft.EntityFrameworkCore.Metadata.Internal.ColumnMappingBase>
7ffcd393c348      1         24 System.Collections.Generic.ArraySortHelper<Microsoft.EntityFrameworkCore.Metadata.Internal.ColumnMapping>
7ffcd390f440      1         24 Microsoft.EntityFrameworkCore.Metadata.Internal.RelationalModel+<>c
7ffcd39408c8      1         24 System.Collections.Generic.GenericComparer<System.ValueTuple<System.String, System.String>>
7ffcd39444a8      1         24 System.Linq.Enumerable+EnumerableSorter<System.Collections.Generic.KeyValuePair<System.ValueTuple<System.String, System.String>, Microsoft.EntityFrameworkCore.Metadata.Internal.Table>>+<>c
7ffcd394c4f8      1         24 System.Collections.Generic.ObjectEqualityComparer<Microsoft.EntityFrameworkCore.Metadata.ITypeBase>
7ffcd394c910      1         24 System.ValueTuple<Microsoft.EntityFrameworkCore.Metadata.ITypeBase, System.Boolean>[]
7ffcd39556a8      1         24 Microsoft.EntityFrameworkCore.Metadata.KeyComparer
7ffcd3957ce0      1         24 Microsoft.EntityFrameworkCore.Metadata.Internal.UniqueConstraintComparer
7ffcd39592b8      1         24 Microsoft.EntityFrameworkCore.Metadata.RuntimeTrigger[]
7ffcd39a05b0      1         24 Microsoft.EntityFrameworkCore.Metadata.IndexComparer
7ffcd39a0840      1         24 Microsoft.EntityFrameworkCore.Metadata.Internal.TableIndexComparer
7ffcd39a6a88      1         24 System.Collections.Generic.ObjectEqualityComparer<Microsoft.EntityFrameworkCore.Metadata.Internal.Column>
7ffcd39a6e18      1         24 Microsoft.EntityFrameworkCore.Infrastructure.IAnnotation[]
7ffcd39a84d8      1         24 System.Collections.Generic.KeyValuePair<System.ValueTuple<System.String, System.String>, Microsoft.EntityFrameworkCore.Metadata.Internal.View>[]
7ffcd39a9668      1         24 System.Collections.Generic.KeyValuePair<System.String, Microsoft.EntityFrameworkCore.Metadata.Internal.SqlQuery>[]
7ffcd39af820      1         24 System.Collections.Generic.KeyValuePair<System.ValueTuple<System.String, System.String, System.Collections.Generic.IReadOnlyList<System.String>>, Microsoft.EntityFrameworkCore.Metadata.Internal.StoreFunction>[]
7ffcd39b0ad8      1         24 System.Collections.Generic.KeyValuePair<System.ValueTuple<System.String, System.String>, Microsoft.EntityFrameworkCore.Metadata.Internal.StoreStoredProcedure>[]
7ffcd39b13e8      1         24 Microsoft.EntityFrameworkCore.Metadata.ISqlQueryMapping[]
7ffcd38ef140      1         24 Microsoft.EntityFrameworkCore.Query.RelationalQueryableMethodTranslatingExpressionVisitor+<>c
7ffcd39bec88      1         24 Microsoft.EntityFrameworkCore.Metadata.IFunctionMapping[]
7ffcd394b7c0      1         24 Microsoft.EntityFrameworkCore.Metadata.ITableMappingBase[]
7ffcd39c0fa8      1         24 Microsoft.EntityFrameworkCore.Metadata.IEntityType+<>c
7ffcd39c28a8      1         24 Microsoft.EntityFrameworkCore.Metadata.Internal.ColumnMappingBase+<>c
7ffcd39c3518      1         24 System.Collections.Generic.ObjectEqualityComparer<Microsoft.EntityFrameworkCore.Metadata.ITableBase>
7ffcd39c4180      1         24 System.Collections.Generic.ObjectEqualityComparer<Microsoft.EntityFrameworkCore.Metadata.INavigation>
7ffcd39c9de8      1         24 Microsoft.EntityFrameworkCore.Query.RelationalStructuralTypeShaperExpression+<>c
7ffcd39e5340      1         24 Microsoft.EntityFrameworkCore.Query.RelationalSqlTranslatingExpressionVisitor+<>c
7ffcd39f97a8      1         24 Microsoft.EntityFrameworkCore.SqlServer.Query.Internal.SqlServerStringMethodTranslator+<>c
7ffcd3a00c88      1         24 Microsoft.EntityFrameworkCore.Query.SqlExpressions.OuterApplyExpression[]
7ffcd3a03918      1         24 Microsoft.EntityFrameworkCore.Query.SqlExpressions.SelectExpression+<>c
7ffcd3a5afa0      1         24 System.Collections.Generic.ObjectEqualityComparer<Microsoft.EntityFrameworkCore.Query.ProjectionBindingExpression>
7ffcd3a72ce8      1         24 Microsoft.EntityFrameworkCore.Storage.Json.JsonNullReaderWriter
7ffcd3a728a0      1         24 Microsoft.EntityFrameworkCore.Storage.RelationalTypeMapping+<>c
7ffcd3a73a80      1         24 Microsoft.EntityFrameworkCore.Storage.ReaderColumn+<>c
7ffcd3a5b890      1         24 Microsoft.EntityFrameworkCore.Query.RelationalShapedQueryCompilingExpressionVisitor+ShaperProcessingExpressionVisitor+<>c
7ffcd3a56528      1         24 Microsoft.EntityFrameworkCore.Query.RelationalShapedQueryCompilingExpressionVisitor+<>c
7ffcd3a90fe0      1         24 System.Threading.AsyncLocal<System.Int32>
7ffcd3a91350      1         24 Microsoft.EntityFrameworkCore.Query.Internal.SingleQueryingEnumerable<<>f__AnonymousType11<System.String, System.String>>+Enumerator+<>c
7ffcd2780a40      1         24 Microsoft.EntityFrameworkCore.Migrations.MigrationsAnnotationProviderDependencies
7ffcd2738f90      1         24 Microsoft.EntityFrameworkCore.SqlServer.Migrations.Internal.SqlServerMigrationsAnnotationProvider
7ffcd27759b0      1         24 Microsoft.EntityFrameworkCore.Update.Internal.RowIdentityMapFactory
7ffcd3a94870      1         24 System.Threading.AsyncLocal<System.Transactions.ContextKey>
7ffcd3a98170      1         24 Microsoft.EntityFrameworkCore.Query.Internal.RelationalCommandCache+<>c
7ffcd3a9eb68      1         24 System.Collections.Generic.ObjectEqualityComparer<Microsoft.EntityFrameworkCore.Query.SqlExpressions.SqlParameterExpression>
7ffcd3a9f288      1         24 Microsoft.EntityFrameworkCore.SqlServer.Query.Internal.ParametersCounter+<>c
7ffcd3aa7388      1         24 System.Collections.Generic.EnumEqualityComparer<System.Linq.Expressions.ExpressionType>
7ffcd3aaf800      1         24 System.Collections.Generic.ObjectEqualityComparer<Microsoft.EntityFrameworkCore.Query.SqlExpressions.ColumnExpression>
7ffcd3ac5050      1         24 Microsoft.EntityFrameworkCore.SqlServer.Query.Internal.SqlServerQuerySqlGenerator+<>c__25<Microsoft.EntityFrameworkCore.Query.SqlExpressions.ProjectionExpression>
7ffcd3ac3de0      1         24 Microsoft.EntityFrameworkCore.Query.QuerySqlGenerator+<>c
7ffcd3acd278      1         24 Microsoft.EntityFrameworkCore.Diagnostics.Internal.RelationalResources+<>c
7ffcd3af5530      1         24 System.Collections.Generic.ObjectEqualityComparer<Microsoft.Data.SqlClient.ConnectionPool.DbConnectionPoolKey>
7ffcd3af5618      1         24 Microsoft.Data.SqlClient.ConnectionPool.IDbConnectionPool[]
7ffcd3af56d8      1         24 Microsoft.Data.SqlClient.ConnectionPool.DbConnectionPoolGroup[]
7ffcd3affdf8      1         24 System.Collections.Generic.ObjectEqualityComparer<Microsoft.Data.SqlClient.ConnectionPool.DbConnectionPoolIdentity>
7ffcd3b14828      1         24 Microsoft.Data.SqlClient.SqlConfigurableRetryLogicManager+<>c
7ffcd3d965e8      1         24 System.Configuration.Internal.InternalConfigHost
7ffcd3dc95d0      1         24 System.Collections.Generic.GenericEqualityComparer<System.ValueTuple<System.String, Interop+BCrypt+BCryptOpenAlgorithmProviderFlags>>
7ffcd3dc9ca0      1         24 System.Collections.Generic.EnumEqualityComparer<Interop+BCrypt+BCryptOpenAlgorithmProviderFlags>
7ffcd3dcd5a0      1         24 Microsoft.Data.SqlClient.SqlConfigurableRetryFactory+<>c
7ffcd12fd2c8      1         24 System.Threading.ManualResetEvent
7ffcd3de8800      1         24 System.Collections.Generic.ObjectEqualityComparer<Microsoft.Data.SqlClient.ConnectionPool.DbConnectionPoolAuthenticationContextKey>
7ffcd3de9420      1         24 System.Collections.Generic.ObjectEqualityComparer<System.Transactions.Transaction>
7ffcd3ded840      1         24 Microsoft.Data.SqlClient.TdsParserStateObjectFactory
7ffcd3df1e90      1         24 Interop.Windows.Sni.SniNativeMethods
7ffcd3e1bf90      1         24 Microsoft.Data.SqlClient.SNIPacket[]
7ffcd3e2a510      1         24 Microsoft.Data.SqlClient.SQLFallbackDNSCache
7ffcd3ea38d8      1         24 Microsoft.Data.SqlClient.SqlClientFactory
7ffcd3ebc8f0      1         24 System.Collections.ObjectModel.ReadOnlyCollection<System.Data.Common.DbColumn>
7ffcd3ebce68      1         24 System.Data.Common.DbColumn[]
7ffcd3ede8a8      1         24 Microsoft.EntityFrameworkCore.Query.Internal.BufferedDataReader+BufferedDataRecord+<>c
7ffcd16159f8      1         24 Order.Domain.AggregatesModel.SubOrder.SubOrderRepository+<>c
7ffcd3efc750      1         24 Microsoft.EntityFrameworkCore.Internal.InternalDbSet<Order.Infrastructure.Entities.OrderReference.OrderReferenceModel>+<>c
7ffcd3efd250      1         24 Order.Infrastructure.Entities.OrderReference.OrderReferenceModel[]
7ffcd3efdac0      1         24 Microsoft.EntityFrameworkCore.Query.Internal.CompiledQueryCache+<>c__3<System.Collections.Generic.IEnumerable<Order.Infrastructure.Entities.OrderReference.OrderReferenceModel>>
7ffcd3899158      1         24 Microsoft.EntityFrameworkCore.Metadata.RuntimeEntityType[]
7ffcd3f15e60      1         24 Microsoft.EntityFrameworkCore.EnumerableMethods+<>c
7ffcd3f17148      1         24 Microsoft.EntityFrameworkCore.EnumerableMethods+<>c
7ffcd3f17fd8      1         24 System.Collections.Generic.GenericEqualityComparer<System.Char>
7ffcd3f39610      1         24 Microsoft.EntityFrameworkCore.Query.ShapedQueryCompilingExpressionVisitor+StructuralTypeMaterializerInjector+<>c
7ffcd3f3a5d0      1         24 Microsoft.EntityFrameworkCore.Metadata.RuntimePropertyBase+<>c
7ffcd38b7398      1         24 Microsoft.EntityFrameworkCore.Metadata.RuntimeEntityType+<>c
7ffcd3f3ec50      1         24 Microsoft.EntityFrameworkCore.Metadata.RuntimeServiceProperty[]
7ffcd3f40220      1         24 Microsoft.EntityFrameworkCore.ChangeTracking.Internal.Snapshot
7ffcd3f444a0      1         24 Microsoft.EntityFrameworkCore.Query.Internal.StructuralTypeMaterializerSource+<>c
7ffcd3f461d0      1         24 Microsoft.EntityFrameworkCore.Metadata.IComplexProperty[]
7ffcd3f46538      1         24 Microsoft.EntityFrameworkCore.Metadata.IServiceProperty[]
7ffcd3f4a8e8      1         24 Microsoft.EntityFrameworkCore.Metadata.IComplexType[]
7ffcd136e908      1         24 System.Collections.ObjectModel.ReadOnlyCollection<System.Linq.Expressions.SwitchCase>
7ffcd190e080      1         24 System.Linq.Expressions.SwitchCase[]
7ffcd3f5a988      1         24 Microsoft.EntityFrameworkCore.Storage.ValueBuffer+<>c
7ffcd3f5f5e0      1         24 System.Dynamic.Utils.TypeUtils+<>c
7ffcd3f61d18      1         24 Microsoft.EntityFrameworkCore.Query.Internal.SingleQueryingEnumerable<Order.Infrastructure.Entities.OrderReference.OrderReferenceModel>+Enumerator+<>c
7ffcd3f6a848      1         24 Microsoft.EntityFrameworkCore.Infrastructure.Uniquifier+<>c__1<System.Object>
7ffcd3f6b338      1         24 Microsoft.EntityFrameworkCore.Query.QuerySqlGenerator+<>c__53<Microsoft.EntityFrameworkCore.Query.SqlExpressions.SqlExpression>
7ffcd3f963e0      1         24 Microsoft.EntityFrameworkCore.Query.Internal.CompiledQueryBase<Order.Infrastructure.OrderContext, System.Collections.Generic.IEnumerable<Order.Infrastructure.Entities.SubOrderModels.SubOrderModel>>+<>c
7ffcd3f9a0e0      1         24 System.Linq.Expressions.Interpreter.DebugInfo[]
7ffcd3f9c118      1         24 System.Linq.Expressions.Interpreter.LoadCachedObjectInstruction
7ffcd3895c80      1         24 Microsoft.EntityFrameworkCore.Query.Internal.QueryableMethodNormalizingExpressionVisitor+<>c
7ffcd3fae010      1         24 System.Collections.Generic.GenericEqualityComparer<System.ValueTuple<Microsoft.EntityFrameworkCore.Metadata.IForeignKey, System.Boolean>>
7ffcd3fcea90      1         24 System.Collections.Generic.ObjectEqualityComparer<Microsoft.EntityFrameworkCore.Query.StructuralTypeProjectionExpression>
7ffcd3fe20a8      1         24 System.Collections.Generic.ObjectEqualityComparer<Microsoft.EntityFrameworkCore.Query.Internal.TpcTablesExpression>
7ffcd3fea858      1         24 Microsoft.EntityFrameworkCore.ChangeTracking.ValueComparer[]
7ffcd3feb4b0      1         24 System.Collections.Generic.ObjectEqualityComparer<Microsoft.EntityFrameworkCore.Query.SqlExpressions.SqlExpression>
7ffcd3ff33f8      1         24 System.Collections.Generic.ObjectEqualityComparer<Microsoft.EntityFrameworkCore.Metadata.IComplexProperty>
7ffcd3ff4fe8      1         24 System.Buffers.SharedArrayPool<Microsoft.EntityFrameworkCore.Query.SqlExpressions.ProjectionExpression>+<>c
7ffcd3ffa400      1         24 Microsoft.EntityFrameworkCore.Metadata.RuntimeNavigation+<>c
7ffcd3ffab78      1         24 Microsoft.EntityFrameworkCore.Metadata.Internal.ClrCollectionAccessorFactory
7ffcd3ffc7f8      1         24 Microsoft.EntityFrameworkCore.Metadata.Internal.CollectionTypeFactory
7ffcd4042848      1         24 System.Buffers.SharedArrayPool<System.Linq.Expressions.Expression>+<>c
7ffcd1b9f3d0      1         24 System.Text.Json.Serialization.JsonConverterAttribute[]
7ffcd1c0e738      1         24 System.Text.Json.Serialization.JsonNumberHandlingAttribute[]
7ffcd1c0e958      1         24 System.Text.Json.Serialization.JsonObjectCreationHandlingAttribute[]
7ffcd1c0eb78      1         24 System.Text.Json.Serialization.JsonUnmappedMemberHandlingAttribute[]
7ffcd1c0f4f0      1         24 System.Text.Json.Serialization.JsonPolymorphicAttribute[]
7ffcd1c0f638      1         24 System.Text.Json.Serialization.JsonDerivedTypeAttribute[]
7ffcd179de18      1         32 System.ValueTuple<System.Int64, System.DateTime>
7ffcd040c418      1         32 System.Diagnostics.Tracing.ActivityTracker
7ffcd0413828      1         32 System.Collections.Generic.List<System.Func<System.Diagnostics.Tracing.EventSource>>
7ffcd0417670      1         32 System.Collections.Generic.List<System.WeakReference<System.Diagnostics.Tracing.EventSource>>
7ffcd04f2278      1         32 StartupHook+<>c__DisplayClass3_0
7ffcd053cd70      1         32 System.Collections.Generic.List<System.ValueTuple<System.String, Microsoft.DotNet.HotReload.AgentMessageSeverity>>
7ffcd0539d98      1         32 Microsoft.DotNet.HotReload.MetadataUpdateHandlerInvoker
7ffcd0563180      1         32 Microsoft.DotNet.HotReload.PipeListener+<>c__DisplayClass7_0
7ffcd05678a0      1         32 Microsoft.Win32.SafeHandles.SafePipeHandle
7ffcd0580198      1         32 System.Threading.PortableThreadPool+IOCompletionPoller[]
7ffcd05803d8      1         32 System.Threading.ThreadPoolTypedWorkItemQueue
7ffcd0720480      1         32 Microsoft.Extensions.DependencyModel.FileSystemWrapper
7ffcd0736038      1         32 System.SZGenericArrayEnumerator<Microsoft.Extensions.DependencyModel.DependencyContextJsonReader+TargetLibrary>
7ffcd076a6b8      1         32 System.SZGenericArrayEnumerator<Microsoft.Extensions.DependencyModel.CompilationLibrary>
7ffcd076bb88      1         32 System.SZGenericArrayEnumerator<Microsoft.Extensions.DependencyModel.RuntimeFallbacks>
7ffcd0766ec8      1         32 System.SZGenericArrayEnumerator<System.String>
7ffcd0857640      1         32 System.SZGenericArrayEnumerator<System.Reflection.MethodInfo>
7ffcd09b5400      1         32 System.SZGenericArrayEnumerator<Serilog.Core.ILogEventSink>
7ffcd09ccb38      1         32 Microsoft.Extensions.Configuration.ConfigurationManager+ConfigurationSources
7ffcd05fcaa8      1         32 System.Collections.Generic.List<Microsoft.Extensions.Configuration.IConfigurationSource>
7ffcd09cce88      1         32 Microsoft.Extensions.Configuration.ConfigurationManager+ConfigurationBuilderProperties
7ffcd09cd4c0      1         32 Microsoft.Extensions.DependencyInjection.ServiceCollection
7ffcd076f628      1         32 Microsoft.Extensions.Configuration.ReferenceCountedProviders+ActiveReferenceCountedProviders
7ffcd09d6a48      1         32 Microsoft.Extensions.Options.ConfigureNamedOptions<Microsoft.Extensions.Hosting.HostOptions>
7ffcd1ab5d88      1         32 System.Collections.Generic.List<Microsoft.AspNetCore.Watch.BrowserRefresh.BlazorWasmHotReloadMiddleware+Update>
7ffcd1ab2ae8      1         32 Microsoft.AspNetCore.Builder.Extensions.MapWhenOptions
7ffcd1b47e50      1         32 System.SZGenericArrayEnumerator<Microsoft.AspNetCore.Server.Kestrel.Core.Internal.CertificateConfig>
7ffcd1b47f68      1         32 System.SZGenericArrayEnumerator<System.Action>
7ffcd0a11198      1         32 Microsoft.Extensions.Options.ConfigureNamedOptions<Microsoft.Extensions.Logging.LoggerFilterOptions>
7ffcd0a12828      1         32 Microsoft.Extensions.Options.ConfigurationChangeTokenSource<Microsoft.Extensions.Logging.LoggerFilterOptions>
7ffcd1cbacd0      1         32 System.SZGenericArrayEnumerator<Swashbuckle.AspNetCore.SwaggerGen.ISchemaFilter>
7ffcd1cbc200      1         32 System.SZGenericArrayEnumerator<Swashbuckle.AspNetCore.SwaggerGen.IParameterFilter>
7ffcd0a50860      1         32 Microsoft.Extensions.Options.ConfigureNamedOptions<Microsoft.Extensions.Logging.LoggerFactoryOptions>
7ffcd0a51258      1         32 Microsoft.Extensions.Options.ConfigurationChangeTokenSource<Microsoft.Extensions.Diagnostics.Metrics.MetricsOptions>
7ffcd0a51bc0      1         32 System.Collections.Generic.List<System.Action<Microsoft.Extensions.Configuration.IConfigurationBuilder>>
7ffcd0a52240      1         32 System.Collections.Generic.List<System.Action<Microsoft.Extensions.Hosting.HostBuilderContext, Microsoft.Extensions.Configuration.IConfigurationBuilder>>
7ffcd0a528c0      1         32 System.Collections.Generic.List<System.Action<Microsoft.Extensions.Hosting.HostBuilderContext, Microsoft.Extensions.DependencyInjection.IServiceCollection>>
7ffcd0a55b88      1         32 Microsoft.AspNetCore.Hosting.WebHostBuilderBase+<>c__DisplayClass4_0
7ffcd0aa1740      1         32 System.Collections.Generic.List<System.Diagnostics.Metrics.Meter>
7ffcd0aa46b0      1         32 System.Collections.Generic.List<System.Diagnostics.Metrics.MeterListener>
7ffcd0aaa620      1         32 Microsoft.AspNetCore.Hosting.GenericWebHostBuilder+<>c__DisplayClass12_0
7ffcd0aabe68      1         32 Microsoft.Extensions.Configuration.ChainedConfigurationSource
7ffcd0aac040      1         32 Microsoft.Extensions.Configuration.ChainedConfigurationProvider
7ffcd0aacf08      1         32 System.SZGenericArrayEnumerator<Microsoft.AspNetCore.Hosting.HostingStartupAttribute>
7ffcd0a54490      1         32 Microsoft.AspNetCore.Hosting.WebHostBuilderContext
7ffcd0ac1a20      1         32 Microsoft.AspNetCore.Hosting.GenericWebHostBuilder+<>c__DisplayClass4_0
7ffcd0ac5628      1         32 Microsoft.Extensions.Options.OptionsBuilder<Microsoft.AspNetCore.Server.Kestrel.Transport.Sockets.SocketTransportOptions>
7ffcd0ac5810      1         32 Microsoft.Extensions.Options.OptionsBuilder<Microsoft.AspNetCore.Server.Kestrel.Transport.Sockets.SocketTransportOptions>+<>c__DisplayClass9_0<Microsoft.AspNetCore.Connections.IMemoryPoolFactory<System.Byte>>
7ffcd0ac91c8      1         32 Microsoft.Extensions.Options.OptionsBuilder<Microsoft.AspNetCore.Server.Kestrel.Transport.NamedPipes.NamedPipeTransportOptions>
7ffcd0ac93b0      1         32 Microsoft.Extensions.Options.OptionsBuilder<Microsoft.AspNetCore.Server.Kestrel.Transport.NamedPipes.NamedPipeTransportOptions>+<>c__DisplayClass9_0<Microsoft.AspNetCore.Connections.IMemoryPoolFactory<System.Byte>>
7ffcd0ac9c40      1         32 Microsoft.Extensions.Options.ConfigureNamedOptions<Microsoft.AspNetCore.Server.Kestrel.Transport.Quic.QuicTransportOptions>
7ffcd0aca020      1         32 Microsoft.AspNetCore.Hosting.WebHostBuilderKestrelExtensions+<>c__DisplayClass6_1
7ffcd0aca2a8      1         32 Microsoft.Extensions.Options.ConfigureNamedOptions<Microsoft.AspNetCore.Server.Kestrel.Core.KestrelServerOptions>
7ffcd0acc5e0      1         32 Microsoft.Extensions.Options.PostConfigureOptions<Microsoft.AspNetCore.HostFiltering.HostFilteringOptions>
7ffcd0acbf40      1         32 Microsoft.Extensions.Options.ConfigurationChangeTokenSource<Microsoft.AspNetCore.HostFiltering.HostFilteringOptions>
7ffcd0ae6c98      1         32 Microsoft.AspNetCore.Hosting.GenericWebHostBuilder+<>c__DisplayClass12_1
7ffcd0aab200      1         32 System.Collections.Generic.List<System.Action<Microsoft.Extensions.Hosting.HostBuilderContext, System.Object>>
7ffcd0aed620      1         32 Order.API.CustomExtensionMethods+<>c__DisplayClass0_0
7ffcd0b4ee30      1         32 Microsoft.AspNetCore.Mvc.ApplicationParts.ApplicationPartManager
7ffcd0b60348      1         32 System.Collections.Generic.List<Microsoft.AspNetCore.Mvc.ApplicationParts.IApplicationFeatureProvider>
7ffcd0b4fd10      1         32 System.Collections.Generic.List<Microsoft.AspNetCore.Mvc.ApplicationParts.ApplicationPart>
7ffcd0b67238      1         32 System.SZGenericArrayEnumerator<Microsoft.AspNetCore.Mvc.ApplicationParts.IApplicationFeatureProvider>
7ffcd0c3dce0      1         32 Microsoft.Extensions.Options.ConfigureNamedOptions<Microsoft.AspNetCore.Cors.Infrastructure.CorsOptions>
7ffcd0d626c0      1         32 Microsoft.Extensions.Options.ConfigureNamedOptions<Swashbuckle.AspNetCore.SwaggerGen.SwaggerGenOptions>
7ffcd0cb2e38      1         32 Order.API.CustomExtensionMethods+<>c__DisplayClass1_0
7ffcd0df0ad0      1         32 Polly.PollyServiceCollectionExtensions+<>c__DisplayClass3_0<System.String>
7ffcd0df0ea8      1         32 Microsoft.Extensions.Options.OptionsBuilder<Polly.DependencyInjection.ConfigureResiliencePipelineRegistryOptions<System.String>>
7ffcd0df10c8      1         32 Microsoft.Extensions.Options.OptionsBuilder<Polly.DependencyInjection.ConfigureResiliencePipelineRegistryOptions<System.String>>+<>c__DisplayClass9_0<System.IServiceProvider>
7ffcd0df48a0      1         32 Microsoft.Extensions.Options.OptionsBuilder<Polly.Telemetry.TelemetryOptions>
7ffcd0df4ca8      1         32 Microsoft.Extensions.Options.OptionsBuilder<Polly.Telemetry.TelemetryOptions>+<>c__DisplayClass9_0<System.IServiceProvider>
7ffcd0df58d8      1         32 Microsoft.Extensions.Options.OptionsBuilder<Polly.Registry.ResiliencePipelineRegistryOptions<System.String>>
7ffcd0df5b90      1         32 Microsoft.Extensions.Options.OptionsBuilder<Polly.Registry.ResiliencePipelineRegistryOptions<System.String>>+<>c__DisplayClass9_0<System.IServiceProvider>
7ffcd0df6490      1         32 Microsoft.Extensions.Options.ConfigurationChangeTokenSource<Order.API.OrderSetting>
7ffcd0df6a20      1         32 Microsoft.Extensions.Options.NamedConfigureFromConfigurationOptions<Order.API.OrderSetting>
7ffcd0df7070      1         32 Microsoft.Extensions.Options.NamedConfigureFromConfigurationOptions<Order.API.OrderSetting>+<>c__DisplayClass1_0
7ffcd0df7460      1         32 Microsoft.Extensions.Options.ConfigurationChangeTokenSource<EventBus.SprintEventBusSetting>
7ffcd0df7620      1         32 Microsoft.Extensions.Options.NamedConfigureFromConfigurationOptions<EventBus.SprintEventBusSetting>
7ffcd0df78b8      1         32 Microsoft.Extensions.Options.NamedConfigureFromConfigurationOptions<EventBus.SprintEventBusSetting>+<>c__DisplayClass1_0
7ffcd0df7c88      1         32 Microsoft.Extensions.Options.ConfigurationChangeTokenSource<HttpExtension.SprintHttpCommonSetting>
7ffcd0df7e48      1         32 Microsoft.Extensions.Options.NamedConfigureFromConfigurationOptions<HttpExtension.SprintHttpCommonSetting>
7ffcd0df80e0      1         32 Microsoft.Extensions.Options.NamedConfigureFromConfigurationOptions<HttpExtension.SprintHttpCommonSetting>+<>c__DisplayClass1_0
7ffcd0df84b0      1         32 Microsoft.Extensions.Options.ConfigurationChangeTokenSource<EventBus.Kafka.EventBusKafkaSetting>
7ffcd0df8670      1         32 Microsoft.Extensions.Options.NamedConfigureFromConfigurationOptions<EventBus.Kafka.EventBusKafkaSetting>
7ffcd0df8908      1         32 Microsoft.Extensions.Options.NamedConfigureFromConfigurationOptions<EventBus.Kafka.EventBusKafkaSetting>+<>c__DisplayClass1_0
7ffcd0df8cd8      1         32 Microsoft.Extensions.Options.ConfigurationChangeTokenSource<Utility.Package.Models.Jwt>
7ffcd0df8e98      1         32 Microsoft.Extensions.Options.NamedConfigureFromConfigurationOptions<Utility.Package.Models.Jwt>
7ffcd0df9130      1         32 Microsoft.Extensions.Options.NamedConfigureFromConfigurationOptions<Utility.Package.Models.Jwt>+<>c__DisplayClass1_0
7ffcd0dfd238      1         32 Microsoft.Extensions.DependencyInjection.DefaultHttpClientBuilder
7ffcd0e22d98      1         32 Microsoft.Extensions.DependencyInjection.EncoderServiceCollectionExtensions+<>c__DisplayClass2_0<System.Text.Encodings.Web.HtmlEncoder>
7ffcd0e22fe8      1         32 Microsoft.Extensions.DependencyInjection.EncoderServiceCollectionExtensions+<>c__DisplayClass2_0<System.Text.Encodings.Web.JavaScriptEncoder>
7ffcd0e23228      1         32 Microsoft.Extensions.DependencyInjection.EncoderServiceCollectionExtensions+<>c__DisplayClass2_0<System.Text.Encodings.Web.UrlEncoder>
7ffcd05f8d98      1         32 Autofac.Extensions.DependencyInjection.AutofacServiceProviderFactory
7ffcd116f228      1         32 Serilog.SerilogHostBuilderExtensions+<>c__DisplayClass2_0
7ffcd116f348      1         32 Serilog.SerilogHostBuilderExtensions+<>c__DisplayClass2_1
7ffcd1173068      1         32 System.Collections.Generic.Stack<Autofac.Core.IRegistrationSource>
7ffcd11738b0      1         32 System.Collections.Generic.List<Autofac.Core.Registration.IServiceMiddlewareSource>
7ffcd1174458      1         32 Autofac.Core.ReflectionCacheSet
7ffcd11a65b0      1         32 System.DateTime+LeapSecondCache
7ffcd11c6320      1         32 Autofac.Features.OwnedInstances.OwnedInstanceRegistrationSource
7ffcd11c64c8      1         32 Autofac.Features.Metadata.MetaRegistrationSource
7ffcd11c6638      1         32 Autofac.Features.LazyDependencies.LazyRegistrationSource
7ffcd11cb970      1         32 System.SZGenericArrayEnumerator<System.EventHandler<Autofac.Core.ComponentRegisteredEventArgs>>
7ffcd11f8ac0      1         32 Autofac.Core.ResolvedParameter
7ffcd1218530      1         32 System.Dynamic.Utils.CacheDict<System.Reflection.MethodBase, System.Reflection.ParameterInfo[]>
7ffcd13e8f38      1         32 System.SZGenericArrayEnumerator<Autofac.Core.IComponentRegistration>
7ffcd140c030      1         32 System.SZGenericArrayEnumerator<Autofac.Core.ServiceRegistration>
7ffcd141a2c8      1         32 System.SZGenericArrayEnumerator<Microsoft.Extensions.Configuration.IConfigurationSection>
7ffcd1a2ad90      1         32 Microsoft.AspNetCore.DataProtection.AuthenticatedEncryption.ConfigurationModel.AuthenticatedEncryptorDescriptor
7ffcd09ce770      1         32 System.SZGenericArrayEnumerator<System.Collections.Generic.KeyValuePair<System.String, System.String>>
7ffcd08873b0      1         32 Serilog.Extensions.Logging.SerilogLoggerFactory
7ffcd1432da8      1         32 Serilog.Events.EventProperty
7ffcd1442068      1         32 Microsoft.Extensions.Options.IConfigureOptions<Microsoft.Extensions.Hosting.HostOptions>[]
7ffcd1448f28      1         32 Microsoft.Extensions.Options.IConfigureOptions<Microsoft.AspNetCore.Server.Kestrel.Transport.Sockets.SocketTransportOptions>[]
7ffcd09d9f20      1         32 Microsoft.Extensions.Diagnostics.Metrics.DefaultMeterFactory
7ffcd0ac4b50      1         32 Microsoft.AspNetCore.Server.Kestrel.Transport.Sockets.SocketTransportFactory
7ffcd144ca48      1         32 Microsoft.Extensions.Options.IConfigureOptions<Microsoft.AspNetCore.Server.Kestrel.Transport.NamedPipes.NamedPipeTransportOptions>[]
7ffcd144edb8      1         32 Microsoft.Extensions.Options.IConfigureOptions<Microsoft.AspNetCore.Server.Kestrel.Transport.Quic.QuicTransportOptions>[]
7ffcd0ac99d8      1         32 Microsoft.AspNetCore.Server.Kestrel.Transport.Quic.QuicTransportFactory
7ffcd146a078      1         32 System.Collections.Generic.List<System.Action>
7ffcd127e778      1         32 Microsoft.AspNetCore.Server.Kestrel.Core.Internal.Http.DateHeaderValueManager
7ffcd127faa8      1         32 System.Collections.Generic.List<Microsoft.AspNetCore.Connections.IConnectionListenerFactory>
7ffcd1280018      1         32 System.Collections.Generic.List<Microsoft.AspNetCore.Connections.IMultiplexedConnectionListenerFactory>
7ffcd12859d0      1         32 Microsoft.AspNetCore.Connections.IMultiplexedConnectionListenerFactory[]
7ffcd12834f8      1         32 Microsoft.AspNetCore.Server.Kestrel.Core.Internal.ServerAddressesFeature
7ffcd1285cb8      1         32 Microsoft.AspNetCore.Server.Kestrel.Core.Internal.ServerAddressesCollection
7ffcd1286268      1         32 System.Collections.Generic.List<Microsoft.AspNetCore.Server.Kestrel.Core.Internal.Infrastructure.TransportManager+ActiveTransport>
7ffcd148ca48      1         32 Swashbuckle.AspNetCore.SwaggerUI.InterceptorFunctions
7ffcd148f4f8      1         32 System.Collections.Generic.List<Swashbuckle.AspNetCore.SwaggerUI.UrlDescriptor>
7ffcd1489648      1         32 Swashbuckle.AspNetCore.SwaggerUI.UrlDescriptor
7ffcd0b6b5b8      1         32 Microsoft.AspNetCore.Mvc.Infrastructure.MemoryPoolHttpRequestStreamReaderFactory
7ffcd14a5fc8      1         32 Microsoft.Extensions.Options.IPostConfigureOptions<Microsoft.AspNetCore.Mvc.MvcOptions>[]
7ffcd14ac770      1         32 System.Collections.Generic.List<Microsoft.AspNetCore.Mvc.ApplicationModels.IApplicationModelConvention>
7ffcd14ae8f0      1         32 System.Collections.Generic.List<Microsoft.AspNetCore.Mvc.Filters.IFilterMetadata>
7ffcd14aec88      1         32 System.Collections.Generic.List<Microsoft.AspNetCore.Mvc.Formatters.IInputFormatter>
7ffcd14aae28      1         32 System.Collections.Generic.List<Microsoft.AspNetCore.Mvc.ModelBinding.IModelBinderProvider>
7ffcd14ac1e0      1         32 System.Collections.Generic.List<Microsoft.AspNetCore.Mvc.ModelBinding.Metadata.IMetadataDetailsProvider>
7ffcd14ab5e8      1         32 System.Collections.Generic.List<Microsoft.AspNetCore.Mvc.ModelBinding.Validation.IModelValidatorProvider>
7ffcd14ab208      1         32 System.Collections.Generic.List<Microsoft.AspNetCore.Mvc.ModelBinding.IValueProviderFactory>
7ffcd14b3bd0      1         32 Microsoft.AspNetCore.Mvc.ModelBinding.Binders.ServicesModelBinderProvider
7ffcd0aecaa8      1         32 Microsoft.AspNetCore.Mvc.JsonOptions
7ffcd11d25b8      1         32 Microsoft.AspNetCore.Mvc.DataAnnotations.MvcDataAnnotationsLocalizationOptions
7ffcd14e39c8      1         32 Microsoft.AspNetCore.Mvc.ModelBinding.Validation.HasValidatorsValidationMetadataProvider
7ffcd0b6ba80      1         32 Microsoft.AspNetCore.Mvc.Infrastructure.TypeActivatorCache
7ffcd0b6d818      1         32 Microsoft.AspNetCore.Mvc.Controllers.DefaultControllerFactory
7ffcd14fb768      1         32 Microsoft.Extensions.Options.IConfigureOptions<Microsoft.AspNetCore.Mvc.RazorPages.RazorPagesOptions>[]
7ffcd14fb990      1         32 System.Collections.Generic.List<Microsoft.AspNetCore.Mvc.ApplicationModels.IPageConvention>
7ffcd12dda68      1         32 Microsoft.AspNetCore.Authorization.AuthorizationPolicy
7ffcd12de438      1         32 System.Collections.Generic.List<Microsoft.AspNetCore.Authorization.IAuthorizationRequirement>
7ffcd0e6c080      1         32 Microsoft.AspNetCore.Mvc.ApplicationModels.AuthorizationPageApplicationModelProvider
7ffcd0e6c6f0      1         32 Microsoft.AspNetCore.Mvc.ApplicationModels.ResponseCacheFilterApplicationModelProvider
7ffcd1520570      1         32 System.SZGenericArrayEnumerator<Microsoft.AspNetCore.Mvc.Razor.Compilation.CompiledViewDescriptor>
7ffcd0acf478      1         32 Microsoft.AspNetCore.Routing.DefaultParameterPolicyFactory
7ffcd0e04e38      1         32 Microsoft.AspNetCore.Mvc.ViewFeatures.ModelExpressionProvider
7ffcd1210fd8      1         32 System.Linq.Expressions.ConditionalExpression
7ffcd2b0efa0      1         32 System.SZGenericArrayEnumerator<AutoMapper.Configuration.TypeMapConfiguration>
7ffcd2b08a28      1         32 System.Collections.Generic.List<AutoMapper.ValueTransformerConfiguration>
7ffcd2b26b78      1         32 System.SZGenericArrayEnumerator<System.Reflection.PropertyInfo>
7ffcd1d31100      1         32 System.SZGenericArrayEnumerator<System.Reflection.FieldInfo>
7ffcd2b79e38      1         32 System.SZGenericArrayEnumerator<System.Action<AutoMapper.TypeMap, AutoMapper.IMappingExpression>>
7ffcd2b79fb8      1         32 System.SZGenericArrayEnumerator<System.Action<AutoMapper.PropertyMap, AutoMapper.IMemberConfigurationExpression>>
7ffcd2b82488      1         32 AutoMapper.Internal.LockingConcurrentDictionary<System.Type, System.Func<System.Object>>
7ffcd2b8ba08      1         32 System.Dynamic.Utils.CacheDict<System.Type, System.Func<System.Linq.Expressions.Expression, System.String, System.Boolean, System.Collections.ObjectModel.ReadOnlyCollection<System.Linq.Expressions.ParameterExpression>, System.Linq.Expressions.LambdaExpression>>
7ffcd2b86b48      1         32 System.SZGenericArrayEnumerator<System.Linq.Expressions.CatchBlock>
7ffcd2da1d28      1         32 System.SZGenericArrayEnumerator<AutoMapper.MemberMap>
7ffcd2df0888      1         32 Microsoft.AspNetCore.Mvc.ModelBinding.ValueProviderResult
7ffcd2e43cd8      1         32 System.SZGenericArrayEnumerator<FluentValidation.Results.ValidationFailure>
7ffcd27a3380      1         32 Microsoft.EntityFrameworkCore.Storage.ValueConversion.ValueConverterSelector
7ffcd2ec3dc0      1         32 System.Linq.Expressions.Expression1<System.Func<System.Int64, System.Byte[]>>
7ffcd2ec4378      1         32 System.Linq.Expressions.Expression1<System.Func<System.Byte[], System.Int64>>
7ffcd2ec53b0      1         32 System.Linq.Expressions.Expression1<System.Func<System.UInt64, System.Byte[]>>
7ffcd2ec5638      1         32 System.Linq.Expressions.Expression1<System.Func<System.Byte[], System.UInt64>>
7ffcd2f0e280      1         32 System.Linq.Expressions.Expression1<System.Func<Microsoft.Data.SqlTypes.SqlVector<System.Single>, System.Int32>>
7ffcd2f0e5b0      1         32 System.Linq.Expressions.Expression1<System.Func<Microsoft.Data.SqlTypes.SqlVector<System.Single>, Microsoft.Data.SqlTypes.SqlVector<System.Single>>>
7ffcd278b7c0      1         32 Microsoft.EntityFrameworkCore.Infrastructure.ModelSource
7ffcd27a4d18      1         32 Microsoft.EntityFrameworkCore.Metadata.LazyLoaderParameterBindingFactory
7ffcd27a4380      1         32 Microsoft.EntityFrameworkCore.Metadata.Internal.ParameterBindingFactories
7ffcd2f78f48      1         32 System.Collections.Generic.List<Microsoft.EntityFrameworkCore.Metadata.IParameterBindingFactory>
7ffcd27a3750      1         32 Microsoft.EntityFrameworkCore.Metadata.Internal.ConstructorBindingFactory
7ffcd27a4650      1         32 Microsoft.EntityFrameworkCore.Metadata.Internal.MemberClassifier
7ffcd27803f8      1         32 Microsoft.EntityFrameworkCore.Update.UpdateSqlGeneratorDependencies
7ffcd273a538      1         32 Microsoft.EntityFrameworkCore.SqlServer.Infrastructure.Internal.SqlServerModelValidator
7ffcd27a8fa8      1         32 Microsoft.EntityFrameworkCore.Infrastructure.ModelRuntimeInitializerDependencies
7ffcd2782498      1         32 Microsoft.EntityFrameworkCore.Infrastructure.RelationalModelRuntimeInitializerDependencies
7ffcd2775fe8      1         32 Microsoft.EntityFrameworkCore.Infrastructure.RelationalModelRuntimeInitializer
7ffcd2f7b100      1         32 System.SZGenericArrayEnumerator<Microsoft.EntityFrameworkCore.Infrastructure.DbContextModelAttribute>
7ffcd2fbcbd0      1         32 System.SZGenericArrayEnumerator<Microsoft.EntityFrameworkCore.Metadata.Conventions.Infrastructure.IConventionSetPlugin>
7ffcd2fc1b38      1         32 Microsoft.EntityFrameworkCore.Metadata.Internal.InternalModelBuilder
7ffcd152a260      1         32 Microsoft.Extensions.Options.IConfigureOptions<Microsoft.AspNetCore.DataProtection.DataProtectionOptions>[]
7ffcd152b910      1         32 Microsoft.Extensions.Options.IConfigureOptions<Microsoft.AspNetCore.DataProtection.KeyManagement.KeyManagementOptions>[]
7ffcd0e09ea8      1         32 Microsoft.AspNetCore.DataProtection.TypeForwardingActivator
7ffcd0e0a380      1         32 Microsoft.AspNetCore.DataProtection.RegistryPolicyResolver
7ffcd0e0cc60      1         32 Microsoft.AspNetCore.DataProtection.Internal.KeyManagementOptionsSetup
7ffcd152b9d0      1         32 Microsoft.Extensions.Options.IPostConfigureOptions<Microsoft.AspNetCore.DataProtection.KeyManagement.KeyManagementOptions>[]
7ffcd12fdf48      1         32 System.Collections.Generic.List<Microsoft.AspNetCore.DataProtection.KeyManagement.IKeyEscrowSink>
7ffcd12fe3b0      1         32 System.Collections.Generic.List<Microsoft.AspNetCore.DataProtection.AuthenticatedEncryption.IAuthenticatedEncryptorFactory>
7ffcd152d5e0      1         32 Microsoft.AspNetCore.DataProtection.XmlEncryption.DpapiXmlEncryptor
7ffcd152d358      1         32 Microsoft.AspNetCore.DataProtection.Repositories.FileSystemXmlRepository
7ffcd1305378      1         32 Microsoft.AspNetCore.Internal.ChunkingCookieManager
7ffcd15356b8      1         32 System.Collections.Generic.List<Microsoft.AspNetCore.Mvc.Razor.IViewLocationExpander>
7ffcd15361b0      1         32 System.Collections.Generic.List<Microsoft.AspNetCore.Mvc.ViewEngines.IViewEngine>
7ffcd1302b48      1         32 System.Collections.Generic.List<Microsoft.AspNetCore.Mvc.ModelBinding.Validation.IClientModelValidatorProvider>
7ffcd153a880      1         32 Microsoft.Extensions.Options.IConfigureOptions<Microsoft.AspNetCore.Mvc.ApiBehaviorOptions>[]
7ffcd12b8348      1         32 System.Collections.Generic.List<Microsoft.AspNetCore.Mvc.ApplicationModels.IActionModelConvention>
7ffcd12b8288      1         32 Microsoft.AspNetCore.Mvc.ApplicationModels.InferParameterBindingInfoConvention
7ffcd0c364c8      1         32 Microsoft.AspNetCore.Mvc.ApplicationModels.AuthorizationApplicationModelProvider
7ffcd0e00758      1         32 Microsoft.AspNetCore.Mvc.ApplicationModels.AntiforgeryApplicationModelProvider
7ffcd0b6e140      1         32 Microsoft.AspNetCore.Mvc.ApplicationModels.ApplicationModelFactory
7ffcd0b68878      1         32 Microsoft.AspNetCore.Mvc.ApplicationModels.ControllerActionDescriptorProvider
7ffcd1360650      1         32 Microsoft.AspNetCore.Mvc.ApplicationModels.IPageRouteModelProvider[]
7ffcd153e9b8      1         32 System.SZGenericArrayEnumerator<Microsoft.AspNetCore.Mvc.ApplicationModels.IPageConvention>
7ffcd0e63640      1         32 Microsoft.AspNetCore.Mvc.Razor.TagHelpers.TagHelperComponentPropertyActivator
7ffcd127b2a8      1         32 Microsoft.AspNetCore.Mvc.Infrastructure.IActionDescriptorChangeProvider[]
7ffcd12ba610      1         32 Microsoft.AspNetCore.Mvc.ActionConstraints.IActionConstraintProvider[]
7ffcd15528c0      1         32 System.SZGenericArrayEnumerator<Microsoft.AspNetCore.Routing.EndpointDataSource>
7ffcd15534e0      1         32 System.Collections.Generic.List<Microsoft.AspNetCore.Mvc.Routing.ConventionalRouteEntry>
7ffcd1668ed8      1         32 System.SZGenericArrayEnumerator<System.Object>
7ffcd16a2d98      1         32 System.SZGenericArrayEnumerator<Microsoft.AspNetCore.Mvc.ApplicationModels.ActionModel>
7ffcd16a47a8      1         32 System.SZGenericArrayEnumerator<Microsoft.AspNetCore.Mvc.Filters.IFilterMetadata>
7ffcd16b51f8      1         32 System.SZGenericArrayEnumerator<Microsoft.AspNetCore.Mvc.ApplicationModels.ParameterModel>
7ffcd14f17b0      1         32 Microsoft.AspNetCore.Http.ParameterBindingMethodCache+<>c__DisplayClass18_1
7ffcd17040f8      1         32 System.SZGenericArrayEnumerator<Microsoft.AspNetCore.Mvc.Abstractions.ActionDescriptor>
7ffcd1554b88      1         32 Microsoft.AspNetCore.Mvc.Infrastructure.ActionDescriptorCollection
7ffcd170a748      1         32 System.Collections.Generic.List<RabbitMQ.Client.IAuthMechanismFactory>
7ffcd1733460      1         32 System.Collections.Generic.List<EventBus.RabbitMQ.EventBusRabbitMQConsumeWorker>
7ffcd1766ad8      1         32 RabbitMQ.Client.DefaultEndpointResolver
7ffcd17663d0      1         32 System.Collections.Generic.List<RabbitMQ.Client.AmqpTcpEndpoint>
7ffcd176f208      1         32 System.Collections.Generic.List<RabbitMQ.Client.Impl.AutorecoveringModel>
7ffcd1773cb0      1         32 System.Collections.Concurrent.SingleProducerSingleConsumerQueue<RabbitMQ.Client.Framing.Impl.AutorecoveringConnection+RecoveryCommand>
7ffcd177db40      1         32 System.Collections.Concurrent.SingleProducerSingleConsumerQueue<System.Memory<System.Byte>>
7ffcd179abf0      1         32 System.Diagnostics.SynchronizedList<System.Diagnostics.ActivitySource>
7ffcd179ab28      1         32 System.Diagnostics.SynchronizedList<System.Diagnostics.ActivityListener>
7ffcd17b87d0      1         32 System.Collections.Generic.List<System.Net.Sockets.DynamicWinsockMethods>
7ffcd17f1998      1         32 System.Collections.ArrayList
7ffcd180b5e0      1         32 System.Collections.Generic.BidirectionalDictionary<Interop+SECURITY_STATUS, System.Net.SecurityStatusPalErrorCode>
7ffcd1834390      1         32 System.Collections.Generic.List<RabbitMQ.Client.ShutdownReportEntry>
7ffcd18354d0      1         32 RabbitMQ.Util.SynchronizedList<RabbitMQ.Client.ShutdownReportEntry>
7ffcd182f508      1         32 System.Security.Cryptography.X509Certificates.SafeLocalAllocHandle
7ffcd183bd50      1         32 RabbitMQ.Util.IntAllocator+IntervalList
7ffcd18ada78      1         32 System.Collections.Generic.List<System.Runtime.InteropServices.GCHandle>
7ffcd1966bd0      1         32 Confluent.Kafka.Producer<Confluent.Kafka.Null, System.String>+<>c__DisplayClass25_0
7ffcd0e0c2a8      1         32 Microsoft.AspNetCore.DataProtection.Internal.DataProtectionHostedService
7ffcd1970880      1         32 Microsoft.AspNetCore.Hosting.GenericWebHostBuilder+<>c__DisplayClass12_2
7ffcd1977d10      1         32 Microsoft.Extensions.Options.IConfigureOptions<Microsoft.Extensions.DependencyInjection.MetricsServiceExtensions+NoOpOptions>[]
7ffcd197a2d8      1         32 Microsoft.Extensions.Options.IConfigureOptions<Microsoft.Extensions.Diagnostics.Metrics.MetricsOptions>[]
7ffcd197b880      1         32 Microsoft.Extensions.Options.OptionsMonitor<Microsoft.Extensions.Diagnostics.Metrics.MetricsOptions>+ChangeTrackerDisposable
7ffcd197d6e8      1         32 System.Collections.Generic.List<Microsoft.Extensions.Diagnostics.Metrics.InstrumentRule>
7ffcd197e7a0      1         32 Microsoft.Extensions.DependencyInjection.OptionsBuilderExtensions+<>c__DisplayClass0_1<Microsoft.Extensions.DependencyInjection.MetricsServiceExtensions+NoOpOptions>
7ffcd0acf6c0      1         32 Microsoft.AspNetCore.Routing.RoutingMetrics
7ffcd1ad5c08      1         32 Microsoft.Extensions.Options.IConfigureOptions<Utility.Package.Models.Jwt>[]
7ffcd1ad6088      1         32 Microsoft.AspNetCore.Builder.UseMiddlewareExtensions+InterfaceMiddlewareBinder+<>c__DisplayClass2_0
7ffcd1adc7a8      1         32 Microsoft.Extensions.Options.IConfigureOptions<Microsoft.AspNetCore.Cors.Infrastructure.CorsOptions>[]
7ffcd0c3c418      1         32 Microsoft.AspNetCore.Cors.Infrastructure.CorsService
7ffcd0aee050      1         32 Microsoft.AspNetCore.Cors.Infrastructure.CorsOptions
7ffcd1afe238      1         32 Microsoft.Extensions.Options.IConfigureOptions<EventBus.SprintEventBusSetting>[]
7ffcd1aff960      1         32 Microsoft.Extensions.Options.IConfigureOptions<HttpExtension.SprintHttpCommonSetting>[]
7ffcd1b14c88      1         32 Microsoft.AspNetCore.Builder.DeveloperExceptionPageOptions
7ffcd1b1bb18      1         32 System.SZGenericArrayEnumerator<Microsoft.AspNetCore.Diagnostics.IDeveloperPageExceptionFilter>
7ffcd1b303a0      1         32 System.SZGenericArrayEnumerator<System.Action<Microsoft.AspNetCore.Builder.EndpointBuilder>>
7ffcd1b1f040      1         32 System.SZGenericArrayEnumerator<System.Reflection.ParameterInfo>
7ffcd1b33ba0      1         32 System.Collections.Generic.List<Microsoft.AspNetCore.Authentication.AuthenticationSchemeBuilder>
7ffcd1b32f20      1         32 System.Collections.Generic.List<Microsoft.AspNetCore.Authentication.AuthenticationScheme>
7ffcd1b348d8      1         32 System.SZGenericArrayEnumerator<Microsoft.AspNetCore.Authentication.AuthenticationSchemeBuilder>
7ffcd1ad2590      1         32 Microsoft.AspNetCore.Authentication.AuthenticationMiddleware
7ffcd1b37068      1         32 Microsoft.Extensions.Options.IPostConfigureOptions<Microsoft.AspNetCore.HostFiltering.HostFilteringOptions>[]
7ffcd1b37fc8      1         32 Microsoft.AspNetCore.HostFiltering.MiddlewareConfigurationManager
7ffcd0acab48      1         32 Microsoft.AspNetCore.HostFiltering.HostFilteringOptions
7ffcd1b38dc0      1         32 Microsoft.AspNetCore.HostFiltering.MiddlewareConfiguration
7ffcd1b3ab90      1         32 Microsoft.Extensions.Options.OptionsMonitor<Microsoft.AspNetCore.HostFiltering.HostFilteringOptions>+ChangeTrackerDisposable
7ffcd1b3d1e8      1         32 Microsoft.AspNetCore.Builder.Extensions.MapWhenMiddleware
7ffcd1b3e278      1         32 Microsoft.AspNetCore.Server.Kestrel.Core.KestrelServerImpl+<>c__DisplayClass28_0<Microsoft.AspNetCore.Hosting.HostingApplication+Context>
7ffcd1b46138      1         32 Microsoft.AspNetCore.Server.Kestrel.Core.Internal.Certificates.CertificateConfigLoader
7ffcd1b47078      1         32 System.Collections.Generic.List<Microsoft.AspNetCore.Server.Kestrel.Core.Internal.EndpointConfig>
7ffcd1b476c8      1         32 System.SZGenericArrayEnumerator<Microsoft.AspNetCore.Server.Kestrel.Core.Internal.EndpointConfig>
7ffcd1b55e38      1         32 System.Collections.Generic.List<System.WeakReference<Microsoft.AspNetCore.Server.Kestrel.Core.KestrelServerOptions>>
7ffcd0acd248      1         32 Microsoft.AspNetCore.Routing.DefaultInlineConstraintResolver
7ffcd1b7a5d0      1         32 System.SZGenericArrayEnumerator<Microsoft.AspNetCore.Mvc.Abstractions.ParameterDescriptor>
7ffcd1b7b2d0      1         32 System.SZGenericArrayEnumerator<Microsoft.AspNetCore.Routing.Template.TemplatePart>
7ffcd1b7f8f8      1         32 System.SZGenericArrayEnumerator<Microsoft.AspNetCore.Http.Metadata.IProducesResponseTypeMetadata>
7ffcd1b80aa8      1         32 System.SZGenericArrayEnumerator<Microsoft.AspNetCore.Mvc.ApiExplorer.ApiResponseType>
7ffcd1b81a60      1         32 System.SZGenericArrayEnumerator<Microsoft.AspNetCore.Mvc.ApiExplorer.IApiRequestMetadataProvider>
7ffcd1b81ee8      1         32 System.SZGenericArrayEnumerator<Microsoft.AspNetCore.Mvc.ApiExplorer.IApiResponseMetadataProvider>
7ffcd1b81fe0      1         32 System.SZGenericArrayEnumerator<Microsoft.AspNetCore.Mvc.ApiExplorer.ApiParameterDescription>
7ffcd1b82db0      1         32 System.SZGenericArrayEnumerator<Microsoft.AspNetCore.Routing.Template.InlineConstraint>
7ffcd1b5df30      1         32 Microsoft.AspNetCore.Mvc.ApiExplorer.ApiDescriptionGroup
7ffcd1b92858      1         32 Microsoft.AspNetCore.Mvc.ApiExplorer.ApiDescriptionGroup[]
7ffcd1b5ff78      1         32 Microsoft.AspNetCore.Mvc.ApiExplorer.ApiDescriptionGroupCollection
7ffcd1c0f780      1         32 System.SZGenericArrayEnumerator<System.Text.Json.Serialization.JsonDerivedTypeAttribute>
7ffcd1c103f8      1         32 System.Text.Json.Serialization.Metadata.ReflectionEmitCachingMemberAccessor
7ffcd1c65440      1         32 System.SZGenericArrayEnumerator<Microsoft.WebTools.ApiEndpointDiscovery.Contracts.ReturnInfo>
7ffcd1c65668      1         32 System.SZGenericArrayEnumerator<Microsoft.WebTools.ApiEndpointDiscovery.Contracts.EndpointParameter>
7ffcd1c6bdd8      1         32 EventBus.Kafka.EventBusKafka+<>c__DisplayClass15_1
7ffcd1c7b0d0      1         32 Microsoft.Extensions.Options.IConfigureOptions<Swashbuckle.AspNetCore.SwaggerGen.SwaggerGeneratorOptions>[]
7ffcd1c7e570      1         32 Microsoft.Extensions.Options.IConfigureOptions<Swashbuckle.AspNetCore.SwaggerGen.SwaggerGenOptions>[]
7ffcd1c8c250      1         32 Microsoft.Extensions.Options.IConfigureOptions<Swashbuckle.AspNetCore.SwaggerGen.SchemaGeneratorOptions>[]
7ffcd0d60660      1         32 Swashbuckle.AspNetCore.SwaggerGen.ConfigureSchemaGeneratorOptions
7ffcd1cd0a28      1         32 System.Collections.Generic.List<System.Text.RegularExpressions.RegexCache+Node>
7ffcd1d42f28      1         32 System.SZGenericArrayEnumerator<Swashbuckle.AspNetCore.SwaggerGen.IDocumentFilter>
7ffcd1ed9d30      1         32 System.Diagnostics.DiagLinkedList<System.Diagnostics.ActivityLink>
7ffcd1ed9958      1         32 System.Diagnostics.DiagLinkedList<System.Diagnostics.ActivityEvent>
7ffcd14daaa0      1         32 Microsoft.Net.Http.Headers.ObjectCollection<Microsoft.Net.Http.Headers.NameValueHeaderValue>
7ffcd1efb600      1         32 System.Collections.Generic.List<Microsoft.Net.Http.Headers.NameValueHeaderValue>
7ffcd1f2ae68      1         32 System.Threading.PortableThreadPool+WaitThreadNode
7ffcd1f1e198      1         32 System.Net.Http.HttpConnectionHandler
7ffcd1f1e930      1         32 System.Net.Http.RedirectHandler
7ffcd1f87de8      1         32 System.SZGenericArrayEnumerator<Microsoft.AspNetCore.Authentication.AuthenticationScheme>
7ffcd262dae0      1         32 Microsoft.AspNetCore.Mvc.ActionConstraints.ActionConstraintCache+InnerCache
7ffcd2630ca0      1         32 Microsoft.AspNetCore.Mvc.ActionConstraints.IActionConstraint[]
7ffcd26059b0      1         32 Microsoft.AspNetCore.Routing.Tree.UrlMatchingTree
7ffcd2608f48      1         32 Microsoft.AspNetCore.Routing.Tree.UrlMatchingTree[]
7ffcd2609148      1         32 Microsoft.AspNetCore.Routing.Tree.LinkGenerationDecisionTree
7ffcd0b6c288      1         32 Microsoft.AspNetCore.Mvc.Infrastructure.DefaultProblemDetailsFactory
7ffcd26347b0      1         32 Microsoft.AspNetCore.Mvc.Infrastructure.ClientErrorResultFilter
7ffcd26365b0      1         32 Microsoft.AspNetCore.Mvc.Infrastructure.ModelStateInvalidFilter
7ffcd263b2f8      1         32 Microsoft.AspNetCore.Mvc.Controllers.ControllerFactoryProvider+<>c__DisplayClass6_0
7ffcd2664a20      1         32 System.SZGenericArrayEnumerator<System.Collections.Generic.KeyValuePair<System.Type, System.ValueTuple<Microsoft.EntityFrameworkCore.Infrastructure.IDbContextOptionsExtension, System.Int32>>>
7ffcd268c5c0      1         32 System.SZGenericArrayEnumerator<System.Collections.Generic.KeyValuePair<System.Int32, System.ValueTuple<System.Nullable<Microsoft.EntityFrameworkCore.WarningBehavior>, System.Nullable<Microsoft.Extensions.Logging.LogLevel>>>>
7ffcd27b75d8      1         32 Microsoft.Extensions.DependencyInjection.ServiceLookup.DynamicServiceProviderEngine
7ffcd27bfa70      1         32 System.Collections.Generic.List<System.WeakReference<Microsoft.Extensions.DependencyInjection.ServiceProvider>>
7ffcd27a0fe0      1         32 Microsoft.EntityFrameworkCore.Internal.SingletonOptionsInitializer
7ffcd2770fc8      1         32 Microsoft.EntityFrameworkCore.SqlServer.Infrastructure.Internal.SqlServerSingletonOptions
7ffcd27a2310      1         32 Microsoft.EntityFrameworkCore.Infrastructure.Internal.CoreSingletonOptions
7ffcd278a760      1         32 Microsoft.EntityFrameworkCore.Internal.DbSetInitializer
7ffcd280f1c0      1         32 Microsoft.EntityFrameworkCore.Metadata.Internal.ClrPropertySetter<Order.Infrastructure.OrderContext, Order.Infrastructure.OrderContext, Microsoft.EntityFrameworkCore.DbSet<Order.Infrastructure.Entities.Setting.AllowedStatusModel>>
7ffcd28103e0      1         32 Microsoft.EntityFrameworkCore.Metadata.Internal.ClrPropertySetter<Order.Infrastructure.OrderContext, Order.Infrastructure.OrderContext, Microsoft.EntityFrameworkCore.DbSet<Order.Infrastructure.Entities.Setting.BackGroudSeviceModel>>
7ffcd28114f0      1         32 Microsoft.EntityFrameworkCore.Metadata.Internal.ClrPropertySetter<Order.Infrastructure.OrderContext, Order.Infrastructure.OrderContext, Microsoft.EntityFrameworkCore.DbSet<Order.Infrastructure.Entities.StoreLocation.BuModel>>
7ffcd2814218      1         32 Microsoft.EntityFrameworkCore.Metadata.Internal.ClrPropertySetter<Order.Infrastructure.OrderContext, Order.Infrastructure.OrderContext, Microsoft.EntityFrameworkCore.DbSet<Order.Infrastructure.Entities.EmailMaster.EmailMasterModel>>
7ffcd2815328      1         32 Microsoft.EntityFrameworkCore.Metadata.Internal.ClrPropertySetter<Order.Infrastructure.OrderContext, Order.Infrastructure.OrderContext, Microsoft.EntityFrameworkCore.DbSet<Order.Infrastructure.Entities.EmailMaster.EmailRecipientModel>>
7ffcd2816488      1         32 Microsoft.EntityFrameworkCore.Metadata.Internal.ClrPropertySetter<Order.Infrastructure.OrderContext, Order.Infrastructure.OrderContext, Microsoft.EntityFrameworkCore.DbSet<Order.Infrastructure.Entities.MessageLog.ExternalLogModel>>
7ffcd2817598      1         32 Microsoft.EntityFrameworkCore.Metadata.Internal.ClrPropertySetter<Order.Infrastructure.OrderContext, Order.Infrastructure.OrderContext, Microsoft.EntityFrameworkCore.DbSet<Order.Infrastructure.Entities.SettingModel.FunctionModel>>
7ffcd28186a8      1         32 Microsoft.EntityFrameworkCore.Metadata.Internal.ClrPropertySetter<Order.Infrastructure.OrderContext, Order.Infrastructure.OrderContext, Microsoft.EntityFrameworkCore.DbSet<Order.Infrastructure.Entities.MessageLog.HttpLogModel>>
7ffcd28197b8      1         32 Microsoft.EntityFrameworkCore.Metadata.Internal.ClrPropertySetter<Order.Infrastructure.OrderContext, Order.Infrastructure.OrderContext, Microsoft.EntityFrameworkCore.DbSet<Order.Infrastructure.Entities.Log.InternalLog>>
7ffcd281b380      1         32 Microsoft.EntityFrameworkCore.Metadata.Internal.ClrPropertySetter<Order.Infrastructure.OrderContext, Order.Infrastructure.OrderContext, Microsoft.EntityFrameworkCore.DbSet<Order.Infrastructure.Entities.OrderItemInformation.OrderItemOtherInfoModel>>
7ffcd281c490      1         32 Microsoft.EntityFrameworkCore.Metadata.Internal.ClrPropertySetter<Order.Infrastructure.OrderContext, Order.Infrastructure.OrderContext, Microsoft.EntityFrameworkCore.DbSet<Order.Infrastructure.Entities.MessageLog.MessageLogsModel>>
7ffcd281d5a0      1         32 Microsoft.EntityFrameworkCore.Metadata.Internal.ClrPropertySetter<Order.Infrastructure.OrderContext, Order.Infrastructure.OrderContext, Microsoft.EntityFrameworkCore.DbSet<Order.Infrastructure.Entities.OrderModels.OrderModel>>
7ffcd281e6b0      1         32 Microsoft.EntityFrameworkCore.Metadata.Internal.ClrPropertySetter<Order.Infrastructure.OrderContext, Order.Infrastructure.OrderContext, Microsoft.EntityFrameworkCore.DbSet<Order.Infrastructure.Entities.OrderModels.OrderAddressModel>>
7ffcd281f7c0      1         32 Microsoft.EntityFrameworkCore.Metadata.Internal.ClrPropertySetter<Order.Infrastructure.OrderContext, Order.Infrastructure.OrderContext, Microsoft.EntityFrameworkCore.DbSet<Order.Infrastructure.Entities.OrderModels.OrderCustomerModel>>
7ffcd2820920      1         32 Microsoft.EntityFrameworkCore.Metadata.Internal.ClrPropertySetter<Order.Infrastructure.OrderContext, Order.Infrastructure.OrderContext, Microsoft.EntityFrameworkCore.DbSet<Order.Infrastructure.Entities.OrderModels.OrderFeeAmountModel>>
7ffcd2821a30      1         32 Microsoft.EntityFrameworkCore.Metadata.Internal.ClrPropertySetter<Order.Infrastructure.OrderContext, Order.Infrastructure.OrderContext, Microsoft.EntityFrameworkCore.DbSet<Order.Infrastructure.Entities.OrderModels.OrderFeeAmountDtlModel>>
7ffcd2822b40      1         32 Microsoft.EntityFrameworkCore.Metadata.Internal.ClrPropertySetter<Order.Infrastructure.OrderContext, Order.Infrastructure.OrderContext, Microsoft.EntityFrameworkCore.DbSet<Order.Infrastructure.Entities.OrderModels.OrderFeeModel>>
7ffcd2823c50      1         32 Microsoft.EntityFrameworkCore.Metadata.Internal.ClrPropertySetter<Order.Infrastructure.OrderContext, Order.Infrastructure.OrderContext, Microsoft.EntityFrameworkCore.DbSet<Order.Infrastructure.Entities.OrderModels.OrderFeePaymentModel>>
7ffcd2824d60      1         32 Microsoft.EntityFrameworkCore.Metadata.Internal.ClrPropertySetter<Order.Infrastructure.OrderContext, Order.Infrastructure.OrderContext, Microsoft.EntityFrameworkCore.DbSet<Order.Infrastructure.Entities.OrderModels.OrderFeeTaxModel>>
7ffcd2827a88      1         32 Microsoft.EntityFrameworkCore.Metadata.Internal.ClrPropertySetter<Order.Infrastructure.OrderContext, Order.Infrastructure.OrderContext, Microsoft.EntityFrameworkCore.DbSet<Order.Infrastructure.Entities.OrderModels.OrderItemModel>>
7ffcd2828b98      1         32 Microsoft.EntityFrameworkCore.Metadata.Internal.ClrPropertySetter<Order.Infrastructure.OrderContext, Order.Infrastructure.OrderContext, Microsoft.EntityFrameworkCore.DbSet<Order.Infrastructure.Entities.OrderModels.OrderItemAmountModel>>
7ffcd2829ca8      1         32 Microsoft.EntityFrameworkCore.Metadata.Internal.ClrPropertySetter<Order.Infrastructure.OrderContext, Order.Infrastructure.OrderContext, Microsoft.EntityFrameworkCore.DbSet<Order.Infrastructure.Entities.OrderModels.OrderItemAmountDtlModel>>
7ffcd282adb8      1         32 Microsoft.EntityFrameworkCore.Metadata.Internal.ClrPropertySetter<Order.Infrastructure.OrderContext, Order.Infrastructure.OrderContext, Microsoft.EntityFrameworkCore.DbSet<Order.Infrastructure.Entities.OrderModels.OrderItemBarcodeModel>>
7ffcd282bec8      1         32 Microsoft.EntityFrameworkCore.Metadata.Internal.ClrPropertySetter<Order.Infrastructure.OrderContext, Order.Infrastructure.OrderContext, Microsoft.EntityFrameworkCore.DbSet<Order.Infrastructure.Entities.OrderModels.OrderItemDeliveryWindowModel>>
7ffcd282cfd8      1         32 Microsoft.EntityFrameworkCore.Metadata.Internal.ClrPropertySetter<Order.Infrastructure.OrderContext, Order.Infrastructure.OrderContext, Microsoft.EntityFrameworkCore.DbSet<Order.Infrastructure.Entities.OrderModels.OrderItemFulFillmentModel>>
7ffcd282e0e8      1         32 Microsoft.EntityFrameworkCore.Metadata.Internal.ClrPropertySetter<Order.Infrastructure.OrderContext, Order.Infrastructure.OrderContext, Microsoft.EntityFrameworkCore.DbSet<Order.Infrastructure.Entities.OrderModels.OrderItemFulFillmentServiceTypeModel>>
7ffcd282f1f8      1         32 Microsoft.EntityFrameworkCore.Metadata.Internal.ClrPropertySetter<Order.Infrastructure.OrderContext, Order.Infrastructure.OrderContext, Microsoft.EntityFrameworkCore.DbSet<Order.Infrastructure.Entities.OrderModels.OrderItemPaymentModel>>
7ffcd28303e0      1         32 Microsoft.EntityFrameworkCore.Metadata.Internal.ClrPropertySetter<Order.Infrastructure.OrderContext, Order.Infrastructure.OrderContext, Microsoft.EntityFrameworkCore.DbSet<Order.Infrastructure.Entities.OrderModels.OrderItemPromotionModel>>
7ffcd28314f0      1         32 Microsoft.EntityFrameworkCore.Metadata.Internal.ClrPropertySetter<Order.Infrastructure.OrderContext, Order.Infrastructure.OrderContext, Microsoft.EntityFrameworkCore.DbSet<Order.Infrastructure.Entities.OrderModels.OrderItemPromotionsModel>>
7ffcd2832600      1         32 Microsoft.EntityFrameworkCore.Metadata.Internal.ClrPropertySetter<Order.Infrastructure.OrderContext, Order.Infrastructure.OrderContext, Microsoft.EntityFrameworkCore.DbSet<Order.Infrastructure.Entities.OrderModels.OrderItemRemarkModel>>
7ffcd2833710      1         32 Microsoft.EntityFrameworkCore.Metadata.Internal.ClrPropertySetter<Order.Infrastructure.OrderContext, Order.Infrastructure.OrderContext, Microsoft.EntityFrameworkCore.DbSet<Order.Infrastructure.Entities.OrderModels.OrderItemTaxModel>>
7ffcd2834820      1         32 Microsoft.EntityFrameworkCore.Metadata.Internal.ClrPropertySetter<Order.Infrastructure.OrderContext, Order.Infrastructure.OrderContext, Microsoft.EntityFrameworkCore.DbSet<Order.Infrastructure.Entities.SysStatusAggregate.OrderOutboxModel>>
7ffcd2835930      1         32 Microsoft.EntityFrameworkCore.Metadata.Internal.ClrPropertySetter<Order.Infrastructure.OrderContext, Order.Infrastructure.OrderContext, Microsoft.EntityFrameworkCore.DbSet<Order.Infrastructure.Entities.OrderModels.OrderPaymentModel>>
7ffcd2836a40      1         32 Microsoft.EntityFrameworkCore.Metadata.Internal.ClrPropertySetter<Order.Infrastructure.OrderContext, Order.Infrastructure.OrderContext, Microsoft.EntityFrameworkCore.DbSet<Order.Infrastructure.Entities.OrderModels.OrderPaymentTransactionModel>>
7ffcd2837b50      1         32 Microsoft.EntityFrameworkCore.Metadata.Internal.ClrPropertySetter<Order.Infrastructure.OrderContext, Order.Infrastructure.OrderContext, Microsoft.EntityFrameworkCore.DbSet<Order.Infrastructure.Entities.OrderProcessCondition.OrderProcessConditionModel>>
7ffcd283a878      1         32 Microsoft.EntityFrameworkCore.Metadata.Internal.ClrPropertySetter<Order.Infrastructure.OrderContext, Order.Infrastructure.OrderContext, Microsoft.EntityFrameworkCore.DbSet<Order.Infrastructure.Entities.OrderModels.OrderPromotionModel>>
7ffcd283b988      1         32 Microsoft.EntityFrameworkCore.Metadata.Internal.ClrPropertySetter<Order.Infrastructure.OrderContext, Order.Infrastructure.OrderContext, Microsoft.EntityFrameworkCore.DbSet<Order.Infrastructure.Entities.OrderModels.OrderPromotionAmountModel>>
7ffcd283ca98      1         32 Microsoft.EntityFrameworkCore.Metadata.Internal.ClrPropertySetter<Order.Infrastructure.OrderContext, Order.Infrastructure.OrderContext, Microsoft.EntityFrameworkCore.DbSet<Order.Infrastructure.Entities.OrderReference.OrderReferenceModel>>
7ffcd283dba8      1         32 Microsoft.EntityFrameworkCore.Metadata.Internal.ClrPropertySetter<Order.Infrastructure.OrderContext, Order.Infrastructure.OrderContext, Microsoft.EntityFrameworkCore.DbSet<Order.Infrastructure.Entities.OrderModels.OrderRemarkModel>>
7ffcd283ecb8      1         32 Microsoft.EntityFrameworkCore.Metadata.Internal.ClrPropertySetter<Order.Infrastructure.OrderContext, Order.Infrastructure.OrderContext, Microsoft.EntityFrameworkCore.DbSet<Order.Infrastructure.Entities.OrderReturn.OrderReturnModel>>
7ffcd283fdc8      1         32 Microsoft.EntityFrameworkCore.Metadata.Internal.ClrPropertySetter<Order.Infrastructure.OrderContext, Order.Infrastructure.OrderContext, Microsoft.EntityFrameworkCore.DbSet<Order.Infrastructure.Entities.OrderReturn.OrderReturnItemModel>>
7ffcd2860f00      1         32 Microsoft.EntityFrameworkCore.Metadata.Internal.ClrPropertySetter<Order.Infrastructure.OrderContext, Order.Infrastructure.OrderContext, Microsoft.EntityFrameworkCore.DbSet<Order.Infrastructure.Entities.SysStatusAggregate.OrderSagaModel>>
7ffcd2862010      1         32 Microsoft.EntityFrameworkCore.Metadata.Internal.ClrPropertySetter<Order.Infrastructure.OrderContext, Order.Infrastructure.OrderContext, Microsoft.EntityFrameworkCore.DbSet<Order.Infrastructure.Entities.OrderStaging.OrderStagingModel>>
7ffcd2863120      1         32 Microsoft.EntityFrameworkCore.Metadata.Internal.ClrPropertySetter<Order.Infrastructure.OrderContext, Order.Infrastructure.OrderContext, Microsoft.EntityFrameworkCore.DbSet<Order.Infrastructure.Entities.PackageAuditInfo.PackageAuditInfoModel>>
7ffcd2864230      1         32 Microsoft.EntityFrameworkCore.Metadata.Internal.ClrPropertySetter<Order.Infrastructure.OrderContext, Order.Infrastructure.OrderContext, Microsoft.EntityFrameworkCore.DbSet<Order.Infrastructure.Entities.Package.PackageInfoModel>>
7ffcd2865340      1         32 Microsoft.EntityFrameworkCore.Metadata.Internal.ClrPropertySetter<Order.Infrastructure.OrderContext, Order.Infrastructure.OrderContext, Microsoft.EntityFrameworkCore.DbSet<Order.Infrastructure.Entities.Package.PackageTbModel>>
7ffcd2866450      1         32 Microsoft.EntityFrameworkCore.Metadata.Internal.ClrPropertySetter<Order.Infrastructure.OrderContext, Order.Infrastructure.OrderContext, Microsoft.EntityFrameworkCore.DbSet<Order.Infrastructure.Entities.ProcessOrder.ProcessOrderModel>>
7ffcd2867560      1         32 Microsoft.EntityFrameworkCore.Metadata.Internal.ClrPropertySetter<Order.Infrastructure.OrderContext, Order.Infrastructure.OrderContext, Microsoft.EntityFrameworkCore.DbSet<Order.Infrastructure.Entities.ProcessOrder.ProcessOrderItemModel>>
7ffcd2868670      1         32 Microsoft.EntityFrameworkCore.Metadata.Internal.ClrPropertySetter<Order.Infrastructure.OrderContext, Order.Infrastructure.OrderContext, Microsoft.EntityFrameworkCore.DbSet<Order.Infrastructure.Entities.Promotion.ConditionPromotionItemModel>>
7ffcd2869780      1         32 Microsoft.EntityFrameworkCore.Metadata.Internal.ClrPropertySetter<Order.Infrastructure.OrderContext, Order.Infrastructure.OrderContext, Microsoft.EntityFrameworkCore.DbSet<Order.Infrastructure.Entities.Promotion.PromotionItemModel>>
7ffcd286a890      1         32 Microsoft.EntityFrameworkCore.Metadata.Internal.ClrPropertySetter<Order.Infrastructure.OrderContext, Order.Infrastructure.OrderContext, Microsoft.EntityFrameworkCore.DbSet<Order.Infrastructure.Entities.Setting.StateControlModel>>
7ffcd286d5b8      1         32 Microsoft.EntityFrameworkCore.Metadata.Internal.ClrPropertySetter<Order.Infrastructure.OrderContext, Order.Infrastructure.OrderContext, Microsoft.EntityFrameworkCore.DbSet<Order.Infrastructure.Entities.StoreLocation.StoreLocationModel>>
7ffcd286e6c8      1         32 Microsoft.EntityFrameworkCore.Metadata.Internal.ClrPropertySetter<Order.Infrastructure.OrderContext, Order.Infrastructure.OrderContext, Microsoft.EntityFrameworkCore.DbSet<Order.Infrastructure.Entities.SubOrderModels.SubOrderModel>>
7ffcd286f7d8      1         32 Microsoft.EntityFrameworkCore.Metadata.Internal.ClrPropertySetter<Order.Infrastructure.OrderContext, Order.Infrastructure.OrderContext, Microsoft.EntityFrameworkCore.DbSet<Order.Infrastructure.Entities.SubOrderModels.SubOrderAddressModel>>
7ffcd2870920      1         32 Microsoft.EntityFrameworkCore.Metadata.Internal.ClrPropertySetter<Order.Infrastructure.OrderContext, Order.Infrastructure.OrderContext, Microsoft.EntityFrameworkCore.DbSet<Order.Infrastructure.Entities.SubOrderModels.SubOrderFeeAmountModel>>
7ffcd2871a30      1         32 Microsoft.EntityFrameworkCore.Metadata.Internal.ClrPropertySetter<Order.Infrastructure.OrderContext, Order.Infrastructure.OrderContext, Microsoft.EntityFrameworkCore.DbSet<Order.Infrastructure.Entities.SubOrderModels.SubOrderFeeAmountDtlModel>>
7ffcd2872b40      1         32 Microsoft.EntityFrameworkCore.Metadata.Internal.ClrPropertySetter<Order.Infrastructure.OrderContext, Order.Infrastructure.OrderContext, Microsoft.EntityFrameworkCore.DbSet<Order.Infrastructure.Entities.SubOrderModels.SubOrderFeeModel>>
7ffcd2873c50      1         32 Microsoft.EntityFrameworkCore.Metadata.Internal.ClrPropertySetter<Order.Infrastructure.OrderContext, Order.Infrastructure.OrderContext, Microsoft.EntityFrameworkCore.DbSet<Order.Infrastructure.Entities.SubOrderModels.SubOrderFeePaymentModel>>
7ffcd2874d60      1         32 Microsoft.EntityFrameworkCore.Metadata.Internal.ClrPropertySetter<Order.Infrastructure.OrderContext, Order.Infrastructure.OrderContext, Microsoft.EntityFrameworkCore.DbSet<Order.Infrastructure.Entities.SubOrderModels.SubOrderFeeTaxModel>>
7ffcd2875e70      1         32 Microsoft.EntityFrameworkCore.Metadata.Internal.ClrPropertySetter<Order.Infrastructure.OrderContext, Order.Infrastructure.OrderContext, Microsoft.EntityFrameworkCore.DbSet<Order.Infrastructure.Entities.SubOrderModels.SubOrderItemModel>>
7ffcd2876f80      1         32 Microsoft.EntityFrameworkCore.Metadata.Internal.ClrPropertySetter<Order.Infrastructure.OrderContext, Order.Infrastructure.OrderContext, Microsoft.EntityFrameworkCore.DbSet<Order.Infrastructure.Entities.SubOrderModels.SubOrderItemAmountModel>>
7ffcd2878090      1         32 Microsoft.EntityFrameworkCore.Metadata.Internal.ClrPropertySetter<Order.Infrastructure.OrderContext, Order.Infrastructure.OrderContext, Microsoft.EntityFrameworkCore.DbSet<Order.Infrastructure.Entities.SubOrderModels.SubOrderItemAmtDtlModel>>
7ffcd28791a0      1         32 Microsoft.EntityFrameworkCore.Metadata.Internal.ClrPropertySetter<Order.Infrastructure.OrderContext, Order.Infrastructure.OrderContext, Microsoft.EntityFrameworkCore.DbSet<Order.Infrastructure.Entities.SubOrderModels.SubOrderItemBarcodeModel>>
7ffcd287a2b0      1         32 Microsoft.EntityFrameworkCore.Metadata.Internal.ClrPropertySetter<Order.Infrastructure.OrderContext, Order.Infrastructure.OrderContext, Microsoft.EntityFrameworkCore.DbSet<Order.Infrastructure.Entities.SubOrderModels.SubOrderItemDeliveryWindowModel>>
7ffcd287b3c0      1         32 Microsoft.EntityFrameworkCore.Metadata.Internal.ClrPropertySetter<Order.Infrastructure.OrderContext, Order.Infrastructure.OrderContext, Microsoft.EntityFrameworkCore.DbSet<Order.Infrastructure.Entities.SubOrderModels.SubOrderItemFulFillmentModel>>
7ffcd287c4d0      1         32 Microsoft.EntityFrameworkCore.Metadata.Internal.ClrPropertySetter<Order.Infrastructure.OrderContext, Order.Infrastructure.OrderContext, Microsoft.EntityFrameworkCore.DbSet<Order.Infrastructure.Entities.SubOrderModels.SubOrderItemFulFillmentServiceTypeModel>>
7ffcd287d5e0      1         32 Microsoft.EntityFrameworkCore.Metadata.Internal.ClrPropertySetter<Order.Infrastructure.OrderContext, Order.Infrastructure.OrderContext, Microsoft.EntityFrameworkCore.DbSet<Order.Infrastructure.Entities.SubOrderModels.SubOrderItemPayModel>>
7ffcd28d1428      1         32 Microsoft.EntityFrameworkCore.Metadata.Internal.ClrPropertySetter<Order.Infrastructure.OrderContext, Order.Infrastructure.OrderContext, Microsoft.EntityFrameworkCore.DbSet<Order.Infrastructure.Entities.SubOrderModels.SubOrderItemPromotionModel>>
7ffcd28d2538      1         32 Microsoft.EntityFrameworkCore.Metadata.Internal.ClrPropertySetter<Order.Infrastructure.OrderContext, Order.Infrastructure.OrderContext, Microsoft.EntityFrameworkCore.DbSet<Order.Infrastructure.Entities.SubOrderModels.SubOrderItemPromotionsModel>>
7ffcd28d3648      1         32 Microsoft.EntityFrameworkCore.Metadata.Internal.ClrPropertySetter<Order.Infrastructure.OrderContext, Order.Infrastructure.OrderContext, Microsoft.EntityFrameworkCore.DbSet<Order.Infrastructure.Entities.SubOrderModels.SubOrderItemRemarkModel>>
7ffcd28d4758      1         32 Microsoft.EntityFrameworkCore.Metadata.Internal.ClrPropertySetter<Order.Infrastructure.OrderContext, Order.Infrastructure.OrderContext, Microsoft.EntityFrameworkCore.DbSet<Order.Infrastructure.Entities.SubOrderModels.SubOrderItemTaxModel>>
7ffcd28d5868      1         32 Microsoft.EntityFrameworkCore.Metadata.Internal.ClrPropertySetter<Order.Infrastructure.OrderContext, Order.Infrastructure.OrderContext, Microsoft.EntityFrameworkCore.DbSet<Order.Infrastructure.Entities.SubOrderModels.SubOrderPromotionModel>>
7ffcd28d6978      1         32 Microsoft.EntityFrameworkCore.Metadata.Internal.ClrPropertySetter<Order.Infrastructure.OrderContext, Order.Infrastructure.OrderContext, Microsoft.EntityFrameworkCore.DbSet<Order.Infrastructure.Entities.SubOrderModels.SubOrderPromotionAmountModel>>
7ffcd28d7a88      1         32 Microsoft.EntityFrameworkCore.Metadata.Internal.ClrPropertySetter<Order.Infrastructure.OrderContext, Order.Infrastructure.OrderContext, Microsoft.EntityFrameworkCore.DbSet<Order.Infrastructure.Entities.SubOrderModels.SubOrderRemarkModel>>
7ffcd28d8b98      1         32 Microsoft.EntityFrameworkCore.Metadata.Internal.ClrPropertySetter<Order.Infrastructure.OrderContext, Order.Infrastructure.OrderContext, Microsoft.EntityFrameworkCore.DbSet<Order.Infrastructure.Entities.MasterData.SysAddressTypeModel>>
7ffcd28d9ca8      1         32 Microsoft.EntityFrameworkCore.Metadata.Internal.ClrPropertySetter<Order.Infrastructure.OrderContext, Order.Infrastructure.OrderContext, Microsoft.EntityFrameworkCore.DbSet<Order.Infrastructure.Entities.MasterData.SysChannelModel>>
7ffcd28dadb8      1         32 Microsoft.EntityFrameworkCore.Metadata.Internal.ClrPropertySetter<Order.Infrastructure.OrderContext, Order.Infrastructure.OrderContext, Microsoft.EntityFrameworkCore.DbSet<Order.Infrastructure.Entities.MasterData.SysConfigChannelUploadMappingModel>>
7ffcd28dbec8      1         32 Microsoft.EntityFrameworkCore.Metadata.Internal.ClrPropertySetter<Order.Infrastructure.OrderContext, Order.Infrastructure.OrderContext, Microsoft.EntityFrameworkCore.DbSet<Order.Infrastructure.Entities.MasterData.SysDeliverySubTypeModel>>
7ffcd28dcfd8      1         32 Microsoft.EntityFrameworkCore.Metadata.Internal.ClrPropertySetter<Order.Infrastructure.OrderContext, Order.Infrastructure.OrderContext, Microsoft.EntityFrameworkCore.DbSet<Order.Infrastructure.Entities.MasterData.SysDeliveryTypeModel>>
7ffcd28de0e8      1         32 Microsoft.EntityFrameworkCore.Metadata.Internal.ClrPropertySetter<Order.Infrastructure.OrderContext, Order.Infrastructure.OrderContext, Microsoft.EntityFrameworkCore.DbSet<Order.Infrastructure.Entities.MasterData.SysFulfillmentOptionModel>>
7ffcd28df1f8      1         32 Microsoft.EntityFrameworkCore.Metadata.Internal.ClrPropertySetter<Order.Infrastructure.OrderContext, Order.Infrastructure.OrderContext, Microsoft.EntityFrameworkCore.DbSet<Order.Infrastructure.Entities.MasterData.SysFulfillmentPriorityModel>>
7ffcd28e03e0      1         32 Microsoft.EntityFrameworkCore.Metadata.Internal.ClrPropertySetter<Order.Infrastructure.OrderContext, Order.Infrastructure.OrderContext, Microsoft.EntityFrameworkCore.DbSet<Order.Infrastructure.Entities.MasterData.SysFulfillmentTypeModel>>
7ffcd28e14f0      1         32 Microsoft.EntityFrameworkCore.Metadata.Internal.ClrPropertySetter<Order.Infrastructure.OrderContext, Order.Infrastructure.OrderContext, Microsoft.EntityFrameworkCore.DbSet<Order.Infrastructure.Entities.SettingModel.SysFunctionConfigModel>>
7ffcd28e4218      1         32 Microsoft.EntityFrameworkCore.Metadata.Internal.ClrPropertySetter<Order.Infrastructure.OrderContext, Order.Infrastructure.OrderContext, Microsoft.EntityFrameworkCore.DbSet<Order.Infrastructure.Entities.SettingModel.SysFunctionModel>>
7ffcd28e5328      1         32 Microsoft.EntityFrameworkCore.Metadata.Internal.ClrPropertySetter<Order.Infrastructure.OrderContext, Order.Infrastructure.OrderContext, Microsoft.EntityFrameworkCore.DbSet<Order.Infrastructure.Entities.MasterData.SysInsuranceConfigurationModel>>
7ffcd28e6438      1         32 Microsoft.EntityFrameworkCore.Metadata.Internal.ClrPropertySetter<Order.Infrastructure.OrderContext, Order.Infrastructure.OrderContext, Microsoft.EntityFrameworkCore.DbSet<Order.Infrastructure.Entities.MasterData.SysOrderFulfillmentTypeModel>>
7ffcd28e7548      1         32 Microsoft.EntityFrameworkCore.Metadata.Internal.ClrPropertySetter<Order.Infrastructure.OrderContext, Order.Infrastructure.OrderContext, Microsoft.EntityFrameworkCore.DbSet<Order.Infrastructure.Entities.MasterData.SysOrderTypeModel>>
7ffcd28e8658      1         32 Microsoft.EntityFrameworkCore.Metadata.Internal.ClrPropertySetter<Order.Infrastructure.OrderContext, Order.Infrastructure.OrderContext, Microsoft.EntityFrameworkCore.DbSet<Order.Infrastructure.Entities.MasterData.SysRoleChannelMappingModel>>
7ffcd28e9768      1         32 Microsoft.EntityFrameworkCore.Metadata.Internal.ClrPropertySetter<Order.Infrastructure.OrderContext, Order.Infrastructure.OrderContext, Microsoft.EntityFrameworkCore.DbSet<Order.Infrastructure.Entities.SysRunningNumber.SysRunningNumberModel>>
7ffcd28ea878      1         32 Microsoft.EntityFrameworkCore.Metadata.Internal.ClrPropertySetter<Order.Infrastructure.OrderContext, Order.Infrastructure.OrderContext, Microsoft.EntityFrameworkCore.DbSet<Order.Infrastructure.Entities.SysRunningNumber.SysRunningNumberTypeModel>>
7ffcd28eb988      1         32 Microsoft.EntityFrameworkCore.Metadata.Internal.ClrPropertySetter<Order.Infrastructure.OrderContext, Order.Infrastructure.OrderContext, Microsoft.EntityFrameworkCore.DbSet<Order.Infrastructure.Entities.SysStatusAggregate.SysStatusAggregateModel>>
7ffcd28eca98      1         32 Microsoft.EntityFrameworkCore.Metadata.Internal.ClrPropertySetter<Order.Infrastructure.OrderContext, Order.Infrastructure.OrderContext, Microsoft.EntityFrameworkCore.DbSet<Order.Infrastructure.Entities.MasterData.SysStatusModel>>
7ffcd29232b0      1         32 System.Collections.Generic.List<AutoMapper.Profile>
7ffcd2923d98      1         32 System.Collections.Generic.List<System.Action<AutoMapper.Configuration.ValidationContext>>
7ffcd29249c8      1         32 System.Collections.Generic.List<AutoMapper.Internal.Mappers.IObjectMapper>
7ffcd29315f0      1         32 System.SZGenericArrayEnumerator<AutoMapper.AutoMapAttribute>
7ffcd3027d48      1         32 System.SZGenericArrayEnumerator<System.ComponentModel.DataAnnotations.Schema.NotMappedAttribute>
7ffcd3028128      1         32 System.SZGenericArrayEnumerator<Microsoft.EntityFrameworkCore.OwnedAttribute>
7ffcd3028508      1         32 System.SZGenericArrayEnumerator<System.ComponentModel.DataAnnotations.Schema.ComplexTypeAttribute>
7ffcd30288e8      1         32 System.SZGenericArrayEnumerator<Microsoft.EntityFrameworkCore.KeylessAttribute>
7ffcd3028cc8      1         32 System.SZGenericArrayEnumerator<Microsoft.EntityFrameworkCore.EntityTypeConfigurationAttribute>
7ffcd3047730      1         32 System.SZGenericArrayEnumerator<Microsoft.EntityFrameworkCore.Storage.IRelationalTypeMappingSourcePlugin>
7ffcd3061ff0      1         32 System.SZGenericArrayEnumerator<Microsoft.EntityFrameworkCore.Metadata.IConventionPropertyBase>
7ffcd3063ac0      1         32 System.SZGenericArrayEnumerator<Microsoft.EntityFrameworkCore.Metadata.Internal.TypeBase>
7ffcd3069ad8      1         32 System.SZGenericArrayEnumerator<Microsoft.EntityFrameworkCore.Metadata.Internal.Property>
7ffcd3069c58      1         32 System.SZGenericArrayEnumerator<Microsoft.EntityFrameworkCore.Metadata.Internal.ComplexProperty>
7ffcd3069dd8      1         32 System.SZGenericArrayEnumerator<Microsoft.EntityFrameworkCore.Metadata.Internal.ServiceProperty>
7ffcd3069f58      1         32 System.SZGenericArrayEnumerator<Microsoft.EntityFrameworkCore.Metadata.Internal.Navigation>
7ffcd306a0d8      1         32 System.SZGenericArrayEnumerator<Microsoft.EntityFrameworkCore.Metadata.Internal.SkipNavigation>
7ffcd3096f38      1         32 System.SZGenericArrayEnumerator<Microsoft.EntityFrameworkCore.Metadata.Conventions.RelationshipDiscoveryConvention+RelationshipCandidate>
7ffcd309a0d0      1         32 System.SZGenericArrayEnumerator<Microsoft.EntityFrameworkCore.IndexAttribute>
7ffcd309a420      1         32 System.SZGenericArrayEnumerator<System.ComponentModel.DataAnnotations.Schema.TableAttribute>
7ffcd309a800      1         32 System.SZGenericArrayEnumerator<Microsoft.EntityFrameworkCore.CommentAttribute>
7ffcd30dc788      1         32 System.SZGenericArrayEnumerator<Microsoft.EntityFrameworkCore.Metadata.Internal.InternalForeignKeyBuilder>
7ffcd316ab90      1         32 System.SZGenericArrayEnumerator<Microsoft.EntityFrameworkCore.Metadata.Internal.Index>
7ffcd3178a80      1         32 System.SZGenericArrayEnumerator<Microsoft.EntityFrameworkCore.Metadata.IReadOnlyForeignKey>
7ffcd31baa78      1         32 System.SZGenericArrayEnumerator<Microsoft.EntityFrameworkCore.Metadata.IConventionSkipNavigation>
7ffcd31c5768      1         32 System.SZGenericArrayEnumerator<Microsoft.EntityFrameworkCore.Metadata.IReadOnlySkipNavigation>
7ffcd31d4210      1         32 System.SZGenericArrayEnumerator<System.ComponentModel.DataAnnotations.Schema.InversePropertyAttribute>
7ffcd31d4930      1         32 System.SZGenericArrayEnumerator<Microsoft.EntityFrameworkCore.BackingFieldAttribute>
7ffcd31d4e60      1         32 System.SZGenericArrayEnumerator<System.ComponentModel.DataAnnotations.RequiredAttribute>
7ffcd31d77d0      1         32 System.SZGenericArrayEnumerator<System.Text.Json.Serialization.JsonPropertyNameAttribute>
7ffcd31da3e0      1         32 System.SZGenericArrayEnumerator<Microsoft.EntityFrameworkCore.Metadata.IConventionForeignKey>
7ffcd31dad68      1         32 System.SZGenericArrayEnumerator<Microsoft.EntityFrameworkCore.Metadata.IConventionIndex>
7ffcd32478e8      1         32 System.SZGenericArrayEnumerator<Microsoft.EntityFrameworkCore.Metadata.Internal.Key>
7ffcd324eae0      1         32 System.SZGenericArrayEnumerator<Microsoft.EntityFrameworkCore.Metadata.IConventionEntityType>
7ffcd326f7d8      1         32 System.SZGenericArrayEnumerator<Microsoft.EntityFrameworkCore.Metadata.ParameterBinding>
7ffcd327e8e0      1         32 System.SZGenericArrayEnumerator<Microsoft.EntityFrameworkCore.Metadata.IQueryFilter>
7ffcd328a098      1         32 System.SZGenericArrayEnumerator<Microsoft.EntityFrameworkCore.Metadata.Internal.ForeignKey>
7ffcd32dfa48      1         32 System.SZGenericArrayEnumerator<Microsoft.EntityFrameworkCore.Metadata.Internal.Trigger>
7ffcd334f948      1         32 System.SZGenericArrayEnumerator<System.Collections.Generic.IDictionary<System.String, System.Object>>
7ffcd3364508      1         32 System.SZGenericArrayEnumerator<Microsoft.EntityFrameworkCore.Metadata.IReadOnlyIndex>
7ffcd33a07f0      1         32 Microsoft.EntityFrameworkCore.ChangeTracking.EntryCurrentValueComparer<System.Guid>
7ffcd3405050      1         32 System.SZGenericArrayEnumerator<Microsoft.EntityFrameworkCore.Metadata.IDbFunction>
7ffcd362a800      1         32 System.SZGenericArrayEnumerator<Microsoft.EntityFrameworkCore.Metadata.ICheckConstraint>
7ffcd06a0da8      1         32 System.IO.FileStream
7ffcd37b5fb0      1         32 System.SZGenericArrayEnumerator<Microsoft.EntityFrameworkCore.Metadata.ITypeMappingConfiguration>
7ffcd273b770      1         32 Microsoft.EntityFrameworkCore.SqlServer.Query.Internal.SqlServerEvaluatableExpressionFilter
7ffcd37dd528      1         32 System.Collections.Generic.List<Microsoft.EntityFrameworkCore.Diagnostics.IInstantiationBindingInterceptor>
7ffcd277ed68      1         32 Microsoft.EntityFrameworkCore.Query.RelationalLiftableConstantFactory
7ffcd2781910      1         32 Microsoft.EntityFrameworkCore.Query.QuerySqlGeneratorDependencies
7ffcd3800be8      1         32 System.SZGenericArrayEnumerator<Microsoft.EntityFrameworkCore.Metadata.RuntimeForeignKey>
7ffcd3820e50      1         32 System.SZGenericArrayEnumerator<Microsoft.EntityFrameworkCore.Query.IEvaluatableExpressionFilterPlugin>
7ffcd3f964d8      1         32 Microsoft.EntityFrameworkCore.Query.Internal.CompiledQueryBase<Order.Infrastructure.OrderContext, System.Collections.Generic.IEnumerable<Order.Infrastructure.Entities.SubOrderModels.SubOrderModel>>+ExecutorAndModel
7ffcd41800d8      1         32 System.SZGenericArrayEnumerator<Order.Infrastructure.Entities.SubOrderModels.SubOrderItemTaxModel>
7ffcd4180608      1         32 System.SZGenericArrayEnumerator<Order.Infrastructure.Entities.SubOrderModels.SubOrderItemPromotionsModel>
7ffcd4180960      1         32 System.SZGenericArrayEnumerator<Order.Infrastructure.Entities.SubOrderModels.SubOrderItemRemarkModel>
7ffcd4181168      1         32 System.SZGenericArrayEnumerator<Order.Infrastructure.Entities.SubOrderModels.SubOrderItemBarcodeModel>
7ffcd418ab18      1         32 System.SZGenericArrayEnumerator<Order.Infrastructure.Entities.SubOrderModels.SubOrderRemarkModel>
7ffcd418acd0      1         32 System.SZGenericArrayEnumerator<Order.Infrastructure.Entities.SubOrderModels.SubOrderPromotionModel>
7ffcd418ae88      1         32 System.SZGenericArrayEnumerator<Order.Infrastructure.Entities.SubOrderModels.SubOrderFeeModel>
7ffcd0b6b808      1         32 Microsoft.AspNetCore.Mvc.Infrastructure.MemoryPoolHttpResponseStreamWriterFactory
7ffcd391aba0      1         32 System.SZGenericArrayEnumerator<Microsoft.EntityFrameworkCore.Metadata.Internal.ColumnMappingBase>
7ffcd391b608      1         32 System.SZGenericArrayEnumerator<Microsoft.EntityFrameworkCore.Metadata.IComplexProperty>
7ffcd3932bc0      1         32 System.SZGenericArrayEnumerator<Microsoft.EntityFrameworkCore.Metadata.Internal.ColumnMapping>
7ffcd394c238      1         32 System.SZGenericArrayEnumerator<Microsoft.EntityFrameworkCore.Metadata.IForeignKey>
7ffcd3959400      1         32 System.SZGenericArrayEnumerator<Microsoft.EntityFrameworkCore.Metadata.ITrigger>
7ffcd39a6f60      1         32 System.SZGenericArrayEnumerator<Microsoft.EntityFrameworkCore.Infrastructure.IAnnotation>
7ffcd39f54d8      1         32 System.SZGenericArrayEnumerator<Microsoft.EntityFrameworkCore.Query.IMethodCallTranslator>
7ffcd3a0cae0      1         32 System.SZGenericArrayEnumerator<Microsoft.EntityFrameworkCore.Query.SqlExpressions.ColumnExpression>
7ffcd3a0cdd8      1         32 System.SZGenericArrayEnumerator<System.ValueTuple<Microsoft.EntityFrameworkCore.Query.SqlExpressions.ColumnExpression, Microsoft.EntityFrameworkCore.ChangeTracking.ValueComparer>>
7ffcd3af4540      1         32 System.Collections.Generic.List<Microsoft.Data.SqlClient.ConnectionPool.IDbConnectionPool>
7ffcd3af4ad0      1         32 System.Collections.Generic.List<Microsoft.Data.SqlClient.ConnectionPool.DbConnectionPoolGroup>
7ffcd3dc3040      1         32 Microsoft.Win32.SafeHandles.SafeBCryptAlgorithmHandle
7ffcd3b14368      1         32 Microsoft.Data.SqlClient.SqlConfigurableRetryLogicLoader
7ffcd3aff140      1         32 Microsoft.Data.SqlClient.ConnectionPool.DbConnectionPoolIdentity
7ffcd3de7cb8      1         32 System.Random+CompatSeedImpl
7ffcd3de6578      1         32 System.Collections.Generic.List<Microsoft.Data.ProviderBase.DbConnectionInternal>
7ffcd3defd80      1         32 System.Text.CodePagesEncodingProvider
7ffcd3e18a80      1         32 System.Text.EncodingProvider[]
7ffcd3e8caa0      1         32 System.Text.InternalEncoderBestFitFallback
7ffcd3f3e518      1         32 System.SZGenericArrayEnumerator<Microsoft.EntityFrameworkCore.Metadata.INavigationBase>
7ffcd3f3ed98      1         32 System.SZGenericArrayEnumerator<Microsoft.EntityFrameworkCore.Metadata.IServiceProperty>
7ffcd3f6cab0      1         32 System.SZGenericArrayEnumerator<Order.Infrastructure.Entities.OrderReference.OrderReferenceModel>
7ffcd2a92118      1         32 System.Linq.Expressions.Expression1<System.Func<Order.Infrastructure.Entities.SubOrderModels.SubOrderModel, System.Collections.Generic.ICollection<Order.Infrastructure.Entities.SubOrderModels.SubOrderAddressModel>>>
7ffcd29fbda8      1         32 System.Linq.Expressions.Expression1<System.Func<Order.Infrastructure.Entities.SubOrderModels.SubOrderItemModel, Order.Infrastructure.Entities.SubOrderModels.SubOrderItemFulFillmentModel>>
7ffcd3f905c8      1         32 System.Linq.Expressions.Expression1<System.Func<Order.Infrastructure.Entities.SubOrderModels.SubOrderItemFulFillmentModel, System.Collections.Generic.List<Order.Infrastructure.Entities.SubOrderModels.SubOrderItemDeliveryWindowModel>>>
7ffcd29fd030      1         32 System.Linq.Expressions.Expression1<System.Func<Order.Infrastructure.Entities.SubOrderModels.SubOrderItemModel, Order.Infrastructure.Entities.SubOrderModels.SubOrderItemPromotionModel>>
7ffcd3f90a38      1         32 System.Linq.Expressions.Expression1<System.Func<Order.Infrastructure.Entities.SubOrderModels.SubOrderItemModel, System.Collections.Generic.ICollection<Order.Infrastructure.Entities.SubOrderModels.SubOrderItemPromotionsModel>>>
7ffcd29fdfc0      1         32 System.Linq.Expressions.Expression1<System.Func<Order.Infrastructure.Entities.SubOrderModels.SubOrderItemModel, System.Collections.Generic.ICollection<Order.Infrastructure.Entities.SubOrderModels.SubOrderItemPayModel>>>
7ffcd3f90ea8      1         32 System.Linq.Expressions.Expression1<System.Func<Order.Infrastructure.Entities.SubOrderModels.SubOrderItemPayModel, System.Collections.Generic.ICollection<Order.Infrastructure.Entities.SubOrderModels.SubOrderItemTaxModel>>>
7ffcd29fe788      1         32 System.Linq.Expressions.Expression1<System.Func<Order.Infrastructure.Entities.SubOrderModels.SubOrderItemModel, System.Collections.Generic.ICollection<Order.Infrastructure.Entities.SubOrderModels.SubOrderItemRemarkModel>>>
7ffcd3f913b8      1         32 System.Linq.Expressions.Expression1<System.Func<Order.Infrastructure.Entities.SubOrderModels.SubOrderModel, System.Collections.Generic.ICollection<Order.Infrastructure.Entities.SubOrderModels.SubOrderRemarkModel>>>
7ffcd3f91788      1         32 System.Linq.Expressions.Expression1<System.Func<Order.Infrastructure.Entities.SubOrderModels.SubOrderModel, System.Collections.Generic.ICollection<Order.Infrastructure.Entities.SubOrderModels.SubOrderPromotionModel>>>
7ffcd3f91b58      1         32 System.Linq.Expressions.Expression1<System.Func<Order.Infrastructure.Entities.SubOrderModels.SubOrderPromotionModel, Order.Infrastructure.Entities.SubOrderModels.SubOrderPromotionAmountModel>>
7ffcd29f9118      1         32 System.Linq.Expressions.Expression1<System.Func<Order.Infrastructure.Entities.SubOrderModels.SubOrderFeeModel, System.Collections.Generic.ICollection<Order.Infrastructure.Entities.SubOrderModels.SubOrderFeePaymentModel>>>
7ffcd3f929e8      1         32 System.Linq.Expressions.Expression1<System.Func<Order.Infrastructure.Entities.SubOrderModels.SubOrderFeePaymentModel, System.Collections.Generic.ICollection<Order.Infrastructure.Entities.SubOrderModels.SubOrderFeeTaxModel>>>
7ffcd3f94b00      1         32 Microsoft.EntityFrameworkCore.Query.Internal.CompiledQuery<Order.Infrastructure.OrderContext, System.Collections.Generic.IEnumerable<Order.Infrastructure.Entities.SubOrderModels.SubOrderModel>>
7ffcd3f9d280      1         32 System.Dynamic.Utils.CacheDict<System.Reflection.MethodInfo, System.Linq.Expressions.Interpreter.CallInstruction>
7ffcd3f9ec68      1         32 System.Linq.Expressions.Interpreter.FuncCallInstruction<Order.Infrastructure.OrderContext, Microsoft.EntityFrameworkCore.DbSet<Order.Infrastructure.Entities.SubOrderModels.SubOrderModel>>
7ffcd3f9ee48      1         32 System.Linq.Expressions.Interpreter.FuncCallInstruction<System.Linq.IQueryable<Order.Infrastructure.Entities.SubOrderModels.SubOrderModel>, System.Linq.IQueryable<Order.Infrastructure.Entities.SubOrderModels.SubOrderModel>>
7ffcd3f9caa0      1         36 System.Linq.Expressions.Interpreter.RuntimeLabel[]
7ffcd099d568      1         40 Interop+INPUT_RECORD
7ffcd3eb3f50      1         40 System.Data.SqlTypes.SqlGuid
7ffcd04fcdc8      1         40 System.Buffers.SharedArrayPool<System.Char>
7ffcd0537ba8      1         40 System.Collections.Concurrent.ConcurrentDictionary<System.Guid, System.Collections.Generic.List<Microsoft.DotNet.HotReload.RuntimeManagedCodeUpdate>>
7ffcd05393a0      1         40 System.Collections.Concurrent.ConcurrentDictionary<System.Reflection.Assembly, System.Reflection.Assembly>
7ffcd0580a90      1         40 System.Collections.Concurrent.ConcurrentQueue<System.Threading.PortableThreadPool+IOCompletionPoller+Event>
7ffcd05924f0      1         40 System.Buffers.SharedArrayPool<System.Byte>
7ffcd059e4b8      1         40 System.Threading.Tasks.TaskFactory
7ffcd05dbd38      1         40 System.Threading.Tasks.TaskFactory<System.Threading.Tasks.Task>
7ffcd06d5be0      1         40 System.Buffers.SharedArrayPool<System.Boolean>
7ffcd06e7e48      1         40 System.Buffers.ReadOnlySequence<System.Byte>
7ffcd070f0a0      1         40 System.Lazy<Microsoft.Extensions.DependencyModel.DependencyContext>
7ffcd0720248      1         40 Microsoft.Extensions.DependencyModel.DependencyContextPaths
7ffcd073be30      1         40 System.Buffers.SharedArrayPool<Microsoft.Extensions.DependencyModel.CompilationLibrary>
7ffcd073dc08      1         40 System.Buffers.SharedArrayPool<Microsoft.Extensions.DependencyModel.RuntimeLibrary>
7ffcd0765d28      1         40 System.Buffers.SharedArrayPool<Microsoft.Extensions.DependencyModel.RuntimeFile>
7ffcd07a9e78      1         40 System.Buffers.SharedArrayPool<System.Reflection.AssemblyName>
7ffcd0884a98      1         40 System.Buffers.SharedArrayPool<System.Reflection.MethodInfo>
7ffcd0946e08      1         40 System.Buffers.SharedArrayPool<Serilog.Parsing.MessageTemplateToken>
7ffcd09cc738      1         40 Microsoft.Extensions.Configuration.ReferenceCountedProviderManager
7ffcd05f9478      1         40 Microsoft.Extensions.Hosting.HostBuilderContext
7ffcd0b6c930      1         40 Microsoft.AspNetCore.Mvc.Filters.MiddlewareFilterBuilder
7ffcd12d98f0      1         40 System.Collections.Concurrent.ConcurrentDictionary<System.Type, System.Lazy<Microsoft.AspNetCore.Http.RequestDelegate>>
7ffcd14a31d8      1         40 Microsoft.Extensions.Internal.CopyOnWriteDictionary<System.String, System.Object>
7ffcd0a59420      1         40 System.Lazy<System.Net.Quic.MsQuicApi>
7ffcd0aac530      1         40 Microsoft.AspNetCore.Hosting.HostingStartupWebHostBuilder
7ffcd0b46520      1         40 System.Collections.Concurrent.ConcurrentDictionary<System.Type, System.ComponentModel.TypeDescriptor+TypeDescriptionNode>
7ffcd0b46c68      1         40 System.Collections.Concurrent.ConcurrentDictionary<System.Type, System.Object>
7ffcd0df97e8      1         40 Microsoft.Extensions.DependencyInjection.HttpClientMappingRegistry
7ffcd0dfe120      1         40 Microsoft.Extensions.DependencyInjection.DefaultHttpClientBuilderServiceCollection
7ffcd0e23a70      1         40 System.Buffers.SharedArrayPool<Microsoft.AspNetCore.Mvc.ViewFeatures.Buffers.ViewBufferValue>
7ffcd0cb2b88      1         40 Order.API.Startup+<>c__DisplayClass11_0
7ffcd116d350      1         40 System.Buffers.SharedArrayPool<System.Type>
7ffcd1170588      1         40 Microsoft.Extensions.Hosting.HostApplicationBuilder+<>c__DisplayClass30_0<System.Object>
7ffcd1172868      1         40 System.Collections.Concurrent.ConcurrentDictionary<Autofac.Core.Service, Autofac.Core.Registration.ServiceRegistrationInfo>
7ffcd1173510      1         40 System.Collections.Concurrent.ConcurrentQueue<Autofac.Core.IComponentRegistration>
7ffcd1175390      1         40 System.Collections.Concurrent.ConcurrentDictionary<System.String, Autofac.Core.IReflectionCache>
7ffcd1177d80      1         40 Autofac.Util.Cache.ReflectionCacheAssemblyDictionary<System.Reflection.Assembly, System.Collections.Generic.IEnumerable<System.Type>>
7ffcd1190c40      1         40 Autofac.Util.Cache.ReflectionCacheDictionary<System.Reflection.ConstructorInfo, System.Func<System.Object[], System.Object>>
7ffcd1191638      1         40 Autofac.Util.Cache.ReflectionCacheDictionary<System.Reflection.PropertyInfo, System.Action<System.Object, System.Object>>
7ffcd1191f40      1         40 Autofac.Util.Cache.ReflectionCacheDictionary<System.Type, System.Collections.Generic.IReadOnlyList<System.Reflection.PropertyInfo>>
7ffcd1192848      1         40 Autofac.Util.Cache.ReflectionCacheDictionary<System.Type, System.Reflection.ConstructorInfo[]>
7ffcd1193150      1         40 Autofac.Util.Cache.ReflectionCacheDictionary<System.Type, System.Type>
7ffcd1171db0      1         40 Autofac.Core.Registration.ComponentRegistryBuilder
7ffcd11c1be0      1         40 Autofac.Core.Container
7ffcd0e29938      1         40 Microsoft.AspNetCore.Components.CascadingParameterInfo
7ffcd11f7890      1         40 Autofac.Core.Registration.ComponentRegistry
7ffcd1400440      1         40 Autofac.Util.Cache.ReflectionCacheDictionary<System.Type, System.ValueTuple<System.Type, System.Type, System.Func<System.Int32, System.Collections.IList>>>
7ffcd1a2dce8      1         40 Microsoft.AspNetCore.Cryptography.SafeHandles.BCryptKeyHandle
7ffcd141b000      1         40 System.Threading.ThreadLocal<Serilog.Extensions.Logging.SerilogLoggerProvider+ScopeCollector>
7ffcd1434720      1         40 Microsoft.Extensions.Options.OptionsFactory<Microsoft.Extensions.Hosting.ConsoleLifetimeOptions>
7ffcd1433f60      1         40 Microsoft.Extensions.Options.UnnamedOptionsManager<Microsoft.Extensions.Hosting.ConsoleLifetimeOptions>
7ffcd1440c10      1         40 Microsoft.Extensions.Options.OptionsFactory<Microsoft.Extensions.Hosting.HostOptions>
7ffcd1434140      1         40 Microsoft.Extensions.Options.UnnamedOptionsManager<Microsoft.Extensions.Hosting.HostOptions>
7ffcd09d32b8      1         40 Microsoft.Extensions.Hosting.HostOptions
7ffcd14450a0      1         40 Microsoft.Extensions.Options.IConfigureOptions<Microsoft.AspNetCore.Server.Kestrel.Core.KestrelServerOptions>[]
7ffcd1443c48      1         40 Microsoft.Extensions.Options.OptionsFactory<Microsoft.AspNetCore.Server.Kestrel.Core.KestrelServerOptions>
7ffcd1443b18      1         40 Microsoft.Extensions.Options.UnnamedOptionsManager<Microsoft.AspNetCore.Server.Kestrel.Core.KestrelServerOptions>
7ffcd14494a0      1         40 Microsoft.Extensions.Options.ConfigureNamedOptions<Microsoft.AspNetCore.Server.Kestrel.Transport.Sockets.SocketTransportOptions, Microsoft.AspNetCore.Connections.IMemoryPoolFactory<System.Byte>>
7ffcd1288510      1         40 System.Collections.Concurrent.ConcurrentDictionary<Microsoft.AspNetCore.PinnedBlockMemoryPool, System.UIntPtr>
7ffcd1447ad0      1         40 Microsoft.Extensions.Options.OptionsFactory<Microsoft.AspNetCore.Server.Kestrel.Transport.Sockets.SocketTransportOptions>
7ffcd14479a0      1         40 Microsoft.Extensions.Options.UnnamedOptionsManager<Microsoft.AspNetCore.Server.Kestrel.Transport.Sockets.SocketTransportOptions>
7ffcd144cbc8      1         40 Microsoft.Extensions.Options.ConfigureNamedOptions<Microsoft.AspNetCore.Server.Kestrel.Transport.NamedPipes.NamedPipeTransportOptions, Microsoft.AspNetCore.Connections.IMemoryPoolFactory<System.Byte>>
7ffcd144b5f0      1         40 Microsoft.Extensions.Options.OptionsFactory<Microsoft.AspNetCore.Server.Kestrel.Transport.NamedPipes.NamedPipeTransportOptions>
7ffcd144b4c0      1         40 Microsoft.Extensions.Options.UnnamedOptionsManager<Microsoft.AspNetCore.Server.Kestrel.Transport.NamedPipes.NamedPipeTransportOptions>
7ffcd0ac7df8      1         40 Microsoft.AspNetCore.Server.Kestrel.Transport.NamedPipes.Internal.NamedPipeTransportFactory
7ffcd144d960      1         40 Microsoft.Extensions.Options.OptionsFactory<Microsoft.AspNetCore.Server.Kestrel.Transport.Quic.QuicTransportOptions>
7ffcd144d830      1         40 Microsoft.Extensions.Options.UnnamedOptionsManager<Microsoft.AspNetCore.Server.Kestrel.Transport.Quic.QuicTransportOptions>
7ffcd0ac9770      1         40 Microsoft.AspNetCore.Server.Kestrel.Core.HttpsConfigurationService+Initializer
7ffcd1285460      1         40 Microsoft.AspNetCore.Connections.IConnectionListenerFactory[]
7ffcd12832d8      1         40 Microsoft.AspNetCore.Http.Features.FeatureCollection
7ffcd1285f68      1         40 Microsoft.AspNetCore.Server.Kestrel.Core.Internal.ServerAddressesCollection+PublicServerAddressesCollection
7ffcd19816d8      1         40 Microsoft.AspNetCore.DataProtection.KeyManagement.Internal.CacheableKeyRing
7ffcd14a7630      1         40 Microsoft.Extensions.Options.IConfigureOptions<Microsoft.AspNetCore.Mvc.JsonOptions>[]
7ffcd14a61b8      1         40 Microsoft.Extensions.Options.OptionsFactory<Microsoft.AspNetCore.Mvc.JsonOptions>
7ffcd14a6088      1         40 Microsoft.Extensions.Options.UnnamedOptionsManager<Microsoft.AspNetCore.Mvc.JsonOptions>
7ffcd14a7900      1         40 Microsoft.Extensions.Options.OptionsFactory<Microsoft.AspNetCore.Mvc.DataAnnotations.MvcDataAnnotationsLocalizationOptions>
7ffcd14a77b0      1         40 Microsoft.Extensions.Options.UnnamedOptionsManager<Microsoft.AspNetCore.Mvc.DataAnnotations.MvcDataAnnotationsLocalizationOptions>
7ffcd0c3d0c0      1         40 Microsoft.Extensions.DependencyInjection.MvcDataAnnotationsMvcOptionsSetup
7ffcd14a4b08      1         40 Microsoft.Extensions.Options.OptionsFactory<Microsoft.AspNetCore.Mvc.MvcOptions>
7ffcd14a49d8      1         40 Microsoft.Extensions.Options.UnnamedOptionsManager<Microsoft.AspNetCore.Mvc.MvcOptions>
7ffcd129f580      1         40 System.Runtime.CompilerServices.ConditionalWeakTable<System.Text.Json.JsonSerializerOptions, System.Object>
7ffcd14b4690      1         40 Microsoft.AspNetCore.Mvc.Formatters.StringOutputFormatter
7ffcd14e3340      1         40 Microsoft.AspNetCore.Mvc.DataAnnotations.DataAnnotationsMetadataProvider
7ffcd14e34b8      1         40 Microsoft.AspNetCore.Mvc.DataAnnotations.DataAnnotationsModelValidatorProvider
7ffcd14e47e0      1         40 Microsoft.AspNetCore.Mvc.ModelBinding.Validation.IMetadataBasedModelValidatorProvider[]
7ffcd12c2dd0      1         40 System.Collections.Concurrent.ConcurrentDictionary<Microsoft.AspNetCore.Mvc.ModelBinding.Metadata.ModelMetadataIdentity, Microsoft.AspNetCore.Mvc.ModelBinding.Metadata.DefaultModelMetadataProvider+ModelMetadataCacheEntry>
7ffcd12c9b20      1         40 System.Collections.Concurrent.ConcurrentDictionary<Microsoft.AspNetCore.Mvc.ModelBinding.ModelBinderFactory+Key, Microsoft.AspNetCore.Mvc.ModelBinding.IModelBinder>
7ffcd14f8690      1         40 System.Collections.Concurrent.ConcurrentDictionary<Microsoft.AspNetCore.Mvc.ModelBinding.ModelMetadata, Microsoft.AspNetCore.Mvc.ModelBinding.Validation.ValidatorCache+CacheEntry>
7ffcd12cee70      1         40 System.Collections.Concurrent.ConcurrentDictionary<System.Type, Microsoft.Extensions.DependencyInjection.ObjectFactory>
7ffcd0b6d528      1         40 Microsoft.AspNetCore.Mvc.Controllers.ControllerActivatorProvider
7ffcd14fa2f0      1         40 Microsoft.Extensions.Options.OptionsFactory<Microsoft.AspNetCore.Mvc.RazorPages.RazorPagesOptions>
7ffcd14fa1c0      1         40 Microsoft.Extensions.Options.UnnamedOptionsManager<Microsoft.AspNetCore.Mvc.RazorPages.RazorPagesOptions>
7ffcd0e6bda8      1         40 Microsoft.AspNetCore.Mvc.ApplicationModels.DefaultPageApplicationModelPartsProvider
7ffcd0e6d4a0      1         40 Microsoft.AspNetCore.Mvc.RazorPages.RazorPagesOptions
7ffcd13609a0      1         40 Microsoft.AspNetCore.Mvc.ApplicationModels.PageConventionCollection
7ffcd14fbed0      1         40 Microsoft.Extensions.Options.OptionsFactory<Microsoft.AspNetCore.Authorization.AuthorizationOptions>
7ffcd14fbda0      1         40 Microsoft.Extensions.Options.UnnamedOptionsManager<Microsoft.AspNetCore.Authorization.AuthorizationOptions>
7ffcd15209a8      1         40 Microsoft.Extensions.Options.OptionsFactory<Microsoft.AspNetCore.Routing.RouteOptions>
7ffcd1520878      1         40 Microsoft.Extensions.Options.UnnamedOptionsManager<Microsoft.AspNetCore.Routing.RouteOptions>
7ffcd0acccc8      1         40 Microsoft.AspNetCore.Routing.RouteOptions
7ffcd0e6a0f8      1         40 Microsoft.AspNetCore.Mvc.RazorPages.Infrastructure.DefaultPageActivatorProvider
7ffcd1524b20      1         40 Microsoft.Extensions.Options.OptionsFactory<Microsoft.Extensions.WebEncoders.WebEncoderOptions>
7ffcd15249f0      1         40 Microsoft.Extensions.Options.UnnamedOptionsManager<Microsoft.Extensions.WebEncoders.WebEncoderOptions>
7ffcd1301d88      1         40 System.Collections.Concurrent.ConcurrentDictionary<System.Linq.Expressions.LambdaExpression, System.String>
7ffcd0e6a3e0      1         40 Microsoft.AspNetCore.Mvc.RazorPages.Infrastructure.DefaultPageFactoryProvider
7ffcd0e6a718      1         40 Microsoft.AspNetCore.Mvc.RazorPages.Infrastructure.DefaultPageModelActivatorProvider
7ffcd2b06970      1         40 System.Collections.Concurrent.ConcurrentDictionary<AutoMapper.Internal.MapRequest, System.Lazy<System.Delegate>>
7ffcd2b26f10      1         40 System.Buffers.SharedArrayPool<System.Reflection.MemberInfo>
7ffcd2de3ae8      1         40 System.Collections.Concurrent.ConcurrentDictionary<AutoMapper.Internal.TypePair, System.Lazy<AutoMapper.TypeMap>>
7ffcd2df96b8      1         40 System.Collections.Concurrent.ConcurrentDictionary<System.Type, MediatR.Wrappers.RequestHandlerBase>
7ffcd2dfa6b0      1         40 System.Collections.Concurrent.ConcurrentDictionary<System.Type, MediatR.Wrappers.NotificationHandlerWrapper>
7ffcd2dfaed0      1         40 System.Collections.Concurrent.ConcurrentDictionary<System.Type, MediatR.Wrappers.StreamRequestHandlerBase>
7ffcd2e1fc18      1         40 FluentValidation.Resources.LanguageManager
7ffcd2e21390      1         40 System.Collections.Concurrent.ConcurrentDictionary<FluentValidation.Internal.AccessorCache<Order.Business.Mediator.Commands.Order.GetSubOrderCommand>+Key, System.Delegate>
7ffcd2e9ef90      1         40 System.Collections.Concurrent.ConcurrentDictionary<System.Type, System.Func<Microsoft.EntityFrameworkCore.ChangeTracking.Internal.IStateManager, Microsoft.EntityFrameworkCore.Internal.IDbSetSource, Microsoft.EntityFrameworkCore.Internal.IDbSetCache, Microsoft.EntityFrameworkCore.Metadata.IEntityType, Microsoft.EntityFrameworkCore.Internal.IEntityFinder>>
7ffcd2ea3a40      1         40 System.Collections.Concurrent.ConcurrentDictionary<System.ValueTuple<System.Type, System.Type>, Microsoft.EntityFrameworkCore.Storage.ValueConversion.ValueConverterInfo>
7ffcd27a7700      1         40 Microsoft.EntityFrameworkCore.Storage.TypeMappingSourceDependencies
7ffcd2f0df50      1         40 System.Linq.Expressions.Expression2<System.Func<Microsoft.Data.SqlTypes.SqlVector<System.Single>, Microsoft.Data.SqlTypes.SqlVector<System.Single>, System.Boolean>>
7ffcd2f51078      1         40 System.Collections.Concurrent.ConcurrentDictionary<System.ValueTuple<Microsoft.EntityFrameworkCore.Storage.RelationalTypeMappingInfo, System.Type, Microsoft.EntityFrameworkCore.Storage.ValueConversion.ValueConverter, Microsoft.EntityFrameworkCore.Storage.CoreTypeMapping>, Microsoft.EntityFrameworkCore.Storage.RelationalTypeMapping>
7ffcd2781530      1         40 Microsoft.EntityFrameworkCore.Storage.RelationalCommandBuilderDependencies
7ffcd2f54ae0      1         40 System.Collections.Concurrent.ConcurrentDictionary<System.String, System.Boolean>
7ffcd27a6c38      1         40 Microsoft.EntityFrameworkCore.Infrastructure.ModelSourceDependencies
7ffcd27a8bc8      1         40 Microsoft.EntityFrameworkCore.Infrastructure.RuntimeModelDependencies
7ffcd2fcc1a0      1         40 System.Collections.Generic.SortedDictionary<System.String, Microsoft.EntityFrameworkCore.Metadata.Internal.EntityType>
7ffcd1528de8      1         40 Microsoft.Extensions.Options.OptionsFactory<Microsoft.AspNetCore.DataProtection.DataProtectionOptions>
7ffcd1528cb8      1         40 Microsoft.Extensions.Options.UnnamedOptionsManager<Microsoft.AspNetCore.DataProtection.DataProtectionOptions>
7ffcd0e0ced0      1         40 Microsoft.AspNetCore.DataProtection.Internal.KeyManagementOptionsPostSetup
7ffcd152a510      1         40 Microsoft.Extensions.Options.OptionsFactory<Microsoft.AspNetCore.DataProtection.KeyManagement.KeyManagementOptions>
7ffcd152a3e0      1         40 Microsoft.Extensions.Options.UnnamedOptionsManager<Microsoft.AspNetCore.DataProtection.KeyManagement.KeyManagementOptions>
7ffcd152bb90      1         40 System.Lazy<System.IO.DirectoryInfo>
7ffcd12f9688      1         40 System.Collections.Concurrent.ConcurrentDictionary<System.Guid, Microsoft.AspNetCore.DataProtection.KeyManagement.Key>
7ffcd152fbe0      1         40 System.Lazy<System.Boolean>
7ffcd0e0c0b0      1         40 Microsoft.AspNetCore.DataProtection.Internal.HostingApplicationDiscriminator
7ffcd15309d8      1         40 Microsoft.Extensions.Options.OptionsFactory<Microsoft.AspNetCore.Mvc.CookieTempDataProviderOptions>
7ffcd15283b8      1         40 Microsoft.Extensions.Options.UnnamedOptionsManager<Microsoft.AspNetCore.Mvc.CookieTempDataProviderOptions>
7ffcd1533b48      1         40 Microsoft.Extensions.Options.IConfigureOptions<Microsoft.AspNetCore.Mvc.MvcViewOptions>[]
7ffcd0e06918      1         40 Microsoft.Extensions.DependencyInjection.MvcViewOptionsSetup
7ffcd0e62208      1         40 Microsoft.AspNetCore.Mvc.Razor.RazorPageActivator
7ffcd1348140      1         40 System.Collections.Concurrent.ConcurrentDictionary<Microsoft.AspNetCore.Mvc.Razor.RazorPageActivator+CacheKey, Microsoft.AspNetCore.Mvc.Razor.RazorPagePropertyActivator>
7ffcd1535270      1         40 Microsoft.Extensions.Options.IConfigureOptions<Microsoft.AspNetCore.Mvc.Razor.RazorViewEngineOptions>[]
7ffcd1533df8      1         40 Microsoft.Extensions.Options.OptionsFactory<Microsoft.AspNetCore.Mvc.Razor.RazorViewEngineOptions>
7ffcd1533cc8      1         40 Microsoft.Extensions.Options.UnnamedOptionsManager<Microsoft.AspNetCore.Mvc.Razor.RazorViewEngineOptions>
7ffcd15326d0      1         40 Microsoft.Extensions.Options.OptionsFactory<Microsoft.AspNetCore.Mvc.MvcViewOptions>
7ffcd14fa090      1         40 Microsoft.Extensions.Options.UnnamedOptionsManager<Microsoft.AspNetCore.Mvc.MvcViewOptions>
7ffcd15366e0      1         40 Microsoft.AspNetCore.Mvc.DataAnnotations.DataAnnotationsClientModelValidatorProvider
7ffcd12d5720      1         40 Microsoft.AspNetCore.Mvc.Routing.IRequestDelegateFactory[]
7ffcd0e6b868      1         40 Microsoft.AspNetCore.Mvc.RazorPages.Infrastructure.DefaultPageLoader
7ffcd12bebd8      1         40 Microsoft.AspNetCore.Mvc.Abstractions.IActionInvokerProvider[]
7ffcd1539408      1         40 Microsoft.Extensions.Options.OptionsFactory<Microsoft.AspNetCore.Mvc.ApiBehaviorOptions>
7ffcd15392d8      1         40 Microsoft.Extensions.Options.UnnamedOptionsManager<Microsoft.AspNetCore.Mvc.ApiBehaviorOptions>
7ffcd0e6ce10      1         40 Microsoft.AspNetCore.Mvc.ApplicationModels.CompiledPageRouteModelProvider
7ffcd0e695b0      1         40 Microsoft.AspNetCore.Mvc.RazorPages.Infrastructure.CompiledPageActionDescriptorProvider
7ffcd0e62f50      1         40 Microsoft.AspNetCore.Mvc.Razor.DefaultTagHelperFactory
7ffcd127b1e8      1         40 Microsoft.AspNetCore.Mvc.Abstractions.IActionDescriptorProvider[]
7ffcd0b6ea60      1         40 Microsoft.AspNetCore.Mvc.ActionConstraints.ActionConstraintCache
7ffcd12d47a0      1         40 System.Collections.Concurrent.ConcurrentDictionary<Microsoft.AspNetCore.Routing.IEndpointRouteBuilder, Microsoft.AspNetCore.Mvc.Infrastructure.OrderedEndpointsSequenceProvider>
7ffcd0b6c468      1         40 Microsoft.AspNetCore.Mvc.Infrastructure.ControllerActionEndpointDataSourceFactory
7ffcd16b00b8      1         40 System.Collections.ObjectModel.ReadOnlyDictionary<System.String, System.Object>
7ffcd16b0b10      1         40 System.Collections.ObjectModel.ReadOnlyDictionary<System.String, System.Collections.Generic.IReadOnlyList<Microsoft.AspNetCore.Routing.Patterns.RoutePatternParameterPolicyReference>>
7ffcd1ab4258      1         40 System.Collections.Concurrent.ConcurrentDictionary<System.Type, Microsoft.Extensions.DependencyInjection.ActivatorUtilities+ConstructorInfoEx[]>
7ffcd1ab4ae0      1         40 System.Lazy<System.Runtime.CompilerServices.ConditionalWeakTable<System.Type, Microsoft.Extensions.DependencyInjection.ActivatorUtilities+ConstructorInfoEx[]>>
7ffcd1701e80      1         40 System.Buffers.SharedArrayPool<Microsoft.AspNetCore.Mvc.Filters.FilterDescriptor>
7ffcd170f2c8      1         40 System.IO.TextWriter+NullTextWriter
7ffcd0e90f78      1         40 EventBus.InMemoryEventBusSubscriptionsManager
7ffcd1708e18      1         40 RabbitMQ.Client.AmqpTcpEndpoint
7ffcd176f798      1         40 System.Collections.Concurrent.ConcurrentDictionary<System.String, RabbitMQ.Client.Impl.RecordedExchange>
7ffcd176fb30      1         40 System.Collections.Concurrent.ConcurrentDictionary<System.String, RabbitMQ.Client.Impl.RecordedQueue>
7ffcd1774fd0      1         40 System.Threading.Channels.SingleConsumerUnboundedChannel<RabbitMQ.Client.Framing.Impl.AutorecoveringConnection+RecoveryCommand>+UnboundedChannelReader
7ffcd177dfc0      1         40 System.Threading.Channels.SingleConsumerUnboundedChannel<System.Memory<System.Byte>>+UnboundedChannelReader
7ffcd1802220      1         40 System.Collections.Concurrent.ConcurrentDictionary<System.Net.Security.SslSessionsCache+SslCredKey, System.Net.Security.SafeCredentialReference>
7ffcd1838e40      1         40 System.Collections.Concurrent.ConcurrentDictionary<RabbitMQ.Client.IModel, RabbitMQ.Client.Impl.AsyncConsumerWorkService+WorkPool>
7ffcd1839ea0      1         40 System.Collections.Concurrent.ConcurrentDictionary<RabbitMQ.Client.IModel, RabbitMQ.Client.Impl.ConsumerWorkService+WorkPool>
7ffcd182d130      1         40 System.TimeZoneInfo+OffsetAndRule
7ffcd183bad0      1         40 RabbitMQ.Util.IntAllocator
7ffcd1882370      1         40 System.Collections.Concurrent.ConcurrentDictionary<System.String, Microsoft.Extensions.Logging.LogValuesFormatter>
7ffcd18a0ff0      1         40 EventBus.Kafka.EventBusKafkaHelper+<>c__DisplayClass1_0
7ffcd196b3d8      1         40 Microsoft.Extensions.Hosting.IHostedService[]
7ffcd196cb00      1         40 Microsoft.Extensions.Options.IConfigureOptions<Microsoft.AspNetCore.Hosting.GenericWebHostServiceOptions>[]
7ffcd196b688      1         40 Microsoft.Extensions.Options.OptionsFactory<Microsoft.AspNetCore.Hosting.GenericWebHostServiceOptions>
7ffcd196b498      1         40 Microsoft.Extensions.Options.UnnamedOptionsManager<Microsoft.AspNetCore.Hosting.GenericWebHostServiceOptions>
7ffcd0aafd98      1         40 Microsoft.AspNetCore.Http.DefaultHttpContextFactory
7ffcd196cdb0      1         40 Microsoft.Extensions.Options.OptionsFactory<Microsoft.AspNetCore.Http.Features.FormOptions>
7ffcd196cc80      1         40 Microsoft.Extensions.Options.UnnamedOptionsManager<Microsoft.AspNetCore.Http.Features.FormOptions>
7ffcd0aaf458      1         40 Microsoft.AspNetCore.Hosting.HostingMetrics
7ffcd0aaf250      1         40 Microsoft.AspNetCore.Hosting.GenericWebHostServiceOptions
7ffcd1974f30      1         40 System.Buffers.SharedArrayPool<Autofac.Core.ServiceRegistration>
7ffcd1978e60      1         40 Microsoft.Extensions.Options.OptionsFactory<Microsoft.Extensions.Diagnostics.Metrics.MetricsOptions>
7ffcd197a700      1         40 System.Collections.Concurrent.ConcurrentDictionary<System.String, System.Lazy<Microsoft.Extensions.Diagnostics.Metrics.MetricsOptions>>
7ffcd09d9528      1         40 Microsoft.Extensions.Diagnostics.Metrics.MetricsSubscriptionManager
7ffcd197a5e8      1         40 System.Lazy<Microsoft.Extensions.Diagnostics.Metrics.MetricsOptions>
7ffcd1976898      1         40 Microsoft.Extensions.Options.OptionsFactory<Microsoft.Extensions.DependencyInjection.MetricsServiceExtensions+NoOpOptions>
7ffcd1978138      1         40 System.Collections.Concurrent.ConcurrentDictionary<System.String, System.Lazy<Microsoft.Extensions.DependencyInjection.MetricsServiceExtensions+NoOpOptions>>
7ffcd19711f0      1         40 Microsoft.Extensions.Options.OptionsFactory<Microsoft.Extensions.Options.StartupValidatorOptions>
7ffcd19710c0      1         40 Microsoft.Extensions.Options.UnnamedOptionsManager<Microsoft.Extensions.Options.StartupValidatorOptions>
7ffcd1978020      1         40 System.Lazy<Microsoft.Extensions.DependencyInjection.MetricsServiceExtensions+NoOpOptions>
7ffcd15509c0      1         40 Microsoft.AspNetCore.Builder.RouterMiddleware
7ffcd1ad4790      1         40 Microsoft.Extensions.Options.OptionsFactory<Utility.Package.Models.Jwt>
7ffcd1ad4660      1         40 Microsoft.Extensions.Options.UnnamedOptionsManager<Utility.Package.Models.Jwt>
7ffcd0e95b88      1         40 Utility.Package.UtilityServices.EncryptionService
7ffcd0e95f68      1         40 Utility.Package.UtilityServices.ClaimManagementService
7ffcd1adb330      1         40 Microsoft.Extensions.Options.OptionsFactory<Microsoft.AspNetCore.Cors.Infrastructure.CorsOptions>
7ffcd1adb200      1         40 Microsoft.Extensions.Options.UnnamedOptionsManager<Microsoft.AspNetCore.Cors.Infrastructure.CorsOptions>
7ffcd1afcdc0      1         40 Microsoft.Extensions.Options.OptionsFactory<EventBus.SprintEventBusSetting>
7ffcd1afcc90      1         40 Microsoft.Extensions.Options.UnnamedOptionsManager<EventBus.SprintEventBusSetting>
7ffcd1afe4e8      1         40 Microsoft.Extensions.Options.OptionsFactory<HttpExtension.SprintHttpCommonSetting>
7ffcd1afe3b8      1         40 Microsoft.Extensions.Options.UnnamedOptionsManager<HttpExtension.SprintHttpCommonSetting>
7ffcd148fcc8      1         40 Swashbuckle.AspNetCore.SwaggerUI.SwaggerUIMiddleware
7ffcd1b11be0      1         40 Microsoft.AspNetCore.StaticFiles.Infrastructure.SharedOptions
7ffcd1488b50      1         40 Swashbuckle.AspNetCore.Swagger.SwaggerMiddleware
7ffcd1b15a10      1         40 Microsoft.Extensions.Options.OptionsFactory<Microsoft.AspNetCore.Builder.DeveloperExceptionPageOptions>
7ffcd1b15608      1         40 Microsoft.Extensions.Options.UnnamedOptionsManager<Microsoft.AspNetCore.Builder.DeveloperExceptionPageOptions>
7ffcd1b17080      1         40 Microsoft.Extensions.Options.OptionsFactory<Microsoft.AspNetCore.Http.Json.JsonOptions>
7ffcd1b157f8      1         40 Microsoft.Extensions.Options.UnnamedOptionsManager<Microsoft.AspNetCore.Http.Json.JsonOptions>
7ffcd12f2670      1         40 System.Collections.Concurrent.ConcurrentDictionary<Microsoft.AspNetCore.Http.Endpoint, Microsoft.AspNetCore.Authorization.AuthorizationPolicy>
7ffcd1b31828      1         40 Microsoft.Extensions.Options.OptionsFactory<Microsoft.AspNetCore.Authentication.AuthenticationOptions>
7ffcd1b316f8      1         40 Microsoft.Extensions.Options.UnnamedOptionsManager<Microsoft.AspNetCore.Authentication.AuthenticationOptions>
7ffcd1b35b30      1         40 Microsoft.Extensions.Options.OptionsFactory<Microsoft.AspNetCore.HostFiltering.HostFilteringOptions>
7ffcd1b373d0      1         40 System.Collections.Concurrent.ConcurrentDictionary<System.String, System.Lazy<Microsoft.AspNetCore.HostFiltering.HostFilteringOptions>>
7ffcd1ad1bf8      1         40 Microsoft.AspNetCore.HostFiltering.HostFilteringMiddleware
7ffcd1b372b8      1         40 System.Lazy<Microsoft.AspNetCore.HostFiltering.HostFilteringOptions>
7ffcd1ab9030      1         40 Microsoft.WebTools.BrowserLink.Net.BrowserLinkMiddleware
7ffcd1ab8db0      1         40 Microsoft.WebTools.BrowserLink.Net.VsContentMiddleware
7ffcd1b4a838      1         40 Microsoft.AspNetCore.Server.Kestrel.Core.Internal.EndpointDefaults
7ffcd12dab48      1         40 Microsoft.AspNetCore.Mvc.ApiExplorer.ApiResponseTypeProvider
7ffcd1b72d08      1         40 Microsoft.AspNetCore.Mvc.ApiExplorer.IApiDescriptionProvider[]
7ffcd1bc6a48      1         40 System.Text.Json.Serialization.Converters.UnsupportedTypeConverterFactory
7ffcd1bc68b8      1         40 System.Text.Json.Serialization.Converters.NullableConverterFactory
7ffcd1bc6708      1         40 System.Text.Json.Serialization.Converters.EnumConverterFactory
7ffcd1bc63d8      1         40 System.Text.Json.Serialization.Converters.JsonNodeConverterFactory
7ffcd1bc5eb8      1         40 System.Text.Json.Serialization.Converters.MemoryConverterFactory
7ffcd1bc5d48      1         40 System.Text.Json.Serialization.IAsyncEnumerableConverterFactory
7ffcd1bc6070      1         40 System.Text.Json.Serialization.Converters.IEnumerableConverterFactory
7ffcd1bc6580      1         40 System.Text.Json.Serialization.Converters.ObjectConverterFactory
7ffcd1c14ae0      1         40 System.Collections.Concurrent.ConcurrentDictionary<System.ValueTuple<System.String, System.Type, System.Reflection.MemberInfo>, System.Text.Json.Serialization.Metadata.ReflectionEmitCachingMemberAccessor+Cache<System.ValueTuple<System.String, System.Type, System.Reflection.MemberInfo>>+CacheEntry>
7ffcd1c6bb68      1         40 EventBus.Kafka.EventBusKafka+<>c__DisplayClass15_0
7ffcd05abe88      1         40 System.Threading.Tasks.Task+SetOnInvokeMres
7ffcd1c7ca20      1         40 Microsoft.Extensions.Options.OptionsFactory<Swashbuckle.AspNetCore.SwaggerGen.SwaggerGenOptions>
7ffcd1c7c7e0      1         40 Microsoft.Extensions.Options.UnnamedOptionsManager<Swashbuckle.AspNetCore.SwaggerGen.SwaggerGenOptions>
7ffcd0d5fe20      1         40 Swashbuckle.AspNetCore.SwaggerGen.ConfigureSwaggerGeneratorOptions
7ffcd1c79b28      1         40 Microsoft.Extensions.Options.OptionsFactory<Swashbuckle.AspNetCore.SwaggerGen.SwaggerGeneratorOptions>
7ffcd1c73980      1         40 Microsoft.Extensions.Options.UnnamedOptionsManager<Swashbuckle.AspNetCore.SwaggerGen.SwaggerGeneratorOptions>
7ffcd1484148      1         40 Microsoft.Extensions.Options.OptionsFactory<Swashbuckle.AspNetCore.Swagger.SwaggerOptions>
7ffcd1c77ab0      1         40 Microsoft.Extensions.Options.UnnamedOptionsManager<Swashbuckle.AspNetCore.Swagger.SwaggerOptions>
7ffcd1c8add8      1         40 Microsoft.Extensions.Options.OptionsFactory<Swashbuckle.AspNetCore.SwaggerGen.SchemaGeneratorOptions>
7ffcd1c8aca8      1         40 Microsoft.Extensions.Options.UnnamedOptionsManager<Swashbuckle.AspNetCore.SwaggerGen.SchemaGeneratorOptions>
7ffcd0d61ff0      1         40 Microsoft.Extensions.ApiDescriptions.DocumentProvider
7ffcd1ca6c30      1         40 System.Buffers.SharedArrayPool<Microsoft.AspNetCore.Mvc.ApiExplorer.ApiDescription>
7ffcd1cbfa60      1         40 System.Collections.Concurrent.ConcurrentDictionary<System.Text.RegularExpressions.RegexCache+Key, System.Text.RegularExpressions.RegexCache+Node>
7ffcd1cf05c8      1         40 System.Buffers.SharedArrayPool<System.Reflection.PropertyInfo>
7ffcd1d25060      1         40 System.Buffers.SharedArrayPool<Microsoft.OpenApi.Models.OpenApiParameter>
7ffcd1d29268      1         40 System.Text.Json.Serialization.Converters.EnumConverter<Order.Infrastructure.Entities.Abstractions.BaseStatus>+EnumFieldInfo[]
7ffcd1f1fd40      1         40 System.Net.SystemNetworkCredential
7ffcd1f23018      1         40 System.Collections.Concurrent.ConcurrentDictionary<System.Net.Http.HttpConnectionPoolManager+HttpConnectionKey, System.Net.Http.HttpConnectionPool>
7ffcd1f17b40      1         40 System.Net.Http.Headers.TimeSpanHeaderParser
7ffcd1f17e00      1         40 System.Net.Http.Headers.AltSvcHeaderParser
7ffcd1f17f70      1         40 System.Net.Http.Headers.CacheControlHeaderParser
7ffcd1f180f8      1         40 System.Net.Http.Headers.Int64NumberHeaderParser
7ffcd1f182c8      1         40 System.Net.Http.Headers.UriHeaderParser
7ffcd1f18450      1         40 System.Net.Http.Headers.ByteArrayHeaderParser
7ffcd1f185c8      1         40 System.Net.Http.Headers.CookieHeaderParser
7ffcd1f18748      1         40 System.Net.Http.Headers.DateHeaderParser
7ffcd1f188d8      1         40 System.Net.Http.Headers.Int32NumberHeaderParser
7ffcd1f259b8      1         40 System.Lazy<System.Net.IWebProxy>
7ffcd1f264e8      1         40 System.Net.Http.FailedProxyCache
7ffcd1f279d8      1         40 System.Collections.Concurrent.ConcurrentDictionary<System.Uri, System.Int64>
7ffcd1f2a4c8      1         40 System.Threading._ThreadPoolWaitOrTimerCallback
7ffcd1f2cb30      1         40 Interop+WinHttp+SafeWinHttpHandle
7ffcd1f1ecd0      1         40 System.Net.Http.Metrics.SocketsHttpHandlerMetrics
7ffcd25a2c88      1         40 System.Buffers.SharedArrayPool<System.Net.Http.HttpConnection>
7ffcd262ec08      1         40 System.Collections.Concurrent.ConcurrentDictionary<Microsoft.AspNetCore.Mvc.Abstractions.ActionDescriptor, Microsoft.AspNetCore.Mvc.ActionConstraints.ActionConstraintCache+CacheEntry>
7ffcd25ddce0      1         40 System.Collections.Concurrent.ConcurrentQueue<Microsoft.AspNetCore.Routing.UriBuildingContext>
7ffcd2634c28      1         40 Microsoft.Extensions.Options.OptionsFactory<Microsoft.AspNetCore.Http.ProblemDetailsOptions>
7ffcd2634af8      1         40 Microsoft.Extensions.Options.UnnamedOptionsManager<Microsoft.AspNetCore.Http.ProblemDetailsOptions>
7ffcd263cc70      1         40 System.Action<Microsoft.AspNetCore.Mvc.ControllerContext, System.Object>[]
7ffcd12bdbd8      1         40 Microsoft.Extensions.Internal.PropertyActivator<Microsoft.AspNetCore.Mvc.ControllerContext>
7ffcd0d649f8      1         40 Microsoft.EntityFrameworkCore.Internal.DbContextLease
7ffcd26e8388      1         40 System.Collections.Concurrent.ConcurrentDictionary<Microsoft.EntityFrameworkCore.Infrastructure.IDbContextOptions, System.ValueTuple<System.IServiceProvider, System.Collections.Generic.IDictionary<System.String, System.String>>>
7ffcd27b8f50      1         40 System.Collections.Concurrent.ConcurrentDictionary<Microsoft.Extensions.DependencyInjection.ServiceLookup.ServiceCacheKey, Microsoft.Extensions.DependencyInjection.ServiceLookup.ILEmitResolverBuilder+GeneratedMethod>
7ffcd27b5da8      1         40 System.Collections.Concurrent.ConcurrentDictionary<Microsoft.Extensions.DependencyInjection.ServiceLookup.ServiceIdentifier, Microsoft.Extensions.DependencyInjection.ServiceProvider+ServiceAccessor>
7ffcd27bab88      1         40 System.Collections.Concurrent.ConcurrentDictionary<Microsoft.Extensions.DependencyInjection.ServiceLookup.ServiceCacheKey, Microsoft.Extensions.DependencyInjection.ServiceLookup.ServiceCallSite>
7ffcd27bc830      1         40 System.Collections.Concurrent.ConcurrentDictionary<Microsoft.Extensions.DependencyInjection.ServiceLookup.ServiceIdentifier, System.Object>
7ffcd27a2008      1         40 Microsoft.EntityFrameworkCore.Diagnostics.Internal.LoggingOptions
7ffcd117bc70      1         40 System.Collections.Concurrent.ConcurrentDictionary<System.Type, System.Boolean>
7ffcd27ce058      1         40 System.Collections.Concurrent.ConcurrentDictionary<System.Type, System.Collections.Generic.IReadOnlyList<Microsoft.EntityFrameworkCore.Infrastructure.DbSetProperty>>
7ffcd27cec30      1         40 System.Collections.Concurrent.ConcurrentDictionary<System.ValueTuple<System.Type, System.String>, System.Func<Microsoft.EntityFrameworkCore.DbContext, System.String, System.Object>>
7ffcd281a140      1         40 System.Buffers.SharedArrayPool<Microsoft.EntityFrameworkCore.Infrastructure.DbSetProperty>
7ffcd2921c08      1         40 Microsoft.Extensions.Options.OptionsFactory<AutoMapper.MapperConfigurationExpression>
7ffcd2921ad8      1         40 Microsoft.Extensions.Options.UnnamedOptionsManager<AutoMapper.MapperConfigurationExpression>
7ffcd3639f50      1         40 Serilog.Extensions.Logging.CachingMessageTemplateParser
7ffcd365a2d8      1         40 Serilog.Sinks.File.WriteCountingStream
7ffcd3786a98      1         40 System.Collections.Concurrent.ConcurrentDictionary<System.Type, Microsoft.EntityFrameworkCore.Metadata.RuntimeEntityType>
7ffcd2774b80      1         40 Microsoft.EntityFrameworkCore.Query.Internal.RelationalStructuralTypeMaterializerSource
7ffcd2753728      1         40 Microsoft.EntityFrameworkCore.SqlServer.Query.Internal.SqlServerQuerySqlGeneratorFactory
7ffcd2771490      1         40 Microsoft.EntityFrameworkCore.SqlServer.ValueGeneration.Internal.SqlServerValueGeneratorCache
7ffcd37f9f50      1         40 System.Collections.Concurrent.ConcurrentDictionary<System.String, Microsoft.EntityFrameworkCore.SqlServer.ValueGeneration.Internal.SqlServerSequenceValueGeneratorState>
7ffcd37fbcc8      1         40 System.Collections.Concurrent.ConcurrentDictionary<Microsoft.EntityFrameworkCore.ValueGeneration.ValueGeneratorCache+CacheKey, Microsoft.EntityFrameworkCore.ValueGeneration.ValueGenerator>
7ffcd380e508      1         40 System.Buffers.SharedArrayPool<Microsoft.EntityFrameworkCore.Query.Internal.ExpressionTreeFuncletizer+State>
7ffcd38255c8      1         40 System.Collections.Concurrent.ConcurrentDictionary<System.String, System.Boolean>+Node
7ffcd4201ad8      1         40 System.Linq.Expressions.Expression2<System.Func<System.Data.Common.DbDataReader, System.Int32[], System.Guid>>
7ffcd0b6bf88      1         40 Microsoft.AspNetCore.Mvc.Infrastructure.DefaultOutputFormatterSelector
7ffcd0c32870      1         40 Microsoft.AspNetCore.Mvc.Infrastructure.ObjectResultExecutor
7ffcd38db390      1         40 System.Lazy<System.Reflection.MethodInfo>
7ffcd3a73298      1         40 System.Collections.Concurrent.ConcurrentDictionary<System.Type, System.Reflection.ConstructorInfo>
7ffcd3a94938      1         40 System.Runtime.CompilerServices.ConditionalWeakTable<System.Transactions.ContextKey, System.Transactions.ContextData>
7ffcd3af1328      1         40 Microsoft.Data.SqlClient.SqlColumnEncryptionCertificateStoreProvider
7ffcd3af1620      1         40 Microsoft.Data.SqlClient.SqlColumnEncryptionCngProvider
7ffcd3af1918      1         40 Microsoft.Data.SqlClient.SqlColumnEncryptionCspProvider
7ffcd3af1ad8      1         40 System.Collections.Concurrent.ConcurrentDictionary<System.String, System.Collections.Generic.IList<System.String>>
7ffcd3afc6c0      1         40 Microsoft.Data.SqlClient.ConnectionPool.DbConnectionPoolGroupOptions
7ffcd3aff218      1         40 System.Collections.Concurrent.ConcurrentDictionary<Microsoft.Data.SqlClient.ConnectionPool.DbConnectionPoolIdentity, Microsoft.Data.SqlClient.ConnectionPool.IDbConnectionPool>
7ffcd3b143e0      1         40 System.Lazy<Microsoft.Data.SqlClient.SqlConfigurableRetryLogicLoader>
7ffcd3d95c98      1         40 System.Configuration.ImplicitMachineConfigHost
7ffcd3d9ff30      1         40 System.Threading.ReaderWriterLock+ThreadLocalLockEntry
7ffcd3dc6360      1         40 System.Collections.Concurrent.ConcurrentDictionary<System.ValueTuple<System.String, Interop+BCrypt+BCryptOpenAlgorithmProviderFlags>, System.ValueTuple<Microsoft.Win32.SafeHandles.SafeBCryptAlgorithmHandle, System.Int32>>
7ffcd3dc4350      1         40 System.Collections.Concurrent.ConcurrentDictionary<System.ValueTuple<System.String, Interop+BCrypt+BCryptOpenAlgorithmProviderFlags>, System.Boolean>
7ffcd3de60f0      1         40 System.Collections.Concurrent.ConcurrentQueue<Microsoft.Data.SqlClient.ConnectionPool.WaitHandleDbConnectionPool+PendingGetConnection>
7ffcd3de6d20      1         40 System.Collections.Concurrent.ConcurrentDictionary<Microsoft.Data.SqlClient.ConnectionPool.DbConnectionPoolAuthenticationContextKey, Microsoft.Data.SqlClient.ConnectionPool.DbConnectionPoolAuthenticationContext>
7ffcd3de7580      1         40 Microsoft.Data.SqlClient.ConnectionPool.WaitHandleDbConnectionPool+TransactedConnectionPool
7ffcd3e2a7d8      1         40 System.Collections.Concurrent.ConcurrentDictionary<System.String, Microsoft.Data.SqlClient.SQLDNSInfo>
7ffcd3e8c900      1         40 System.Text.InternalDecoderBestFitFallback
7ffcd3e8cc60      1         40 Microsoft.Win32.SafeHandles.SafeAllocHHandle
7ffcd3ff4cb0      1         40 System.Buffers.SharedArrayPool<Microsoft.EntityFrameworkCore.Query.SqlExpressions.ProjectionExpression>
7ffcd4042740      1         40 System.Buffers.SharedArrayPool<System.Linq.Expressions.Expression>
7ffcd0984b90      1         40 System.Reflection.CerHashtable<System.Reflection.RuntimeMethodInfo, System.Reflection.RuntimeMethodInfo>+Table
7ffcd05fe7c0      2         48 System.Nullable<System.Boolean>
7ffcd1c641e0      2         48 System.Buffers.StandardFormat
7ffcd26e80a0      2         48 Microsoft.EntityFrameworkCore.Infrastructure.EntityFrameworkMetricsData+CacheInfo
7ffcd2b09390      2         48 AutoMapper.ValueTransformerConfiguration[]
7ffcd3d9b778      2         48 System.Configuration.OverrideModeSetting
7ffcd0404e50      2         48 System.Collections.Generic.NonRandomizedStringEqualityComparer+OrdinalComparer
7ffcd056d970      1         48 System.OperatingSystem
7ffcd056fce0      1         48 System.Threading.ThreadInt64PersistentCounter
7ffcd0580110      1         48 System.Threading.PortableThreadPool+IOCompletionPoller
7ffcd058a290      1         48 System.Threading.ReaderWriterCount
7ffcd067b658      2         48 System.IO.FileSystemWatcher+NormalizedFilterCollection
7ffcd067c0b0      2         48 System.IO.FileSystemWatcher+NormalizedFilterCollection+ImmutableStringList
7ffcd068b1a0      2         48 System.WeakReference<System.IO.FileSystemWatcher>
7ffcd0700960      1         48 System.Runtime.CompilerServices.GenericCache<System.Runtime.CompilerServices.VirtualDispatchHelpers+VirtualResolutionData, System.IntPtr>
7ffcd0720018      1         48 Microsoft.Extensions.DependencyModel.DependencyContextLoader
7ffcd072aef0      1         48 Microsoft.Extensions.DependencyModel.TargetInfo
7ffcd090ff00      2         48 Serilog.Context.LogContextEnricher
7ffcd0910700      2         48 Serilog.Enrichers.MachineNameEnricher
7ffcd0910978      2         48 Serilog.Enrichers.ThreadIdEnricher
7ffcd099bc38      2         48 Serilog.Sinks.SystemConsole.Output.OutputTemplateRenderer
7ffcd099e2f8      2         48 Serilog.Sinks.SystemConsole.Output.ExceptionTokenRenderer
7ffcd09b0b88      2         48 Serilog.Core.Enrichers.EmptyEnricher
7ffcd09cee08      1         48 Microsoft.Extensions.Hosting.Internal.HostingEnvironment
7ffcd0aaaff8      1         48 Microsoft.AspNetCore.Builder.ConfigureWebHostBuilder
7ffcd070c3d8      2         48 System.Reflection.Assembly[]
7ffcd0e66f88      2         48 Microsoft.Extensions.DependencyInjection.MvcServiceCollectionExtensions+FrameworkAssemblyPart
7ffcd116f4c8      1         48 Serilog.SerilogServiceCollectionExtensions+<>c__DisplayClass3_0
7ffcd05f31b0      1         48 Microsoft.AspNetCore.Builder.WebApplication
7ffcd11f8328      2         48 Autofac.Extensions.DependencyInjection.KeyedServiceMiddleware
7ffcd08462f0      2         48 Microsoft.Extensions.Configuration.IConfigurationSection[]
7ffcd152c918      2         48 Microsoft.AspNetCore.DataProtection.AuthenticatedEncryption.ConfigurationModel.AuthenticatedEncryptorConfiguration
7ffcd141d528      1         48 System.Threading.ThreadLocal<Serilog.Extensions.Logging.SerilogLoggerProvider+ScopeCollector>+IdManager
7ffcd09d3980      1         48 Microsoft.Extensions.Hosting.Internal.ApplicationLifetime
7ffcd0ac6f20      1         48 Microsoft.AspNetCore.Server.Kestrel.Core.Internal.PinnedBlockMemoryPoolFactory
7ffcd1a2e948      1         48 Microsoft.AspNetCore.DataProtection.KeyManagement.KeyRing
7ffcd14a4290      1         48 Microsoft.AspNetCore.Builder.ExceptionHandlerExtensions+<>c__DisplayClass5_0
7ffcd14b4850      2         48 Microsoft.AspNetCore.Mvc.ModelBinding.Binders.ServicesModelBinder
7ffcd14b2df8      1         48 Microsoft.AspNetCore.Mvc.ModelBinding.Binders.BodyModelBinderProvider
7ffcd14b54a0      2         48 System.Text.Unicode.UnicodeRange
7ffcd1303118      2         48 System.Text.Encodings.Web.DefaultJavaScriptEncoder
7ffcd14d8f50      1         48 System.Text.Latin1Encoding+Latin1EncodingSealed
7ffcd14db870      1         48 Microsoft.AspNetCore.Mvc.Formatters.SystemTextJsonOutputFormatter
7ffcd0b69f50      1         48 Microsoft.AspNetCore.Mvc.ModelBinding.ModelBinderFactory
7ffcd14f7120      1         48 Microsoft.AspNetCore.Mvc.ModelBinding.Validation.DefaultObjectValidator
7ffcd0b6a1a0      1         48 Microsoft.AspNetCore.Mvc.ModelBinding.ParameterBinder
7ffcd0b6de20      2         48 Microsoft.AspNetCore.Mvc.Controllers.DefaultControllerPropertyActivator
7ffcd11d2300      1         48 Microsoft.AspNetCore.Authorization.AuthorizationOptions
7ffcd132f020      1         48 Microsoft.AspNetCore.Mvc.Razor.Compilation.DefaultViewCompiler
7ffcd1521e20      1         48 Microsoft.Extensions.Options.IConfigureOptions<Microsoft.AspNetCore.Routing.RouteOptions>[]
7ffcd1364308      1         48 Microsoft.AspNetCore.Mvc.RazorPages.Infrastructure.DefaultPageFactoryProvider+<>c__DisplayClass3_0
7ffcd0e62468      2         48 Microsoft.AspNetCore.Mvc.Razor.Compilation.DefaultRazorPageFactoryProvider
7ffcd2df7b08      2         48 System.Text.Json.Serialization.Metadata.JsonTypeInfo<Order.Business.Mediator.Commands.Order.GetSubOrderCommand>+<>c__DisplayClass37_0
7ffcd2df7bb0      2         48 System.Text.Json.Serialization.Metadata.JsonTypeInfo<Order.Business.Mediator.Commands.Order.GetSubOrderCommand>+<>c__DisplayClass37_1
7ffcd085fdc8      2         48 System.Collections.ObjectModel.ReadOnlyCollection<System.Reflection.CustomAttributeData>
7ffcd1674370      2         48 System.Collections.ObjectModel.ReadOnlyCollection<System.Reflection.CustomAttributeTypedArgument>
7ffcd2df84e0      2         48 System.Text.Json.Serialization.Metadata.JsonTypeInfo<MediatR.IRequest<CommonApiMessage.AggregatesModel.SubOrderMessage.SubOrderMessageViewModel>>+<>c__DisplayClass37_0
7ffcd2df8d30      2         48 System.Text.Json.Serialization.Metadata.JsonTypeInfo<MediatR.IBaseRequest>+<>c__DisplayClass37_0
7ffcd2f7afb8      2         48 Microsoft.EntityFrameworkCore.Infrastructure.DbContextModelAttribute[]
7ffcd2b7a0b0      2         48 AutoMapper.TypeMap[]
7ffcd2b8beb8      1         48 System.Linq.Expressions.Expression3<System.Func<Order.Infrastructure.Entities.OrderModels.OrderRemarkModel, CommonApiMessage.AggregatesModel.OrderMessage.OrderMessageRemarkViewModel, AutoMapper.ResolutionContext, CommonApiMessage.AggregatesModel.OrderMessage.OrderMessageRemarkViewModel>>
7ffcd2b8d718      1         48 System.Linq.Expressions.Expression3<System.Func<Order.Infrastructure.Entities.OrderModels.OrderCustomerModel, CommonApiMessage.AggregatesModel.OrderMessage.OrderMessageCustomerViewModel, AutoMapper.ResolutionContext, CommonApiMessage.AggregatesModel.OrderMessage.OrderMessageCustomerViewModel>>
7ffcd2b8dd60      1         48 System.Linq.Expressions.Expression3<System.Func<Order.Infrastructure.Entities.OrderModels.OrderAddressModel, CommonApiMessage.AggregatesModel.OrderMessage.OrderMessageAddressViewModel, AutoMapper.ResolutionContext, CommonApiMessage.AggregatesModel.OrderMessage.OrderMessageAddressViewModel>>
7ffcd2b8e498      1         48 System.Linq.Expressions.Expression3<System.Func<Order.Infrastructure.Entities.OrderModels.OrderPaymentModel, CommonApiMessage.AggregatesModel.OrderMessage.OrderMessagePaymentViewModel, AutoMapper.ResolutionContext, CommonApiMessage.AggregatesModel.OrderMessage.OrderMessagePaymentViewModel>>
7ffcd2b8f030      1         48 System.Linq.Expressions.Expression3<System.Func<Order.Infrastructure.Entities.OrderModels.OrderItemModel, CommonApiMessage.AggregatesModel.OrderMessage.OrderMessageItemViewModel, AutoMapper.ResolutionContext, CommonApiMessage.AggregatesModel.OrderMessage.OrderMessageItemViewModel>>
7ffcd2b8f678      1         48 System.Linq.Expressions.Expression3<System.Func<Order.Infrastructure.Entities.OrderModels.OrderPromotionModel, CommonApiMessage.AggregatesModel.OrderMessage.OrderMessagePromotionViewModel, AutoMapper.ResolutionContext, CommonApiMessage.AggregatesModel.OrderMessage.OrderMessagePromotionViewModel>>
7ffcd2da0390      1         48 System.Linq.Expressions.Expression3<System.Func<Order.Infrastructure.Entities.OrderModels.OrderFeeModel, CommonApiMessage.AggregatesModel.OrderMessage.OrderMessageFeeViewModel, AutoMapper.ResolutionContext, CommonApiMessage.AggregatesModel.OrderMessage.OrderMessageFeeViewModel>>
7ffcd2da0910      1         48 System.Linq.Expressions.Expression3<System.Func<Order.Infrastructure.Entities.OrderModels.OrderModel, CommonApiMessage.AggregatesModel.OrderMessage.OrderMessageViewModel, AutoMapper.ResolutionContext, CommonApiMessage.AggregatesModel.OrderMessage.OrderMessageViewModel>>
7ffcd2da0d68      1         48 System.Linq.Expressions.Expression3<System.Func<CommonApiMessage.AggregatesModel.OrderMessage.OrderMessageAddressViewModel, Order.Infrastructure.Entities.OrderModels.OrderAddressModel, AutoMapper.ResolutionContext, Order.Infrastructure.Entities.OrderModels.OrderAddressModel>>
7ffcd2da11c0      1         48 System.Linq.Expressions.Expression3<System.Func<Order.Infrastructure.Entities.OrderModels.OrderAddressModel, Order.Business.Model.Response.orderAddress, AutoMapper.ResolutionContext, Order.Business.Model.Response.orderAddress>>
7ffcd2da1618      1         48 System.Linq.Expressions.Expression3<System.Func<Order.Infrastructure.Model.Address.InsertAddressInfoViewModel, Order.Infrastructure.Entities.OrderModels.OrderAddressModel, AutoMapper.ResolutionContext, Order.Infrastructure.Entities.OrderModels.OrderAddressModel>>
7ffcd2da1a70      1         48 System.Linq.Expressions.Expression3<System.Func<Order.Infrastructure.Model.Address.InsertAddressInfoViewModel, Order.Infrastructure.Entities.SubOrderModels.SubOrderAddressModel, AutoMapper.ResolutionContext, Order.Infrastructure.Entities.SubOrderModels.SubOrderAddressModel>>
7ffcd2da21a8      1         48 System.Linq.Expressions.Expression3<System.Func<Order.Infrastructure.Entities.OrderModels.OrderItemPromotionModel, CommonApiMessage.AggregatesModel.OrderMessage.OrderMessageItemPromotionsViewModel, AutoMapper.ResolutionContext, CommonApiMessage.AggregatesModel.OrderMessage.OrderMessageItemPromotionsViewModel>>
7ffcd2da27d0      1         48 System.Linq.Expressions.Expression3<System.Func<Order.Infrastructure.Entities.OrderModels.OrderItemFulFillmentModel, CommonApiMessage.AggregatesModel.OrderMessage.OrderMessageItemFulFillmentViewModel, AutoMapper.ResolutionContext, CommonApiMessage.AggregatesModel.OrderMessage.OrderMessageItemFulFillmentViewModel>>
7ffcd2da2c38      1         48 System.Linq.Expressions.Expression3<System.Func<Order.Infrastructure.Entities.OrderModels.OrderItemDeliveryWindowModel, CommonApiMessage.AggregatesModel.OrderMessage.OrderMessageItemDeliveryWindowViewModel, AutoMapper.ResolutionContext, CommonApiMessage.AggregatesModel.OrderMessage.OrderMessageItemDeliveryWindowViewModel>>
7ffcd2da3090      1         48 System.Linq.Expressions.Expression3<System.Func<Order.Infrastructure.Entities.OrderModels.OrderItemFulFillmentServiceTypeModel, CommonApiMessage.AggregatesModel.OrderMessage.OrderMessageItemFulFillmentServiceTypeViewModel, AutoMapper.ResolutionContext, CommonApiMessage.AggregatesModel.OrderMessage.OrderMessageItemFulFillmentServiceTypeViewModel>>
7ffcd2da34e8      1         48 System.Linq.Expressions.Expression3<System.Func<Order.Infrastructure.Entities.OrderModels.OrderItemRemarkModel, CommonApiMessage.AggregatesModel.OrderMessage.OrderMessageItemRemarkViewModel, AutoMapper.ResolutionContext, CommonApiMessage.AggregatesModel.OrderMessage.OrderMessageItemRemarkViewModel>>
7ffcd2da39d0      1         48 System.Linq.Expressions.Expression3<System.Func<Order.Infrastructure.Entities.OrderModels.OrderItemAmountModel, CommonApiMessage.AggregatesModel.OrderMessage.OrderMessageItemAmountViewModel, AutoMapper.ResolutionContext, CommonApiMessage.AggregatesModel.OrderMessage.OrderMessageItemAmountViewModel>>
7ffcd2da3f10      1         48 System.Linq.Expressions.Expression3<System.Func<Order.Infrastructure.Entities.OrderModels.OrderItemAmountDtlModel, CommonApiMessage.AggregatesModel.OrderMessage.OrderMessageItemAmountDetailViewModel, AutoMapper.ResolutionContext, CommonApiMessage.AggregatesModel.OrderMessage.OrderMessageItemAmountDetailViewModel>>
7ffcd2da4368      1         48 System.Linq.Expressions.Expression3<System.Func<Order.Infrastructure.Entities.OrderModels.OrderItemTaxModel, CommonApiMessage.AggregatesModel.OrderMessage.OrderMessageItemTaxViewModel, AutoMapper.ResolutionContext, CommonApiMessage.AggregatesModel.OrderMessage.OrderMessageItemTaxViewModel>>
7ffcd2da47c0      1         48 System.Linq.Expressions.Expression3<System.Func<Order.Infrastructure.Entities.OrderModels.OrderItemPaymentModel, CommonApiMessage.AggregatesModel.OrderMessage.OrderMessageItemPaymentViewModel, AutoMapper.ResolutionContext, CommonApiMessage.AggregatesModel.OrderMessage.OrderMessageItemPaymentViewModel>>
7ffcd2da4c18      1         48 System.Linq.Expressions.Expression3<System.Func<Order.Infrastructure.Entities.OrderModels.OrderItemBarcodeModel, CommonApiMessage.AggregatesModel.OrderMessage.OrderMessageSubBarcodeViewModel, AutoMapper.ResolutionContext, CommonApiMessage.AggregatesModel.OrderMessage.OrderMessageSubBarcodeViewModel>>
7ffcd2da5070      1         48 System.Linq.Expressions.Expression3<System.Func<Order.Infrastructure.Entities.OrderModels.OrderItemPromotionsModel, CommonApiMessage.AggregatesModel.OrderMessage.OrderMessageItemPromotionsViewModel, AutoMapper.ResolutionContext, CommonApiMessage.AggregatesModel.OrderMessage.OrderMessageItemPromotionsViewModel>>
7ffcd2da54c8      1         48 System.Linq.Expressions.Expression3<System.Func<Order.Infrastructure.Entities.OrderModels.OrderPaymentTransactionModel, CommonApiMessage.AggregatesModel.OrderMessage.OrderMessagePaymentTransactionViewModel, AutoMapper.ResolutionContext, CommonApiMessage.AggregatesModel.OrderMessage.OrderMessagePaymentTransactionViewModel>>
7ffcd2da5920      1         48 System.Linq.Expressions.Expression3<System.Func<Order.Infrastructure.Entities.OrderModels.OrderPromotionAmountModel, CommonApiMessage.AggregatesModel.OrderMessage.OrderMessagePromotionAmountViewModel, AutoMapper.ResolutionContext, CommonApiMessage.AggregatesModel.OrderMessage.OrderMessagePromotionAmountViewModel>>
7ffcd2da5e08      1         48 System.Linq.Expressions.Expression3<System.Func<Order.Infrastructure.Entities.OrderModels.OrderFeeAmountModel, CommonApiMessage.AggregatesModel.OrderMessage.OrderMessageFeeAmountViewModel, AutoMapper.ResolutionContext, CommonApiMessage.AggregatesModel.OrderMessage.OrderMessageFeeAmountViewModel>>
7ffcd2da67c0      1         48 System.Linq.Expressions.Expression3<System.Func<Order.Infrastructure.Entities.OrderModels.OrderFeePaymentModel, CommonApiMessage.AggregatesModel.OrderMessage.OrderMessageFeePaymentViewModel, AutoMapper.ResolutionContext, CommonApiMessage.AggregatesModel.OrderMessage.OrderMessageFeePaymentViewModel>>
7ffcd2da6c18      1         48 System.Linq.Expressions.Expression3<System.Func<Order.Infrastructure.Entities.OrderModels.OrderFeeAmountDtlModel, CommonApiMessage.AggregatesModel.OrderMessage.OrderMessageFeeAmountDtlViewModel, AutoMapper.ResolutionContext, CommonApiMessage.AggregatesModel.OrderMessage.OrderMessageFeeAmountDtlViewModel>>
7ffcd2da7070      1         48 System.Linq.Expressions.Expression3<System.Func<Order.Infrastructure.Entities.OrderModels.OrderFeeTaxModel, CommonApiMessage.AggregatesModel.OrderMessage.OrderMessageFeeTaxViewModel, AutoMapper.ResolutionContext, CommonApiMessage.AggregatesModel.OrderMessage.OrderMessageFeeTaxViewModel>>
7ffcd2da7650      1         48 System.Linq.Expressions.Expression3<System.Func<Order.Infrastructure.Entities.SubOrderModels.SubOrderRemarkModel, CommonApiMessage.AggregatesModel.SubOrderMessage.SubOrderMessageRemarkViewModel, AutoMapper.ResolutionContext, CommonApiMessage.AggregatesModel.SubOrderMessage.SubOrderMessageRemarkViewModel>>
7ffcd2da7c98      1         48 System.Linq.Expressions.Expression3<System.Func<Order.Infrastructure.Entities.SubOrderModels.SubOrderAddressModel, CommonApiMessage.AggregatesModel.SubOrderMessage.SubOrderMessageAddressViewModel, AutoMapper.ResolutionContext, CommonApiMessage.AggregatesModel.SubOrderMessage.SubOrderMessageAddressViewModel>>
7ffcd2da87b0      1         48 System.Linq.Expressions.Expression3<System.Func<Order.Infrastructure.Entities.SubOrderModels.SubOrderItemModel, CommonApiMessage.AggregatesModel.SubOrderMessage.SubOrderMessageItemViewModel, AutoMapper.ResolutionContext, CommonApiMessage.AggregatesModel.SubOrderMessage.SubOrderMessageItemViewModel>>
7ffcd2da8df8      1         48 System.Linq.Expressions.Expression3<System.Func<Order.Infrastructure.Entities.SubOrderModels.SubOrderPromotionModel, CommonApiMessage.AggregatesModel.SubOrderMessage.SubOrderMessagePromotionViewModel, AutoMapper.ResolutionContext, CommonApiMessage.AggregatesModel.SubOrderMessage.SubOrderMessagePromotionViewModel>>
7ffcd2da9a30      1         48 System.Linq.Expressions.Expression3<System.Func<Order.Infrastructure.Entities.SubOrderModels.SubOrderFeeModel, CommonApiMessage.AggregatesModel.SubOrderMessage.SubOrderMessageFeeViewModel, AutoMapper.ResolutionContext, CommonApiMessage.AggregatesModel.SubOrderMessage.SubOrderMessageFeeViewModel>>
7ffcd2da9f90      1         48 System.Linq.Expressions.Expression3<System.Func<Order.Infrastructure.Entities.SubOrderModels.SubOrderModel, CommonApiMessage.AggregatesModel.SubOrderMessage.SubOrderMessageViewModel, AutoMapper.ResolutionContext, CommonApiMessage.AggregatesModel.SubOrderMessage.SubOrderMessageViewModel>>
7ffcd2daa3e8      1         48 System.Linq.Expressions.Expression3<System.Func<Order.Infrastructure.Entities.SubOrderModels.SubOrderItemPromotionModel, CommonApiMessage.AggregatesModel.SubOrderMessage.SubOrderMessageItemPromotionViewModel, AutoMapper.ResolutionContext, CommonApiMessage.AggregatesModel.SubOrderMessage.SubOrderMessageItemPromotionViewModel>>
7ffcd2daaa10      1         48 System.Linq.Expressions.Expression3<System.Func<Order.Infrastructure.Entities.SubOrderModels.SubOrderItemFulFillmentModel, CommonApiMessage.AggregatesModel.SubOrderMessage.SubOrderMessageItemFulFillmentViewModel, AutoMapper.ResolutionContext, CommonApiMessage.AggregatesModel.SubOrderMessage.SubOrderMessageItemFulFillmentViewModel>>
7ffcd2daae68      1         48 System.Linq.Expressions.Expression3<System.Func<Order.Infrastructure.Entities.SubOrderModels.SubOrderItemDeliveryWindowModel, CommonApiMessage.AggregatesModel.SubOrderMessage.SubOrderMessageItemDeliveryWindowViewModel, AutoMapper.ResolutionContext, CommonApiMessage.AggregatesModel.SubOrderMessage.SubOrderMessageItemDeliveryWindowViewModel>>
7ffcd2dab2c0      1         48 System.Linq.Expressions.Expression3<System.Func<Order.Infrastructure.Entities.SubOrderModels.SubOrderItemFulFillmentServiceTypeModel, CommonApiMessage.AggregatesModel.SubOrderMessage.SubOrderMessageItemFulFillmentServiceTypeViewModel, AutoMapper.ResolutionContext, CommonApiMessage.AggregatesModel.SubOrderMessage.SubOrderMessageItemFulFillmentServiceTypeViewModel>>
7ffcd2dab718      1         48 System.Linq.Expressions.Expression3<System.Func<Order.Infrastructure.Entities.SubOrderModels.SubOrderItemRemarkModel, CommonApiMessage.AggregatesModel.SubOrderMessage.SubOrderMessageItemRemarkViewModel, AutoMapper.ResolutionContext, CommonApiMessage.AggregatesModel.SubOrderMessage.SubOrderMessageItemRemarkViewModel>>
7ffcd2dabc00      1         48 System.Linq.Expressions.Expression3<System.Func<Order.Infrastructure.Entities.SubOrderModels.SubOrderItemAmountModel, CommonApiMessage.AggregatesModel.SubOrderMessage.SubOrderMessageItemAmountViewModel, AutoMapper.ResolutionContext, CommonApiMessage.AggregatesModel.SubOrderMessage.SubOrderMessageItemAmountViewModel>>
7ffcd2dac140      1         48 System.Linq.Expressions.Expression3<System.Func<Order.Infrastructure.Entities.SubOrderModels.SubOrderItemAmtDtlModel, CommonApiMessage.AggregatesModel.SubOrderMessage.SubOrderMessageItemAmountDetailViewModel, AutoMapper.ResolutionContext, CommonApiMessage.AggregatesModel.SubOrderMessage.SubOrderMessageItemAmountDetailViewModel>>
7ffcd2dac598      1         48 System.Linq.Expressions.Expression3<System.Func<Order.Infrastructure.Entities.SubOrderModels.SubOrderItemTaxModel, CommonApiMessage.AggregatesModel.SubOrderMessage.SubOrderMessageItemTaxViewModel, AutoMapper.ResolutionContext, CommonApiMessage.AggregatesModel.SubOrderMessage.SubOrderMessageItemTaxViewModel>>
7ffcd2dac9f0      1         48 System.Linq.Expressions.Expression3<System.Func<Order.Infrastructure.Entities.SubOrderModels.SubOrderItemPayModel, CommonApiMessage.AggregatesModel.SubOrderMessage.SubOrderMessageItemPaymentViewModel, AutoMapper.ResolutionContext, CommonApiMessage.AggregatesModel.SubOrderMessage.SubOrderMessageItemPaymentViewModel>>
7ffcd2dace48      1         48 System.Linq.Expressions.Expression3<System.Func<Order.Infrastructure.Entities.SubOrderModels.SubOrderItemBarcodeModel, CommonApiMessage.AggregatesModel.SubOrderMessage.SubOrderMessageItemSubBarcodeViewModel, AutoMapper.ResolutionContext, CommonApiMessage.AggregatesModel.SubOrderMessage.SubOrderMessageItemSubBarcodeViewModel>>
7ffcd2dad2a0      1         48 System.Linq.Expressions.Expression3<System.Func<Order.Infrastructure.Entities.SubOrderModels.SubOrderItemPromotionsModel, CommonApiMessage.AggregatesModel.SubOrderMessage.SubOrderMessageItemPromotionsViewModel, AutoMapper.ResolutionContext, CommonApiMessage.AggregatesModel.SubOrderMessage.SubOrderMessageItemPromotionsViewModel>>
7ffcd2dad6f8      1         48 System.Linq.Expressions.Expression3<System.Func<Order.Infrastructure.Entities.SubOrderModels.SubOrderPromotionAmountModel, CommonApiMessage.AggregatesModel.SubOrderMessage.SubOrderMessagePromotionAmountViewModel, AutoMapper.ResolutionContext, CommonApiMessage.AggregatesModel.SubOrderMessage.SubOrderMessagePromotionAmountViewModel>>
7ffcd2dadbe0      1         48 System.Linq.Expressions.Expression3<System.Func<Order.Infrastructure.Entities.SubOrderModels.SubOrderFeeAmountModel, CommonApiMessage.AggregatesModel.SubOrderMessage.SubOrderMessageFeeAmountViewModel, AutoMapper.ResolutionContext, CommonApiMessage.AggregatesModel.SubOrderMessage.SubOrderMessageFeeAmountViewModel>>
7ffcd2dae598      1         48 System.Linq.Expressions.Expression3<System.Func<Order.Infrastructure.Entities.SubOrderModels.SubOrderFeeAmountDtlModel, CommonApiMessage.AggregatesModel.SubOrderMessage.SubOrderMessageFeeAmountDtlViewModel, AutoMapper.ResolutionContext, CommonApiMessage.AggregatesModel.SubOrderMessage.SubOrderMessageFeeAmountDtlViewModel>>
7ffcd2dae9f0      1         48 System.Linq.Expressions.Expression3<System.Func<Order.Infrastructure.Entities.SubOrderModels.SubOrderFeeTaxModel, CommonApiMessage.AggregatesModel.SubOrderMessage.SubOrderMessageFeeTaxViewModel, AutoMapper.ResolutionContext, CommonApiMessage.AggregatesModel.SubOrderMessage.SubOrderMessageFeeTaxViewModel>>
7ffcd2daee48      1         48 System.Linq.Expressions.Expression3<System.Func<Order.Infrastructure.Entities.SubOrderModels.SubOrderFeePaymentModel, CommonApiMessage.AggregatesModel.SubOrderMessage.SubOrderMessageFeePaymentViewModel, AutoMapper.ResolutionContext, CommonApiMessage.AggregatesModel.SubOrderMessage.SubOrderMessageFeePaymentViewModel>>
7ffcd2daf2a0      1         48 System.Linq.Expressions.Expression3<System.Func<Order.Infrastructure.Entities.StoreLocation.StoreLocationModel, CommonApiMessage.AggregatesModel.SubOrderMessage.SubOrderMessageAddressViewModel, AutoMapper.ResolutionContext, CommonApiMessage.AggregatesModel.SubOrderMessage.SubOrderMessageAddressViewModel>>
7ffcd2daf6f8      1         48 System.Linq.Expressions.Expression3<System.Func<Order.Infrastructure.Entities.Package.PackageInfoModel, CommonApiMessage.AggregatesModel.Package.PackageInfoMessageViewModel, AutoMapper.ResolutionContext, CommonApiMessage.AggregatesModel.Package.PackageInfoMessageViewModel>>
7ffcd2dafb90      1         48 System.Linq.Expressions.Expression3<System.Func<Order.Infrastructure.Entities.Promotion.PromotionItemModel, CommonApiMessage.AggregatesModel.SubOrderMessage.SubOrderMessageItemViewModel, AutoMapper.ResolutionContext, CommonApiMessage.AggregatesModel.SubOrderMessage.SubOrderMessageItemViewModel>>
7ffcd2dc0058      1         48 System.Linq.Expressions.Expression3<System.Func<Order.Business.Dtos.ViewModels.RoleChannelMapping.CreateChannelViewModel, Order.Infrastructure.Data.Readonlys.RoleChannelMapping.CreateChannelViewModelDto, AutoMapper.ResolutionContext, Order.Infrastructure.Data.Readonlys.RoleChannelMapping.CreateChannelViewModelDto>>
7ffcd2dc0508      1         48 System.Linq.Expressions.Expression3<System.Func<Order.Business.Mediator.Commands.RoleChannelMapping.CreateRoleChannelMappingCommand, Order.Infrastructure.Data.Readonlys.RoleChannelMapping.CreateRoleChannelMappingCommandDto, AutoMapper.ResolutionContext, Order.Infrastructure.Data.Readonlys.RoleChannelMapping.CreateRoleChannelMappingCommandDto>>
7ffcd2dc0960      1         48 System.Linq.Expressions.Expression3<System.Func<Order.Business.Mediator.Queries.RoleChannelMapping.GetRoleChannelMappingsQuery, Order.Infrastructure.Data.Readonlys.RoleChannelMapping.GetRoleChannelMappingsQueryDto, AutoMapper.ResolutionContext, Order.Infrastructure.Data.Readonlys.RoleChannelMapping.GetRoleChannelMappingsQueryDto>>
7ffcd2dc0df8      1         48 System.Linq.Expressions.Expression3<System.Func<CommonApiMessage.AggregatesModel.SubOrderMessage.SubOrderMessageAddressViewModel, Order.Business.Responses.Order.CustomerByPacking, AutoMapper.ResolutionContext, Order.Business.Responses.Order.CustomerByPacking>>
7ffcd2dc1250      1         48 System.Linq.Expressions.Expression3<System.Func<Order.Domain.AggregatesModel.Order.PackingDetails, Order.Business.Responses.Order.ProductByPacking, AutoMapper.ResolutionContext, Order.Business.Responses.Order.ProductByPacking>>
7ffcd2dc16a8      1         48 System.Linq.Expressions.Expression3<System.Func<CommonApiMessage.AggregatesModel.OrderMessage.OrderMessageAddressViewModel, Order.Business.Responses.Order.Customer, AutoMapper.ResolutionContext, Order.Business.Responses.Order.Customer>>
7ffcd2dc1b00      1         48 System.Linq.Expressions.Expression3<System.Func<CommonApiMessage.AggregatesModel.OrderMessage.OrderMessageItemViewModel, Order.Business.Responses.Order.Product, AutoMapper.ResolutionContext, Order.Business.Responses.Order.Product>>
7ffcd2dc1fb0      1         48 System.Linq.Expressions.Expression3<System.Func<Order.Business.Mediator.Commands.OrderFront.OrderAddressFrontManualViewModel, Order.Infrastructure.Entities.OrderModels.OrderAddressModel, AutoMapper.ResolutionContext, Order.Infrastructure.Entities.OrderModels.OrderAddressModel>>
7ffcd2dc3998      1         48 System.Linq.Expressions.Expression3<System.Func<Order.Business.Mediator.Commands.OrderFront.CreateOrderPaymentFrontManualViewModel, Order.Infrastructure.Entities.OrderModels.OrderPaymentModel, AutoMapper.ResolutionContext, Order.Infrastructure.Entities.OrderModels.OrderPaymentModel>>
7ffcd2dc4488      1         48 System.Linq.Expressions.Expression3<System.Func<Order.Business.Mediator.Commands.OrderFront.CreateOrderFrontManualViewModel, Order.Infrastructure.Entities.OrderModels.OrderModel, AutoMapper.ResolutionContext, Order.Infrastructure.Entities.OrderModels.OrderModel>>
7ffcd2dc4b40      1         48 System.Linq.Expressions.Expression3<System.Func<Order.Business.Model.Request.Order.OrderFeeViewModel, Order.Infrastructure.Entities.OrderModels.OrderFeeModel, AutoMapper.ResolutionContext, Order.Infrastructure.Entities.OrderModels.OrderFeeModel>>
7ffcd2dc4f98      1         48 System.Linq.Expressions.Expression3<System.Func<Order.Business.Mediator.Commands.OrderFront.CreateOrderItemFrontManualViewModel, Order.Infrastructure.Entities.OrderModels.OrderItemModel, AutoMapper.ResolutionContext, Order.Infrastructure.Entities.OrderModels.OrderItemModel>>
7ffcd2dc5448      1         48 System.Linq.Expressions.Expression3<System.Func<Order.Business.Mediator.Commands.OrderFront.OrderAddressFrontManualViewModel, Order.Infrastructure.Entities.SubOrderModels.SubOrderAddressModel, AutoMapper.ResolutionContext, Order.Infrastructure.Entities.SubOrderModels.SubOrderAddressModel>>
7ffcd2dc5dc8      1         48 System.Linq.Expressions.Expression3<System.Func<Order.Business.Mediator.Commands.OrderFront.CreateOrderFrontManualViewModel, Order.Infrastructure.Entities.SubOrderModels.SubOrderModel, AutoMapper.ResolutionContext, Order.Infrastructure.Entities.SubOrderModels.SubOrderModel>>
7ffcd2dc6220      1         48 System.Linq.Expressions.Expression3<System.Func<Order.Business.Model.Request.Order.OrderFeeViewModel, Order.Infrastructure.Entities.SubOrderModels.SubOrderFeeModel, AutoMapper.ResolutionContext, Order.Infrastructure.Entities.SubOrderModels.SubOrderFeeModel>>
7ffcd2dc6678      1         48 System.Linq.Expressions.Expression3<System.Func<Order.Business.Mediator.Commands.OrderFront.CreateOrderItemFrontManualViewModel, Order.Infrastructure.Entities.SubOrderModels.SubOrderItemModel, AutoMapper.ResolutionContext, Order.Infrastructure.Entities.SubOrderModels.SubOrderItemModel>>
7ffcd2dc6ad0      1         48 System.Linq.Expressions.Expression3<System.Func<Order.Business.Mediator.Commands.OrderFront.OrderAddressFrontViewModel, Order.Infrastructure.Entities.OrderModels.OrderAddressModel, AutoMapper.ResolutionContext, Order.Infrastructure.Entities.OrderModels.OrderAddressModel>>
7ffcd2dc7098      1         48 System.Linq.Expressions.Expression3<System.Func<Order.Business.Mediator.Commands.OrderFront.CreateOrderPaymentFrontViewModel, Order.Infrastructure.Entities.OrderModels.OrderPaymentModel, AutoMapper.ResolutionContext, Order.Infrastructure.Entities.OrderModels.OrderPaymentModel>>
7ffcd2dc7660      1         48 System.Linq.Expressions.Expression3<System.Func<Order.Business.Mediator.Commands.OrderFront.CreateOrderFrontViewModel, Order.Infrastructure.Entities.OrderModels.OrderModel, AutoMapper.ResolutionContext, Order.Infrastructure.Entities.OrderModels.OrderModel>>
7ffcd2dc7ab8      1         48 System.Linq.Expressions.Expression3<System.Func<Order.Business.Mediator.Commands.OrderFront.CreateOrderItemFrontViewModel, Order.Infrastructure.Entities.OrderModels.OrderItemModel, AutoMapper.ResolutionContext, Order.Infrastructure.Entities.OrderModels.OrderItemModel>>
7ffcd2dc7f10      1         48 System.Linq.Expressions.Expression3<System.Func<Order.Business.Mediator.Commands.OrderFront.OrderAddressFrontViewModel, Order.Infrastructure.Entities.SubOrderModels.SubOrderAddressModel, AutoMapper.ResolutionContext, Order.Infrastructure.Entities.SubOrderModels.SubOrderAddressModel>>
7ffcd2dc8368      1         48 System.Linq.Expressions.Expression3<System.Func<Order.Business.Mediator.Commands.OrderFront.CreateOrderFrontViewModel, Order.Infrastructure.Entities.SubOrderModels.SubOrderModel, AutoMapper.ResolutionContext, Order.Infrastructure.Entities.SubOrderModels.SubOrderModel>>
7ffcd2dc87c0      1         48 System.Linq.Expressions.Expression3<System.Func<Order.Business.Mediator.Commands.OrderFront.CreateOrderItemFrontViewModel, Order.Infrastructure.Entities.SubOrderModels.SubOrderItemModel, AutoMapper.ResolutionContext, Order.Infrastructure.Entities.SubOrderModels.SubOrderItemModel>>
7ffcd2dce420      1         48 System.Linq.Expressions.Expression3<System.Func<Order.Infrastructure.Entities.OrderModels.OrderModel, Order.Domain.AggregatesModel.FrontAPI.Order.OrderDetailFrontView, AutoMapper.ResolutionContext, Order.Domain.AggregatesModel.FrontAPI.Order.OrderDetailFrontView>>
7ffcd2dce878      1         48 System.Linq.Expressions.Expression3<System.Func<Order.Business.Mediator.Commands.OrderFront.UpdateOrderFrontViewModel, Order.Infrastructure.Entities.OrderModels.OrderModel, AutoMapper.ResolutionContext, Order.Infrastructure.Entities.OrderModels.OrderModel>>
7ffcd2dcecd0      1         48 System.Linq.Expressions.Expression3<System.Func<Order.Business.Mediator.Commands.OrderFront.UpdateOrderAddressViewModel, Order.Infrastructure.Entities.OrderModels.OrderAddressModel, AutoMapper.ResolutionContext, Order.Infrastructure.Entities.OrderModels.OrderAddressModel>>
7ffcd2dcf128      1         48 System.Linq.Expressions.Expression3<System.Func<Order.Business.Mediator.Commands.OrderFront.UpdateOrderItemFront, Order.Infrastructure.Entities.OrderModels.OrderItemModel, AutoMapper.ResolutionContext, Order.Infrastructure.Entities.OrderModels.OrderItemModel>>
7ffcd2dcf580      1         48 System.Linq.Expressions.Expression3<System.Func<Order.Business.Mediator.Commands.OrderFront.UpdateOrderItemAmountDetailViewModel, Order.Infrastructure.Entities.OrderModels.OrderItemAmountDtlModel, AutoMapper.ResolutionContext, Order.Infrastructure.Entities.OrderModels.OrderItemAmountDtlModel>>
7ffcd2dcf9d8      1         48 System.Linq.Expressions.Expression3<System.Func<Order.Business.Mediator.Commands.OrderFront.UpdateOrderFrontViewModel, Order.Business.Mediator.Commands.OrderFront.UpdateSubOrderFrontViewModel, AutoMapper.ResolutionContext, Order.Business.Mediator.Commands.OrderFront.UpdateSubOrderFrontViewModel>>
7ffcd2dcfe30      1         48 System.Linq.Expressions.Expression3<System.Func<Order.Business.Mediator.Commands.OrderFront.UpdateOrderFrontCommand, Order.Business.Mediator.Commands.OrderFront.UpdateSubOrderFrontCommand, AutoMapper.ResolutionContext, Order.Business.Mediator.Commands.OrderFront.UpdateSubOrderFrontCommand>>
7ffcd2de0290      1         48 System.Linq.Expressions.Expression3<System.Func<Order.Business.Mediator.Commands.OrderFront.UpdateOrderAddressViewModel, Order.Business.Mediator.Commands.OrderFront.SubOrderAddressViewModel, AutoMapper.ResolutionContext, Order.Business.Mediator.Commands.OrderFront.SubOrderAddressViewModel>>
7ffcd2de06e8      1         48 System.Linq.Expressions.Expression3<System.Func<Order.Business.Mediator.Commands.OrderFront.UpdateOrderItemFront, Order.Business.Mediator.Commands.OrderFront.UpdateSubOrderItemFront, AutoMapper.ResolutionContext, Order.Business.Mediator.Commands.OrderFront.UpdateSubOrderItemFront>>
7ffcd2de0b40      1         48 System.Linq.Expressions.Expression3<System.Func<Order.Business.Mediator.Commands.OrderFront.UpdateOrderItemAmountDetailViewModel, Order.Business.Mediator.Commands.OrderFront.UpdateSubOrderItemAmountDetailViewModel, AutoMapper.ResolutionContext, Order.Business.Mediator.Commands.OrderFront.UpdateSubOrderItemAmountDetailViewModel>>
7ffcd2de0f98      1         48 System.Linq.Expressions.Expression3<System.Func<Order.Business.Mediator.Commands.OrderFront.UpdateSubOrderFrontViewModel, Order.Infrastructure.Entities.SubOrderModels.SubOrderModel, AutoMapper.ResolutionContext, Order.Infrastructure.Entities.SubOrderModels.SubOrderModel>>
7ffcd2de13f0      1         48 System.Linq.Expressions.Expression3<System.Func<Order.Business.Mediator.Commands.OrderFront.SubOrderAddressViewModel, Order.Infrastructure.Entities.SubOrderModels.SubOrderAddressModel, AutoMapper.ResolutionContext, Order.Infrastructure.Entities.SubOrderModels.SubOrderAddressModel>>
7ffcd2de1848      1         48 System.Linq.Expressions.Expression3<System.Func<Order.Business.Mediator.Commands.OrderFront.UpdateSubOrderItemFront, Order.Infrastructure.Entities.SubOrderModels.SubOrderItemModel, AutoMapper.ResolutionContext, Order.Infrastructure.Entities.SubOrderModels.SubOrderItemModel>>
7ffcd2de1ca0      1         48 System.Linq.Expressions.Expression3<System.Func<Order.Business.Mediator.Commands.OrderFront.UpdateSubOrderItemAmountDetailViewModel, Order.Infrastructure.Entities.SubOrderModels.SubOrderItemAmtDtlModel, AutoMapper.ResolutionContext, Order.Infrastructure.Entities.SubOrderModels.SubOrderItemAmtDtlModel>>
7ffcd2de20f8      1         48 System.Linq.Expressions.Expression3<System.Func<Order.Business.Mediator.Commands.OrderFront.UpdateSubOrderItemFront, Order.Business.Mediator.Commands.OrderFront.UpdateSubOrderItemFront, AutoMapper.ResolutionContext, Order.Business.Mediator.Commands.OrderFront.UpdateSubOrderItemFront>>
7ffcd2de2550      1         48 System.Linq.Expressions.Expression3<System.Func<Order.Business.Mediator.Commands.OrderFront.UpdateSubOrderItemAmountDetailViewModel, Order.Business.Mediator.Commands.OrderFront.UpdateSubOrderItemAmountDetailViewModel, AutoMapper.ResolutionContext, Order.Business.Mediator.Commands.OrderFront.UpdateSubOrderItemAmountDetailViewModel>>
7ffcd2de29a8      1         48 System.Linq.Expressions.Expression3<System.Func<Order.Infrastructure.Data.Readonlys.CompanyBuMapping.GetCompanyBuMappingByIdViewModelDto, Order.Business.Dtos.ViewModels.CompanyBuMapping.GetCompanyBuMappingByIdViewModel, AutoMapper.ResolutionContext, Order.Business.Dtos.ViewModels.CompanyBuMapping.GetCompanyBuMappingByIdViewModel>>
7ffcd2de2e00      1         48 System.Linq.Expressions.Expression3<System.Func<Order.Infrastructure.Data.Readonlys.CompanyBuMapping.GetCompanyBuMappingViewModelDto, Order.Business.Dtos.ViewModels.CompanyBuMapping.GetCompanyBuMappingViewModel, AutoMapper.ResolutionContext, Order.Business.Dtos.ViewModels.CompanyBuMapping.GetCompanyBuMappingViewModel>>
7ffcd2de3258      1         48 System.Linq.Expressions.Expression3<System.Func<Order.Business.Mediator.Queries.CompanyBUMapping.GetCompanyBuMappingsQuery, Order.Infrastructure.Data.Readonlys.CompanyBuMapping.GetCompanyBuMappingsQueryDto, AutoMapper.ResolutionContext, Order.Infrastructure.Data.Readonlys.CompanyBuMapping.GetCompanyBuMappingsQueryDto>>
7ffcd2dfc680      1         48 System.Collections.Concurrent.ConcurrentDictionary<System.Type, MediatR.Wrappers.RequestHandlerBase>+Node
7ffcd2e1fe98      1         48 FluentValidation.ValidatorSelectorOptions
7ffcd2e226a0      1         48 System.Collections.Concurrent.ConcurrentDictionary<FluentValidation.Internal.AccessorCache<Order.Business.Mediator.Commands.Order.GetSubOrderCommand>+Key, System.Delegate>+Node
7ffcd2e9cda0      2         48 Microsoft.EntityFrameworkCore.Diagnostics.IInterceptor[]
7ffcd2735990      1         48 Microsoft.EntityFrameworkCore.SqlServer.Storage.Internal.SqlServerTypeMappingSource
7ffcd2f747c0      1         48 System.Collections.Concurrent.ConcurrentDictionary<System.String, System.String>+Node
7ffcd1342870      2         48 Microsoft.Extensions.Logging.Logger<Microsoft.Extensions.Caching.Memory.MemoryCache>
7ffcd2f79958      2         48 Microsoft.EntityFrameworkCore.Metadata.Conventions.Infrastructure.IConventionSetPlugin[]
7ffcd27820b8      1         48 Microsoft.EntityFrameworkCore.Infrastructure.RelationalModelDependencies
7ffcd2fd2250      1         48 System.Collections.Generic.TreeSet<System.Collections.Generic.KeyValuePair<System.String, Microsoft.EntityFrameworkCore.Metadata.Internal.EntityType>>
7ffcd2fcefa8      1         48 System.Collections.Generic.SortedSet<Microsoft.EntityFrameworkCore.Metadata.Internal.EntityType>
7ffcd0342548      2         48 System.Int16
7ffcd0350f70      2         48 System.Single
7ffcd033afd8      2         48 System.Char
7ffcd0346f88      2         48 System.UInt32
7ffcd0344a58      2         48 System.UInt16
7ffcd033d8c0      2         48 System.SByte
7ffcd1346a90      1         48 Microsoft.AspNetCore.Mvc.Razor.RazorPageActivator+<>c__DisplayClass4_0
7ffcd0e06730      1         48 Microsoft.AspNetCore.Mvc.MvcViewOptions
7ffcd1364128      2         48 Microsoft.Extensions.Logging.Logger<Microsoft.AspNetCore.Mvc.RazorPages.Infrastructure.PageActionInvoker>
7ffcd0b68f90      1         48 Microsoft.AspNetCore.Mvc.Routing.ActionEndpointFactory
7ffcd0b6e7f8      1         48 Microsoft.AspNetCore.Mvc.ApplicationModels.DefaultApplicationModelProvider
7ffcd0b6f2c8      1         48 Microsoft.AspNetCore.Mvc.ApiBehaviorOptions
7ffcd1363488      1         48 Microsoft.AspNetCore.Mvc.ApplicationModels.PageRouteModelFactory
7ffcd0e6dd58      1         48 Microsoft.AspNetCore.Mvc.RazorPages.Infrastructure.PageActionDescriptorProvider
7ffcd0b4e908      1         48 Microsoft.AspNetCore.Mvc.HotReload.HotReloadService
7ffcd0b6b120      1         48 Microsoft.AspNetCore.Mvc.Infrastructure.ActionSelector
7ffcd0b69c60      1         48 Microsoft.AspNetCore.Mvc.Routing.MvcRouteHandler
7ffcd153f3a0      1         48 Microsoft.AspNetCore.Mvc.Routing.AttributeRoute
7ffcd153fd40      1         48 Microsoft.AspNetCore.Routing.RouteCollection
7ffcd1552a58      1         48 System.Collections.Concurrent.ConcurrentDictionary<Microsoft.AspNetCore.Routing.IEndpointRouteBuilder, Microsoft.AspNetCore.Mvc.Infrastructure.OrderedEndpointsSequenceProvider>+Node
7ffcd15546b8      2         48 System.Action<Microsoft.AspNetCore.Builder.EndpointBuilder>[]
7ffcd1551bd8      1         48 Microsoft.AspNetCore.Builder.ControllerActionEndpointConventionBuilder
7ffcd1668618      2         48 Microsoft.AspNetCore.Mvc.ApplicationModels.ActionModel[]
7ffcd16669a0      2         48 Microsoft.AspNetCore.Mvc.Routing.IRouteTemplateProvider[]
7ffcd16834f8      2         48 Microsoft.AspNetCore.Mvc.ApplicationModels.ParameterModel[]
7ffcd1664dc0      2         48 Microsoft.AspNetCore.Mvc.Filters.ControllerActionFilter
7ffcd1705548      2         48 System.ComponentModel.PropertyChangedEventArgs
7ffcd1705370      1         48 System.Collections.Specialized.NotifyCollectionChangedEventArgs
7ffcd170c860      1         48 System.ConsolePal+WindowsConsoleStream
7ffcd170fae0      1         48 System.Text.OSEncoder
7ffcd1730620      1         48 System.IO.TextWriter+SyncTextWriter
7ffcd177c100      1         48 System.Net.Sockets.NetworkStream
7ffcd17f3560      2         48 System.Security.Cryptography.X509Certificates.CertificatePal
7ffcd17ff430      2         48 System.Security.Cryptography.X509Certificates.StorePal
7ffcd1830018      1         48 System.Text.ASCIIEncoding+ASCIIEncodingSealed
7ffcd1831a30      2         48 Internal.Win32.RegistryKey
7ffcd1835988      1         48 RabbitMQ.Client.Impl.SessionManager
7ffcd1978c08      1         48 Microsoft.Extensions.Options.OptionsMonitor<Microsoft.Extensions.Diagnostics.Metrics.MetricsOptions>
7ffcd197d598      1         48 System.Collections.Concurrent.ConcurrentDictionary<System.String, System.Lazy<Microsoft.Extensions.Diagnostics.Metrics.MetricsOptions>>+Node
7ffcd19765b8      1         48 Microsoft.Extensions.Options.OptionsMonitor<Microsoft.Extensions.DependencyInjection.MetricsServiceExtensions+NoOpOptions>
7ffcd1980660      1         48 System.Collections.Concurrent.ConcurrentDictionary<System.String, System.Lazy<Microsoft.Extensions.DependencyInjection.MetricsServiceExtensions+NoOpOptions>>+Node
7ffcd19e65b8      2         48 System.Xml.Linq.XHashtable<System.Xml.Linq.XName>
7ffcd19ea368      1         48 System.Xml.Linq.XHashtable<System.WeakReference<System.Xml.Linq.XNamespace>>+XHashtableState
7ffcd14a07c0      1         48 Utility.Package.Middlewares.DecryptAndBindingMiddleware
7ffcd14a0540      1         48 Utility.Package.Middlewares.SprintConnectMiddleWareService
7ffcd1b11828      1         48 Microsoft.Extensions.FileProviders.EmbeddedFileProvider
7ffcd1b109f8      1         48 System.Text.Json.Serialization.JsonStringEnumConverter
7ffcd1b1aa50      2         48 Microsoft.Extensions.Logging.Logger<Microsoft.AspNetCore.Diagnostics.DeveloperExceptionPageMiddleware>
7ffcd1b338a8      2         48 Microsoft.AspNetCore.Authentication.AuthenticationScheme[]
7ffcd1b358a0      1         48 Microsoft.Extensions.Options.OptionsMonitor<Microsoft.AspNetCore.HostFiltering.HostFilteringOptions>
7ffcd1b38978      1         48 System.Collections.Concurrent.ConcurrentDictionary<System.String, System.Lazy<Microsoft.AspNetCore.HostFiltering.HostFilteringOptions>>+Node
7ffcd1ab28a8      1         48 Microsoft.AspNetCore.Watch.BrowserRefresh.BrowserRefreshMiddleware
7ffcd1a2fc50      1         48 Microsoft.AspNetCore.Hosting.HostingApplication
7ffcd1b3dee0      1         48 Microsoft.AspNetCore.Server.Kestrel.Core.Internal.AddressBindContext
7ffcd14696d8      1         48 Microsoft.AspNetCore.Server.Kestrel.Core.Internal.ConfigurationReader
7ffcd1b45d18      1         48 Microsoft.AspNetCore.Server.Kestrel.Core.TlsConfigurationLoader
7ffcd1b4c708      2         48 Microsoft.AspNetCore.Server.Kestrel.Core.Internal.HttpConnectionBuilderExtensions+<>c__DisplayClass0_0<Microsoft.AspNetCore.Hosting.HostingApplication+Context>
7ffcd1b4e2e0      2         48 Microsoft.AspNetCore.Server.Kestrel.Core.Internal.Infrastructure.TransportManager+GenericConnectionListener
7ffcd0ac3950      1         48 Microsoft.AspNetCore.Mvc.ApiExplorer.EndpointMetadataApiDescriptionProvider
7ffcd1b72ab8      1         48 Microsoft.AspNetCore.Mvc.ApiExplorer.ApiDescriptionGroupCollectionProvider
7ffcd1b97630      2         48 System.Runtime.Serialization.DeserializationTracker
7ffcd1bc6220      1         48 System.Text.Json.Serialization.Converters.FSharpTypeConverterFactory
7ffcd1f1f170      1         48 System.Net.CookieContainer
7ffcd1f2bb10      1         48 System.Net.Http.WinInetProxyHelper
7ffcd1f1eb50      1         48 System.Net.Http.Metrics.MetricsHandler
7ffcd1f1df60      1         48 System.Net.Http.DiagnosticsHandler
7ffcd1fdd1a8      1         48 Microsoft.Extensions.Logging.LoggerMessage+<>c__DisplayClass12_0<System.Int32, System.String>
7ffcd2732050      2         48 System.Collections.Comparer
7ffcd27b7c20      1         48 Microsoft.Extensions.DependencyInjection.ServiceLookup.ILEmitResolverBuilder
7ffcd27c8098      1         48 Microsoft.EntityFrameworkCore.Infrastructure.ISingletonOptions[]
7ffcd28edad0      1         48 System.Collections.Concurrent.ConcurrentDictionary<System.Type, System.Collections.Generic.IReadOnlyList<Microsoft.EntityFrameworkCore.Infrastructure.DbSetProperty>>+Node
7ffcd2923098      1         48 Microsoft.Extensions.Options.IConfigureOptions<AutoMapper.MapperConfigurationExpression>[]
7ffcd2927cc0      2         48 AutoMapper.Internal.Mappers.ConversionOperatorMapper
7ffcd30dbfd0      2         48 Microsoft.EntityFrameworkCore.Metadata.Internal.InternalForeignKeyBuilder[]
7ffcd3158068      2         48 Microsoft.EntityFrameworkCore.Metadata.IConventionForeignKey[]
7ffcd31c5ba8      2         48 Microsoft.EntityFrameworkCore.Metadata.IReadOnlyEntityTypeMappingFragment[]
7ffcd1c26158      2         48 System.Text.Json.Serialization.JsonPropertyNameAttribute[]
7ffcd3277010      1         48 Microsoft.Extensions.Logging.LoggerMessage+<>c__DisplayClass14_0<System.String, System.String, System.String>
7ffcd33066f8      2         48 Microsoft.EntityFrameworkCore.Metadata.IForeignKey[]
7ffcd32f3678      2         48 Microsoft.EntityFrameworkCore.Metadata.IEntityType[]
7ffcd170eb68      1         48 System.Text.EncoderNLS
7ffcd32f1178      1         48 Microsoft.EntityFrameworkCore.Infrastructure.RelationalModelRuntimeInitializer+<>c__DisplayClass4_0
7ffcd27777c8      1         48 Microsoft.EntityFrameworkCore.Storage.Internal.RawSqlCommandBuilder
7ffcd38006b8      1         48 Microsoft.Extensions.Logging.LoggerMessage+<>c__DisplayClass18_0<System.String, System.String, System.String, System.String, System.String>
7ffcd3808b98      1         48 Microsoft.EntityFrameworkCore.Query.Internal.ExpressionTreeFuncletizer+State
7ffcd42a25d8      2         48 System.Text.Json.Serialization.Metadata.JsonTypeInfo<CommonApiMessage.AggregatesModel.SubOrderMessage.SubOrderMessageViewModel>+<>c__DisplayClass37_0
7ffcd42a3918      2         48 System.Text.Json.Serialization.Metadata.JsonPropertyInfo<System.Collections.Generic.List<System.String>>+<>c__DisplayClass10_0
7ffcd42a8338      2         48 System.Text.Json.Serialization.Metadata.JsonPropertyInfo<System.Collections.Generic.List<CommonApiMessage.AggregatesModel.SubOrderMessage.SubOrderMessageRemarkViewModel>>+<>c__DisplayClass10_0
7ffcd42a8cf8      2         48 System.Text.Json.Serialization.Metadata.JsonPropertyInfo<System.Collections.Generic.List<CommonApiMessage.AggregatesModel.SubOrderMessage.SubOrderMessageAddressViewModel>>+<>c__DisplayClass9_0
7ffcd42aa6a8      2         48 System.Text.Json.Serialization.Metadata.JsonPropertyInfo<System.Collections.Generic.List<CommonApiMessage.AggregatesModel.SubOrderMessage.SubOrderMessageItemViewModel>>+<>c__DisplayClass10_0
7ffcd42ab860      2         48 System.Text.Json.Serialization.Metadata.JsonPropertyInfo<System.Collections.Generic.List<CommonApiMessage.AggregatesModel.OrderMessage.OrderMessagePaymentViewModel>>+<>c__DisplayClass10_0
7ffcd42aca18      2         48 System.Text.Json.Serialization.Metadata.JsonPropertyInfo<System.Collections.Generic.List<CommonApiMessage.AggregatesModel.OrderMessage.OrderMessageCustomerViewModel>>+<>c__DisplayClass10_0
7ffcd42adbd0      2         48 System.Text.Json.Serialization.Metadata.JsonPropertyInfo<System.Collections.Generic.List<CommonApiMessage.AggregatesModel.OrderMessage.OrderMessageItemViewModel>>+<>c__DisplayClass10_0
7ffcd42aed88      2         48 System.Text.Json.Serialization.Metadata.JsonPropertyInfo<System.Collections.Generic.List<CommonApiMessage.AggregatesModel.OrderMessage.OrderMessagePromotionViewModel>>+<>c__DisplayClass10_0
7ffcd42aff40      2         48 System.Text.Json.Serialization.Metadata.JsonPropertyInfo<System.Collections.Generic.List<CommonApiMessage.AggregatesModel.SubOrderMessage.SubOrderMessagePromotionViewModel>>+<>c__DisplayClass10_0
7ffcd42b1128      2         48 System.Text.Json.Serialization.Metadata.JsonPropertyInfo<System.Collections.Generic.List<CommonApiMessage.AggregatesModel.SubOrderMessage.SubOrderMessageFeeViewModel>>+<>c__DisplayClass10_0
7ffcd42b22e0      2         48 System.Text.Json.Serialization.Metadata.JsonPropertyInfo<System.Collections.Generic.List<CommonApiMessage.AggregatesModel.Package.PackageInfoMessageViewModel>>+<>c__DisplayClass10_0
7ffcd42b50b0      2         48 System.Text.Json.Serialization.Metadata.JsonPropertyInfo<System.Collections.Generic.List<CommonApiMessage.AggregatesModel.OrderMessage.OrderMessageAddressViewModel>>+<>c__DisplayClass10_0
7ffcd42b6268      2         48 System.Text.Json.Serialization.Metadata.JsonPropertyInfo<System.Collections.Generic.List<CommonApiMessage.AggregatesModel.Package.PackageTbMessage>>+<>c__DisplayClass10_0
7ffcd42b6d78      2         48 System.Text.Json.Serialization.Metadata.JsonTypeInfo<System.Collections.Generic.List<System.String>>+<>c__DisplayClass37_0
7ffcd42b8340      2         48 System.Text.Json.Serialization.Metadata.JsonTypeInfo<System.Collections.Generic.List<CommonApiMessage.AggregatesModel.SubOrderMessage.SubOrderMessageRemarkViewModel>>+<>c__DisplayClass37_0
7ffcd42b8d18      2         48 System.Text.Json.Serialization.Metadata.JsonTypeInfo<CommonApiMessage.AggregatesModel.SubOrderMessage.SubOrderMessageRemarkViewModel>+<>c__DisplayClass37_0
7ffcd42b9728      2         48 System.Text.Json.Serialization.Metadata.JsonTypeInfo<System.Collections.Generic.List<CommonApiMessage.AggregatesModel.SubOrderMessage.SubOrderMessageAddressViewModel>>+<>c__DisplayClass37_0
7ffcd42ba100      2         48 System.Text.Json.Serialization.Metadata.JsonTypeInfo<CommonApiMessage.AggregatesModel.SubOrderMessage.SubOrderMessageAddressViewModel>+<>c__DisplayClass37_0
7ffcd42be340      2         48 System.Text.Json.Serialization.Metadata.JsonTypeInfo<System.Collections.Generic.List<CommonApiMessage.AggregatesModel.SubOrderMessage.SubOrderMessageItemViewModel>>+<>c__DisplayClass37_0
7ffcd42bed18      2         48 System.Text.Json.Serialization.Metadata.JsonTypeInfo<CommonApiMessage.AggregatesModel.SubOrderMessage.SubOrderMessageItemViewModel>+<>c__DisplayClass37_0
7ffcd42c7728      2         48 System.Text.Json.Serialization.Metadata.JsonPropertyInfo<System.Int64>+<>c__DisplayClass9_0
7ffcd42c8008      2         48 System.Text.Json.Serialization.Metadata.JsonPropertyInfo<System.Int64>+<>c__DisplayClass10_0
7ffcd42ced98      2         48 System.Text.Json.Serialization.Metadata.JsonPropertyInfo<CommonApiMessage.AggregatesModel.SubOrderMessage.SubOrderMessageItemPromotionViewModel>+<>c__DisplayClass10_0
7ffcd42cff50      2         48 System.Text.Json.Serialization.Metadata.JsonPropertyInfo<CommonApiMessage.AggregatesModel.SubOrderMessage.SubOrderMessageItemFulFillmentViewModel>+<>c__DisplayClass10_0
7ffcd42f1128      2         48 System.Text.Json.Serialization.Metadata.JsonPropertyInfo<System.Collections.Generic.List<CommonApiMessage.AggregatesModel.SubOrderMessage.SubOrderMessageItemRemarkViewModel>>+<>c__DisplayClass10_0
7ffcd42f22e0      2         48 System.Text.Json.Serialization.Metadata.JsonPropertyInfo<CommonApiMessage.AggregatesModel.SubOrderMessage.SubOrderMessageItemAmountViewModel>+<>c__DisplayClass10_0
7ffcd42f3498      2         48 System.Text.Json.Serialization.Metadata.JsonPropertyInfo<System.Collections.Generic.List<CommonApiMessage.AggregatesModel.SubOrderMessage.SubOrderMessageItemPaymentViewModel>>+<>c__DisplayClass10_0
7ffcd42f4650      2         48 System.Text.Json.Serialization.Metadata.JsonPropertyInfo<System.Collections.Generic.List<CommonApiMessage.AggregatesModel.SubOrderMessage.SubOrderMessageItemSubBarcodeViewModel>>+<>c__DisplayClass10_0
7ffcd42f5808      2         48 System.Text.Json.Serialization.Metadata.JsonPropertyInfo<System.Collections.Generic.List<CommonApiMessage.AggregatesModel.SubOrderMessage.SubOrderMessageItemPromotionsViewModel>>+<>c__DisplayClass10_0
7ffcd42fa990      2         48 System.Text.Json.Serialization.Metadata.JsonTypeInfo<CommonApiMessage.AggregatesModel.SubOrderMessage.SubOrderMessageItemPromotionViewModel>+<>c__DisplayClass37_0
7ffcd42fe588      2         48 System.Text.Json.Serialization.Metadata.JsonTypeInfo<CommonApiMessage.AggregatesModel.SubOrderMessage.SubOrderMessageItemFulFillmentViewModel>+<>c__DisplayClass37_0
7ffcd4301518      2         48 System.Text.Json.Serialization.Metadata.JsonPropertyInfo<System.Collections.Generic.List<CommonApiMessage.AggregatesModel.SubOrderMessage.SubOrderMessageItemDeliveryWindowViewModel>>+<>c__DisplayClass10_0
7ffcd43042e8      2         48 System.Text.Json.Serialization.Metadata.JsonPropertyInfo<System.Collections.Generic.List<CommonApiMessage.AggregatesModel.SubOrderMessage.SubOrderMessageItemFulFillmentServiceTypeViewModel>>+<>c__DisplayClass10_0
7ffcd4306280      2         48 System.Text.Json.Serialization.Metadata.JsonTypeInfo<System.Collections.Generic.List<CommonApiMessage.AggregatesModel.SubOrderMessage.SubOrderMessageItemDeliveryWindowViewModel>>+<>c__DisplayClass37_0
7ffcd4306c58      2         48 System.Text.Json.Serialization.Metadata.JsonTypeInfo<CommonApiMessage.AggregatesModel.SubOrderMessage.SubOrderMessageItemDeliveryWindowViewModel>+<>c__DisplayClass37_0
7ffcd4307668      2         48 System.Text.Json.Serialization.Metadata.JsonTypeInfo<System.Collections.Generic.List<CommonApiMessage.AggregatesModel.SubOrderMessage.SubOrderMessageItemFulFillmentServiceTypeViewModel>>+<>c__DisplayClass37_0
7ffcd4308040      2         48 System.Text.Json.Serialization.Metadata.JsonTypeInfo<CommonApiMessage.AggregatesModel.SubOrderMessage.SubOrderMessageItemFulFillmentServiceTypeViewModel>+<>c__DisplayClass37_0
7ffcd430a668      2         48 System.Text.Json.Serialization.Metadata.JsonTypeInfo<System.Collections.Generic.List<CommonApiMessage.AggregatesModel.SubOrderMessage.SubOrderMessageItemRemarkViewModel>>+<>c__DisplayClass37_0
7ffcd430b040      2         48 System.Text.Json.Serialization.Metadata.JsonTypeInfo<CommonApiMessage.AggregatesModel.SubOrderMessage.SubOrderMessageItemRemarkViewModel>+<>c__DisplayClass37_0
7ffcd430b8d8      2         48 System.Text.Json.Serialization.Metadata.JsonTypeInfo<CommonApiMessage.AggregatesModel.SubOrderMessage.SubOrderMessageItemAmountViewModel>+<>c__DisplayClass37_0
7ffcd430d328      2         48 System.Text.Json.Serialization.Metadata.JsonTypeInfo<CommonApiMessage.AggregatesModel.SubOrderMessage.SubOrderMessageItemAmountDetailViewModel>+<>c__DisplayClass37_0
7ffcd430de70      2         48 System.Text.Json.Serialization.Metadata.JsonPropertyInfo<System.Collections.Generic.List<CommonApiMessage.AggregatesModel.SubOrderMessage.SubOrderMessageItemTaxViewModel>>+<>c__DisplayClass9_0
7ffcd430eef0      2         48 System.Text.Json.Serialization.Metadata.JsonTypeInfo<System.Collections.Generic.List<CommonApiMessage.AggregatesModel.SubOrderMessage.SubOrderMessageItemTaxViewModel>>+<>c__DisplayClass37_0
7ffcd430f8c8      2         48 System.Text.Json.Serialization.Metadata.JsonTypeInfo<CommonApiMessage.AggregatesModel.SubOrderMessage.SubOrderMessageItemTaxViewModel>+<>c__DisplayClass37_0
7ffcd4312410      2         48 System.Text.Json.Serialization.Metadata.JsonTypeInfo<System.Collections.Generic.List<CommonApiMessage.AggregatesModel.SubOrderMessage.SubOrderMessageItemPaymentViewModel>>+<>c__DisplayClass37_0
7ffcd4312de8      2         48 System.Text.Json.Serialization.Metadata.JsonTypeInfo<CommonApiMessage.AggregatesModel.SubOrderMessage.SubOrderMessageItemPaymentViewModel>+<>c__DisplayClass37_0
7ffcd43137f8      2         48 System.Text.Json.Serialization.Metadata.JsonTypeInfo<System.Collections.Generic.List<CommonApiMessage.AggregatesModel.SubOrderMessage.SubOrderMessageItemSubBarcodeViewModel>>+<>c__DisplayClass37_0
7ffcd43141d0      2         48 System.Text.Json.Serialization.Metadata.JsonTypeInfo<CommonApiMessage.AggregatesModel.SubOrderMessage.SubOrderMessageItemSubBarcodeViewModel>+<>c__DisplayClass37_0
7ffcd4314be0      2         48 System.Text.Json.Serialization.Metadata.JsonTypeInfo<System.Collections.Generic.List<CommonApiMessage.AggregatesModel.SubOrderMessage.SubOrderMessageItemPromotionsViewModel>>+<>c__DisplayClass37_0
7ffcd43155b8      2         48 System.Text.Json.Serialization.Metadata.JsonTypeInfo<CommonApiMessage.AggregatesModel.SubOrderMessage.SubOrderMessageItemPromotionsViewModel>+<>c__DisplayClass37_0
7ffcd4315fc8      2         48 System.Text.Json.Serialization.Metadata.JsonTypeInfo<System.Collections.Generic.List<CommonApiMessage.AggregatesModel.OrderMessage.OrderMessagePaymentViewModel>>+<>c__DisplayClass37_0
7ffcd43169a0      2         48 System.Text.Json.Serialization.Metadata.JsonTypeInfo<CommonApiMessage.AggregatesModel.OrderMessage.OrderMessagePaymentViewModel>+<>c__DisplayClass37_0
7ffcd43198f8      2         48 System.Text.Json.Serialization.Metadata.JsonPropertyInfo<System.Collections.Generic.List<CommonApiMessage.AggregatesModel.OrderMessage.OrderMessagePaymentTransactionViewModel>>+<>c__DisplayClass10_0
7ffcd431a180      2         48 System.Text.Json.Serialization.Metadata.JsonTypeInfo<System.Collections.Generic.List<CommonApiMessage.AggregatesModel.OrderMessage.OrderMessagePaymentTransactionViewModel>>+<>c__DisplayClass37_0
7ffcd431ab58      2         48 System.Text.Json.Serialization.Metadata.JsonTypeInfo<CommonApiMessage.AggregatesModel.OrderMessage.OrderMessagePaymentTransactionViewModel>+<>c__DisplayClass37_0
7ffcd431b568      2         48 System.Text.Json.Serialization.Metadata.JsonTypeInfo<System.Collections.Generic.List<CommonApiMessage.AggregatesModel.OrderMessage.OrderMessageCustomerViewModel>>+<>c__DisplayClass37_0
7ffcd431bf40      2         48 System.Text.Json.Serialization.Metadata.JsonTypeInfo<CommonApiMessage.AggregatesModel.OrderMessage.OrderMessageCustomerViewModel>+<>c__DisplayClass37_0
7ffcd431c950      2         48 System.Text.Json.Serialization.Metadata.JsonTypeInfo<System.Collections.Generic.List<CommonApiMessage.AggregatesModel.OrderMessage.OrderMessageItemViewModel>>+<>c__DisplayClass37_0
7ffcd431d328      2         48 System.Text.Json.Serialization.Metadata.JsonTypeInfo<CommonApiMessage.AggregatesModel.OrderMessage.OrderMessageItemViewModel>+<>c__DisplayClass37_0
7ffcd4325d58      2         48 System.Text.Json.Serialization.Metadata.JsonPropertyInfo<CommonApiMessage.AggregatesModel.OrderMessage.OrderMessageItemFulFillmentViewModel>+<>c__DisplayClass10_0
7ffcd4326f10      2         48 System.Text.Json.Serialization.Metadata.JsonPropertyInfo<System.Collections.Generic.List<CommonApiMessage.AggregatesModel.OrderMessage.OrderMessageItemRemarkViewModel>>+<>c__DisplayClass10_0
7ffcd43280c8      2         48 System.Text.Json.Serialization.Metadata.JsonPropertyInfo<CommonApiMessage.AggregatesModel.OrderMessage.OrderMessageItemAmountViewModel>+<>c__DisplayClass10_0
7ffcd4329280      2         48 System.Text.Json.Serialization.Metadata.JsonPropertyInfo<System.Collections.Generic.List<CommonApiMessage.AggregatesModel.OrderMessage.OrderMessageItemPaymentViewModel>>+<>c__DisplayClass10_0
7ffcd432a438      2         48 System.Text.Json.Serialization.Metadata.JsonPropertyInfo<System.Collections.Generic.List<CommonApiMessage.AggregatesModel.OrderMessage.OrderMessageSubBarcodeViewModel>>+<>c__DisplayClass10_0
7ffcd432b5f0      2         48 System.Text.Json.Serialization.Metadata.JsonPropertyInfo<CommonApiMessage.AggregatesModel.OrderMessage.OrderMessageItemPromotionViewModel>+<>c__DisplayClass10_0
7ffcd432c7a8      2         48 System.Text.Json.Serialization.Metadata.JsonPropertyInfo<System.Collections.Generic.List<CommonApiMessage.AggregatesModel.OrderMessage.OrderMessageItemPromotionsViewModel>>+<>c__DisplayClass10_0
7ffcd432ceb8      2         48 System.Text.Json.Serialization.Metadata.JsonTypeInfo<CommonApiMessage.AggregatesModel.OrderMessage.OrderMessageItemFulFillmentViewModel>+<>c__DisplayClass37_0
7ffcd432fe10      2         48 System.Text.Json.Serialization.Metadata.JsonPropertyInfo<System.Collections.Generic.List<CommonApiMessage.AggregatesModel.OrderMessage.OrderMessageItemDeliveryWindowViewModel>>+<>c__DisplayClass10_0
7ffcd4332d40      2         48 System.Text.Json.Serialization.Metadata.JsonPropertyInfo<System.Collections.Generic.List<CommonApiMessage.AggregatesModel.OrderMessage.OrderMessageItemFulFillmentServiceTypeViewModel>>+<>c__DisplayClass10_0
7ffcd43335c8      2         48 System.Text.Json.Serialization.Metadata.JsonTypeInfo<System.Collections.Generic.List<CommonApiMessage.AggregatesModel.OrderMessage.OrderMessageItemDeliveryWindowViewModel>>+<>c__DisplayClass37_0
7ffcd4333fa0      2         48 System.Text.Json.Serialization.Metadata.JsonTypeInfo<CommonApiMessage.AggregatesModel.OrderMessage.OrderMessageItemDeliveryWindowViewModel>+<>c__DisplayClass37_0
7ffcd43349b0      2         48 System.Text.Json.Serialization.Metadata.JsonTypeInfo<System.Collections.Generic.List<CommonApiMessage.AggregatesModel.OrderMessage.OrderMessageItemFulFillmentServiceTypeViewModel>>+<>c__DisplayClass37_0
7ffcd4335388      2         48 System.Text.Json.Serialization.Metadata.JsonTypeInfo<CommonApiMessage.AggregatesModel.OrderMessage.OrderMessageItemFulFillmentServiceTypeViewModel>+<>c__DisplayClass37_0
7ffcd4335d98      2         48 System.Text.Json.Serialization.Metadata.JsonTypeInfo<System.Collections.Generic.List<CommonApiMessage.AggregatesModel.OrderMessage.OrderMessageItemRemarkViewModel>>+<>c__DisplayClass37_0
7ffcd4336770      2         48 System.Text.Json.Serialization.Metadata.JsonTypeInfo<CommonApiMessage.AggregatesModel.OrderMessage.OrderMessageItemRemarkViewModel>+<>c__DisplayClass37_0
7ffcd4337008      2         48 System.Text.Json.Serialization.Metadata.JsonTypeInfo<CommonApiMessage.AggregatesModel.OrderMessage.OrderMessageItemAmountViewModel>+<>c__DisplayClass37_0
7ffcd4338a58      2         48 System.Text.Json.Serialization.Metadata.JsonTypeInfo<CommonApiMessage.AggregatesModel.OrderMessage.OrderMessageItemAmountDetailViewModel>+<>c__DisplayClass37_0
7ffcd433b1b8      2         48 System.Text.Json.Serialization.Metadata.JsonPropertyInfo<System.Collections.Generic.List<CommonApiMessage.AggregatesModel.OrderMessage.OrderMessageItemTaxViewModel>>+<>c__DisplayClass9_0
7ffcd433c238      2         48 System.Text.Json.Serialization.Metadata.JsonTypeInfo<System.Collections.Generic.List<CommonApiMessage.AggregatesModel.OrderMessage.OrderMessageItemTaxViewModel>>+<>c__DisplayClass37_0
7ffcd433cc10      2         48 System.Text.Json.Serialization.Metadata.JsonTypeInfo<CommonApiMessage.AggregatesModel.OrderMessage.OrderMessageItemTaxViewModel>+<>c__DisplayClass37_0
7ffcd433d620      2         48 System.Text.Json.Serialization.Metadata.JsonTypeInfo<System.Collections.Generic.List<CommonApiMessage.AggregatesModel.OrderMessage.OrderMessageItemPaymentViewModel>>+<>c__DisplayClass37_0
7ffcd433dff8      2         48 System.Text.Json.Serialization.Metadata.JsonTypeInfo<CommonApiMessage.AggregatesModel.OrderMessage.OrderMessageItemPaymentViewModel>+<>c__DisplayClass37_0
7ffcd433ea08      2         48 System.Text.Json.Serialization.Metadata.JsonTypeInfo<System.Collections.Generic.List<CommonApiMessage.AggregatesModel.OrderMessage.OrderMessageSubBarcodeViewModel>>+<>c__DisplayClass37_0
7ffcd433f3e0      2         48 System.Text.Json.Serialization.Metadata.JsonTypeInfo<CommonApiMessage.AggregatesModel.OrderMessage.OrderMessageSubBarcodeViewModel>+<>c__DisplayClass37_0
7ffcd433fc78      2         48 System.Text.Json.Serialization.Metadata.JsonTypeInfo<CommonApiMessage.AggregatesModel.OrderMessage.OrderMessageItemPromotionViewModel>+<>c__DisplayClass37_0
7ffcd4342410      2         48 System.Text.Json.Serialization.Metadata.JsonTypeInfo<System.Collections.Generic.List<CommonApiMessage.AggregatesModel.OrderMessage.OrderMessageItemPromotionsViewModel>>+<>c__DisplayClass37_0
7ffcd4342de8      2         48 System.Text.Json.Serialization.Metadata.JsonTypeInfo<CommonApiMessage.AggregatesModel.OrderMessage.OrderMessageItemPromotionsViewModel>+<>c__DisplayClass37_0
7ffcd43437f8      2         48 System.Text.Json.Serialization.Metadata.JsonTypeInfo<System.Collections.Generic.List<CommonApiMessage.AggregatesModel.OrderMessage.OrderMessagePromotionViewModel>>+<>c__DisplayClass37_0
7ffcd43441d0      2         48 System.Text.Json.Serialization.Metadata.JsonTypeInfo<CommonApiMessage.AggregatesModel.OrderMessage.OrderMessagePromotionViewModel>+<>c__DisplayClass37_0
7ffcd4345510      2         48 System.Text.Json.Serialization.Metadata.JsonPropertyInfo<CommonApiMessage.AggregatesModel.OrderMessage.OrderMessagePromotionAmountViewModel>+<>c__DisplayClass10_0
7ffcd4347838      2         48 System.Text.Json.Serialization.Metadata.JsonTypeInfo<CommonApiMessage.AggregatesModel.OrderMessage.OrderMessagePromotionAmountViewModel>+<>c__DisplayClass37_0
7ffcd4348248      2         48 System.Text.Json.Serialization.Metadata.JsonTypeInfo<System.Collections.Generic.List<CommonApiMessage.AggregatesModel.SubOrderMessage.SubOrderMessagePromotionViewModel>>+<>c__DisplayClass37_0
7ffcd4348c20      2         48 System.Text.Json.Serialization.Metadata.JsonTypeInfo<CommonApiMessage.AggregatesModel.SubOrderMessage.SubOrderMessagePromotionViewModel>+<>c__DisplayClass37_0
7ffcd4349f60      2         48 System.Text.Json.Serialization.Metadata.JsonPropertyInfo<CommonApiMessage.AggregatesModel.SubOrderMessage.SubOrderMessagePromotionAmountViewModel>+<>c__DisplayClass10_0
7ffcd434a670      2         48 System.Text.Json.Serialization.Metadata.JsonTypeInfo<CommonApiMessage.AggregatesModel.SubOrderMessage.SubOrderMessagePromotionAmountViewModel>+<>c__DisplayClass37_0
7ffcd434cc98      2         48 System.Text.Json.Serialization.Metadata.JsonTypeInfo<System.Collections.Generic.List<CommonApiMessage.AggregatesModel.SubOrderMessage.SubOrderMessageFeeViewModel>>+<>c__DisplayClass37_0
7ffcd434d670      2         48 System.Text.Json.Serialization.Metadata.JsonTypeInfo<CommonApiMessage.AggregatesModel.SubOrderMessage.SubOrderMessageFeeViewModel>+<>c__DisplayClass37_0
7ffcd434e9b0      2         48 System.Text.Json.Serialization.Metadata.JsonPropertyInfo<CommonApiMessage.AggregatesModel.SubOrderMessage.SubOrderMessageFeeAmountViewModel>+<>c__DisplayClass10_0
7ffcd434fb68      2         48 System.Text.Json.Serialization.Metadata.JsonPropertyInfo<System.Collections.Generic.ICollection<CommonApiMessage.AggregatesModel.SubOrderMessage.SubOrderMessageFeePaymentViewModel>>+<>c__DisplayClass10_0
7ffcd4350388      2         48 System.Text.Json.Serialization.Metadata.JsonTypeInfo<CommonApiMessage.AggregatesModel.SubOrderMessage.SubOrderMessageFeeAmountViewModel>+<>c__DisplayClass37_0
7ffcd4350ed0      2         48 System.Text.Json.Serialization.Metadata.JsonPropertyInfo<CommonApiMessage.AggregatesModel.SubOrderMessage.SubOrderMessageFeeAmountDtlViewModel>+<>c__DisplayClass9_0
7ffcd4351dd8      2         48 System.Text.Json.Serialization.Metadata.JsonTypeInfo<CommonApiMessage.AggregatesModel.SubOrderMessage.SubOrderMessageFeeAmountDtlViewModel>+<>c__DisplayClass37_0
7ffcd4354538      2         48 System.Text.Json.Serialization.Metadata.JsonPropertyInfo<System.Collections.Generic.ICollection<CommonApiMessage.AggregatesModel.SubOrderMessage.SubOrderMessageFeeTaxViewModel>>+<>c__DisplayClass9_0
7ffcd43565c8      2         48 System.Text.Json.Serialization.Metadata.JsonTypeInfo<CommonApiMessage.AggregatesModel.SubOrderMessage.SubOrderMessageFeeTaxViewModel>+<>c__DisplayClass37_0
7ffcd4357a70      2         48 System.Text.Json.Serialization.Metadata.JsonTypeInfo<CommonApiMessage.AggregatesModel.SubOrderMessage.SubOrderMessageFeePaymentViewModel>+<>c__DisplayClass37_0
7ffcd43584d8      2         48 System.Text.Json.Serialization.Metadata.JsonTypeInfo<System.Collections.Generic.List<CommonApiMessage.AggregatesModel.Package.PackageInfoMessageViewModel>>+<>c__DisplayClass37_0
7ffcd4358eb0      2         48 System.Text.Json.Serialization.Metadata.JsonTypeInfo<CommonApiMessage.AggregatesModel.Package.PackageInfoMessageViewModel>+<>c__DisplayClass37_0
7ffcd435b4d8      2         48 System.Text.Json.Serialization.Metadata.JsonTypeInfo<System.Collections.Generic.List<CommonApiMessage.AggregatesModel.OrderMessage.OrderMessageAddressViewModel>>+<>c__DisplayClass37_0
7ffcd435beb0      2         48 System.Text.Json.Serialization.Metadata.JsonTypeInfo<CommonApiMessage.AggregatesModel.OrderMessage.OrderMessageAddressViewModel>+<>c__DisplayClass37_0
7ffcd4380250      2         48 System.Text.Json.Serialization.Metadata.JsonTypeInfo<System.Collections.Generic.List<CommonApiMessage.AggregatesModel.Package.PackageTbMessage>>+<>c__DisplayClass37_0
7ffcd4380c28      2         48 System.Text.Json.Serialization.Metadata.JsonTypeInfo<CommonApiMessage.AggregatesModel.Package.PackageTbMessage>+<>c__DisplayClass37_0
7ffcd39f8d10      2         48 <>z__ReadOnlyArray<System.Reflection.MethodInfo>
7ffcd3af8d28      2         48 System.Data.StateChangeEventArgs
7ffcd3b100e0      1         48 Microsoft.Data.SqlClient.ConnectionPool.SqlConnectionPoolGroupProviderInfo
7ffcd3b11668      1         48 Microsoft.Extensions.Logging.LoggerMessage+<>c__DisplayClass10_0<System.Int32>
7ffcd3dcf5f0      1         48 System.Threading.ThreadLocal<System.Collections.Concurrent.ConcurrentBag<Microsoft.Data.SqlClient.SqlRetryLogicBase>+WorkStealingQueue>+IdManager
7ffcd3de5be0      2         48 System.Collections.Concurrent.ConcurrentStack<Microsoft.Data.ProviderBase.DbConnectionInternal>
7ffcd3de80e8      2         48 System.Threading.Semaphore
7ffcd3de95c8      1         48 System.Collections.Concurrent.ConcurrentDictionary<Microsoft.Data.SqlClient.ConnectionPool.DbConnectionPoolIdentity, Microsoft.Data.SqlClient.ConnectionPool.IDbConnectionPool>+Node
7ffcd3e8dab0      1         48 System.Collections.Concurrent.ConcurrentDictionary<System.String, Microsoft.Data.SqlClient.SQLDNSInfo>+Node
7ffcd3eb7648      1         48 Microsoft.Extensions.Logging.LoggerMessage+<>c__DisplayClass18_0<System.String, System.Data.CommandType, System.Int32, System.String, System.String>
7ffcd3eb0ba0      1         48 System.Data.SqlTypes.SqlString
7ffcd3edb970      1         48 Microsoft.Extensions.Logging.LoggerMessage+<>c__DisplayClass20_0<System.String, System.String, System.Data.CommandType, System.Int32, System.String, System.String>
7ffcd3f92db8      1         48 System.Linq.Expressions.Expression3<System.Func<Order.Infrastructure.OrderContext, System.String[], System.String[], System.Linq.IQueryable<Order.Infrastructure.Entities.SubOrderModels.SubOrderModel>>>
7ffcd27c9058      1         48 Microsoft.Extensions.DependencyInjection.ServiceLookup.DynamicServiceProviderEngine+<>c__DisplayClass2_0
7ffcd1b401f0      2         54 System.Globalization.CalendarId[]
7ffcd053f750      1         56 System.Collections.Concurrent.ConcurrentDictionary<System.Guid, System.Collections.Generic.List<Microsoft.DotNet.HotReload.RuntimeManagedCodeUpdate>>+Tables
7ffcd05523c0      1         56 System.Collections.Concurrent.ConcurrentDictionary<System.Reflection.Assembly, System.Reflection.Assembly>+Tables
7ffcd053ab50      1         56 System.AppDomain
7ffcd070c340      1         56 Microsoft.Extensions.DependencyModel.DependencyContext
7ffcd076fc68      1         56 Microsoft.Extensions.Configuration.ConfigurationManager
7ffcd09d3d70      1         56 Microsoft.Extensions.Hosting.HostBuilder+<>c__DisplayClass36_0
7ffcd12da308      1         56 System.Collections.Concurrent.ConcurrentDictionary<System.Type, System.Lazy<Microsoft.AspNetCore.Http.RequestDelegate>>+Tables
7ffcd09cbaf0      1         56 Microsoft.AspNetCore.Hosting.BootstrapHostBuilder
7ffcd0a53f88      1         56 Microsoft.AspNetCore.Hosting.GenericWebHostBuilder
7ffcd0ae5178      1         56 System.Collections.ObjectModel.ObservableCollection<Microsoft.AspNetCore.Routing.EndpointDataSource>
7ffcd05f72a8      1         56 Microsoft.AspNetCore.Builder.ConfigureHostBuilder
7ffcd0b477c0      1         56 System.Collections.Concurrent.ConcurrentDictionary<System.Type, System.ComponentModel.TypeDescriptor+TypeDescriptionNode>+Tables
7ffcd1194c58      1         56 System.Collections.Concurrent.ConcurrentDictionary<System.Reflection.Assembly, System.Collections.Generic.IEnumerable<System.Type>>+Tables
7ffcd1198be8      1         56 System.Collections.Concurrent.ConcurrentDictionary<System.Reflection.PropertyInfo, System.Action<System.Object, System.Object>>+Tables
7ffcd1199500      1         56 System.Collections.Concurrent.ConcurrentDictionary<System.Type, System.Collections.Generic.IReadOnlyList<System.Reflection.PropertyInfo>>+Tables
7ffcd1176078      1         56 System.Collections.Concurrent.ConcurrentDictionary<System.String, Autofac.Core.IReflectionCache>+Tables
7ffcd119a780      1         56 System.Collections.Concurrent.ConcurrentDictionary<System.Type, System.Type>+Tables
7ffcd1199e18      1         56 System.Collections.Concurrent.ConcurrentDictionary<System.Type, System.Reflection.ConstructorInfo[]>+Tables
7ffcd13e4fe8      1         56 Autofac.Core.Resolving.Pipeline.IResolveMiddleware[]
7ffcd19ef928      1         56 System.Xml.Schema.XmlTypeCode[]
7ffcd0ac67a8      1         56 Microsoft.AspNetCore.MemoryPoolMetrics
7ffcd1289bd8      1         56 System.Collections.Concurrent.ConcurrentDictionary<Microsoft.AspNetCore.PinnedBlockMemoryPool, System.UIntPtr>+Tables
7ffcd14672b0      1         56 Microsoft.AspNetCore.Server.Kestrel.Core.Http2Limits
7ffcd127e388      1         56 Microsoft.AspNetCore.Server.Kestrel.Core.Internal.Infrastructure.KestrelTrace
7ffcd127e5f0      1         56 Microsoft.AspNetCore.Server.Kestrel.Core.Internal.Infrastructure.ConnectionManager
7ffcd1283760      1         56 Microsoft.AspNetCore.Server.Kestrel.Core.Internal.Infrastructure.TransportManager
7ffcd148cdd0      1         56 Swashbuckle.AspNetCore.SwaggerUI.SubmitMethod[]
7ffcd14a28b0      1         56 Microsoft.AspNetCore.Builder.ExceptionHandlerOptions
7ffcd12cb818      1         56 System.Collections.Concurrent.ConcurrentDictionary<Microsoft.AspNetCore.Mvc.ModelBinding.ModelBinderFactory+Key, Microsoft.AspNetCore.Mvc.ModelBinding.IModelBinder>+Tables
7ffcd14f9da0      1         56 System.Collections.Concurrent.ConcurrentDictionary<Microsoft.AspNetCore.Mvc.ModelBinding.ModelMetadata, Microsoft.AspNetCore.Mvc.ModelBinding.Validation.ValidatorCache+CacheEntry>+Tables
7ffcd12cf888      1         56 System.Collections.Concurrent.ConcurrentDictionary<System.Type, Microsoft.Extensions.DependencyInjection.ObjectFactory>+Tables
7ffcd0b6db38      1         56 Microsoft.AspNetCore.Mvc.Controllers.ControllerFactoryProvider
7ffcd12de9c8      2         56 Microsoft.AspNetCore.Authorization.IAuthorizationRequirement[]
7ffcd1174b90      1         56 System.Collections.Concurrent.ConcurrentDictionary<Autofac.Core.Service, Autofac.Core.Registration.ServiceRegistrationInfo>+Tables
7ffcd13027a0      1         56 System.Collections.Concurrent.ConcurrentDictionary<System.Linq.Expressions.LambdaExpression, System.String>+Tables
7ffcd2b07b80      1         56 System.Collections.Concurrent.ConcurrentDictionary<AutoMapper.Internal.MapRequest, System.Lazy<System.Delegate>>+Tables
7ffcd2de49a8      1         56 System.Collections.Concurrent.ConcurrentDictionary<AutoMapper.Internal.TypePair, System.Lazy<AutoMapper.TypeMap>>+Tables
7ffcd2dfb8e8      1         56 System.Collections.Concurrent.ConcurrentDictionary<System.Type, MediatR.Wrappers.RequestHandlerBase>+Tables
7ffcd2dfbc70      1         56 System.Collections.Concurrent.ConcurrentDictionary<System.Type, MediatR.Wrappers.NotificationHandlerWrapper>+Tables
7ffcd2dfbff8      1         56 System.Collections.Concurrent.ConcurrentDictionary<System.Type, MediatR.Wrappers.StreamRequestHandlerBase>+Tables
7ffcd2e22058      1         56 System.Collections.Concurrent.ConcurrentDictionary<FluentValidation.Internal.AccessorCache<Order.Business.Mediator.Commands.Order.GetSubOrderCommand>+Key, System.Delegate>+Tables
7ffcd27bd700      1         56 System.Collections.Concurrent.ConcurrentDictionary<Microsoft.Extensions.DependencyInjection.ServiceLookup.ServiceCacheKey, Microsoft.Extensions.DependencyInjection.ServiceLookup.ServiceCallSite>+Tables
7ffcd27baac0      1         56 System.Collections.Concurrent.ConcurrentDictionary<Microsoft.Extensions.DependencyInjection.ServiceLookup.ServiceIdentifier, Microsoft.Extensions.DependencyInjection.ServiceProvider+ServiceAccessor>+Tables
7ffcd2e9f9a8      1         56 System.Collections.Concurrent.ConcurrentDictionary<System.Type, System.Func<Microsoft.EntityFrameworkCore.ChangeTracking.Internal.IStateManager, Microsoft.EntityFrameworkCore.Internal.IDbSetSource, Microsoft.EntityFrameworkCore.Internal.IDbSetCache, Microsoft.EntityFrameworkCore.Metadata.IEntityType, Microsoft.EntityFrameworkCore.Internal.IEntityFinder>>+Tables
7ffcd2ea5128      1         56 System.Collections.Concurrent.ConcurrentDictionary<System.ValueTuple<System.Type, System.Type>, Microsoft.EntityFrameworkCore.Storage.ValueConversion.ValueConverterInfo>+Tables
7ffcd2f55148      1         56 System.Collections.Concurrent.ConcurrentDictionary<System.String, System.Boolean>+Tables
7ffcd12fa970      1         56 System.Collections.Concurrent.ConcurrentDictionary<System.Guid, Microsoft.AspNetCore.DataProtection.KeyManagement.Key>+Tables
7ffcd0e0b168      1         56 Microsoft.AspNetCore.DataProtection.KeyManagement.DefaultKeyResolver
7ffcd0e04be0      1         56 Microsoft.AspNetCore.Mvc.ViewFeatures.CookieTempDataProvider
7ffcd134a010      1         56 System.Collections.Concurrent.ConcurrentDictionary<Microsoft.AspNetCore.Mvc.Razor.RazorPageActivator+CacheKey, Microsoft.AspNetCore.Mvc.Razor.RazorPagePropertyActivator>+Tables
7ffcd0e65298      1         56 Microsoft.AspNetCore.Mvc.Razor.RazorViewEngineOptions
7ffcd12ffd28      1         56 Microsoft.AspNetCore.Mvc.ViewFeatures.HtmlHelperOptions
7ffcd12d5468      1         56 System.Collections.Concurrent.ConcurrentDictionary<Microsoft.AspNetCore.Routing.IEndpointRouteBuilder, Microsoft.AspNetCore.Mvc.Infrastructure.OrderedEndpointsSequenceProvider>+Tables
7ffcd12c41e0      1         56 System.Collections.Concurrent.ConcurrentDictionary<Microsoft.AspNetCore.Mvc.ModelBinding.Metadata.ModelMetadataIdentity, Microsoft.AspNetCore.Mvc.ModelBinding.Metadata.DefaultModelMetadataProvider+ModelMetadataCacheEntry>+Tables
7ffcd1669b48      1         56 Microsoft.AspNetCore.Mvc.ApplicationModels.AttributeRouteModel
7ffcd0b47b48      1         56 System.Collections.Concurrent.ConcurrentDictionary<System.Type, System.Object>+Tables
7ffcd17067f0      1         56 EventBus.RabbitMQ.DefaultRabbitMQPersistentConnection
7ffcd1766918      2         56 RabbitMQ.Client.AmqpTcpEndpoint[]
7ffcd17717a8      1         56 System.Collections.Concurrent.ConcurrentDictionary<System.String, RabbitMQ.Client.Impl.RecordedExchange>+Tables
7ffcd1771b30      1         56 System.Collections.Concurrent.ConcurrentDictionary<System.String, RabbitMQ.Client.Impl.RecordedQueue>+Tables
7ffcd1803c78      1         56 System.Collections.Concurrent.ConcurrentDictionary<System.Net.Security.SslSessionsCache+SslCredKey, System.Net.Security.SafeCredentialReference>+Tables
7ffcd17b11c0      1         56 System.Runtime.ExceptionServices.ExceptionDispatchInfo
7ffcd180a870      1         56 System.Net.Security.SafeDeleteSslContext
7ffcd1837ee0      1         56 RabbitMQ.Client.Impl.AsyncConsumerWorkService
7ffcd1839c08      1         56 System.Collections.Concurrent.ConcurrentDictionary<RabbitMQ.Client.IModel, RabbitMQ.Client.Impl.AsyncConsumerWorkService+WorkPool>+Tables
7ffcd183ac58      1         56 System.Collections.Concurrent.ConcurrentDictionary<RabbitMQ.Client.IModel, RabbitMQ.Client.Impl.ConsumerWorkService+WorkPool>+Tables
7ffcd1882d88      1         56 System.Collections.Concurrent.ConcurrentDictionary<System.String, Microsoft.Extensions.Logging.LogValuesFormatter>+Tables
7ffcd18486c8      1         56 RabbitMQ.Client.Impl.IncomingCommand
7ffcd1402708      1         56 System.Collections.Concurrent.ConcurrentDictionary<System.Type, System.ValueTuple<System.Type, System.Type, System.Func<System.Int32, System.Collections.IList>>>+Tables
7ffcd197b118      1         56 System.Collections.Concurrent.ConcurrentDictionary<System.String, System.Lazy<Microsoft.Extensions.Diagnostics.Metrics.MetricsOptions>>+Tables
7ffcd1978b50      1         56 System.Collections.Concurrent.ConcurrentDictionary<System.String, System.Lazy<Microsoft.Extensions.DependencyInjection.MetricsServiceExtensions+NoOpOptions>>+Tables
7ffcd19e2f20      1         56 System.Text.CodePageDataItem
7ffcd1198020      1         56 System.Collections.Concurrent.ConcurrentDictionary<System.Reflection.ConstructorInfo, System.Func<System.Object[], System.Object>>+Tables
7ffcd1ad2938      1         56 Microsoft.AspNetCore.Authorization.AuthorizationMiddlewareInternal
7ffcd1b31630      1         56 System.Collections.Concurrent.ConcurrentDictionary<Microsoft.AspNetCore.Http.Endpoint, Microsoft.AspNetCore.Authorization.AuthorizationPolicy>+Tables
7ffcd1b37de8      1         56 System.Collections.Concurrent.ConcurrentDictionary<System.String, System.Lazy<Microsoft.AspNetCore.HostFiltering.HostFilteringOptions>>+Tables
7ffcd1ab4ec8      1         56 System.Collections.Concurrent.ConcurrentDictionary<System.Type, Microsoft.Extensions.DependencyInjection.ActivatorUtilities+ConstructorInfoEx[]>+Tables
7ffcd1b3bac0      1         56 System.Net.Http.SocketsHttpHandler
7ffcd0c35eb8      1         56 Microsoft.AspNetCore.Mvc.ApiExplorer.DefaultApiDescriptionProvider
7ffcd1bb2550      1         56 System.Text.Json.Serialization.Converters.BooleanConverter
7ffcd1bb31a8      1         56 System.Text.Json.Serialization.Converters.ByteConverter
7ffcd1bb3420      1         56 System.Text.Json.Serialization.Converters.ByteArrayConverter
7ffcd1bb4208      1         56 System.Text.Json.Serialization.Converters.CharConverter
7ffcd1bb46b8      1         56 System.Text.Json.Serialization.Converters.DateTimeConverter
7ffcd1bb52f0      1         56 System.Text.Json.Serialization.Converters.DateTimeOffsetConverter
7ffcd1bb5f38      1         56 System.Text.Json.Serialization.Converters.DateOnlyConverter
7ffcd1bb6b80      1         56 System.Text.Json.Serialization.Converters.TimeOnlyConverter
7ffcd1bb7898      1         56 System.Text.Json.Serialization.Converters.HalfConverter
7ffcd1bb8510      1         56 System.Text.Json.Serialization.Converters.DoubleConverter
7ffcd1bb9178      1         56 System.Text.Json.Serialization.Converters.DecimalConverter
7ffcd1bb9dc0      1         56 System.Text.Json.Serialization.Converters.GuidConverter
7ffcd1bbaa18      1         56 System.Text.Json.Serialization.Converters.Int16Converter
7ffcd1bbb680      1         56 System.Text.Json.Serialization.Converters.Int32Converter
7ffcd1bbc2e8      1         56 System.Text.Json.Serialization.Converters.Int64Converter
7ffcd1bbcc88      1         56 System.Text.Json.Serialization.Converters.JsonElementConverter
7ffcd1bbcf00      1         56 System.Text.Json.Serialization.Converters.JsonDocumentConverter
7ffcd1bbd9e0      1         56 System.Text.Json.Serialization.Converters.MemoryByteConverter
7ffcd1bbe390      1         56 System.Text.Json.Serialization.Converters.ReadOnlyMemoryByteConverter
7ffcd1bbe600      1         56 System.Text.Json.Serialization.Converters.DefaultObjectConverter
7ffcd1bbf1f0      1         56 System.Text.Json.Serialization.Converters.SByteConverter
7ffcd1bbfe58      1         56 System.Text.Json.Serialization.Converters.SingleConverter
7ffcd1bc0318      1         56 System.Text.Json.Serialization.Converters.StringConverter
7ffcd1bc11c0      1         56 System.Text.Json.Serialization.Converters.TimeSpanConverter
7ffcd1bc1e18      1         56 System.Text.Json.Serialization.Converters.UInt16Converter
7ffcd1bc2a80      1         56 System.Text.Json.Serialization.Converters.UInt32Converter
7ffcd1bc36e8      1         56 System.Text.Json.Serialization.Converters.UInt64Converter
7ffcd1bc43b0      1         56 System.Text.Json.Serialization.Converters.Int128Converter
7ffcd1bc5088      1         56 System.Text.Json.Serialization.Converters.UInt128Converter
7ffcd1bc5360      1         56 System.Text.Json.Serialization.Converters.UriConverter
7ffcd1bc5888      1         56 System.Text.Json.Serialization.Converters.VersionConverter
7ffcd1c11350      1         56 System.Text.Json.Serialization.Metadata.ReflectionEmitCachingMemberAccessor+Cache<System.ValueTuple<System.String, System.Type, System.Reflection.MemberInfo>>
7ffcd1cd1a90      1         56 System.Collections.Concurrent.ConcurrentDictionary<System.Text.RegularExpressions.RegexCache+Key, System.Text.RegularExpressions.RegexCache+Node>+Tables
7ffcd1d35be0      1         56 System.Text.Json.Serialization.Converters.ObjectDefaultConverter<System.Enum>
7ffcd1d36978      1         56 System.Text.Json.Serialization.Converters.ObjectDefaultConverter<System.ValueType>
7ffcd1d371c8      1         56 System.Text.Json.Serialization.Converters.ObjectDefaultConverter<System.IComparable>
7ffcd1d392b8      1         56 System.Text.Json.Serialization.Converters.ObjectDefaultConverter<System.ISpanFormattable>
7ffcd1d3a4c0      1         56 System.Text.Json.Serialization.Converters.ObjectDefaultConverter<System.IFormattable>
7ffcd1d3ad10      1         56 System.Text.Json.Serialization.Converters.ObjectDefaultConverter<System.IConvertible>
7ffcd1f24dc8      1         56 System.Collections.Concurrent.ConcurrentDictionary<System.Net.Http.HttpConnectionPoolManager+HttpConnectionKey, System.Net.Http.HttpConnectionPool>+Tables
7ffcd1f29f50      1         56 System.Collections.Concurrent.ConcurrentDictionary<System.Uri, System.Int64>+Tables
7ffcd1f2b050      1         56 System.Threading.PortableThreadPool+WaitThread
7ffcd1f2f838      1         56 System.Net.Http.Headers.HeaderDescriptor[]
7ffcd1f8d2d8      1         56 System.Text.Json.Serialization.Converters.ObjectDefaultConverter<Swashbuckle.AspNetCore.SwaggerUI.ConfigObject>
7ffcd1fbcdf0      1         56 System.Text.Json.Serialization.Converters.ObjectDefaultConverter<Swashbuckle.AspNetCore.SwaggerUI.UrlDescriptor>
7ffcd1fd2a18      1         56 System.Text.Json.Serialization.Converters.ObjectDefaultConverter<Swashbuckle.AspNetCore.SwaggerUI.OAuthConfigObject>
7ffcd1fd8790      1         56 System.Text.Json.Serialization.Converters.ObjectDefaultConverter<Swashbuckle.AspNetCore.SwaggerUI.InterceptorFunctions>
7ffcd2630618      1         56 System.Collections.Concurrent.ConcurrentDictionary<Microsoft.AspNetCore.Mvc.Abstractions.ActionDescriptor, Microsoft.AspNetCore.Mvc.ActionConstraints.ActionConstraintCache+CacheEntry>+Tables
7ffcd2631148      1         56 System.Collections.Concurrent.ConcurrentDictionary<Microsoft.AspNetCore.Mvc.Abstractions.ActionDescriptor, Microsoft.AspNetCore.Mvc.ActionConstraints.ActionConstraintCache+CacheEntry>+Node
7ffcd25ddc10      1         56 Microsoft.Extensions.ObjectPool.DefaultObjectPool<Microsoft.AspNetCore.Routing.UriBuildingContext>
7ffcd12bdca0      2         56 Microsoft.Extensions.Internal.PropertyActivator<Microsoft.AspNetCore.Mvc.ControllerContext>[]
7ffcd263ee60      1         56 Microsoft.AspNetCore.Mvc.Controllers.ControllerBinderDelegateProvider+<>c__DisplayClass0_0
7ffcd263f200      1         56 Microsoft.AspNetCore.Mvc.Controllers.ControllerBinderDelegateProvider+BinderItem[]
7ffcd26e9050      1         56 System.Collections.Concurrent.ConcurrentDictionary<Microsoft.EntityFrameworkCore.Infrastructure.IDbContextOptions, System.ValueTuple<System.IServiceProvider, System.Collections.Generic.IDictionary<System.String, System.String>>>+Tables
7ffcd27af9b8      1         56 Microsoft.Extensions.DependencyInjection.ServiceLookup.CallSiteFactory
7ffcd27cdd68      1         56 System.Collections.Concurrent.ConcurrentDictionary<Microsoft.EntityFrameworkCore.Infrastructure.IDbContextOptions, System.ValueTuple<System.IServiceProvider, System.Collections.Generic.IDictionary<System.String, System.String>>>+Node
7ffcd27cea70      1         56 System.Collections.Concurrent.ConcurrentDictionary<System.Type, System.Collections.Generic.IReadOnlyList<Microsoft.EntityFrameworkCore.Infrastructure.DbSetProperty>>+Tables
7ffcd27cfb00      1         56 System.Collections.Concurrent.ConcurrentDictionary<System.ValueTuple<System.Type, System.String>, System.Func<Microsoft.EntityFrameworkCore.DbContext, System.String, System.Object>>+Tables
7ffcd3272978      1         56 Microsoft.EntityFrameworkCore.Diagnostics.EventDefinition<System.String, System.String, System.String>
7ffcd2f52b58      1         56 System.Collections.Concurrent.ConcurrentDictionary<System.ValueTuple<Microsoft.EntityFrameworkCore.Storage.RelationalTypeMappingInfo, System.Type, Microsoft.EntityFrameworkCore.Storage.ValueConversion.ValueConverter, Microsoft.EntityFrameworkCore.Storage.CoreTypeMapping>, Microsoft.EntityFrameworkCore.Storage.RelationalTypeMapping>+Tables
7ffcd3788270      1         56 System.Collections.Concurrent.ConcurrentDictionary<System.Type, Microsoft.EntityFrameworkCore.Metadata.RuntimeEntityType>+Tables
7ffcd37fa978      1         56 System.Collections.Concurrent.ConcurrentDictionary<System.String, Microsoft.EntityFrameworkCore.SqlServer.ValueGeneration.Internal.SqlServerSequenceValueGeneratorState>+Tables
7ffcd37fd720      1         56 System.Collections.Concurrent.ConcurrentDictionary<Microsoft.EntityFrameworkCore.ValueGeneration.ValueGeneratorCache+CacheKey, Microsoft.EntityFrameworkCore.ValueGeneration.ValueGenerator>+Tables
7ffcd37ff2b0      1         56 Microsoft.EntityFrameworkCore.Diagnostics.EventDefinition<System.String, System.String, System.String, System.String, System.String>
7ffcd1c15d28      1         56 System.Collections.Concurrent.ConcurrentDictionary<System.ValueTuple<System.String, System.Type, System.Reflection.MemberInfo>, System.Text.Json.Serialization.Metadata.ReflectionEmitCachingMemberAccessor+Cache<System.ValueTuple<System.String, System.Type, System.Reflection.MemberInfo>>+CacheEntry>+Tables
7ffcd27b9ec0      1         56 System.Collections.Concurrent.ConcurrentDictionary<Microsoft.Extensions.DependencyInjection.ServiceLookup.ServiceCacheKey, Microsoft.Extensions.DependencyInjection.ServiceLookup.ILEmitResolverBuilder+GeneratedMethod>+Tables
7ffcd3a73f00      1         56 System.Collections.Concurrent.ConcurrentDictionary<System.Type, System.Reflection.ConstructorInfo>+Tables
7ffcd27bdab8      1         56 System.Collections.Concurrent.ConcurrentDictionary<Microsoft.Extensions.DependencyInjection.ServiceLookup.ServiceIdentifier, System.Object>+Tables
7ffcd3a94bc8      1         56 System.Runtime.CompilerServices.ConditionalWeakTable<System.Transactions.ContextKey, System.Transactions.ContextData>+Container
7ffcd3af3568      1         56 System.Collections.Concurrent.ConcurrentDictionary<System.String, System.Collections.Generic.IList<System.String>>+Tables
7ffcd3af2b38      1         56 Microsoft.Data.SqlClient.SqlConnectionFactory
7ffcd3affee0      1         56 System.Collections.Concurrent.ConcurrentDictionary<Microsoft.Data.SqlClient.ConnectionPool.DbConnectionPoolIdentity, Microsoft.Data.SqlClient.ConnectionPool.IDbConnectionPool>+Tables
7ffcd3b10a20      1         56 Microsoft.EntityFrameworkCore.Diagnostics.EventDefinition<System.Int32>
7ffcd3d94af8      1         56 System.Configuration.ClientConfigurationHost
7ffcd3d96c98      1         56 System.Threading.ReaderWriterLock
7ffcd3dc7df0      1         56 System.Collections.Concurrent.ConcurrentDictionary<System.ValueTuple<System.String, Interop+BCrypt+BCryptOpenAlgorithmProviderFlags>, System.ValueTuple<Microsoft.Win32.SafeHandles.SafeBCryptAlgorithmHandle, System.Int32>>+Tables
7ffcd3dc8630      1         56 System.Collections.Concurrent.ConcurrentDictionary<System.ValueTuple<System.String, Interop+BCrypt+BCryptOpenAlgorithmProviderFlags>, System.Boolean>+Tables
7ffcd3de64f8      1         56 Microsoft.Data.SqlClient.ConnectionPool.WaitHandleDbConnectionPool+PoolWaitHandles
7ffcd3de88e8      1         56 System.Collections.Concurrent.ConcurrentDictionary<Microsoft.Data.SqlClient.ConnectionPool.DbConnectionPoolAuthenticationContextKey, Microsoft.Data.SqlClient.ConnectionPool.DbConnectionPoolAuthenticationContext>+Tables
7ffcd3e2b1f0      1         56 System.Collections.Concurrent.ConcurrentDictionary<System.String, Microsoft.Data.SqlClient.SQLDNSInfo>+Tables
7ffcd3eb6510      1         56 Microsoft.EntityFrameworkCore.Diagnostics.EventDefinition<System.String, System.Data.CommandType, System.Int32, System.String, System.String>
7ffcd3eda0b8      1         56 Microsoft.EntityFrameworkCore.Diagnostics.EventDefinition<System.String, System.String, System.Data.CommandType, System.Int32, System.String, System.String>
7ffcd04f84e0      1         64 System.Action<System.Int32, System.String>
7ffcd0539ed8      1         64 Microsoft.DotNet.HotReload.HotReloadAgent+ApplyUpdateDelegate
7ffcd053acc8      1         64 System.AssemblyLoadEventHandler
7ffcd04f77a8      1         64 Microsoft.DotNet.HotReload.PipeListener
7ffcd059f590      1         64 System.Func<System.Boolean>
7ffcd0673158      1         64 System.Action<System.Action>
7ffcd068c9a0      1         64 System.Action<Microsoft.Extensions.Primitives.CancellationChangeToken>
7ffcd0701218      1         64 System.Action<Microsoft.Extensions.Configuration.ConfigurationReloadToken>
7ffcd0720730      1         64 System.Func<Microsoft.Extensions.DependencyModel.IDependencyContextReader>
7ffcd072ac00      1         64 System.Func<Microsoft.Extensions.DependencyModel.DependencyContextJsonReader+Target, System.Boolean>
7ffcd0738928      1         64 System.Func<Microsoft.Extensions.DependencyModel.DependencyContextJsonReader+RuntimeTargetEntryStub, System.String>
7ffcd078c138      1         64 System.Func<Microsoft.Extensions.DependencyModel.RuntimeLibrary, System.Boolean>
7ffcd078c838      1         64 System.Func<Microsoft.Extensions.DependencyModel.RuntimeLibrary, System.Reflection.AssemblyName, <>f__AnonymousType0<Microsoft.Extensions.DependencyModel.RuntimeLibrary, System.Reflection.AssemblyName>>
7ffcd078cbe0      1         64 System.Func<<>f__AnonymousType0<Microsoft.Extensions.DependencyModel.RuntimeLibrary, System.Reflection.AssemblyName>, System.Reflection.AssemblyName>
7ffcd078f0d0      1         64 System.Func<Microsoft.Extensions.DependencyModel.Dependency, System.Boolean>
7ffcd07a4408      1         64 System.Func<Microsoft.Extensions.DependencyModel.RuntimeFile, System.String>
7ffcd07a2f20      1         64 System.Func<System.String, System.Reflection.AssemblyName>
7ffcd07aab00      1         64 System.Func<System.String, System.Collections.Generic.IEnumerable<System.String>>
7ffcd07ab088      1         64 System.Func<System.String, System.String, <>f__AnonymousType1<System.String, System.String>>
7ffcd07ab6b0      1         64 System.Func<<>f__AnonymousType1<System.String, System.String>, <>f__AnonymousType2<<>f__AnonymousType1<System.String, System.String>, System.String>>
7ffcd07abe90      1         64 System.Func<<>f__AnonymousType2<<>f__AnonymousType1<System.String, System.String>, System.String>, <>f__AnonymousType3<<>f__AnonymousType2<<>f__AnonymousType1<System.String, System.String>, System.String>, System.Reflection.AssemblyName>>
7ffcd07ac038      1         64 System.Func<<>f__AnonymousType3<<>f__AnonymousType2<<>f__AnonymousType1<System.String, System.String>, System.String>, System.Reflection.AssemblyName>, System.Boolean>
7ffcd07ac1d8      1         64 System.Func<<>f__AnonymousType3<<>f__AnonymousType2<<>f__AnonymousType1<System.String, System.String>, System.String>, System.Reflection.AssemblyName>, System.Reflection.AssemblyName>
7ffcd07af3a0      1         64 System.IO.Enumeration.FileSystemEnumerable<System.String>+FindTransform
7ffcd0818f80      1         64 System.Action<Serilog.Configuration.LoggerMinimumLevelConfiguration, Serilog.Core.LoggingLevelSwitch>
7ffcd0840c40      1         64 System.Collections.Generic.HashSet<System.RuntimeType>
7ffcd0844b78      1         64 System.Func<Microsoft.Extensions.Configuration.IConfigurationSection, <>f__AnonymousType4<System.String, System.Collections.Generic.Dictionary<System.String, Serilog.Settings.Configuration.ConfigurationArgumentValue>>>
7ffcd08451b8      1         64 System.Func<Microsoft.Extensions.Configuration.IConfigurationSection, <>f__AnonymousType5<Microsoft.Extensions.Configuration.IConfigurationSection, System.String>>
7ffcd08459a0      1         64 System.Func<<>f__AnonymousType6<<>f__AnonymousType5<Microsoft.Extensions.Configuration.IConfigurationSection, System.String>, System.Collections.Generic.Dictionary<System.String, Serilog.Settings.Configuration.ConfigurationArgumentValue>>, <>f__AnonymousType4<System.String, System.Collections.Generic.Dictionary<System.String, Serilog.Settings.Configuration.ConfigurationArgumentValue>>>
7ffcd0845bd0      1         64 System.Func<<>f__AnonymousType4<System.String, System.Collections.Generic.Dictionary<System.String, Serilog.Settings.Configuration.ConfigurationArgumentValue>>, System.String>
7ffcd0845cc0      1         64 System.Func<<>f__AnonymousType4<System.String, System.Collections.Generic.Dictionary<System.String, Serilog.Settings.Configuration.ConfigurationArgumentValue>>, System.Collections.Generic.Dictionary<System.String, Serilog.Settings.Configuration.ConfigurationArgumentValue>>
7ffcd084d418      1         64 System.Func<System.Reflection.TypeInfo, System.Collections.Generic.IEnumerable<System.Reflection.MethodInfo>>
7ffcd084fd50      1         64 System.Func<System.Type, System.Reflection.TypeInfo>
7ffcd0902958      1         64 System.Func<System.Linq.IGrouping<System.String, System.Collections.Generic.Dictionary<System.String, Serilog.Settings.Configuration.ConfigurationArgumentValue>>, System.Collections.Generic.IEnumerable<<>f__AnonymousType8<System.String, System.Collections.Generic.Dictionary<System.String, Serilog.Settings.Configuration.ConfigurationArgumentValue>>>>
7ffcd0907448      1         64 System.Func<System.Reflection.MethodInfo, System.String>
7ffcd0912ca8      1         64 System.Func<<>f__AnonymousType7<System.String, Serilog.Settings.Configuration.ConfigurationArgumentValue>, System.String>
7ffcd0912d98      1         64 System.Func<<>f__AnonymousType7<System.String, Serilog.Settings.Configuration.ConfigurationArgumentValue>, Serilog.Settings.Configuration.ConfigurationArgumentValue>
7ffcd09375a8      1         64 System.Comparison<System.ValueTuple<System.Char, System.Char>>
7ffcd091bc80      1         64 System.Func<System.Collections.Generic.KeyValuePair<System.Type, System.Func<System.String, System.Object>>, System.Func<System.String, System.Object>>
7ffcd0851938      2         64 Serilog.Formatting.Display.MessageTemplateTextFormatter
7ffcd0919e78      2         64 Serilog.Core.Sinks.OptionalInterfaceForwardingSink
7ffcd0992d70      1         64 System.Func<System.Collections.Generic.KeyValuePair<Serilog.Sinks.SystemConsole.Themes.ConsoleThemeStyle, Serilog.Sinks.SystemConsole.Themes.SystemConsoleThemeStyle>, Serilog.Sinks.SystemConsole.Themes.ConsoleThemeStyle>
7ffcd0992f10      1         64 System.Func<System.Collections.Generic.KeyValuePair<Serilog.Sinks.SystemConsole.Themes.ConsoleThemeStyle, Serilog.Sinks.SystemConsole.Themes.SystemConsoleThemeStyle>, Serilog.Sinks.SystemConsole.Themes.SystemConsoleThemeStyle>
7ffcd099e778      2         64 Serilog.Sinks.SystemConsole.Output.LevelTokenRenderer
7ffcd099e630      2         64 Serilog.Sinks.SystemConsole.Output.NewLineTokenRenderer
7ffcd09b0df0      1         64 System.Func<Serilog.Core.ILogEventSink, System.Boolean>
7ffcd098baf8      2         64 Serilog.Core.Sinks.SecondaryLoggerSink
7ffcd09b5d40      1         64 System.Func<System.Collections.Generic.KeyValuePair<System.String, Serilog.Core.LoggingLevelSwitch>, System.String>
7ffcd09b6318      1         64 System.Func<System.Collections.Generic.KeyValuePair<System.String, Serilog.Core.LoggingLevelSwitch>, Serilog.Core.LevelOverrideMap+LevelOverride>
7ffcd09c1f70      1         64 System.Func<System.Collections.Generic.KeyValuePair<System.String, Serilog.Core.LoggingLevelSwitch>, System.Collections.Generic.KeyValuePair<System.String, Serilog.Core.LoggingLevelSwitch>>
7ffcd05f0fa0      1         64 Microsoft.AspNetCore.Builder.WebApplicationBuilder
7ffcd09d3ee0      1         64 System.Func<System.IServiceProvider, Microsoft.Extensions.Configuration.IConfiguration>
7ffcd09d3fd0      1         64 System.Func<System.IServiceProvider, Microsoft.Extensions.Hosting.IApplicationLifetime>
7ffcd09d40c0      1         64 System.Func<System.IServiceProvider, Microsoft.Extensions.Hosting.IHost>
7ffcd09d3e00      1         64 System.Action<Microsoft.Extensions.Hosting.HostOptions>
7ffcd09d7610      1         64 System.Action<Microsoft.Extensions.Logging.ILoggingBuilder>
7ffcd146e7a8      2         64 System.Collections.Generic.List<System.Func<Microsoft.AspNetCore.Http.RequestDelegate, Microsoft.AspNetCore.Http.RequestDelegate>>
7ffcd1c26c00      1         64 System.Func<System.ValueTuple<System.String, System.Type, System.Reflection.MemberInfo>, System.Func<System.ValueTuple<System.String, System.Type, System.Reflection.MemberInfo>, System.Func<System.Object, System.String>>, System.Text.Json.Serialization.Metadata.ReflectionEmitCachingMemberAccessor+Cache<System.ValueTuple<System.String, System.Type, System.Reflection.MemberInfo>>+CacheEntry>
7ffcd1c29588      1         64 System.Func<System.ValueTuple<System.String, System.Type, System.Reflection.MemberInfo>, System.Func<System.ValueTuple<System.String, System.Type, System.Reflection.MemberInfo>, System.Action<System.Object, System.String>>, System.Text.Json.Serialization.Metadata.ReflectionEmitCachingMemberAccessor+Cache<System.ValueTuple<System.String, System.Type, System.Reflection.MemberInfo>>+CacheEntry>
7ffcd0a10af0      1         64 System.Func<Microsoft.Extensions.Logging.LogLevel, System.Boolean>
7ffcd1c2e5b8      1         64 System.Func<System.ValueTuple<System.String, System.Type, System.Reflection.MemberInfo>, System.Func<System.ValueTuple<System.String, System.Type, System.Reflection.MemberInfo>, System.Func<System.Object, System.Int32>>, System.Text.Json.Serialization.Metadata.ReflectionEmitCachingMemberAccessor+Cache<System.ValueTuple<System.String, System.Type, System.Reflection.MemberInfo>>+CacheEntry>
7ffcd1c2fdc0      1         64 System.Func<System.ValueTuple<System.String, System.Type, System.Reflection.MemberInfo>, System.Func<System.ValueTuple<System.String, System.Type, System.Reflection.MemberInfo>, System.Func<System.Object, System.Collections.Generic.IReadOnlyList<Microsoft.WebTools.ApiEndpointDiscovery.Contracts.EndpointParameter>>>, System.Text.Json.Serialization.Metadata.ReflectionEmitCachingMemberAccessor+Cache<System.ValueTuple<System.String, System.Type, System.Reflection.MemberInfo>>+CacheEntry>
7ffcd1c505e8      1         64 System.Func<System.ValueTuple<System.String, System.Type, System.Reflection.MemberInfo>, System.Func<System.ValueTuple<System.String, System.Type, System.Reflection.MemberInfo>, System.Action<System.Object, System.Collections.Generic.IReadOnlyList<Microsoft.WebTools.ApiEndpointDiscovery.Contracts.EndpointParameter>>>, System.Text.Json.Serialization.Metadata.ReflectionEmitCachingMemberAccessor+Cache<System.ValueTuple<System.String, System.Type, System.Reflection.MemberInfo>>+CacheEntry>
7ffcd0a10978      1         64 System.Action<Microsoft.Extensions.Logging.LoggerFactoryOptions>
7ffcd09cc348      1         64 System.Action<Microsoft.Extensions.Hosting.WebHostBuilderOptions>
7ffcd0a53710      1         64 System.Func<Microsoft.Extensions.Hosting.IHostBuilder, Microsoft.Extensions.Hosting.WebHostBuilderOptions, Microsoft.AspNetCore.Hosting.IWebHostBuilder>
7ffcd0a51af0      1         64 System.Action<Microsoft.Extensions.Configuration.IConfigurationBuilder>
7ffcd0a55718      1         64 System.Action<Microsoft.AspNetCore.Hosting.WebHostBuilderContext, Microsoft.Extensions.Configuration.IConfigurationBuilder>
7ffcd0a55628      1         64 System.Action<Microsoft.AspNetCore.Hosting.WebHostBuilderContext, Microsoft.AspNetCore.Server.Kestrel.Core.KestrelServerOptions>
7ffcd0a56c98      1         64 System.Action<Microsoft.AspNetCore.Server.Kestrel.Transport.Quic.QuicTransportOptions>
7ffcd0a59350      1         64 System.Func<System.Net.Quic.MsQuicApi>
7ffcd0aaa1a8      1         64 System.Action<Microsoft.AspNetCore.Hosting.WebHostBuilderContext, Microsoft.AspNetCore.Builder.IApplicationBuilder>
7ffcd0aaea80      1         64 Microsoft.AspNetCore.Hosting.HostingEnvironment
7ffcd0ac1ef8      2         64 Microsoft.Extensions.Options.ConfigureNamedOptions<Microsoft.AspNetCore.Hosting.GenericWebHostServiceOptions>
7ffcd0ac1d70      1         64 System.Func<System.IServiceProvider, System.Diagnostics.DiagnosticListener>
7ffcd0ac1b90      1         64 System.Func<System.IServiceProvider, System.Diagnostics.ActivitySource>
7ffcd0ac54c0      1         64 System.Action<Microsoft.AspNetCore.Server.Kestrel.Transport.Sockets.SocketTransportOptions, Microsoft.AspNetCore.Connections.IMemoryPoolFactory<System.Byte>>
7ffcd0ac5950      1         64 System.Func<System.IServiceProvider, Microsoft.Extensions.Options.IConfigureOptions<Microsoft.AspNetCore.Server.Kestrel.Transport.Sockets.SocketTransportOptions>>
7ffcd0ac7a50      1         64 System.Func<System.IServiceProvider, Microsoft.AspNetCore.Server.Kestrel.Core.Internal.PinnedBlockMemoryPoolFactory>
7ffcd0ac7b40      1         64 System.Func<System.IServiceProvider, Microsoft.AspNetCore.Connections.IMemoryPoolFactory<System.Byte>>
7ffcd0ac9060      1         64 System.Action<Microsoft.AspNetCore.Server.Kestrel.Transport.NamedPipes.NamedPipeTransportOptions, Microsoft.AspNetCore.Connections.IMemoryPoolFactory<System.Byte>>
7ffcd0ac94f0      1         64 System.Func<System.IServiceProvider, Microsoft.Extensions.Options.IConfigureOptions<Microsoft.AspNetCore.Server.Kestrel.Transport.NamedPipes.NamedPipeTransportOptions>>
7ffcd0aca0b0      1         64 System.Action<Microsoft.AspNetCore.Server.Kestrel.Core.KestrelServerOptions>
7ffcd0ae60d8      1         64 System.Func<System.IServiceProvider, Microsoft.Extensions.ObjectPool.ObjectPool<Microsoft.AspNetCore.Routing.UriBuildingContext>>
7ffcd0ae5ef8      1         64 System.Func<System.IServiceProvider, Microsoft.AspNetCore.Routing.Tree.TreeRouteBuilder>
7ffcd0ae5d18      1         64 System.Func<System.IServiceProvider, Microsoft.Extensions.DependencyInjection.ConfigureRouteOptions>
7ffcd0ae5e08      1         64 System.Func<System.IServiceProvider, Microsoft.AspNetCore.Routing.EndpointDataSource>
7ffcd0ae5fe8      1         64 System.Func<System.IServiceProvider, Microsoft.AspNetCore.Routing.Matching.EndpointMetadataComparer>
7ffcd0b4a4d0      1         64 System.Func<System.Collections.Hashtable>
7ffcd0b4d488      1         64 System.Func<System.Collections.Generic.Dictionary<System.Object, System.ComponentModel.ReflectTypeDescriptionProvider+IntrinsicTypeConverterData>>
7ffcd0b610f0      1         64 System.Func<Microsoft.AspNetCore.Mvc.ApplicationParts.ApplicationPartAttribute, System.Reflection.Assembly>
7ffcd0b612d0      1         64 System.Func<System.Reflection.Assembly, System.Collections.Generic.IEnumerable<System.Reflection.Assembly>>
7ffcd0b65830      1         64 System.Func<System.Reflection.Assembly, System.Reflection.Assembly>
7ffcd0c34eb8      1         64 System.Func<System.IServiceProvider, Microsoft.AspNetCore.Mvc.ModelBinding.Metadata.ICompositeMetadataDetailsProvider>
7ffcd0c34dc8      1         64 System.Func<System.IServiceProvider, Microsoft.AspNetCore.Mvc.ModelBinding.Validation.IObjectModelValidator>
7ffcd0c3d958      2         64 Microsoft.Extensions.Options.ConfigureNamedOptions<Microsoft.AspNetCore.Mvc.JsonOptions>
7ffcd0aee0e0      1         64 System.Action<Microsoft.AspNetCore.Cors.Infrastructure.CorsOptions>
7ffcd0c3e1d8      1         64 System.Func<System.Type, System.Reflection.Assembly>
7ffcd0c3ed08      1         64 System.Func<System.IServiceProvider, AutoMapper.IConfigurationProvider>
7ffcd0d5f190      1         64 System.Action<Swashbuckle.AspNetCore.SwaggerGen.SwaggerGenOptions>
7ffcd0d62238      2         64 Microsoft.Extensions.Options.ConfigureNamedOptions<Microsoft.AspNetCore.Mvc.MvcOptions>
7ffcd0d61480      1         64 System.Func<System.IServiceProvider, Swashbuckle.AspNetCore.SwaggerGen.SwaggerGeneratorOptions>
7ffcd0d61b08      1         64 System.Func<System.IServiceProvider, Swashbuckle.AspNetCore.SwaggerGen.SchemaGeneratorOptions>
7ffcd0d61d18      1         64 System.Func<System.IServiceProvider, Swashbuckle.AspNetCore.SwaggerGen.ISerializerDataContractResolver>
7ffcd0d63438      1         64 System.Action<Microsoft.EntityFrameworkCore.DbContextOptionsBuilder>
7ffcd0d67e10      1         64 System.Action<System.IServiceProvider, Microsoft.EntityFrameworkCore.DbContextOptionsBuilder>
7ffcd0ae8630      1         64 System.Action<Polly.ResiliencePipelineBuilder>
7ffcd0d6f930      1         64 System.Action<Polly.ResiliencePipelineBuilder, Polly.DependencyInjection.AddResiliencePipelineContext<System.String>>
7ffcd0df0d40      1         64 System.Action<Polly.DependencyInjection.ConfigureResiliencePipelineRegistryOptions<System.String>, System.IServiceProvider>
7ffcd0df1208      1         64 System.Func<System.IServiceProvider, Microsoft.Extensions.Options.IConfigureOptions<Polly.DependencyInjection.ConfigureResiliencePipelineRegistryOptions<System.String>>>
7ffcd0df47c0      1         64 System.Action<Polly.Telemetry.TelemetryOptions, System.IServiceProvider>
7ffcd0df4de8      1         64 System.Func<System.IServiceProvider, Microsoft.Extensions.Options.IConfigureOptions<Polly.Telemetry.TelemetryOptions>>
7ffcd0df4a78      1         64 System.Func<System.IServiceProvider, Polly.ResiliencePipelineBuilder>
7ffcd0df5268      1         64 System.Func<System.IServiceProvider, Polly.Registry.ResiliencePipelineRegistry<System.String>>
7ffcd0df5500      1         64 System.Func<System.IServiceProvider, Polly.Registry.ResiliencePipelineProvider<System.String>>
7ffcd0df5a28      1         64 System.Action<Polly.Registry.ResiliencePipelineRegistryOptions<System.String>, System.IServiceProvider>
7ffcd0df5cd0      1         64 System.Func<System.IServiceProvider, Microsoft.Extensions.Options.IConfigureOptions<Polly.Registry.ResiliencePipelineRegistryOptions<System.String>>>
7ffcd0df7128      1         64 System.Action<Order.API.OrderSetting>
7ffcd0df7970      1         64 System.Action<EventBus.SprintEventBusSetting>
7ffcd0df8198      1         64 System.Action<HttpExtension.SprintHttpCommonSetting>
7ffcd0df89c0      1         64 System.Action<EventBus.Kafka.EventBusKafkaSetting>
7ffcd0df91e8      1         64 System.Action<Utility.Package.Models.Jwt>
7ffcd0dfba20      1         64 System.Func<System.IServiceProvider, System.Net.Http.IHttpClientFactory>
7ffcd0dfbb10      1         64 System.Func<System.IServiceProvider, System.Net.Http.IHttpMessageHandlerFactory>
7ffcd0dfbc00      1         64 System.Func<System.IServiceProvider, System.Net.Http.HttpClient>
7ffcd0dff360      1         64 System.Func<System.IServiceProvider, HttpFactory.Implementations.HttpClientService>
7ffcd0e0d030      1         64 System.Func<System.IServiceProvider, Microsoft.AspNetCore.DataProtection.IDataProtectionProvider>
7ffcd0e205b0      1         64 System.Func<System.IServiceProvider, Microsoft.Extensions.ObjectPool.ObjectPool<Microsoft.AspNetCore.Antiforgery.AntiforgerySerializationContext>>
7ffcd0e21f60      1         64 System.Func<System.Text.Encodings.Web.HtmlEncoder>
7ffcd0e22588      1         64 System.Func<System.Text.Encodings.Web.TextEncoderSettings, System.Text.Encodings.Web.HtmlEncoder>
7ffcd0e22e50      1         64 System.Func<System.IServiceProvider, System.Text.Encodings.Web.HtmlEncoder>
7ffcd0e22040      1         64 System.Func<System.Text.Encodings.Web.JavaScriptEncoder>
7ffcd0e22678      1         64 System.Func<System.Text.Encodings.Web.TextEncoderSettings, System.Text.Encodings.Web.JavaScriptEncoder>
7ffcd0e230a0      1         64 System.Func<System.IServiceProvider, System.Text.Encodings.Web.JavaScriptEncoder>
7ffcd0e22858      1         64 System.Func<System.Text.Encodings.Web.UrlEncoder>
7ffcd0e22768      1         64 System.Func<System.Text.Encodings.Web.TextEncoderSettings, System.Text.Encodings.Web.UrlEncoder>
7ffcd0e232e0      1         64 System.Func<System.IServiceProvider, System.Text.Encodings.Web.UrlEncoder>
7ffcd0e09458      1         64 System.Func<System.IServiceProvider, Microsoft.AspNetCore.Mvc.ViewFeatures.IModelExpressionProvider>
7ffcd0e2cea8      1         64 System.Func<System.IServiceProvider, Microsoft.AspNetCore.Components.Endpoints.ServerComponentSerializer>
7ffcd0e2cdb8      1         64 System.Func<System.IServiceProvider, Microsoft.AspNetCore.Components.Endpoints.IComponentPrerenderer>
7ffcd0e2cbd8      1         64 System.Func<System.IServiceProvider, Microsoft.AspNetCore.Components.PersistentComponentState>
7ffcd0e2ccc8      1         64 System.Func<System.IServiceProvider, Microsoft.AspNetCore.Components.Routing.IRoutingStateProvider>
7ffcd0e2d088      1         64 System.Func<System.IServiceProvider, Microsoft.AspNetCore.Http.HttpContext>
7ffcd0e2ec88      1         64 System.Func<System.IServiceProvider, Microsoft.AspNetCore.Components.CascadingValueSource<Microsoft.AspNetCore.Http.HttpContext>>
7ffcd0e60680      1         64 System.Func<System.IServiceProvider, Microsoft.AspNetCore.Components.Forms.Mapping.SupplyParameterFromFormValueProvider>
7ffcd0e2cf98      1         64 System.Func<System.IServiceProvider, Microsoft.AspNetCore.Components.Endpoints.Forms.EndpointAntiforgeryStateProvider>
7ffcd0e6d7a0      1         64 System.Func<System.IServiceProvider, Microsoft.AspNetCore.Mvc.RazorPages.Infrastructure.IPageLoader>
7ffcd0e6e7e8      1         64 System.Func<System.IServiceProvider, EventBus.Kafka.DefaultKafkaPersistentConnection>
7ffcd0e6ea00      1         64 System.Func<System.IServiceProvider, EventBus.Kafka.EventBusKafkaSetting>
7ffcd0e6f370      2         64 System.Collections.Generic.List<EventBus.RabbitMQ.RabbitMQQueueSetting>
7ffcd0aed0a0      1         64 System.Func<System.IServiceProvider, EventBus.RabbitMQ.IRabbitMQPersistentConnection>
7ffcd0e906d0      1         64 System.Func<System.IServiceProvider, EventBus.RabbitMQ.EventBusRabbitMQMultiWorker>
7ffcd0f34328      1         64 System.Func<System.Type, <>f__AnonymousType0<System.Type, System.Type[]>>
7ffcd0f34fa8      1         64 System.Func<<>f__AnonymousType1<<>f__AnonymousType0<System.Type, System.Type[]>, System.Collections.Generic.IEnumerable<System.Type>>, <>f__AnonymousType2<<>f__AnonymousType1<<>f__AnonymousType0<System.Type, System.Type[]>, System.Collections.Generic.IEnumerable<System.Type>>, System.Type>>
7ffcd0f35150      1         64 System.Func<<>f__AnonymousType2<<>f__AnonymousType1<<>f__AnonymousType0<System.Type, System.Type[]>, System.Collections.Generic.IEnumerable<System.Type>>, System.Type>, System.Boolean>
7ffcd0f352f0      1         64 System.Func<<>f__AnonymousType2<<>f__AnonymousType1<<>f__AnonymousType0<System.Type, System.Type[]>, System.Collections.Generic.IEnumerable<System.Type>>, System.Type>, FluentValidation.AssemblyScanner+AssemblyScanResult>
7ffcd0e94bc8      1         64 System.Action<Microsoft.Extensions.DependencyInjection.MediatRServiceConfiguration>
7ffcd0680c18      2         64 Microsoft.Extensions.Primitives.StringSegment
7ffcd0726250      2         64 System.ArraySegment<System.Byte>
7ffcd17b5948      2         64 System.Net.Sockets.Socket+CachedSerializedEndPoint
7ffcd1cf0da0      1         64 System.Func<System.Reflection.PropertyInfo, System.Reflection.PropertyInfo>
7ffcd0985a98      1         64 System.Buffers.SpanAction<System.Char, System.String>
7ffcd1cde3d0      1         64 System.Func<System.Reflection.ConstructorInfo, System.Collections.Generic.IEnumerable<System.Reflection.ParameterInfo>>
7ffcd116e670      1         64 System.Action<Microsoft.Extensions.Hosting.HostBuilderContext, Autofac.ContainerBuilder>
7ffcd0aab120      1         64 System.Action<Microsoft.Extensions.Hosting.HostBuilderContext, System.Object>
7ffcd05f9c60      1         64 System.Action<Microsoft.Extensions.Hosting.HostBuilderContext, System.IServiceProvider, Serilog.LoggerConfiguration>
7ffcd0886ec8      1         64 System.Action<System.IServiceProvider, Serilog.LoggerConfiguration>
7ffcd116f638      1         64 System.Func<System.IServiceProvider, Serilog.SerilogServiceCollectionExtensions+RegisteredLogger>
7ffcd116f8f0      1         64 System.Func<System.IServiceProvider, Serilog.ILogger>
7ffcd116fd28      1         64 System.Func<System.IServiceProvider, Serilog.Extensions.Hosting.DiagnosticContext>
7ffcd116fea0      1         64 System.Func<System.IServiceProvider, Serilog.IDiagnosticContext>
7ffcd11741b0      1         64 System.Func<Autofac.Core.Service, System.Collections.Generic.IEnumerable<Autofac.Core.ServiceRegistration>>
7ffcd1178610      1         64 System.Func<System.String, Autofac.Util.Cache.ReflectionCacheAssemblyDictionary<System.Reflection.Assembly, System.Collections.Generic.IEnumerable<System.Type>>>
7ffcd1194580      1         64 System.Func<System.String, System.Func<System.String, Autofac.Util.Cache.ReflectionCacheAssemblyDictionary<System.Reflection.Assembly, System.Collections.Generic.IEnumerable<System.Type>>>, Autofac.Core.IReflectionCache>
7ffcd11959d8      1         64 System.Func<System.String, Autofac.Util.Cache.ReflectionCacheDictionary<System.Type, System.Boolean>>
7ffcd1195b98      1         64 System.Func<System.String, System.Func<System.String, Autofac.Util.Cache.ReflectionCacheDictionary<System.Type, System.Boolean>>, Autofac.Core.IReflectionCache>
7ffcd1196590      1         64 System.Func<System.String, Autofac.Util.Cache.ReflectionCacheTupleDictionary<System.Type, System.Boolean>>
7ffcd1196730      1         64 System.Func<System.String, System.Func<System.String, Autofac.Util.Cache.ReflectionCacheTupleDictionary<System.Type, System.Boolean>>, Autofac.Core.IReflectionCache>
7ffcd11976f8      1         64 System.Func<System.String, Autofac.Util.Cache.ReflectionCacheDictionary<System.Reflection.ConstructorInfo, System.Func<System.Object[], System.Object>>>
7ffcd1197898      1         64 System.Func<System.String, System.Func<System.String, Autofac.Util.Cache.ReflectionCacheDictionary<System.Reflection.ConstructorInfo, System.Func<System.Object[], System.Object>>>, Autofac.Core.IReflectionCache>
7ffcd11982d0      1         64 System.Func<System.String, Autofac.Util.Cache.ReflectionCacheDictionary<System.Reflection.PropertyInfo, System.Action<System.Object, System.Object>>>
7ffcd1198470      1         64 System.Func<System.String, System.Func<System.String, Autofac.Util.Cache.ReflectionCacheDictionary<System.Reflection.PropertyInfo, System.Action<System.Object, System.Object>>>, Autofac.Core.IReflectionCache>
7ffcd1198e98      1         64 System.Func<System.String, Autofac.Util.Cache.ReflectionCacheDictionary<System.Type, System.Collections.Generic.IReadOnlyList<System.Reflection.PropertyInfo>>>
7ffcd1199038      1         64 System.Func<System.String, System.Func<System.String, Autofac.Util.Cache.ReflectionCacheDictionary<System.Type, System.Collections.Generic.IReadOnlyList<System.Reflection.PropertyInfo>>>, Autofac.Core.IReflectionCache>
7ffcd11997b0      1         64 System.Func<System.String, Autofac.Util.Cache.ReflectionCacheDictionary<System.Type, System.Reflection.ConstructorInfo[]>>
7ffcd1199950      1         64 System.Func<System.String, System.Func<System.String, Autofac.Util.Cache.ReflectionCacheDictionary<System.Type, System.Reflection.ConstructorInfo[]>>, Autofac.Core.IReflectionCache>
7ffcd119a118      1         64 System.Func<System.String, Autofac.Util.Cache.ReflectionCacheDictionary<System.Type, System.Type>>
7ffcd119a2b8      1         64 System.Func<System.String, System.Func<System.String, Autofac.Util.Cache.ReflectionCacheDictionary<System.Type, System.Type>>, Autofac.Core.IReflectionCache>
7ffcd119ab98      1         64 System.EventHandler<Autofac.Core.IComponentRegistration>
7ffcd119ac78      1         64 System.EventHandler<Autofac.Core.IRegistrationSource>
7ffcd11c0028      1         64 System.Func<Autofac.Core.Service, System.Boolean>
7ffcd11c38a0      1         64 System.Func<Autofac.Core.Service, Autofac.Core.Registration.ServiceRegistrationInfo>
7ffcd1d86b78      1         64 System.Func<System.IntPtr, System.Net.Sockets.GetAcceptExSockaddrsDelegate>
7ffcd11f8810      1         64 System.Func<System.Reflection.ParameterInfo, Autofac.IComponentContext, System.Boolean>
7ffcd11f8908      1         64 System.Func<System.Reflection.ParameterInfo, Autofac.IComponentContext, System.Object>
7ffcd11fc4b8      1         64 System.Func<System.Reflection.ConstructorInfo, System.Func<System.Object[], System.Object>>
7ffcd1219cf8      2         64 System.Dynamic.Utils.CacheDict<System.Type, System.Reflection.MethodInfo>
7ffcd1c2d220      1         64 System.Func<System.ValueTuple<System.String, System.Type, System.Reflection.MemberInfo>, System.Func<System.ValueTuple<System.String, System.Type, System.Reflection.MemberInfo>, System.Action<System.Object, System.Boolean>>, System.Text.Json.Serialization.Metadata.ReflectionEmitCachingMemberAccessor+Cache<System.ValueTuple<System.String, System.Type, System.Reflection.MemberInfo>>+CacheEntry>
7ffcd1c51068      1         64 System.Func<System.ValueTuple<System.String, System.Type, System.Reflection.MemberInfo>, System.Func<System.ValueTuple<System.String, System.Type, System.Reflection.MemberInfo>, System.Func<System.Object, System.Collections.Generic.IReadOnlyList<Microsoft.WebTools.ApiEndpointDiscovery.Contracts.ReturnInfo>>>, System.Text.Json.Serialization.Metadata.ReflectionEmitCachingMemberAccessor+Cache<System.ValueTuple<System.String, System.Type, System.Reflection.MemberInfo>>+CacheEntry>
7ffcd1c51860      1         64 System.Func<System.ValueTuple<System.String, System.Type, System.Reflection.MemberInfo>, System.Func<System.ValueTuple<System.String, System.Type, System.Reflection.MemberInfo>, System.Action<System.Object, System.Collections.Generic.IReadOnlyList<Microsoft.WebTools.ApiEndpointDiscovery.Contracts.ReturnInfo>>>, System.Text.Json.Serialization.Metadata.ReflectionEmitCachingMemberAccessor+Cache<System.ValueTuple<System.String, System.Type, System.Reflection.MemberInfo>>+CacheEntry>
7ffcd1c522e0      1         64 System.Func<System.ValueTuple<System.String, System.Type, System.Reflection.MemberInfo>, System.Func<System.ValueTuple<System.String, System.Type, System.Reflection.MemberInfo>, System.Func<System.Object, System.String[]>>, System.Text.Json.Serialization.Metadata.ReflectionEmitCachingMemberAccessor+Cache<System.ValueTuple<System.String, System.Type, System.Reflection.MemberInfo>>+CacheEntry>
7ffcd1c52ad8      1         64 System.Func<System.ValueTuple<System.String, System.Type, System.Reflection.MemberInfo>, System.Func<System.ValueTuple<System.String, System.Type, System.Reflection.MemberInfo>, System.Action<System.Object, System.String[]>>, System.Text.Json.Serialization.Metadata.ReflectionEmitCachingMemberAccessor+Cache<System.ValueTuple<System.String, System.Type, System.Reflection.MemberInfo>>+CacheEntry>
7ffcd1c5b250      1         64 System.Func<System.ValueTuple<System.String, System.Type, System.Reflection.MemberInfo>, System.Func<System.ValueTuple<System.String, System.Type, System.Reflection.MemberInfo>, System.Text.Json.Serialization.Metadata.JsonTypeInfo+ParameterizedConstructorDelegate<Microsoft.WebTools.ApiEndpointDiscovery.Contracts.EndpointParameter, System.String, System.String, System.Boolean, System.Object>>, System.Text.Json.Serialization.Metadata.ReflectionEmitCachingMemberAccessor+Cache<System.ValueTuple<System.String, System.Type, System.Reflection.MemberInfo>>+CacheEntry>
7ffcd1c5fb90      1         64 System.Func<System.ValueTuple<System.String, System.Type, System.Reflection.MemberInfo>, System.Func<System.ValueTuple<System.String, System.Type, System.Reflection.MemberInfo>, System.Text.Json.Serialization.Metadata.JsonTypeInfo+ParameterizedConstructorDelegate<Microsoft.WebTools.ApiEndpointDiscovery.Contracts.ReturnInfo, System.String, System.Collections.Generic.IReadOnlyList<System.String>, System.Int32, System.Object>>, System.Text.Json.Serialization.Metadata.ReflectionEmitCachingMemberAccessor+Cache<System.ValueTuple<System.String, System.Type, System.Reflection.MemberInfo>>+CacheEntry>
7ffcd13ebcc8      1         64 System.Func<System.ValueTuple<System.Type, System.Type>, System.Boolean>
7ffcd1401bc0      1         64 System.Func<System.String, Autofac.Util.Cache.ReflectionCacheDictionary<System.Type, System.ValueTuple<System.Type, System.Type, System.Func<System.Int32, System.Collections.IList>>>>
7ffcd1401d60      1         64 System.Func<System.String, System.Func<System.String, Autofac.Util.Cache.ReflectionCacheDictionary<System.Type, System.ValueTuple<System.Type, System.Type, System.Func<System.Int32, System.Collections.IList>>>>, Autofac.Core.IReflectionCache>
7ffcd14018a8      1         64 System.Func<System.Type, System.ValueTuple<System.Type, System.Type, System.Func<System.Int32, System.Collections.IList>>>
7ffcd1c53ab0      1         64 System.Func<System.ValueTuple<System.String, System.Type, System.Reflection.MemberInfo>, System.Func<System.ValueTuple<System.String, System.Type, System.Reflection.MemberInfo>, System.Func<System.Object[], Microsoft.WebTools.ApiEndpointDiscovery.Contracts.EndpointInfo>>, System.Text.Json.Serialization.Metadata.ReflectionEmitCachingMemberAccessor+Cache<System.ValueTuple<System.String, System.Type, System.Reflection.MemberInfo>>+CacheEntry>
7ffcd1414a78      1         64 System.Func<System.Type, System.Type, System.Collections.Generic.KeyValuePair<System.Type, System.Type>>
7ffcd1416378      1         64 System.Func<System.Collections.Generic.KeyValuePair<System.Type, System.Type>, System.Type>
7ffcd13e8360      1         64 System.Func<<>f__AnonymousType0<Autofac.Core.IServiceWithType, System.Type>, Autofac.Core.Service>
7ffcd1a21588      1         64 System.Func<Microsoft.AspNetCore.DataProtection.KeyManagement.IKey, System.DateTimeOffset>
7ffcd1a21840      1         64 System.Func<Microsoft.AspNetCore.DataProtection.KeyManagement.IKey, System.Guid>
7ffcd1f41c88      1         64 System.Diagnostics.DistributedContextPropagator+PropagatorSetterCallback
7ffcd1fba820      1         64 System.Func<System.ValueTuple<System.String, System.Type, System.Reflection.MemberInfo>, System.Func<System.ValueTuple<System.String, System.Type, System.Reflection.MemberInfo>, System.Action<System.Object, System.Collections.Generic.IEnumerable<Swashbuckle.AspNetCore.SwaggerUI.SubmitMethod>>>, System.Text.Json.Serialization.Metadata.ReflectionEmitCachingMemberAccessor+Cache<System.ValueTuple<System.String, System.Type, System.Reflection.MemberInfo>>+CacheEntry>
7ffcd08877f0      1         64 Serilog.Extensions.Logging.SerilogLoggerProvider
7ffcd141af30      1         64 System.Func<Serilog.Extensions.Logging.SerilogLoggerProvider+ScopeCollector>
7ffcd0489ca8      2         64 System.Collections.Generic.List<System.Int32>
7ffcd1439a10      1         64 System.Func<Autofac.Core.ServiceRegistration, System.Int64>
7ffcd14470b8      1         64 System.Func<Autofac.Core.ServiceRegistration, Autofac.Core.ServiceRegistration>
7ffcd144b110      1         64 System.Func<System.Net.EndPoint, System.Net.Sockets.Socket>
7ffcd144d550      1         64 System.Func<Microsoft.AspNetCore.Server.Kestrel.Transport.NamedPipes.CreateNamedPipeServerStreamContext, System.IO.Pipes.NamedPipeServerStream>
7ffcd0ac6c58      1         64 Microsoft.AspNetCore.Server.Kestrel.Core.HttpsConfigurationService
7ffcd1466b78      1         64 System.Func<System.String, System.Text.Encoding>
7ffcd1467520      2         64 Microsoft.AspNetCore.Server.Kestrel.Core.MinDataRate
7ffcd14664f8      1         64 System.Action<Microsoft.AspNetCore.Server.Kestrel.Core.ListenOptions>
7ffcd1465c38      1         64 System.Action<Microsoft.AspNetCore.Server.Kestrel.Https.HttpsConnectionAdapterOptions>
7ffcd1468280      1         64 System.Func<System.String, Microsoft.Extensions.FileProviders.IFileProvider>
7ffcd146b1c8      1         64 System.Action<Microsoft.AspNetCore.Server.Kestrel.Core.Internal.Infrastructure.KestrelConnection>
7ffcd1485f00      1         64 System.Func<System.String, System.Func<Swashbuckle.AspNetCore.Swagger.SwaggerOptions>, System.Lazy<Swashbuckle.AspNetCore.Swagger.SwaggerOptions>>
7ffcd1486f50      2         64 System.Collections.Generic.List<System.Action<Microsoft.OpenApi.Models.OpenApiDocument, Microsoft.AspNetCore.Http.HttpRequest>>
7ffcd148c058      1         64 System.Func<System.String, System.Func<Swashbuckle.AspNetCore.SwaggerUI.SwaggerUIOptions>, System.Lazy<Swashbuckle.AspNetCore.SwaggerUI.SwaggerUIOptions>>
7ffcd148c528      1         64 System.Func<System.IO.Stream>
7ffcd1f8ef00      1         64 System.Func<System.ValueTuple<System.String, System.Type, System.Reflection.MemberInfo>, System.Func<System.ValueTuple<System.String, System.Type, System.Reflection.MemberInfo>, System.Func<System.Object, System.Collections.Generic.IEnumerable<Swashbuckle.AspNetCore.SwaggerUI.UrlDescriptor>>>, System.Text.Json.Serialization.Metadata.ReflectionEmitCachingMemberAccessor+Cache<System.ValueTuple<System.String, System.Type, System.Reflection.MemberInfo>>+CacheEntry>
7ffcd1f8f6f8      1         64 System.Func<System.ValueTuple<System.String, System.Type, System.Reflection.MemberInfo>, System.Func<System.ValueTuple<System.String, System.Type, System.Reflection.MemberInfo>, System.Action<System.Object, System.Collections.Generic.IEnumerable<Swashbuckle.AspNetCore.SwaggerUI.UrlDescriptor>>>, System.Text.Json.Serialization.Metadata.ReflectionEmitCachingMemberAccessor+Cache<System.ValueTuple<System.String, System.Type, System.Reflection.MemberInfo>>+CacheEntry>
7ffcd1b53b40      2         64 Microsoft.AspNetCore.Server.Kestrel.Core.Internal.ConnectionDispatcher<Microsoft.AspNetCore.Connections.ConnectionContext>+<>c__DisplayClass10_0
7ffcd1ab25a0      1         64 System.Func<Microsoft.AspNetCore.Http.HttpContext, System.Boolean>
7ffcd1c5e508      1         64 System.Func<System.ValueTuple<System.String, System.Type, System.Reflection.MemberInfo>, System.Func<System.ValueTuple<System.String, System.Type, System.Reflection.MemberInfo>, System.Func<System.Object, System.Collections.Generic.IReadOnlyList<System.String>>>, System.Text.Json.Serialization.Metadata.ReflectionEmitCachingMemberAccessor+Cache<System.ValueTuple<System.String, System.Type, System.Reflection.MemberInfo>>+CacheEntry>
7ffcd1c5ed00      1         64 System.Func<System.ValueTuple<System.String, System.Type, System.Reflection.MemberInfo>, System.Func<System.ValueTuple<System.String, System.Type, System.Reflection.MemberInfo>, System.Action<System.Object, System.Collections.Generic.IReadOnlyList<System.String>>>, System.Text.Json.Serialization.Metadata.ReflectionEmitCachingMemberAccessor+Cache<System.ValueTuple<System.String, System.Type, System.Reflection.MemberInfo>>+CacheEntry>
7ffcd14a4468      1         64 System.Action<Microsoft.AspNetCore.Routing.IRouteBuilder>
7ffcd1fbb1e0      1         64 System.Func<System.ValueTuple<System.String, System.Type, System.Reflection.MemberInfo>, System.Func<System.ValueTuple<System.String, System.Type, System.Reflection.MemberInfo>, System.Func<System.Object, System.Collections.Generic.Dictionary<System.String, System.Object>>>, System.Text.Json.Serialization.Metadata.ReflectionEmitCachingMemberAccessor+Cache<System.ValueTuple<System.String, System.Type, System.Reflection.MemberInfo>>+CacheEntry>
7ffcd14a5f08      1         64 Microsoft.Extensions.Options.IConfigureOptions<Microsoft.AspNetCore.Mvc.MvcOptions>[]
7ffcd1fbb9d8      1         64 System.Func<System.ValueTuple<System.String, System.Type, System.Reflection.MemberInfo>, System.Func<System.ValueTuple<System.String, System.Type, System.Reflection.MemberInfo>, System.Action<System.Object, System.Collections.Generic.Dictionary<System.String, System.Object>>>, System.Text.Json.Serialization.Metadata.ReflectionEmitCachingMemberAccessor+Cache<System.ValueTuple<System.String, System.Type, System.Reflection.MemberInfo>>+CacheEntry>
7ffcd14af468      1         64 System.Func<System.String, System.String, System.String>
7ffcd14b2168      1         64 Microsoft.AspNetCore.Mvc.Formatters.SystemTextJsonInputFormatter
7ffcd14d6c08      2         64 Microsoft.Net.Http.Headers.GenericHeaderParser<Microsoft.Net.Http.Headers.MediaTypeHeaderValue>
7ffcd14e3c40      1         64 System.Func<Microsoft.AspNetCore.Mvc.ModelBinding.Validation.IModelValidatorProvider, System.Boolean>
7ffcd0b67f40      1         64 Microsoft.AspNetCore.Mvc.ModelBinding.Metadata.DefaultModelMetadataProvider
7ffcd12c3a48      1         64 System.Func<Microsoft.AspNetCore.Mvc.ModelBinding.Metadata.ModelMetadataIdentity, Microsoft.AspNetCore.Mvc.ModelBinding.Metadata.DefaultModelMetadataProvider+ModelMetadataCacheEntry>
7ffcd12ced90      1         64 System.Func<System.Type, Microsoft.Extensions.DependencyInjection.ObjectFactory>
7ffcd0b6a9c8      1         64 Microsoft.AspNetCore.Mvc.Infrastructure.ControllerActionInvokerCache
7ffcd12c0d18      1         64 System.Func<Microsoft.AspNetCore.Mvc.Filters.IFilterProvider, System.Int32>
7ffcd12c0e88      2         64 Microsoft.AspNetCore.Mvc.Filters.IFilterProvider[]
7ffcd0e6c4f8      1         64 Microsoft.AspNetCore.Mvc.ApplicationModels.DefaultPageApplicationModelProvider
7ffcd1524358      1         64 System.Action<Microsoft.AspNetCore.Mvc.RazorPages.PageContext, Microsoft.AspNetCore.Mvc.Rendering.ViewContext, System.Object>
7ffcd1528108      1         64 System.Action<Microsoft.AspNetCore.Mvc.RazorPages.PageContext, System.Object>
7ffcd084c678      2         64 System.Collections.Generic.List<System.Reflection.MethodInfo>
7ffcd2aa99c8      1         64 System.Func<AutoMapper.Internal.MapRequest, System.Delegate>
7ffcd2b06890      1         64 System.Func<AutoMapper.Internal.MapRequest, System.Lazy<System.Delegate>>
7ffcd2aa9ab8      1         64 System.Func<AutoMapper.QueryableExtensions.Impl.ProjectionBuilder>
7ffcd2b51570      1         64 System.Func<System.Reflection.ConstructorInfo, AutoMapper.Internal.ConstructorParameters>
7ffcd2b50ea8      1         64 System.Func<AutoMapper.Internal.ConstructorParameters, System.Boolean>
7ffcd2b510b0      1         64 System.Func<AutoMapper.Internal.ConstructorParameters, System.Int32>
7ffcd2b29880      1         64 System.Func<System.Reflection.MethodInfo, <>f__AnonymousType3<System.Reflection.MethodInfo, System.Type>>
7ffcd2b29ae8      1         64 System.Func<<>f__AnonymousType3<System.Reflection.MethodInfo, System.Type>, System.Boolean>
7ffcd2b2a3c8      1         64 System.Func<<>f__AnonymousType4<<>f__AnonymousType3<System.Reflection.MethodInfo, System.Type>, System.Type>, System.Boolean>
7ffcd2b2a5a8      1         64 System.Func<<>f__AnonymousType4<<>f__AnonymousType3<System.Reflection.MethodInfo, System.Type>, System.Type>, AutoMapper.Internal.TypeDetails+GenericMethod>
7ffcd2dc9e18      1         64 System.Func<AutoMapper.Execution.Member, System.Linq.Expressions.MemberExpression>
7ffcd2dca030      1         64 System.Func<System.Linq.Expressions.MemberExpression, System.Boolean>
7ffcd2aac3c0      1         64 System.Func<AutoMapper.Internal.TypePair, AutoMapper.TypeMap>
7ffcd2de3a08      1         64 System.Func<AutoMapper.Internal.TypePair, System.Lazy<AutoMapper.TypeMap>>
7ffcd2dfa088      1         64 System.Func<System.Type, MediatR.Wrappers.RequestHandlerBase>
7ffcd2e1f700      1         64 System.Func<FluentValidation.Internal.MessageFormatter>
7ffcd2e1f898      1         64 System.Func<FluentValidation.Validators.IPropertyValidator, System.String>
7ffcd2e20320      1         64 System.Func<FluentValidation.Internal.IValidatorSelector>
7ffcd2e20578      1         64 System.Func<System.Collections.Generic.IEnumerable<FluentValidation.Internal.IValidatorSelector>, FluentValidation.Internal.IValidatorSelector>
7ffcd2e22140      1         64 System.Func<FluentValidation.Internal.AccessorCache<Order.Business.Mediator.Commands.Order.GetSubOrderCommand>+Key, System.Linq.Expressions.Expression<System.Func<Order.Business.Mediator.Commands.Order.GetSubOrderCommand, Order.Business.Mediator.Commands.Order.GetSubOrderCommand>>, System.Delegate>
7ffcd2e25c18      1         64 System.Func<System.Linq.Expressions.Expression, System.Linq.Expressions.MemberExpression>
7ffcd2e11608      1         64 System.Action<Order.Business.Mediator.Commands.Order.GetSubOrderCommand, FluentValidation.ValidationContext<Order.Business.Mediator.Commands.Order.GetSubOrderCommand>>
7ffcd2e2c7b0      1         64 System.Func<FluentValidation.Results.ValidationResult, System.Collections.Generic.IEnumerable<FluentValidation.Results.ValidationFailure>>
7ffcd2e2cac0      1         64 System.Func<FluentValidation.Results.ValidationFailure, System.Boolean>
7ffcd2e6a498      1         64 System.Func<System.ValueTuple<System.Collections.Generic.KeyValuePair<System.Type, System.ValueTuple<Microsoft.EntityFrameworkCore.Infrastructure.IDbContextOptionsExtension, System.Int32>>, System.Collections.Generic.KeyValuePair<System.Type, System.ValueTuple<Microsoft.EntityFrameworkCore.Infrastructure.IDbContextOptionsExtension, System.Int32>>>, System.Boolean>
7ffcd27c68e8      1         64 System.Comparison<System.Collections.Generic.KeyValuePair<System.Int32, Microsoft.Extensions.DependencyInjection.ServiceLookup.ServiceCallSite>>
7ffcd2e9d368      1         64 System.Func<Microsoft.EntityFrameworkCore.Diagnostics.IInterceptorAggregator, System.Type>
7ffcd14377a0      2         64 System.Linq.Expressions.NewArrayBoundsExpression
7ffcd12f6c00      1         64 System.Func<Microsoft.Win32.RegistryKey>
7ffcd12f9fb8      1         64 System.Func<System.DateTimeOffset>
7ffcd1fd5d30      1         64 System.Func<System.ValueTuple<System.String, System.Type, System.Reflection.MemberInfo>, System.Func<System.ValueTuple<System.String, System.Type, System.Reflection.MemberInfo>, System.Action<System.Object, System.Collections.Generic.IEnumerable<System.String>>>, System.Text.Json.Serialization.Metadata.ReflectionEmitCachingMemberAccessor+Cache<System.ValueTuple<System.String, System.Type, System.Reflection.MemberInfo>>+CacheEntry>
7ffcd1362100      1         64 System.Func<Microsoft.AspNetCore.Mvc.ApplicationModels.IPageApplicationModelProvider, System.Int32>
7ffcd15370b8      1         64 System.Func<Microsoft.AspNetCore.Mvc.ApplicationModels.IPageApplicationModelProvider, Microsoft.AspNetCore.Mvc.ApplicationModels.IPageApplicationModelProvider>
7ffcd12bea68      1         64 System.Func<Microsoft.AspNetCore.Mvc.Abstractions.IActionInvokerProvider, System.Int32>
7ffcd15374d0      1         64 System.Func<Microsoft.AspNetCore.Mvc.Abstractions.IActionInvokerProvider, Microsoft.AspNetCore.Mvc.Abstractions.IActionInvokerProvider>
7ffcd1fd6ee8      1         64 System.Func<System.ValueTuple<System.String, System.Type, System.Reflection.MemberInfo>, System.Func<System.ValueTuple<System.String, System.Type, System.Reflection.MemberInfo>, System.Action<System.Object, System.Collections.Generic.Dictionary<System.String, System.String>>>, System.Text.Json.Serialization.Metadata.ReflectionEmitCachingMemberAccessor+Cache<System.ValueTuple<System.String, System.Type, System.Reflection.MemberInfo>>+CacheEntry>
7ffcd153b388      1         64 System.Func<Microsoft.AspNetCore.Mvc.ActionContext, Microsoft.AspNetCore.Mvc.IActionResult>
7ffcd12b6ee8      1         64 System.Func<Microsoft.AspNetCore.Mvc.ApplicationModels.IApplicationModelProvider, System.Int32>
7ffcd153e5d0      1         64 System.Func<Microsoft.AspNetCore.Mvc.ApplicationModels.IApplicationModelProvider, Microsoft.AspNetCore.Mvc.ApplicationModels.IApplicationModelProvider>
7ffcd13604e0      1         64 System.Func<Microsoft.AspNetCore.Mvc.ApplicationModels.IPageRouteModelProvider, System.Int32>
7ffcd0e63178      1         64 Microsoft.AspNetCore.Mvc.Razor.RazorHotReload
7ffcd127b078      1         64 System.Func<Microsoft.AspNetCore.Mvc.Abstractions.IActionDescriptorProvider, System.Int32>
7ffcd153efc8      1         64 System.Func<Microsoft.AspNetCore.Mvc.Abstractions.IActionDescriptorProvider, Microsoft.AspNetCore.Mvc.Abstractions.IActionDescriptorProvider>
7ffcd12ba4a0      1         64 System.Func<Microsoft.AspNetCore.Mvc.ActionConstraints.IActionConstraintProvider, System.Int32>
7ffcd153fa30      1         64 System.Func<Microsoft.AspNetCore.Mvc.Abstractions.ActionDescriptor[], Microsoft.AspNetCore.Routing.IRouter>
7ffcd1551380      1         64 System.Func<Microsoft.AspNetCore.Builder.IApplicationBuilder, Microsoft.AspNetCore.Builder.IApplicationBuilder>
7ffcd166a0f0      1         64 System.Func<Microsoft.AspNetCore.Mvc.Routing.IActionHttpMethodProvider, System.Collections.Generic.IEnumerable<System.String>>
7ffcd166f868      1         64 System.Func<Microsoft.AspNetCore.Mvc.ModelBinding.ModelMetadata, System.Int32>
7ffcd16765a0      1         64 System.Func<Microsoft.AspNetCore.Mvc.ModelBinding.ModelMetadata, Microsoft.AspNetCore.Mvc.ModelBinding.ModelMetadata>
7ffcd1689eb0      1         64 System.Func<Microsoft.AspNetCore.Mvc.Controller, Microsoft.AspNetCore.Mvc.ViewFeatures.ViewDataDictionary>
7ffcd168a040      1         64 System.Action<Microsoft.AspNetCore.Mvc.Controller, Microsoft.AspNetCore.Mvc.ViewFeatures.ViewDataDictionary>
7ffcd168a1d0      1         64 System.Func<Microsoft.AspNetCore.Mvc.Controller, Microsoft.AspNetCore.Mvc.ViewFeatures.ITempDataDictionary>
7ffcd168a360      1         64 System.Action<Microsoft.AspNetCore.Mvc.Controller, Microsoft.AspNetCore.Mvc.ViewFeatures.ITempDataDictionary>
7ffcd168a4f0      1         64 System.Func<Microsoft.AspNetCore.Mvc.Controller, System.Object>
7ffcd168c1b0      1         64 System.Func<Order.API.Controllers.ValidateOrder.CMGOrderController, Order.Business.Interface.Service.Common.ISerializeService>
7ffcd168c340      1         64 System.Action<Order.API.Controllers.ValidateOrder.CMGOrderController, Order.Business.Interface.Service.Common.ISerializeService>
7ffcd168c4d0      1         64 System.Func<Order.API.Controllers.ValidateOrder.CMGOrderController, Order.Business.Interface.ValidateOrder.IValidateCreateOrderAndSubOrderCreateOrderAndSubOrder>
7ffcd168c660      1         64 System.Action<Order.API.Controllers.ValidateOrder.CMGOrderController, Order.Business.Interface.ValidateOrder.IValidateCreateOrderAndSubOrderCreateOrderAndSubOrder>
7ffcd168f310      1         64 System.Func<Order.Business.Process.BaseProcess, Order.Business.Interface.Service.Common.ISerializeService>
7ffcd168f4a0      1         64 System.Action<Order.Business.Process.BaseProcess, Order.Business.Interface.Service.Common.ISerializeService>
7ffcd168f630      1         64 System.Func<Order.Business.Process.BaseProcess, Order.Business.Interface.Service.INumberOrderService>
7ffcd168f7c0      1         64 System.Action<Order.Business.Process.BaseProcess, Order.Business.Interface.Service.INumberOrderService>
7ffcd168f950      1         64 System.Func<Order.Business.Process.BaseProcess, AutoMapper.IMapper>
7ffcd168fae0      1         64 System.Action<Order.Business.Process.BaseProcess, AutoMapper.IMapper>
7ffcd168fc70      1         64 System.Func<Order.Business.Process.BaseProcess, Order.Business.Service.Common.ValidateTruncateService>
7ffcd168fe00      1         64 System.Action<Order.Business.Process.BaseProcess, Order.Business.Service.Common.ValidateTruncateService>
7ffcd16a0028      1         64 System.Func<Order.Business.Process.BaseProcess, Order.Business.Service.Common.StringUtilsService>
7ffcd16a01b8      1         64 System.Action<Order.Business.Process.BaseProcess, Order.Business.Service.Common.StringUtilsService>
7ffcd16a9a90      1         64 System.Func<Microsoft.AspNetCore.Mvc.ApplicationModels.SelectorModel, System.Boolean>
7ffcd16a9338      1         64 System.Func<Microsoft.AspNetCore.Mvc.ApplicationModels.ParameterModel, System.Boolean>
7ffcd16b4280      1         64 System.Func<Microsoft.AspNetCore.Routing.Patterns.RoutePatternParameterPolicyReference, Microsoft.AspNetCore.Routing.Template.InlineConstraint>
7ffcd16b6a18      1         64 System.Func<Order.Domain.AggregatesModel.FrontActionRequest.SubOrderWebRequestsSearch, System.String>
7ffcd16b6ba8      1         64 System.Action<Order.Domain.AggregatesModel.FrontActionRequest.SubOrderWebRequestsSearch, System.String>
7ffcd16b6d38      1         64 System.Func<CommonApiMessage.AggregatesModel.WebRequest.Abstraction.WebRequestSearch<Order.Domain.AggregatesModel.FrontActionRequest.FrontSubOrderFilter>, System.String>
7ffcd16b6ec8      1         64 System.Action<CommonApiMessage.AggregatesModel.WebRequest.Abstraction.WebRequestSearch<Order.Domain.AggregatesModel.FrontActionRequest.FrontSubOrderFilter>, System.String>
7ffcd16b7690      1         64 System.Func<CommonApiMessage.AggregatesModel.WebRequest.Abstraction.WebRequestSearch<Order.Domain.AggregatesModel.FrontActionRequest.FrontSubOrderFilter>, System.Collections.Generic.List<Order.Domain.AggregatesModel.FrontActionRequest.FrontSubOrderFilter>>
7ffcd16b7820      1         64 System.Action<CommonApiMessage.AggregatesModel.WebRequest.Abstraction.WebRequestSearch<Order.Domain.AggregatesModel.FrontActionRequest.FrontSubOrderFilter>, System.Collections.Generic.List<Order.Domain.AggregatesModel.FrontActionRequest.FrontSubOrderFilter>>
7ffcd16b7eb8      1         64 System.Func<CommonApiMessage.AggregatesModel.WebRequest.Abstraction.WebRequestBase, System.Nullable<System.DateTime>>
7ffcd16b82a8      1         64 System.Action<CommonApiMessage.AggregatesModel.WebRequest.Abstraction.WebRequestBase, System.Nullable<System.DateTime>>
7ffcd16a94d0      1         64 System.Func<Microsoft.AspNetCore.Mvc.ModelBinding.ModelMetadata, System.Boolean>
7ffcd16b8e38      1         64 System.Action<System.Collections.Generic.List<Order.API.Applictions.IntegrationEvents.EventHandling.MMS.MMSFilter>, System.Int32>
7ffcd16b9308      1         64 System.Func<Order.Domain.AggregatesModel.SubOrder.SubOrderFilterViewModel, System.Collections.Generic.List<System.String>>
7ffcd16b9498      1         64 System.Action<Order.Domain.AggregatesModel.SubOrder.SubOrderFilterViewModel, System.Collections.Generic.List<System.String>>
7ffcd16b9628      1         64 System.Func<Order.Business.Mediator.Commands.Order.GetOrderDeliveryNoteByListPackIdCommand, System.String>
7ffcd16b97b8      1         64 System.Action<Order.Business.Mediator.Commands.Order.GetOrderDeliveryNoteByListPackIdCommand, System.String>
7ffcd16b9948      1         64 System.Func<Order.Business.Mediator.Commands.Order.GetOrderDeliveryNoteByListPackIdCommand, System.Collections.Generic.List<System.String>>
7ffcd16b9ad8      1         64 System.Action<Order.Business.Mediator.Commands.Order.GetOrderDeliveryNoteByListPackIdCommand, System.Collections.Generic.List<System.String>>
7ffcd16ba190      1         64 System.Func<Order.Business.Mediator.Commands.SysInsuranceConfiguration.GetInsuranceConfigurationCommand, System.Nullable<System.Decimal>>
7ffcd16ba580      1         64 System.Action<Order.Business.Mediator.Commands.SysInsuranceConfiguration.GetInsuranceConfigurationCommand, System.Nullable<System.Decimal>>
7ffcd16bd248      1         64 System.Func<Order.Business.Mediator.Queries.OrderInquiry.GetOrderInquiryListQuery, Order.Business.Mediator.Queries.OrderInquiry.OrderInquiryFilter>
7ffcd16bd3d8      1         64 System.Action<Order.Business.Mediator.Queries.OrderInquiry.GetOrderInquiryListQuery, Order.Business.Mediator.Queries.OrderInquiry.OrderInquiryFilter>
7ffcd16bd568      1         64 System.Func<Order.Business.Mediator.Queries.OrderInquiry.GetOrderInquiryListQuery, System.Collections.Generic.List<Utility.Package.UtilityModels.OrderBy>>
7ffcd16bd6f8      1         64 System.Action<Order.Business.Mediator.Queries.OrderInquiry.GetOrderInquiryListQuery, System.Collections.Generic.List<Utility.Package.UtilityModels.OrderBy>>
7ffcd16bdc20      1         64 System.Func<Order.Business.Mediator.Queries.OrderReturn.CreateOrderReturnQuery, System.String>
7ffcd16bddb0      1         64 System.Action<Order.Business.Mediator.Queries.OrderReturn.CreateOrderReturnQuery, System.String>
7ffcd1c2ee98      1         64 System.Func<System.ValueTuple<System.String, System.Type, System.Reflection.MemberInfo>, System.Func<System.ValueTuple<System.String, System.Type, System.Reflection.MemberInfo>, System.Action<System.Object, System.Int32>>, System.Text.Json.Serialization.Metadata.ReflectionEmitCachingMemberAccessor+Cache<System.ValueTuple<System.String, System.Type, System.Reflection.MemberInfo>>+CacheEntry>
7ffcd16e0548      1         64 System.Func<Order.Business.Mediator.Commands.OrderReturn.CreateOrderReturnCommand, System.Collections.Generic.List<Order.Business.Mediator.Commands.OrderReturn.CreateOrderReturnItem>>
7ffcd16e06d8      1         64 System.Action<Order.Business.Mediator.Commands.OrderReturn.CreateOrderReturnCommand, System.Collections.Generic.List<Order.Business.Mediator.Commands.OrderReturn.CreateOrderReturnItem>>
7ffcd1c2c848      1         64 System.Func<System.ValueTuple<System.String, System.Type, System.Reflection.MemberInfo>, System.Func<System.ValueTuple<System.String, System.Type, System.Reflection.MemberInfo>, System.Func<System.Object, System.Boolean>>, System.Text.Json.Serialization.Metadata.ReflectionEmitCachingMemberAccessor+Cache<System.ValueTuple<System.String, System.Type, System.Reflection.MemberInfo>>+CacheEntry>
7ffcd16e08d0      1         64 System.Func<Order.Business.Mediator.Queries.OrderReturn.OrderReturnTrackingListQuery, Order.Business.Mediator.Queries.OrderReturn.OrderReturnTrackingFilter>
7ffcd16e0a60      1         64 System.Action<Order.Business.Mediator.Queries.OrderReturn.OrderReturnTrackingListQuery, Order.Business.Mediator.Queries.OrderReturn.OrderReturnTrackingFilter>
7ffcd16e0bf0      1         64 System.Func<Order.Business.Mediator.Queries.OrderReturn.OrderReturnTrackingListQuery, System.Collections.Generic.List<Utility.Package.UtilityModels.OrderBy>>
7ffcd16e0d80      1         64 System.Action<Order.Business.Mediator.Queries.OrderReturn.OrderReturnTrackingListQuery, System.Collections.Generic.List<Utility.Package.UtilityModels.OrderBy>>
7ffcd16e1250      1         64 System.Func<Order.Business.Mediator.Queries.OrderReturn.OrderReturnTrackingDetailQuery, System.String>
7ffcd16e13e0      1         64 System.Action<Order.Business.Mediator.Queries.OrderReturn.OrderReturnTrackingDetailQuery, System.String>
7ffcd16e2008      1         64 System.Func<Order.API.Applictions.IntegrationEvents.Events.OrderPos.PosUpdateOrderEvent, System.DateTime>
7ffcd16e23f8      1         64 System.Action<Order.API.Applictions.IntegrationEvents.Events.OrderPos.PosUpdateOrderEvent, System.DateTime>
7ffcd16e2620      1         64 System.Func<Order.API.Applictions.IntegrationEvents.Events.OrderPos.PosUpdateOrderEvent, System.Collections.Generic.List<Order.API.Applictions.IntegrationEvents.Events.OrderPos.PosTicketItem>>
7ffcd16e27b0      1         64 System.Action<Order.API.Applictions.IntegrationEvents.Events.OrderPos.PosUpdateOrderEvent, System.Collections.Generic.List<Order.API.Applictions.IntegrationEvents.Events.OrderPos.PosTicketItem>>
7ffcd16e2b18      1         64 System.Action<System.Collections.Generic.List<StandardMessage.AggregateModels.OrderStatusUpdateViewModel>, System.Int32>
7ffcd16e30b8      1         64 System.Func<Order.Business.Model.Order.PosOrder.GetPosOrderRequestJsonModel, Order.Business.Model.Order.PosOrder.GetPosOrderQRRequestJsonModel>
7ffcd16e3248      1         64 System.Action<Order.Business.Model.Order.PosOrder.GetPosOrderRequestJsonModel, Order.Business.Model.Order.PosOrder.GetPosOrderQRRequestJsonModel>
7ffcd16e3818      1         64 System.Func<Order.Business.Model.Order.PosOrder.FinishPosRequestJsonModel, Order.Business.Model.Order.PosOrder.FinishPosOrderRequestJsonModel>
7ffcd16e39a8      1         64 System.Action<Order.Business.Model.Order.PosOrder.FinishPosRequestJsonModel, Order.Business.Model.Order.PosOrder.FinishPosOrderRequestJsonModel>
7ffcd16e7940      1         64 System.Func<Microsoft.AspNetCore.Mvc.ApplicationModels.ApplicationModel, Microsoft.AspNetCore.Mvc.ApplicationModels.ControllerModel, Microsoft.AspNetCore.Mvc.ApplicationModels.ActionModel, Microsoft.AspNetCore.Mvc.ApplicationModels.SelectorModel, Microsoft.AspNetCore.Mvc.Controllers.ControllerActionDescriptor>
7ffcd16ec790      1         64 System.Func<Microsoft.AspNetCore.Mvc.ApplicationModels.PropertyModel, System.Boolean>
7ffcd16ec6a0      1         64 System.Func<Microsoft.AspNetCore.Mvc.ApplicationModels.PropertyModel, Microsoft.AspNetCore.Mvc.Abstractions.ParameterDescriptor>
7ffcd1709018      1         64 System.Func<System.Collections.Generic.IEnumerable<RabbitMQ.Client.AmqpTcpEndpoint>, RabbitMQ.Client.IEndpointResolver>
7ffcd170ba60      1         64 System.Func<System.Net.Sockets.AddressFamily, RabbitMQ.Client.ITcpClient>
7ffcd170bf58      1         64 System.Text.OSEncoding
7ffcd173b760      1         64 System.Func<Microsoft.Extensions.Logging.FormattedLogValues, System.Exception, System.String>
7ffcd1739aa8      1         64 System.Func<System.Int32, System.TimeSpan>
7ffcd177ad20      1         64 System.Func<RabbitMQ.Client.AmqpTcpEndpoint, RabbitMQ.Client.AmqpTcpEndpoint>
7ffcd179a640      1         64 System.Action<System.Diagnostics.ActivityListener, System.Object>
7ffcd179e1a0      2         64 System.Collections.Generic.List<System.Threading.TimerQueue>
7ffcd170b4d8      1         64 System.Net.Security.RemoteCertificateValidationCallback
7ffcd170b650      1         64 System.Net.Security.LocalCertificateSelectionCallback
7ffcd17b9248      1         64 System.Func<System.IntPtr, System.Net.Sockets.ConnectExDelegate>
7ffcd17fbb20      1         64 System.Security.Cryptography.X509Certificates.CertificatePal+CertContextCallback<System.Byte[]>
7ffcd17fe520      1         64 System.Action<System.Threading.AsyncLocalValueChangedArgs<Microsoft.Win32.SafeHandles.SafeAccessTokenHandle>>
7ffcd17f55a8      2         64 Microsoft.Win32.SafeHandles.SafeCertStoreHandle
7ffcd1804260      1         64 System.Net.Security.SafeFreeCredential_SECURITY
7ffcd1820998      1         64 System.Collections.Concurrent.ConcurrentDictionary<System.Net.Security.SslSessionsCache+SslCredKey, System.Net.Security.SafeCredentialReference>+Node
7ffcd183a5f8      1         64 System.Func<RabbitMQ.Client.IModel, RabbitMQ.Client.Impl.ConsumerWorkService+WorkPool>
7ffcd1839598      1         64 System.Func<RabbitMQ.Client.IModel, RabbitMQ.Client.Impl.AsyncConsumerWorkService+WorkPool>
7ffcd182ed98      2         64 Microsoft.Win32.SafeHandles.SafeChainEngineHandle
7ffcd182f018      1         64 System.Security.Cryptography.X509Certificates.CertificatePal+CertContextCallback<Microsoft.Win32.SafeHandles.SafeCertContextHandle>
7ffcd1830488      1         64 System.Func<System.Security.Cryptography.X509Certificates.SafeLocalAllocHandle>
7ffcd1831b38      2         64 Internal.Win32.SafeHandles.SafeRegistryHandle
7ffcd173a880      1         64 System.EventHandler<RabbitMQ.Client.Events.ConnectionBlockedEventArgs>
7ffcd173b2f0      1         64 System.Func<System.String, Microsoft.Extensions.Logging.LogValuesFormatter>
7ffcd200d2f8      1         64 System.EventHandler<System.Net.Sockets.SocketAsyncEventArgs>
7ffcd1fb2920      1         64 System.Func<System.ValueTuple<System.String, System.Type, System.Reflection.MemberInfo>, System.Func<System.ValueTuple<System.String, System.Type, System.Reflection.MemberInfo>, System.Action<System.Object, Swashbuckle.AspNetCore.SwaggerUI.ModelRendering>>, System.Text.Json.Serialization.Metadata.ReflectionEmitCachingMemberAccessor+Cache<System.ValueTuple<System.String, System.Type, System.Reflection.MemberInfo>>+CacheEntry>
7ffcd1733a00      1         64 System.EventHandler<System.String>
7ffcd1987ab8      1         64 System.IO.Enumeration.FileSystemEnumerable<System.IO.FileSystemInfo>+FindTransform
7ffcd18a1510      2         64 System.Collections.Generic.List<EventBus.Kafka.EventBusKafkaWriterSetting>
7ffcd18a1d30      2         64 System.Collections.Generic.List<EventBus.Kafka.EventBusKafkaReaderSetting>
7ffcd18a1490      2         64 EventBus.Kafka.EventBusKafkaWriterSetting
7ffcd18af4f8      1         64 Confluent.Kafka.Impl.Librdkafka+DeliveryReportDelegate
7ffcd18e10d0      1         64 System.Func<Confluent.Kafka.ErrorCode, System.IntPtr>
7ffcd18e1270      1         64 System.Func<Confluent.Kafka.ErrorCode>
7ffcd18e1548      1         64 System.Func<System.IntPtr, System.Text.StringBuilder, System.UIntPtr, Confluent.Kafka.ErrorCode>
7ffcd18e1b58      1         64 System.Func<System.IntPtr, System.String, System.Int32, System.IntPtr>
7ffcd18e1eb0      1         64 System.Func<System.IntPtr, System.IntPtr, System.IntPtr, System.IntPtr, System.IntPtr, Confluent.Kafka.ErrorCode>
7ffcd18e2070      1         64 Confluent.Kafka.Impl.Librdkafka+headerGetAllDelegate
7ffcd18e21e8      1         64 Confluent.Kafka.Impl.Librdkafka+messageTimestampDelegate
7ffcd18e2360      1         64 Confluent.Kafka.Impl.Librdkafka+messageHeadersDelegate
7ffcd18e24d8      1         64 System.Func<System.IntPtr, Confluent.Kafka.PersistenceStatus>
7ffcd18e2678      1         64 Confluent.Kafka.Impl.Librdkafka+messageLeaderEpoch
7ffcd18e2758      1         64 System.Func<Confluent.Kafka.Impl.SafeConfigHandle>
7ffcd18e2da0      1         64 System.Action<System.IntPtr, Confluent.Kafka.Impl.Librdkafka+DeliveryReportDelegate>
7ffcd18e3008      1         64 System.Action<System.IntPtr, Confluent.Kafka.Impl.Librdkafka+RebalanceDelegate>
7ffcd18e30f8      1         64 System.Action<System.IntPtr, Confluent.Kafka.Impl.Librdkafka+ErrorDelegate>
7ffcd18e3360      1         64 System.Action<System.IntPtr, Confluent.Kafka.Impl.Librdkafka+CommitDelegate>
7ffcd18e3450      1         64 System.Action<System.IntPtr, Confluent.Kafka.Impl.Librdkafka+LogDelegate>
7ffcd18e3540      1         64 System.Action<System.IntPtr, Confluent.Kafka.Impl.Librdkafka+StatsDelegate>
7ffcd18e3630      1         64 System.Action<System.IntPtr, Confluent.Kafka.Impl.Librdkafka+OAuthBearerTokenRefreshDelegate>
7ffcd18e3b08      1         64 System.Func<System.IntPtr, System.String, System.Int64, System.String, System.String[], System.UIntPtr, System.Text.StringBuilder, System.UIntPtr, Confluent.Kafka.ErrorCode>
7ffcd18e4098      1         64 System.Func<Confluent.Kafka.Impl.SafeConfigHandle, Confluent.Kafka.Impl.SafeTopicConfigHandle>
7ffcd18e4510      1         64 System.Action<System.IntPtr, System.UIntPtr>
7ffcd18e4618      1         64 System.Func<Confluent.Kafka.Impl.SafeTopicConfigHandle>
7ffcd18e46f8      1         64 System.Func<Confluent.Kafka.Impl.SafeTopicConfigHandle, Confluent.Kafka.Impl.SafeTopicConfigHandle>
7ffcd18e47e8      1         64 System.Func<Confluent.Kafka.Impl.SafeKafkaHandle, Confluent.Kafka.Impl.SafeTopicConfigHandle>
7ffcd18e4a50      1         64 System.Action<System.IntPtr, Confluent.Kafka.Impl.Librdkafka+PartitionerDelegate>
7ffcd18e4bd8      1         64 System.Func<System.IntPtr, System.Int32, System.Boolean>
7ffcd18e4f20      1         64 System.Action<System.IntPtr, System.Int32>
7ffcd18e5268      1         64 System.Func<System.IntPtr, System.IntPtr, System.IntPtr, System.IntPtr, System.IntPtr>
7ffcd18e5420      1         64 Confluent.Kafka.Impl.Librdkafka+ConsumerGroupMetadataWriteDelegate
7ffcd18e5598      1         64 Confluent.Kafka.Impl.Librdkafka+ConsumerGroupMetadataReadDelegate
7ffcd18e5858      1         64 System.Func<Confluent.Kafka.Impl.RdKafkaType, System.IntPtr, System.Text.StringBuilder, System.UIntPtr, Confluent.Kafka.Impl.SafeKafkaHandle>
7ffcd18e59f8      1         64 System.Func<System.Int64, System.Int64, System.IntPtr>
7ffcd18e5e80      1         64 System.Func<System.IntPtr, System.IntPtr, System.IntPtr, Confluent.Kafka.Impl.SafeTopicHandle>
7ffcd18e61b8      1         64 Confluent.Kafka.Impl.Librdkafka+QueryOffsets
7ffcd18e6330      1         64 Confluent.Kafka.Impl.Librdkafka+GetOffsets
7ffcd18e64a8      1         64 Confluent.Kafka.Impl.Librdkafka+OffsetsForTimes
7ffcd18e67c8      1         64 Confluent.Kafka.Impl.Librdkafka+Subscription
7ffcd18e6940      1         64 Confluent.Kafka.Impl.Librdkafka+Assignment
7ffcd18e6ab8      1         64 System.Func<System.IntPtr, System.IntPtr, System.Boolean, Confluent.Kafka.ErrorCode>
7ffcd18e6db8      1         64 System.Func<System.IntPtr, System.IntPtr, System.IntPtr, Confluent.Kafka.Impl.Librdkafka+CommitDelegate, System.IntPtr, Confluent.Kafka.ErrorCode>
7ffcd18e6f60      1         64 System.Func<System.IntPtr, System.IntPtr, System.IntPtr, Confluent.Kafka.ErrorCode>
7ffcd18e7110      1         64 System.Func<System.IntPtr, System.Int32, System.Int64, System.IntPtr, Confluent.Kafka.ErrorCode>
7ffcd18e72c8      1         64 System.Func<System.IntPtr, System.IntPtr, System.IntPtr, System.IntPtr>
7ffcd18e7478      1         64 Confluent.Kafka.Impl.Librdkafka+Produceva
7ffcd18e75f0      1         64 Confluent.Kafka.Impl.Librdkafka+Flush
7ffcd18e7768      1         64 Confluent.Kafka.Impl.Librdkafka+Metadata
7ffcd18e78e0      1         64 Confluent.Kafka.Impl.Librdkafka+ListGroups
7ffcd18e7b90      1         64 System.Func<System.IntPtr, System.String, System.IntPtr>
7ffcd18e7d20      1         64 Confluent.Kafka.Impl.Librdkafka+_sasl_set_credentials_delegate
7ffcd18e7f40      1         64 System.Func<System.IntPtr, Confluent.Kafka.Impl.Librdkafka+EventType>
7ffcd18e8188      1         64 System.Func<System.IntPtr, Confluent.Kafka.Impl.Librdkafka+AdminOp, System.IntPtr>
7ffcd18e8760      1         64 System.Func<System.IntPtr, System.Int32, System.Text.StringBuilder, System.UIntPtr, Confluent.Kafka.ErrorCode>
7ffcd18e8900      1         64 Confluent.Kafka.Impl.Librdkafka+AdminOptions_set_match_consumer_group_states_delegate
7ffcd18e8a78      1         64 Confluent.Kafka.Impl.Librdkafka+AdminOptions_set_match_consumer_group_types_delegate
7ffcd18e8d40      1         64 System.Func<System.String, System.IntPtr, System.IntPtr, System.Text.StringBuilder, System.UIntPtr, System.IntPtr>
7ffcd18e9978      1         64 Confluent.Kafka.Impl.Librdkafka+_CreateTopics_result_topics_delegate
7ffcd18e9da8      1         64 Confluent.Kafka.Impl.Librdkafka+_DeleteTopics_result_topics_delegate
7ffcd18e9f20      1         64 Confluent.Kafka.Impl.Librdkafka+_DeleteGroups_result_groups_delegate
7ffcd18ea1d0      1         64 System.Func<System.String, System.IntPtr, System.IntPtr>
7ffcd18ea360      1         64 Confluent.Kafka.Impl.Librdkafka+_DeleteConsumerGroupOffsets_result_groups_delegate
7ffcd18ea620      1         64 System.Func<System.String, System.UIntPtr, System.Text.StringBuilder, System.UIntPtr, System.IntPtr>
7ffcd18ea7c0      1         64 Confluent.Kafka.Impl.Librdkafka+_CreatePartitions_result_topics_delegate
7ffcd18ea9e0      1         64 System.Func<Confluent.Kafka.Admin.ConfigSource, System.IntPtr>
7ffcd18eab80      1         64 System.Func<System.IntPtr, Confluent.Kafka.Admin.ConfigSource>
7ffcd18ead20      1         64 Confluent.Kafka.Impl.Librdkafka+_ConfigEntry_synonyms_delegate
7ffcd18eaf40      1         64 System.Func<Confluent.Kafka.Admin.ResourceType, System.IntPtr>
7ffcd18eb218      1         64 System.Func<Confluent.Kafka.Admin.ResourceType, System.String, System.IntPtr>
7ffcd18eb598      1         64 System.Func<System.IntPtr, System.String, Confluent.Kafka.Admin.AlterConfigOpType, System.String, System.IntPtr>
7ffcd18eb738      1         64 Confluent.Kafka.Impl.Librdkafka+_ConfigResource_configs_delegate
7ffcd18eb8b0      1         64 System.Func<System.IntPtr, Confluent.Kafka.Admin.ResourceType>
7ffcd18eba50      1         64 Confluent.Kafka.Impl.Librdkafka+_AlterConfigs_result_resources_delegate
7ffcd18ebbc8      1         64 Confluent.Kafka.Impl.Librdkafka+_IncrementalAlterConfigs_result_resources_delegate
7ffcd18ebd40      1         64 Confluent.Kafka.Impl.Librdkafka+_DescribeConfigs_result_resources_delegate
7ffcd18ebeb8      1         64 Confluent.Kafka.Impl.Librdkafka+_AclBinding_new_delegate
7ffcd18ec030      1         64 Confluent.Kafka.Impl.Librdkafka+_AclBindingFilter_new_delegate
7ffcd18ec1a8      1         64 Confluent.Kafka.Impl.Librdkafka+_AclBinding_destroy_delegate
7ffcd18ec320      1         64 Confluent.Kafka.Impl.Librdkafka+_AclBinding_restype_delegate
7ffcd18ec498      1         64 Confluent.Kafka.Impl.Librdkafka+_AclBinding_name_delegate
7ffcd18ec610      1         64 Confluent.Kafka.Impl.Librdkafka+_AclBinding_resource_pattern_type_delegate
7ffcd18ec788      1         64 Confluent.Kafka.Impl.Librdkafka+_AclBinding_principal_delegate
7ffcd18ec900      1         64 Confluent.Kafka.Impl.Librdkafka+_AclBinding_host_delegate
7ffcd18eca78      1         64 Confluent.Kafka.Impl.Librdkafka+_AclBinding_operation_delegate
7ffcd18ecbf0      1         64 Confluent.Kafka.Impl.Librdkafka+_AclBinding_permission_type_delegate
7ffcd18ecd68      1         64 Confluent.Kafka.Impl.Librdkafka+_CreateAcls_delegate
7ffcd18ecee0      1         64 Confluent.Kafka.Impl.Librdkafka+_CreateAcls_result_acls_delegate
7ffcd18ed058      1         64 Confluent.Kafka.Impl.Librdkafka+_acl_result_error_delegate
7ffcd18ed1d0      1         64 Confluent.Kafka.Impl.Librdkafka+_DescribeAcls_delegate
7ffcd18ed348      1         64 Confluent.Kafka.Impl.Librdkafka+_DescribeAcls_result_acls_delegate
7ffcd18ed4c0      1         64 Confluent.Kafka.Impl.Librdkafka+_DeleteAcls_delegate
7ffcd18ed638      1         64 Confluent.Kafka.Impl.Librdkafka+_DeleteAcls_result_responses_delegate
7ffcd18ed7b0      1         64 Confluent.Kafka.Impl.Librdkafka+_DeleteAcls_result_response_error_delegate
7ffcd18ed928      1         64 Confluent.Kafka.Impl.Librdkafka+_DeleteAcls_result_response_matching_acls_delegate
7ffcd18edaa0      1         64 Confluent.Kafka.Impl.Librdkafka+_AlterConsumerGroupOffsets_new_delegate
7ffcd18edc18      1         64 Confluent.Kafka.Impl.Librdkafka+_AlterConsumerGroupOffsets_destroy_delegate
7ffcd18edd90      1         64 Confluent.Kafka.Impl.Librdkafka+_AlterConsumerGroupOffsets_result_groups_delegate
7ffcd18edf08      1         64 Confluent.Kafka.Impl.Librdkafka+_AlterConsumerGroupOffsets_delegate
7ffcd18ee080      1         64 Confluent.Kafka.Impl.Librdkafka+_ListConsumerGroupOffsets_new_delegate
7ffcd18ee1f8      1         64 Confluent.Kafka.Impl.Librdkafka+_ListConsumerGroupOffsets_destroy_delegate
7ffcd18ee370      1         64 Confluent.Kafka.Impl.Librdkafka+_ListConsumerGroupOffsets_result_groups_delegate
7ffcd18ee4e8      1         64 Confluent.Kafka.Impl.Librdkafka+_ListConsumerGroupOffsets_delegate
7ffcd18ee660      1         64 Confluent.Kafka.Impl.Librdkafka+_ListConsumerGroups_delegate
7ffcd18ee7d8      1         64 Confluent.Kafka.Impl.Librdkafka+_ConsumerGroupListing_group_id_delegate
7ffcd18ee950      1         64 Confluent.Kafka.Impl.Librdkafka+_ConsumerGroupListing_is_simple_consumer_group_delegate
7ffcd18eeac8      1         64 Confluent.Kafka.Impl.Librdkafka+_ConsumerGroupListing_state_delegate
7ffcd18eec40      1         64 Confluent.Kafka.Impl.Librdkafka+_ConsumerGroupListing_type_delegate
7ffcd18eedb8      1         64 Confluent.Kafka.Impl.Librdkafka+_ListConsumerGroups_result_valid_delegate
7ffcd18eef30      1         64 Confluent.Kafka.Impl.Librdkafka+_ListConsumerGroups_result_errors_delegate
7ffcd18ef0a8      1         64 Confluent.Kafka.Impl.Librdkafka+_DescribeConsumerGroups_delegate
7ffcd18ef220      1         64 Confluent.Kafka.Impl.Librdkafka+_DescribeConsumerGroups_result_groups_delegate
7ffcd18ef398      1         64 Confluent.Kafka.Impl.Librdkafka+_ConsumerGroupDescription_group_id_delegate
7ffcd18ef510      1         64 Confluent.Kafka.Impl.Librdkafka+_ConsumerGroupDescription_error_delegate
7ffcd18ef688      1         64 Confluent.Kafka.Impl.Librdkafka+_ConsumerGroupDescription_is_simple_consumer_group_delegate
7ffcd18ef800      1         64 Confluent.Kafka.Impl.Librdkafka+_ConsumerGroupDescription_partition_assignor_delegate
7ffcd18ef978      1         64 Confluent.Kafka.Impl.Librdkafka+_ConsumerGroupDescription_state_delegate
7ffcd18efaf0      1         64 Confluent.Kafka.Impl.Librdkafka+_ConsumerGroupDescription_type_delegate
7ffcd18efc68      1         64 Confluent.Kafka.Impl.Librdkafka+_ConsumerGroupDescription_coordinator_delegate
7ffcd18efde0      1         64 Confluent.Kafka.Impl.Librdkafka+_ConsumerGroupDescription_member_count_delegate
7ffcd18eff58      1         64 Confluent.Kafka.Impl.Librdkafka+_ConsumerGroupDescription_authorized_operations_delegate
7ffcd19000d8      1         64 Confluent.Kafka.Impl.Librdkafka+_ConsumerGroupDescription_member_delegate
7ffcd1900250      1         64 Confluent.Kafka.Impl.Librdkafka+_MemberDescription_client_id_delegate
7ffcd19003c8      1         64 Confluent.Kafka.Impl.Librdkafka+_MemberDescription_group_instance_id_delegate
7ffcd1900540      1         64 Confluent.Kafka.Impl.Librdkafka+_MemberDescription_consumer_id_delegate
7ffcd19006b8      1         64 Confluent.Kafka.Impl.Librdkafka+_MemberDescription_host_delegate
7ffcd1900830      1         64 Confluent.Kafka.Impl.Librdkafka+_MemberDescription_assignment_delegate
7ffcd19009a8      1         64 Confluent.Kafka.Impl.Librdkafka+_MemberAssignment_partitions_delegate
7ffcd1900b20      1         64 Confluent.Kafka.Impl.Librdkafka+_MemberDescription_target_assignment_delegate
7ffcd1900c98      1         64 Confluent.Kafka.Impl.Librdkafka+_Node_id_delegate
7ffcd1900e10      1         64 Confluent.Kafka.Impl.Librdkafka+_Node_host_delegate
7ffcd1900f88      1         64 Confluent.Kafka.Impl.Librdkafka+_Node_port_delegate
7ffcd1901100      1         64 Confluent.Kafka.Impl.Librdkafka+_Node_rack_delegate
7ffcd1901278      1         64 Confluent.Kafka.Impl.Librdkafka+_DescribeUserScramCredentials_delegate
7ffcd19013f0      1         64 Confluent.Kafka.Impl.Librdkafka+_DescribeUserScramCredentials_result_descriptions_delegate
7ffcd1901568      1         64 Confluent.Kafka.Impl.Librdkafka+_UserScramCredentialsDescription_user_delegate
7ffcd19016e0      1         64 Confluent.Kafka.Impl.Librdkafka+_UserScramCredentialsDescription_error_delegate
7ffcd1901858      1         64 Confluent.Kafka.Impl.Librdkafka+_UserScramCredentialsDescription_scramcredentialinfo_count_delegate
7ffcd19019d0      1         64 Confluent.Kafka.Impl.Librdkafka+_UserScramCredentialsDescription_scramcredentialinfo_delegate
7ffcd1901b48      1         64 Confluent.Kafka.Impl.Librdkafka+_ScramCredentialInfo_mechanism_delegate
7ffcd1901cc0      1         64 Confluent.Kafka.Impl.Librdkafka+_ScramCredentialInfo_iterations_delegate
7ffcd1901e38      1         64 Confluent.Kafka.Impl.Librdkafka+_UserScramCredentialUpsertion_new_delegate
7ffcd1901fb0      1         64 Confluent.Kafka.Impl.Librdkafka+_UserScramCredentialDeletion_new_delegate
7ffcd1902128      1         64 Confluent.Kafka.Impl.Librdkafka+_UserScramCredentialAlteration_destroy_delegate
7ffcd19022a0      1         64 Confluent.Kafka.Impl.Librdkafka+_AlterUserScramCredentials_delegate
7ffcd1902418      1         64 Confluent.Kafka.Impl.Librdkafka+_AlterUserScramCredentials_result_responses_delegate
7ffcd1902590      1         64 Confluent.Kafka.Impl.Librdkafka+_AlterUserScramCredentials_result_response_user_delegate
7ffcd1902708      1         64 Confluent.Kafka.Impl.Librdkafka+_AlterUserScramCredentials_result_response_error_delegate
7ffcd1902880      1         64 Confluent.Kafka.Impl.Librdkafka+_ListOffsets_delegate
7ffcd19029f8      1         64 Confluent.Kafka.Impl.Librdkafka+_ListOffsets_result_infos_delegate
7ffcd1902b70      1         64 Confluent.Kafka.Impl.Librdkafka+_ListOffsetsResultInfo_timestamp_delegate
7ffcd1902ce8      1         64 Confluent.Kafka.Impl.Librdkafka+_ListOffsetsResultInfo_topic_partition_delegate
7ffcd1902e60      1         64 Confluent.Kafka.Impl.Librdkafka+_DescribeTopics_delegate
7ffcd1902fd8      1         64 Confluent.Kafka.Impl.Librdkafka+_DescribeTopics_result_topics_delegate
7ffcd1903150      1         64 Confluent.Kafka.Impl.Librdkafka+_TopicCollection_of_topic_names_delegate
7ffcd19032c8      1         64 Confluent.Kafka.Impl.Librdkafka+_TopicCollection_destroy_delegate
7ffcd1903440      1         64 Confluent.Kafka.Impl.Librdkafka+_TopicDescription_error_delegate
7ffcd19035b8      1         64 Confluent.Kafka.Impl.Librdkafka+_TopicDescription_name_delegate
7ffcd1903730      1         64 Confluent.Kafka.Impl.Librdkafka+_TopicDescription_topic_id_delegate
7ffcd19038a8      1         64 Confluent.Kafka.Impl.Librdkafka+_TopicDescription_partitions_delegate
7ffcd1903a20      1         64 Confluent.Kafka.Impl.Librdkafka+_TopicDescription_is_internal_delegate
7ffcd1903b98      1         64 Confluent.Kafka.Impl.Librdkafka+_TopicDescription_authorized_operations_delegate
7ffcd1903d10      1         64 Confluent.Kafka.Impl.Librdkafka+_TopicPartitionInfo_isr_delegate
7ffcd1903e88      1         64 Confluent.Kafka.Impl.Librdkafka+_TopicPartitionInfo_leader_delegate
7ffcd1904000      1         64 Confluent.Kafka.Impl.Librdkafka+_TopicPartitionInfo_partition_delegate
7ffcd1904178      1         64 Confluent.Kafka.Impl.Librdkafka+_TopicPartitionInfo_replicas_delegate
7ffcd19042f0      1         64 Confluent.Kafka.Impl.Librdkafka+_ElectLeadersRequest_new_delegate
7ffcd1904468      1         64 Confluent.Kafka.Impl.Librdkafka+_ElectLeadersRequest_destroy_delegate
7ffcd19045e0      1         64 Confluent.Kafka.Impl.Librdkafka+_ElectLeaders_delegate
7ffcd1904758      1         64 Confluent.Kafka.Impl.Librdkafka+_ElectLeaders_result_partitions_delegate
7ffcd19048d0      1         64 Confluent.Kafka.Impl.Librdkafka+_TopicPartitionResult_partition_delegate
7ffcd1904a48      1         64 Confluent.Kafka.Impl.Librdkafka+_TopicPartitionResult_error_delegate
7ffcd1904bc0      1         64 Confluent.Kafka.Impl.Librdkafka+_DescribeCluster_delegate
7ffcd1904d38      1         64 Confluent.Kafka.Impl.Librdkafka+_DescribeCluster_result_nodes_delegate
7ffcd1904eb0      1         64 Confluent.Kafka.Impl.Librdkafka+_DescribeCluster_result_authorized_operations_delegate
7ffcd1905028      1         64 Confluent.Kafka.Impl.Librdkafka+_DescribeCluster_result_controller_delegate
7ffcd19051a0      1         64 Confluent.Kafka.Impl.Librdkafka+_DescribeCluster_result_cluster_id_delegate
7ffcd1273a38      1         64 Microsoft.AspNetCore.Http.Features.FormOptions
7ffcd1260410      1         64 System.Action<Microsoft.Extensions.Diagnostics.Metrics.MetricsOptions>
7ffcd197bdc0      1         64 System.Func<System.String, Microsoft.Extensions.Options.IOptionsFactory<Microsoft.Extensions.Diagnostics.Metrics.MetricsOptions>, Microsoft.Extensions.Diagnostics.Metrics.MetricsOptions>
7ffcd197c670      1         64 System.Func<System.String, System.ValueTuple<System.Func<System.String, Microsoft.Extensions.Options.IOptionsFactory<Microsoft.Extensions.Diagnostics.Metrics.MetricsOptions>, Microsoft.Extensions.Diagnostics.Metrics.MetricsOptions>, Microsoft.Extensions.Options.IOptionsFactory<Microsoft.Extensions.Diagnostics.Metrics.MetricsOptions>>, System.Lazy<Microsoft.Extensions.Diagnostics.Metrics.MetricsOptions>>
7ffcd197fe08      1         64 System.Func<System.String, Microsoft.Extensions.Options.IOptionsFactory<Microsoft.Extensions.DependencyInjection.MetricsServiceExtensions+NoOpOptions>, Microsoft.Extensions.DependencyInjection.MetricsServiceExtensions+NoOpOptions>
7ffcd1980268      1         64 System.Func<System.String, System.ValueTuple<System.Func<System.String, Microsoft.Extensions.Options.IOptionsFactory<Microsoft.Extensions.DependencyInjection.MetricsServiceExtensions+NoOpOptions>, Microsoft.Extensions.DependencyInjection.MetricsServiceExtensions+NoOpOptions>, Microsoft.Extensions.Options.IOptionsFactory<Microsoft.Extensions.DependencyInjection.MetricsServiceExtensions+NoOpOptions>>, System.Lazy<Microsoft.Extensions.DependencyInjection.MetricsServiceExtensions+NoOpOptions>>
7ffcd1981a78      1         64 System.Func<System.Threading.Tasks.Task<Microsoft.AspNetCore.DataProtection.KeyManagement.Internal.CacheableKeyRing>, System.AggregateException>
7ffcd19e6670      1         64 System.Xml.Linq.XHashtable<System.Xml.Linq.XName>+ExtractKeyDelegate
7ffcd19e6448      1         64 System.Xml.Linq.XHashtable<System.WeakReference<System.Xml.Linq.XNamespace>>+ExtractKeyDelegate
7ffcd1ad3480      1         64 System.Collections.Specialized.NotifyCollectionChangedEventHandler
7ffcd1ade540      1         64 System.Action<Microsoft.AspNetCore.Cors.Infrastructure.CorsPolicyBuilder>
7ffcd14a0278      1         64 Microsoft.AspNetCore.Cors.Infrastructure.CorsMiddleware
7ffcd1b11028      1         64 Microsoft.AspNetCore.Builder.StaticFileOptions
7ffcd1b11dd0      1         64 System.Action<Microsoft.AspNetCore.StaticFiles.StaticFileResponseContext>
7ffcd1b11eb0      1         64 System.Func<Microsoft.AspNetCore.StaticFiles.StaticFileResponseContext, System.Threading.Tasks.Task>
7ffcd1b10370      1         64 Microsoft.AspNetCore.StaticFiles.StaticFileMiddleware
7ffcd1b12f60      1         64 System.Func<Microsoft.AspNetCore.Routing.Template.TemplateSegment, Microsoft.AspNetCore.Routing.Patterns.RoutePatternPathSegment>
7ffcd1b138c0      1         64 System.Func<Microsoft.AspNetCore.Routing.Template.TemplatePart, Microsoft.AspNetCore.Routing.Patterns.RoutePatternPart>
7ffcd1b143d0      1         64 System.Func<Microsoft.AspNetCore.Routing.Template.InlineConstraint, Microsoft.AspNetCore.Routing.Patterns.RoutePatternParameterPolicyReference>
7ffcd12f31f8      1         64 System.Func<System.Collections.Generic.IReadOnlyList<Microsoft.AspNetCore.Http.Endpoint>, System.Collections.Concurrent.ConcurrentDictionary<Microsoft.AspNetCore.Http.Endpoint, Microsoft.AspNetCore.Authorization.AuthorizationPolicy>>
7ffcd12f32e8      1         64 System.Func<System.Collections.Concurrent.ConcurrentDictionary<Microsoft.AspNetCore.Http.Endpoint, Microsoft.AspNetCore.Authorization.AuthorizationPolicy>>
7ffcd1b1c0a0      2         64 System.Collections.Generic.List<Microsoft.AspNetCore.Http.Endpoint>
7ffcd1b38198      1         64 System.Func<System.String, Microsoft.Extensions.Options.IOptionsFactory<Microsoft.AspNetCore.HostFiltering.HostFilteringOptions>, Microsoft.AspNetCore.HostFiltering.HostFilteringOptions>
7ffcd1b38580      1         64 System.Func<System.String, System.ValueTuple<System.Func<System.String, Microsoft.Extensions.Options.IOptionsFactory<Microsoft.AspNetCore.HostFiltering.HostFilteringOptions>, Microsoft.AspNetCore.HostFiltering.HostFilteringOptions>, Microsoft.Extensions.Options.IOptionsFactory<Microsoft.AspNetCore.HostFiltering.HostFilteringOptions>>, System.Lazy<Microsoft.AspNetCore.HostFiltering.HostFilteringOptions>>
7ffcd1b3fbe0      2         64 System.Globalization.GregorianCalendar
7ffcd1b3df68      1         64 System.Func<Microsoft.AspNetCore.Server.Kestrel.Core.ListenOptions, System.Threading.CancellationToken, System.Threading.Tasks.Task>
7ffcd1b45da0      1         64 System.Action<Microsoft.AspNetCore.Http.Features.FeatureCollection, Microsoft.AspNetCore.Server.Kestrel.Core.ListenOptions, Microsoft.Extensions.Logging.ILogger<Microsoft.AspNetCore.Server.Kestrel.Https.Internal.HttpsConnectionMiddleware>>
7ffcd1b43860      1         64 System.Func<Microsoft.AspNetCore.Server.Kestrel.Core.ListenOptions, Microsoft.AspNetCore.Server.Kestrel.Core.ListenOptions>
7ffcd1b49808      2         64 System.Collections.Generic.List<System.Func<Microsoft.AspNetCore.Connections.ConnectionDelegate, Microsoft.AspNetCore.Connections.ConnectionDelegate>>
7ffcd1b4a000      2         64 System.Collections.Generic.List<System.Func<Microsoft.AspNetCore.Connections.MultiplexedConnectionDelegate, Microsoft.AspNetCore.Connections.MultiplexedConnectionDelegate>>
7ffcd1b4e588      2         64 Microsoft.AspNetCore.Server.Kestrel.Core.Internal.Infrastructure.TransportManager+<>c__DisplayClass8_0
7ffcd1b50b28      1         64 System.Action<System.Object, Microsoft.AspNetCore.PinnedBlockMemoryPool>
7ffcd1b52f38      2         64 Microsoft.AspNetCore.Server.Kestrel.Core.Internal.Infrastructure.TransportConnectionManager
7ffcd1b56c80      1         64 System.Func<System.IntPtr, System.Net.Sockets.AcceptExDelegate>
7ffcd1b72f00      1         64 System.Func<Microsoft.AspNetCore.Mvc.ApiExplorer.IApiDescriptionProvider, System.Int32>
7ffcd1b73b48      1         64 System.Func<Microsoft.AspNetCore.Mvc.ApiExplorer.IApiDescriptionProvider, Microsoft.AspNetCore.Mvc.ApiExplorer.IApiDescriptionProvider>
7ffcd1b75250      1         64 System.Func<Microsoft.AspNetCore.Mvc.ActionConstraints.HttpMethodActionConstraint, System.Collections.Generic.IEnumerable<System.String>>
7ffcd1b84cb8      1         64 System.Func<Order.Business.Mediator.Queries.OrderInquiry.GetOrderInquiryByOrderIdQuery, System.String>
7ffcd1b84e48      1         64 System.Action<Order.Business.Mediator.Queries.OrderInquiry.GetOrderInquiryByOrderIdQuery, System.String>
7ffcd1b84fd8      1         64 System.Func<Order.Business.Mediator.Queries.CompanyBUMapping.DeleteCompanyBuMappingQuery, System.Int32>
7ffcd1b85168      1         64 System.Action<Order.Business.Mediator.Queries.CompanyBUMapping.DeleteCompanyBuMappingQuery, System.Int32>
7ffcd1b852f8      1         64 System.Func<Order.Business.Mediator.Queries.RoleChannelMapping.DeleteRoleChannelMappingQuery, System.Int32>
7ffcd1b85488      1         64 System.Action<Order.Business.Mediator.Queries.RoleChannelMapping.DeleteRoleChannelMappingQuery, System.Int32>
7ffcd1b85cd8      1         64 System.Func<Order.Business.Mediator.Queries.SysChannel.GetSysChannelQuery, System.Boolean>
7ffcd1b860c8      1         64 System.Action<Order.Business.Mediator.Queries.SysChannel.GetSysChannelQuery, System.Boolean>
7ffcd1b864b8      1         64 System.Func<Order.Business.Mediator.Queries.SysChannel.GetSysChannelByIdQuery, System.Int64>
7ffcd1b868a8      1         64 System.Action<Order.Business.Mediator.Queries.SysChannel.GetSysChannelByIdQuery, System.Int64>
7ffcd1b88138      1         64 System.Func<Order.Business.Mediator.Queries.SysChannel.DeleteSysChannelQuery, System.Int64>
7ffcd1b882c8      1         64 System.Action<Order.Business.Mediator.Queries.SysChannel.DeleteSysChannelQuery, System.Int64>
7ffcd1b88b18      1         64 System.Func<Order.Business.Mediator.Queries.SysChannel.GetConfigChannelUploadMappingQuery, System.Boolean>
7ffcd1b88ca8      1         64 System.Action<Order.Business.Mediator.Queries.SysChannel.GetConfigChannelUploadMappingQuery, System.Boolean>
7ffcd1b894f8      1         64 System.Func<Order.Business.Mediator.Queries.SysDeliverySubType.GetSysDeliverySubTypeQuery, System.Boolean>
7ffcd1b89688      1         64 System.Action<Order.Business.Mediator.Queries.SysDeliverySubType.GetSysDeliverySubTypeQuery, System.Boolean>
7ffcd1b89818      1         64 System.Func<Order.Business.Mediator.Queries.SysDeliverySubType.GetSysDeliverySubTypeByIdQuery, System.Int64>
7ffcd1b899a8      1         64 System.Action<Order.Business.Mediator.Queries.SysDeliverySubType.GetSysDeliverySubTypeByIdQuery, System.Int64>
7ffcd1b89b38      1         64 System.Func<Order.Business.Mediator.Queries.SysDeliverySubType.DeleteSysDeliverySubTypeQuery, System.Int64>
7ffcd1b89cc8      1         64 System.Action<Order.Business.Mediator.Queries.SysDeliverySubType.DeleteSysDeliverySubTypeQuery, System.Int64>
7ffcd1b8a518      1         64 System.Func<Order.Business.Mediator.Queries.SysDeliveryType.GetSysDeliveryTypeQuery, System.Boolean>
7ffcd1b8a6a8      1         64 System.Action<Order.Business.Mediator.Queries.SysDeliveryType.GetSysDeliveryTypeQuery, System.Boolean>
7ffcd1b8a838      1         64 System.Func<Order.Business.Mediator.Queries.SysDeliveryType.GetSysDeliveryTypeByIdQuery, System.Int64>
7ffcd1b8a9c8      1         64 System.Action<Order.Business.Mediator.Queries.SysDeliveryType.GetSysDeliveryTypeByIdQuery, System.Int64>
7ffcd1b8ab58      1         64 System.Func<Order.Business.Mediator.Queries.SysDeliveryType.DeleteSysDeliveryTypeQuery, System.Int64>
7ffcd1b8ace8      1         64 System.Action<Order.Business.Mediator.Queries.SysDeliveryType.DeleteSysDeliveryTypeQuery, System.Int64>
7ffcd1b8b538      1         64 System.Func<Order.Business.Mediator.Queries.SysFulfillmentType.GetSysFulfillmentTypesQuery, System.Boolean>
7ffcd1b8b6c8      1         64 System.Action<Order.Business.Mediator.Queries.SysFulfillmentType.GetSysFulfillmentTypesQuery, System.Boolean>
7ffcd1b8b858      1         64 System.Func<Order.Business.Mediator.Queries.SysFulfillmentType.GetSysFulfillmentTypeByIdQuery, System.Int64>
7ffcd1b8b9e8      1         64 System.Action<Order.Business.Mediator.Queries.SysFulfillmentType.GetSysFulfillmentTypeByIdQuery, System.Int64>
7ffcd1b8bb78      1         64 System.Func<Order.Business.Mediator.Queries.SysFulfillmentType.DeleteSysFulfillmentTypeQuery, System.Int64>
7ffcd1b8bd08      1         64 System.Action<Order.Business.Mediator.Queries.SysFulfillmentType.DeleteSysFulfillmentTypeQuery, System.Int64>
7ffcd1b8c558      1         64 System.Func<Order.Business.Mediator.Queries.SysOrderFulfillmentType.GetSysOrderFulfillmentTypesQuery, System.Boolean>
7ffcd1b8c6e8      1         64 System.Action<Order.Business.Mediator.Queries.SysOrderFulfillmentType.GetSysOrderFulfillmentTypesQuery, System.Boolean>
7ffcd1b8c878      1         64 System.Func<Order.Business.Mediator.Queries.SysOrderFulfillmentType.GetSysOrderFulfillmentTypeByIdQuery, System.Int64>
7ffcd1b8ca08      1         64 System.Action<Order.Business.Mediator.Queries.SysOrderFulfillmentType.GetSysOrderFulfillmentTypeByIdQuery, System.Int64>
7ffcd1b8cb98      1         64 System.Func<Order.Business.Mediator.Queries.SysOrderFulfillmentType.DeleteSysOrderFulfillmentTypeQuery, System.Int64>
7ffcd1b8cd28      1         64 System.Action<Order.Business.Mediator.Queries.SysOrderFulfillmentType.DeleteSysOrderFulfillmentTypeQuery, System.Int64>
7ffcd1b8d5b8      1         64 System.Func<Order.Business.Mediator.Queries.SysOrderType.GetSysOrderTypeQuery, System.Boolean>
7ffcd1b8d748      1         64 System.Action<Order.Business.Mediator.Queries.SysOrderType.GetSysOrderTypeQuery, System.Boolean>
7ffcd1b8d8d8      1         64 System.Func<Order.Business.Mediator.Queries.SysOrderType.GetSysOrderTypeByIdQuery, System.Int32>
7ffcd1b8da68      1         64 System.Action<Order.Business.Mediator.Queries.SysOrderType.GetSysOrderTypeByIdQuery, System.Int32>
7ffcd1b8dbf8      1         64 System.Func<Order.Business.Mediator.Queries.SysOrderType.DeleteSysOrderTypeQuery, System.Int32>
7ffcd1b8dd88      1         64 System.Action<Order.Business.Mediator.Queries.SysOrderType.DeleteSysOrderTypeQuery, System.Int32>
7ffcd1b8e5d8      1         64 System.Func<Order.Business.Mediator.Queries.SysRunningNumber.GetSysRunningNumberQuery, System.Boolean>
7ffcd1b8e768      1         64 System.Action<Order.Business.Mediator.Queries.SysRunningNumber.GetSysRunningNumberQuery, System.Boolean>
7ffcd1b8e8f8      1         64 System.Func<Order.Business.Mediator.Queries.SysRunningNumber.GetSysRunningNumberByIdQuery, System.Int32>
7ffcd1b8ea88      1         64 System.Action<Order.Business.Mediator.Queries.SysRunningNumber.GetSysRunningNumberByIdQuery, System.Int32>
7ffcd1b8ec18      1         64 System.Func<Order.Business.Mediator.Queries.SysRunningNumber.GenDocumentNumberQuery, System.String>
7ffcd1b8eda8      1         64 System.Action<Order.Business.Mediator.Queries.SysRunningNumber.GenDocumentNumberQuery, System.String>
7ffcd1b8ef38      1         64 System.Func<Order.Business.Mediator.Queries.SysRunningNumber.GenDocumentNumberQuery, System.Nullable<System.DateTime>>
7ffcd1b8f0c8      1         64 System.Action<Order.Business.Mediator.Queries.SysRunningNumber.GenDocumentNumberQuery, System.Nullable<System.DateTime>>
7ffcd1b8f258      1         64 System.Func<Order.Business.Mediator.Queries.SysRunningNumber.GenDocumentNumbersQuery, System.String>
7ffcd1b8f3e8      1         64 System.Action<Order.Business.Mediator.Queries.SysRunningNumber.GenDocumentNumbersQuery, System.String>
7ffcd1b8f578      1         64 System.Func<Order.Business.Mediator.Queries.SysRunningNumber.GenDocumentNumbersQuery, System.Int32>
7ffcd1b8f708      1         64 System.Action<Order.Business.Mediator.Queries.SysRunningNumber.GenDocumentNumbersQuery, System.Int32>
7ffcd1b8f898      1         64 System.Func<Order.Business.Mediator.Queries.SysRunningNumber.GenDocumentNumbersQuery, System.Nullable<System.DateTime>>
7ffcd1b8fa28      1         64 System.Action<Order.Business.Mediator.Queries.SysRunningNumber.GenDocumentNumbersQuery, System.Nullable<System.DateTime>>
7ffcd1b905b0      1         64 System.Func<Utility.Package.UtilityModels.OrderBy, System.String>
7ffcd1b90740      1         64 System.Action<Utility.Package.UtilityModels.OrderBy, System.String>
7ffcd1b908d0      1         64 System.Func<Utility.Package.UtilityModels.OrderBy, System.Boolean>
7ffcd1b90a60      1         64 System.Action<Utility.Package.UtilityModels.OrderBy, System.Boolean>
7ffcd1b90c00      1         64 System.Func<Order.Business.Mediator.Queries.SysStatus.GetSysStatusByIdQuery, System.Int64>
7ffcd1b90d90      1         64 System.Action<Order.Business.Mediator.Queries.SysStatus.GetSysStatusByIdQuery, System.Int64>
7ffcd1b90f20      1         64 System.Func<Order.Business.Mediator.Queries.SysStatus.DeleteSysStatusQuery, System.Int64>
7ffcd1b910b0      1         64 System.Action<Order.Business.Mediator.Queries.SysStatus.DeleteSysStatusQuery, System.Int64>
7ffcd1b74280      1         64 System.Func<System.Linq.IGrouping<System.String, Microsoft.AspNetCore.Mvc.ApiExplorer.ApiDescription>, Microsoft.AspNetCore.Mvc.ApiExplorer.ApiDescriptionGroup>
7ffcd1b70ad8      1         64 System.Func<Microsoft.AspNetCore.Mvc.ApiExplorer.ApiParameterDescription, Microsoft.WebTools.ApiEndpointDiscovery.Contracts.EndpointParameter>
7ffcd1b71198      1         64 System.Func<Microsoft.AspNetCore.Mvc.ApiExplorer.ApiResponseType, Microsoft.WebTools.ApiEndpointDiscovery.Contracts.ReturnInfo>
7ffcd1b961c8      1         64 System.Func<Microsoft.AspNetCore.Mvc.ApiExplorer.ApiResponseFormat, System.String>
7ffcd1b5f730      1         64 System.Func<Microsoft.WebTools.ApiEndpointDiscovery.Contracts.EndpointInfo, System.String>
7ffcd1b9d3d0      1         64 System.Func<System.Type, System.Text.Json.JsonSerializerOptions+CachingContext, System.Text.Json.JsonSerializerOptions+CachingContext+CacheEntry>
7ffcd1c16ec0      1         64 System.Func<System.ValueTuple<System.String, System.Type, System.Reflection.MemberInfo>, System.Func<System.ValueTuple<System.String, System.Type, System.Reflection.MemberInfo>, System.Func<System.Object>>, System.Text.Json.Serialization.Metadata.ReflectionEmitCachingMemberAccessor+Cache<System.ValueTuple<System.String, System.Type, System.Reflection.MemberInfo>>+CacheEntry>
7ffcd1c63588      1         64 System.Func<Microsoft.WebTools.ApiEndpointDiscovery.Contracts.EndpointInfo, Microsoft.WebTools.ApiEndpointDiscovery.Contracts.EndpointInfo>
7ffcd1c667e8      1         64 System.Action<System.ValueTuple<Microsoft.Win32.SafeHandles.SafeFileHandle, System.ReadOnlyMemory<System.Byte>, System.Int64, System.IO.Strategies.OSFileStreamStrategy>>
7ffcd18e2f28      1         64 Confluent.Kafka.Impl.Librdkafka+RebalanceDelegate
7ffcd18e3280      1         64 Confluent.Kafka.Impl.Librdkafka+CommitDelegate
7ffcd1c83248      1         64 System.Func<System.String, Microsoft.AspNetCore.Mvc.ApiExplorer.ApiDescription, System.Boolean>
7ffcd1c83340      1         64 System.Func<Microsoft.AspNetCore.Mvc.ApiExplorer.ApiDescription, System.Collections.Generic.IList<System.String>>
7ffcd1c83698      2         64 System.Collections.Generic.List<Microsoft.OpenApi.Models.OpenApiServer>
7ffcd1c85438      2         64 System.Collections.Generic.List<Microsoft.OpenApi.Models.OpenApiSecurityRequirement>
7ffcd1c859c8      2         64 System.Collections.Generic.List<Swashbuckle.AspNetCore.SwaggerGen.IParameterFilter>
7ffcd1c85f58      2         64 System.Collections.Generic.List<Swashbuckle.AspNetCore.SwaggerGen.IRequestBodyFilter>
7ffcd1c864e8      2         64 System.Collections.Generic.List<Swashbuckle.AspNetCore.SwaggerGen.IOperationFilter>
7ffcd1c86a78      2         64 System.Collections.Generic.List<Swashbuckle.AspNetCore.SwaggerGen.IDocumentFilter>
7ffcd1c88bb8      2         64 System.Collections.Generic.List<Swashbuckle.AspNetCore.SwaggerGen.ISchemaFilter>
7ffcd1c8dc50      1         64 System.Func<Microsoft.AspNetCore.Mvc.ApiExplorer.ApiDescriptionGroup, System.Collections.Generic.IEnumerable<Microsoft.AspNetCore.Mvc.ApiExplorer.ApiDescription>>
7ffcd1ca7508      1         64 System.Func<Microsoft.AspNetCore.Mvc.ApiExplorer.ApiDescription, Microsoft.AspNetCore.Mvc.ApiExplorer.ApiDescription>
7ffcd1cb2cb0      1         64 System.Func<System.String, Microsoft.OpenApi.Models.OpenApiTag>
7ffcd1cdad28      1         64 System.Func<Microsoft.AspNetCore.Mvc.ConsumesAttribute, System.Collections.Generic.IEnumerable<System.String>>
7ffcd1cdaea8      1         64 System.Func<Microsoft.AspNetCore.Mvc.ApiExplorer.ApiRequestFormat, System.String>
7ffcd1cde0b0      1         64 System.Func<System.Reflection.PropertyInfo, System.Int32>
7ffcd1cd7838      1         64 System.Func<Microsoft.AspNetCore.Mvc.ProducesAttribute, System.Collections.Generic.IEnumerable<System.String>>
7ffcd1c88410      1         64 System.Func<Microsoft.OpenApi.Models.OpenApiSchema>
7ffcd085c2d0      1         64 System.Reflection.MdFieldInfo
7ffcd1c254e0      1         64 System.Func<System.Type, System.Collections.Generic.ICollection<System.Type>>
7ffcd1cb7b78      1         64 System.Func<System.String, Microsoft.OpenApi.Any.IOpenApiAny>
7ffcd1d49de8      1         64 System.Action<Microsoft.OpenApi.Writers.IOpenApiWriter, Microsoft.OpenApi.Models.OpenApiInfo>
7ffcd1d4c668      1         64 System.Action<Microsoft.OpenApi.Writers.IOpenApiWriter, Microsoft.OpenApi.Models.OpenApiContact>
7ffcd1d4ca28      1         64 System.Action<Microsoft.OpenApi.Writers.IOpenApiWriter, Microsoft.OpenApi.Models.OpenApiLicense>
7ffcd1d4a1f8      1         64 System.Action<Microsoft.OpenApi.Writers.IOpenApiWriter, Microsoft.OpenApi.Models.OpenApiPaths>
7ffcd1d4ebd0      1         64 System.Action<Microsoft.OpenApi.Writers.IOpenApiWriter, Microsoft.OpenApi.Models.OpenApiPathItem>
7ffcd1d4f258      1         64 System.Action<Microsoft.OpenApi.Writers.IOpenApiWriter, Microsoft.OpenApi.Models.OpenApiOperation>
7ffcd1d67048      1         64 System.Action<Microsoft.OpenApi.Writers.IOpenApiWriter, System.String>
7ffcd1d67338      1         64 System.Action<Microsoft.OpenApi.Writers.IOpenApiWriter, Microsoft.OpenApi.Models.OpenApiDiscriminator>
7ffcd1d677e8      1         64 System.Action<Microsoft.OpenApi.Writers.IOpenApiWriter, Microsoft.OpenApi.Models.OpenApiXml>
7ffcd1d64068      1         64 System.Action<Microsoft.OpenApi.Writers.IOpenApiWriter, Microsoft.OpenApi.Models.OpenApiRequestBody>
7ffcd1d641e0      1         64 System.Action<Microsoft.OpenApi.Writers.IOpenApiWriter, Microsoft.OpenApi.Models.OpenApiResponses>
7ffcd1d68c10      1         64 System.Action<Microsoft.OpenApi.Writers.IOpenApiWriter, Microsoft.OpenApi.Models.OpenApiResponse>
7ffcd1d69098      1         64 System.Action<Microsoft.OpenApi.Writers.IOpenApiWriter, Microsoft.OpenApi.Models.OpenApiHeader>
7ffcd1d69210      1         64 System.Action<Microsoft.OpenApi.Writers.IOpenApiWriter, Microsoft.OpenApi.Models.OpenApiLink>
7ffcd1d64358      1         64 System.Action<Microsoft.OpenApi.Writers.IOpenApiWriter, Microsoft.OpenApi.Models.OpenApiCallback>
7ffcd1d6bf50      1         64 System.Action<Microsoft.OpenApi.Writers.IOpenApiWriter, Microsoft.OpenApi.Models.OpenApiEncoding>
7ffcd1d4a370      1         64 System.Action<Microsoft.OpenApi.Writers.IOpenApiWriter, Microsoft.OpenApi.Models.OpenApiComponents>
7ffcd1d6c728      1         64 System.Action<Microsoft.OpenApi.Writers.IOpenApiWriter, System.String, Microsoft.OpenApi.Models.OpenApiSchema>
7ffcd1d6c938      1         64 System.Action<Microsoft.OpenApi.Writers.IOpenApiWriter, System.String, Microsoft.OpenApi.Models.OpenApiResponse>
7ffcd1d6cab8      1         64 System.Action<Microsoft.OpenApi.Writers.IOpenApiWriter, System.String, Microsoft.OpenApi.Models.OpenApiParameter>
7ffcd1d6cc38      1         64 System.Action<Microsoft.OpenApi.Writers.IOpenApiWriter, System.String, Microsoft.OpenApi.Models.OpenApiExample>
7ffcd1d6cdb8      1         64 System.Action<Microsoft.OpenApi.Writers.IOpenApiWriter, System.String, Microsoft.OpenApi.Models.OpenApiRequestBody>
7ffcd1d6cf38      1         64 System.Action<Microsoft.OpenApi.Writers.IOpenApiWriter, System.String, Microsoft.OpenApi.Models.OpenApiHeader>
7ffcd1d6d0b8      1         64 System.Action<Microsoft.OpenApi.Writers.IOpenApiWriter, System.String, Microsoft.OpenApi.Models.OpenApiSecurityScheme>
7ffcd1d6d238      1         64 System.Action<Microsoft.OpenApi.Writers.IOpenApiWriter, System.String, Microsoft.OpenApi.Models.OpenApiLink>
7ffcd1d6d3b8      1         64 System.Action<Microsoft.OpenApi.Writers.IOpenApiWriter, System.String, Microsoft.OpenApi.Models.OpenApiCallback>
7ffcd1d91f98      1         64 System.Buffers.SpanAction<System.Char, System.Int64>
7ffcd1d8d590      1         64 System.Action<Microsoft.AspNetCore.Server.Kestrel.Transport.Sockets.Internal.SocketConnection>
7ffcd1ed78e0      1         64 System.Func<Microsoft.AspNetCore.Http.Features.IFeatureCollection, Microsoft.AspNetCore.Http.Features.IQueryFeature>
7ffcd1ed7468      1         64 System.Func<Microsoft.AspNetCore.Http.DefaultHttpRequest, Microsoft.AspNetCore.Http.Features.IFormFeature>
7ffcd1ed7a88      1         64 System.Func<Microsoft.AspNetCore.Http.Features.IFeatureCollection, Microsoft.AspNetCore.Http.Features.IRequestCookiesFeature>
7ffcd1ed7648      1         64 System.Func<Microsoft.AspNetCore.Http.Features.IFeatureCollection, Microsoft.AspNetCore.Http.Features.IRouteValuesFeature>
7ffcd1ed7558      1         64 System.Func<Microsoft.AspNetCore.Http.HttpContext, Microsoft.AspNetCore.Http.Features.IRequestBodyPipeFeature>
7ffcd1ed6880      1         64 System.Diagnostics.DistributedContextPropagator+PropagatorGetterCallback
7ffcd1eda660      1         64 System.Buffers.SpanAction<System.Char, System.HexConverter+SpanCasingPair>
7ffcd1ef4b18      1         64 System.Func<Microsoft.AspNetCore.Http.Features.IFeatureCollection, Microsoft.AspNetCore.Http.Features.IItemsFeature>
7ffcd1ef4848      1         64 System.Func<Microsoft.AspNetCore.Http.DefaultHttpContext, Microsoft.AspNetCore.Http.Features.IServiceProvidersFeature>
7ffcd1ef4cf8      1         64 System.Func<Microsoft.AspNetCore.Http.Features.IFeatureCollection, Microsoft.AspNetCore.Http.Features.Authentication.IHttpAuthenticationFeature>
7ffcd1ef4a28      1         64 System.Func<Microsoft.AspNetCore.Http.Features.IFeatureCollection, Microsoft.AspNetCore.Http.Features.IHttpRequestLifetimeFeature>
7ffcd1ef4938      1         64 System.Func<Microsoft.AspNetCore.Http.Features.IFeatureCollection, Microsoft.AspNetCore.Http.Features.IHttpRequestIdentifierFeature>
7ffcd1ef6150      1         64 System.Buffers.SpanAction<System.Char, System.ValueTuple<System.String, System.Char, System.UInt32>>
7ffcd1efb510      1         64 System.Action<Microsoft.Net.Http.Headers.NameValueHeaderValue>
7ffcd1efbf58      1         64 System.Func<Microsoft.AspNetCore.Http.Features.IFeatureCollection, Microsoft.AspNetCore.Http.Features.IHttpResponseFeature>
7ffcd1efbe68      1         64 System.Func<Microsoft.AspNetCore.Http.Features.IFeatureCollection, Microsoft.AspNetCore.Http.Features.IHttpResponseBodyFeature>
7ffcd1efc048      1         64 System.Func<Microsoft.AspNetCore.Http.Features.IFeatureCollection, Microsoft.AspNetCore.Http.Features.IResponseCookiesFeature>
7ffcd1f25620      1         64 System.Func<System.Net.IWebProxy>
7ffcd1f26610      1         64 System.Threading.WaitOrTimerCallback
7ffcd1f825e0      1         64 System.Func<System.Net.Http.HttpContent, System.String>
7ffcd1cd4f00      1         64 System.Buffers.SpanAction<System.Char, System.ReadOnlySpan<System.Char>>
7ffcd1f8e788      1         64 System.Func<Swashbuckle.AspNetCore.SwaggerUI.ConfigObject>
7ffcd1f8ebd8      1         64 System.Func<System.Object, System.Collections.Generic.IEnumerable<Swashbuckle.AspNetCore.SwaggerUI.UrlDescriptor>>
7ffcd1f8f3d0      1         64 System.Action<System.Object, System.Collections.Generic.IEnumerable<Swashbuckle.AspNetCore.SwaggerUI.UrlDescriptor>>
7ffcd1fb1570      1         64 System.Func<System.ValueTuple<System.String, System.Type, System.Reflection.MemberInfo>, System.Func<System.ValueTuple<System.String, System.Type, System.Reflection.MemberInfo>, System.Func<System.Object, Swashbuckle.AspNetCore.SwaggerUI.ModelRendering>>, System.Text.Json.Serialization.Metadata.ReflectionEmitCachingMemberAccessor+Cache<System.ValueTuple<System.String, System.Type, System.Reflection.MemberInfo>>+CacheEntry>
7ffcd1fb0b60      1         64 System.Func<System.Object, Swashbuckle.AspNetCore.SwaggerUI.ModelRendering>
7ffcd1fb02c0      1         64 System.Action<System.Object, Swashbuckle.AspNetCore.SwaggerUI.ModelRendering>
7ffcd1fb4d80      1         64 System.Func<System.ValueTuple<System.String, System.Type, System.Reflection.MemberInfo>, System.Func<System.ValueTuple<System.String, System.Type, System.Reflection.MemberInfo>, System.Func<System.Object, Swashbuckle.AspNetCore.SwaggerUI.DocExpansion>>, System.Text.Json.Serialization.Metadata.ReflectionEmitCachingMemberAccessor+Cache<System.ValueTuple<System.String, System.Type, System.Reflection.MemberInfo>>+CacheEntry>
7ffcd1fb4898      1         64 System.Func<System.Object, Swashbuckle.AspNetCore.SwaggerUI.DocExpansion>
7ffcd1fb5528      1         64 System.Func<System.ValueTuple<System.String, System.Type, System.Reflection.MemberInfo>, System.Func<System.ValueTuple<System.String, System.Type, System.Reflection.MemberInfo>, System.Action<System.Object, Swashbuckle.AspNetCore.SwaggerUI.DocExpansion>>, System.Text.Json.Serialization.Metadata.ReflectionEmitCachingMemberAccessor+Cache<System.ValueTuple<System.String, System.Type, System.Reflection.MemberInfo>>+CacheEntry>
7ffcd1fb4578      1         64 System.Action<System.Object, Swashbuckle.AspNetCore.SwaggerUI.DocExpansion>
7ffcd1fb8978      1         64 System.Func<System.ValueTuple<System.String, System.Type, System.Reflection.MemberInfo>, System.Func<System.ValueTuple<System.String, System.Type, System.Reflection.MemberInfo>, System.Func<System.Object, System.Nullable<System.Int32>>>, System.Text.Json.Serialization.Metadata.ReflectionEmitCachingMemberAccessor+Cache<System.ValueTuple<System.String, System.Type, System.Reflection.MemberInfo>>+CacheEntry>
7ffcd1fb8490      1         64 System.Func<System.Object, System.Nullable<System.Int32>>
7ffcd1fb9120      1         64 System.Func<System.ValueTuple<System.String, System.Type, System.Reflection.MemberInfo>, System.Func<System.ValueTuple<System.String, System.Type, System.Reflection.MemberInfo>, System.Action<System.Object, System.Nullable<System.Int32>>>, System.Text.Json.Serialization.Metadata.ReflectionEmitCachingMemberAccessor+Cache<System.ValueTuple<System.String, System.Type, System.Reflection.MemberInfo>>+CacheEntry>
7ffcd1fb8170      1         64 System.Action<System.Object, System.Nullable<System.Int32>>
7ffcd1fba028      1         64 System.Func<System.ValueTuple<System.String, System.Type, System.Reflection.MemberInfo>, System.Func<System.ValueTuple<System.String, System.Type, System.Reflection.MemberInfo>, System.Func<System.Object, System.Collections.Generic.IEnumerable<Swashbuckle.AspNetCore.SwaggerUI.SubmitMethod>>>, System.Text.Json.Serialization.Metadata.ReflectionEmitCachingMemberAccessor+Cache<System.ValueTuple<System.String, System.Type, System.Reflection.MemberInfo>>+CacheEntry>
7ffcd1fb9d00      1         64 System.Func<System.Object, System.Collections.Generic.IEnumerable<Swashbuckle.AspNetCore.SwaggerUI.SubmitMethod>>
7ffcd1fba4f8      1         64 System.Action<System.Object, System.Collections.Generic.IEnumerable<Swashbuckle.AspNetCore.SwaggerUI.SubmitMethod>>
7ffcd1fbaeb8      1         64 System.Func<System.Object, System.Collections.Generic.Dictionary<System.String, System.Object>>
7ffcd1fbb6b0      1         64 System.Action<System.Object, System.Collections.Generic.Dictionary<System.String, System.Object>>
7ffcd1fbc618      1         64 System.Text.Json.Serialization.Converters.IEnumerableOfTConverter<System.Collections.Generic.IEnumerable<Swashbuckle.AspNetCore.SwaggerUI.UrlDescriptor>, Swashbuckle.AspNetCore.SwaggerUI.UrlDescriptor>
7ffcd1fbd6e8      1         64 System.Func<Swashbuckle.AspNetCore.SwaggerUI.UrlDescriptor>
7ffcd1fc0950      2         64 System.Collections.Generic.List<System.Text.Json.Serialization.Converters.EnumConverter<Swashbuckle.AspNetCore.SwaggerUI.ModelRendering>+EnumFieldInfo>
7ffcd1fc73b0      1         64 System.Text.Json.Serialization.Converters.NullableConverter<System.Int32>
7ffcd1fc8ae0      1         64 System.Text.Json.Serialization.Converters.IEnumerableOfTConverter<System.Collections.Generic.IEnumerable<Swashbuckle.AspNetCore.SwaggerUI.SubmitMethod>, Swashbuckle.AspNetCore.SwaggerUI.SubmitMethod>
7ffcd1fcf610      1         64 System.Func<System.Collections.Generic.Dictionary<System.String, System.Object>>
7ffcd1fd31b8      1         64 System.Func<Swashbuckle.AspNetCore.SwaggerUI.OAuthConfigObject>
7ffcd1fd5538      1         64 System.Func<System.ValueTuple<System.String, System.Type, System.Reflection.MemberInfo>, System.Func<System.ValueTuple<System.String, System.Type, System.Reflection.MemberInfo>, System.Func<System.Object, System.Collections.Generic.IEnumerable<System.String>>>, System.Text.Json.Serialization.Metadata.ReflectionEmitCachingMemberAccessor+Cache<System.ValueTuple<System.String, System.Type, System.Reflection.MemberInfo>>+CacheEntry>
7ffcd1fd5210      1         64 System.Func<System.Object, System.Collections.Generic.IEnumerable<System.String>>
7ffcd1fd5a08      1         64 System.Action<System.Object, System.Collections.Generic.IEnumerable<System.String>>
7ffcd1fd66f0      1         64 System.Func<System.ValueTuple<System.String, System.Type, System.Reflection.MemberInfo>, System.Func<System.ValueTuple<System.String, System.Type, System.Reflection.MemberInfo>, System.Func<System.Object, System.Collections.Generic.Dictionary<System.String, System.String>>>, System.Text.Json.Serialization.Metadata.ReflectionEmitCachingMemberAccessor+Cache<System.ValueTuple<System.String, System.Type, System.Reflection.MemberInfo>>+CacheEntry>
7ffcd1fd63c8      1         64 System.Func<System.Object, System.Collections.Generic.Dictionary<System.String, System.String>>
7ffcd1fd6bc0      1         64 System.Action<System.Object, System.Collections.Generic.Dictionary<System.String, System.String>>
7ffcd1fd7220      1         64 System.Text.Json.Serialization.Converters.IEnumerableOfTConverter<System.Collections.Generic.IEnumerable<System.String>, System.String>
7ffcd1fd8448      1         64 System.Func<System.Collections.Generic.Dictionary<System.String, System.String>>
7ffcd1fd8f30      1         64 System.Func<Swashbuckle.AspNetCore.SwaggerUI.InterceptorFunctions>
7ffcd0592ce8      2         64 System.ReadOnlyMemory<System.Byte>
7ffcd1fdc590      1         64 System.Action<Microsoft.Extensions.Logging.ILogger, System.Int32, System.String, System.Exception>
7ffcd25a8a88      1         64 System.Action<System.Net.Http.HttpConnectionBase>
7ffcd29363a0      1         64 System.Action<AutoMapper.IMemberConfigurationExpression<Order.Infrastructure.Entities.OrderModels.OrderItemModel, CommonApiMessage.AggregatesModel.OrderMessage.OrderMessageItemViewModel, System.Int32>>
7ffcd2937560      1         64 System.Action<AutoMapper.IMemberConfigurationExpression<Order.Infrastructure.Entities.OrderModels.OrderItemModel, CommonApiMessage.AggregatesModel.OrderMessage.OrderMessageItemViewModel, System.Collections.Generic.List<CommonApiMessage.AggregatesModel.OrderMessage.OrderMessageSubBarcodeViewModel>>>
7ffcd2938968      1         64 System.Action<AutoMapper.IMemberConfigurationExpression<Order.Infrastructure.Entities.OrderModels.OrderItemFulFillmentModel, CommonApiMessage.AggregatesModel.OrderMessage.OrderMessageItemFulFillmentViewModel, System.Collections.Generic.List<CommonApiMessage.AggregatesModel.OrderMessage.OrderMessageItemFulFillmentServiceTypeViewModel>>>
7ffcd29396b8      1         64 System.Action<AutoMapper.IMemberConfigurationExpression<Order.Infrastructure.Entities.OrderModels.OrderItemFulFillmentModel, CommonApiMessage.AggregatesModel.OrderMessage.OrderMessageItemFulFillmentViewModel, System.Collections.Generic.List<CommonApiMessage.AggregatesModel.OrderMessage.OrderMessageItemDeliveryWindowViewModel>>>
7ffcd2939ad0      1         64 System.Action<AutoMapper.IMemberConfigurationExpression<Order.Infrastructure.Entities.OrderModels.OrderItemFulFillmentModel, CommonApiMessage.AggregatesModel.OrderMessage.OrderMessageItemFulFillmentViewModel, System.String>>
7ffcd293a620      1         64 System.Action<AutoMapper.IMemberConfigurationExpression<Order.Infrastructure.Entities.OrderModels.OrderItemFulFillmentModel, CommonApiMessage.AggregatesModel.OrderMessage.OrderMessageItemFulFillmentViewModel, System.Nullable<System.DateTime>>>
7ffcd293b868      1         64 System.Action<AutoMapper.IMemberConfigurationExpression<Order.Infrastructure.Entities.OrderModels.OrderItemBarcodeModel, CommonApiMessage.AggregatesModel.OrderMessage.OrderMessageSubBarcodeViewModel, System.String>>
7ffcd2984b40      1         64 System.Action<AutoMapper.IMemberConfigurationExpression<Order.Infrastructure.Entities.SubOrderModels.SubOrderItemModel, CommonApiMessage.AggregatesModel.SubOrderMessage.SubOrderMessageItemViewModel, System.Int32>>
7ffcd2985cc0      1         64 System.Action<AutoMapper.IMemberConfigurationExpression<Order.Infrastructure.Entities.SubOrderModels.SubOrderItemModel, CommonApiMessage.AggregatesModel.SubOrderMessage.SubOrderMessageItemViewModel, System.Collections.Generic.List<CommonApiMessage.AggregatesModel.SubOrderMessage.SubOrderMessageItemSubBarcodeViewModel>>>
7ffcd2987168      1         64 System.Action<AutoMapper.IMemberConfigurationExpression<Order.Infrastructure.Entities.SubOrderModels.SubOrderItemFulFillmentModel, CommonApiMessage.AggregatesModel.SubOrderMessage.SubOrderMessageItemFulFillmentViewModel, System.Collections.Generic.List<CommonApiMessage.AggregatesModel.SubOrderMessage.SubOrderMessageItemFulFillmentServiceTypeViewModel>>>
7ffcd29877f0      1         64 System.Action<AutoMapper.IMemberConfigurationExpression<Order.Infrastructure.Entities.SubOrderModels.SubOrderItemFulFillmentModel, CommonApiMessage.AggregatesModel.SubOrderMessage.SubOrderMessageItemFulFillmentViewModel, System.String>>
7ffcd2987c08      1         64 System.Action<AutoMapper.IMemberConfigurationExpression<Order.Infrastructure.Entities.SubOrderModels.SubOrderItemFulFillmentModel, CommonApiMessage.AggregatesModel.SubOrderMessage.SubOrderMessageItemFulFillmentViewModel, System.Nullable<System.DateTime>>>
7ffcd298aad8      1         64 System.Action<AutoMapper.IMemberConfigurationExpression<Order.Infrastructure.Entities.Promotion.PromotionItemModel, CommonApiMessage.AggregatesModel.SubOrderMessage.SubOrderMessageItemViewModel, System.Int32>>
7ffcd29b00b0      1         64 System.Action<AutoMapper.IMemberConfigurationExpression<Order.Business.Mediator.Commands.RoleChannelMapping.CreateRoleChannelMappingCommand, Order.Infrastructure.Data.Readonlys.RoleChannelMapping.CreateRoleChannelMappingCommandDto, System.Int32>>
7ffcd29b5500      1         64 System.Action<AutoMapper.IMemberConfigurationExpression<Order.Domain.AggregatesModel.Order.PackingDetails, Order.Business.Responses.Order.ProductByPacking, System.Nullable<System.Decimal>>>
7ffcd29bac18      1         64 System.Action<AutoMapper.IMemberConfigurationExpression<CommonApiMessage.AggregatesModel.OrderMessage.OrderMessageItemViewModel, Order.Business.Responses.Order.Product, System.Nullable<System.Decimal>>>
7ffcd29be318      1         64 System.Action<AutoMapper.IMemberConfigurationExpression<Order.Business.Mediator.Commands.OrderFront.CreateOrderFrontManualViewModel, Order.Infrastructure.Entities.OrderModels.OrderModel, System.Int32>>
7ffcd29bf820      1         64 System.Action<AutoMapper.IMemberConfigurationExpression<Order.Business.Mediator.Commands.OrderFront.CreateOrderFrontManualViewModel, Order.Infrastructure.Entities.OrderModels.OrderModel, System.Collections.Generic.ICollection<Order.Infrastructure.Entities.OrderModels.OrderItemModel>>>
7ffcd29bfcc8      1         64 System.Action<AutoMapper.IMemberConfigurationExpression<Order.Business.Mediator.Commands.OrderFront.CreateOrderFrontManualViewModel, Order.Infrastructure.Entities.OrderModels.OrderModel, System.Collections.Generic.ICollection<Order.Infrastructure.Entities.OrderModels.OrderFeeModel>>>
7ffcd29c0dc8      1         64 System.Action<AutoMapper.IMemberConfigurationExpression<Order.Business.Mediator.Commands.OrderFront.CreateOrderPaymentFrontManualViewModel, Order.Infrastructure.Entities.OrderModels.OrderPaymentModel, System.DateTime>>
7ffcd29c1270      1         64 System.Action<AutoMapper.IMemberConfigurationExpression<Order.Business.Mediator.Commands.OrderFront.CreateOrderPaymentFrontManualViewModel, Order.Infrastructure.Entities.OrderModels.OrderPaymentModel, System.Collections.Generic.ICollection<Order.Infrastructure.Entities.OrderModels.OrderPaymentTransactionModel>>>
7ffcd29c42b0      1         64 System.Action<AutoMapper.IMemberConfigurationExpression<Order.Business.Mediator.Commands.OrderFront.CreateOrderItemFrontManualViewModel, Order.Infrastructure.Entities.OrderModels.OrderItemModel, System.DateTime>>
7ffcd29c46c8      1         64 System.Action<AutoMapper.IMemberConfigurationExpression<Order.Business.Mediator.Commands.OrderFront.CreateOrderItemFrontManualViewModel, Order.Infrastructure.Entities.OrderModels.OrderItemModel, Order.Infrastructure.Entities.OrderModels.OrderItemFulFillmentModel>>
7ffcd29c4ae0      1         64 System.Action<AutoMapper.IMemberConfigurationExpression<Order.Business.Mediator.Commands.OrderFront.CreateOrderItemFrontManualViewModel, Order.Infrastructure.Entities.OrderModels.OrderItemModel, Order.Infrastructure.Entities.OrderModels.OrderItemPromotionModel>>
7ffcd29c4ef8      1         64 System.Action<AutoMapper.IMemberConfigurationExpression<Order.Business.Mediator.Commands.OrderFront.CreateOrderItemFrontManualViewModel, Order.Infrastructure.Entities.OrderModels.OrderItemModel, Order.Infrastructure.Entities.OrderModels.OrderItemAmountModel>>
7ffcd29c53a0      1         64 System.Action<AutoMapper.IMemberConfigurationExpression<Order.Business.Mediator.Commands.OrderFront.CreateOrderItemFrontManualViewModel, Order.Infrastructure.Entities.OrderModels.OrderItemModel, System.Collections.Generic.ICollection<Order.Infrastructure.Entities.OrderModels.OrderItemPaymentModel>>>
7ffcd29c5848      1         64 System.Action<AutoMapper.IMemberConfigurationExpression<Order.Business.Mediator.Commands.OrderFront.CreateOrderItemFrontManualViewModel, Order.Infrastructure.Entities.OrderModels.OrderItemModel, System.Collections.Generic.ICollection<Order.Infrastructure.Entities.OrderModels.OrderItemRemarkModel>>>
7ffcd29c5ae8      1         64 System.Action<AutoMapper.IMemberConfigurationExpression<Order.Business.Mediator.Commands.OrderFront.CreateOrderItemFrontManualViewModel, Order.Infrastructure.Entities.OrderModels.OrderItemModel, System.Collections.Generic.ICollection<Order.Infrastructure.Entities.OrderModels.OrderItemBarcodeModel>>>
7ffcd29c5e18      1         64 System.Action<AutoMapper.IMemberConfigurationExpression<Order.Business.Mediator.Commands.OrderFront.CreateOrderFrontManualViewModel, Order.Infrastructure.Entities.SubOrderModels.SubOrderModel, System.Int32>>
7ffcd29c6b58      1         64 System.Action<AutoMapper.IMemberConfigurationExpression<Order.Business.Mediator.Commands.OrderFront.CreateOrderFrontManualViewModel, Order.Infrastructure.Entities.SubOrderModels.SubOrderModel, System.Collections.Generic.ICollection<Order.Infrastructure.Entities.SubOrderModels.SubOrderItemModel>>>
7ffcd29c7000      1         64 System.Action<AutoMapper.IMemberConfigurationExpression<Order.Business.Mediator.Commands.OrderFront.CreateOrderFrontManualViewModel, Order.Infrastructure.Entities.SubOrderModels.SubOrderModel, System.Collections.Generic.ICollection<Order.Infrastructure.Entities.SubOrderModels.SubOrderFeeModel>>>
7ffcd29c9e18      1         64 System.Action<AutoMapper.IMemberConfigurationExpression<Order.Business.Mediator.Commands.OrderFront.CreateOrderItemFrontManualViewModel, Order.Infrastructure.Entities.SubOrderModels.SubOrderItemModel, System.DateTime>>
7ffcd29ca230      1         64 System.Action<AutoMapper.IMemberConfigurationExpression<Order.Business.Mediator.Commands.OrderFront.CreateOrderItemFrontManualViewModel, Order.Infrastructure.Entities.SubOrderModels.SubOrderItemModel, Order.Infrastructure.Entities.SubOrderModels.SubOrderItemFulFillmentModel>>
7ffcd29ca648      1         64 System.Action<AutoMapper.IMemberConfigurationExpression<Order.Business.Mediator.Commands.OrderFront.CreateOrderItemFrontManualViewModel, Order.Infrastructure.Entities.SubOrderModels.SubOrderItemModel, Order.Infrastructure.Entities.SubOrderModels.SubOrderItemPromotionModel>>
7ffcd29caa60      1         64 System.Action<AutoMapper.IMemberConfigurationExpression<Order.Business.Mediator.Commands.OrderFront.CreateOrderItemFrontManualViewModel, Order.Infrastructure.Entities.SubOrderModels.SubOrderItemModel, Order.Infrastructure.Entities.SubOrderModels.SubOrderItemAmountModel>>
7ffcd29caf08      1         64 System.Action<AutoMapper.IMemberConfigurationExpression<Order.Business.Mediator.Commands.OrderFront.CreateOrderItemFrontManualViewModel, Order.Infrastructure.Entities.SubOrderModels.SubOrderItemModel, System.Collections.Generic.ICollection<Order.Infrastructure.Entities.SubOrderModels.SubOrderItemPayModel>>>
7ffcd29cb3b0      1         64 System.Action<AutoMapper.IMemberConfigurationExpression<Order.Business.Mediator.Commands.OrderFront.CreateOrderItemFrontManualViewModel, Order.Infrastructure.Entities.SubOrderModels.SubOrderItemModel, System.Collections.Generic.ICollection<Order.Infrastructure.Entities.SubOrderModels.SubOrderItemRemarkModel>>>
7ffcd29cb650      1         64 System.Action<AutoMapper.IMemberConfigurationExpression<Order.Business.Mediator.Commands.OrderFront.CreateOrderItemFrontManualViewModel, Order.Infrastructure.Entities.SubOrderModels.SubOrderItemModel, System.Collections.Generic.ICollection<Order.Infrastructure.Entities.SubOrderModels.SubOrderItemBarcodeModel>>>
7ffcd29ff380      1         64 System.Action<AutoMapper.IMemberConfigurationExpression<Order.Business.Mediator.Commands.OrderFront.CreateOrderFrontViewModel, Order.Infrastructure.Entities.OrderModels.OrderModel, System.Int32>>
7ffcd29ffdd0      1         64 System.Action<AutoMapper.IMemberConfigurationExpression<Order.Business.Mediator.Commands.OrderFront.CreateOrderFrontViewModel, Order.Infrastructure.Entities.OrderModels.OrderModel, System.Collections.Generic.ICollection<Order.Infrastructure.Entities.OrderModels.OrderItemModel>>>
7ffcd2a100b0      1         64 System.Action<AutoMapper.IMemberConfigurationExpression<Order.Business.Mediator.Commands.OrderFront.CreateOrderFrontViewModel, Order.Infrastructure.Entities.OrderModels.OrderModel, System.Collections.Generic.ICollection<Order.Infrastructure.Entities.OrderModels.OrderFeeModel>>>
7ffcd2a10e90      1         64 System.Action<AutoMapper.IMemberConfigurationExpression<Order.Business.Mediator.Commands.OrderFront.CreateOrderPaymentFrontViewModel, Order.Infrastructure.Entities.OrderModels.OrderPaymentModel, System.DateTime>>
7ffcd2a11130      1         64 System.Action<AutoMapper.IMemberConfigurationExpression<Order.Business.Mediator.Commands.OrderFront.CreateOrderPaymentFrontViewModel, Order.Infrastructure.Entities.OrderModels.OrderPaymentModel, System.Collections.Generic.ICollection<Order.Infrastructure.Entities.OrderModels.OrderPaymentTransactionModel>>>
7ffcd2a11eb0      1         64 System.Action<AutoMapper.IMemberConfigurationExpression<Order.Business.Mediator.Commands.OrderFront.CreateOrderItemFrontViewModel, Order.Infrastructure.Entities.OrderModels.OrderItemModel, System.DateTime>>
7ffcd2a12150      1         64 System.Action<AutoMapper.IMemberConfigurationExpression<Order.Business.Mediator.Commands.OrderFront.CreateOrderItemFrontViewModel, Order.Infrastructure.Entities.OrderModels.OrderItemModel, Order.Infrastructure.Entities.OrderModels.OrderItemFulFillmentModel>>
7ffcd2a123f0      1         64 System.Action<AutoMapper.IMemberConfigurationExpression<Order.Business.Mediator.Commands.OrderFront.CreateOrderItemFrontViewModel, Order.Infrastructure.Entities.OrderModels.OrderItemModel, Order.Infrastructure.Entities.OrderModels.OrderItemPromotionModel>>
7ffcd2a12690      1         64 System.Action<AutoMapper.IMemberConfigurationExpression<Order.Business.Mediator.Commands.OrderFront.CreateOrderItemFrontViewModel, Order.Infrastructure.Entities.OrderModels.OrderItemModel, Order.Infrastructure.Entities.OrderModels.OrderItemAmountModel>>
7ffcd2a12930      1         64 System.Action<AutoMapper.IMemberConfigurationExpression<Order.Business.Mediator.Commands.OrderFront.CreateOrderItemFrontViewModel, Order.Infrastructure.Entities.OrderModels.OrderItemModel, System.Collections.Generic.ICollection<Order.Infrastructure.Entities.OrderModels.OrderItemPaymentModel>>>
7ffcd2a12bd0      1         64 System.Action<AutoMapper.IMemberConfigurationExpression<Order.Business.Mediator.Commands.OrderFront.CreateOrderItemFrontViewModel, Order.Infrastructure.Entities.OrderModels.OrderItemModel, System.Collections.Generic.ICollection<Order.Infrastructure.Entities.OrderModels.OrderItemRemarkModel>>>
7ffcd2a12e70      1         64 System.Action<AutoMapper.IMemberConfigurationExpression<Order.Business.Mediator.Commands.OrderFront.CreateOrderItemFrontViewModel, Order.Infrastructure.Entities.OrderModels.OrderItemModel, System.Collections.Generic.ICollection<Order.Infrastructure.Entities.OrderModels.OrderItemBarcodeModel>>>
7ffcd2a131a0      1         64 System.Action<AutoMapper.IMemberConfigurationExpression<Order.Business.Mediator.Commands.OrderFront.CreateOrderFrontViewModel, Order.Infrastructure.Entities.SubOrderModels.SubOrderModel, System.Int32>>
7ffcd2a13bf0      1         64 System.Action<AutoMapper.IMemberConfigurationExpression<Order.Business.Mediator.Commands.OrderFront.CreateOrderFrontViewModel, Order.Infrastructure.Entities.SubOrderModels.SubOrderModel, System.Collections.Generic.ICollection<Order.Infrastructure.Entities.SubOrderModels.SubOrderItemModel>>>
7ffcd2a13e90      1         64 System.Action<AutoMapper.IMemberConfigurationExpression<Order.Business.Mediator.Commands.OrderFront.CreateOrderFrontViewModel, Order.Infrastructure.Entities.SubOrderModels.SubOrderModel, System.Collections.Generic.ICollection<Order.Infrastructure.Entities.SubOrderModels.SubOrderFeeModel>>>
7ffcd2a151b0      1         64 System.Action<AutoMapper.IMemberConfigurationExpression<Order.Business.Mediator.Commands.OrderFront.CreateOrderItemFrontViewModel, Order.Infrastructure.Entities.SubOrderModels.SubOrderItemModel, System.DateTime>>
7ffcd2a15450      1         64 System.Action<AutoMapper.IMemberConfigurationExpression<Order.Business.Mediator.Commands.OrderFront.CreateOrderItemFrontViewModel, Order.Infrastructure.Entities.SubOrderModels.SubOrderItemModel, Order.Infrastructure.Entities.SubOrderModels.SubOrderItemFulFillmentModel>>
7ffcd2a156f0      1         64 System.Action<AutoMapper.IMemberConfigurationExpression<Order.Business.Mediator.Commands.OrderFront.CreateOrderItemFrontViewModel, Order.Infrastructure.Entities.SubOrderModels.SubOrderItemModel, Order.Infrastructure.Entities.SubOrderModels.SubOrderItemPromotionModel>>
7ffcd2a15990      1         64 System.Action<AutoMapper.IMemberConfigurationExpression<Order.Business.Mediator.Commands.OrderFront.CreateOrderItemFrontViewModel, Order.Infrastructure.Entities.SubOrderModels.SubOrderItemModel, Order.Infrastructure.Entities.SubOrderModels.SubOrderItemAmountModel>>
7ffcd2a15c30      1         64 System.Action<AutoMapper.IMemberConfigurationExpression<Order.Business.Mediator.Commands.OrderFront.CreateOrderItemFrontViewModel, Order.Infrastructure.Entities.SubOrderModels.SubOrderItemModel, System.Collections.Generic.ICollection<Order.Infrastructure.Entities.SubOrderModels.SubOrderItemPayModel>>>
7ffcd2a15ed0      1         64 System.Action<AutoMapper.IMemberConfigurationExpression<Order.Business.Mediator.Commands.OrderFront.CreateOrderItemFrontViewModel, Order.Infrastructure.Entities.SubOrderModels.SubOrderItemModel, System.Collections.Generic.ICollection<Order.Infrastructure.Entities.SubOrderModels.SubOrderItemRemarkModel>>>
7ffcd2a16170      1         64 System.Action<AutoMapper.IMemberConfigurationExpression<Order.Business.Mediator.Commands.OrderFront.CreateOrderItemFrontViewModel, Order.Infrastructure.Entities.SubOrderModels.SubOrderItemModel, System.Collections.Generic.ICollection<Order.Infrastructure.Entities.SubOrderModels.SubOrderItemBarcodeModel>>>
7ffcd2a63d38      1         64 System.Action<AutoMapper.IMemberConfigurationExpression<Order.Business.Mediator.Commands.OrderFront.UpdateOrderFrontViewModel, Order.Infrastructure.Entities.OrderModels.OrderModel, System.DateTime>>
7ffcd2a641e0      1         64 System.Action<AutoMapper.IMemberConfigurationExpression<Order.Business.Mediator.Commands.OrderFront.UpdateOrderFrontViewModel, Order.Infrastructure.Entities.OrderModels.OrderModel, System.Collections.Generic.ICollection<Order.Infrastructure.Entities.OrderModels.OrderAddressModel>>>
7ffcd2a64480      1         64 System.Action<AutoMapper.IMemberConfigurationExpression<Order.Business.Mediator.Commands.OrderFront.UpdateOrderFrontViewModel, Order.Infrastructure.Entities.OrderModels.OrderModel, System.Collections.Generic.ICollection<Order.Infrastructure.Entities.OrderModels.OrderItemModel>>>
7ffcd2a64928      1         64 System.Action<AutoMapper.IMemberConfigurationExpression<Order.Business.Mediator.Commands.OrderFront.UpdateOrderFrontViewModel, Order.Infrastructure.Entities.OrderModels.OrderModel, System.Collections.Generic.ICollection<Order.Infrastructure.Entities.OrderModels.OrderPaymentModel>>>
7ffcd2a651f8      1         64 System.Action<AutoMapper.IMemberConfigurationExpression<Order.Business.Mediator.Commands.OrderFront.UpdateOrderItemFront, Order.Infrastructure.Entities.OrderModels.OrderItemModel, System.Int32>>
7ffcd2a659a8      1         64 System.Action<AutoMapper.IMemberConfigurationExpression<Order.Business.Mediator.Commands.OrderFront.UpdateOrderItemFront, Order.Infrastructure.Entities.OrderModels.OrderItemModel, System.String>>
7ffcd2a65c48      1         64 System.Action<AutoMapper.IMemberConfigurationExpression<Order.Business.Mediator.Commands.OrderFront.UpdateOrderItemFront, Order.Infrastructure.Entities.OrderModels.OrderItemModel, Order.Infrastructure.Entities.OrderModels.OrderItemAmountModel>>
7ffcd2a65ee8      1         64 System.Action<AutoMapper.IMemberConfigurationExpression<Order.Business.Mediator.Commands.OrderFront.UpdateOrderItemFront, Order.Infrastructure.Entities.OrderModels.OrderItemModel, Order.Infrastructure.Entities.OrderModels.OrderItemPromotionModel>>
7ffcd2a675d8      1         64 System.Action<AutoMapper.IMemberConfigurationExpression<Order.Business.Mediator.Commands.OrderFront.UpdateOrderFrontViewModel, Order.Business.Mediator.Commands.OrderFront.UpdateSubOrderFrontViewModel, System.Nullable<System.DateTime>>>
7ffcd2a67f80      1         64 System.Action<AutoMapper.IMemberConfigurationExpression<Order.Business.Mediator.Commands.OrderFront.UpdateOrderFrontViewModel, Order.Business.Mediator.Commands.OrderFront.UpdateSubOrderFrontViewModel, System.Collections.Generic.List<Order.Business.Mediator.Commands.OrderFront.SubOrderAddressViewModel>>>
7ffcd2a68928      1         64 System.Action<AutoMapper.IMemberConfigurationExpression<Order.Business.Mediator.Commands.OrderFront.UpdateOrderFrontViewModel, Order.Business.Mediator.Commands.OrderFront.UpdateSubOrderFrontViewModel, System.Collections.Generic.List<Order.Business.Mediator.Commands.OrderFront.UpdateSubOrderItemFront>>>
7ffcd2a694e8      1         64 System.Action<AutoMapper.IMemberConfigurationExpression<Order.Business.Mediator.Commands.OrderFront.UpdateOrderItemFront, Order.Business.Mediator.Commands.OrderFront.UpdateSubOrderItemFront, System.Int32>>
7ffcd2a69b70      1         64 System.Action<AutoMapper.IMemberConfigurationExpression<Order.Business.Mediator.Commands.OrderFront.UpdateOrderItemFront, Order.Business.Mediator.Commands.OrderFront.UpdateSubOrderItemFront, System.Nullable<System.Decimal>>>
7ffcd2a69f88      1         64 System.Action<AutoMapper.IMemberConfigurationExpression<Order.Business.Mediator.Commands.OrderFront.UpdateOrderItemFront, Order.Business.Mediator.Commands.OrderFront.UpdateSubOrderItemFront, System.String>>
7ffcd2a6a3a0      1         64 System.Action<AutoMapper.IMemberConfigurationExpression<Order.Business.Mediator.Commands.OrderFront.UpdateOrderItemFront, Order.Business.Mediator.Commands.OrderFront.UpdateSubOrderItemFront, System.Decimal>>
7ffcd2a6a7b8      1         64 System.Action<AutoMapper.IMemberConfigurationExpression<Order.Business.Mediator.Commands.OrderFront.UpdateOrderItemFront, Order.Business.Mediator.Commands.OrderFront.UpdateSubOrderItemFront, Order.Business.Mediator.Commands.OrderFront.UpdateSubOrderItemAmountViewModel>>
7ffcd2a6abd0      1         64 System.Action<AutoMapper.IMemberConfigurationExpression<Order.Business.Mediator.Commands.OrderFront.UpdateOrderItemFront, Order.Business.Mediator.Commands.OrderFront.UpdateSubOrderItemFront, Order.Business.Mediator.Commands.OrderFront.UpdateSubOrderItemPromotionOtherViewModel>>
7ffcd2a7df38      1         64 System.Action<AutoMapper.IMemberConfigurationExpression<Order.Business.Mediator.Commands.OrderFront.UpdateSubOrderFrontViewModel, Order.Infrastructure.Entities.SubOrderModels.SubOrderModel, System.DateTime>>
7ffcd2a7e3e0      1         64 System.Action<AutoMapper.IMemberConfigurationExpression<Order.Business.Mediator.Commands.OrderFront.UpdateSubOrderFrontViewModel, Order.Infrastructure.Entities.SubOrderModels.SubOrderModel, System.Collections.Generic.ICollection<Order.Infrastructure.Entities.SubOrderModels.SubOrderAddressModel>>>
7ffcd2a7e680      1         64 System.Action<AutoMapper.IMemberConfigurationExpression<Order.Business.Mediator.Commands.OrderFront.UpdateSubOrderFrontViewModel, Order.Infrastructure.Entities.SubOrderModels.SubOrderModel, System.Collections.Generic.ICollection<Order.Infrastructure.Entities.SubOrderModels.SubOrderItemModel>>>
7ffcd2a7ef50      1         64 System.Action<AutoMapper.IMemberConfigurationExpression<Order.Business.Mediator.Commands.OrderFront.UpdateSubOrderItemFront, Order.Infrastructure.Entities.SubOrderModels.SubOrderItemModel, System.Int32>>
7ffcd2a7f700      1         64 System.Action<AutoMapper.IMemberConfigurationExpression<Order.Business.Mediator.Commands.OrderFront.UpdateSubOrderItemFront, Order.Infrastructure.Entities.SubOrderModels.SubOrderItemModel, System.String>>
7ffcd2a7f9a0      1         64 System.Action<AutoMapper.IMemberConfigurationExpression<Order.Business.Mediator.Commands.OrderFront.UpdateSubOrderItemFront, Order.Infrastructure.Entities.SubOrderModels.SubOrderItemModel, Order.Infrastructure.Entities.SubOrderModels.SubOrderItemAmountModel>>
7ffcd2a7fc40      1         64 System.Action<AutoMapper.IMemberConfigurationExpression<Order.Business.Mediator.Commands.OrderFront.UpdateSubOrderItemFront, Order.Infrastructure.Entities.SubOrderModels.SubOrderItemModel, Order.Infrastructure.Entities.SubOrderModels.SubOrderItemPromotionModel>>
7ffcd2a989c8      1         64 System.Action<AutoMapper.IMemberConfigurationExpression<Order.Infrastructure.Data.Readonlys.CompanyBuMapping.GetCompanyBuMappingByIdViewModelDto, Order.Business.Dtos.ViewModels.CompanyBuMapping.GetCompanyBuMappingByIdViewModel, System.Int32>>
7ffcd2a999c0      1         64 System.Action<AutoMapper.IMemberConfigurationExpression<Order.Infrastructure.Data.Readonlys.CompanyBuMapping.GetCompanyBuMappingByIdViewModelDto, Order.Business.Dtos.ViewModels.CompanyBuMapping.GetCompanyBuMappingByIdViewModel, System.DateTime>>
7ffcd2a9f2f0      1         64 System.Action<AutoMapper.IMemberConfigurationExpression<Order.Infrastructure.Data.Readonlys.CompanyBuMapping.GetCompanyBuMappingViewModelDto, Order.Business.Dtos.ViewModels.CompanyBuMapping.GetCompanyBuMappingViewModel, System.Int32>>
7ffcd2a9fb20      1         64 System.Action<AutoMapper.IMemberConfigurationExpression<Order.Infrastructure.Data.Readonlys.CompanyBuMapping.GetCompanyBuMappingViewModelDto, Order.Business.Dtos.ViewModels.CompanyBuMapping.GetCompanyBuMappingViewModel, System.DateTime>>
7ffcd2aa43f8      1         64 System.Action<AutoMapper.IMemberConfigurationExpression<Order.Business.Mediator.Queries.CompanyBUMapping.GetCompanyBuMappingsQuery, Order.Infrastructure.Data.Readonlys.CompanyBuMapping.GetCompanyBuMappingsQueryDto, System.Boolean>>
7ffcd25de390      1         64 System.Func<Microsoft.AspNetCore.Routing.UriBuildingContext>
7ffcd25de4d8      1         64 System.Func<Microsoft.AspNetCore.Routing.UriBuildingContext, System.Boolean>
7ffcd26009f8      1         64 System.Func<Microsoft.AspNetCore.Mvc.Abstractions.ActionDescriptor, System.Boolean>
7ffcd2603b78      1         64 System.Func<Microsoft.AspNetCore.Mvc.Routing.AttributeRoute+RouteInfo, System.Boolean>
7ffcd2603a88      1         64 System.Func<Microsoft.AspNetCore.Mvc.Routing.AttributeRoute+RouteInfo, Microsoft.AspNetCore.Mvc.Routing.AttributeRoute+RouteInfo>
7ffcd2603998      1         64 System.Func<Microsoft.AspNetCore.Mvc.Routing.AttributeRoute+RouteInfo, Microsoft.AspNetCore.Mvc.Abstractions.ActionDescriptor>
7ffcd2607938      1         64 System.Comparison<Microsoft.AspNetCore.Routing.Tree.InboundMatch>
7ffcd2605e68      1         64 System.Func<Microsoft.AspNetCore.Routing.Tree.UrlMatchingTree, System.Int32>
7ffcd25de748      1         64 Microsoft.AspNetCore.Routing.Tree.TreeRouter
7ffcd2627910      1         64 System.Func<System.Collections.Generic.KeyValuePair<System.String, Microsoft.AspNetCore.Routing.DecisionTree.DecisionTreeBuilder<Microsoft.AspNetCore.Routing.Tree.OutboundMatch>+Criterion>, System.Int32>
7ffcd2629330      1         64 System.Func<System.Collections.Generic.KeyValuePair<System.String, Microsoft.AspNetCore.Routing.DecisionTree.DecisionTreeBuilder<Microsoft.AspNetCore.Routing.Tree.OutboundMatch>+Criterion>, System.Collections.Generic.KeyValuePair<System.String, Microsoft.AspNetCore.Routing.DecisionTree.DecisionTreeBuilder<Microsoft.AspNetCore.Routing.Tree.OutboundMatch>+Criterion>>
7ffcd2636cf8      1         64 Microsoft.Extensions.Internal.ObjectMethodExecutor+MethodExecutor
7ffcd26375e0      1         64 Microsoft.Extensions.Internal.ObjectMethodExecutor+MethodExecutorAsync
7ffcd12cecb0      1         64 Microsoft.Extensions.DependencyInjection.ObjectFactory
7ffcd2642fe0      2         64 Microsoft.AspNetCore.Mvc.ModelBinding.Binders.SimpleTypeModelBinder
7ffcd263ecf0      1         64 Microsoft.AspNetCore.Mvc.Controllers.ControllerBinderDelegate
7ffcd264d2f8      1         64 System.Func<System.Collections.Generic.KeyValuePair<System.Type, Microsoft.EntityFrameworkCore.Infrastructure.IDbContextOptionsExtension>, System.Int32, System.Collections.Generic.KeyValuePair<System.Type, System.ValueTuple<Microsoft.EntityFrameworkCore.Infrastructure.IDbContextOptionsExtension, System.Int32>>>
7ffcd269f440      1         64 System.Action<Microsoft.EntityFrameworkCore.Infrastructure.SqlServerDbContextOptionsBuilder>
7ffcd26e97c8      1         64 System.Func<Microsoft.EntityFrameworkCore.Infrastructure.IDbContextOptions, System.ValueTuple<System.Collections.Concurrent.ConcurrentDictionary<Microsoft.EntityFrameworkCore.Infrastructure.IDbContextOptions, System.ValueTuple<System.IServiceProvider, System.Collections.Generic.IDictionary<System.String, System.String>>>, Microsoft.EntityFrameworkCore.Infrastructure.IDbContextOptions>, System.ValueTuple<System.IServiceProvider, System.Collections.Generic.IDictionary<System.String, System.String>>>
7ffcd2714668      1         64 System.Func<System.Collections.Generic.KeyValuePair<System.Type, System.ValueTuple<Microsoft.EntityFrameworkCore.Infrastructure.IDbContextOptionsExtension, System.Int32>>, System.ValueTuple<Microsoft.EntityFrameworkCore.Infrastructure.IDbContextOptionsExtension, System.Int32>>
7ffcd27134f0      1         64 System.Func<System.ValueTuple<Microsoft.EntityFrameworkCore.Infrastructure.IDbContextOptionsExtension, System.Int32>, System.Int32>
7ffcd27139b8      1         64 System.Func<System.ValueTuple<Microsoft.EntityFrameworkCore.Infrastructure.IDbContextOptionsExtension, System.Int32>, Microsoft.EntityFrameworkCore.Infrastructure.IDbContextOptionsExtension>
7ffcd271f6e8      1         64 System.Func<System.ValueTuple<Microsoft.EntityFrameworkCore.Infrastructure.IDbContextOptionsExtension, System.Int32>, System.ValueTuple<Microsoft.EntityFrameworkCore.Infrastructure.IDbContextOptionsExtension, System.Int32>>
7ffcd2731de0      1         64 System.Func<System.Collections.Generic.KeyValuePair<System.String, System.String>, System.Collections.Generic.KeyValuePair<System.String, System.String>>
7ffcd2734a68      1         64 System.Func<System.IServiceProvider, Microsoft.EntityFrameworkCore.ValueGeneration.IValueGeneratorCache>
7ffcd273b1b8      1         64 System.Func<System.IServiceProvider, Microsoft.EntityFrameworkCore.Update.IUpdateSqlGenerator>
7ffcd273ccb8      1         64 System.Func<System.IServiceProvider, Microsoft.EntityFrameworkCore.Storage.IRelationalConnection>
7ffcd2755ea0      1         64 System.Func<System.IServiceProvider, Microsoft.EntityFrameworkCore.SqlServer.Infrastructure.Internal.ISqlServerSingletonOptions>
7ffcd2756988      1         64 System.Action<Microsoft.EntityFrameworkCore.Infrastructure.ServiceCollectionMap>
7ffcd27790d0      1         64 System.Func<System.IServiceProvider, Microsoft.EntityFrameworkCore.Storage.ITypeMappingSource>
7ffcd2779248      1         64 System.Func<System.IServiceProvider, Microsoft.EntityFrameworkCore.Storage.IDatabaseCreator>
7ffcd2779d20      1         64 System.Func<System.IServiceProvider, Microsoft.EntityFrameworkCore.Storage.IDatabaseFacadeDependencies>
7ffcd277af98      1         64 System.Func<System.IServiceProvider, Microsoft.EntityFrameworkCore.Diagnostics.IDiagnosticsLogger<Microsoft.EntityFrameworkCore.DbLoggerCategory+Database+Connection>>
7ffcd277bb30      1         64 System.Func<System.IServiceProvider, Microsoft.EntityFrameworkCore.Diagnostics.IDiagnosticsLogger<Microsoft.EntityFrameworkCore.DbLoggerCategory+Database+Command>>
7ffcd277ea30      1         64 System.Func<System.IServiceProvider, Microsoft.EntityFrameworkCore.Query.ILiftableConstantFactory>
7ffcd27a0428      1         64 System.Func<System.IServiceProvider, Microsoft.EntityFrameworkCore.Storage.IExecutionStrategy>
7ffcd27a24a0      1         64 System.Func<System.IServiceProvider, Microsoft.EntityFrameworkCore.Diagnostics.ILoggingOptions>
7ffcd27a2620      1         64 System.Func<System.IServiceProvider, Microsoft.EntityFrameworkCore.Infrastructure.ICoreSingletonOptions>
7ffcd27a27a0      1         64 System.Func<System.IServiceProvider, Microsoft.EntityFrameworkCore.Metadata.IModel>
7ffcd27a2918      1         64 System.Func<System.IServiceProvider, Microsoft.EntityFrameworkCore.Metadata.IDesignTimeModel>
7ffcd27a2a90      1         64 System.Func<System.IServiceProvider, Microsoft.EntityFrameworkCore.Infrastructure.ICurrentDbContext>
7ffcd27a2c08      1         64 System.Func<System.IServiceProvider, Microsoft.EntityFrameworkCore.Infrastructure.IDbContextOptions>
7ffcd27a2d80      1         64 System.Func<System.IServiceProvider, Microsoft.EntityFrameworkCore.Infrastructure.Internal.ILazyLoaderFactory>
7ffcd27a2f00      1         64 System.Func<System.IServiceProvider, Microsoft.EntityFrameworkCore.ChangeTracking.Internal.IStateManager>
7ffcd27a4198      1         64 System.Func<System.IServiceProvider, Microsoft.EntityFrameworkCore.Infrastructure.ILazyLoader>
7ffcd27a52b0      1         64 System.Func<System.IServiceProvider, Microsoft.Extensions.Caching.Memory.IMemoryCache>
7ffcd27a6120      1         64 System.Func<System.IServiceProvider, Microsoft.EntityFrameworkCore.Diagnostics.IDbContextLogger>
7ffcd27b8438      1         64 System.Func<Microsoft.Extensions.DependencyInjection.ServiceLookup.ServiceCacheKey, Microsoft.Extensions.DependencyInjection.ServiceLookup.ServiceCallSite, Microsoft.Extensions.DependencyInjection.ServiceLookup.ILEmitResolverBuilder+GeneratedMethod>
7ffcd27b6ee0      1         64 System.Func<Microsoft.Extensions.DependencyInjection.ServiceLookup.ServiceIdentifier, Microsoft.Extensions.DependencyInjection.ServiceProvider+ServiceAccessor>
7ffcd27c25d8      1         64 System.Func<Microsoft.Extensions.DependencyInjection.ServiceLookup.ServiceIdentifier, System.Object>
7ffcd27d0a78      1         64 System.Func<System.Type, System.Collections.Generic.IReadOnlyList<Microsoft.EntityFrameworkCore.Infrastructure.DbSetProperty>>
7ffcd280e360      1         64 System.Action<Order.Infrastructure.OrderContext, System.Collections.Generic.IReadOnlyList<System.Int32>, Microsoft.EntityFrameworkCore.DbSet<Order.Infrastructure.Entities.Setting.AllowedStatusModel>>
7ffcd280eb58      1         64 System.Func<Order.Infrastructure.OrderContext, Microsoft.EntityFrameworkCore.DbSet<Order.Infrastructure.Entities.Setting.AllowedStatusModel>, Order.Infrastructure.OrderContext>
7ffcd280f758      1         64 System.Action<Order.Infrastructure.OrderContext, System.Collections.Generic.IReadOnlyList<System.Int32>, Microsoft.EntityFrameworkCore.DbSet<Order.Infrastructure.Entities.Setting.BackGroudSeviceModel>>
7ffcd3240dc8      1         64 System.Action<Microsoft.EntityFrameworkCore.Metadata.Builders.EntityTypeBuilder<Order.Infrastructure.Data.Readonlys.SysRunningNumber.SysRunningNumberResult>>
7ffcd280fc98      1         64 System.Func<Order.Infrastructure.OrderContext, Microsoft.EntityFrameworkCore.DbSet<Order.Infrastructure.Entities.Setting.BackGroudSeviceModel>, Order.Infrastructure.OrderContext>
7ffcd2810968      1         64 System.Action<Order.Infrastructure.OrderContext, System.Collections.Generic.IReadOnlyList<System.Int32>, Microsoft.EntityFrameworkCore.DbSet<Order.Infrastructure.Entities.StoreLocation.BuModel>>
7ffcd2810ea8      1         64 System.Func<Order.Infrastructure.OrderContext, Microsoft.EntityFrameworkCore.DbSet<Order.Infrastructure.Entities.StoreLocation.BuModel>, Order.Infrastructure.OrderContext>
7ffcd2811a78      1         64 System.Action<Order.Infrastructure.OrderContext, System.Collections.Generic.IReadOnlyList<System.Int32>, Microsoft.EntityFrameworkCore.DbSet<Order.Infrastructure.Entities.EmailMaster.EmailMasterModel>>
7ffcd2811fb8      1         64 System.Func<Order.Infrastructure.OrderContext, Microsoft.EntityFrameworkCore.DbSet<Order.Infrastructure.Entities.EmailMaster.EmailMasterModel>, Order.Infrastructure.OrderContext>
7ffcd28147a0      1         64 System.Action<Order.Infrastructure.OrderContext, System.Collections.Generic.IReadOnlyList<System.Int32>, Microsoft.EntityFrameworkCore.DbSet<Order.Infrastructure.Entities.EmailMaster.EmailRecipientModel>>
7ffcd2814ce0      1         64 System.Func<Order.Infrastructure.OrderContext, Microsoft.EntityFrameworkCore.DbSet<Order.Infrastructure.Entities.EmailMaster.EmailRecipientModel>, Order.Infrastructure.OrderContext>
7ffcd2815900      1         64 System.Action<Order.Infrastructure.OrderContext, System.Collections.Generic.IReadOnlyList<System.Int32>, Microsoft.EntityFrameworkCore.DbSet<Order.Infrastructure.Entities.MessageLog.ExternalLogModel>>
7ffcd2815e40      1         64 System.Func<Order.Infrastructure.OrderContext, Microsoft.EntityFrameworkCore.DbSet<Order.Infrastructure.Entities.MessageLog.ExternalLogModel>, Order.Infrastructure.OrderContext>
7ffcd2816a10      1         64 System.Action<Order.Infrastructure.OrderContext, System.Collections.Generic.IReadOnlyList<System.Int32>, Microsoft.EntityFrameworkCore.DbSet<Order.Infrastructure.Entities.SettingModel.FunctionModel>>
7ffcd2816f50      1         64 System.Func<Order.Infrastructure.OrderContext, Microsoft.EntityFrameworkCore.DbSet<Order.Infrastructure.Entities.SettingModel.FunctionModel>, Order.Infrastructure.OrderContext>
7ffcd2817b20      1         64 System.Action<Order.Infrastructure.OrderContext, System.Collections.Generic.IReadOnlyList<System.Int32>, Microsoft.EntityFrameworkCore.DbSet<Order.Infrastructure.Entities.MessageLog.HttpLogModel>>
7ffcd2818060      1         64 System.Func<Order.Infrastructure.OrderContext, Microsoft.EntityFrameworkCore.DbSet<Order.Infrastructure.Entities.MessageLog.HttpLogModel>, Order.Infrastructure.OrderContext>
7ffcd2818c30      1         64 System.Action<Order.Infrastructure.OrderContext, System.Collections.Generic.IReadOnlyList<System.Int32>, Microsoft.EntityFrameworkCore.DbSet<Order.Infrastructure.Entities.Log.InternalLog>>
7ffcd2819170      1         64 System.Func<Order.Infrastructure.OrderContext, Microsoft.EntityFrameworkCore.DbSet<Order.Infrastructure.Entities.Log.InternalLog>, Order.Infrastructure.OrderContext>
7ffcd281a7f8      1         64 System.Action<Order.Infrastructure.OrderContext, System.Collections.Generic.IReadOnlyList<System.Int32>, Microsoft.EntityFrameworkCore.DbSet<Order.Infrastructure.Entities.OrderItemInformation.OrderItemOtherInfoModel>>
7ffcd281ad38      1         64 System.Func<Order.Infrastructure.OrderContext, Microsoft.EntityFrameworkCore.DbSet<Order.Infrastructure.Entities.OrderItemInformation.OrderItemOtherInfoModel>, Order.Infrastructure.OrderContext>
7ffcd281b908      1         64 System.Action<Order.Infrastructure.OrderContext, System.Collections.Generic.IReadOnlyList<System.Int32>, Microsoft.EntityFrameworkCore.DbSet<Order.Infrastructure.Entities.MessageLog.MessageLogsModel>>
7ffcd281be48      1         64 System.Func<Order.Infrastructure.OrderContext, Microsoft.EntityFrameworkCore.DbSet<Order.Infrastructure.Entities.MessageLog.MessageLogsModel>, Order.Infrastructure.OrderContext>
7ffcd281ca18      1         64 System.Action<Order.Infrastructure.OrderContext, System.Collections.Generic.IReadOnlyList<System.Int32>, Microsoft.EntityFrameworkCore.DbSet<Order.Infrastructure.Entities.OrderModels.OrderModel>>
7ffcd281cf58      1         64 System.Func<Order.Infrastructure.OrderContext, Microsoft.EntityFrameworkCore.DbSet<Order.Infrastructure.Entities.OrderModels.OrderModel>, Order.Infrastructure.OrderContext>
7ffcd281db28      1         64 System.Action<Order.Infrastructure.OrderContext, System.Collections.Generic.IReadOnlyList<System.Int32>, Microsoft.EntityFrameworkCore.DbSet<Order.Infrastructure.Entities.OrderModels.OrderAddressModel>>
7ffcd281e068      1         64 System.Func<Order.Infrastructure.OrderContext, Microsoft.EntityFrameworkCore.DbSet<Order.Infrastructure.Entities.OrderModels.OrderAddressModel>, Order.Infrastructure.OrderContext>
7ffcd281ec38      1         64 System.Action<Order.Infrastructure.OrderContext, System.Collections.Generic.IReadOnlyList<System.Int32>, Microsoft.EntityFrameworkCore.DbSet<Order.Infrastructure.Entities.OrderModels.OrderCustomerModel>>
7ffcd281f178      1         64 System.Func<Order.Infrastructure.OrderContext, Microsoft.EntityFrameworkCore.DbSet<Order.Infrastructure.Entities.OrderModels.OrderCustomerModel>, Order.Infrastructure.OrderContext>
7ffcd281fd48      1         64 System.Action<Order.Infrastructure.OrderContext, System.Collections.Generic.IReadOnlyList<System.Int32>, Microsoft.EntityFrameworkCore.DbSet<Order.Infrastructure.Entities.OrderModels.OrderFeeAmountModel>>
7ffcd28202d8      1         64 System.Func<Order.Infrastructure.OrderContext, Microsoft.EntityFrameworkCore.DbSet<Order.Infrastructure.Entities.OrderModels.OrderFeeAmountModel>, Order.Infrastructure.OrderContext>
7ffcd2820ea8      1         64 System.Action<Order.Infrastructure.OrderContext, System.Collections.Generic.IReadOnlyList<System.Int32>, Microsoft.EntityFrameworkCore.DbSet<Order.Infrastructure.Entities.OrderModels.OrderFeeAmountDtlModel>>
7ffcd28213e8      1         64 System.Func<Order.Infrastructure.OrderContext, Microsoft.EntityFrameworkCore.DbSet<Order.Infrastructure.Entities.OrderModels.OrderFeeAmountDtlModel>, Order.Infrastructure.OrderContext>
7ffcd2821fb8      1         64 System.Action<Order.Infrastructure.OrderContext, System.Collections.Generic.IReadOnlyList<System.Int32>, Microsoft.EntityFrameworkCore.DbSet<Order.Infrastructure.Entities.OrderModels.OrderFeeModel>>
7ffcd28224f8      1         64 System.Func<Order.Infrastructure.OrderContext, Microsoft.EntityFrameworkCore.DbSet<Order.Infrastructure.Entities.OrderModels.OrderFeeModel>, Order.Infrastructure.OrderContext>
7ffcd28230c8      1         64 System.Action<Order.Infrastructure.OrderContext, System.Collections.Generic.IReadOnlyList<System.Int32>, Microsoft.EntityFrameworkCore.DbSet<Order.Infrastructure.Entities.OrderModels.OrderFeePaymentModel>>
7ffcd2823608      1         64 System.Func<Order.Infrastructure.OrderContext, Microsoft.EntityFrameworkCore.DbSet<Order.Infrastructure.Entities.OrderModels.OrderFeePaymentModel>, Order.Infrastructure.OrderContext>
7ffcd28241d8      1         64 System.Action<Order.Infrastructure.OrderContext, System.Collections.Generic.IReadOnlyList<System.Int32>, Microsoft.EntityFrameworkCore.DbSet<Order.Infrastructure.Entities.OrderModels.OrderFeeTaxModel>>
7ffcd2824718      1         64 System.Func<Order.Infrastructure.OrderContext, Microsoft.EntityFrameworkCore.DbSet<Order.Infrastructure.Entities.OrderModels.OrderFeeTaxModel>, Order.Infrastructure.OrderContext>
7ffcd28252e8      1         64 System.Action<Order.Infrastructure.OrderContext, System.Collections.Generic.IReadOnlyList<System.Int32>, Microsoft.EntityFrameworkCore.DbSet<Order.Infrastructure.Entities.OrderModels.OrderItemModel>>
7ffcd2825828      1         64 System.Func<Order.Infrastructure.OrderContext, Microsoft.EntityFrameworkCore.DbSet<Order.Infrastructure.Entities.OrderModels.OrderItemModel>, Order.Infrastructure.OrderContext>
7ffcd2828010      1         64 System.Action<Order.Infrastructure.OrderContext, System.Collections.Generic.IReadOnlyList<System.Int32>, Microsoft.EntityFrameworkCore.DbSet<Order.Infrastructure.Entities.OrderModels.OrderItemAmountModel>>
7ffcd2828550      1         64 System.Func<Order.Infrastructure.OrderContext, Microsoft.EntityFrameworkCore.DbSet<Order.Infrastructure.Entities.OrderModels.OrderItemAmountModel>, Order.Infrastructure.OrderContext>
7ffcd2829120      1         64 System.Action<Order.Infrastructure.OrderContext, System.Collections.Generic.IReadOnlyList<System.Int32>, Microsoft.EntityFrameworkCore.DbSet<Order.Infrastructure.Entities.OrderModels.OrderItemAmountDtlModel>>
7ffcd2829660      1         64 System.Func<Order.Infrastructure.OrderContext, Microsoft.EntityFrameworkCore.DbSet<Order.Infrastructure.Entities.OrderModels.OrderItemAmountDtlModel>, Order.Infrastructure.OrderContext>
7ffcd282a230      1         64 System.Action<Order.Infrastructure.OrderContext, System.Collections.Generic.IReadOnlyList<System.Int32>, Microsoft.EntityFrameworkCore.DbSet<Order.Infrastructure.Entities.OrderModels.OrderItemBarcodeModel>>
7ffcd282a770      1         64 System.Func<Order.Infrastructure.OrderContext, Microsoft.EntityFrameworkCore.DbSet<Order.Infrastructure.Entities.OrderModels.OrderItemBarcodeModel>, Order.Infrastructure.OrderContext>
7ffcd282b340      1         64 System.Action<Order.Infrastructure.OrderContext, System.Collections.Generic.IReadOnlyList<System.Int32>, Microsoft.EntityFrameworkCore.DbSet<Order.Infrastructure.Entities.OrderModels.OrderItemDeliveryWindowModel>>
7ffcd282b880      1         64 System.Func<Order.Infrastructure.OrderContext, Microsoft.EntityFrameworkCore.DbSet<Order.Infrastructure.Entities.OrderModels.OrderItemDeliveryWindowModel>, Order.Infrastructure.OrderContext>
7ffcd282c450      1         64 System.Action<Order.Infrastructure.OrderContext, System.Collections.Generic.IReadOnlyList<System.Int32>, Microsoft.EntityFrameworkCore.DbSet<Order.Infrastructure.Entities.OrderModels.OrderItemFulFillmentModel>>
7ffcd282c990      1         64 System.Func<Order.Infrastructure.OrderContext, Microsoft.EntityFrameworkCore.DbSet<Order.Infrastructure.Entities.OrderModels.OrderItemFulFillmentModel>, Order.Infrastructure.OrderContext>
7ffcd282d560      1         64 System.Action<Order.Infrastructure.OrderContext, System.Collections.Generic.IReadOnlyList<System.Int32>, Microsoft.EntityFrameworkCore.DbSet<Order.Infrastructure.Entities.OrderModels.OrderItemFulFillmentServiceTypeModel>>
7ffcd282daa0      1         64 System.Func<Order.Infrastructure.OrderContext, Microsoft.EntityFrameworkCore.DbSet<Order.Infrastructure.Entities.OrderModels.OrderItemFulFillmentServiceTypeModel>, Order.Infrastructure.OrderContext>
7ffcd282e670      1         64 System.Action<Order.Infrastructure.OrderContext, System.Collections.Generic.IReadOnlyList<System.Int32>, Microsoft.EntityFrameworkCore.DbSet<Order.Infrastructure.Entities.OrderModels.OrderItemPaymentModel>>
7ffcd282ebb0      1         64 System.Func<Order.Infrastructure.OrderContext, Microsoft.EntityFrameworkCore.DbSet<Order.Infrastructure.Entities.OrderModels.OrderItemPaymentModel>, Order.Infrastructure.OrderContext>
7ffcd282f780      1         64 System.Action<Order.Infrastructure.OrderContext, System.Collections.Generic.IReadOnlyList<System.Int32>, Microsoft.EntityFrameworkCore.DbSet<Order.Infrastructure.Entities.OrderModels.OrderItemPromotionModel>>
7ffcd282fcc0      1         64 System.Func<Order.Infrastructure.OrderContext, Microsoft.EntityFrameworkCore.DbSet<Order.Infrastructure.Entities.OrderModels.OrderItemPromotionModel>, Order.Infrastructure.OrderContext>
7ffcd2830968      1         64 System.Action<Order.Infrastructure.OrderContext, System.Collections.Generic.IReadOnlyList<System.Int32>, Microsoft.EntityFrameworkCore.DbSet<Order.Infrastructure.Entities.OrderModels.OrderItemPromotionsModel>>
7ffcd2830ea8      1         64 System.Func<Order.Infrastructure.OrderContext, Microsoft.EntityFrameworkCore.DbSet<Order.Infrastructure.Entities.OrderModels.OrderItemPromotionsModel>, Order.Infrastructure.OrderContext>
7ffcd2831a78      1         64 System.Action<Order.Infrastructure.OrderContext, System.Collections.Generic.IReadOnlyList<System.Int32>, Microsoft.EntityFrameworkCore.DbSet<Order.Infrastructure.Entities.OrderModels.OrderItemRemarkModel>>
7ffcd2831fb8      1         64 System.Func<Order.Infrastructure.OrderContext, Microsoft.EntityFrameworkCore.DbSet<Order.Infrastructure.Entities.OrderModels.OrderItemRemarkModel>, Order.Infrastructure.OrderContext>
7ffcd2832b88      1         64 System.Action<Order.Infrastructure.OrderContext, System.Collections.Generic.IReadOnlyList<System.Int32>, Microsoft.EntityFrameworkCore.DbSet<Order.Infrastructure.Entities.OrderModels.OrderItemTaxModel>>
7ffcd28330c8      1         64 System.Func<Order.Infrastructure.OrderContext, Microsoft.EntityFrameworkCore.DbSet<Order.Infrastructure.Entities.OrderModels.OrderItemTaxModel>, Order.Infrastructure.OrderContext>
7ffcd2833c98      1         64 System.Action<Order.Infrastructure.OrderContext, System.Collections.Generic.IReadOnlyList<System.Int32>, Microsoft.EntityFrameworkCore.DbSet<Order.Infrastructure.Entities.SysStatusAggregate.OrderOutboxModel>>
7ffcd28341d8      1         64 System.Func<Order.Infrastructure.OrderContext, Microsoft.EntityFrameworkCore.DbSet<Order.Infrastructure.Entities.SysStatusAggregate.OrderOutboxModel>, Order.Infrastructure.OrderContext>
7ffcd2834da8      1         64 System.Action<Order.Infrastructure.OrderContext, System.Collections.Generic.IReadOnlyList<System.Int32>, Microsoft.EntityFrameworkCore.DbSet<Order.Infrastructure.Entities.OrderModels.OrderPaymentModel>>
7ffcd28352e8      1         64 System.Func<Order.Infrastructure.OrderContext, Microsoft.EntityFrameworkCore.DbSet<Order.Infrastructure.Entities.OrderModels.OrderPaymentModel>, Order.Infrastructure.OrderContext>
7ffcd2835eb8      1         64 System.Action<Order.Infrastructure.OrderContext, System.Collections.Generic.IReadOnlyList<System.Int32>, Microsoft.EntityFrameworkCore.DbSet<Order.Infrastructure.Entities.OrderModels.OrderPaymentTransactionModel>>
7ffcd28363f8      1         64 System.Func<Order.Infrastructure.OrderContext, Microsoft.EntityFrameworkCore.DbSet<Order.Infrastructure.Entities.OrderModels.OrderPaymentTransactionModel>, Order.Infrastructure.OrderContext>
7ffcd2836fc8      1         64 System.Action<Order.Infrastructure.OrderContext, System.Collections.Generic.IReadOnlyList<System.Int32>, Microsoft.EntityFrameworkCore.DbSet<Order.Infrastructure.Entities.OrderProcessCondition.OrderProcessConditionModel>>
7ffcd2837508      1         64 System.Func<Order.Infrastructure.OrderContext, Microsoft.EntityFrameworkCore.DbSet<Order.Infrastructure.Entities.OrderProcessCondition.OrderProcessConditionModel>, Order.Infrastructure.OrderContext>
7ffcd28380d8      1         64 System.Action<Order.Infrastructure.OrderContext, System.Collections.Generic.IReadOnlyList<System.Int32>, Microsoft.EntityFrameworkCore.DbSet<Order.Infrastructure.Entities.OrderModels.OrderPromotionModel>>
7ffcd2838618      1         64 System.Func<Order.Infrastructure.OrderContext, Microsoft.EntityFrameworkCore.DbSet<Order.Infrastructure.Entities.OrderModels.OrderPromotionModel>, Order.Infrastructure.OrderContext>
7ffcd283ae00      1         64 System.Action<Order.Infrastructure.OrderContext, System.Collections.Generic.IReadOnlyList<System.Int32>, Microsoft.EntityFrameworkCore.DbSet<Order.Infrastructure.Entities.OrderModels.OrderPromotionAmountModel>>
7ffcd283b340      1         64 System.Func<Order.Infrastructure.OrderContext, Microsoft.EntityFrameworkCore.DbSet<Order.Infrastructure.Entities.OrderModels.OrderPromotionAmountModel>, Order.Infrastructure.OrderContext>
7ffcd283bf10      1         64 System.Action<Order.Infrastructure.OrderContext, System.Collections.Generic.IReadOnlyList<System.Int32>, Microsoft.EntityFrameworkCore.DbSet<Order.Infrastructure.Entities.OrderReference.OrderReferenceModel>>
7ffcd283c450      1         64 System.Func<Order.Infrastructure.OrderContext, Microsoft.EntityFrameworkCore.DbSet<Order.Infrastructure.Entities.OrderReference.OrderReferenceModel>, Order.Infrastructure.OrderContext>
7ffcd283d020      1         64 System.Action<Order.Infrastructure.OrderContext, System.Collections.Generic.IReadOnlyList<System.Int32>, Microsoft.EntityFrameworkCore.DbSet<Order.Infrastructure.Entities.OrderModels.OrderRemarkModel>>
7ffcd283d560      1         64 System.Func<Order.Infrastructure.OrderContext, Microsoft.EntityFrameworkCore.DbSet<Order.Infrastructure.Entities.OrderModels.OrderRemarkModel>, Order.Infrastructure.OrderContext>
7ffcd283e130      1         64 System.Action<Order.Infrastructure.OrderContext, System.Collections.Generic.IReadOnlyList<System.Int32>, Microsoft.EntityFrameworkCore.DbSet<Order.Infrastructure.Entities.OrderReturn.OrderReturnModel>>
7ffcd283e670      1         64 System.Func<Order.Infrastructure.OrderContext, Microsoft.EntityFrameworkCore.DbSet<Order.Infrastructure.Entities.OrderReturn.OrderReturnModel>, Order.Infrastructure.OrderContext>
7ffcd283f240      1         64 System.Action<Order.Infrastructure.OrderContext, System.Collections.Generic.IReadOnlyList<System.Int32>, Microsoft.EntityFrameworkCore.DbSet<Order.Infrastructure.Entities.OrderReturn.OrderReturnItemModel>>
7ffcd283f780      1         64 System.Func<Order.Infrastructure.OrderContext, Microsoft.EntityFrameworkCore.DbSet<Order.Infrastructure.Entities.OrderReturn.OrderReturnItemModel>, Order.Infrastructure.OrderContext>
7ffcd2860378      1         64 System.Action<Order.Infrastructure.OrderContext, System.Collections.Generic.IReadOnlyList<System.Int32>, Microsoft.EntityFrameworkCore.DbSet<Order.Infrastructure.Entities.SysStatusAggregate.OrderSagaModel>>
7ffcd28608b8      1         64 System.Func<Order.Infrastructure.OrderContext, Microsoft.EntityFrameworkCore.DbSet<Order.Infrastructure.Entities.SysStatusAggregate.OrderSagaModel>, Order.Infrastructure.OrderContext>
7ffcd2861488      1         64 System.Action<Order.Infrastructure.OrderContext, System.Collections.Generic.IReadOnlyList<System.Int32>, Microsoft.EntityFrameworkCore.DbSet<Order.Infrastructure.Entities.OrderStaging.OrderStagingModel>>
7ffcd28619c8      1         64 System.Func<Order.Infrastructure.OrderContext, Microsoft.EntityFrameworkCore.DbSet<Order.Infrastructure.Entities.OrderStaging.OrderStagingModel>, Order.Infrastructure.OrderContext>
7ffcd2862598      1         64 System.Action<Order.Infrastructure.OrderContext, System.Collections.Generic.IReadOnlyList<System.Int32>, Microsoft.EntityFrameworkCore.DbSet<Order.Infrastructure.Entities.PackageAuditInfo.PackageAuditInfoModel>>
7ffcd2862ad8      1         64 System.Func<Order.Infrastructure.OrderContext, Microsoft.EntityFrameworkCore.DbSet<Order.Infrastructure.Entities.PackageAuditInfo.PackageAuditInfoModel>, Order.Infrastructure.OrderContext>
7ffcd28636a8      1         64 System.Action<Order.Infrastructure.OrderContext, System.Collections.Generic.IReadOnlyList<System.Int32>, Microsoft.EntityFrameworkCore.DbSet<Order.Infrastructure.Entities.Package.PackageInfoModel>>
7ffcd2863be8      1         64 System.Func<Order.Infrastructure.OrderContext, Microsoft.EntityFrameworkCore.DbSet<Order.Infrastructure.Entities.Package.PackageInfoModel>, Order.Infrastructure.OrderContext>
7ffcd28647b8      1         64 System.Action<Order.Infrastructure.OrderContext, System.Collections.Generic.IReadOnlyList<System.Int32>, Microsoft.EntityFrameworkCore.DbSet<Order.Infrastructure.Entities.Package.PackageTbModel>>
7ffcd2864cf8      1         64 System.Func<Order.Infrastructure.OrderContext, Microsoft.EntityFrameworkCore.DbSet<Order.Infrastructure.Entities.Package.PackageTbModel>, Order.Infrastructure.OrderContext>
7ffcd28658c8      1         64 System.Action<Order.Infrastructure.OrderContext, System.Collections.Generic.IReadOnlyList<System.Int32>, Microsoft.EntityFrameworkCore.DbSet<Order.Infrastructure.Entities.ProcessOrder.ProcessOrderModel>>
7ffcd2865e08      1         64 System.Func<Order.Infrastructure.OrderContext, Microsoft.EntityFrameworkCore.DbSet<Order.Infrastructure.Entities.ProcessOrder.ProcessOrderModel>, Order.Infrastructure.OrderContext>
7ffcd28669d8      1         64 System.Action<Order.Infrastructure.OrderContext, System.Collections.Generic.IReadOnlyList<System.Int32>, Microsoft.EntityFrameworkCore.DbSet<Order.Infrastructure.Entities.ProcessOrder.ProcessOrderItemModel>>
7ffcd2866f18      1         64 System.Func<Order.Infrastructure.OrderContext, Microsoft.EntityFrameworkCore.DbSet<Order.Infrastructure.Entities.ProcessOrder.ProcessOrderItemModel>, Order.Infrastructure.OrderContext>
7ffcd2867ae8      1         64 System.Action<Order.Infrastructure.OrderContext, System.Collections.Generic.IReadOnlyList<System.Int32>, Microsoft.EntityFrameworkCore.DbSet<Order.Infrastructure.Entities.Promotion.ConditionPromotionItemModel>>
7ffcd2868028      1         64 System.Func<Order.Infrastructure.OrderContext, Microsoft.EntityFrameworkCore.DbSet<Order.Infrastructure.Entities.Promotion.ConditionPromotionItemModel>, Order.Infrastructure.OrderContext>
7ffcd2868bf8      1         64 System.Action<Order.Infrastructure.OrderContext, System.Collections.Generic.IReadOnlyList<System.Int32>, Microsoft.EntityFrameworkCore.DbSet<Order.Infrastructure.Entities.Promotion.PromotionItemModel>>
7ffcd2869138      1         64 System.Func<Order.Infrastructure.OrderContext, Microsoft.EntityFrameworkCore.DbSet<Order.Infrastructure.Entities.Promotion.PromotionItemModel>, Order.Infrastructure.OrderContext>
7ffcd2869d08      1         64 System.Action<Order.Infrastructure.OrderContext, System.Collections.Generic.IReadOnlyList<System.Int32>, Microsoft.EntityFrameworkCore.DbSet<Order.Infrastructure.Entities.Setting.StateControlModel>>
7ffcd286a248      1         64 System.Func<Order.Infrastructure.OrderContext, Microsoft.EntityFrameworkCore.DbSet<Order.Infrastructure.Entities.Setting.StateControlModel>, Order.Infrastructure.OrderContext>
7ffcd286ae18      1         64 System.Action<Order.Infrastructure.OrderContext, System.Collections.Generic.IReadOnlyList<System.Int32>, Microsoft.EntityFrameworkCore.DbSet<Order.Infrastructure.Entities.StoreLocation.StoreLocationModel>>
7ffcd286b358      1         64 System.Func<Order.Infrastructure.OrderContext, Microsoft.EntityFrameworkCore.DbSet<Order.Infrastructure.Entities.StoreLocation.StoreLocationModel>, Order.Infrastructure.OrderContext>
7ffcd286db40      1         64 System.Action<Order.Infrastructure.OrderContext, System.Collections.Generic.IReadOnlyList<System.Int32>, Microsoft.EntityFrameworkCore.DbSet<Order.Infrastructure.Entities.SubOrderModels.SubOrderModel>>
7ffcd286e080      1         64 System.Func<Order.Infrastructure.OrderContext, Microsoft.EntityFrameworkCore.DbSet<Order.Infrastructure.Entities.SubOrderModels.SubOrderModel>, Order.Infrastructure.OrderContext>
7ffcd286ec50      1         64 System.Action<Order.Infrastructure.OrderContext, System.Collections.Generic.IReadOnlyList<System.Int32>, Microsoft.EntityFrameworkCore.DbSet<Order.Infrastructure.Entities.SubOrderModels.SubOrderAddressModel>>
7ffcd286f190      1         64 System.Func<Order.Infrastructure.OrderContext, Microsoft.EntityFrameworkCore.DbSet<Order.Infrastructure.Entities.SubOrderModels.SubOrderAddressModel>, Order.Infrastructure.OrderContext>
7ffcd286fd60      1         64 System.Action<Order.Infrastructure.OrderContext, System.Collections.Generic.IReadOnlyList<System.Int32>, Microsoft.EntityFrameworkCore.DbSet<Order.Infrastructure.Entities.SubOrderModels.SubOrderFeeAmountModel>>
7ffcd28702d8      1         64 System.Func<Order.Infrastructure.OrderContext, Microsoft.EntityFrameworkCore.DbSet<Order.Infrastructure.Entities.SubOrderModels.SubOrderFeeAmountModel>, Order.Infrastructure.OrderContext>
7ffcd2870ea8      1         64 System.Action<Order.Infrastructure.OrderContext, System.Collections.Generic.IReadOnlyList<System.Int32>, Microsoft.EntityFrameworkCore.DbSet<Order.Infrastructure.Entities.SubOrderModels.SubOrderFeeAmountDtlModel>>
7ffcd28713e8      1         64 System.Func<Order.Infrastructure.OrderContext, Microsoft.EntityFrameworkCore.DbSet<Order.Infrastructure.Entities.SubOrderModels.SubOrderFeeAmountDtlModel>, Order.Infrastructure.OrderContext>
7ffcd2871fb8      1         64 System.Action<Order.Infrastructure.OrderContext, System.Collections.Generic.IReadOnlyList<System.Int32>, Microsoft.EntityFrameworkCore.DbSet<Order.Infrastructure.Entities.SubOrderModels.SubOrderFeeModel>>
7ffcd28724f8      1         64 System.Func<Order.Infrastructure.OrderContext, Microsoft.EntityFrameworkCore.DbSet<Order.Infrastructure.Entities.SubOrderModels.SubOrderFeeModel>, Order.Infrastructure.OrderContext>
7ffcd28730c8      1         64 System.Action<Order.Infrastructure.OrderContext, System.Collections.Generic.IReadOnlyList<System.Int32>, Microsoft.EntityFrameworkCore.DbSet<Order.Infrastructure.Entities.SubOrderModels.SubOrderFeePaymentModel>>
7ffcd2873608      1         64 System.Func<Order.Infrastructure.OrderContext, Microsoft.EntityFrameworkCore.DbSet<Order.Infrastructure.Entities.SubOrderModels.SubOrderFeePaymentModel>, Order.Infrastructure.OrderContext>
7ffcd28741d8      1         64 System.Action<Order.Infrastructure.OrderContext, System.Collections.Generic.IReadOnlyList<System.Int32>, Microsoft.EntityFrameworkCore.DbSet<Order.Infrastructure.Entities.SubOrderModels.SubOrderFeeTaxModel>>
7ffcd2874718      1         64 System.Func<Order.Infrastructure.OrderContext, Microsoft.EntityFrameworkCore.DbSet<Order.Infrastructure.Entities.SubOrderModels.SubOrderFeeTaxModel>, Order.Infrastructure.OrderContext>
7ffcd28752e8      1         64 System.Action<Order.Infrastructure.OrderContext, System.Collections.Generic.IReadOnlyList<System.Int32>, Microsoft.EntityFrameworkCore.DbSet<Order.Infrastructure.Entities.SubOrderModels.SubOrderItemModel>>
7ffcd2875828      1         64 System.Func<Order.Infrastructure.OrderContext, Microsoft.EntityFrameworkCore.DbSet<Order.Infrastructure.Entities.SubOrderModels.SubOrderItemModel>, Order.Infrastructure.OrderContext>
7ffcd28763f8      1         64 System.Action<Order.Infrastructure.OrderContext, System.Collections.Generic.IReadOnlyList<System.Int32>, Microsoft.EntityFrameworkCore.DbSet<Order.Infrastructure.Entities.SubOrderModels.SubOrderItemAmountModel>>
7ffcd2876938      1         64 System.Func<Order.Infrastructure.OrderContext, Microsoft.EntityFrameworkCore.DbSet<Order.Infrastructure.Entities.SubOrderModels.SubOrderItemAmountModel>, Order.Infrastructure.OrderContext>
7ffcd2877508      1         64 System.Action<Order.Infrastructure.OrderContext, System.Collections.Generic.IReadOnlyList<System.Int32>, Microsoft.EntityFrameworkCore.DbSet<Order.Infrastructure.Entities.SubOrderModels.SubOrderItemAmtDtlModel>>
7ffcd2877a48      1         64 System.Func<Order.Infrastructure.OrderContext, Microsoft.EntityFrameworkCore.DbSet<Order.Infrastructure.Entities.SubOrderModels.SubOrderItemAmtDtlModel>, Order.Infrastructure.OrderContext>
7ffcd2878618      1         64 System.Action<Order.Infrastructure.OrderContext, System.Collections.Generic.IReadOnlyList<System.Int32>, Microsoft.EntityFrameworkCore.DbSet<Order.Infrastructure.Entities.SubOrderModels.SubOrderItemBarcodeModel>>
7ffcd2878b58      1         64 System.Func<Order.Infrastructure.OrderContext, Microsoft.EntityFrameworkCore.DbSet<Order.Infrastructure.Entities.SubOrderModels.SubOrderItemBarcodeModel>, Order.Infrastructure.OrderContext>
7ffcd2879728      1         64 System.Action<Order.Infrastructure.OrderContext, System.Collections.Generic.IReadOnlyList<System.Int32>, Microsoft.EntityFrameworkCore.DbSet<Order.Infrastructure.Entities.SubOrderModels.SubOrderItemDeliveryWindowModel>>
7ffcd2879c68      1         64 System.Func<Order.Infrastructure.OrderContext, Microsoft.EntityFrameworkCore.DbSet<Order.Infrastructure.Entities.SubOrderModels.SubOrderItemDeliveryWindowModel>, Order.Infrastructure.OrderContext>
7ffcd287a838      1         64 System.Action<Order.Infrastructure.OrderContext, System.Collections.Generic.IReadOnlyList<System.Int32>, Microsoft.EntityFrameworkCore.DbSet<Order.Infrastructure.Entities.SubOrderModels.SubOrderItemFulFillmentModel>>
7ffcd287ad78      1         64 System.Func<Order.Infrastructure.OrderContext, Microsoft.EntityFrameworkCore.DbSet<Order.Infrastructure.Entities.SubOrderModels.SubOrderItemFulFillmentModel>, Order.Infrastructure.OrderContext>
7ffcd287b948      1         64 System.Action<Order.Infrastructure.OrderContext, System.Collections.Generic.IReadOnlyList<System.Int32>, Microsoft.EntityFrameworkCore.DbSet<Order.Infrastructure.Entities.SubOrderModels.SubOrderItemFulFillmentServiceTypeModel>>
7ffcd287be88      1         64 System.Func<Order.Infrastructure.OrderContext, Microsoft.EntityFrameworkCore.DbSet<Order.Infrastructure.Entities.SubOrderModels.SubOrderItemFulFillmentServiceTypeModel>, Order.Infrastructure.OrderContext>
7ffcd287ca58      1         64 System.Action<Order.Infrastructure.OrderContext, System.Collections.Generic.IReadOnlyList<System.Int32>, Microsoft.EntityFrameworkCore.DbSet<Order.Infrastructure.Entities.SubOrderModels.SubOrderItemPayModel>>
7ffcd287cf98      1         64 System.Func<Order.Infrastructure.OrderContext, Microsoft.EntityFrameworkCore.DbSet<Order.Infrastructure.Entities.SubOrderModels.SubOrderItemPayModel>, Order.Infrastructure.OrderContext>
7ffcd287db68      1         64 System.Action<Order.Infrastructure.OrderContext, System.Collections.Generic.IReadOnlyList<System.Int32>, Microsoft.EntityFrameworkCore.DbSet<Order.Infrastructure.Entities.SubOrderModels.SubOrderItemPromotionModel>>
7ffcd287e0a8      1         64 System.Func<Order.Infrastructure.OrderContext, Microsoft.EntityFrameworkCore.DbSet<Order.Infrastructure.Entities.SubOrderModels.SubOrderItemPromotionModel>, Order.Infrastructure.OrderContext>
7ffcd28d19b0      1         64 System.Action<Order.Infrastructure.OrderContext, System.Collections.Generic.IReadOnlyList<System.Int32>, Microsoft.EntityFrameworkCore.DbSet<Order.Infrastructure.Entities.SubOrderModels.SubOrderItemPromotionsModel>>
7ffcd28d1ef0      1         64 System.Func<Order.Infrastructure.OrderContext, Microsoft.EntityFrameworkCore.DbSet<Order.Infrastructure.Entities.SubOrderModels.SubOrderItemPromotionsModel>, Order.Infrastructure.OrderContext>
7ffcd28d2ac0      1         64 System.Action<Order.Infrastructure.OrderContext, System.Collections.Generic.IReadOnlyList<System.Int32>, Microsoft.EntityFrameworkCore.DbSet<Order.Infrastructure.Entities.SubOrderModels.SubOrderItemRemarkModel>>
7ffcd28d3000      1         64 System.Func<Order.Infrastructure.OrderContext, Microsoft.EntityFrameworkCore.DbSet<Order.Infrastructure.Entities.SubOrderModels.SubOrderItemRemarkModel>, Order.Infrastructure.OrderContext>
7ffcd28d3bd0      1         64 System.Action<Order.Infrastructure.OrderContext, System.Collections.Generic.IReadOnlyList<System.Int32>, Microsoft.EntityFrameworkCore.DbSet<Order.Infrastructure.Entities.SubOrderModels.SubOrderItemTaxModel>>
7ffcd28d4110      1         64 System.Func<Order.Infrastructure.OrderContext, Microsoft.EntityFrameworkCore.DbSet<Order.Infrastructure.Entities.SubOrderModels.SubOrderItemTaxModel>, Order.Infrastructure.OrderContext>
7ffcd28d4ce0      1         64 System.Action<Order.Infrastructure.OrderContext, System.Collections.Generic.IReadOnlyList<System.Int32>, Microsoft.EntityFrameworkCore.DbSet<Order.Infrastructure.Entities.SubOrderModels.SubOrderPromotionModel>>
7ffcd28d5220      1         64 System.Func<Order.Infrastructure.OrderContext, Microsoft.EntityFrameworkCore.DbSet<Order.Infrastructure.Entities.SubOrderModels.SubOrderPromotionModel>, Order.Infrastructure.OrderContext>
7ffcd28d5df0      1         64 System.Action<Order.Infrastructure.OrderContext, System.Collections.Generic.IReadOnlyList<System.Int32>, Microsoft.EntityFrameworkCore.DbSet<Order.Infrastructure.Entities.SubOrderModels.SubOrderPromotionAmountModel>>
7ffcd28d6330      1         64 System.Func<Order.Infrastructure.OrderContext, Microsoft.EntityFrameworkCore.DbSet<Order.Infrastructure.Entities.SubOrderModels.SubOrderPromotionAmountModel>, Order.Infrastructure.OrderContext>
7ffcd28d6f00      1         64 System.Action<Order.Infrastructure.OrderContext, System.Collections.Generic.IReadOnlyList<System.Int32>, Microsoft.EntityFrameworkCore.DbSet<Order.Infrastructure.Entities.SubOrderModels.SubOrderRemarkModel>>
7ffcd28d7440      1         64 System.Func<Order.Infrastructure.OrderContext, Microsoft.EntityFrameworkCore.DbSet<Order.Infrastructure.Entities.SubOrderModels.SubOrderRemarkModel>, Order.Infrastructure.OrderContext>
7ffcd28d8010      1         64 System.Action<Order.Infrastructure.OrderContext, System.Collections.Generic.IReadOnlyList<System.Int32>, Microsoft.EntityFrameworkCore.DbSet<Order.Infrastructure.Entities.MasterData.SysAddressTypeModel>>
7ffcd28d8550      1         64 System.Func<Order.Infrastructure.OrderContext, Microsoft.EntityFrameworkCore.DbSet<Order.Infrastructure.Entities.MasterData.SysAddressTypeModel>, Order.Infrastructure.OrderContext>
7ffcd28d9120      1         64 System.Action<Order.Infrastructure.OrderContext, System.Collections.Generic.IReadOnlyList<System.Int32>, Microsoft.EntityFrameworkCore.DbSet<Order.Infrastructure.Entities.MasterData.SysChannelModel>>
7ffcd28d9660      1         64 System.Func<Order.Infrastructure.OrderContext, Microsoft.EntityFrameworkCore.DbSet<Order.Infrastructure.Entities.MasterData.SysChannelModel>, Order.Infrastructure.OrderContext>
7ffcd28da230      1         64 System.Action<Order.Infrastructure.OrderContext, System.Collections.Generic.IReadOnlyList<System.Int32>, Microsoft.EntityFrameworkCore.DbSet<Order.Infrastructure.Entities.MasterData.SysConfigChannelUploadMappingModel>>
7ffcd28da770      1         64 System.Func<Order.Infrastructure.OrderContext, Microsoft.EntityFrameworkCore.DbSet<Order.Infrastructure.Entities.MasterData.SysConfigChannelUploadMappingModel>, Order.Infrastructure.OrderContext>
7ffcd28db340      1         64 System.Action<Order.Infrastructure.OrderContext, System.Collections.Generic.IReadOnlyList<System.Int32>, Microsoft.EntityFrameworkCore.DbSet<Order.Infrastructure.Entities.MasterData.SysDeliverySubTypeModel>>
7ffcd28db880      1         64 System.Func<Order.Infrastructure.OrderContext, Microsoft.EntityFrameworkCore.DbSet<Order.Infrastructure.Entities.MasterData.SysDeliverySubTypeModel>, Order.Infrastructure.OrderContext>
7ffcd28dc450      1         64 System.Action<Order.Infrastructure.OrderContext, System.Collections.Generic.IReadOnlyList<System.Int32>, Microsoft.EntityFrameworkCore.DbSet<Order.Infrastructure.Entities.MasterData.SysDeliveryTypeModel>>
7ffcd28dc990      1         64 System.Func<Order.Infrastructure.OrderContext, Microsoft.EntityFrameworkCore.DbSet<Order.Infrastructure.Entities.MasterData.SysDeliveryTypeModel>, Order.Infrastructure.OrderContext>
7ffcd28dd560      1         64 System.Action<Order.Infrastructure.OrderContext, System.Collections.Generic.IReadOnlyList<System.Int32>, Microsoft.EntityFrameworkCore.DbSet<Order.Infrastructure.Entities.MasterData.SysFulfillmentOptionModel>>
7ffcd28ddaa0      1         64 System.Func<Order.Infrastructure.OrderContext, Microsoft.EntityFrameworkCore.DbSet<Order.Infrastructure.Entities.MasterData.SysFulfillmentOptionModel>, Order.Infrastructure.OrderContext>
7ffcd28de670      1         64 System.Action<Order.Infrastructure.OrderContext, System.Collections.Generic.IReadOnlyList<System.Int32>, Microsoft.EntityFrameworkCore.DbSet<Order.Infrastructure.Entities.MasterData.SysFulfillmentPriorityModel>>
7ffcd28debb0      1         64 System.Func<Order.Infrastructure.OrderContext, Microsoft.EntityFrameworkCore.DbSet<Order.Infrastructure.Entities.MasterData.SysFulfillmentPriorityModel>, Order.Infrastructure.OrderContext>
7ffcd28df780      1         64 System.Action<Order.Infrastructure.OrderContext, System.Collections.Generic.IReadOnlyList<System.Int32>, Microsoft.EntityFrameworkCore.DbSet<Order.Infrastructure.Entities.MasterData.SysFulfillmentTypeModel>>
7ffcd28dfcc0      1         64 System.Func<Order.Infrastructure.OrderContext, Microsoft.EntityFrameworkCore.DbSet<Order.Infrastructure.Entities.MasterData.SysFulfillmentTypeModel>, Order.Infrastructure.OrderContext>
7ffcd28e0968      1         64 System.Action<Order.Infrastructure.OrderContext, System.Collections.Generic.IReadOnlyList<System.Int32>, Microsoft.EntityFrameworkCore.DbSet<Order.Infrastructure.Entities.SettingModel.SysFunctionConfigModel>>
7ffcd28e0ea8      1         64 System.Func<Order.Infrastructure.OrderContext, Microsoft.EntityFrameworkCore.DbSet<Order.Infrastructure.Entities.SettingModel.SysFunctionConfigModel>, Order.Infrastructure.OrderContext>
7ffcd28e1a78      1         64 System.Action<Order.Infrastructure.OrderContext, System.Collections.Generic.IReadOnlyList<System.Int32>, Microsoft.EntityFrameworkCore.DbSet<Order.Infrastructure.Entities.SettingModel.SysFunctionModel>>
7ffcd28e1fb8      1         64 System.Func<Order.Infrastructure.OrderContext, Microsoft.EntityFrameworkCore.DbSet<Order.Infrastructure.Entities.SettingModel.SysFunctionModel>, Order.Infrastructure.OrderContext>
7ffcd28e47a0      1         64 System.Action<Order.Infrastructure.OrderContext, System.Collections.Generic.IReadOnlyList<System.Int32>, Microsoft.EntityFrameworkCore.DbSet<Order.Infrastructure.Entities.MasterData.SysInsuranceConfigurationModel>>
7ffcd28e4ce0      1         64 System.Func<Order.Infrastructure.OrderContext, Microsoft.EntityFrameworkCore.DbSet<Order.Infrastructure.Entities.MasterData.SysInsuranceConfigurationModel>, Order.Infrastructure.OrderContext>
7ffcd28e58b0      1         64 System.Action<Order.Infrastructure.OrderContext, System.Collections.Generic.IReadOnlyList<System.Int32>, Microsoft.EntityFrameworkCore.DbSet<Order.Infrastructure.Entities.MasterData.SysOrderFulfillmentTypeModel>>
7ffcd28e5df0      1         64 System.Func<Order.Infrastructure.OrderContext, Microsoft.EntityFrameworkCore.DbSet<Order.Infrastructure.Entities.MasterData.SysOrderFulfillmentTypeModel>, Order.Infrastructure.OrderContext>
7ffcd28e69c0      1         64 System.Action<Order.Infrastructure.OrderContext, System.Collections.Generic.IReadOnlyList<System.Int32>, Microsoft.EntityFrameworkCore.DbSet<Order.Infrastructure.Entities.MasterData.SysOrderTypeModel>>
7ffcd28e6f00      1         64 System.Func<Order.Infrastructure.OrderContext, Microsoft.EntityFrameworkCore.DbSet<Order.Infrastructure.Entities.MasterData.SysOrderTypeModel>, Order.Infrastructure.OrderContext>
7ffcd28e7ad0      1         64 System.Action<Order.Infrastructure.OrderContext, System.Collections.Generic.IReadOnlyList<System.Int32>, Microsoft.EntityFrameworkCore.DbSet<Order.Infrastructure.Entities.MasterData.SysRoleChannelMappingModel>>
7ffcd28e8010      1         64 System.Func<Order.Infrastructure.OrderContext, Microsoft.EntityFrameworkCore.DbSet<Order.Infrastructure.Entities.MasterData.SysRoleChannelMappingModel>, Order.Infrastructure.OrderContext>
7ffcd28e8be0      1         64 System.Action<Order.Infrastructure.OrderContext, System.Collections.Generic.IReadOnlyList<System.Int32>, Microsoft.EntityFrameworkCore.DbSet<Order.Infrastructure.Entities.SysRunningNumber.SysRunningNumberModel>>
7ffcd28e9120      1         64 System.Func<Order.Infrastructure.OrderContext, Microsoft.EntityFrameworkCore.DbSet<Order.Infrastructure.Entities.SysRunningNumber.SysRunningNumberModel>, Order.Infrastructure.OrderContext>
7ffcd28e9cf0      1         64 System.Action<Order.Infrastructure.OrderContext, System.Collections.Generic.IReadOnlyList<System.Int32>, Microsoft.EntityFrameworkCore.DbSet<Order.Infrastructure.Entities.SysRunningNumber.SysRunningNumberTypeModel>>
7ffcd28ea230      1         64 System.Func<Order.Infrastructure.OrderContext, Microsoft.EntityFrameworkCore.DbSet<Order.Infrastructure.Entities.SysRunningNumber.SysRunningNumberTypeModel>, Order.Infrastructure.OrderContext>
7ffcd28eae00      1         64 System.Action<Order.Infrastructure.OrderContext, System.Collections.Generic.IReadOnlyList<System.Int32>, Microsoft.EntityFrameworkCore.DbSet<Order.Infrastructure.Entities.SysStatusAggregate.SysStatusAggregateModel>>
7ffcd28eb340      1         64 System.Func<Order.Infrastructure.OrderContext, Microsoft.EntityFrameworkCore.DbSet<Order.Infrastructure.Entities.SysStatusAggregate.SysStatusAggregateModel>, Order.Infrastructure.OrderContext>
7ffcd28ebf10      1         64 System.Action<Order.Infrastructure.OrderContext, System.Collections.Generic.IReadOnlyList<System.Int32>, Microsoft.EntityFrameworkCore.DbSet<Order.Infrastructure.Entities.MasterData.SysStatusModel>>
7ffcd28ec450      1         64 System.Func<Order.Infrastructure.OrderContext, Microsoft.EntityFrameworkCore.DbSet<Order.Infrastructure.Entities.MasterData.SysStatusModel>, Order.Infrastructure.OrderContext>
7ffcd27cfe60      1         64 System.Func<Microsoft.EntityFrameworkCore.Infrastructure.DbSetProperty, System.Boolean>
7ffcd28f0ff0      1         64 System.Func<System.ValueTuple<System.Type, System.String>, System.Reflection.MethodInfo, System.Func<Microsoft.EntityFrameworkCore.DbContext, System.String, System.Object>>
7ffcd291af78      1         64 System.Func<System.Int32>
7ffcd11d7bc8      1         64 System.Func<System.Type, System.Object>
7ffcd0c3ea78      1         64 System.Func<System.Reflection.Assembly, System.Collections.Generic.IEnumerable<System.Type>>
7ffcd30445b0      1         64 System.Func<System.ValueTuple<Microsoft.EntityFrameworkCore.Storage.RelationalTypeMappingInfo, System.Type, Microsoft.EntityFrameworkCore.Storage.ValueConversion.ValueConverter, Microsoft.EntityFrameworkCore.Storage.CoreTypeMapping>, Microsoft.EntityFrameworkCore.Storage.RelationalTypeMappingSource, Microsoft.EntityFrameworkCore.Storage.RelationalTypeMapping>
7ffcd3093050      1         64 System.Func<Microsoft.EntityFrameworkCore.Metadata.Conventions.RelationshipDiscoveryConvention+RelationshipCandidate, Microsoft.EntityFrameworkCore.Metadata.IConventionEntityType>
7ffcd3093268      1         64 System.Func<System.Linq.IGrouping<Microsoft.EntityFrameworkCore.Metadata.IConventionEntityType, Microsoft.EntityFrameworkCore.Metadata.Conventions.RelationshipDiscoveryConvention+RelationshipCandidate>, Microsoft.EntityFrameworkCore.Metadata.IConventionEntityType>
7ffcd3093358      1         64 System.Func<System.Linq.IGrouping<Microsoft.EntityFrameworkCore.Metadata.IConventionEntityType, Microsoft.EntityFrameworkCore.Metadata.Conventions.RelationshipDiscoveryConvention+RelationshipCandidate>, System.Collections.Generic.List<Microsoft.EntityFrameworkCore.Metadata.Conventions.RelationshipDiscoveryConvention+RelationshipCandidate>>
7ffcd30e8008      1         64 System.Func<System.ValueTuple<Microsoft.EntityFrameworkCore.Metadata.Internal.InternalForeignKeyBuilder, System.Boolean, Microsoft.EntityFrameworkCore.Metadata.Internal.InternalForeignKeyBuilder+Resolution, System.Boolean>, Microsoft.EntityFrameworkCore.Metadata.Internal.InternalForeignKeyBuilder>
7ffcd3075248      1         64 System.Func<Microsoft.EntityFrameworkCore.Metadata.Internal.ForeignKey, System.Boolean>
7ffcd3138ca0      1         64 System.Func<Microsoft.EntityFrameworkCore.Metadata.Internal.ForeignKey, Microsoft.EntityFrameworkCore.Metadata.Internal.RelationshipSnapshot>
7ffcd313dfd8      1         64 System.Func<System.ValueTuple<System.Type, System.Type>, System.Type, Microsoft.EntityFrameworkCore.Storage.ValueConversion.ValueConverterInfo>
7ffcd3152830      2         64 System.Linq.Expressions.Expression1<System.Func<System.Int32, Order.Infrastructure.Entities.Abstractions.BaseStatus>>
7ffcd306ab60      1         64 System.Collections.Generic.HashSet<Microsoft.EntityFrameworkCore.Metadata.Internal.Property>
7ffcd315d158      1         64 System.Func<System.Collections.Generic.KeyValuePair<System.String, System.Reflection.FieldInfo>, System.String>
7ffcd315ee08      1         64 System.Func<System.Collections.Generic.KeyValuePair<System.String, System.Reflection.FieldInfo>, System.Collections.Generic.KeyValuePair<System.String, System.Reflection.FieldInfo>>
7ffcd3171200      1         64 System.Func<Microsoft.EntityFrameworkCore.Metadata.IReadOnlyForeignKey, System.Collections.Generic.IEnumerable<Microsoft.EntityFrameworkCore.Metadata.IReadOnlySkipNavigation>>
7ffcd31713a8      1         64 System.Func<Microsoft.EntityFrameworkCore.Metadata.IReadOnlySkipNavigation, System.Boolean>
7ffcd30dba90      1         64 System.Func<Microsoft.EntityFrameworkCore.Metadata.Internal.ForeignKey, Microsoft.EntityFrameworkCore.Metadata.Internal.InternalForeignKeyBuilder>
7ffcd307d7b8      1         64 System.Func<Microsoft.EntityFrameworkCore.Metadata.Internal.ForeignKey, Microsoft.EntityFrameworkCore.Metadata.IReadOnlyForeignKey>
7ffcd31c6550      1         64 System.Func<Microsoft.EntityFrameworkCore.Metadata.Internal.ForeignKey, Microsoft.EntityFrameworkCore.Metadata.Internal.ForeignKey>
7ffcd31c6660      1         64 System.Func<Microsoft.EntityFrameworkCore.Metadata.IReadOnlyForeignKey, System.Collections.Generic.IEnumerable<Microsoft.EntityFrameworkCore.Metadata.IReadOnlyProperty>>
7ffcd31cac48      1         64 System.Func<Microsoft.EntityFrameworkCore.Metadata.Internal.Index, Microsoft.EntityFrameworkCore.Metadata.Internal.InternalIndexBuilder>
7ffcd3138330      1         64 System.Func<Microsoft.EntityFrameworkCore.Metadata.Internal.Index, System.Collections.Generic.IReadOnlyList<Microsoft.EntityFrameworkCore.Metadata.IReadOnlyProperty>>
7ffcd326b560      1         64 System.Func<Microsoft.EntityFrameworkCore.Metadata.IPropertyParameterBindingFactory, Microsoft.EntityFrameworkCore.Metadata.IConventionEntityType, System.Type, System.String, Microsoft.EntityFrameworkCore.Metadata.ParameterBinding>
7ffcd326b668      1         64 System.Func<Microsoft.EntityFrameworkCore.Metadata.IParameterBindingFactory, Microsoft.EntityFrameworkCore.Metadata.IConventionEntityType, System.Type, System.String, Microsoft.EntityFrameworkCore.Metadata.ParameterBinding>
7ffcd3276518      1         64 System.Func<Microsoft.Extensions.Logging.LogLevel, System.Action<Microsoft.Extensions.Logging.ILogger, System.String, System.String, System.String, System.Exception>>
7ffcd3276410      1         64 System.Action<Microsoft.Extensions.Logging.ILogger, System.String, System.String, System.String, System.Exception>
7ffcd32e00f0      1         64 System.Func<Microsoft.EntityFrameworkCore.Metadata.IReadOnlyForeignKey, System.Collections.Generic.IEnumerable<Microsoft.EntityFrameworkCore.Metadata.IReadOnlyForeignKey>>
7ffcd32e4848      1         64 System.Action<System.Text.StringBuilder, System.String>
7ffcd32e7aa0      1         64 System.Func<Microsoft.EntityFrameworkCore.Metadata.IReadOnlyForeignKey, System.Collections.Generic.IEnumerable<Microsoft.EntityFrameworkCore.Metadata.IReadOnlyIndex>>
7ffcd32efea8      1         64 System.Func<System.String, System.ValueTuple<System.Object, Microsoft.EntityFrameworkCore.Infrastructure.AnnotatableBase>, Microsoft.EntityFrameworkCore.Infrastructure.Annotation>
7ffcd32f01f8      1         64 System.Func<System.String, Microsoft.EntityFrameworkCore.Infrastructure.Annotation, System.ValueTuple<System.Object, Microsoft.EntityFrameworkCore.Infrastructure.AnnotatableBase>, Microsoft.EntityFrameworkCore.Infrastructure.Annotation>
7ffcd32f9c28      1         64 System.Func<Microsoft.EntityFrameworkCore.Metadata.IConventionPropertyBase, System.String>
7ffcd330c598      1         64 System.Func<System.Collections.Generic.IReadOnlyList<System.Tuple<Microsoft.EntityFrameworkCore.Metadata.IEntityType, Microsoft.EntityFrameworkCore.Metadata.IEntityType, System.Collections.Generic.IEnumerable<Microsoft.EntityFrameworkCore.Metadata.IForeignKey>>>, System.String>
7ffcd332e3b0      1         64 System.Func<Microsoft.EntityFrameworkCore.Metadata.IForeignKey, Microsoft.EntityFrameworkCore.Metadata.IEntityType>
7ffcd333b9e0      1         64 System.Action<Microsoft.EntityFrameworkCore.Metadata.Internal.TypeBase>
7ffcd3363bf8      1         64 System.Func<Microsoft.EntityFrameworkCore.Metadata.IReadOnlyIndex, System.Boolean>
7ffcd336e608      1         64 System.Func<Microsoft.EntityFrameworkCore.Metadata.Internal.PropertyBase, System.Collections.Generic.IComparer<Microsoft.EntityFrameworkCore.Update.IUpdateEntry>>
7ffcd33832a0      2         64 System.Linq.Expressions.Expression1<System.Func<System.DateTimeOffset, System.Int32>>
7ffcd3383518      2         64 System.Linq.Expressions.Expression1<System.Func<System.DateTimeOffset, System.DateTimeOffset>>
7ffcd338cd00      2         64 Microsoft.EntityFrameworkCore.ChangeTracking.EntryCurrentValueComparer<System.Nullable<System.Int64>>
7ffcd338ec10      2         64 Microsoft.EntityFrameworkCore.ChangeTracking.EntryCurrentValueComparer<System.String>
7ffcd3621b48      1         64 System.Func<System.Collections.Generic.KeyValuePair<System.Int32, System.Collections.Generic.List<System.String>>, System.Boolean>
7ffcd3626b60      1         64 System.Func<Microsoft.EntityFrameworkCore.Metadata.IEntityType, System.Collections.Generic.IEnumerable<Microsoft.EntityFrameworkCore.Metadata.IKey>>
7ffcd3627c90      1         64 System.Func<Microsoft.EntityFrameworkCore.Metadata.IEntityType, System.Collections.Generic.IEnumerable<Microsoft.EntityFrameworkCore.Metadata.IForeignKey>>
7ffcd3629b98      1         64 System.Func<Microsoft.EntityFrameworkCore.Metadata.IEntityType, System.Collections.Generic.IEnumerable<Microsoft.EntityFrameworkCore.Metadata.ICheckConstraint>>
7ffcd362afe0      1         64 System.Func<Microsoft.EntityFrameworkCore.Metadata.IEntityType, System.Collections.Generic.IEnumerable<Microsoft.EntityFrameworkCore.Metadata.ITrigger>>
7ffcd3639470      1         64 System.Func<Microsoft.Extensions.Logging.LoggerMessage+LogValues<System.String, System.String>, System.Exception, System.String>
7ffcd3652a30      1         64 System.Func<System.DateTime>
7ffcd06a27b8      1         64 System.IO.Strategies.SyncWindowsFileStreamStrategy
7ffcd365a9c0      1         64 System.Func<Serilog.Sinks.File.RollingLogFile, System.Nullable<System.DateTime>>
7ffcd365af10      1         64 System.Func<Serilog.Sinks.File.RollingLogFile, System.String>
7ffcd365de48      1         64 System.Text.RegularExpressions.CompiledRegexRunner+ScanDelegate
7ffcd3663078      1         64 System.Func<Serilog.Sinks.File.RollingLogFile, Serilog.Sinks.File.RollingLogFile>
7ffcd32f14a0      1         64 System.Func<Microsoft.EntityFrameworkCore.Metadata.IRelationalModel>
7ffcd3247b10      1         64 System.Func<Microsoft.EntityFrameworkCore.Metadata.IModel, Microsoft.EntityFrameworkCore.Metadata.IModel>
7ffcd3769cf0      1         64 System.Func<System.String, System.ValueTuple<System.Func<Microsoft.EntityFrameworkCore.Metadata.IModel, Microsoft.EntityFrameworkCore.Metadata.IModel>, Microsoft.EntityFrameworkCore.Metadata.IModel, Microsoft.EntityFrameworkCore.Infrastructure.AnnotatableBase>, Microsoft.EntityFrameworkCore.Infrastructure.Annotation>
7ffcd3788978      1         64 System.Func<System.String, System.ValueTuple<System.Object, Microsoft.EntityFrameworkCore.Infrastructure.RuntimeAnnotatableBase>, Microsoft.EntityFrameworkCore.Infrastructure.Annotation>
7ffcd3788a70      1         64 System.Func<System.String, Microsoft.EntityFrameworkCore.Infrastructure.Annotation, System.ValueTuple<System.Object, Microsoft.EntityFrameworkCore.Infrastructure.RuntimeAnnotatableBase>, Microsoft.EntityFrameworkCore.Infrastructure.Annotation>
7ffcd378a1a8      1         64 System.Func<Microsoft.EntityFrameworkCore.Metadata.IIndex, System.Boolean>
7ffcd376ef78      1         64 System.Action<Microsoft.EntityFrameworkCore.Metadata.Conventions.RuntimeModelConvention, System.Collections.Generic.Dictionary<System.String, System.Object>, Microsoft.EntityFrameworkCore.Metadata.IProperty, Microsoft.EntityFrameworkCore.Metadata.RuntimeProperty, System.Boolean>
7ffcd37a4740      1         64 System.Func<Microsoft.EntityFrameworkCore.Infrastructure.Annotation, System.String>
7ffcd37a8a80      1         64 System.Func<Microsoft.EntityFrameworkCore.Infrastructure.Annotation, Microsoft.EntityFrameworkCore.Infrastructure.Annotation>
7ffcd376f6f8      1         64 System.Action<Microsoft.EntityFrameworkCore.Metadata.Conventions.RuntimeModelConvention, System.Collections.Generic.Dictionary<System.String, System.Object>, Microsoft.EntityFrameworkCore.Metadata.IKey, Microsoft.EntityFrameworkCore.Metadata.RuntimeKey, System.Boolean>
7ffcd376f890      1         64 System.Action<Microsoft.EntityFrameworkCore.Metadata.Conventions.RuntimeModelConvention, System.Collections.Generic.Dictionary<System.String, System.Object>, Microsoft.EntityFrameworkCore.Metadata.IIndex, Microsoft.EntityFrameworkCore.Metadata.RuntimeIndex, System.Boolean>
7ffcd37b1210      2         64 System.Linq.Expressions.Expression1<System.Func<Order.Infrastructure.Entities.Abstractions.BaseStatus, Order.Infrastructure.Entities.Abstractions.BaseStatus>>
7ffcd42c7470      1         64 System.Func<System.ValueTuple<System.String, System.Type, System.Reflection.MemberInfo>, System.Func<System.ValueTuple<System.String, System.Type, System.Reflection.MemberInfo>, System.Func<System.Object, System.Int64>>, System.Text.Json.Serialization.Metadata.ReflectionEmitCachingMemberAccessor+Cache<System.ValueTuple<System.String, System.Type, System.Reflection.MemberInfo>>+CacheEntry>
7ffcd376fbc0      1         64 System.Action<Microsoft.EntityFrameworkCore.Metadata.Conventions.RuntimeModelConvention, System.Collections.Generic.Dictionary<System.String, System.Object>, Microsoft.EntityFrameworkCore.Metadata.IForeignKey, Microsoft.EntityFrameworkCore.Metadata.RuntimeForeignKey, System.Boolean>
7ffcd37800b8      1         64 System.Action<Microsoft.EntityFrameworkCore.Metadata.Conventions.RuntimeModelConvention, System.Collections.Generic.Dictionary<System.String, System.Object>, Microsoft.EntityFrameworkCore.Metadata.IEntityType, Microsoft.EntityFrameworkCore.Metadata.RuntimeEntityType, System.Boolean>
7ffcd37803e8      1         64 System.Action<Microsoft.EntityFrameworkCore.Metadata.Conventions.RuntimeModelConvention, System.Collections.Generic.Dictionary<System.String, System.Object>, Microsoft.EntityFrameworkCore.Metadata.IModel, Microsoft.EntityFrameworkCore.Metadata.RuntimeModel, System.Boolean>
7ffcd37a6db0      1         64 System.Func<System.Collections.Generic.KeyValuePair<System.String, Microsoft.EntityFrameworkCore.Infrastructure.Annotation>, System.String>
7ffcd37a6f30      1         64 System.Func<System.Collections.Generic.KeyValuePair<System.String, Microsoft.EntityFrameworkCore.Infrastructure.Annotation>, Microsoft.EntityFrameworkCore.Infrastructure.Annotation>
7ffcd37badd0      1         64 System.Func<System.Collections.Generic.KeyValuePair<System.String, Microsoft.EntityFrameworkCore.Infrastructure.Annotation>, System.Collections.Generic.KeyValuePair<System.String, Microsoft.EntityFrameworkCore.Infrastructure.Annotation>>
7ffcd37be0a0      1         64 System.Func<Microsoft.EntityFrameworkCore.Query.IMemberTranslatorPlugin, System.Collections.Generic.IEnumerable<Microsoft.EntityFrameworkCore.Query.IMemberTranslator>>
7ffcd37d07d0      1         64 System.Func<Microsoft.EntityFrameworkCore.Query.IMethodCallTranslatorPlugin, System.Collections.Generic.IEnumerable<Microsoft.EntityFrameworkCore.Query.IMethodCallTranslator>>
7ffcd37db5c0      1         64 System.Func<Microsoft.EntityFrameworkCore.Query.IAggregateMethodCallTranslatorPlugin, System.Collections.Generic.IEnumerable<Microsoft.EntityFrameworkCore.Query.IAggregateMethodCallTranslator>>
7ffcd37ffbd8      1         64 System.Func<Microsoft.Extensions.Logging.LogLevel, System.Action<Microsoft.Extensions.Logging.ILogger, System.String, System.String, System.String, System.String, System.String, System.Exception>>
7ffcd37ffac0      1         64 System.Action<Microsoft.Extensions.Logging.ILogger, System.String, System.String, System.String, System.String, System.String, System.Exception>
7ffcd3801028      1         64 System.Func<Microsoft.EntityFrameworkCore.Internal.InternalDbSet<Order.Infrastructure.Entities.SubOrderModels.SubOrderModel>, Microsoft.EntityFrameworkCore.Query.Internal.EntityQueryable<Order.Infrastructure.Entities.SubOrderModels.SubOrderModel>>
7ffcd380af38      1         64 System.Func<System.Int32, System.Func<System.Linq.Expressions.Expression, System.Linq.Expressions.Expression>>
7ffcd42a2c68      1         64 System.Func<System.ValueTuple<System.String, System.Type, System.Reflection.MemberInfo>, System.Func<System.Object, System.Collections.Generic.List<System.String>>>
7ffcd42a3460      1         64 System.Func<System.ValueTuple<System.String, System.Type, System.Reflection.MemberInfo>, System.Action<System.Object, System.Collections.Generic.List<System.String>>>
7ffcd42a7688      1         64 System.Func<System.ValueTuple<System.String, System.Type, System.Reflection.MemberInfo>, System.Func<System.Object, System.Collections.Generic.List<CommonApiMessage.AggregatesModel.SubOrderMessage.SubOrderMessageRemarkViewModel>>>
7ffcd42a7e80      1         64 System.Func<System.ValueTuple<System.String, System.Type, System.Reflection.MemberInfo>, System.Action<System.Object, System.Collections.Generic.List<CommonApiMessage.AggregatesModel.SubOrderMessage.SubOrderMessageRemarkViewModel>>>
7ffcd42a99f8      1         64 System.Func<System.ValueTuple<System.String, System.Type, System.Reflection.MemberInfo>, System.Func<System.Object, System.Collections.Generic.List<CommonApiMessage.AggregatesModel.SubOrderMessage.SubOrderMessageItemViewModel>>>
7ffcd42aa1f0      1         64 System.Func<System.ValueTuple<System.String, System.Type, System.Reflection.MemberInfo>, System.Action<System.Object, System.Collections.Generic.List<CommonApiMessage.AggregatesModel.SubOrderMessage.SubOrderMessageItemViewModel>>>
7ffcd42aabb0      1         64 System.Func<System.ValueTuple<System.String, System.Type, System.Reflection.MemberInfo>, System.Func<System.Object, System.Collections.Generic.List<CommonApiMessage.AggregatesModel.OrderMessage.OrderMessagePaymentViewModel>>>
7ffcd42ab3a8      1         64 System.Func<System.ValueTuple<System.String, System.Type, System.Reflection.MemberInfo>, System.Action<System.Object, System.Collections.Generic.List<CommonApiMessage.AggregatesModel.OrderMessage.OrderMessagePaymentViewModel>>>
7ffcd42abd68      1         64 System.Func<System.ValueTuple<System.String, System.Type, System.Reflection.MemberInfo>, System.Func<System.Object, System.Collections.Generic.List<CommonApiMessage.AggregatesModel.OrderMessage.OrderMessageCustomerViewModel>>>
7ffcd42ac560      1         64 System.Func<System.ValueTuple<System.String, System.Type, System.Reflection.MemberInfo>, System.Action<System.Object, System.Collections.Generic.List<CommonApiMessage.AggregatesModel.OrderMessage.OrderMessageCustomerViewModel>>>
7ffcd42acf20      1         64 System.Func<System.ValueTuple<System.String, System.Type, System.Reflection.MemberInfo>, System.Func<System.Object, System.Collections.Generic.List<CommonApiMessage.AggregatesModel.OrderMessage.OrderMessageItemViewModel>>>
7ffcd42ad718      1         64 System.Func<System.ValueTuple<System.String, System.Type, System.Reflection.MemberInfo>, System.Action<System.Object, System.Collections.Generic.List<CommonApiMessage.AggregatesModel.OrderMessage.OrderMessageItemViewModel>>>
7ffcd42ae0d8      1         64 System.Func<System.ValueTuple<System.String, System.Type, System.Reflection.MemberInfo>, System.Func<System.Object, System.Collections.Generic.List<CommonApiMessage.AggregatesModel.OrderMessage.OrderMessagePromotionViewModel>>>
7ffcd42ae8d0      1         64 System.Func<System.ValueTuple<System.String, System.Type, System.Reflection.MemberInfo>, System.Action<System.Object, System.Collections.Generic.List<CommonApiMessage.AggregatesModel.OrderMessage.OrderMessagePromotionViewModel>>>
7ffcd42af290      1         64 System.Func<System.ValueTuple<System.String, System.Type, System.Reflection.MemberInfo>, System.Func<System.Object, System.Collections.Generic.List<CommonApiMessage.AggregatesModel.SubOrderMessage.SubOrderMessagePromotionViewModel>>>
7ffcd42afa88      1         64 System.Func<System.ValueTuple<System.String, System.Type, System.Reflection.MemberInfo>, System.Action<System.Object, System.Collections.Generic.List<CommonApiMessage.AggregatesModel.SubOrderMessage.SubOrderMessagePromotionViewModel>>>
7ffcd42b0478      1         64 System.Func<System.ValueTuple<System.String, System.Type, System.Reflection.MemberInfo>, System.Func<System.Object, System.Collections.Generic.List<CommonApiMessage.AggregatesModel.SubOrderMessage.SubOrderMessageFeeViewModel>>>
7ffcd42b0c70      1         64 System.Func<System.ValueTuple<System.String, System.Type, System.Reflection.MemberInfo>, System.Action<System.Object, System.Collections.Generic.List<CommonApiMessage.AggregatesModel.SubOrderMessage.SubOrderMessageFeeViewModel>>>
7ffcd42b1630      1         64 System.Func<System.ValueTuple<System.String, System.Type, System.Reflection.MemberInfo>, System.Func<System.Object, System.Collections.Generic.List<CommonApiMessage.AggregatesModel.Package.PackageInfoMessageViewModel>>>
7ffcd42b1e28      1         64 System.Func<System.ValueTuple<System.String, System.Type, System.Reflection.MemberInfo>, System.Action<System.Object, System.Collections.Generic.List<CommonApiMessage.AggregatesModel.Package.PackageInfoMessageViewModel>>>
7ffcd42b27e8      1         64 System.Func<System.ValueTuple<System.String, System.Type, System.Reflection.MemberInfo>, System.Func<System.Object, System.Collections.Generic.List<CommonApiMessage.AggregatesModel.OrderMessage.OrderMessageAddressViewModel>>>
7ffcd42b2fe0      1         64 System.Func<System.ValueTuple<System.String, System.Type, System.Reflection.MemberInfo>, System.Action<System.Object, System.Collections.Generic.List<CommonApiMessage.AggregatesModel.OrderMessage.OrderMessageAddressViewModel>>>
7ffcd42b55b8      1         64 System.Func<System.ValueTuple<System.String, System.Type, System.Reflection.MemberInfo>, System.Func<System.Object, System.Collections.Generic.List<CommonApiMessage.AggregatesModel.Package.PackageTbMessage>>>
7ffcd42b5db0      1         64 System.Func<System.ValueTuple<System.String, System.Type, System.Reflection.MemberInfo>, System.Action<System.Object, System.Collections.Generic.List<CommonApiMessage.AggregatesModel.Package.PackageTbMessage>>>
7ffcd42c7258      1         64 System.Func<System.ValueTuple<System.String, System.Type, System.Reflection.MemberInfo>, System.Func<System.Object, System.Int64>>
7ffcd42c7b38      1         64 System.Func<System.ValueTuple<System.String, System.Type, System.Reflection.MemberInfo>, System.Action<System.Object, System.Int64>>
7ffcd42ce0e8      1         64 System.Func<System.ValueTuple<System.String, System.Type, System.Reflection.MemberInfo>, System.Func<System.Object, CommonApiMessage.AggregatesModel.SubOrderMessage.SubOrderMessageItemPromotionViewModel>>
7ffcd42ce8e0      1         64 System.Func<System.ValueTuple<System.String, System.Type, System.Reflection.MemberInfo>, System.Action<System.Object, CommonApiMessage.AggregatesModel.SubOrderMessage.SubOrderMessageItemPromotionViewModel>>
7ffcd42cf2a0      1         64 System.Func<System.ValueTuple<System.String, System.Type, System.Reflection.MemberInfo>, System.Func<System.Object, CommonApiMessage.AggregatesModel.SubOrderMessage.SubOrderMessageItemFulFillmentViewModel>>
7ffcd42cfa98      1         64 System.Func<System.ValueTuple<System.String, System.Type, System.Reflection.MemberInfo>, System.Action<System.Object, CommonApiMessage.AggregatesModel.SubOrderMessage.SubOrderMessageItemFulFillmentViewModel>>
7ffcd42f0478      1         64 System.Func<System.ValueTuple<System.String, System.Type, System.Reflection.MemberInfo>, System.Func<System.Object, System.Collections.Generic.List<CommonApiMessage.AggregatesModel.SubOrderMessage.SubOrderMessageItemRemarkViewModel>>>
7ffcd42f0c70      1         64 System.Func<System.ValueTuple<System.String, System.Type, System.Reflection.MemberInfo>, System.Action<System.Object, System.Collections.Generic.List<CommonApiMessage.AggregatesModel.SubOrderMessage.SubOrderMessageItemRemarkViewModel>>>
7ffcd42f1630      1         64 System.Func<System.ValueTuple<System.String, System.Type, System.Reflection.MemberInfo>, System.Func<System.Object, CommonApiMessage.AggregatesModel.SubOrderMessage.SubOrderMessageItemAmountViewModel>>
7ffcd42f1e28      1         64 System.Func<System.ValueTuple<System.String, System.Type, System.Reflection.MemberInfo>, System.Action<System.Object, CommonApiMessage.AggregatesModel.SubOrderMessage.SubOrderMessageItemAmountViewModel>>
7ffcd42f27e8      1         64 System.Func<System.ValueTuple<System.String, System.Type, System.Reflection.MemberInfo>, System.Func<System.Object, System.Collections.Generic.List<CommonApiMessage.AggregatesModel.SubOrderMessage.SubOrderMessageItemPaymentViewModel>>>
7ffcd42f2fe0      1         64 System.Func<System.ValueTuple<System.String, System.Type, System.Reflection.MemberInfo>, System.Action<System.Object, System.Collections.Generic.List<CommonApiMessage.AggregatesModel.SubOrderMessage.SubOrderMessageItemPaymentViewModel>>>
7ffcd42f39a0      1         64 System.Func<System.ValueTuple<System.String, System.Type, System.Reflection.MemberInfo>, System.Func<System.Object, System.Collections.Generic.List<CommonApiMessage.AggregatesModel.SubOrderMessage.SubOrderMessageItemSubBarcodeViewModel>>>
7ffcd42f4198      1         64 System.Func<System.ValueTuple<System.String, System.Type, System.Reflection.MemberInfo>, System.Action<System.Object, System.Collections.Generic.List<CommonApiMessage.AggregatesModel.SubOrderMessage.SubOrderMessageItemSubBarcodeViewModel>>>
7ffcd42f4b58      1         64 System.Func<System.ValueTuple<System.String, System.Type, System.Reflection.MemberInfo>, System.Func<System.Object, System.Collections.Generic.List<CommonApiMessage.AggregatesModel.SubOrderMessage.SubOrderMessageItemPromotionsViewModel>>>
7ffcd42f5350      1         64 System.Func<System.ValueTuple<System.String, System.Type, System.Reflection.MemberInfo>, System.Action<System.Object, System.Collections.Generic.List<CommonApiMessage.AggregatesModel.SubOrderMessage.SubOrderMessageItemPromotionsViewModel>>>
7ffcd1c2c630      1         64 System.Func<System.ValueTuple<System.String, System.Type, System.Reflection.MemberInfo>, System.Func<System.Object, System.Boolean>>
7ffcd1c2d008      1         64 System.Func<System.ValueTuple<System.String, System.Type, System.Reflection.MemberInfo>, System.Action<System.Object, System.Boolean>>
7ffcd4300868      1         64 System.Func<System.ValueTuple<System.String, System.Type, System.Reflection.MemberInfo>, System.Func<System.Object, System.Collections.Generic.List<CommonApiMessage.AggregatesModel.SubOrderMessage.SubOrderMessageItemDeliveryWindowViewModel>>>
7ffcd4301060      1         64 System.Func<System.ValueTuple<System.String, System.Type, System.Reflection.MemberInfo>, System.Action<System.Object, System.Collections.Generic.List<CommonApiMessage.AggregatesModel.SubOrderMessage.SubOrderMessageItemDeliveryWindowViewModel>>>
7ffcd4303638      1         64 System.Func<System.ValueTuple<System.String, System.Type, System.Reflection.MemberInfo>, System.Func<System.Object, System.Collections.Generic.List<CommonApiMessage.AggregatesModel.SubOrderMessage.SubOrderMessageItemFulFillmentServiceTypeViewModel>>>
7ffcd4303e30      1         64 System.Func<System.ValueTuple<System.String, System.Type, System.Reflection.MemberInfo>, System.Action<System.Object, System.Collections.Generic.List<CommonApiMessage.AggregatesModel.SubOrderMessage.SubOrderMessageItemFulFillmentServiceTypeViewModel>>>
7ffcd4318c48      1         64 System.Func<System.ValueTuple<System.String, System.Type, System.Reflection.MemberInfo>, System.Func<System.Object, System.Collections.Generic.List<CommonApiMessage.AggregatesModel.OrderMessage.OrderMessagePaymentTransactionViewModel>>>
7ffcd4319440      1         64 System.Func<System.ValueTuple<System.String, System.Type, System.Reflection.MemberInfo>, System.Action<System.Object, System.Collections.Generic.List<CommonApiMessage.AggregatesModel.OrderMessage.OrderMessagePaymentTransactionViewModel>>>
7ffcd43250a8      1         64 System.Func<System.ValueTuple<System.String, System.Type, System.Reflection.MemberInfo>, System.Func<System.Object, CommonApiMessage.AggregatesModel.OrderMessage.OrderMessageItemFulFillmentViewModel>>
7ffcd43258a0      1         64 System.Func<System.ValueTuple<System.String, System.Type, System.Reflection.MemberInfo>, System.Action<System.Object, CommonApiMessage.AggregatesModel.OrderMessage.OrderMessageItemFulFillmentViewModel>>
7ffcd4326260      1         64 System.Func<System.ValueTuple<System.String, System.Type, System.Reflection.MemberInfo>, System.Func<System.Object, System.Collections.Generic.List<CommonApiMessage.AggregatesModel.OrderMessage.OrderMessageItemRemarkViewModel>>>
7ffcd4326a58      1         64 System.Func<System.ValueTuple<System.String, System.Type, System.Reflection.MemberInfo>, System.Action<System.Object, System.Collections.Generic.List<CommonApiMessage.AggregatesModel.OrderMessage.OrderMessageItemRemarkViewModel>>>
7ffcd4327418      1         64 System.Func<System.ValueTuple<System.String, System.Type, System.Reflection.MemberInfo>, System.Func<System.Object, CommonApiMessage.AggregatesModel.OrderMessage.OrderMessageItemAmountViewModel>>
7ffcd4327c10      1         64 System.Func<System.ValueTuple<System.String, System.Type, System.Reflection.MemberInfo>, System.Action<System.Object, CommonApiMessage.AggregatesModel.OrderMessage.OrderMessageItemAmountViewModel>>
7ffcd43285d0      1         64 System.Func<System.ValueTuple<System.String, System.Type, System.Reflection.MemberInfo>, System.Func<System.Object, System.Collections.Generic.List<CommonApiMessage.AggregatesModel.OrderMessage.OrderMessageItemPaymentViewModel>>>
7ffcd4328dc8      1         64 System.Func<System.ValueTuple<System.String, System.Type, System.Reflection.MemberInfo>, System.Action<System.Object, System.Collections.Generic.List<CommonApiMessage.AggregatesModel.OrderMessage.OrderMessageItemPaymentViewModel>>>
7ffcd4329788      1         64 System.Func<System.ValueTuple<System.String, System.Type, System.Reflection.MemberInfo>, System.Func<System.Object, System.Collections.Generic.List<CommonApiMessage.AggregatesModel.OrderMessage.OrderMessageSubBarcodeViewModel>>>
7ffcd4329f80      1         64 System.Func<System.ValueTuple<System.String, System.Type, System.Reflection.MemberInfo>, System.Action<System.Object, System.Collections.Generic.List<CommonApiMessage.AggregatesModel.OrderMessage.OrderMessageSubBarcodeViewModel>>>
7ffcd432a940      1         64 System.Func<System.ValueTuple<System.String, System.Type, System.Reflection.MemberInfo>, System.Func<System.Object, CommonApiMessage.AggregatesModel.OrderMessage.OrderMessageItemPromotionViewModel>>
7ffcd432b138      1         64 System.Func<System.ValueTuple<System.String, System.Type, System.Reflection.MemberInfo>, System.Action<System.Object, CommonApiMessage.AggregatesModel.OrderMessage.OrderMessageItemPromotionViewModel>>
7ffcd432baf8      1         64 System.Func<System.ValueTuple<System.String, System.Type, System.Reflection.MemberInfo>, System.Func<System.Object, System.Collections.Generic.List<CommonApiMessage.AggregatesModel.OrderMessage.OrderMessageItemPromotionsViewModel>>>
7ffcd432c2f0      1         64 System.Func<System.ValueTuple<System.String, System.Type, System.Reflection.MemberInfo>, System.Action<System.Object, System.Collections.Generic.List<CommonApiMessage.AggregatesModel.OrderMessage.OrderMessageItemPromotionsViewModel>>>
7ffcd432f160      1         64 System.Func<System.ValueTuple<System.String, System.Type, System.Reflection.MemberInfo>, System.Func<System.Object, System.Collections.Generic.List<CommonApiMessage.AggregatesModel.OrderMessage.OrderMessageItemDeliveryWindowViewModel>>>
7ffcd432f958      1         64 System.Func<System.ValueTuple<System.String, System.Type, System.Reflection.MemberInfo>, System.Action<System.Object, System.Collections.Generic.List<CommonApiMessage.AggregatesModel.OrderMessage.OrderMessageItemDeliveryWindowViewModel>>>
7ffcd4332090      1         64 System.Func<System.ValueTuple<System.String, System.Type, System.Reflection.MemberInfo>, System.Func<System.Object, System.Collections.Generic.List<CommonApiMessage.AggregatesModel.OrderMessage.OrderMessageItemFulFillmentServiceTypeViewModel>>>
7ffcd4332888      1         64 System.Func<System.ValueTuple<System.String, System.Type, System.Reflection.MemberInfo>, System.Action<System.Object, System.Collections.Generic.List<CommonApiMessage.AggregatesModel.OrderMessage.OrderMessageItemFulFillmentServiceTypeViewModel>>>
7ffcd4344860      1         64 System.Func<System.ValueTuple<System.String, System.Type, System.Reflection.MemberInfo>, System.Func<System.Object, CommonApiMessage.AggregatesModel.OrderMessage.OrderMessagePromotionAmountViewModel>>
7ffcd4345058      1         64 System.Func<System.ValueTuple<System.String, System.Type, System.Reflection.MemberInfo>, System.Action<System.Object, CommonApiMessage.AggregatesModel.OrderMessage.OrderMessagePromotionAmountViewModel>>
7ffcd43492b0      1         64 System.Func<System.ValueTuple<System.String, System.Type, System.Reflection.MemberInfo>, System.Func<System.Object, CommonApiMessage.AggregatesModel.SubOrderMessage.SubOrderMessagePromotionAmountViewModel>>
7ffcd4349aa8      1         64 System.Func<System.ValueTuple<System.String, System.Type, System.Reflection.MemberInfo>, System.Action<System.Object, CommonApiMessage.AggregatesModel.SubOrderMessage.SubOrderMessagePromotionAmountViewModel>>
7ffcd434dd00      1         64 System.Func<System.ValueTuple<System.String, System.Type, System.Reflection.MemberInfo>, System.Func<System.Object, CommonApiMessage.AggregatesModel.SubOrderMessage.SubOrderMessageFeeAmountViewModel>>
7ffcd434e4f8      1         64 System.Func<System.ValueTuple<System.String, System.Type, System.Reflection.MemberInfo>, System.Action<System.Object, CommonApiMessage.AggregatesModel.SubOrderMessage.SubOrderMessageFeeAmountViewModel>>
7ffcd434eeb8      1         64 System.Func<System.ValueTuple<System.String, System.Type, System.Reflection.MemberInfo>, System.Func<System.Object, System.Collections.Generic.ICollection<CommonApiMessage.AggregatesModel.SubOrderMessage.SubOrderMessageFeePaymentViewModel>>>
7ffcd434f6b0      1         64 System.Func<System.ValueTuple<System.String, System.Type, System.Reflection.MemberInfo>, System.Action<System.Object, System.Collections.Generic.ICollection<CommonApiMessage.AggregatesModel.SubOrderMessage.SubOrderMessageFeePaymentViewModel>>>
7ffcd3fa2518      1         64 System.Func<Microsoft.EntityFrameworkCore.Query.QueryContext, System.Collections.Generic.IEnumerable<Order.Infrastructure.Entities.SubOrderModels.SubOrderModel>>
7ffcd412e030      1         64 System.Func<Microsoft.EntityFrameworkCore.DbContext, Microsoft.EntityFrameworkCore.Query.Internal.SplitQueryingEnumerable<Order.Infrastructure.Entities.SubOrderModels.SubOrderModel>+Enumerator, System.Boolean>
7ffcd3ac7fc8      1         64 System.Predicate<Microsoft.EntityFrameworkCore.Query.SqlExpressions.OrderingExpression>
7ffcd41501c0      1         64 System.Func<Microsoft.EntityFrameworkCore.Metadata.IEntityType, System.Collections.Generic.IEnumerable<Microsoft.EntityFrameworkCore.Metadata.IServiceProperty>>
7ffcd4150368      1         64 System.Func<Microsoft.EntityFrameworkCore.Metadata.IServiceProperty, System.Boolean>
7ffcd3f1cbb8      2         64 Microsoft.EntityFrameworkCore.Storage.Json.JsonCollectionOfReferencesReaderWriter<System.Collections.Generic.List<System.String>, System.String>
7ffcd416af88      1         64 System.Func<Microsoft.EntityFrameworkCore.Internal.InternalDbSet<Order.Infrastructure.Entities.OrderItemInformation.OrderItemOtherInfoModel>, Microsoft.EntityFrameworkCore.Query.Internal.EntityQueryable<Order.Infrastructure.Entities.OrderItemInformation.OrderItemOtherInfoModel>>
7ffcd416bda8      1         64 System.Func<Microsoft.EntityFrameworkCore.Query.QueryContext, System.Collections.Generic.IEnumerable<Order.Infrastructure.Entities.OrderItemInformation.OrderItemOtherInfoModel>>
7ffcd416f2a8      1         64 System.Func<Microsoft.EntityFrameworkCore.DbContext, Microsoft.EntityFrameworkCore.Query.Internal.SingleQueryingEnumerable<Order.Infrastructure.Entities.OrderItemInformation.OrderItemOtherInfoModel>+Enumerator, System.Boolean>
7ffcd2e64fe8      1         64 System.Func<Order.Infrastructure.Entities.SubOrderModels.SubOrderItemBarcodeModel, CommonApiMessage.AggregatesModel.SubOrderMessage.SubOrderMessageItemSubBarcodeViewModel>
7ffcd4182340      1         64 System.Func<Microsoft.EntityFrameworkCore.Internal.InternalDbSet<Order.Infrastructure.Entities.StoreLocation.StoreLocationModel>, Microsoft.EntityFrameworkCore.Query.Internal.EntityQueryable<Order.Infrastructure.Entities.StoreLocation.StoreLocationModel>>
7ffcd4183448      1         64 System.Func<Microsoft.EntityFrameworkCore.Query.QueryContext, System.Collections.Generic.IEnumerable<Order.Infrastructure.Entities.StoreLocation.StoreLocationModel>>
7ffcd418a178      1         64 System.Func<Microsoft.EntityFrameworkCore.DbContext, Microsoft.EntityFrameworkCore.Query.Internal.SingleQueryingEnumerable<Order.Infrastructure.Entities.StoreLocation.StoreLocationModel>+Enumerator, System.Boolean>
7ffcd418bb20      1         64 System.Func<Microsoft.EntityFrameworkCore.Internal.InternalDbSet<Order.Infrastructure.Entities.Package.PackageInfoModel>, Microsoft.EntityFrameworkCore.Query.Internal.EntityQueryable<Order.Infrastructure.Entities.Package.PackageInfoModel>>
7ffcd418c940      1         64 System.Func<Microsoft.EntityFrameworkCore.Query.QueryContext, System.Collections.Generic.IEnumerable<Order.Infrastructure.Entities.Package.PackageInfoModel>>
7ffcd418fe40      1         64 System.Func<Microsoft.EntityFrameworkCore.DbContext, Microsoft.EntityFrameworkCore.Query.Internal.SingleQueryingEnumerable<Order.Infrastructure.Entities.Package.PackageInfoModel>+Enumerator, System.Boolean>
7ffcd41ffc70      1         64 System.Func<Microsoft.EntityFrameworkCore.Internal.InternalDbSet<Order.Infrastructure.Entities.Package.PackageTbModel>, Microsoft.EntityFrameworkCore.Query.Internal.EntityQueryable<Order.Infrastructure.Entities.Package.PackageTbModel>>
7ffcd4201c20      1         64 Microsoft.EntityFrameworkCore.Storage.ReaderColumn<System.Guid>
7ffcd4201778      1         64 System.Func<System.Data.Common.DbDataReader, System.Int32[], System.Guid>
7ffcd4200b40      1         64 System.Func<Microsoft.EntityFrameworkCore.Query.QueryContext, System.Collections.Generic.IEnumerable<Order.Infrastructure.Entities.Package.PackageTbModel>>
7ffcd4206648      1         64 System.Func<Microsoft.EntityFrameworkCore.DbContext, Microsoft.EntityFrameworkCore.Query.Internal.SingleQueryingEnumerable<Order.Infrastructure.Entities.Package.PackageTbModel>+Enumerator, System.Boolean>
7ffcd41ff598      1         64 System.Func<Order.Infrastructure.Entities.Package.PackageTbModel, CommonApiMessage.AggregatesModel.Package.PackageTbMessage>
7ffcd2e4dcf8      1         64 System.Func<CommonApiMessage.AggregatesModel.SubOrderMessage.SubOrderMessageViewModel, System.Boolean>
7ffcd2e4e148      1         64 System.Func<CommonApiMessage.AggregatesModel.SubOrderMessage.SubOrderMessageViewModel, <>f__AnonymousType14<System.String>>
7ffcd2e4e360      1         64 System.Func<System.Linq.IGrouping<<>f__AnonymousType14<System.String>, CommonApiMessage.AggregatesModel.SubOrderMessage.SubOrderMessageViewModel>, System.String>
7ffcd422c320      1         64 System.Func<Microsoft.EntityFrameworkCore.Query.QueryContext, Order.Infrastructure.Entities.OrderReference.OrderReferenceModel>
7ffcd422fd00      1         64 System.Func<Microsoft.EntityFrameworkCore.Internal.InternalDbSet<Order.Infrastructure.Entities.OrderModels.OrderModel>, Microsoft.EntityFrameworkCore.Query.Internal.EntityQueryable<Order.Infrastructure.Entities.OrderModels.OrderModel>>
7ffcd422f5d8      1         64 System.Func<Order.Infrastructure.Entities.OrderModels.OrderModel, System.Collections.Generic.ICollection<Order.Infrastructure.Entities.OrderModels.OrderCustomerModel>>
7ffcd423dcd0      1         64 System.Func<Order.Infrastructure.Entities.OrderModels.OrderModel, System.Action<Order.Infrastructure.Entities.OrderModels.OrderModel, System.Collections.Generic.ICollection<Order.Infrastructure.Entities.OrderModels.OrderCustomerModel>>, System.Collections.Generic.ICollection<Order.Infrastructure.Entities.OrderModels.OrderCustomerModel>>
7ffcd423e1f8      1         64 System.Func<System.Collections.Generic.ICollection<Order.Infrastructure.Entities.OrderModels.OrderCustomerModel>>
7ffcd4254538      1         64 System.Func<Microsoft.EntityFrameworkCore.DbContext, Microsoft.EntityFrameworkCore.Query.Internal.SingleQueryingEnumerable<Order.Infrastructure.Entities.OrderModels.OrderModel>+Enumerator, System.Boolean>
7ffcd29c0fc0      1         64 System.Func<Order.Infrastructure.Entities.OrderModels.OrderPaymentModel, System.Collections.Generic.ICollection<Order.Infrastructure.Entities.OrderModels.OrderPaymentTransactionModel>>
7ffcd4270768      1         64 System.Func<Order.Infrastructure.Entities.OrderModels.OrderPaymentModel, System.Action<Order.Infrastructure.Entities.OrderModels.OrderPaymentModel, System.Collections.Generic.ICollection<Order.Infrastructure.Entities.OrderModels.OrderPaymentTransactionModel>>, System.Collections.Generic.ICollection<Order.Infrastructure.Entities.OrderModels.OrderPaymentTransactionModel>>
7ffcd4270c90      1         64 System.Func<System.Collections.Generic.ICollection<Order.Infrastructure.Entities.OrderModels.OrderPaymentTransactionModel>>
7ffcd2a64678      1         64 System.Func<Order.Infrastructure.Entities.OrderModels.OrderModel, System.Collections.Generic.ICollection<Order.Infrastructure.Entities.OrderModels.OrderPaymentModel>>
7ffcd4272b58      1         64 System.Func<Order.Infrastructure.Entities.OrderModels.OrderModel, System.Action<Order.Infrastructure.Entities.OrderModels.OrderModel, System.Collections.Generic.ICollection<Order.Infrastructure.Entities.OrderModels.OrderPaymentModel>>, System.Collections.Generic.ICollection<Order.Infrastructure.Entities.OrderModels.OrderPaymentModel>>
7ffcd4273008      1         64 System.Func<System.Collections.Generic.ICollection<Order.Infrastructure.Entities.OrderModels.OrderPaymentModel>>
7ffcd427a9b8      1         64 System.Func<Microsoft.EntityFrameworkCore.DbContext, Microsoft.EntityFrameworkCore.Query.Internal.SplitQueryingEnumerable<Order.Infrastructure.Entities.OrderModels.OrderModel>+Enumerator, System.Boolean>
7ffcd427cc98      1         64 System.Func<Microsoft.EntityFrameworkCore.Internal.InternalDbSet<Order.Infrastructure.Entities.OrderModels.OrderPromotionModel>, Microsoft.EntityFrameworkCore.Query.Internal.EntityQueryable<Order.Infrastructure.Entities.OrderModels.OrderPromotionModel>>
7ffcd427e308      1         64 System.Func<Microsoft.EntityFrameworkCore.Query.QueryContext, System.Collections.Generic.IEnumerable<Order.Infrastructure.Entities.OrderModels.OrderPromotionModel>>
7ffcd4295758      1         64 System.Func<Microsoft.EntityFrameworkCore.DbContext, Microsoft.EntityFrameworkCore.Query.Internal.SingleQueryingEnumerable<Order.Infrastructure.Entities.OrderModels.OrderPromotionModel>+Enumerator, System.Boolean>
7ffcd42961d8      1         64 System.Func<Microsoft.EntityFrameworkCore.Internal.InternalDbSet<Order.Infrastructure.Entities.Promotion.PromotionItemModel>, Microsoft.EntityFrameworkCore.Query.Internal.EntityQueryable<Order.Infrastructure.Entities.Promotion.PromotionItemModel>>
7ffcd4296ee0      1         64 System.Func<Microsoft.EntityFrameworkCore.Query.QueryContext, System.Collections.Generic.IEnumerable<Order.Infrastructure.Entities.Promotion.PromotionItemModel>>
7ffcd429dd98      1         64 System.Func<Microsoft.EntityFrameworkCore.DbContext, Microsoft.EntityFrameworkCore.Query.Internal.SingleQueryingEnumerable<Order.Infrastructure.Entities.Promotion.PromotionItemModel>+Enumerator, System.Boolean>
7ffcd42a2ea0      1         64 System.Func<System.ValueTuple<System.String, System.Type, System.Reflection.MemberInfo>, System.Func<System.ValueTuple<System.String, System.Type, System.Reflection.MemberInfo>, System.Func<System.Object, System.Collections.Generic.List<System.String>>>, System.Text.Json.Serialization.Metadata.ReflectionEmitCachingMemberAccessor+Cache<System.ValueTuple<System.String, System.Type, System.Reflection.MemberInfo>>+CacheEntry>
7ffcd42a3698      1         64 System.Func<System.ValueTuple<System.String, System.Type, System.Reflection.MemberInfo>, System.Func<System.ValueTuple<System.String, System.Type, System.Reflection.MemberInfo>, System.Action<System.Object, System.Collections.Generic.List<System.String>>>, System.Text.Json.Serialization.Metadata.ReflectionEmitCachingMemberAccessor+Cache<System.ValueTuple<System.String, System.Type, System.Reflection.MemberInfo>>+CacheEntry>
7ffcd42a4608      1         64 System.Func<System.ValueTuple<System.String, System.Type, System.Reflection.MemberInfo>, System.Func<System.ValueTuple<System.String, System.Type, System.Reflection.MemberInfo>, System.Func<System.Object, System.DateTime>>, System.Text.Json.Serialization.Metadata.ReflectionEmitCachingMemberAccessor+Cache<System.ValueTuple<System.String, System.Type, System.Reflection.MemberInfo>>+CacheEntry>
7ffcd42a4db0      1         64 System.Func<System.ValueTuple<System.String, System.Type, System.Reflection.MemberInfo>, System.Func<System.ValueTuple<System.String, System.Type, System.Reflection.MemberInfo>, System.Action<System.Object, System.DateTime>>, System.Text.Json.Serialization.Metadata.ReflectionEmitCachingMemberAccessor+Cache<System.ValueTuple<System.String, System.Type, System.Reflection.MemberInfo>>+CacheEntry>
7ffcd42a78c0      1         64 System.Func<System.ValueTuple<System.String, System.Type, System.Reflection.MemberInfo>, System.Func<System.ValueTuple<System.String, System.Type, System.Reflection.MemberInfo>, System.Func<System.Object, System.Collections.Generic.List<CommonApiMessage.AggregatesModel.SubOrderMessage.SubOrderMessageRemarkViewModel>>>, System.Text.Json.Serialization.Metadata.ReflectionEmitCachingMemberAccessor+Cache<System.ValueTuple<System.String, System.Type, System.Reflection.MemberInfo>>+CacheEntry>
7ffcd42a80b8      1         64 System.Func<System.ValueTuple<System.String, System.Type, System.Reflection.MemberInfo>, System.Func<System.ValueTuple<System.String, System.Type, System.Reflection.MemberInfo>, System.Action<System.Object, System.Collections.Generic.List<CommonApiMessage.AggregatesModel.SubOrderMessage.SubOrderMessageRemarkViewModel>>>, System.Text.Json.Serialization.Metadata.ReflectionEmitCachingMemberAccessor+Cache<System.ValueTuple<System.String, System.Type, System.Reflection.MemberInfo>>+CacheEntry>
7ffcd42a8a78      1         64 System.Func<System.ValueTuple<System.String, System.Type, System.Reflection.MemberInfo>, System.Func<System.ValueTuple<System.String, System.Type, System.Reflection.MemberInfo>, System.Func<System.Object, System.Collections.Generic.List<CommonApiMessage.AggregatesModel.SubOrderMessage.SubOrderMessageAddressViewModel>>>, System.Text.Json.Serialization.Metadata.ReflectionEmitCachingMemberAccessor+Cache<System.ValueTuple<System.String, System.Type, System.Reflection.MemberInfo>>+CacheEntry>
7ffcd42a9270      1         64 System.Func<System.ValueTuple<System.String, System.Type, System.Reflection.MemberInfo>, System.Func<System.ValueTuple<System.String, System.Type, System.Reflection.MemberInfo>, System.Action<System.Object, System.Collections.Generic.List<CommonApiMessage.AggregatesModel.SubOrderMessage.SubOrderMessageAddressViewModel>>>, System.Text.Json.Serialization.Metadata.ReflectionEmitCachingMemberAccessor+Cache<System.ValueTuple<System.String, System.Type, System.Reflection.MemberInfo>>+CacheEntry>
7ffcd42a9c30      1         64 System.Func<System.ValueTuple<System.String, System.Type, System.Reflection.MemberInfo>, System.Func<System.ValueTuple<System.String, System.Type, System.Reflection.MemberInfo>, System.Func<System.Object, System.Collections.Generic.List<CommonApiMessage.AggregatesModel.SubOrderMessage.SubOrderMessageItemViewModel>>>, System.Text.Json.Serialization.Metadata.ReflectionEmitCachingMemberAccessor+Cache<System.ValueTuple<System.String, System.Type, System.Reflection.MemberInfo>>+CacheEntry>
7ffcd42aa428      1         64 System.Func<System.ValueTuple<System.String, System.Type, System.Reflection.MemberInfo>, System.Func<System.ValueTuple<System.String, System.Type, System.Reflection.MemberInfo>, System.Action<System.Object, System.Collections.Generic.List<CommonApiMessage.AggregatesModel.SubOrderMessage.SubOrderMessageItemViewModel>>>, System.Text.Json.Serialization.Metadata.ReflectionEmitCachingMemberAccessor+Cache<System.ValueTuple<System.String, System.Type, System.Reflection.MemberInfo>>+CacheEntry>
7ffcd42aade8      1         64 System.Func<System.ValueTuple<System.String, System.Type, System.Reflection.MemberInfo>, System.Func<System.ValueTuple<System.String, System.Type, System.Reflection.MemberInfo>, System.Func<System.Object, System.Collections.Generic.List<CommonApiMessage.AggregatesModel.OrderMessage.OrderMessagePaymentViewModel>>>, System.Text.Json.Serialization.Metadata.ReflectionEmitCachingMemberAccessor+Cache<System.ValueTuple<System.String, System.Type, System.Reflection.MemberInfo>>+CacheEntry>
7ffcd42ab5e0      1         64 System.Func<System.ValueTuple<System.String, System.Type, System.Reflection.MemberInfo>, System.Func<System.ValueTuple<System.String, System.Type, System.Reflection.MemberInfo>, System.Action<System.Object, System.Collections.Generic.List<CommonApiMessage.AggregatesModel.OrderMessage.OrderMessagePaymentViewModel>>>, System.Text.Json.Serialization.Metadata.ReflectionEmitCachingMemberAccessor+Cache<System.ValueTuple<System.String, System.Type, System.Reflection.MemberInfo>>+CacheEntry>
7ffcd42abfa0      1         64 System.Func<System.ValueTuple<System.String, System.Type, System.Reflection.MemberInfo>, System.Func<System.ValueTuple<System.String, System.Type, System.Reflection.MemberInfo>, System.Func<System.Object, System.Collections.Generic.List<CommonApiMessage.AggregatesModel.OrderMessage.OrderMessageCustomerViewModel>>>, System.Text.Json.Serialization.Metadata.ReflectionEmitCachingMemberAccessor+Cache<System.ValueTuple<System.String, System.Type, System.Reflection.MemberInfo>>+CacheEntry>
7ffcd42ac798      1         64 System.Func<System.ValueTuple<System.String, System.Type, System.Reflection.MemberInfo>, System.Func<System.ValueTuple<System.String, System.Type, System.Reflection.MemberInfo>, System.Action<System.Object, System.Collections.Generic.List<CommonApiMessage.AggregatesModel.OrderMessage.OrderMessageCustomerViewModel>>>, System.Text.Json.Serialization.Metadata.ReflectionEmitCachingMemberAccessor+Cache<System.ValueTuple<System.String, System.Type, System.Reflection.MemberInfo>>+CacheEntry>
7ffcd42ad158      1         64 System.Func<System.ValueTuple<System.String, System.Type, System.Reflection.MemberInfo>, System.Func<System.ValueTuple<System.String, System.Type, System.Reflection.MemberInfo>, System.Func<System.Object, System.Collections.Generic.List<CommonApiMessage.AggregatesModel.OrderMessage.OrderMessageItemViewModel>>>, System.Text.Json.Serialization.Metadata.ReflectionEmitCachingMemberAccessor+Cache<System.ValueTuple<System.String, System.Type, System.Reflection.MemberInfo>>+CacheEntry>
7ffcd42ad950      1         64 System.Func<System.ValueTuple<System.String, System.Type, System.Reflection.MemberInfo>, System.Func<System.ValueTuple<System.String, System.Type, System.Reflection.MemberInfo>, System.Action<System.Object, System.Collections.Generic.List<CommonApiMessage.AggregatesModel.OrderMessage.OrderMessageItemViewModel>>>, System.Text.Json.Serialization.Metadata.ReflectionEmitCachingMemberAccessor+Cache<System.ValueTuple<System.String, System.Type, System.Reflection.MemberInfo>>+CacheEntry>
7ffcd42ae310      1         64 System.Func<System.ValueTuple<System.String, System.Type, System.Reflection.MemberInfo>, System.Func<System.ValueTuple<System.String, System.Type, System.Reflection.MemberInfo>, System.Func<System.Object, System.Collections.Generic.List<CommonApiMessage.AggregatesModel.OrderMessage.OrderMessagePromotionViewModel>>>, System.Text.Json.Serialization.Metadata.ReflectionEmitCachingMemberAccessor+Cache<System.ValueTuple<System.String, System.Type, System.Reflection.MemberInfo>>+CacheEntry>
7ffcd42aeb08      1         64 System.Func<System.ValueTuple<System.String, System.Type, System.Reflection.MemberInfo>, System.Func<System.ValueTuple<System.String, System.Type, System.Reflection.MemberInfo>, System.Action<System.Object, System.Collections.Generic.List<CommonApiMessage.AggregatesModel.OrderMessage.OrderMessagePromotionViewModel>>>, System.Text.Json.Serialization.Metadata.ReflectionEmitCachingMemberAccessor+Cache<System.ValueTuple<System.String, System.Type, System.Reflection.MemberInfo>>+CacheEntry>
7ffcd42af4c8      1         64 System.Func<System.ValueTuple<System.String, System.Type, System.Reflection.MemberInfo>, System.Func<System.ValueTuple<System.String, System.Type, System.Reflection.MemberInfo>, System.Func<System.Object, System.Collections.Generic.List<CommonApiMessage.AggregatesModel.SubOrderMessage.SubOrderMessagePromotionViewModel>>>, System.Text.Json.Serialization.Metadata.ReflectionEmitCachingMemberAccessor+Cache<System.ValueTuple<System.String, System.Type, System.Reflection.MemberInfo>>+CacheEntry>
7ffcd42afcc0      1         64 System.Func<System.ValueTuple<System.String, System.Type, System.Reflection.MemberInfo>, System.Func<System.ValueTuple<System.String, System.Type, System.Reflection.MemberInfo>, System.Action<System.Object, System.Collections.Generic.List<CommonApiMessage.AggregatesModel.SubOrderMessage.SubOrderMessagePromotionViewModel>>>, System.Text.Json.Serialization.Metadata.ReflectionEmitCachingMemberAccessor+Cache<System.ValueTuple<System.String, System.Type, System.Reflection.MemberInfo>>+CacheEntry>
7ffcd42b06b0      1         64 System.Func<System.ValueTuple<System.String, System.Type, System.Reflection.MemberInfo>, System.Func<System.ValueTuple<System.String, System.Type, System.Reflection.MemberInfo>, System.Func<System.Object, System.Collections.Generic.List<CommonApiMessage.AggregatesModel.SubOrderMessage.SubOrderMessageFeeViewModel>>>, System.Text.Json.Serialization.Metadata.ReflectionEmitCachingMemberAccessor+Cache<System.ValueTuple<System.String, System.Type, System.Reflection.MemberInfo>>+CacheEntry>
7ffcd42b0ea8      1         64 System.Func<System.ValueTuple<System.String, System.Type, System.Reflection.MemberInfo>, System.Func<System.ValueTuple<System.String, System.Type, System.Reflection.MemberInfo>, System.Action<System.Object, System.Collections.Generic.List<CommonApiMessage.AggregatesModel.SubOrderMessage.SubOrderMessageFeeViewModel>>>, System.Text.Json.Serialization.Metadata.ReflectionEmitCachingMemberAccessor+Cache<System.ValueTuple<System.String, System.Type, System.Reflection.MemberInfo>>+CacheEntry>
7ffcd42b1868      1         64 System.Func<System.ValueTuple<System.String, System.Type, System.Reflection.MemberInfo>, System.Func<System.ValueTuple<System.String, System.Type, System.Reflection.MemberInfo>, System.Func<System.Object, System.Collections.Generic.List<CommonApiMessage.AggregatesModel.Package.PackageInfoMessageViewModel>>>, System.Text.Json.Serialization.Metadata.ReflectionEmitCachingMemberAccessor+Cache<System.ValueTuple<System.String, System.Type, System.Reflection.MemberInfo>>+CacheEntry>
7ffcd42b2060      1         64 System.Func<System.ValueTuple<System.String, System.Type, System.Reflection.MemberInfo>, System.Func<System.ValueTuple<System.String, System.Type, System.Reflection.MemberInfo>, System.Action<System.Object, System.Collections.Generic.List<CommonApiMessage.AggregatesModel.Package.PackageInfoMessageViewModel>>>, System.Text.Json.Serialization.Metadata.ReflectionEmitCachingMemberAccessor+Cache<System.ValueTuple<System.String, System.Type, System.Reflection.MemberInfo>>+CacheEntry>
7ffcd42b2a20      1         64 System.Func<System.ValueTuple<System.String, System.Type, System.Reflection.MemberInfo>, System.Func<System.ValueTuple<System.String, System.Type, System.Reflection.MemberInfo>, System.Func<System.Object, System.Collections.Generic.List<CommonApiMessage.AggregatesModel.OrderMessage.OrderMessageAddressViewModel>>>, System.Text.Json.Serialization.Metadata.ReflectionEmitCachingMemberAccessor+Cache<System.ValueTuple<System.String, System.Type, System.Reflection.MemberInfo>>+CacheEntry>
7ffcd42b3218      1         64 System.Func<System.ValueTuple<System.String, System.Type, System.Reflection.MemberInfo>, System.Func<System.ValueTuple<System.String, System.Type, System.Reflection.MemberInfo>, System.Action<System.Object, System.Collections.Generic.List<CommonApiMessage.AggregatesModel.OrderMessage.OrderMessageAddressViewModel>>>, System.Text.Json.Serialization.Metadata.ReflectionEmitCachingMemberAccessor+Cache<System.ValueTuple<System.String, System.Type, System.Reflection.MemberInfo>>+CacheEntry>
7ffcd42b57f0      1         64 System.Func<System.ValueTuple<System.String, System.Type, System.Reflection.MemberInfo>, System.Func<System.ValueTuple<System.String, System.Type, System.Reflection.MemberInfo>, System.Func<System.Object, System.Collections.Generic.List<CommonApiMessage.AggregatesModel.Package.PackageTbMessage>>>, System.Text.Json.Serialization.Metadata.ReflectionEmitCachingMemberAccessor+Cache<System.ValueTuple<System.String, System.Type, System.Reflection.MemberInfo>>+CacheEntry>
7ffcd42b5fe8      1         64 System.Func<System.ValueTuple<System.String, System.Type, System.Reflection.MemberInfo>, System.Func<System.ValueTuple<System.String, System.Type, System.Reflection.MemberInfo>, System.Action<System.Object, System.Collections.Generic.List<CommonApiMessage.AggregatesModel.Package.PackageTbMessage>>>, System.Text.Json.Serialization.Metadata.ReflectionEmitCachingMemberAccessor+Cache<System.ValueTuple<System.String, System.Type, System.Reflection.MemberInfo>>+CacheEntry>
7ffcd42c2228      1         64 System.Func<System.ValueTuple<System.String, System.Type, System.Reflection.MemberInfo>, System.Func<System.ValueTuple<System.String, System.Type, System.Reflection.MemberInfo>, System.Func<System.Object, System.Decimal>>, System.Text.Json.Serialization.Metadata.ReflectionEmitCachingMemberAccessor+Cache<System.ValueTuple<System.String, System.Type, System.Reflection.MemberInfo>>+CacheEntry>
7ffcd42c29d0      1         64 System.Func<System.ValueTuple<System.String, System.Type, System.Reflection.MemberInfo>, System.Func<System.ValueTuple<System.String, System.Type, System.Reflection.MemberInfo>, System.Action<System.Object, System.Decimal>>, System.Text.Json.Serialization.Metadata.ReflectionEmitCachingMemberAccessor+Cache<System.ValueTuple<System.String, System.Type, System.Reflection.MemberInfo>>+CacheEntry>
7ffcd42c7d50      1         64 System.Func<System.ValueTuple<System.String, System.Type, System.Reflection.MemberInfo>, System.Func<System.ValueTuple<System.String, System.Type, System.Reflection.MemberInfo>, System.Action<System.Object, System.Int64>>, System.Text.Json.Serialization.Metadata.ReflectionEmitCachingMemberAccessor+Cache<System.ValueTuple<System.String, System.Type, System.Reflection.MemberInfo>>+CacheEntry>
7ffcd42c9450      1         64 System.Func<System.ValueTuple<System.String, System.Type, System.Reflection.MemberInfo>, System.Func<System.ValueTuple<System.String, System.Type, System.Reflection.MemberInfo>, System.Func<System.Object, System.Nullable<System.Int64>>>, System.Text.Json.Serialization.Metadata.ReflectionEmitCachingMemberAccessor+Cache<System.ValueTuple<System.String, System.Type, System.Reflection.MemberInfo>>+CacheEntry>
7ffcd42c9bf8      1         64 System.Func<System.ValueTuple<System.String, System.Type, System.Reflection.MemberInfo>, System.Func<System.ValueTuple<System.String, System.Type, System.Reflection.MemberInfo>, System.Action<System.Object, System.Nullable<System.Int64>>>, System.Text.Json.Serialization.Metadata.ReflectionEmitCachingMemberAccessor+Cache<System.ValueTuple<System.String, System.Type, System.Reflection.MemberInfo>>+CacheEntry>
7ffcd42ce320      1         64 System.Func<System.ValueTuple<System.String, System.Type, System.Reflection.MemberInfo>, System.Func<System.ValueTuple<System.String, System.Type, System.Reflection.MemberInfo>, System.Func<System.Object, CommonApiMessage.AggregatesModel.SubOrderMessage.SubOrderMessageItemPromotionViewModel>>, System.Text.Json.Serialization.Metadata.ReflectionEmitCachingMemberAccessor+Cache<System.ValueTuple<System.String, System.Type, System.Reflection.MemberInfo>>+CacheEntry>
7ffcd42ceb18      1         64 System.Func<System.ValueTuple<System.String, System.Type, System.Reflection.MemberInfo>, System.Func<System.ValueTuple<System.String, System.Type, System.Reflection.MemberInfo>, System.Action<System.Object, CommonApiMessage.AggregatesModel.SubOrderMessage.SubOrderMessageItemPromotionViewModel>>, System.Text.Json.Serialization.Metadata.ReflectionEmitCachingMemberAccessor+Cache<System.ValueTuple<System.String, System.Type, System.Reflection.MemberInfo>>+CacheEntry>
7ffcd42cf4d8      1         64 System.Func<System.ValueTuple<System.String, System.Type, System.Reflection.MemberInfo>, System.Func<System.ValueTuple<System.String, System.Type, System.Reflection.MemberInfo>, System.Func<System.Object, CommonApiMessage.AggregatesModel.SubOrderMessage.SubOrderMessageItemFulFillmentViewModel>>, System.Text.Json.Serialization.Metadata.ReflectionEmitCachingMemberAccessor+Cache<System.ValueTuple<System.String, System.Type, System.Reflection.MemberInfo>>+CacheEntry>
7ffcd42cfcd0      1         64 System.Func<System.ValueTuple<System.String, System.Type, System.Reflection.MemberInfo>, System.Func<System.ValueTuple<System.String, System.Type, System.Reflection.MemberInfo>, System.Action<System.Object, CommonApiMessage.AggregatesModel.SubOrderMessage.SubOrderMessageItemFulFillmentViewModel>>, System.Text.Json.Serialization.Metadata.ReflectionEmitCachingMemberAccessor+Cache<System.ValueTuple<System.String, System.Type, System.Reflection.MemberInfo>>+CacheEntry>
7ffcd42f06b0      1         64 System.Func<System.ValueTuple<System.String, System.Type, System.Reflection.MemberInfo>, System.Func<System.ValueTuple<System.String, System.Type, System.Reflection.MemberInfo>, System.Func<System.Object, System.Collections.Generic.List<CommonApiMessage.AggregatesModel.SubOrderMessage.SubOrderMessageItemRemarkViewModel>>>, System.Text.Json.Serialization.Metadata.ReflectionEmitCachingMemberAccessor+Cache<System.ValueTuple<System.String, System.Type, System.Reflection.MemberInfo>>+CacheEntry>
7ffcd42f0ea8      1         64 System.Func<System.ValueTuple<System.String, System.Type, System.Reflection.MemberInfo>, System.Func<System.ValueTuple<System.String, System.Type, System.Reflection.MemberInfo>, System.Action<System.Object, System.Collections.Generic.List<CommonApiMessage.AggregatesModel.SubOrderMessage.SubOrderMessageItemRemarkViewModel>>>, System.Text.Json.Serialization.Metadata.ReflectionEmitCachingMemberAccessor+Cache<System.ValueTuple<System.String, System.Type, System.Reflection.MemberInfo>>+CacheEntry>
7ffcd42f1868      1         64 System.Func<System.ValueTuple<System.String, System.Type, System.Reflection.MemberInfo>, System.Func<System.ValueTuple<System.String, System.Type, System.Reflection.MemberInfo>, System.Func<System.Object, CommonApiMessage.AggregatesModel.SubOrderMessage.SubOrderMessageItemAmountViewModel>>, System.Text.Json.Serialization.Metadata.ReflectionEmitCachingMemberAccessor+Cache<System.ValueTuple<System.String, System.Type, System.Reflection.MemberInfo>>+CacheEntry>
7ffcd42f2060      1         64 System.Func<System.ValueTuple<System.String, System.Type, System.Reflection.MemberInfo>, System.Func<System.ValueTuple<System.String, System.Type, System.Reflection.MemberInfo>, System.Action<System.Object, CommonApiMessage.AggregatesModel.SubOrderMessage.SubOrderMessageItemAmountViewModel>>, System.Text.Json.Serialization.Metadata.ReflectionEmitCachingMemberAccessor+Cache<System.ValueTuple<System.String, System.Type, System.Reflection.MemberInfo>>+CacheEntry>
7ffcd42f2a20      1         64 System.Func<System.ValueTuple<System.String, System.Type, System.Reflection.MemberInfo>, System.Func<System.ValueTuple<System.String, System.Type, System.Reflection.MemberInfo>, System.Func<System.Object, System.Collections.Generic.List<CommonApiMessage.AggregatesModel.SubOrderMessage.SubOrderMessageItemPaymentViewModel>>>, System.Text.Json.Serialization.Metadata.ReflectionEmitCachingMemberAccessor+Cache<System.ValueTuple<System.String, System.Type, System.Reflection.MemberInfo>>+CacheEntry>
7ffcd42f3218      1         64 System.Func<System.ValueTuple<System.String, System.Type, System.Reflection.MemberInfo>, System.Func<System.ValueTuple<System.String, System.Type, System.Reflection.MemberInfo>, System.Action<System.Object, System.Collections.Generic.List<CommonApiMessage.AggregatesModel.SubOrderMessage.SubOrderMessageItemPaymentViewModel>>>, System.Text.Json.Serialization.Metadata.ReflectionEmitCachingMemberAccessor+Cache<System.ValueTuple<System.String, System.Type, System.Reflection.MemberInfo>>+CacheEntry>
7ffcd42f3bd8      1         64 System.Func<System.ValueTuple<System.String, System.Type, System.Reflection.MemberInfo>, System.Func<System.ValueTuple<System.String, System.Type, System.Reflection.MemberInfo>, System.Func<System.Object, System.Collections.Generic.List<CommonApiMessage.AggregatesModel.SubOrderMessage.SubOrderMessageItemSubBarcodeViewModel>>>, System.Text.Json.Serialization.Metadata.ReflectionEmitCachingMemberAccessor+Cache<System.ValueTuple<System.String, System.Type, System.Reflection.MemberInfo>>+CacheEntry>
7ffcd42f43d0      1         64 System.Func<System.ValueTuple<System.String, System.Type, System.Reflection.MemberInfo>, System.Func<System.ValueTuple<System.String, System.Type, System.Reflection.MemberInfo>, System.Action<System.Object, System.Collections.Generic.List<CommonApiMessage.AggregatesModel.SubOrderMessage.SubOrderMessageItemSubBarcodeViewModel>>>, System.Text.Json.Serialization.Metadata.ReflectionEmitCachingMemberAccessor+Cache<System.ValueTuple<System.String, System.Type, System.Reflection.MemberInfo>>+CacheEntry>
7ffcd42f4d90      1         64 System.Func<System.ValueTuple<System.String, System.Type, System.Reflection.MemberInfo>, System.Func<System.ValueTuple<System.String, System.Type, System.Reflection.MemberInfo>, System.Func<System.Object, System.Collections.Generic.List<CommonApiMessage.AggregatesModel.SubOrderMessage.SubOrderMessageItemPromotionsViewModel>>>, System.Text.Json.Serialization.Metadata.ReflectionEmitCachingMemberAccessor+Cache<System.ValueTuple<System.String, System.Type, System.Reflection.MemberInfo>>+CacheEntry>
7ffcd42f5588      1         64 System.Func<System.ValueTuple<System.String, System.Type, System.Reflection.MemberInfo>, System.Func<System.ValueTuple<System.String, System.Type, System.Reflection.MemberInfo>, System.Action<System.Object, System.Collections.Generic.List<CommonApiMessage.AggregatesModel.SubOrderMessage.SubOrderMessageItemPromotionsViewModel>>>, System.Text.Json.Serialization.Metadata.ReflectionEmitCachingMemberAccessor+Cache<System.ValueTuple<System.String, System.Type, System.Reflection.MemberInfo>>+CacheEntry>
7ffcd42fb808      1         64 System.Func<System.ValueTuple<System.String, System.Type, System.Reflection.MemberInfo>, System.Func<System.ValueTuple<System.String, System.Type, System.Reflection.MemberInfo>, System.Func<System.Object, System.Nullable<System.Decimal>>>, System.Text.Json.Serialization.Metadata.ReflectionEmitCachingMemberAccessor+Cache<System.ValueTuple<System.String, System.Type, System.Reflection.MemberInfo>>+CacheEntry>
7ffcd42fbfb0      1         64 System.Func<System.ValueTuple<System.String, System.Type, System.Reflection.MemberInfo>, System.Func<System.ValueTuple<System.String, System.Type, System.Reflection.MemberInfo>, System.Action<System.Object, System.Nullable<System.Decimal>>>, System.Text.Json.Serialization.Metadata.ReflectionEmitCachingMemberAccessor+Cache<System.ValueTuple<System.String, System.Type, System.Reflection.MemberInfo>>+CacheEntry>
7ffcd42ff400      1         64 System.Func<System.ValueTuple<System.String, System.Type, System.Reflection.MemberInfo>, System.Func<System.ValueTuple<System.String, System.Type, System.Reflection.MemberInfo>, System.Func<System.Object, System.Nullable<System.DateTime>>>, System.Text.Json.Serialization.Metadata.ReflectionEmitCachingMemberAccessor+Cache<System.ValueTuple<System.String, System.Type, System.Reflection.MemberInfo>>+CacheEntry>
7ffcd42ffba8      1         64 System.Func<System.ValueTuple<System.String, System.Type, System.Reflection.MemberInfo>, System.Func<System.ValueTuple<System.String, System.Type, System.Reflection.MemberInfo>, System.Action<System.Object, System.Nullable<System.DateTime>>>, System.Text.Json.Serialization.Metadata.ReflectionEmitCachingMemberAccessor+Cache<System.ValueTuple<System.String, System.Type, System.Reflection.MemberInfo>>+CacheEntry>
7ffcd4300aa0      1         64 System.Func<System.ValueTuple<System.String, System.Type, System.Reflection.MemberInfo>, System.Func<System.ValueTuple<System.String, System.Type, System.Reflection.MemberInfo>, System.Func<System.Object, System.Collections.Generic.List<CommonApiMessage.AggregatesModel.SubOrderMessage.SubOrderMessageItemDeliveryWindowViewModel>>>, System.Text.Json.Serialization.Metadata.ReflectionEmitCachingMemberAccessor+Cache<System.ValueTuple<System.String, System.Type, System.Reflection.MemberInfo>>+CacheEntry>
7ffcd4301298      1         64 System.Func<System.ValueTuple<System.String, System.Type, System.Reflection.MemberInfo>, System.Func<System.ValueTuple<System.String, System.Type, System.Reflection.MemberInfo>, System.Action<System.Object, System.Collections.Generic.List<CommonApiMessage.AggregatesModel.SubOrderMessage.SubOrderMessageItemDeliveryWindowViewModel>>>, System.Text.Json.Serialization.Metadata.ReflectionEmitCachingMemberAccessor+Cache<System.ValueTuple<System.String, System.Type, System.Reflection.MemberInfo>>+CacheEntry>
7ffcd4303870      1         64 System.Func<System.ValueTuple<System.String, System.Type, System.Reflection.MemberInfo>, System.Func<System.ValueTuple<System.String, System.Type, System.Reflection.MemberInfo>, System.Func<System.Object, System.Collections.Generic.List<CommonApiMessage.AggregatesModel.SubOrderMessage.SubOrderMessageItemFulFillmentServiceTypeViewModel>>>, System.Text.Json.Serialization.Metadata.ReflectionEmitCachingMemberAccessor+Cache<System.ValueTuple<System.String, System.Type, System.Reflection.MemberInfo>>+CacheEntry>
7ffcd4304068      1         64 System.Func<System.ValueTuple<System.String, System.Type, System.Reflection.MemberInfo>, System.Func<System.ValueTuple<System.String, System.Type, System.Reflection.MemberInfo>, System.Action<System.Object, System.Collections.Generic.List<CommonApiMessage.AggregatesModel.SubOrderMessage.SubOrderMessageItemFulFillmentServiceTypeViewModel>>>, System.Text.Json.Serialization.Metadata.ReflectionEmitCachingMemberAccessor+Cache<System.ValueTuple<System.String, System.Type, System.Reflection.MemberInfo>>+CacheEntry>
7ffcd430c1a0      1         64 System.Func<System.ValueTuple<System.String, System.Type, System.Reflection.MemberInfo>, System.Func<System.ValueTuple<System.String, System.Type, System.Reflection.MemberInfo>, System.Func<System.Object, CommonApiMessage.AggregatesModel.SubOrderMessage.SubOrderMessageItemAmountDetailViewModel>>, System.Text.Json.Serialization.Metadata.ReflectionEmitCachingMemberAccessor+Cache<System.ValueTuple<System.String, System.Type, System.Reflection.MemberInfo>>+CacheEntry>
7ffcd430c998      1         64 System.Func<System.ValueTuple<System.String, System.Type, System.Reflection.MemberInfo>, System.Func<System.ValueTuple<System.String, System.Type, System.Reflection.MemberInfo>, System.Action<System.Object, CommonApiMessage.AggregatesModel.SubOrderMessage.SubOrderMessageItemAmountDetailViewModel>>, System.Text.Json.Serialization.Metadata.ReflectionEmitCachingMemberAccessor+Cache<System.ValueTuple<System.String, System.Type, System.Reflection.MemberInfo>>+CacheEntry>
7ffcd430dbf0      1         64 System.Func<System.ValueTuple<System.String, System.Type, System.Reflection.MemberInfo>, System.Func<System.ValueTuple<System.String, System.Type, System.Reflection.MemberInfo>, System.Func<System.Object, System.Collections.Generic.List<CommonApiMessage.AggregatesModel.SubOrderMessage.SubOrderMessageItemTaxViewModel>>>, System.Text.Json.Serialization.Metadata.ReflectionEmitCachingMemberAccessor+Cache<System.ValueTuple<System.String, System.Type, System.Reflection.MemberInfo>>+CacheEntry>
7ffcd430e3e8      1         64 System.Func<System.ValueTuple<System.String, System.Type, System.Reflection.MemberInfo>, System.Func<System.ValueTuple<System.String, System.Type, System.Reflection.MemberInfo>, System.Action<System.Object, System.Collections.Generic.List<CommonApiMessage.AggregatesModel.SubOrderMessage.SubOrderMessageItemTaxViewModel>>>, System.Text.Json.Serialization.Metadata.ReflectionEmitCachingMemberAccessor+Cache<System.ValueTuple<System.String, System.Type, System.Reflection.MemberInfo>>+CacheEntry>
7ffcd4318e80      1         64 System.Func<System.ValueTuple<System.String, System.Type, System.Reflection.MemberInfo>, System.Func<System.ValueTuple<System.String, System.Type, System.Reflection.MemberInfo>, System.Func<System.Object, System.Collections.Generic.List<CommonApiMessage.AggregatesModel.OrderMessage.OrderMessagePaymentTransactionViewModel>>>, System.Text.Json.Serialization.Metadata.ReflectionEmitCachingMemberAccessor+Cache<System.ValueTuple<System.String, System.Type, System.Reflection.MemberInfo>>+CacheEntry>
7ffcd4319678      1         64 System.Func<System.ValueTuple<System.String, System.Type, System.Reflection.MemberInfo>, System.Func<System.ValueTuple<System.String, System.Type, System.Reflection.MemberInfo>, System.Action<System.Object, System.Collections.Generic.List<CommonApiMessage.AggregatesModel.OrderMessage.OrderMessagePaymentTransactionViewModel>>>, System.Text.Json.Serialization.Metadata.ReflectionEmitCachingMemberAccessor+Cache<System.ValueTuple<System.String, System.Type, System.Reflection.MemberInfo>>+CacheEntry>
7ffcd43252e0      1         64 System.Func<System.ValueTuple<System.String, System.Type, System.Reflection.MemberInfo>, System.Func<System.ValueTuple<System.String, System.Type, System.Reflection.MemberInfo>, System.Func<System.Object, CommonApiMessage.AggregatesModel.OrderMessage.OrderMessageItemFulFillmentViewModel>>, System.Text.Json.Serialization.Metadata.ReflectionEmitCachingMemberAccessor+Cache<System.ValueTuple<System.String, System.Type, System.Reflection.MemberInfo>>+CacheEntry>
7ffcd4325ad8      1         64 System.Func<System.ValueTuple<System.String, System.Type, System.Reflection.MemberInfo>, System.Func<System.ValueTuple<System.String, System.Type, System.Reflection.MemberInfo>, System.Action<System.Object, CommonApiMessage.AggregatesModel.OrderMessage.OrderMessageItemFulFillmentViewModel>>, System.Text.Json.Serialization.Metadata.ReflectionEmitCachingMemberAccessor+Cache<System.ValueTuple<System.String, System.Type, System.Reflection.MemberInfo>>+CacheEntry>
7ffcd4326498      1         64 System.Func<System.ValueTuple<System.String, System.Type, System.Reflection.MemberInfo>, System.Func<System.ValueTuple<System.String, System.Type, System.Reflection.MemberInfo>, System.Func<System.Object, System.Collections.Generic.List<CommonApiMessage.AggregatesModel.OrderMessage.OrderMessageItemRemarkViewModel>>>, System.Text.Json.Serialization.Metadata.ReflectionEmitCachingMemberAccessor+Cache<System.ValueTuple<System.String, System.Type, System.Reflection.MemberInfo>>+CacheEntry>
7ffcd4326c90      1         64 System.Func<System.ValueTuple<System.String, System.Type, System.Reflection.MemberInfo>, System.Func<System.ValueTuple<System.String, System.Type, System.Reflection.MemberInfo>, System.Action<System.Object, System.Collections.Generic.List<CommonApiMessage.AggregatesModel.OrderMessage.OrderMessageItemRemarkViewModel>>>, System.Text.Json.Serialization.Metadata.ReflectionEmitCachingMemberAccessor+Cache<System.ValueTuple<System.String, System.Type, System.Reflection.MemberInfo>>+CacheEntry>
7ffcd4327650      1         64 System.Func<System.ValueTuple<System.String, System.Type, System.Reflection.MemberInfo>, System.Func<System.ValueTuple<System.String, System.Type, System.Reflection.MemberInfo>, System.Func<System.Object, CommonApiMessage.AggregatesModel.OrderMessage.OrderMessageItemAmountViewModel>>, System.Text.Json.Serialization.Metadata.ReflectionEmitCachingMemberAccessor+Cache<System.ValueTuple<System.String, System.Type, System.Reflection.MemberInfo>>+CacheEntry>
7ffcd4327e48      1         64 System.Func<System.ValueTuple<System.String, System.Type, System.Reflection.MemberInfo>, System.Func<System.ValueTuple<System.String, System.Type, System.Reflection.MemberInfo>, System.Action<System.Object, CommonApiMessage.AggregatesModel.OrderMessage.OrderMessageItemAmountViewModel>>, System.Text.Json.Serialization.Metadata.ReflectionEmitCachingMemberAccessor+Cache<System.ValueTuple<System.String, System.Type, System.Reflection.MemberInfo>>+CacheEntry>
7ffcd4328808      1         64 System.Func<System.ValueTuple<System.String, System.Type, System.Reflection.MemberInfo>, System.Func<System.ValueTuple<System.String, System.Type, System.Reflection.MemberInfo>, System.Func<System.Object, System.Collections.Generic.List<CommonApiMessage.AggregatesModel.OrderMessage.OrderMessageItemPaymentViewModel>>>, System.Text.Json.Serialization.Metadata.ReflectionEmitCachingMemberAccessor+Cache<System.ValueTuple<System.String, System.Type, System.Reflection.MemberInfo>>+CacheEntry>
7ffcd4329000      1         64 System.Func<System.ValueTuple<System.String, System.Type, System.Reflection.MemberInfo>, System.Func<System.ValueTuple<System.String, System.Type, System.Reflection.MemberInfo>, System.Action<System.Object, System.Collections.Generic.List<CommonApiMessage.AggregatesModel.OrderMessage.OrderMessageItemPaymentViewModel>>>, System.Text.Json.Serialization.Metadata.ReflectionEmitCachingMemberAccessor+Cache<System.ValueTuple<System.String, System.Type, System.Reflection.MemberInfo>>+CacheEntry>
7ffcd43299c0      1         64 System.Func<System.ValueTuple<System.String, System.Type, System.Reflection.MemberInfo>, System.Func<System.ValueTuple<System.String, System.Type, System.Reflection.MemberInfo>, System.Func<System.Object, System.Collections.Generic.List<CommonApiMessage.AggregatesModel.OrderMessage.OrderMessageSubBarcodeViewModel>>>, System.Text.Json.Serialization.Metadata.ReflectionEmitCachingMemberAccessor+Cache<System.ValueTuple<System.String, System.Type, System.Reflection.MemberInfo>>+CacheEntry>
7ffcd432a1b8      1         64 System.Func<System.ValueTuple<System.String, System.Type, System.Reflection.MemberInfo>, System.Func<System.ValueTuple<System.String, System.Type, System.Reflection.MemberInfo>, System.Action<System.Object, System.Collections.Generic.List<CommonApiMessage.AggregatesModel.OrderMessage.OrderMessageSubBarcodeViewModel>>>, System.Text.Json.Serialization.Metadata.ReflectionEmitCachingMemberAccessor+Cache<System.ValueTuple<System.String, System.Type, System.Reflection.MemberInfo>>+CacheEntry>
7ffcd432ab78      1         64 System.Func<System.ValueTuple<System.String, System.Type, System.Reflection.MemberInfo>, System.Func<System.ValueTuple<System.String, System.Type, System.Reflection.MemberInfo>, System.Func<System.Object, CommonApiMessage.AggregatesModel.OrderMessage.OrderMessageItemPromotionViewModel>>, System.Text.Json.Serialization.Metadata.ReflectionEmitCachingMemberAccessor+Cache<System.ValueTuple<System.String, System.Type, System.Reflection.MemberInfo>>+CacheEntry>
7ffcd432b370      1         64 System.Func<System.ValueTuple<System.String, System.Type, System.Reflection.MemberInfo>, System.Func<System.ValueTuple<System.String, System.Type, System.Reflection.MemberInfo>, System.Action<System.Object, CommonApiMessage.AggregatesModel.OrderMessage.OrderMessageItemPromotionViewModel>>, System.Text.Json.Serialization.Metadata.ReflectionEmitCachingMemberAccessor+Cache<System.ValueTuple<System.String, System.Type, System.Reflection.MemberInfo>>+CacheEntry>
7ffcd432bd30      1         64 System.Func<System.ValueTuple<System.String, System.Type, System.Reflection.MemberInfo>, System.Func<System.ValueTuple<System.String, System.Type, System.Reflection.MemberInfo>, System.Func<System.Object, System.Collections.Generic.List<CommonApiMessage.AggregatesModel.OrderMessage.OrderMessageItemPromotionsViewModel>>>, System.Text.Json.Serialization.Metadata.ReflectionEmitCachingMemberAccessor+Cache<System.ValueTuple<System.String, System.Type, System.Reflection.MemberInfo>>+CacheEntry>
7ffcd432c528      1         64 System.Func<System.ValueTuple<System.String, System.Type, System.Reflection.MemberInfo>, System.Func<System.ValueTuple<System.String, System.Type, System.Reflection.MemberInfo>, System.Action<System.Object, System.Collections.Generic.List<CommonApiMessage.AggregatesModel.OrderMessage.OrderMessageItemPromotionsViewModel>>>, System.Text.Json.Serialization.Metadata.ReflectionEmitCachingMemberAccessor+Cache<System.ValueTuple<System.String, System.Type, System.Reflection.MemberInfo>>+CacheEntry>
7ffcd432f398      1         64 System.Func<System.ValueTuple<System.String, System.Type, System.Reflection.MemberInfo>, System.Func<System.ValueTuple<System.String, System.Type, System.Reflection.MemberInfo>, System.Func<System.Object, System.Collections.Generic.List<CommonApiMessage.AggregatesModel.OrderMessage.OrderMessageItemDeliveryWindowViewModel>>>, System.Text.Json.Serialization.Metadata.ReflectionEmitCachingMemberAccessor+Cache<System.ValueTuple<System.String, System.Type, System.Reflection.MemberInfo>>+CacheEntry>
7ffcd432fb90      1         64 System.Func<System.ValueTuple<System.String, System.Type, System.Reflection.MemberInfo>, System.Func<System.ValueTuple<System.String, System.Type, System.Reflection.MemberInfo>, System.Action<System.Object, System.Collections.Generic.List<CommonApiMessage.AggregatesModel.OrderMessage.OrderMessageItemDeliveryWindowViewModel>>>, System.Text.Json.Serialization.Metadata.ReflectionEmitCachingMemberAccessor+Cache<System.ValueTuple<System.String, System.Type, System.Reflection.MemberInfo>>+CacheEntry>
7ffcd43322c8      1         64 System.Func<System.ValueTuple<System.String, System.Type, System.Reflection.MemberInfo>, System.Func<System.ValueTuple<System.String, System.Type, System.Reflection.MemberInfo>, System.Func<System.Object, System.Collections.Generic.List<CommonApiMessage.AggregatesModel.OrderMessage.OrderMessageItemFulFillmentServiceTypeViewModel>>>, System.Text.Json.Serialization.Metadata.ReflectionEmitCachingMemberAccessor+Cache<System.ValueTuple<System.String, System.Type, System.Reflection.MemberInfo>>+CacheEntry>
7ffcd4332ac0      1         64 System.Func<System.ValueTuple<System.String, System.Type, System.Reflection.MemberInfo>, System.Func<System.ValueTuple<System.String, System.Type, System.Reflection.MemberInfo>, System.Action<System.Object, System.Collections.Generic.List<CommonApiMessage.AggregatesModel.OrderMessage.OrderMessageItemFulFillmentServiceTypeViewModel>>>, System.Text.Json.Serialization.Metadata.ReflectionEmitCachingMemberAccessor+Cache<System.ValueTuple<System.String, System.Type, System.Reflection.MemberInfo>>+CacheEntry>
7ffcd43378d0      1         64 System.Func<System.ValueTuple<System.String, System.Type, System.Reflection.MemberInfo>, System.Func<System.ValueTuple<System.String, System.Type, System.Reflection.MemberInfo>, System.Func<System.Object, CommonApiMessage.AggregatesModel.OrderMessage.OrderMessageItemAmountDetailViewModel>>, System.Text.Json.Serialization.Metadata.ReflectionEmitCachingMemberAccessor+Cache<System.ValueTuple<System.String, System.Type, System.Reflection.MemberInfo>>+CacheEntry>
7ffcd43380c8      1         64 System.Func<System.ValueTuple<System.String, System.Type, System.Reflection.MemberInfo>, System.Func<System.ValueTuple<System.String, System.Type, System.Reflection.MemberInfo>, System.Action<System.Object, CommonApiMessage.AggregatesModel.OrderMessage.OrderMessageItemAmountDetailViewModel>>, System.Text.Json.Serialization.Metadata.ReflectionEmitCachingMemberAccessor+Cache<System.ValueTuple<System.String, System.Type, System.Reflection.MemberInfo>>+CacheEntry>
7ffcd433af38      1         64 System.Func<System.ValueTuple<System.String, System.Type, System.Reflection.MemberInfo>, System.Func<System.ValueTuple<System.String, System.Type, System.Reflection.MemberInfo>, System.Func<System.Object, System.Collections.Generic.List<CommonApiMessage.AggregatesModel.OrderMessage.OrderMessageItemTaxViewModel>>>, System.Text.Json.Serialization.Metadata.ReflectionEmitCachingMemberAccessor+Cache<System.ValueTuple<System.String, System.Type, System.Reflection.MemberInfo>>+CacheEntry>
7ffcd433b730      1         64 System.Func<System.ValueTuple<System.String, System.Type, System.Reflection.MemberInfo>, System.Func<System.ValueTuple<System.String, System.Type, System.Reflection.MemberInfo>, System.Action<System.Object, System.Collections.Generic.List<CommonApiMessage.AggregatesModel.OrderMessage.OrderMessageItemTaxViewModel>>>, System.Text.Json.Serialization.Metadata.ReflectionEmitCachingMemberAccessor+Cache<System.ValueTuple<System.String, System.Type, System.Reflection.MemberInfo>>+CacheEntry>
7ffcd4344a98      1         64 System.Func<System.ValueTuple<System.String, System.Type, System.Reflection.MemberInfo>, System.Func<System.ValueTuple<System.String, System.Type, System.Reflection.MemberInfo>, System.Func<System.Object, CommonApiMessage.AggregatesModel.OrderMessage.OrderMessagePromotionAmountViewModel>>, System.Text.Json.Serialization.Metadata.ReflectionEmitCachingMemberAccessor+Cache<System.ValueTuple<System.String, System.Type, System.Reflection.MemberInfo>>+CacheEntry>
7ffcd4345290      1         64 System.Func<System.ValueTuple<System.String, System.Type, System.Reflection.MemberInfo>, System.Func<System.ValueTuple<System.String, System.Type, System.Reflection.MemberInfo>, System.Action<System.Object, CommonApiMessage.AggregatesModel.OrderMessage.OrderMessagePromotionAmountViewModel>>, System.Text.Json.Serialization.Metadata.ReflectionEmitCachingMemberAccessor+Cache<System.ValueTuple<System.String, System.Type, System.Reflection.MemberInfo>>+CacheEntry>
7ffcd43494e8      1         64 System.Func<System.ValueTuple<System.String, System.Type, System.Reflection.MemberInfo>, System.Func<System.ValueTuple<System.String, System.Type, System.Reflection.MemberInfo>, System.Func<System.Object, CommonApiMessage.AggregatesModel.SubOrderMessage.SubOrderMessagePromotionAmountViewModel>>, System.Text.Json.Serialization.Metadata.ReflectionEmitCachingMemberAccessor+Cache<System.ValueTuple<System.String, System.Type, System.Reflection.MemberInfo>>+CacheEntry>
7ffcd4349ce0      1         64 System.Func<System.ValueTuple<System.String, System.Type, System.Reflection.MemberInfo>, System.Func<System.ValueTuple<System.String, System.Type, System.Reflection.MemberInfo>, System.Action<System.Object, CommonApiMessage.AggregatesModel.SubOrderMessage.SubOrderMessagePromotionAmountViewModel>>, System.Text.Json.Serialization.Metadata.ReflectionEmitCachingMemberAccessor+Cache<System.ValueTuple<System.String, System.Type, System.Reflection.MemberInfo>>+CacheEntry>
7ffcd434df38      1         64 System.Func<System.ValueTuple<System.String, System.Type, System.Reflection.MemberInfo>, System.Func<System.ValueTuple<System.String, System.Type, System.Reflection.MemberInfo>, System.Func<System.Object, CommonApiMessage.AggregatesModel.SubOrderMessage.SubOrderMessageFeeAmountViewModel>>, System.Text.Json.Serialization.Metadata.ReflectionEmitCachingMemberAccessor+Cache<System.ValueTuple<System.String, System.Type, System.Reflection.MemberInfo>>+CacheEntry>
7ffcd434e730      1         64 System.Func<System.ValueTuple<System.String, System.Type, System.Reflection.MemberInfo>, System.Func<System.ValueTuple<System.String, System.Type, System.Reflection.MemberInfo>, System.Action<System.Object, CommonApiMessage.AggregatesModel.SubOrderMessage.SubOrderMessageFeeAmountViewModel>>, System.Text.Json.Serialization.Metadata.ReflectionEmitCachingMemberAccessor+Cache<System.ValueTuple<System.String, System.Type, System.Reflection.MemberInfo>>+CacheEntry>
7ffcd434f0f0      1         64 System.Func<System.ValueTuple<System.String, System.Type, System.Reflection.MemberInfo>, System.Func<System.ValueTuple<System.String, System.Type, System.Reflection.MemberInfo>, System.Func<System.Object, System.Collections.Generic.ICollection<CommonApiMessage.AggregatesModel.SubOrderMessage.SubOrderMessageFeePaymentViewModel>>>, System.Text.Json.Serialization.Metadata.ReflectionEmitCachingMemberAccessor+Cache<System.ValueTuple<System.String, System.Type, System.Reflection.MemberInfo>>+CacheEntry>
7ffcd434f8e8      1         64 System.Func<System.ValueTuple<System.String, System.Type, System.Reflection.MemberInfo>, System.Func<System.ValueTuple<System.String, System.Type, System.Reflection.MemberInfo>, System.Action<System.Object, System.Collections.Generic.ICollection<CommonApiMessage.AggregatesModel.SubOrderMessage.SubOrderMessageFeePaymentViewModel>>>, System.Text.Json.Serialization.Metadata.ReflectionEmitCachingMemberAccessor+Cache<System.ValueTuple<System.String, System.Type, System.Reflection.MemberInfo>>+CacheEntry>
7ffcd4350c50      1         64 System.Func<System.ValueTuple<System.String, System.Type, System.Reflection.MemberInfo>, System.Func<System.ValueTuple<System.String, System.Type, System.Reflection.MemberInfo>, System.Func<System.Object, CommonApiMessage.AggregatesModel.SubOrderMessage.SubOrderMessageFeeAmountDtlViewModel>>, System.Text.Json.Serialization.Metadata.ReflectionEmitCachingMemberAccessor+Cache<System.ValueTuple<System.String, System.Type, System.Reflection.MemberInfo>>+CacheEntry>
7ffcd4351448      1         64 System.Func<System.ValueTuple<System.String, System.Type, System.Reflection.MemberInfo>, System.Func<System.ValueTuple<System.String, System.Type, System.Reflection.MemberInfo>, System.Action<System.Object, CommonApiMessage.AggregatesModel.SubOrderMessage.SubOrderMessageFeeAmountDtlViewModel>>, System.Text.Json.Serialization.Metadata.ReflectionEmitCachingMemberAccessor+Cache<System.ValueTuple<System.String, System.Type, System.Reflection.MemberInfo>>+CacheEntry>
7ffcd43542b8      1         64 System.Func<System.ValueTuple<System.String, System.Type, System.Reflection.MemberInfo>, System.Func<System.ValueTuple<System.String, System.Type, System.Reflection.MemberInfo>, System.Func<System.Object, System.Collections.Generic.ICollection<CommonApiMessage.AggregatesModel.SubOrderMessage.SubOrderMessageFeeTaxViewModel>>>, System.Text.Json.Serialization.Metadata.ReflectionEmitCachingMemberAccessor+Cache<System.ValueTuple<System.String, System.Type, System.Reflection.MemberInfo>>+CacheEntry>
7ffcd4354ab0      1         64 System.Func<System.ValueTuple<System.String, System.Type, System.Reflection.MemberInfo>, System.Func<System.ValueTuple<System.String, System.Type, System.Reflection.MemberInfo>, System.Action<System.Object, System.Collections.Generic.ICollection<CommonApiMessage.AggregatesModel.SubOrderMessage.SubOrderMessageFeeTaxViewModel>>>, System.Text.Json.Serialization.Metadata.ReflectionEmitCachingMemberAccessor+Cache<System.ValueTuple<System.String, System.Type, System.Reflection.MemberInfo>>+CacheEntry>
7ffcd12d14d8      1         64 System.Func<System.IO.Stream, System.Text.Encoding, System.IO.TextWriter>
7ffcd43880f8      2         64 Microsoft.Net.Http.Headers.GenericHeaderParser<Microsoft.Net.Http.Headers.StringWithQualityHeaderValue>
7ffcd43899b8      1         64 System.Buffers.SpanFunc<System.Char, System.String, System.Globalization.CalendarId, System.Globalization.CalendarDataType, Interop+Globalization+ResultCode>
7ffcd38f44e0      1         64 System.Func<System.Func<Microsoft.EntityFrameworkCore.Metadata.IRelationalModel>, Microsoft.EntityFrameworkCore.Metadata.IRelationalModel>
7ffcd38f5c60      1         64 System.Func<System.String, System.ValueTuple<System.Func<System.Func<Microsoft.EntityFrameworkCore.Metadata.IRelationalModel>, Microsoft.EntityFrameworkCore.Metadata.IRelationalModel>, System.Func<Microsoft.EntityFrameworkCore.Metadata.IRelationalModel>, Microsoft.EntityFrameworkCore.Infrastructure.RuntimeAnnotatableBase>, Microsoft.EntityFrameworkCore.Infrastructure.Annotation>
7ffcd3898f38      1         64 System.Func<Microsoft.EntityFrameworkCore.Metadata.RuntimeEntityType, System.String>
7ffcd390db18      1         64 System.Func<Microsoft.EntityFrameworkCore.Metadata.RuntimeEntityType, Microsoft.EntityFrameworkCore.Metadata.RuntimeEntityType>
7ffcd2770a20      1         64 System.Func<System.Int32, System.Boolean>
7ffcd393e940      1         64 System.Func<System.Collections.Generic.KeyValuePair<System.ValueTuple<System.String, System.String>, Microsoft.EntityFrameworkCore.Metadata.Internal.Table>, System.ValueTuple<System.String, System.String>>
7ffcd393ec88      1         64 System.Func<System.Collections.Generic.KeyValuePair<System.ValueTuple<System.String, System.String>, Microsoft.EntityFrameworkCore.Metadata.Internal.Table>, Microsoft.EntityFrameworkCore.Metadata.Internal.Table>
7ffcd3944580      1         64 System.Func<System.Collections.Generic.KeyValuePair<System.ValueTuple<System.String, System.String>, Microsoft.EntityFrameworkCore.Metadata.Internal.Table>, System.Collections.Generic.KeyValuePair<System.ValueTuple<System.String, System.String>, Microsoft.EntityFrameworkCore.Metadata.Internal.Table>>
7ffcd39a7428      1         64 System.Func<System.Collections.Generic.KeyValuePair<System.ValueTuple<System.String, System.String>, Microsoft.EntityFrameworkCore.Metadata.Internal.View>, System.ValueTuple<System.String, System.String>>
7ffcd39a75a8      1         64 System.Func<System.Collections.Generic.KeyValuePair<System.ValueTuple<System.String, System.String>, Microsoft.EntityFrameworkCore.Metadata.Internal.View>, Microsoft.EntityFrameworkCore.Metadata.Internal.View>
7ffcd39a86d0      1         64 System.Func<System.Collections.Generic.KeyValuePair<System.String, Microsoft.EntityFrameworkCore.Metadata.Internal.SqlQuery>, System.String>
7ffcd39a8850      1         64 System.Func<System.Collections.Generic.KeyValuePair<System.String, Microsoft.EntityFrameworkCore.Metadata.Internal.SqlQuery>, Microsoft.EntityFrameworkCore.Metadata.Internal.SqlQuery>
7ffcd39a9a28      1         64 System.Func<System.Collections.Generic.KeyValuePair<System.ValueTuple<System.String, System.String, System.Collections.Generic.IReadOnlyList<System.String>>, Microsoft.EntityFrameworkCore.Metadata.Internal.StoreFunction>, System.ValueTuple<System.String, System.String, System.Collections.Generic.IReadOnlyList<System.String>>>
7ffcd39a9ef0      1         64 System.Func<System.Collections.Generic.KeyValuePair<System.ValueTuple<System.String, System.String, System.Collections.Generic.IReadOnlyList<System.String>>, Microsoft.EntityFrameworkCore.Metadata.Internal.StoreFunction>, Microsoft.EntityFrameworkCore.Metadata.Internal.StoreFunction>
7ffcd39afa18      1         64 System.Func<System.Collections.Generic.KeyValuePair<System.ValueTuple<System.String, System.String>, Microsoft.EntityFrameworkCore.Metadata.Internal.StoreStoredProcedure>, System.ValueTuple<System.String, System.String>>
7ffcd39afb98      1         64 System.Func<System.Collections.Generic.KeyValuePair<System.ValueTuple<System.String, System.String>, Microsoft.EntityFrameworkCore.Metadata.Internal.StoreStoredProcedure>, Microsoft.EntityFrameworkCore.Metadata.Internal.StoreStoredProcedure>
7ffcd38ef1f0      1         64 System.Func<Microsoft.EntityFrameworkCore.Metadata.ISqlQueryMapping, System.Boolean>
7ffcd39b7470      1         64 System.Func<Microsoft.EntityFrameworkCore.Metadata.IFunctionMapping, System.Boolean>
7ffcd39c2958      1         64 System.Func<Microsoft.EntityFrameworkCore.Metadata.Internal.ColumnMappingBase, Microsoft.EntityFrameworkCore.Storage.RelationalTypeMapping>
7ffcd39c73b0      1         64 System.Func<Microsoft.EntityFrameworkCore.Metadata.RuntimeProperty, Microsoft.EntityFrameworkCore.ChangeTracking.ValueComparer>
7ffcd32a5530      1         64 System.Func<Microsoft.EntityFrameworkCore.Metadata.IReadOnlyEntityType, System.Boolean>
7ffcd39e26c0      1         64 System.Func<System.Reflection.MethodInfo>
7ffcd39f4240      1         64 System.Func<Microsoft.EntityFrameworkCore.Query.SqlExpressions.SqlExpression, System.Boolean>
7ffcd39f5b38      1         64 System.Collections.Generic.HashSet<System.Reflection.MethodInfo>
7ffcd2b8c500      1         64 System.Func<System.Type, System.Reflection.MethodInfo>
7ffcd3a73b30      1         64 System.Func<System.Type, System.Reflection.ConstructorInfo>
7ffcd3824768      1         64 System.Func<Microsoft.EntityFrameworkCore.Query.QueryContext, System.Collections.Generic.IEnumerable<<>f__AnonymousType11<System.String, System.String>>>
7ffcd3a91458      1         64 System.Func<Microsoft.EntityFrameworkCore.DbContext, Microsoft.EntityFrameworkCore.Query.Internal.SingleQueryingEnumerable<<>f__AnonymousType11<System.String, System.String>>+Enumerator, System.Boolean>
7ffcd3a9f338      1         64 System.Func<Microsoft.EntityFrameworkCore.Query.SqlExpressions.SqlParameterExpression, Microsoft.EntityFrameworkCore.Query.SqlExpressions.SqlParameterExpression, System.Boolean>
7ffcd3a9f430      1         64 System.Func<Microsoft.EntityFrameworkCore.Query.SqlExpressions.SqlParameterExpression, System.Int32>
7ffcd3a9f888      1         64 System.Func<Microsoft.EntityFrameworkCore.Query.QueryParameterExpression, Microsoft.EntityFrameworkCore.Query.QueryParameterExpression, System.Boolean>
7ffcd3a9f980      1         64 System.Func<Microsoft.EntityFrameworkCore.Query.QueryParameterExpression, System.Int32>
7ffcd3af2230      1         64 System.Action<System.Threading.Tasks.Task<System.Object>, System.Object>
7ffcd09c0d08      2         64 System.CultureAwareComparer
7ffcd3b11090      1         64 System.Func<Microsoft.Extensions.Logging.LogLevel, System.Action<Microsoft.Extensions.Logging.ILogger, System.Int32, System.Exception>>
7ffcd3b10f98      1         64 System.Action<Microsoft.Extensions.Logging.ILogger, System.Int32, System.Exception>
7ffcd3d90ad8      1         64 System.Configuration.ClientConfigurationSystem
7ffcd3d95300      1         64 System.Configuration.Internal.InternalConfigEventHandler
7ffcd3dc90d8      1         64 System.Collections.Concurrent.ConcurrentDictionary<System.ValueTuple<System.String, Interop+BCrypt+BCryptOpenAlgorithmProviderFlags>, System.ValueTuple<Microsoft.Win32.SafeHandles.SafeBCryptAlgorithmHandle, System.Int32>>+Node
7ffcd3dcd650      1         64 System.Predicate<System.Exception>
7ffcd27c9190      1         64 System.Threading.WaitCallback
7ffcd3df0318      1         64 Microsoft.Data.SqlClient.SNILoadHandle
7ffcd3eb6b80      1         64 System.Func<Microsoft.Extensions.Logging.LogLevel, System.Action<Microsoft.Extensions.Logging.ILogger, System.String, System.Data.CommandType, System.Int32, System.String, System.String, System.Exception>>
7ffcd3eb6a68      1         64 System.Action<Microsoft.Extensions.Logging.ILogger, System.String, System.Data.CommandType, System.Int32, System.String, System.String, System.Exception>
7ffcd3eda930      1         64 System.Func<Microsoft.Extensions.Logging.LogLevel, System.Action<Microsoft.Extensions.Logging.ILogger, System.String, System.String, System.Data.CommandType, System.Int32, System.String, System.String, System.Exception>>
7ffcd3eda810      1         64 System.Action<Microsoft.Extensions.Logging.ILogger, System.String, System.String, System.Data.CommandType, System.Int32, System.String, System.String, System.Exception>
7ffcd3ede958      1         64 System.Func<Microsoft.EntityFrameworkCore.Storage.ReaderColumn, System.Boolean>
7ffcd2e62d68      1         64 System.Func<<>f__AnonymousType11<System.String, System.String>, System.String>
7ffcd3efc9f0      1         64 System.Func<Microsoft.EntityFrameworkCore.Internal.InternalDbSet<Order.Infrastructure.Entities.OrderReference.OrderReferenceModel>, Microsoft.EntityFrameworkCore.Query.Internal.EntityQueryable<Order.Infrastructure.Entities.OrderReference.OrderReferenceModel>>
7ffcd3f38340      1         64 System.Func<Microsoft.EntityFrameworkCore.Metadata.IEntityType, System.Collections.Generic.IEnumerable<Microsoft.EntityFrameworkCore.Metadata.IComplexProperty>>
7ffcd39ca220      1         64 System.Func<System.Linq.Expressions.BinaryExpression, System.Linq.Expressions.BinaryExpression, System.Linq.Expressions.BinaryExpression>
7ffcd3f3a680      1         64 System.Action<Microsoft.EntityFrameworkCore.Metadata.RuntimePropertyBase>
7ffcd3f3aa60      1         64 System.Func<Microsoft.EntityFrameworkCore.Metadata.RuntimeEntityType, Microsoft.EntityFrameworkCore.Metadata.Internal.PropertyCounts>
7ffcd3f45c98      1         64 System.Action<Microsoft.EntityFrameworkCore.Metadata.RuntimeEntityType>
7ffcd3f44550      1         64 System.Func<Microsoft.EntityFrameworkCore.Metadata.IComplexProperty, System.Boolean>
7ffcd3f61df0      1         64 System.Func<Microsoft.EntityFrameworkCore.DbContext, Microsoft.EntityFrameworkCore.Query.Internal.SingleQueryingEnumerable<Order.Infrastructure.Entities.OrderReference.OrderReferenceModel>+Enumerator, System.Boolean>
7ffcd3f6b608      1         64 System.Func<Microsoft.Data.SqlClient.SqlDataReader, System.Boolean>
7ffcd2e632e0      1         64 System.Func<Order.Infrastructure.Entities.OrderReference.OrderReferenceModel, System.String>
7ffcd2e634f8      1         64 System.Func<System.Linq.IGrouping<System.String, Order.Infrastructure.Entities.OrderReference.OrderReferenceModel>, System.String>
7ffcd2e635e8      1         64 System.Func<System.Linq.IGrouping<System.String, Order.Infrastructure.Entities.OrderReference.OrderReferenceModel>, Order.Infrastructure.Entities.OrderReference.OrderReferenceModel>
7ffcd29f8398      2         64 System.Linq.Expressions.Expression1<System.Func<Order.Infrastructure.Entities.SubOrderModels.SubOrderFeeModel, Order.Infrastructure.Entities.SubOrderModels.SubOrderFeeAmountModel>>
7ffcd3f921a8      2         64 System.Linq.Expressions.Expression1<System.Func<Order.Infrastructure.Entities.SubOrderModels.SubOrderFeeAmountModel, Order.Infrastructure.Entities.SubOrderModels.SubOrderFeeAmountDtlModel>>
7ffcd3f92578      2         64 System.Linq.Expressions.Expression1<System.Func<Order.Infrastructure.Entities.SubOrderModels.SubOrderFeeAmountDtlModel, System.Collections.Generic.ICollection<Order.Infrastructure.Entities.SubOrderModels.SubOrderFeeTaxModel>>>
7ffcd2e643a0      1         64 System.Func<Order.Infrastructure.OrderContext, System.String[], System.String[], System.Collections.Generic.IEnumerable<Order.Infrastructure.Entities.SubOrderModels.SubOrderModel>>
7ffcd3f965a0      1         64 System.Func<Microsoft.EntityFrameworkCore.Query.Internal.CompiledQueryBase<Order.Infrastructure.OrderContext, System.Collections.Generic.IEnumerable<Order.Infrastructure.Entities.SubOrderModels.SubOrderModel>>, Order.Infrastructure.OrderContext, System.Linq.Expressions.LambdaExpression, Microsoft.EntityFrameworkCore.Query.Internal.CompiledQueryBase<Order.Infrastructure.OrderContext, System.Collections.Generic.IEnumerable<Order.Infrastructure.Entities.SubOrderModels.SubOrderModel>>+ExecutorAndModel>
7ffcd3f9ed58      1         64 System.Func<Order.Infrastructure.OrderContext, Microsoft.EntityFrameworkCore.DbSet<Order.Infrastructure.Entities.SubOrderModels.SubOrderModel>>
7ffcd3f9ef28      1         64 System.Func<System.Linq.IQueryable<Order.Infrastructure.Entities.SubOrderModels.SubOrderModel>, System.Linq.IQueryable<Order.Infrastructure.Entities.SubOrderModels.SubOrderModel>>
7ffcd380ae48      1         64 System.Func<System.Linq.Expressions.Expression, System.Linq.Expressions.Expression>
7ffcd3fcdca8      2         64 Microsoft.EntityFrameworkCore.Storage.Json.JsonCollectionOfReferencesReaderWriter<System.String[], System.String>
7ffcd3fdb6b8      1         64 System.Func<Microsoft.EntityFrameworkCore.Query.SqlExpressions.TableExpressionBase, Microsoft.EntityFrameworkCore.Query.SqlExpressions.TableExpressionBase>
7ffcd3fdbba8      1         64 System.Func<System.ValueTuple<Microsoft.EntityFrameworkCore.Query.SqlExpressions.TableExpressionBase, Microsoft.EntityFrameworkCore.Query.SqlExpressions.TableExpressionBase>, System.Boolean>
7ffcd38bfbf8      1         64 System.Func<System.Linq.Expressions.Expression, System.Boolean>
7ffcd3fd9608      1         64 System.Func<System.Collections.Generic.KeyValuePair<Microsoft.EntityFrameworkCore.Metadata.ITableBase, System.String>, Microsoft.EntityFrameworkCore.Metadata.ITableBase>
7ffcd3ffa4b0      1         64 System.Func<Microsoft.EntityFrameworkCore.Metadata.RuntimeNavigation, Microsoft.EntityFrameworkCore.Metadata.IClrCollectionAccessor>
7ffcd2a7e130      1         64 System.Func<Order.Infrastructure.Entities.SubOrderModels.SubOrderModel, System.Collections.Generic.ICollection<Order.Infrastructure.Entities.SubOrderModels.SubOrderAddressModel>>
7ffcd3fff7b0      1         64 System.Func<Order.Infrastructure.Entities.SubOrderModels.SubOrderModel, System.Action<Order.Infrastructure.Entities.SubOrderModels.SubOrderModel, System.Collections.Generic.ICollection<Order.Infrastructure.Entities.SubOrderModels.SubOrderAddressModel>>, System.Collections.Generic.ICollection<Order.Infrastructure.Entities.SubOrderModels.SubOrderAddressModel>>
7ffcd3fffcd8      1         64 System.Func<System.Collections.Generic.ICollection<Order.Infrastructure.Entities.SubOrderModels.SubOrderAddressModel>>
7ffcd3f6e420      1         64 System.Func<Order.Infrastructure.Entities.SubOrderModels.SubOrderItemAmtDtlModel, System.Collections.Generic.ICollection<Order.Infrastructure.Entities.SubOrderModels.SubOrderItemTaxModel>>
7ffcd401cbe8      1         64 System.Func<Order.Infrastructure.Entities.SubOrderModels.SubOrderItemAmtDtlModel, System.Action<Order.Infrastructure.Entities.SubOrderModels.SubOrderItemAmtDtlModel, System.Collections.Generic.ICollection<Order.Infrastructure.Entities.SubOrderModels.SubOrderItemTaxModel>>, System.Collections.Generic.ICollection<Order.Infrastructure.Entities.SubOrderModels.SubOrderItemTaxModel>>
7ffcd3f6e598      1         64 System.Func<Order.Infrastructure.Entities.SubOrderModels.SubOrderItemFulFillmentModel, System.Collections.Generic.List<Order.Infrastructure.Entities.SubOrderModels.SubOrderItemDeliveryWindowModel>>
7ffcd4036810      1         64 System.Func<Order.Infrastructure.Entities.SubOrderModels.SubOrderItemFulFillmentModel, System.Action<Order.Infrastructure.Entities.SubOrderModels.SubOrderItemFulFillmentModel, System.Collections.Generic.List<Order.Infrastructure.Entities.SubOrderModels.SubOrderItemDeliveryWindowModel>>, System.Collections.Generic.List<Order.Infrastructure.Entities.SubOrderModels.SubOrderItemDeliveryWindowModel>>
7ffcd4036cc0      1         64 System.Func<System.Collections.Generic.List<Order.Infrastructure.Entities.SubOrderModels.SubOrderItemDeliveryWindowModel>>
7ffcd3f6e710      1         64 System.Func<Order.Infrastructure.Entities.SubOrderModels.SubOrderItemModel, System.Collections.Generic.ICollection<Order.Infrastructure.Entities.SubOrderModels.SubOrderItemPromotionsModel>>
7ffcd403b790      1         64 System.Func<Order.Infrastructure.Entities.SubOrderModels.SubOrderItemModel, System.Action<Order.Infrastructure.Entities.SubOrderModels.SubOrderItemModel, System.Collections.Generic.ICollection<Order.Infrastructure.Entities.SubOrderModels.SubOrderItemPromotionsModel>>, System.Collections.Generic.ICollection<Order.Infrastructure.Entities.SubOrderModels.SubOrderItemPromotionsModel>>
7ffcd403bcb8      1         64 System.Func<System.Collections.Generic.ICollection<Order.Infrastructure.Entities.SubOrderModels.SubOrderItemPromotionsModel>>
7ffcd3f6e888      1         64 System.Func<Order.Infrastructure.Entities.SubOrderModels.SubOrderItemPayModel, System.Collections.Generic.ICollection<Order.Infrastructure.Entities.SubOrderModels.SubOrderItemTaxModel>>
7ffcd4041be8      1         64 System.Func<Order.Infrastructure.Entities.SubOrderModels.SubOrderItemPayModel, System.Action<Order.Infrastructure.Entities.SubOrderModels.SubOrderItemPayModel, System.Collections.Generic.ICollection<Order.Infrastructure.Entities.SubOrderModels.SubOrderItemTaxModel>>, System.Collections.Generic.ICollection<Order.Infrastructure.Entities.SubOrderModels.SubOrderItemTaxModel>>
7ffcd29cac58      1         64 System.Func<Order.Infrastructure.Entities.SubOrderModels.SubOrderItemModel, System.Collections.Generic.ICollection<Order.Infrastructure.Entities.SubOrderModels.SubOrderItemPayModel>>
7ffcd4044038      1         64 System.Func<Order.Infrastructure.Entities.SubOrderModels.SubOrderItemModel, System.Action<Order.Infrastructure.Entities.SubOrderModels.SubOrderItemModel, System.Collections.Generic.ICollection<Order.Infrastructure.Entities.SubOrderModels.SubOrderItemPayModel>>, System.Collections.Generic.ICollection<Order.Infrastructure.Entities.SubOrderModels.SubOrderItemPayModel>>
7ffcd4044560      1         64 System.Func<System.Collections.Generic.ICollection<Order.Infrastructure.Entities.SubOrderModels.SubOrderItemPayModel>>
7ffcd29cb100      1         64 System.Func<Order.Infrastructure.Entities.SubOrderModels.SubOrderItemModel, System.Collections.Generic.ICollection<Order.Infrastructure.Entities.SubOrderModels.SubOrderItemRemarkModel>>
7ffcd40483a8      1         64 System.Func<Order.Infrastructure.Entities.SubOrderModels.SubOrderItemModel, System.Action<Order.Infrastructure.Entities.SubOrderModels.SubOrderItemModel, System.Collections.Generic.ICollection<Order.Infrastructure.Entities.SubOrderModels.SubOrderItemRemarkModel>>, System.Collections.Generic.ICollection<Order.Infrastructure.Entities.SubOrderModels.SubOrderItemRemarkModel>>
7ffcd40488d0      1         64 System.Func<System.Collections.Generic.ICollection<Order.Infrastructure.Entities.SubOrderModels.SubOrderItemRemarkModel>>
7ffcd2991100      1         64 System.Func<Order.Infrastructure.Entities.SubOrderModels.SubOrderItemModel, System.Collections.Generic.ICollection<Order.Infrastructure.Entities.SubOrderModels.SubOrderItemBarcodeModel>>
7ffcd404c718      1         64 System.Func<Order.Infrastructure.Entities.SubOrderModels.SubOrderItemModel, System.Action<Order.Infrastructure.Entities.SubOrderModels.SubOrderItemModel, System.Collections.Generic.ICollection<Order.Infrastructure.Entities.SubOrderModels.SubOrderItemBarcodeModel>>, System.Collections.Generic.ICollection<Order.Infrastructure.Entities.SubOrderModels.SubOrderItemBarcodeModel>>
7ffcd404cc40      1         64 System.Func<System.Collections.Generic.ICollection<Order.Infrastructure.Entities.SubOrderModels.SubOrderItemBarcodeModel>>
7ffcd29c68a8      1         64 System.Func<Order.Infrastructure.Entities.SubOrderModels.SubOrderModel, System.Collections.Generic.ICollection<Order.Infrastructure.Entities.SubOrderModels.SubOrderItemModel>>
7ffcd404ede0      1         64 System.Func<Order.Infrastructure.Entities.SubOrderModels.SubOrderModel, System.Action<Order.Infrastructure.Entities.SubOrderModels.SubOrderModel, System.Collections.Generic.ICollection<Order.Infrastructure.Entities.SubOrderModels.SubOrderItemModel>>, System.Collections.Generic.ICollection<Order.Infrastructure.Entities.SubOrderModels.SubOrderItemModel>>
7ffcd404f308      1         64 System.Func<System.Collections.Generic.ICollection<Order.Infrastructure.Entities.SubOrderModels.SubOrderItemModel>>
7ffcd3f6ea00      1         64 System.Func<Order.Infrastructure.Entities.SubOrderModels.SubOrderModel, System.Collections.Generic.ICollection<Order.Infrastructure.Entities.SubOrderModels.SubOrderRemarkModel>>
7ffcd40615b0      1         64 System.Func<Order.Infrastructure.Entities.SubOrderModels.SubOrderModel, System.Action<Order.Infrastructure.Entities.SubOrderModels.SubOrderModel, System.Collections.Generic.ICollection<Order.Infrastructure.Entities.SubOrderModels.SubOrderRemarkModel>>, System.Collections.Generic.ICollection<Order.Infrastructure.Entities.SubOrderModels.SubOrderRemarkModel>>
7ffcd4061ad8      1         64 System.Func<System.Collections.Generic.ICollection<Order.Infrastructure.Entities.SubOrderModels.SubOrderRemarkModel>>
7ffcd3f6eb78      1         64 System.Func<Order.Infrastructure.Entities.SubOrderModels.SubOrderModel, System.Collections.Generic.ICollection<Order.Infrastructure.Entities.SubOrderModels.SubOrderPromotionModel>>
7ffcd4065e00      1         64 System.Func<Order.Infrastructure.Entities.SubOrderModels.SubOrderModel, System.Action<Order.Infrastructure.Entities.SubOrderModels.SubOrderModel, System.Collections.Generic.ICollection<Order.Infrastructure.Entities.SubOrderModels.SubOrderPromotionModel>>, System.Collections.Generic.ICollection<Order.Infrastructure.Entities.SubOrderModels.SubOrderPromotionModel>>
7ffcd4066328      1         64 System.Func<System.Collections.Generic.ICollection<Order.Infrastructure.Entities.SubOrderModels.SubOrderPromotionModel>>
7ffcd3f6efe0      1         64 System.Func<Order.Infrastructure.Entities.SubOrderModels.SubOrderFeeAmountDtlModel, System.Collections.Generic.ICollection<Order.Infrastructure.Entities.SubOrderModels.SubOrderFeeTaxModel>>
7ffcd406be18      1         64 System.Func<Order.Infrastructure.Entities.SubOrderModels.SubOrderFeeAmountDtlModel, System.Action<Order.Infrastructure.Entities.SubOrderModels.SubOrderFeeAmountDtlModel, System.Collections.Generic.ICollection<Order.Infrastructure.Entities.SubOrderModels.SubOrderFeeTaxModel>>, System.Collections.Generic.ICollection<Order.Infrastructure.Entities.SubOrderModels.SubOrderFeeTaxModel>>
7ffcd3f6f158      1         64 System.Func<Order.Infrastructure.Entities.SubOrderModels.SubOrderFeePaymentModel, System.Collections.Generic.ICollection<Order.Infrastructure.Entities.SubOrderModels.SubOrderFeeTaxModel>>
7ffcd4072400      1         64 System.Func<Order.Infrastructure.Entities.SubOrderModels.SubOrderFeePaymentModel, System.Action<Order.Infrastructure.Entities.SubOrderModels.SubOrderFeePaymentModel, System.Collections.Generic.ICollection<Order.Infrastructure.Entities.SubOrderModels.SubOrderFeeTaxModel>>, System.Collections.Generic.ICollection<Order.Infrastructure.Entities.SubOrderModels.SubOrderFeeTaxModel>>
7ffcd29c8af8      1         64 System.Func<Order.Infrastructure.Entities.SubOrderModels.SubOrderFeeModel, System.Collections.Generic.ICollection<Order.Infrastructure.Entities.SubOrderModels.SubOrderFeePaymentModel>>
7ffcd4074308      1         64 System.Func<Order.Infrastructure.Entities.SubOrderModels.SubOrderFeeModel, System.Action<Order.Infrastructure.Entities.SubOrderModels.SubOrderFeeModel, System.Collections.Generic.ICollection<Order.Infrastructure.Entities.SubOrderModels.SubOrderFeePaymentModel>>, System.Collections.Generic.ICollection<Order.Infrastructure.Entities.SubOrderModels.SubOrderFeePaymentModel>>
7ffcd4074830      1         64 System.Func<System.Collections.Generic.ICollection<Order.Infrastructure.Entities.SubOrderModels.SubOrderFeePaymentModel>>
7ffcd29c6d50      1         64 System.Func<Order.Infrastructure.Entities.SubOrderModels.SubOrderModel, System.Collections.Generic.ICollection<Order.Infrastructure.Entities.SubOrderModels.SubOrderFeeModel>>
7ffcd4078678      1         64 System.Func<Order.Infrastructure.Entities.SubOrderModels.SubOrderModel, System.Action<Order.Infrastructure.Entities.SubOrderModels.SubOrderModel, System.Collections.Generic.ICollection<Order.Infrastructure.Entities.SubOrderModels.SubOrderFeeModel>>, System.Collections.Generic.ICollection<Order.Infrastructure.Entities.SubOrderModels.SubOrderFeeModel>>
7ffcd4078ba0      1         64 System.Func<System.Collections.Generic.ICollection<Order.Infrastructure.Entities.SubOrderModels.SubOrderFeeModel>>
7ffcd05d94c0      1         72 System.Threading.Tasks.Task<System.Threading.Tasks.Task>
7ffcd05d4998      1         72 System.Threading.Tasks.Task<System.Byte>
7ffcd0727b98      1         72 Microsoft.Extensions.DependencyModel.CompilationOptions
7ffcd09cc890      3         72 Microsoft.Extensions.Configuration.Memory.MemoryConfigurationSource
7ffcd06706b0      3         72 Microsoft.Extensions.Configuration.EnvironmentVariables.EnvironmentVariablesConfigurationSource
7ffcd0aadb28      3         72 Microsoft.AspNetCore.Hosting.HostingStartupWebHostBuilder+<>c__DisplayClass6_0
7ffcd1c67d98      1         72 System.Runtime.CompilerServices.PoolingAsyncValueTaskMethodBuilder<System.Threading.Tasks.VoidTaskResult>+SyncSuccessSentinelStateMachineBox
7ffcd1f1d988      1         72 System.Threading.Tasks.Task<System.Net.Http.HttpMessageHandlerStage>
7ffcd19e5e60      3         72 System.WeakReference<System.Xml.Linq.XNamespace>
7ffcd1a2d2d0      3         72 System.WeakReference<Microsoft.AspNetCore.Cryptography.SafeHandles.BCryptAlgorithmHandle>
7ffcd1a2c170      1         72 Microsoft.AspNetCore.DataProtection.Cng.CbcAuthenticatedEncryptor
7ffcd180a218      3         72 System.Globalization.IdnMapping
7ffcd127f7c8      2         72 Microsoft.AspNetCore.Server.Kestrel.Core.Internal.Infrastructure.IHeartbeatHandler[]
7ffcd127e978      1         72 Microsoft.AspNetCore.Server.Kestrel.Core.Internal.Infrastructure.Heartbeat
7ffcd146fc90      1         72 Swashbuckle.AspNetCore.SwaggerUI.SwaggerUIOptions
7ffcd1b5c5e8      1         72 System.Threading.Tasks.Task<Microsoft.AspNetCore.Connections.ConnectionContext>
7ffcd0e6b550      1         72 Microsoft.AspNetCore.Mvc.RazorPages.Infrastructure.PageActionInvokerCache
7ffcd29e41c0      3         72 AutoMapper.Configuration.MemberConfigurationExpression<Order.Business.Mediator.Commands.OrderFront.CreateOrderPaymentFrontManualViewModel, Order.Infrastructure.Entities.OrderModels.OrderPaymentModel, System.DateTime>+<>c__DisplayClass24_0
7ffcd29e68e8      3         72 AutoMapper.Configuration.MemberConfigurationExpression<Order.Business.Mediator.Commands.OrderFront.CreateOrderPaymentFrontManualViewModel, Order.Infrastructure.Entities.OrderModels.OrderPaymentModel, System.Collections.Generic.ICollection<Order.Infrastructure.Entities.OrderModels.OrderPaymentTransactionModel>>+<>c__DisplayClass24_0
7ffcd29ef0d0      3         72 AutoMapper.Configuration.MemberConfigurationExpression<Order.Business.Mediator.Commands.OrderFront.CreateOrderItemFrontManualViewModel, Order.Infrastructure.Entities.OrderModels.OrderItemModel, System.DateTime>+<>c__DisplayClass24_0
7ffcd29ef748      3         72 AutoMapper.Configuration.MemberConfigurationExpression<Order.Business.Mediator.Commands.OrderFront.CreateOrderItemFrontManualViewModel, Order.Infrastructure.Entities.OrderModels.OrderItemModel, System.Int32>+<>c__DisplayClass24_0
7ffcd29f04e0      3         72 AutoMapper.Configuration.MemberConfigurationExpression<Order.Business.Mediator.Commands.OrderFront.CreateOrderItemFrontManualViewModel, Order.Infrastructure.Entities.OrderModels.OrderItemModel, Order.Infrastructure.Entities.OrderModels.OrderItemFulFillmentModel>+<>c__DisplayClass24_0
7ffcd29fb8c8      3         72 AutoMapper.Configuration.MemberConfigurationExpression<Order.Business.Mediator.Commands.OrderFront.CreateOrderItemFrontManualViewModel, Order.Infrastructure.Entities.SubOrderModels.SubOrderItemModel, System.DateTime>+<>c__DisplayClass24_0
7ffcd29fba98      3         72 AutoMapper.Configuration.MemberConfigurationExpression<Order.Business.Mediator.Commands.OrderFront.CreateOrderItemFrontManualViewModel, Order.Infrastructure.Entities.SubOrderModels.SubOrderItemModel, System.Int32>+<>c__DisplayClass24_0
7ffcd29fcd20      3         72 AutoMapper.Configuration.MemberConfigurationExpression<Order.Business.Mediator.Commands.OrderFront.CreateOrderItemFrontManualViewModel, Order.Infrastructure.Entities.SubOrderModels.SubOrderItemModel, Order.Infrastructure.Entities.SubOrderModels.SubOrderItemFulFillmentModel>+<>c__DisplayClass24_0
7ffcd2a1ba88      3         72 AutoMapper.Configuration.MemberConfigurationExpression<Order.Business.Mediator.Commands.OrderFront.CreateOrderPaymentFrontViewModel, Order.Infrastructure.Entities.OrderModels.OrderPaymentModel, System.String>+<>c__DisplayClass24_0
7ffcd2a1c4d8      3         72 AutoMapper.Configuration.MemberConfigurationExpression<Order.Business.Mediator.Commands.OrderFront.CreateOrderPaymentFrontViewModel, Order.Infrastructure.Entities.OrderModels.OrderPaymentModel, System.DateTime>+<>c__DisplayClass24_0
7ffcd2a1cf28      3         72 AutoMapper.Configuration.MemberConfigurationExpression<Order.Business.Mediator.Commands.OrderFront.CreateOrderPaymentFrontViewModel, Order.Infrastructure.Entities.OrderModels.OrderPaymentModel, System.Collections.Generic.ICollection<Order.Infrastructure.Entities.OrderModels.OrderPaymentTransactionModel>>+<>c__DisplayClass24_0
7ffcd2a1f9b8      3         72 AutoMapper.Configuration.MemberConfigurationExpression<Order.Business.Mediator.Commands.OrderFront.CreateOrderItemFrontViewModel, Order.Infrastructure.Entities.OrderModels.OrderItemModel, System.DateTime>+<>c__DisplayClass24_0
7ffcd2a30070      3         72 AutoMapper.Configuration.MemberConfigurationExpression<Order.Business.Mediator.Commands.OrderFront.CreateOrderItemFrontViewModel, Order.Infrastructure.Entities.OrderModels.OrderItemModel, System.Int32>+<>c__DisplayClass24_0
7ffcd2a30ac0      3         72 AutoMapper.Configuration.MemberConfigurationExpression<Order.Business.Mediator.Commands.OrderFront.CreateOrderItemFrontViewModel, Order.Infrastructure.Entities.OrderModels.OrderItemModel, Order.Infrastructure.Entities.OrderModels.OrderItemFulFillmentModel>+<>c__DisplayClass24_0
7ffcd2a36b20      3         72 AutoMapper.Configuration.MemberConfigurationExpression<Order.Business.Mediator.Commands.OrderFront.CreateOrderItemFrontViewModel, Order.Infrastructure.Entities.SubOrderModels.SubOrderItemModel, System.DateTime>+<>c__DisplayClass24_0
7ffcd2a36cf0      3         72 AutoMapper.Configuration.MemberConfigurationExpression<Order.Business.Mediator.Commands.OrderFront.CreateOrderItemFrontViewModel, Order.Infrastructure.Entities.SubOrderModels.SubOrderItemModel, System.Int32>+<>c__DisplayClass24_0
7ffcd2a37740      3         72 AutoMapper.Configuration.MemberConfigurationExpression<Order.Business.Mediator.Commands.OrderFront.CreateOrderItemFrontViewModel, Order.Infrastructure.Entities.SubOrderModels.SubOrderItemModel, Order.Infrastructure.Entities.SubOrderModels.SubOrderItemFulFillmentModel>+<>c__DisplayClass24_0
7ffcd2a6d810      3         72 AutoMapper.Configuration.MemberConfigurationExpression<Order.Business.Mediator.Commands.OrderFront.UpdateOrderFrontViewModel, Order.Infrastructure.Entities.OrderModels.OrderModel, System.DateTime>+<>c__DisplayClass24_0
7ffcd2a71c68      3         72 AutoMapper.Configuration.MemberConfigurationExpression<Order.Business.Mediator.Commands.OrderFront.UpdateOrderItemFront, Order.Infrastructure.Entities.OrderModels.OrderItemModel, System.String>+<>c__DisplayClass24_0
7ffcd2a768b0      3         72 AutoMapper.Configuration.MemberConfigurationExpression<Order.Business.Mediator.Commands.OrderFront.UpdateOrderFrontViewModel, Order.Business.Mediator.Commands.OrderFront.UpdateSubOrderFrontViewModel, System.Nullable<System.DateTime>>+<>c__DisplayClass24_0
7ffcd2a79e48      3         72 AutoMapper.Configuration.MemberConfigurationExpression<Order.Business.Mediator.Commands.OrderFront.UpdateOrderItemFront, Order.Business.Mediator.Commands.OrderFront.UpdateSubOrderItemFront, System.Nullable<System.Decimal>>+<>c__DisplayClass24_0
7ffcd2a7a720      3         72 AutoMapper.Configuration.MemberConfigurationExpression<Order.Business.Mediator.Commands.OrderFront.UpdateOrderItemFront, Order.Business.Mediator.Commands.OrderFront.UpdateSubOrderItemFront, System.String>+<>c__DisplayClass24_0
7ffcd2a7aff8      3         72 AutoMapper.Configuration.MemberConfigurationExpression<Order.Business.Mediator.Commands.OrderFront.UpdateOrderItemFront, Order.Business.Mediator.Commands.OrderFront.UpdateSubOrderItemFront, System.Decimal>+<>c__DisplayClass24_0
7ffcd2a91e08      3         72 AutoMapper.Configuration.MemberConfigurationExpression<Order.Business.Mediator.Commands.OrderFront.UpdateSubOrderFrontViewModel, Order.Infrastructure.Entities.SubOrderModels.SubOrderModel, System.DateTime>+<>c__DisplayClass24_0
7ffcd2a94c88      3         72 AutoMapper.Configuration.MemberConfigurationExpression<Order.Business.Mediator.Commands.OrderFront.UpdateSubOrderItemFront, Order.Infrastructure.Entities.SubOrderModels.SubOrderItemModel, System.String>+<>c__DisplayClass24_0
7ffcd2a9bc50      3         72 AutoMapper.Configuration.MemberConfigurationExpression<Order.Infrastructure.Data.Readonlys.CompanyBuMapping.GetCompanyBuMappingByIdViewModelDto, Order.Business.Dtos.ViewModels.CompanyBuMapping.GetCompanyBuMappingByIdViewModel, System.Int32>+<>c__DisplayClass24_0
7ffcd2a9e848      3         72 AutoMapper.Configuration.MemberConfigurationExpression<Order.Infrastructure.Data.Readonlys.CompanyBuMapping.GetCompanyBuMappingByIdViewModelDto, Order.Business.Dtos.ViewModels.CompanyBuMapping.GetCompanyBuMappingByIdViewModel, System.DateTime>+<>c__DisplayClass24_0
7ffcd2aa1e50      3         72 AutoMapper.Configuration.MemberConfigurationExpression<Order.Infrastructure.Data.Readonlys.CompanyBuMapping.GetCompanyBuMappingViewModelDto, Order.Business.Dtos.ViewModels.CompanyBuMapping.GetCompanyBuMappingViewModel, System.Int32>+<>c__DisplayClass24_0
7ffcd2aa3950      3         72 AutoMapper.Configuration.MemberConfigurationExpression<Order.Infrastructure.Data.Readonlys.CompanyBuMapping.GetCompanyBuMappingViewModelDto, Order.Business.Dtos.ViewModels.CompanyBuMapping.GetCompanyBuMappingViewModel, System.DateTime>+<>c__DisplayClass24_0
7ffcd2aa6a90      3         72 AutoMapper.Configuration.MemberConfigurationExpression<Order.Business.Mediator.Queries.CompanyBUMapping.GetCompanyBuMappingsQuery, Order.Infrastructure.Data.Readonlys.CompanyBuMapping.GetCompanyBuMappingsQueryDto, System.Boolean>+<>c__DisplayClass24_0
7ffcd034ba18      3         72 System.UInt64
7ffcd2f58630      3         72 Microsoft.Data.SqlClient.SqlConnectionEncryptOption
7ffcd0e62990      1         72 Microsoft.AspNetCore.Mvc.Razor.RazorViewEngine
7ffcd18045a0      3         72 System.Net.Security.SslApplicationProtocol
7ffcd1825918      1         72 System.Runtime.CompilerServices.PoolingAsyncValueTaskMethodBuilder<System.Int32>+SyncSuccessSentinelStateMachineBox
7ffcd182ce08      1         72 System.TimeZoneInfo+CachedData
7ffcd0532198      3         72 System.Runtime.InteropServices.PosixSignalRegistration
7ffcd196b5c8      1         72 Microsoft.AspNetCore.Hosting.IStartupFilter[]
7ffcd1adc9d0      1         72 System.Threading.Tasks.Task<Microsoft.AspNetCore.Cors.Infrastructure.CorsPolicy>
7ffcd148ffb0      1         72 HttpExtension.Extensions.HttpRequestExtension
7ffcd0c378c8      1         72 Microsoft.AspNetCore.Authentication.AuthenticationSchemeProvider
7ffcd1b33558      1         72 System.Threading.Tasks.Task<Microsoft.AspNetCore.Authentication.AuthenticationScheme>
7ffcd1ab0538      1         72 Microsoft.AspNetCore.Hosting.HostingApplicationDiagnostics
7ffcd1c68778      1         72 System.Threading.Tasks.Task<System.IO.Pipelines.FlushResult>
7ffcd0d5f100      1         72 Swashbuckle.AspNetCore.SwaggerGen.SwaggerGenOptions
7ffcd1c829c8      1         72 Microsoft.OpenApi.Models.OpenApiInfo
7ffcd1f75a28      1         72 System.Threading.Tasks.Task<System.IO.Stream>
7ffcd1f4b6c8      1         72 System.Threading.Tasks.Task<System.Net.Http.HttpConnection>
7ffcd1eff790      1         72 System.Threading.Tasks.Task<System.Net.Http.HttpResponseMessage>
7ffcd12ddaf0      1         72 System.Threading.Tasks.Task<Microsoft.AspNetCore.Authorization.AuthorizationPolicy>
7ffcd1fcebc0      1         72 System.Text.Json.Serialization.Converters.DictionaryOfTKeyTValueConverter<System.Collections.Generic.Dictionary<System.String, System.Object>, System.String, System.Object>
7ffcd1fd7a08      1         72 System.Text.Json.Serialization.Converters.DictionaryOfTKeyTValueConverter<System.Collections.Generic.Dictionary<System.String, System.String>, System.String, System.String>
7ffcd2004438      1         72 System.Runtime.CompilerServices.PoolingAsyncValueTaskMethodBuilder<System.IO.Pipelines.FlushResult>+SyncSuccessSentinelStateMachineBox
7ffcd0ae9ef8      1         72 HttpExtension.SprintHttpCommonSetting
7ffcd294dde0      3         72 AutoMapper.Configuration.MemberConfigurationExpression<Order.Infrastructure.Entities.OrderModels.OrderItemModel, CommonApiMessage.AggregatesModel.OrderMessage.OrderMessageItemViewModel, System.Int32>+<>c__DisplayClass24_0
7ffcd294f9c0      3         72 AutoMapper.Configuration.MemberConfigurationExpression<Order.Infrastructure.Entities.OrderModels.OrderItemModel, CommonApiMessage.AggregatesModel.OrderMessage.OrderMessageItemViewModel, System.Collections.Generic.List<CommonApiMessage.AggregatesModel.OrderMessage.OrderMessageSubBarcodeViewModel>>+<>c__DisplayClass24_0
7ffcd2971730      3         72 AutoMapper.Configuration.MemberConfigurationExpression<Order.Infrastructure.Entities.OrderModels.OrderItemFulFillmentModel, CommonApiMessage.AggregatesModel.OrderMessage.OrderMessageItemFulFillmentViewModel, System.Collections.Generic.List<CommonApiMessage.AggregatesModel.OrderMessage.OrderMessageItemFulFillmentServiceTypeViewModel>>+<>c__DisplayClass24_0
7ffcd29729b8      3         72 AutoMapper.Configuration.MemberConfigurationExpression<Order.Infrastructure.Entities.OrderModels.OrderItemFulFillmentModel, CommonApiMessage.AggregatesModel.OrderMessage.OrderMessageItemFulFillmentViewModel, System.Collections.Generic.List<CommonApiMessage.AggregatesModel.OrderMessage.OrderMessageItemDeliveryWindowViewModel>>+<>c__DisplayClass24_0
7ffcd2973738      3         72 AutoMapper.Configuration.MemberConfigurationExpression<Order.Infrastructure.Entities.OrderModels.OrderItemFulFillmentModel, CommonApiMessage.AggregatesModel.OrderMessage.OrderMessageItemFulFillmentViewModel, System.String>+<>c__DisplayClass24_0
7ffcd29755b0      3         72 AutoMapper.Configuration.MemberConfigurationExpression<Order.Infrastructure.Entities.OrderModels.OrderItemFulFillmentModel, CommonApiMessage.AggregatesModel.OrderMessage.OrderMessageItemFulFillmentViewModel, System.Nullable<System.DateTime>>+<>c__DisplayClass24_0
7ffcd297a680      3         72 AutoMapper.Configuration.MemberConfigurationExpression<Order.Infrastructure.Entities.OrderModels.OrderItemBarcodeModel, CommonApiMessage.AggregatesModel.OrderMessage.OrderMessageSubBarcodeViewModel, System.String>+<>c__DisplayClass24_0
7ffcd298f9f8      3         72 AutoMapper.Configuration.MemberConfigurationExpression<Order.Infrastructure.Entities.SubOrderModels.SubOrderItemModel, CommonApiMessage.AggregatesModel.SubOrderMessage.SubOrderMessageItemViewModel, System.Int32>+<>c__DisplayClass24_0
7ffcd29916a8      3         72 AutoMapper.Configuration.MemberConfigurationExpression<Order.Infrastructure.Entities.SubOrderModels.SubOrderItemModel, CommonApiMessage.AggregatesModel.SubOrderMessage.SubOrderMessageItemViewModel, System.Collections.Generic.List<CommonApiMessage.AggregatesModel.SubOrderMessage.SubOrderMessageItemSubBarcodeViewModel>>+<>c__DisplayClass24_0
7ffcd29933b8      3         72 AutoMapper.Configuration.MemberConfigurationExpression<Order.Infrastructure.Entities.SubOrderModels.SubOrderItemFulFillmentModel, CommonApiMessage.AggregatesModel.SubOrderMessage.SubOrderMessageItemFulFillmentViewModel, System.Collections.Generic.List<CommonApiMessage.AggregatesModel.SubOrderMessage.SubOrderMessageItemFulFillmentServiceTypeViewModel>>+<>c__DisplayClass24_0
7ffcd2994138      3         72 AutoMapper.Configuration.MemberConfigurationExpression<Order.Infrastructure.Entities.SubOrderModels.SubOrderItemFulFillmentModel, CommonApiMessage.AggregatesModel.SubOrderMessage.SubOrderMessageItemFulFillmentViewModel, System.String>+<>c__DisplayClass24_0
7ffcd2994eb8      3         72 AutoMapper.Configuration.MemberConfigurationExpression<Order.Infrastructure.Entities.SubOrderModels.SubOrderItemFulFillmentModel, CommonApiMessage.AggregatesModel.SubOrderMessage.SubOrderMessageItemFulFillmentViewModel, System.Nullable<System.DateTime>>+<>c__DisplayClass24_0
7ffcd299fc40      3         72 AutoMapper.Configuration.MemberConfigurationExpression<Order.Infrastructure.Entities.Promotion.PromotionItemModel, CommonApiMessage.AggregatesModel.SubOrderMessage.SubOrderMessageItemViewModel, System.Int32>+<>c__DisplayClass24_0
7ffcd29b1c78      3         72 AutoMapper.Configuration.MemberConfigurationExpression<Order.Business.Mediator.Commands.RoleChannelMapping.CreateRoleChannelMappingCommand, Order.Infrastructure.Data.Readonlys.RoleChannelMapping.CreateRoleChannelMappingCommandDto, System.Int32>+<>c__DisplayClass24_0
7ffcd29b9a58      3         72 AutoMapper.Configuration.MemberConfigurationExpression<Order.Domain.AggregatesModel.Order.PackingDetails, Order.Business.Responses.Order.ProductByPacking, System.Nullable<System.Decimal>>+<>c__DisplayClass24_0
7ffcd29be070      3         72 AutoMapper.Configuration.MemberConfigurationExpression<CommonApiMessage.AggregatesModel.OrderMessage.OrderMessageItemViewModel, Order.Business.Responses.Order.Product, System.Nullable<System.Decimal>>+<>c__DisplayClass24_0
7ffcd29e3440      3         72 AutoMapper.Configuration.MemberConfigurationExpression<Order.Business.Mediator.Commands.OrderFront.CreateOrderPaymentFrontManualViewModel, Order.Infrastructure.Entities.OrderModels.OrderPaymentModel, System.String>+<>c__DisplayClass24_0
7ffcd2633fc8      1         72 Microsoft.AspNetCore.Mvc.Filters.FilterItem[]
7ffcd26330a8      1         72 Microsoft.AspNetCore.Mvc.Infrastructure.ControllerActionInvokerCacheEntry
7ffcd26ed328      1         72 Microsoft.Extensions.DependencyInjection.ServiceProvider
7ffcd27b8120      3         72 Microsoft.Extensions.DependencyInjection.ServiceLookup.StackGuard
7ffcd291ad28      1         72 Microsoft.EntityFrameworkCore.Infrastructure.Internal.EntityFrameworkMetrics
7ffcd291b628      1         72 System.Diagnostics.Metrics.ObservableUpDownCounter<System.Int32>
7ffcd3153bf8      1         72 System.Collections.Generic.HashSet<Microsoft.EntityFrameworkCore.Metadata.Internal.Property>+Entry[]
7ffcd06a1a48      1         72 System.IO.Strategies.BufferedFileStreamStrategy
7ffcd430c420      3         72 System.Text.Json.Serialization.Metadata.JsonPropertyInfo<CommonApiMessage.AggregatesModel.SubOrderMessage.SubOrderMessageItemAmountDetailViewModel>+<>c__DisplayClass9_0
7ffcd4337b50      3         72 System.Text.Json.Serialization.Metadata.JsonPropertyInfo<CommonApiMessage.AggregatesModel.OrderMessage.OrderMessageItemAmountDetailViewModel>+<>c__DisplayClass9_0
7ffcd4355880      3         72 System.Text.Json.Serialization.Metadata.JsonTypeInfo<System.Collections.Generic.ICollection<CommonApiMessage.AggregatesModel.SubOrderMessage.SubOrderMessageFeeTaxViewModel>>+<>c__DisplayClass37_0
7ffcd4356fd8      3         72 System.Text.Json.Serialization.Metadata.JsonTypeInfo<System.Collections.Generic.ICollection<CommonApiMessage.AggregatesModel.SubOrderMessage.SubOrderMessageFeePaymentViewModel>>+<>c__DisplayClass37_0
7ffcd423ee90      1         72 Microsoft.EntityFrameworkCore.Metadata.Internal.ClrCollectionAccessor<Order.Infrastructure.Entities.OrderModels.OrderModel, System.Collections.Generic.ICollection<Order.Infrastructure.Entities.OrderModels.OrderCustomerModel>, Order.Infrastructure.Entities.OrderModels.OrderCustomerModel>
7ffcd4271928      1         72 Microsoft.EntityFrameworkCore.Metadata.Internal.ClrCollectionAccessor<Order.Infrastructure.Entities.OrderModels.OrderPaymentModel, System.Collections.Generic.ICollection<Order.Infrastructure.Entities.OrderModels.OrderPaymentTransactionModel>, Order.Infrastructure.Entities.OrderModels.OrderPaymentTransactionModel>
7ffcd4273a68      1         72 Microsoft.EntityFrameworkCore.Metadata.Internal.ClrCollectionAccessor<Order.Infrastructure.Entities.OrderModels.OrderModel, System.Collections.Generic.ICollection<Order.Infrastructure.Entities.OrderModels.OrderPaymentModel>, Order.Infrastructure.Entities.OrderModels.OrderPaymentModel>
7ffcd3af3a90      1         72 Microsoft.Data.SqlClient.ConnectionPool.DbConnectionPoolGroup
7ffcd4011c30      1         72 Microsoft.EntityFrameworkCore.Metadata.Internal.ClrCollectionAccessor<Order.Infrastructure.Entities.SubOrderModels.SubOrderModel, System.Collections.Generic.ICollection<Order.Infrastructure.Entities.SubOrderModels.SubOrderAddressModel>, Order.Infrastructure.Entities.SubOrderModels.SubOrderAddressModel>
7ffcd401dda8      1         72 Microsoft.EntityFrameworkCore.Metadata.Internal.ClrCollectionAccessor<Order.Infrastructure.Entities.SubOrderModels.SubOrderItemAmtDtlModel, System.Collections.Generic.ICollection<Order.Infrastructure.Entities.SubOrderModels.SubOrderItemTaxModel>, Order.Infrastructure.Entities.SubOrderModels.SubOrderItemTaxModel>
7ffcd4037b90      1         72 Microsoft.EntityFrameworkCore.Metadata.Internal.ClrCollectionAccessor<Order.Infrastructure.Entities.SubOrderModels.SubOrderItemFulFillmentModel, System.Collections.Generic.List<Order.Infrastructure.Entities.SubOrderModels.SubOrderItemDeliveryWindowModel>, Order.Infrastructure.Entities.SubOrderModels.SubOrderItemDeliveryWindowModel>
7ffcd403c950      1         72 Microsoft.EntityFrameworkCore.Metadata.Internal.ClrCollectionAccessor<Order.Infrastructure.Entities.SubOrderModels.SubOrderItemModel, System.Collections.Generic.ICollection<Order.Infrastructure.Entities.SubOrderModels.SubOrderItemPromotionsModel>, Order.Infrastructure.Entities.SubOrderModels.SubOrderItemPromotionsModel>
7ffcd40424c8      1         72 Microsoft.EntityFrameworkCore.Metadata.Internal.ClrCollectionAccessor<Order.Infrastructure.Entities.SubOrderModels.SubOrderItemPayModel, System.Collections.Generic.ICollection<Order.Infrastructure.Entities.SubOrderModels.SubOrderItemTaxModel>, Order.Infrastructure.Entities.SubOrderModels.SubOrderItemTaxModel>
7ffcd40451f8      1         72 Microsoft.EntityFrameworkCore.Metadata.Internal.ClrCollectionAccessor<Order.Infrastructure.Entities.SubOrderModels.SubOrderItemModel, System.Collections.Generic.ICollection<Order.Infrastructure.Entities.SubOrderModels.SubOrderItemPayModel>, Order.Infrastructure.Entities.SubOrderModels.SubOrderItemPayModel>
7ffcd4049568      1         72 Microsoft.EntityFrameworkCore.Metadata.Internal.ClrCollectionAccessor<Order.Infrastructure.Entities.SubOrderModels.SubOrderItemModel, System.Collections.Generic.ICollection<Order.Infrastructure.Entities.SubOrderModels.SubOrderItemRemarkModel>, Order.Infrastructure.Entities.SubOrderModels.SubOrderItemRemarkModel>
7ffcd404d8d8      1         72 Microsoft.EntityFrameworkCore.Metadata.Internal.ClrCollectionAccessor<Order.Infrastructure.Entities.SubOrderModels.SubOrderItemModel, System.Collections.Generic.ICollection<Order.Infrastructure.Entities.SubOrderModels.SubOrderItemBarcodeModel>, Order.Infrastructure.Entities.SubOrderModels.SubOrderItemBarcodeModel>
7ffcd4060018      1         72 Microsoft.EntityFrameworkCore.Metadata.Internal.ClrCollectionAccessor<Order.Infrastructure.Entities.SubOrderModels.SubOrderModel, System.Collections.Generic.ICollection<Order.Infrastructure.Entities.SubOrderModels.SubOrderItemModel>, Order.Infrastructure.Entities.SubOrderModels.SubOrderItemModel>
7ffcd4062770      1         72 Microsoft.EntityFrameworkCore.Metadata.Internal.ClrCollectionAccessor<Order.Infrastructure.Entities.SubOrderModels.SubOrderModel, System.Collections.Generic.ICollection<Order.Infrastructure.Entities.SubOrderModels.SubOrderRemarkModel>, Order.Infrastructure.Entities.SubOrderModels.SubOrderRemarkModel>
7ffcd4066fc0      1         72 Microsoft.EntityFrameworkCore.Metadata.Internal.ClrCollectionAccessor<Order.Infrastructure.Entities.SubOrderModels.SubOrderModel, System.Collections.Generic.ICollection<Order.Infrastructure.Entities.SubOrderModels.SubOrderPromotionModel>, Order.Infrastructure.Entities.SubOrderModels.SubOrderPromotionModel>
7ffcd406cfd8      1         72 Microsoft.EntityFrameworkCore.Metadata.Internal.ClrCollectionAccessor<Order.Infrastructure.Entities.SubOrderModels.SubOrderFeeAmountDtlModel, System.Collections.Generic.ICollection<Order.Infrastructure.Entities.SubOrderModels.SubOrderFeeTaxModel>, Order.Infrastructure.Entities.SubOrderModels.SubOrderFeeTaxModel>
7ffcd4072ce0      1         72 Microsoft.EntityFrameworkCore.Metadata.Internal.ClrCollectionAccessor<Order.Infrastructure.Entities.SubOrderModels.SubOrderFeePaymentModel, System.Collections.Generic.ICollection<Order.Infrastructure.Entities.SubOrderModels.SubOrderFeeTaxModel>, Order.Infrastructure.Entities.SubOrderModels.SubOrderFeeTaxModel>
7ffcd40754c8      1         72 Microsoft.EntityFrameworkCore.Metadata.Internal.ClrCollectionAccessor<Order.Infrastructure.Entities.SubOrderModels.SubOrderFeeModel, System.Collections.Generic.ICollection<Order.Infrastructure.Entities.SubOrderModels.SubOrderFeePaymentModel>, Order.Infrastructure.Entities.SubOrderModels.SubOrderFeePaymentModel>
7ffcd4079838      1         72 Microsoft.EntityFrameworkCore.Metadata.Internal.ClrCollectionAccessor<Order.Infrastructure.Entities.SubOrderModels.SubOrderModel, System.Collections.Generic.ICollection<Order.Infrastructure.Entities.SubOrderModels.SubOrderFeeModel>, Order.Infrastructure.Entities.SubOrderModels.SubOrderFeeModel>
7ffcd0414858      2         80 System.Func<System.Diagnostics.Tracing.EventSource>[]
7ffcd040dbb0      1         80 System.Collections.Generic.Dictionary<System.Guid, System.Diagnostics.Tracing.EventSource+OverrideEventProvider>
7ffcd040c6a8      1         80 System.Collections.Generic.Dictionary<System.String, System.Diagnostics.Tracing.EventSource+OverrideEventProvider>
7ffcd043e418      1         80 System.Runtime.Loader.DefaultAssemblyLoadContext
7ffcd0480170      1         80 System.Collections.Generic.Dictionary<System.Int64, System.WeakReference<System.Runtime.Loader.AssemblyLoadContext>>
7ffcd056bd08      2         80 System.Collections.Concurrent.ConcurrentQueue<System.Object>
7ffcd067c818      2         80 System.Collections.Concurrent.ConcurrentDictionary<Microsoft.Extensions.FileProviders.IPollingChangeToken, Microsoft.Extensions.FileProviders.IPollingChangeToken>
7ffcd070f738      1         80 System.Collections.Generic.Dictionary<System.String, System.Reflection.Assembly>
7ffcd0783580      1         80 System.Collections.Generic.Dictionary<System.String, System.Globalization.CultureData>
7ffcd07a5ca8      1         80 System.Collections.Generic.Dictionary<System.String, System.Globalization.CultureInfo>
7ffcd07a7658      1         80 System.Collections.Generic.Dictionary<System.String, System.IntPtr>
7ffcd088fa68      1         80 System.Collections.Generic.Dictionary<System.Type, System.Reflection.MethodInfo[]>
7ffcd0855660      2         80 Serilog.Core.Enrichers.PropertyEnricher
7ffcd091ae18      1         80 System.Collections.Generic.Dictionary<System.Type, System.Func<System.String, System.Object>>
7ffcd0989908      2         80 System.Collections.Concurrent.ConcurrentQueue<Serilog.Events.LogEvent>
7ffcd099dda8      2         80 Serilog.Sinks.SystemConsole.Output.EventPropertyTokenRenderer
7ffcd099e1e8      2         80 Serilog.Sinks.SystemConsole.Output.MessageTemplateOutputTokenRenderer
7ffcd09b05e8      2         80 Serilog.Core.LevelOverrideMap
7ffcd0a52e50      2         80 System.Action<Microsoft.Extensions.Configuration.IConfigurationBuilder>[]
7ffcd0a52f10      2         80 System.Action<Microsoft.Extensions.Hosting.HostBuilderContext, Microsoft.Extensions.Configuration.IConfigurationBuilder>[]
7ffcd0ae74a8      2         80 System.Action<Microsoft.Extensions.Hosting.HostBuilderContext, System.Object>[]
7ffcd0b4ba88      1         80 System.Collections.Generic.Dictionary<System.Type, System.Attribute>
7ffcd0b4cd18      1         80 System.Collections.Generic.Dictionary<System.Object, System.ComponentModel.ReflectTypeDescriptionProvider+IntrinsicTypeConverterData>
7ffcd0b608d8      2         80 Microsoft.AspNetCore.Mvc.ApplicationParts.IApplicationFeatureProvider[]
7ffcd0dfc368      1         80 System.Collections.Generic.Dictionary<System.String, Microsoft.Extensions.DependencyInjection.HttpClientKeyedLifetime>
7ffcd0ae97c0      2         80 EventBus.SprintEventBusSetting
7ffcd117f5c8      2         80 Autofac.Util.Cache.ReflectionCacheTupleDictionary<System.Type, System.Boolean>
7ffcd124eff8      1         80 System.Collections.Generic.Dictionary<System.String, System.Collections.Generic.List<Microsoft.Extensions.Diagnostics.Metrics.FactoryMeter>>
7ffcd0ac5040      1         80 Microsoft.AspNetCore.Server.Kestrel.Transport.Sockets.SocketTransportOptions
7ffcd0ac8478      1         80 Microsoft.AspNetCore.Server.Kestrel.Transport.NamedPipes.NamedPipeTransportOptions
7ffcd14679c0      1         80 Microsoft.AspNetCore.Server.Kestrel.Core.Internal.CertificatePathWatcher
7ffcd14685f8      1         80 System.Collections.Generic.Dictionary<System.String, Microsoft.AspNetCore.Server.Kestrel.Core.Internal.CertificatePathWatcher+DirectoryWatchMetadata>
7ffcd1468df8      1         80 System.Collections.Generic.Dictionary<System.String, Microsoft.AspNetCore.Server.Kestrel.Core.Internal.CertificatePathWatcher+FileWatchMetadata>
7ffcd14699a0      1         80 System.Collections.Generic.Dictionary<System.String, System.Action<Microsoft.AspNetCore.Server.Kestrel.EndpointConfiguration>>
7ffcd12867f8      2         80 Microsoft.AspNetCore.Server.Kestrel.Core.Internal.Infrastructure.TransportManager+ActiveTransport[]
7ffcd11d3020      2         80 Swashbuckle.AspNetCore.Swagger.SwaggerOptions
7ffcd148c8f8      1         80 Swashbuckle.AspNetCore.SwaggerUI.OAuthConfigObject
7ffcd1a2eb60      1         80 System.Collections.Generic.Dictionary<System.Guid, Microsoft.AspNetCore.DataProtection.KeyManagement.KeyRing+KeyHolder>
7ffcd0c321a0      2         80 Microsoft.AspNetCore.Mvc.MvcCoreMvcOptionsSetup
7ffcd14ad1d8      1         80 System.Collections.Generic.Dictionary<System.String, Microsoft.AspNetCore.Mvc.CacheProfile>
7ffcd14ae830      2         80 Microsoft.AspNetCore.Mvc.ApplicationModels.IApplicationModelConvention[]
7ffcd14aef40      2         80 Microsoft.AspNetCore.Mvc.Formatters.IInputFormatter[]
7ffcd14af2b8      2         80 Microsoft.AspNetCore.Mvc.Formatters.IOutputFormatter[]
7ffcd14b1a78      2         80 Microsoft.AspNetCore.Mvc.ModelBinding.Validation.IModelValidatorProvider[]
7ffcd14d1a18      1         80 HttpExtension.Extensions.CustomDateTimeFormatExtension
7ffcd14d8030      1         80 System.Collections.Hashtable+SyncHashtable
7ffcd14ea140      2         80 System.Lazy<Microsoft.AspNetCore.Http.ParameterBindingMethodCache>
7ffcd14ea500      2         80 System.Collections.Concurrent.ConcurrentDictionary<System.Type, System.Func<System.Linq.Expressions.ParameterExpression, System.Linq.Expressions.Expression, System.Linq.Expressions.Expression>>
7ffcd14ee288      2         80 System.Collections.Concurrent.ConcurrentDictionary<System.Type, System.ValueTuple<System.Func<System.Reflection.ParameterInfo, System.Linq.Expressions.Expression>, System.Int32>>
7ffcd14ec028      2         80 System.Collections.Concurrent.ConcurrentDictionary<System.Type, System.ValueTuple<System.Reflection.ConstructorInfo, Microsoft.AspNetCore.Http.ParameterBindingMethodCache+ConstructorParameter[]>>
7ffcd12bdd60      2         80 System.Collections.Concurrent.ConcurrentDictionary<System.Type, Microsoft.Extensions.Internal.PropertyActivator<Microsoft.AspNetCore.Mvc.ControllerContext>[]>
7ffcd12bafe8      2         80 Microsoft.AspNetCore.Mvc.Controllers.IControllerPropertyActivator[]
7ffcd0b68bd8      1         80 Microsoft.AspNetCore.Mvc.Infrastructure.ControllerActionInvokerProvider
7ffcd12ddd08      1         80 System.Collections.Generic.Dictionary<System.String, System.Threading.Tasks.Task<Microsoft.AspNetCore.Authorization.AuthorizationPolicy>>
7ffcd14fe0b8      1         80 System.Collections.Generic.Dictionary<System.String, System.Threading.Tasks.Task<Microsoft.AspNetCore.Mvc.Razor.Compilation.CompiledViewDescriptor>>
7ffcd05d2ae8      1         80 System.Threading.Tasks.ValueTask<System.Int32>+ValueTaskSourceAsTask
7ffcd2decda0      1         80 System.Threading.Tasks.Task<System.ValueTuple<System.Boolean, Microsoft.AspNetCore.Mvc.ModelBinding.CompositeValueProvider>>
7ffcd2df5328      1         80 System.Threading.Tasks.Task<Microsoft.AspNetCore.Mvc.ModelBinding.ModelBindingResult>
7ffcd2ec0d90      2         80 System.Collections.Concurrent.ConcurrentDictionary<System.Type, System.Reflection.MethodInfo>
7ffcd2ea5a58      1         80 System.Collections.Generic.Dictionary<System.String, Microsoft.EntityFrameworkCore.Storage.RelationalTypeMapping[]>
7ffcd2ec5748      1         80 Microsoft.EntityFrameworkCore.ChangeTracking.CaseInsensitiveValueComparer
7ffcd2f0d1b0      1         80 Microsoft.EntityFrameworkCore.SqlServer.Storage.Internal.SqlServerVectorTypeMapping+VectorComparer
7ffcd2f5a0b8      1         80 System.Collections.Generic.Dictionary<System.String, Microsoft.Data.SqlClient.SqlConnectionStringBuilder+Keywords>
7ffcd13432d0      2         80 System.Collections.Concurrent.ConcurrentDictionary<System.String, Microsoft.Extensions.Caching.Memory.CacheEntry>
7ffcd1343b30      2         80 System.Collections.Concurrent.ConcurrentDictionary<System.Object, Microsoft.Extensions.Caching.Memory.CacheEntry>
7ffcd2fcc7a8      2         80 System.Collections.Concurrent.ConcurrentDictionary<System.Type, System.Reflection.PropertyInfo>
7ffcd2fccef0      2         80 System.Collections.Concurrent.ConcurrentDictionary<System.Type, System.String>
7ffcd2fd0da8      1         80 System.Collections.Generic.Dictionary<System.Type, System.ValueTuple<Microsoft.EntityFrameworkCore.Metadata.ConfigurationSource, System.Collections.Generic.SortedSet<Microsoft.EntityFrameworkCore.Metadata.Internal.EntityType>>>
7ffcd0e0ca80      1         80 Microsoft.AspNetCore.DataProtection.KeyManagement.KeyManagementOptions
7ffcd12fe8e0      2         80 Microsoft.AspNetCore.DataProtection.AuthenticatedEncryption.IAuthenticatedEncryptorFactory[]
7ffcd1535c48      2         80 Microsoft.AspNetCore.Mvc.Razor.IViewLocationExpander[]
7ffcd12fee50      2         80 Microsoft.AspNetCore.Mvc.ViewEngines.IViewEngine[]
7ffcd1536508      2         80 Microsoft.AspNetCore.Mvc.ModelBinding.Validation.IClientModelValidatorProvider[]
7ffcd1360018      2         80 Microsoft.AspNetCore.Mvc.RazorPages.Infrastructure.CompiledPageActionDescriptorFactory
7ffcd153abe8      1         80 System.Collections.Generic.Dictionary<System.Int32, Microsoft.AspNetCore.Mvc.ClientErrorData>
7ffcd153cd70      1         80 System.Collections.Generic.Dictionary<System.Int32, System.ValueTuple<System.String, System.String>>
7ffcd12b7058      1         80 Microsoft.AspNetCore.Mvc.ApplicationModels.IApplicationModelProvider[]
7ffcd134a7b0      2         80 System.Collections.Concurrent.ConcurrentDictionary<System.Type, Microsoft.Extensions.Internal.PropertyActivator<Microsoft.AspNetCore.Mvc.Rendering.ViewContext>[]>
7ffcd0ac3f50      1         80 Microsoft.AspNetCore.Mvc.Infrastructure.DefaultActionDescriptorCollectionProvider
7ffcd1550018      1         80 System.Collections.Generic.Dictionary<System.String, Microsoft.AspNetCore.Routing.INamedRouter>
7ffcd166c1b0      2         80 System.Collections.Concurrent.ConcurrentDictionary<System.Type, Microsoft.Extensions.Internal.PropertyHelper[]>
7ffcd16b1130      1         80 System.Collections.Generic.Dictionary<System.String, System.Collections.Generic.IReadOnlyList<Microsoft.AspNetCore.Routing.Patterns.RoutePatternParameterPolicyReference>>
7ffcd170ad90      2         80 RabbitMQ.Client.IAuthMechanismFactory[]
7ffcd1708620      1         80 RabbitMQ.Client.SslOption
7ffcd17314e0      1         80 System.Collections.Generic.Dictionary<System.String, System.Collections.Generic.List<EventBus.InMemoryEventBusSubscriptionsManager+SubscriptionInfo>>
7ffcd1769528      1         80 System.Collections.Generic.Dictionary<System.String, RabbitMQ.Client.Impl.RecordedExchange>
7ffcd1769eb8      1         80 System.Collections.Generic.Dictionary<System.String, RabbitMQ.Client.Impl.RecordedQueue>
7ffcd176b708      1         80 System.Collections.Generic.Dictionary<RabbitMQ.Client.Impl.RecordedBinding, System.Byte>
7ffcd176c978      1         80 System.Collections.Generic.Dictionary<System.String, RabbitMQ.Client.Impl.RecordedConsumer>
7ffcd17b8d60      2         80 System.Net.Sockets.DynamicWinsockMethods[]
7ffcd17f5330      2         80 Microsoft.Win32.SafeHandles.SafeCertContextHandle
7ffcd17fdcc0      2         80 System.Security.Cryptography.X509Certificates.X509Store
7ffcd18079c0      2         80 System.Security.Cryptography.Oid
7ffcd180c480      1         80 System.Collections.Generic.Dictionary<Interop+SECURITY_STATUS, System.Net.SecurityStatusPalErrorCode>
7ffcd180d600      1         80 System.Collections.Generic.Dictionary<System.Net.SecurityStatusPalErrorCode, Interop+SECURITY_STATUS>
7ffcd1830998      1         80 System.Collections.Generic.Dictionary<System.String, System.TimeZoneInfo>
7ffcd183af20      1         80 System.Collections.Generic.Dictionary<System.Int32, RabbitMQ.Client.Impl.ISession>
7ffcd19e1360      1         80 System.Threading.Tasks.Task<System.ValueTuple<System.Int32, System.Int32, System.Int32, System.Boolean>>
7ffcd0c588a8      1         80 EventBus.Kafka.EventBusKafka
7ffcd18a5ea0      1         80 System.Collections.Generic.Dictionary<System.String, System.Collections.Generic.HashSet<System.String>>
7ffcd196a950      1         80 System.Collections.Generic.Dictionary<System.Int32, System.Collections.Generic.List<System.Runtime.InteropServices.PosixSignalRegistration+Token>>
7ffcd197de80      1         80 System.Collections.Generic.Dictionary<System.ValueTuple<System.Type, System.String>, System.Action>
7ffcd19e5c60      2         80 System.Xml.Linq.XNamespace
7ffcd1551600      2         80 Microsoft.AspNetCore.Routing.EndpointMiddleware
7ffcd1550d18      1         80 Microsoft.AspNetCore.Routing.EndpointRoutingMiddleware
7ffcd14a3fb8      1         80 Microsoft.AspNetCore.Diagnostics.ExceptionHandlerMiddlewareImpl
7ffcd1addb78      1         80 System.Collections.Generic.Dictionary<System.String, System.ValueTuple<Microsoft.AspNetCore.Cors.Infrastructure.CorsPolicy, System.Threading.Tasks.Task<Microsoft.AspNetCore.Cors.Infrastructure.CorsPolicy>>>
7ffcd1adb150      1         80 Microsoft.AspNetCore.Cors.Infrastructure.CorsPolicy
7ffcd1b1a650      2         80 Microsoft.Extensions.StackTrace.Sources.ExceptionDetailsProvider
7ffcd12f3010      1         80 Microsoft.AspNetCore.Routing.DataSourceDependentCache<System.Collections.Concurrent.ConcurrentDictionary<Microsoft.AspNetCore.Http.Endpoint, Microsoft.AspNetCore.Authorization.AuthorizationPolicy>>
7ffcd12db4d0      1         80 System.Collections.Generic.Dictionary<System.String, Microsoft.AspNetCore.Authentication.AuthenticationScheme>
7ffcd1b34130      1         80 System.Collections.Generic.Dictionary<System.String, Microsoft.AspNetCore.Authentication.AuthenticationSchemeBuilder>
7ffcd0dfb450      1         80 System.Net.Http.HttpClient
7ffcd1b43970      2         80 Microsoft.Extensions.Primitives.IChangeToken[]
7ffcd1b46430      1         80 System.Collections.Generic.Dictionary<System.String, Microsoft.AspNetCore.Server.Kestrel.Core.Internal.CertificateConfig>
7ffcd1b4ca18      2         80 Microsoft.AspNetCore.Server.Kestrel.Core.Internal.HttpConnectionMiddleware<Microsoft.AspNetCore.Hosting.HostingApplication+Context>
7ffcd1b563c8      2         80 System.WeakReference<Microsoft.AspNetCore.Server.Kestrel.Core.KestrelServerOptions>[]
7ffcd1b9f4b0      1         80 System.Collections.Generic.Dictionary<System.Type, System.Text.Json.Serialization.JsonConverter>
7ffcd1c89450      1         80 System.Collections.Generic.Dictionary<System.String, Microsoft.OpenApi.Interfaces.IOpenApiExtension>
7ffcd1cab3f0      1         80 System.Collections.Generic.Dictionary<System.String, Microsoft.OpenApi.Models.OperationType>
7ffcd1cadca0      1         80 System.Collections.Generic.Dictionary<Microsoft.AspNetCore.Mvc.ModelBinding.BindingSource, Microsoft.OpenApi.Models.ParameterLocation>
7ffcd1cb67a8      1         80 System.Collections.Generic.Dictionary<System.Type, System.Tuple<Swashbuckle.AspNetCore.SwaggerGen.DataType, System.String>>
7ffcd1d29328      1         80 System.Collections.Generic.Dictionary<System.String, System.Text.Json.Serialization.Converters.EnumConverter<Order.Infrastructure.Entities.Abstractions.BaseStatus>+EnumFieldInfo>
7ffcd1f18a70      2         80 System.Net.Http.Headers.ProductInfoHeaderParser
7ffcd04982c0      1         80 System.Buffers.AsciiCharSearchValues<System.Buffers.IndexOfAnyAsciiSearcher+Default, System.Buffers.SearchValues+TrueConst>
7ffcd1f2ce18      1         80 System.Net.Http.Metrics.MetricsHandler+SharedMeter
7ffcd1fbef78      1         80 System.Collections.Generic.Dictionary<System.String, System.Text.Json.Serialization.Converters.EnumConverter<Swashbuckle.AspNetCore.SwaggerUI.ModelRendering>+EnumFieldInfo>
7ffcd1fc35d0      1         80 System.Collections.Generic.Dictionary<System.String, System.Text.Json.Serialization.Converters.EnumConverter<Swashbuckle.AspNetCore.SwaggerUI.DocExpansion>+EnumFieldInfo>
7ffcd1fcb5c8      1         80 System.Collections.Generic.Dictionary<System.String, System.Text.Json.Serialization.Converters.EnumConverter<Swashbuckle.AspNetCore.SwaggerUI.SubmitMethod>+EnumFieldInfo>
7ffcd26098c0      1         80 System.Collections.Generic.Dictionary<System.String, Microsoft.AspNetCore.Routing.Tree.OutboundMatch>
7ffcd27bbcc8      1         80 System.Collections.Generic.Dictionary<Microsoft.Extensions.DependencyInjection.ServiceLookup.ServiceIdentifier, Microsoft.Extensions.DependencyInjection.ServiceLookup.CallSiteFactory+ServiceDescriptorCacheItem>
7ffcd27c0018      2         80 System.WeakReference<Microsoft.Extensions.DependencyInjection.ServiceProvider>[]
7ffcd3035738      1         80 System.Collections.Generic.Dictionary<System.Type, System.Collections.Generic.SortedSet<System.Type>>
7ffcd303e340      1         80 System.Collections.Generic.Dictionary<System.Type, System.Collections.Generic.List<Microsoft.EntityFrameworkCore.Metadata.IConventionEntityType>>
7ffcd31516c8      1         80 System.Collections.Concurrent.ConcurrentDictionary<System.ValueTuple<System.Type, System.Type>, Microsoft.EntityFrameworkCore.Storage.ValueConversion.ValueConverterInfo>+Node
7ffcd31535d8      2         80 Microsoft.EntityFrameworkCore.Storage.Json.JsonConvertedValueReaderWriter<Order.Infrastructure.Entities.Abstractions.BaseStatus, System.Int32>
7ffcd306aec8      1         80 System.Collections.Generic.Dictionary<System.Type, System.Collections.Generic.HashSet<Microsoft.EntityFrameworkCore.Metadata.Internal.Property>>
7ffcd3382a38      2         80 System.Linq.Expressions.Expression2<System.Func<System.DateTimeOffset, System.DateTimeOffset, System.Boolean>>
7ffcd3665ab8      1         80 System.Collections.Generic.Dictionary<Serilog.Events.LogEventLevel, Serilog.Sinks.SystemConsole.Themes.ConsoleThemeStyle>
7ffcd37863c0      1         80 System.Collections.Generic.Dictionary<System.Type, System.Collections.Generic.List<Microsoft.EntityFrameworkCore.Metadata.RuntimeEntityType>>
7ffcd37871e0      1         80 System.Collections.Generic.Dictionary<System.String, Microsoft.EntityFrameworkCore.Metadata.RuntimeEntityType>
7ffcd37878b8      1         80 System.Collections.Generic.Dictionary<System.Type, Microsoft.EntityFrameworkCore.Metadata.RuntimeTypeMappingConfiguration>
7ffcd37b0f98      2         80 System.Linq.Expressions.Expression2<System.Func<Order.Infrastructure.Entities.Abstractions.BaseStatus, Order.Infrastructure.Entities.Abstractions.BaseStatus, System.Boolean>>
7ffcd3825ba8      2         80 System.Collections.Concurrent.ConcurrentDictionary<System.Object, System.Object>
7ffcd3909200      1         80 System.Collections.Generic.Dictionary<System.String, Microsoft.EntityFrameworkCore.Metadata.Internal.TableBase>
7ffcd39098d8      1         80 System.Collections.Generic.Dictionary<System.ValueTuple<System.String, System.String>, Microsoft.EntityFrameworkCore.Metadata.Internal.Table>
7ffcd3909fb0      1         80 System.Collections.Generic.Dictionary<System.ValueTuple<System.String, System.String>, Microsoft.EntityFrameworkCore.Metadata.Internal.View>
7ffcd390a688      1         80 System.Collections.Generic.Dictionary<System.String, Microsoft.EntityFrameworkCore.Metadata.Internal.SqlQuery>
7ffcd390c020      1         80 System.Collections.Generic.Dictionary<System.ValueTuple<System.String, System.String, System.Collections.Generic.IReadOnlyList<System.String>>, Microsoft.EntityFrameworkCore.Metadata.Internal.StoreFunction>
7ffcd390c6f8      1         80 System.Collections.Generic.Dictionary<System.ValueTuple<System.String, System.String>, Microsoft.EntityFrameworkCore.Metadata.Internal.StoreStoredProcedure>
7ffcd39f7320      1         80 System.Collections.Generic.Dictionary<System.Reflection.MethodInfo, System.ValueTuple<System.String, System.String>>
7ffcd3af0a50      1         80 System.Collections.Generic.Dictionary<System.String, Microsoft.Data.SqlClient.SqlColumnEncryptionKeyStoreProvider>
7ffcd3af3b20      1         80 System.Collections.Generic.Dictionary<Microsoft.Data.SqlClient.ConnectionPool.DbConnectionPoolKey, Microsoft.Data.SqlClient.ConnectionPool.DbConnectionPoolGroup>
7ffcd3d958e8      1         80 System.Configuration.Internal.InternalConfigRoot
7ffcd3dcd860      2         80 Microsoft.Data.SqlClient.SqlRetryLogicProvider
7ffcd3dce898      2         80 System.Collections.Concurrent.ConcurrentBag<Microsoft.Data.SqlClient.SqlRetryLogicBase>
7ffcd3dcf3e8      2         80 System.Threading.ThreadLocal<System.Collections.Concurrent.ConcurrentBag<Microsoft.Data.SqlClient.SqlRetryLogicBase>+WorkStealingQueue>
7ffcd3de8b00      1         80 System.Collections.Generic.Dictionary<System.Transactions.Transaction, Microsoft.Data.SqlClient.ConnectionPool.WaitHandleDbConnectionPool+TransactedConnectionList>
7ffcd3e182f0      1         80 System.Collections.Generic.Dictionary<System.Int32, System.Text.Encoding>
7ffcd3e8a888      1         80 System.Collections.Generic.Dictionary<System.Int32, System.Globalization.CultureInfo>
7ffcd3f9c250      1         80 System.Collections.Generic.Dictionary<System.Reflection.FieldInfo, System.Linq.Expressions.Interpreter.Instruction>
7ffcd3f9d340      2         80 System.Dynamic.Utils.CacheDict<System.Reflection.MethodInfo, System.Linq.Expressions.Interpreter.CallInstruction>+Entry
7ffcd1f8e1e8      1         80 System.Collections.Concurrent.ConcurrentDictionary<System.ValueTuple<System.String, System.Type, System.Reflection.MemberInfo>, System.Text.Json.Serialization.Metadata.ReflectionEmitCachingMemberAccessor+Cache<System.ValueTuple<System.String, System.Type, System.Reflection.MemberInfo>>+CacheEntry>+Enumerator
7ffcd04f2690      1         88 Microsoft.DotNet.HotReload.HotReloadAgent
7ffcd09ce1a8      3         88 System.Collections.Generic.KeyValuePair<System.String, System.String>[]
7ffcd0b46430      1         88 System.ComponentModel.WeakHashtable
7ffcd0a56c08      1         88 Microsoft.AspNetCore.Server.Kestrel.Transport.Quic.QuicTransportOptions
7ffcd0ac7600      1         88 Microsoft.AspNetCore.Server.Kestrel.Core.Internal.Infrastructure.KestrelMetrics
7ffcd0b69560      1         88 Microsoft.AspNetCore.Mvc.Routing.ControllerRequestDelegateFactory
7ffcd2ea9528      1         88 Microsoft.EntityFrameworkCore.Storage.ValueConversion.NumberToBytesConverter<System.Int64>
7ffcd2eaa1e0      1         88 Microsoft.EntityFrameworkCore.Storage.ValueConversion.NumberToBytesConverter<System.UInt64>
7ffcd2f71260      1         88 System.Text.RegularExpressions.Generated.<RegexGenerator_g>FCDFAA894408A4BE52DB36407A8838158E1347B18C8E6D1FBD1331CEC2A9DD6BE__CreateConnectionStringValidKeyRegex_0
7ffcd2f715f0      1         88 System.Text.RegularExpressions.Generated.<RegexGenerator_g>FCDFAA894408A4BE52DB36407A8838158E1347B18C8E6D1FBD1331CEC2A9DD6BE__CreateConnectionStringQuoteValueRegex_1
7ffcd2f71800      1         88 System.Text.RegularExpressions.Generated.<RegexGenerator_g>FCDFAA894408A4BE52DB36407A8838158E1347B18C8E6D1FBD1331CEC2A9DD6BE__CreateConnectionStringQuoteOdbcValueRegex_2
7ffcd17731a8      1         88 System.Threading.Channels.SingleConsumerUnboundedChannel<RabbitMQ.Client.Framing.Impl.AutorecoveringConnection+RecoveryCommand>
7ffcd177d8b0      1         88 System.Threading.Channels.SingleConsumerUnboundedChannel<System.Memory<System.Byte>>
7ffcd19e2f98      1         88 System.Text.CodePageDataItem[]
7ffcd11d1f88      1         88 Microsoft.AspNetCore.Authentication.AuthenticationOptions
7ffcd179ce10      1         88 System.Threading.Tasks.Task+DelayPromiseWithCancellation
7ffcd1f1e648      1         88 System.Net.Http.HttpConnectionPoolManager
7ffcd2636b28      1         88 Microsoft.Extensions.Internal.ObjectMethodExecutor
7ffcd26441f8      1         88 Microsoft.AspNetCore.Mvc.Infrastructure.ActionMethodExecutor[]
7ffcd27b11e8      1         88 Microsoft.Extensions.DependencyInjection.ServiceLookup.ServiceProviderCallSite
7ffcd088df90      1         88 Serilog.Sinks.File.FileSink
7ffcd3af52a8      1         88 System.Threading.Tasks.Task<Microsoft.Data.ProviderBase.DbConnectionInternal>[]
7ffcd3de8178      2         88 System.Threading.WaitHandle[]
7ffcd1a0dbd0      1         92 System.Xml.WriteState[]
7ffcd0ce9e88      4         96 Confluent.Kafka.Offset
7ffcd3eb2be8      3         96 System.Data.SqlTypes.SqlDateTime
7ffcd3eaf7b8      4         96 System.Data.SqlTypes.SqlInt32
7ffcd1b3e3d8      3         96 Microsoft.AspNetCore.Server.Kestrel.Core.Internal.Http.DateHeaderValueManager+DateHeaderValues
7ffcd042d2f8      2         96 System.Text.UTF8Encoding+UTF8EncodingSealed
7ffcd0438960      1         96 System.Collections.Generic.Dictionary<System.String, System.Diagnostics.Tracing.EventSource+OverrideEventProvider>+Entry[]
7ffcd0481260      1         96 System.Collections.Generic.Dictionary<System.Int64, System.WeakReference<System.Runtime.Loader.AssemblyLoadContext>>+Entry[]
7ffcd05313f0      4         96 System.Runtime.InteropServices.OSPlatform
7ffcd05a5750      4         96 System.Threading.AutoResetEvent
7ffcd07a6478      1         96 System.Collections.Generic.Dictionary<System.String, System.Globalization.CultureInfo>+Entry[]
7ffcd07a8778      1         96 System.Collections.Generic.Dictionary<System.String, System.IntPtr>+Entry[]
7ffcd0940578      1         96 System.Collections.Generic.Dictionary<System.Type, System.Func<System.String, System.Object>>+Entry[]
7ffcd094d678      2         96 System.Text.RegularExpressions.CompiledRegexRunnerFactory
7ffcd0881a90      3         96 Serilog.Sinks.SystemConsole.Themes.SystemConsoleTheme
7ffcd099f8e0      2         96 Serilog.Sinks.SystemConsole.Rendering.ThemedMessageTemplateRenderer
7ffcd099bdb8      2         96 Serilog.Sinks.SystemConsole.ConsoleSink
7ffcd09b0340      4         96 Serilog.LoggerConfiguration+<>c__DisplayClass33_0
7ffcd09b14d8      4         96 Serilog.Core.Sinks.SafeAggregateSink
7ffcd09b1d00      4         96 Serilog.Policies.PrimitiveScalarConversionPolicy
7ffcd09b1ea8      4         96 Serilog.Policies.SimpleScalarConversionPolicy
7ffcd09b4098      3         96 System.SZGenericArrayEnumerator<System.Type>
7ffcd09b1f90      4         96 Serilog.Policies.EnumScalarConversionPolicy
7ffcd09b2080      4         96 Serilog.Policies.ByteArrayScalarConversionPolicy
7ffcd09b21b0      4         96 Serilog.Policies.ByteMemoryScalarConversionPolicy
7ffcd09b22b0      4         96 Serilog.Policies.DelegateDestructuringPolicy
7ffcd09b23a0      4         96 Serilog.Policies.ReflectionTypesScalarDestructuringPolicy
7ffcd09b4968      4         96 Serilog.Capturing.PropertyBinder
7ffcd1443960      2         96 Microsoft.AspNetCore.Builder.ApplicationBuilder
7ffcd0aac9b0      1         96 Microsoft.AspNetCore.Hosting.WebHostOptions
7ffcd0ae6410      3         96 System.Collections.Generic.List<Microsoft.AspNetCore.Routing.EndpointDataSource>
7ffcd0880b00      3         96 System.SZGenericArrayEnumerator<System.Reflection.CustomAttributeData>
7ffcd0b4ca00      1         96 System.Collections.Generic.Dictionary<System.Type, System.Attribute>+Entry[]
7ffcd0c3e8c8      3         96 Microsoft.Extensions.DependencyInjection.ServiceCollectionExtensions+<>c__DisplayClass12_0
7ffcd0c51d90      3         96 Microsoft.Extensions.Options.ConfigureNamedOptions<AutoMapper.MapperConfigurationExpression>
7ffcd11716a8      1         96 Autofac.Core.Registration.DefaultRegisteredServicesTracker
7ffcd19e6ab0      2         96 System.Xml.Linq.XHashtable<System.Xml.Linq.XName>+XHashtableState
7ffcd1a29fc0      4         96 System.Xml.Linq.XObjectChangeEventArgs
7ffcd1a2cb30      3         96 Microsoft.AspNetCore.Cryptography.SafeHandles.BCryptAlgorithmHandle
7ffcd14132e8      1         96 Microsoft.Extensions.Hosting.Internal.Host
7ffcd1463470      4         96 <>z__ReadOnlyArray<System.Double>
7ffcd14665c8      3         96 System.Collections.Generic.List<Microsoft.AspNetCore.Server.Kestrel.Core.ListenOptions>
7ffcd127db08      1         96 Microsoft.AspNetCore.Server.Kestrel.Core.Internal.ServiceContext
7ffcd14894f8      1         96 Swashbuckle.AspNetCore.SwaggerUI.ConfigObject
7ffcd12b6338      3         96 System.Text.Json.Serialization.Metadata.DefaultJsonTypeInfoResolver
7ffcd14d1cb0      3         96 System.Text.Json.JsonSerializerOptions+ConverterList
7ffcd14d1f88      3         96 System.Collections.Generic.List<System.Text.Json.Serialization.JsonConverter>
7ffcd14d45e8      3         96 System.Collections.Generic.List<System.Text.Encoding>
7ffcd0340000      4         96 System.Byte
7ffcd29475d0      3         96 System.Linq.Expressions.Expression1<System.Func<Order.Infrastructure.Entities.OrderModels.OrderModel, System.Int32>>
7ffcd29e4058      3         96 System.Linq.Expressions.Expression1<System.Func<Order.Business.Mediator.Commands.OrderFront.CreateOrderPaymentFrontManualViewModel, System.Nullable<System.DateTime>>>
7ffcd29e6780      3         96 System.Linq.Expressions.Expression1<System.Func<Order.Business.Mediator.Commands.OrderFront.CreateOrderPaymentFrontManualViewModel, System.Collections.Generic.IEnumerable<Order.Infrastructure.Entities.OrderModels.OrderPaymentTransactionModel>>>
7ffcd29ec990      3         96 AutoMapper.Configuration.MemberConfigurationExpression<Order.Business.Mediator.Commands.OrderFront.CreateOrderItemFrontManualViewModel, Order.Infrastructure.Entities.OrderModels.OrderItemModel, System.Int32>+<>c__DisplayClass40_0
7ffcd29ece28      3         96 AutoMapper.Configuration.MemberConfigurationExpression<Order.Business.Mediator.Commands.OrderFront.CreateOrderItemFrontManualViewModel, Order.Infrastructure.Entities.OrderModels.OrderItemModel, System.String>+<>c__DisplayClass40_0
7ffcd29f0378      3         96 System.Linq.Expressions.Expression1<System.Func<Order.Business.Mediator.Commands.OrderFront.CreateOrderItemFrontManualViewModel, Order.Infrastructure.Entities.OrderModels.OrderItemFulFillmentModel>>
7ffcd29f0ca8      3         96 AutoMapper.Configuration.MemberConfigurationExpression<Order.Business.Mediator.Commands.OrderFront.CreateOrderItemFrontManualViewModel, Order.Infrastructure.Entities.OrderModels.OrderItemModel, Order.Infrastructure.Entities.OrderModels.OrderItemPromotionModel>+<>c__DisplayClass40_0
7ffcd29f1470      3         96 AutoMapper.Configuration.MemberConfigurationExpression<Order.Business.Mediator.Commands.OrderFront.CreateOrderItemFrontManualViewModel, Order.Infrastructure.Entities.OrderModels.OrderItemModel, Order.Infrastructure.Entities.OrderModels.OrderItemAmountModel>+<>c__DisplayClass40_0
7ffcd29f1c38      3         96 AutoMapper.Configuration.MemberConfigurationExpression<Order.Business.Mediator.Commands.OrderFront.CreateOrderItemFrontManualViewModel, Order.Infrastructure.Entities.OrderModels.OrderItemModel, System.Collections.Generic.ICollection<Order.Infrastructure.Entities.OrderModels.OrderItemPaymentModel>>+<>c__DisplayClass40_0
7ffcd29f2400      3         96 AutoMapper.Configuration.MemberConfigurationExpression<Order.Business.Mediator.Commands.OrderFront.CreateOrderItemFrontManualViewModel, Order.Infrastructure.Entities.OrderModels.OrderItemModel, System.Collections.Generic.ICollection<Order.Infrastructure.Entities.OrderModels.OrderItemRemarkModel>>+<>c__DisplayClass40_0
7ffcd29f2898      3         96 AutoMapper.Configuration.MemberConfigurationExpression<Order.Business.Mediator.Commands.OrderFront.CreateOrderItemFrontManualViewModel, Order.Infrastructure.Entities.OrderModels.OrderItemModel, System.Collections.Generic.ICollection<Order.Infrastructure.Entities.OrderModels.OrderItemBarcodeModel>>+<>c__DisplayClass40_0
7ffcd29f3378      3         96 AutoMapper.Configuration.MemberConfigurationExpression<Order.Business.Mediator.Commands.OrderFront.CreateOrderFrontManualViewModel, Order.Infrastructure.Entities.SubOrderModels.SubOrderModel, System.Int32>+<>c__DisplayClass40_0
7ffcd29f39e0      3         96 AutoMapper.Configuration.MemberConfigurationExpression<Order.Business.Mediator.Commands.OrderFront.CreateOrderFrontManualViewModel, Order.Infrastructure.Entities.SubOrderModels.SubOrderModel, System.String>+<>c__DisplayClass40_0
7ffcd29f4a80      3         96 AutoMapper.Configuration.MemberConfigurationExpression<Order.Business.Mediator.Commands.OrderFront.CreateOrderFrontManualViewModel, Order.Infrastructure.Entities.SubOrderModels.SubOrderModel, System.Collections.Generic.ICollection<Order.Infrastructure.Entities.SubOrderModels.SubOrderItemModel>>+<>c__DisplayClass40_0
7ffcd29f5248      3         96 AutoMapper.Configuration.MemberConfigurationExpression<Order.Business.Mediator.Commands.OrderFront.CreateOrderFrontManualViewModel, Order.Infrastructure.Entities.SubOrderModels.SubOrderModel, System.Collections.Generic.ICollection<Order.Infrastructure.Entities.SubOrderModels.SubOrderFeeModel>>+<>c__DisplayClass40_0
7ffcd29fa0b0      3         96 AutoMapper.Configuration.MemberConfigurationExpression<Order.Business.Mediator.Commands.OrderFront.CreateOrderItemFrontManualViewModel, Order.Infrastructure.Entities.SubOrderModels.SubOrderItemModel, System.Int32>+<>c__DisplayClass40_0
7ffcd29fa548      3         96 AutoMapper.Configuration.MemberConfigurationExpression<Order.Business.Mediator.Commands.OrderFront.CreateOrderItemFrontManualViewModel, Order.Infrastructure.Entities.SubOrderModels.SubOrderItemModel, System.String>+<>c__DisplayClass40_0
7ffcd29fcbb8      3         96 System.Linq.Expressions.Expression1<System.Func<Order.Business.Mediator.Commands.OrderFront.CreateOrderItemFrontManualViewModel, Order.Infrastructure.Entities.SubOrderModels.SubOrderItemFulFillmentModel>>
7ffcd29fd4e8      3         96 AutoMapper.Configuration.MemberConfigurationExpression<Order.Business.Mediator.Commands.OrderFront.CreateOrderItemFrontManualViewModel, Order.Infrastructure.Entities.SubOrderModels.SubOrderItemModel, Order.Infrastructure.Entities.SubOrderModels.SubOrderItemPromotionModel>+<>c__DisplayClass40_0
7ffcd29fdcb0      3         96 AutoMapper.Configuration.MemberConfigurationExpression<Order.Business.Mediator.Commands.OrderFront.CreateOrderItemFrontManualViewModel, Order.Infrastructure.Entities.SubOrderModels.SubOrderItemModel, Order.Infrastructure.Entities.SubOrderModels.SubOrderItemAmountModel>+<>c__DisplayClass40_0
7ffcd29fe478      3         96 AutoMapper.Configuration.MemberConfigurationExpression<Order.Business.Mediator.Commands.OrderFront.CreateOrderItemFrontManualViewModel, Order.Infrastructure.Entities.SubOrderModels.SubOrderItemModel, System.Collections.Generic.ICollection<Order.Infrastructure.Entities.SubOrderModels.SubOrderItemPayModel>>+<>c__DisplayClass40_0
7ffcd29fec40      3         96 AutoMapper.Configuration.MemberConfigurationExpression<Order.Business.Mediator.Commands.OrderFront.CreateOrderItemFrontManualViewModel, Order.Infrastructure.Entities.SubOrderModels.SubOrderItemModel, System.Collections.Generic.ICollection<Order.Infrastructure.Entities.SubOrderModels.SubOrderItemRemarkModel>>+<>c__DisplayClass40_0
7ffcd29ff0d8      3         96 AutoMapper.Configuration.MemberConfigurationExpression<Order.Business.Mediator.Commands.OrderFront.CreateOrderItemFrontManualViewModel, Order.Infrastructure.Entities.SubOrderModels.SubOrderItemModel, System.Collections.Generic.ICollection<Order.Infrastructure.Entities.SubOrderModels.SubOrderItemBarcodeModel>>+<>c__DisplayClass40_0
7ffcd2a17948      3         96 AutoMapper.Configuration.MemberConfigurationExpression<Order.Business.Mediator.Commands.OrderFront.CreateOrderFrontViewModel, Order.Infrastructure.Entities.OrderModels.OrderModel, System.Int32>+<>c__DisplayClass40_0
7ffcd2a18458      3         96 AutoMapper.Configuration.MemberConfigurationExpression<Order.Business.Mediator.Commands.OrderFront.CreateOrderFrontViewModel, Order.Infrastructure.Entities.OrderModels.OrderModel, System.String>+<>c__DisplayClass40_0
7ffcd2a19340      3         96 AutoMapper.Configuration.MemberConfigurationExpression<Order.Business.Mediator.Commands.OrderFront.CreateOrderFrontViewModel, Order.Infrastructure.Entities.OrderModels.OrderModel, System.Collections.Generic.ICollection<Order.Infrastructure.Entities.OrderModels.OrderItemModel>>+<>c__DisplayClass40_0
7ffcd2a197d8      3         96 AutoMapper.Configuration.MemberConfigurationExpression<Order.Business.Mediator.Commands.OrderFront.CreateOrderFrontViewModel, Order.Infrastructure.Entities.OrderModels.OrderModel, System.Collections.Generic.ICollection<Order.Infrastructure.Entities.OrderModels.OrderFeeModel>>+<>c__DisplayClass40_0
7ffcd2a1b920      3         96 System.Linq.Expressions.Expression1<System.Func<Order.Business.Mediator.Commands.OrderFront.CreateOrderPaymentFrontViewModel, System.String>>
7ffcd2a1c370      3         96 System.Linq.Expressions.Expression1<System.Func<Order.Business.Mediator.Commands.OrderFront.CreateOrderPaymentFrontViewModel, System.Nullable<System.DateTime>>>
7ffcd2a1cdc0      3         96 System.Linq.Expressions.Expression1<System.Func<Order.Business.Mediator.Commands.OrderFront.CreateOrderPaymentFrontViewModel, System.Collections.Generic.IEnumerable<Order.Infrastructure.Entities.OrderModels.OrderPaymentTransactionModel>>>
7ffcd2a1da08      3         96 AutoMapper.Configuration.MemberConfigurationExpression<Order.Business.Mediator.Commands.OrderFront.CreateOrderItemFrontViewModel, Order.Infrastructure.Entities.OrderModels.OrderItemModel, System.Int32>+<>c__DisplayClass40_0
7ffcd2a1dea0      3         96 AutoMapper.Configuration.MemberConfigurationExpression<Order.Business.Mediator.Commands.OrderFront.CreateOrderItemFrontViewModel, Order.Infrastructure.Entities.OrderModels.OrderItemModel, System.String>+<>c__DisplayClass40_0
7ffcd2a30958      3         96 System.Linq.Expressions.Expression1<System.Func<Order.Business.Mediator.Commands.OrderFront.CreateOrderItemFrontViewModel, Order.Infrastructure.Entities.OrderModels.OrderItemFulFillmentModel>>
7ffcd2a30f58      3         96 AutoMapper.Configuration.MemberConfigurationExpression<Order.Business.Mediator.Commands.OrderFront.CreateOrderItemFrontViewModel, Order.Infrastructure.Entities.OrderModels.OrderItemModel, Order.Infrastructure.Entities.OrderModels.OrderItemPromotionModel>+<>c__DisplayClass40_0
7ffcd2a313f0      3         96 AutoMapper.Configuration.MemberConfigurationExpression<Order.Business.Mediator.Commands.OrderFront.CreateOrderItemFrontViewModel, Order.Infrastructure.Entities.OrderModels.OrderItemModel, Order.Infrastructure.Entities.OrderModels.OrderItemAmountModel>+<>c__DisplayClass40_0
7ffcd2a31888      3         96 AutoMapper.Configuration.MemberConfigurationExpression<Order.Business.Mediator.Commands.OrderFront.CreateOrderItemFrontViewModel, Order.Infrastructure.Entities.OrderModels.OrderItemModel, System.Collections.Generic.ICollection<Order.Infrastructure.Entities.OrderModels.OrderItemPaymentModel>>+<>c__DisplayClass40_0
7ffcd2a31d20      3         96 AutoMapper.Configuration.MemberConfigurationExpression<Order.Business.Mediator.Commands.OrderFront.CreateOrderItemFrontViewModel, Order.Infrastructure.Entities.OrderModels.OrderItemModel, System.Collections.Generic.ICollection<Order.Infrastructure.Entities.OrderModels.OrderItemRemarkModel>>+<>c__DisplayClass40_0
7ffcd2a321b8      3         96 AutoMapper.Configuration.MemberConfigurationExpression<Order.Business.Mediator.Commands.OrderFront.CreateOrderItemFrontViewModel, Order.Infrastructure.Entities.OrderModels.OrderItemModel, System.Collections.Generic.ICollection<Order.Infrastructure.Entities.OrderModels.OrderItemBarcodeModel>>+<>c__DisplayClass40_0
7ffcd2a32c98      3         96 AutoMapper.Configuration.MemberConfigurationExpression<Order.Business.Mediator.Commands.OrderFront.CreateOrderFrontViewModel, Order.Infrastructure.Entities.SubOrderModels.SubOrderModel, System.Int32>+<>c__DisplayClass40_0
7ffcd2a33300      3         96 AutoMapper.Configuration.MemberConfigurationExpression<Order.Business.Mediator.Commands.OrderFront.CreateOrderFrontViewModel, Order.Infrastructure.Entities.SubOrderModels.SubOrderModel, System.String>+<>c__DisplayClass40_0
7ffcd2a33d40      3         96 AutoMapper.Configuration.MemberConfigurationExpression<Order.Business.Mediator.Commands.OrderFront.CreateOrderFrontViewModel, Order.Infrastructure.Entities.SubOrderModels.SubOrderModel, System.Collections.Generic.ICollection<Order.Infrastructure.Entities.SubOrderModels.SubOrderItemModel>>+<>c__DisplayClass40_0
7ffcd2a341d8      3         96 AutoMapper.Configuration.MemberConfigurationExpression<Order.Business.Mediator.Commands.OrderFront.CreateOrderFrontViewModel, Order.Infrastructure.Entities.SubOrderModels.SubOrderModel, System.Collections.Generic.ICollection<Order.Infrastructure.Entities.SubOrderModels.SubOrderFeeModel>>+<>c__DisplayClass40_0
7ffcd2a35968      3         96 AutoMapper.Configuration.MemberConfigurationExpression<Order.Business.Mediator.Commands.OrderFront.CreateOrderItemFrontViewModel, Order.Infrastructure.Entities.SubOrderModels.SubOrderItemModel, System.Int32>+<>c__DisplayClass40_0
7ffcd2a35e00      3         96 AutoMapper.Configuration.MemberConfigurationExpression<Order.Business.Mediator.Commands.OrderFront.CreateOrderItemFrontViewModel, Order.Infrastructure.Entities.SubOrderModels.SubOrderItemModel, System.String>+<>c__DisplayClass40_0
7ffcd2a375d8      3         96 System.Linq.Expressions.Expression1<System.Func<Order.Business.Mediator.Commands.OrderFront.CreateOrderItemFrontViewModel, Order.Infrastructure.Entities.SubOrderModels.SubOrderItemFulFillmentModel>>
7ffcd2a37bd8      3         96 AutoMapper.Configuration.MemberConfigurationExpression<Order.Business.Mediator.Commands.OrderFront.CreateOrderItemFrontViewModel, Order.Infrastructure.Entities.SubOrderModels.SubOrderItemModel, Order.Infrastructure.Entities.SubOrderModels.SubOrderItemPromotionModel>+<>c__DisplayClass40_0
7ffcd2a38070      3         96 AutoMapper.Configuration.MemberConfigurationExpression<Order.Business.Mediator.Commands.OrderFront.CreateOrderItemFrontViewModel, Order.Infrastructure.Entities.SubOrderModels.SubOrderItemModel, Order.Infrastructure.Entities.SubOrderModels.SubOrderItemAmountModel>+<>c__DisplayClass40_0
7ffcd2a38508      3         96 AutoMapper.Configuration.MemberConfigurationExpression<Order.Business.Mediator.Commands.OrderFront.CreateOrderItemFrontViewModel, Order.Infrastructure.Entities.SubOrderModels.SubOrderItemModel, System.Collections.Generic.ICollection<Order.Infrastructure.Entities.SubOrderModels.SubOrderItemPayModel>>+<>c__DisplayClass40_0
7ffcd2a389a0      3         96 AutoMapper.Configuration.MemberConfigurationExpression<Order.Business.Mediator.Commands.OrderFront.CreateOrderItemFrontViewModel, Order.Infrastructure.Entities.SubOrderModels.SubOrderItemModel, System.Collections.Generic.ICollection<Order.Infrastructure.Entities.SubOrderModels.SubOrderItemRemarkModel>>+<>c__DisplayClass40_0
7ffcd2a38e38      3         96 AutoMapper.Configuration.MemberConfigurationExpression<Order.Business.Mediator.Commands.OrderFront.CreateOrderItemFrontViewModel, Order.Infrastructure.Entities.SubOrderModels.SubOrderItemModel, System.Collections.Generic.ICollection<Order.Infrastructure.Entities.SubOrderModels.SubOrderItemBarcodeModel>>+<>c__DisplayClass40_0
7ffcd2a62138      3         96 AutoMapper.Configuration.MemberConfigurationExpression<Order.Infrastructure.Entities.OrderModels.OrderModel, Order.Domain.AggregatesModel.FrontAPI.Order.OrderDetailFrontView, System.Object>+<>c__DisplayClass40_0
7ffcd2a6dfd8      3         96 AutoMapper.Configuration.MemberConfigurationExpression<Order.Business.Mediator.Commands.OrderFront.UpdateOrderFrontViewModel, Order.Infrastructure.Entities.OrderModels.OrderModel, System.Collections.Generic.ICollection<Order.Infrastructure.Entities.OrderModels.OrderAddressModel>>+<>c__DisplayClass40_0
7ffcd2a6e470      3         96 AutoMapper.Configuration.MemberConfigurationExpression<Order.Business.Mediator.Commands.OrderFront.UpdateOrderFrontViewModel, Order.Infrastructure.Entities.OrderModels.OrderModel, System.Collections.Generic.ICollection<Order.Infrastructure.Entities.OrderModels.OrderItemModel>>+<>c__DisplayClass40_0
7ffcd2a6ec38      3         96 AutoMapper.Configuration.MemberConfigurationExpression<Order.Business.Mediator.Commands.OrderFront.UpdateOrderFrontViewModel, Order.Infrastructure.Entities.OrderModels.OrderModel, System.Collections.Generic.ICollection<Order.Infrastructure.Entities.OrderModels.OrderPaymentModel>>+<>c__DisplayClass40_0
7ffcd2a707c8      3         96 AutoMapper.Configuration.MemberConfigurationExpression<Order.Business.Mediator.Commands.OrderFront.UpdateOrderItemFront, Order.Infrastructure.Entities.OrderModels.OrderItemModel, System.Int32>+<>c__DisplayClass40_0
7ffcd2a72100      3         96 AutoMapper.Configuration.MemberConfigurationExpression<Order.Business.Mediator.Commands.OrderFront.UpdateOrderItemFront, Order.Infrastructure.Entities.OrderModels.OrderItemModel, Order.Infrastructure.Entities.OrderModels.OrderItemAmountModel>+<>c__DisplayClass40_0
7ffcd2a72598      3         96 AutoMapper.Configuration.MemberConfigurationExpression<Order.Business.Mediator.Commands.OrderFront.UpdateOrderItemFront, Order.Infrastructure.Entities.OrderModels.OrderItemModel, Order.Infrastructure.Entities.OrderModels.OrderItemPromotionModel>+<>c__DisplayClass40_0
7ffcd2a77078      3         96 AutoMapper.Configuration.MemberConfigurationExpression<Order.Business.Mediator.Commands.OrderFront.UpdateOrderFrontViewModel, Order.Business.Mediator.Commands.OrderFront.UpdateSubOrderFrontViewModel, System.Collections.Generic.List<Order.Business.Mediator.Commands.OrderFront.SubOrderAddressViewModel>>+<>c__DisplayClass40_0
7ffcd2a77840      3         96 AutoMapper.Configuration.MemberConfigurationExpression<Order.Business.Mediator.Commands.OrderFront.UpdateOrderFrontViewModel, Order.Business.Mediator.Commands.OrderFront.UpdateSubOrderFrontViewModel, System.Collections.Generic.List<Order.Business.Mediator.Commands.OrderFront.UpdateSubOrderItemFront>>+<>c__DisplayClass40_0
7ffcd2a79570      3         96 AutoMapper.Configuration.MemberConfigurationExpression<Order.Business.Mediator.Commands.OrderFront.UpdateOrderItemFront, Order.Business.Mediator.Commands.OrderFront.UpdateSubOrderItemFront, System.Int32>+<>c__DisplayClass40_0
7ffcd2a7b7c0      3         96 AutoMapper.Configuration.MemberConfigurationExpression<Order.Business.Mediator.Commands.OrderFront.UpdateOrderItemFront, Order.Business.Mediator.Commands.OrderFront.UpdateSubOrderItemFront, Order.Business.Mediator.Commands.OrderFront.UpdateSubOrderItemAmountViewModel>+<>c__DisplayClass40_0
7ffcd2a7bf88      3         96 AutoMapper.Configuration.MemberConfigurationExpression<Order.Business.Mediator.Commands.OrderFront.UpdateOrderItemFront, Order.Business.Mediator.Commands.OrderFront.UpdateSubOrderItemFront, Order.Business.Mediator.Commands.OrderFront.UpdateSubOrderItemPromotionOtherViewModel>+<>c__DisplayClass40_0
7ffcd2a761c8      3         96 System.Linq.Expressions.Expression1<System.Func<Order.Business.Mediator.Commands.OrderFront.UpdateSubOrderFrontViewModel, System.Nullable<System.DateTime>>>
7ffcd2a925d0      3         96 AutoMapper.Configuration.MemberConfigurationExpression<Order.Business.Mediator.Commands.OrderFront.UpdateSubOrderFrontViewModel, Order.Infrastructure.Entities.SubOrderModels.SubOrderModel, System.Collections.Generic.ICollection<Order.Infrastructure.Entities.SubOrderModels.SubOrderAddressModel>>+<>c__DisplayClass40_0
7ffcd2a92a68      3         96 AutoMapper.Configuration.MemberConfigurationExpression<Order.Business.Mediator.Commands.OrderFront.UpdateSubOrderFrontViewModel, Order.Infrastructure.Entities.SubOrderModels.SubOrderModel, System.Collections.Generic.ICollection<Order.Infrastructure.Entities.SubOrderModels.SubOrderItemModel>>+<>c__DisplayClass40_0
7ffcd2a94138      3         96 AutoMapper.Configuration.MemberConfigurationExpression<Order.Business.Mediator.Commands.OrderFront.UpdateSubOrderItemFront, Order.Infrastructure.Entities.SubOrderModels.SubOrderItemModel, System.Int32>+<>c__DisplayClass40_0
7ffcd2a7a158      3         96 System.Linq.Expressions.Expression1<System.Func<Order.Business.Mediator.Commands.OrderFront.UpdateSubOrderItemFront, System.String>>
7ffcd2a95120      3         96 AutoMapper.Configuration.MemberConfigurationExpression<Order.Business.Mediator.Commands.OrderFront.UpdateSubOrderItemFront, Order.Infrastructure.Entities.SubOrderModels.SubOrderItemModel, Order.Infrastructure.Entities.SubOrderModels.SubOrderItemAmountModel>+<>c__DisplayClass40_0
7ffcd2a955b8      3         96 AutoMapper.Configuration.MemberConfigurationExpression<Order.Business.Mediator.Commands.OrderFront.UpdateSubOrderItemFront, Order.Infrastructure.Entities.SubOrderModels.SubOrderItemModel, Order.Infrastructure.Entities.SubOrderModels.SubOrderItemPromotionModel>+<>c__DisplayClass40_0
7ffcd2a9bae8      3         96 System.Linq.Expressions.Expression1<System.Func<Order.Infrastructure.Data.Readonlys.CompanyBuMapping.GetCompanyBuMappingByIdViewModelDto, System.Int32>>
7ffcd2a9e6e0      3         96 System.Linq.Expressions.Expression1<System.Func<Order.Infrastructure.Data.Readonlys.CompanyBuMapping.GetCompanyBuMappingByIdViewModelDto, System.DateTime>>
7ffcd2aa1ce8      3         96 System.Linq.Expressions.Expression1<System.Func<Order.Infrastructure.Data.Readonlys.CompanyBuMapping.GetCompanyBuMappingViewModelDto, System.Int32>>
7ffcd2aa37e8      3         96 System.Linq.Expressions.Expression1<System.Func<Order.Infrastructure.Data.Readonlys.CompanyBuMapping.GetCompanyBuMappingViewModelDto, System.DateTime>>
7ffcd2aa6928      3         96 System.Linq.Expressions.Expression1<System.Func<Order.Business.Mediator.Queries.CompanyBUMapping.GetCompanyBuMappingsQuery, System.Boolean>>
7ffcd2b6cde0      3         96 System.Collections.Generic.List<AutoMapper.PathMap>
7ffcd2df2318      2         96 Microsoft.AspNetCore.Mvc.ModelBinding.Metadata.ValidationMetadata
7ffcd2e1e178      1         96 FluentValidation.ValidatorConfiguration
7ffcd1341428      2         96 Microsoft.Extensions.Caching.Memory.MemoryCache+CoherentState
7ffcd2f78da0      2         96 Microsoft.EntityFrameworkCore.Metadata.IParameterBindingFactory[]
7ffcd06a04b8      1         96 System.IO.DirectoryInfo
7ffcd1528890      2         96 Microsoft.AspNetCore.DataProtection.KeyManagement.KeyRingBasedDataProtector
7ffcd1532518      1         96 Microsoft.AspNetCore.Http.CookieBuilder
7ffcd1671db8      4         96 Microsoft.AspNetCore.Mvc.ControllerContextAttribute
7ffcd1778928      1         96 System.Threading.Channels.BlockedReadAsyncOperation<RabbitMQ.Client.Framing.Impl.AutorecoveringConnection+RecoveryCommand>
7ffcd18325a0      1         96 System.Collections.Generic.Dictionary<System.String, System.TimeZoneInfo>+Entry[]
7ffcd18a6f78      1         96 System.Collections.Generic.Dictionary<System.String, System.Collections.Generic.HashSet<System.String>>+Entry[]
7ffcd196a338      3         96 System.Runtime.InteropServices.PosixSignalRegistration+Token
7ffcd196a3b0      3         96 System.Collections.Generic.List<System.Runtime.InteropServices.PosixSignalRegistration+Token>
7ffcd196b1f0      1         96 System.Collections.Generic.Dictionary<System.Int32, System.Collections.Generic.List<System.Runtime.InteropServices.PosixSignalRegistration+Token>>+Entry[]
7ffcd196f400      4         96 <>z__ReadOnlyArray<System.Double>
7ffcd197b338      2         96 Microsoft.Extensions.Primitives.ChangeToken+ChangeTokenRegistration<System.String>
7ffcd1ad3de8      3         96 Microsoft.AspNetCore.Diagnostics.DiagnosticsMetrics
7ffcd1b532e8      2         96 Microsoft.AspNetCore.Server.Kestrel.Core.Internal.ConnectionDispatcher<Microsoft.AspNetCore.Connections.ConnectionContext>
7ffcd12861b0      2         96 Microsoft.AspNetCore.Server.Kestrel.Core.Internal.Infrastructure.TransportManager+ActiveTransport
7ffcd1bc6b58      1         96 System.Text.Json.Serialization.JsonConverterFactory[]
7ffcd1cb0520      1         96 System.Collections.Generic.Dictionary<Microsoft.AspNetCore.Mvc.ModelBinding.BindingSource, Microsoft.OpenApi.Models.ParameterLocation>+Entry[]
7ffcd093adf8      3         96 System.Collections.Generic.List<System.Text.RegularExpressions.RegexFindOptimizations+FixedDistanceSet>
7ffcd1d320c0      1         96 System.Collections.Generic.Dictionary<System.String, System.Text.Json.Serialization.Converters.EnumConverter<Order.Infrastructure.Entities.Abstractions.BaseStatus>+EnumFieldInfo>+Entry[]
7ffcd0ff8f38      4         96 Microsoft.Extensions.Primitives.StringValues
7ffcd1f78018      1         96 System.Threading.Tasks.Task<System.ValueTuple<System.IO.Stream, System.Net.TransportContext, System.Diagnostics.Activity, System.Net.IPEndPoint>>
7ffcd1fc0778      1         96 System.Collections.Generic.Dictionary<System.String, System.Text.Json.Serialization.Converters.EnumConverter<Swashbuckle.AspNetCore.SwaggerUI.ModelRendering>+EnumFieldInfo>+Entry[]
7ffcd1fc47e0      1         96 System.Collections.Generic.Dictionary<System.String, System.Text.Json.Serialization.Converters.EnumConverter<Swashbuckle.AspNetCore.SwaggerUI.DocExpansion>+EnumFieldInfo>+Entry[]
7ffcd1fc49b8      3         96 System.Collections.Generic.List<System.Text.Json.Serialization.Converters.EnumConverter<Swashbuckle.AspNetCore.SwaggerUI.DocExpansion>+EnumFieldInfo>
7ffcd1fda080      2         96 Microsoft.Extensions.Logging.LoggerMessage+<>c__DisplayClass10_0<Microsoft.Extensions.Primitives.StringValues>
7ffcd294da60      3         96 System.Linq.Expressions.Expression1<System.Func<Order.Infrastructure.Entities.OrderModels.OrderItemModel, System.Int32>>
7ffcd294f858      3         96 System.Linq.Expressions.Expression1<System.Func<Order.Infrastructure.Entities.OrderModels.OrderItemModel, System.Collections.Generic.ICollection<Order.Infrastructure.Entities.OrderModels.OrderItemBarcodeModel>>>
7ffcd29715c8      3         96 System.Linq.Expressions.Expression1<System.Func<Order.Infrastructure.Entities.OrderModels.OrderItemFulFillmentModel, System.Collections.Generic.ICollection<Order.Infrastructure.Entities.OrderModels.OrderItemFulFillmentServiceTypeModel>>>
7ffcd2972850      3         96 System.Linq.Expressions.Expression1<System.Func<Order.Infrastructure.Entities.OrderModels.OrderItemFulFillmentModel, System.Collections.Generic.List<Order.Infrastructure.Entities.OrderModels.OrderItemDeliveryWindowModel>>>
7ffcd29735d0      3         96 System.Linq.Expressions.Expression1<System.Func<Order.Infrastructure.Entities.OrderModels.OrderItemFulFillmentModel, System.String>>
7ffcd2975230      3         96 System.Linq.Expressions.Expression1<System.Func<Order.Infrastructure.Entities.OrderModels.OrderItemFulFillmentModel, System.DateTime>>
7ffcd297a518      3         96 System.Linq.Expressions.Expression1<System.Func<Order.Infrastructure.Entities.OrderModels.OrderItemBarcodeModel, System.String>>
7ffcd298c290      3         96 System.Linq.Expressions.Expression1<System.Func<Order.Infrastructure.Entities.SubOrderModels.SubOrderModel, System.Int32>>
7ffcd298c908      3         96 System.Linq.Expressions.Expression1<System.Func<Order.Infrastructure.Entities.SubOrderModels.SubOrderModel, System.String>>
7ffcd298f890      3         96 System.Linq.Expressions.Expression1<System.Func<Order.Infrastructure.Entities.SubOrderModels.SubOrderItemModel, System.Int32>>
7ffcd2993250      3         96 System.Linq.Expressions.Expression1<System.Func<Order.Infrastructure.Entities.SubOrderModels.SubOrderItemFulFillmentModel, System.Collections.Generic.ICollection<Order.Infrastructure.Entities.SubOrderModels.SubOrderItemFulFillmentServiceTypeModel>>>
7ffcd2993fd0      3         96 System.Linq.Expressions.Expression1<System.Func<Order.Infrastructure.Entities.SubOrderModels.SubOrderItemFulFillmentModel, System.String>>
7ffcd2994d50      3         96 System.Linq.Expressions.Expression1<System.Func<Order.Infrastructure.Entities.SubOrderModels.SubOrderItemFulFillmentModel, System.DateTime>>
7ffcd299fad8      3         96 System.Linq.Expressions.Expression1<System.Func<Order.Infrastructure.Entities.Promotion.PromotionItemModel, System.Int32>>
7ffcd29b1b10      3         96 System.Linq.Expressions.Expression1<System.Func<Order.Business.Mediator.Commands.RoleChannelMapping.CreateRoleChannelMappingCommand, System.Int32>>
7ffcd29b96d8      3         96 System.Linq.Expressions.Expression1<System.Func<Order.Domain.AggregatesModel.Order.PackingDetails, System.Nullable<System.Decimal>>>
7ffcd29bde78      3         96 System.Linq.Expressions.Expression1<System.Func<CommonApiMessage.AggregatesModel.OrderMessage.OrderMessageItemViewModel, System.Decimal>>
7ffcd29cd390      3         96 AutoMapper.Configuration.MemberConfigurationExpression<Order.Business.Mediator.Commands.OrderFront.CreateOrderFrontManualViewModel, Order.Infrastructure.Entities.OrderModels.OrderModel, System.Int32>+<>c__DisplayClass40_0
7ffcd29ce038      3         96 AutoMapper.Configuration.MemberConfigurationExpression<Order.Business.Mediator.Commands.OrderFront.CreateOrderFrontManualViewModel, Order.Infrastructure.Entities.OrderModels.OrderModel, System.String>+<>c__DisplayClass40_0
7ffcd29e0698      3         96 AutoMapper.Configuration.MemberConfigurationExpression<Order.Business.Mediator.Commands.OrderFront.CreateOrderFrontManualViewModel, Order.Infrastructure.Entities.OrderModels.OrderModel, System.Collections.Generic.ICollection<Order.Infrastructure.Entities.OrderModels.OrderItemModel>>+<>c__DisplayClass40_0
7ffcd29e0e60      3         96 AutoMapper.Configuration.MemberConfigurationExpression<Order.Business.Mediator.Commands.OrderFront.CreateOrderFrontManualViewModel, Order.Infrastructure.Entities.OrderModels.OrderModel, System.Collections.Generic.ICollection<Order.Infrastructure.Entities.OrderModels.OrderFeeModel>>+<>c__DisplayClass40_0
7ffcd29e32d8      3         96 System.Linq.Expressions.Expression1<System.Func<Order.Business.Mediator.Commands.OrderFront.CreateOrderPaymentFrontManualViewModel, System.String>>
7ffcd3153ec8      1         96 System.Collections.Generic.Dictionary<System.Type, System.Collections.Generic.HashSet<Microsoft.EntityFrameworkCore.Metadata.Internal.Property>>+Entry[]
7ffcd42a94f0      4         96 System.Text.Json.Serialization.Metadata.JsonPropertyInfo<System.Collections.Generic.List<CommonApiMessage.AggregatesModel.SubOrderMessage.SubOrderMessageAddressViewModel>>+<>c__DisplayClass10_0
7ffcd42c9708      4         96 System.Text.Json.Serialization.Metadata.JsonPropertyInfo<System.Nullable<System.Int64>>+<>c__DisplayClass9_0
7ffcd42c9eb0      4         96 System.Text.Json.Serialization.Metadata.JsonPropertyInfo<System.Nullable<System.Int64>>+<>c__DisplayClass10_0
7ffcd430e668      4         96 System.Text.Json.Serialization.Metadata.JsonPropertyInfo<System.Collections.Generic.List<CommonApiMessage.AggregatesModel.SubOrderMessage.SubOrderMessageItemTaxViewModel>>+<>c__DisplayClass10_0
7ffcd433b9b0      4         96 System.Text.Json.Serialization.Metadata.JsonPropertyInfo<System.Collections.Generic.List<CommonApiMessage.AggregatesModel.OrderMessage.OrderMessageItemTaxViewModel>>+<>c__DisplayClass10_0
7ffcd43516c8      4         96 System.Text.Json.Serialization.Metadata.JsonPropertyInfo<CommonApiMessage.AggregatesModel.SubOrderMessage.SubOrderMessageFeeAmountDtlViewModel>+<>c__DisplayClass10_0
7ffcd4354d30      4         96 System.Text.Json.Serialization.Metadata.JsonPropertyInfo<System.Collections.Generic.ICollection<CommonApiMessage.AggregatesModel.SubOrderMessage.SubOrderMessageFeeTaxViewModel>>+<>c__DisplayClass10_0
7ffcd37b89c0      1         96 Microsoft.EntityFrameworkCore.Metadata.Internal.RelationalModel
7ffcd3af0820      2         96 Microsoft.Data.SqlClient.Diagnostics.SqlDiagnosticListener
7ffcd3af30a0      1         96 System.Collections.Generic.Dictionary<System.String, Microsoft.Data.SqlClient.SqlColumnEncryptionKeyStoreProvider>+Entry[]
7ffcd3af04b8      1         96 Microsoft.Data.ProviderBase.DbConnectionClosedNeverOpened
7ffcd3b10290      1         96 System.Collections.Generic.Dictionary<Microsoft.Data.SqlClient.ConnectionPool.DbConnectionPoolKey, Microsoft.Data.SqlClient.ConnectionPool.DbConnectionPoolGroup>+Entry[]
7ffcd3afc408      1         96 Microsoft.Data.ProviderBase.DbConnectionClosedBusy
7ffcd3d9f4e8      1         96 System.Configuration.ClientConfigPaths
7ffcd3dccf68      2         96 Microsoft.Data.SqlClient.SqlRetryLogic
7ffcd3dcf548      2         96 System.Threading.ThreadLocal<System.Collections.Concurrent.ConcurrentBag<Microsoft.Data.SqlClient.SqlRetryLogicBase>+WorkStealingQueue>+LinkedSlot
7ffcd3de3968      1         96 Microsoft.Data.ProviderBase.DbConnectionClosedConnecting
7ffcd0589ea8      1         96 System.Threading.ReaderWriterLockSlim
7ffcd3e8b088      1         96 System.Collections.Generic.Dictionary<System.Int32, System.Globalization.CultureInfo>+Entry[]
7ffcd3e8ce60      1         96 System.Collections.Generic.Dictionary<System.Int32, System.Text.Encoding>+Entry[]
7ffcd3ea5488      2         96 Microsoft.Extensions.Logging.LoggerMessage+<>c__DisplayClass12_0<System.String, System.Int32>
7ffcd3efb308      1         96 Microsoft.Data.ProviderBase.DbConnectionOpenBusy
7ffcd3ea44a0      1         96 Microsoft.Data.ProviderBase.DbConnectionClosedPreviouslyOpened
7ffcd29fd7f8      3         96 System.Linq.Expressions.Expression1<System.Func<Order.Infrastructure.Entities.SubOrderModels.SubOrderItemModel, Order.Infrastructure.Entities.SubOrderModels.SubOrderItemAmountModel>>
7ffcd3f6fc78      3         96 System.Linq.Expressions.Expression1<System.Func<Order.Infrastructure.Entities.SubOrderModels.SubOrderItemAmountModel, Order.Infrastructure.Entities.SubOrderModels.SubOrderItemAmtDtlModel>>
7ffcd3f90158      3         96 System.Linq.Expressions.Expression1<System.Func<Order.Infrastructure.Entities.SubOrderModels.SubOrderItemAmtDtlModel, System.Collections.Generic.ICollection<Order.Infrastructure.Entities.SubOrderModels.SubOrderItemTaxModel>>>
7ffcd29f4d90      3         96 System.Linq.Expressions.Expression1<System.Func<Order.Infrastructure.Entities.SubOrderModels.SubOrderModel, System.Collections.Generic.ICollection<Order.Infrastructure.Entities.SubOrderModels.SubOrderFeeModel>>>
7ffcd1674bb8      3        104 System.Reflection.CustomAttributeTypedArgument[]
7ffcd05ddb18      1        104 System.Runtime.CompilerServices.AsyncTaskMethodBuilder<System.Threading.Tasks.VoidTaskResult>+AsyncStateMachineBox<Microsoft.DotNet.HotReload.PipeListener+<>c__DisplayClass7_0+<<Listen>b__0>d>
7ffcd0858948      3        104 System.Reflection.CustomAttributeData[]
7ffcd09cbec8      1        104 Microsoft.Extensions.Hosting.HostApplicationBuilder
7ffcd1466f28      3        104 Microsoft.AspNetCore.Server.Kestrel.Core.ListenOptions[]
7ffcd1175d20      1        104 Autofac.Core.InternalReflectionCaches
7ffcd179ae00      2        104 System.Diagnostics.ActivitySource[]
7ffcd1489750      3        104 Swashbuckle.AspNetCore.SwaggerUI.UrlDescriptor[]
7ffcd477d648      1        104 System.Runtime.CompilerServices.AsyncTaskMethodBuilder<System.Threading.Tasks.VoidTaskResult>+AsyncStateMachineBox<Microsoft.AspNetCore.Server.Kestrel.Transport.Sockets.Internal.SocketConnection+<DisposeAsync>d__26>
7ffcd0e0b758      1        104 Microsoft.AspNetCore.DataProtection.KeyManagement.KeyRingProvider
7ffcd0e69ae0      1        104 Microsoft.AspNetCore.Mvc.RazorPages.Infrastructure.PageRequestDelegateFactory
7ffcd0e90520      1        104 EventBus.RabbitMQ.EventBusRabbitMQMultiWorker
7ffcd177b390      1        104 RabbitMQ.Client.Impl.SocketFrameHandler
7ffcd177ead0      1        104 System.Threading.Channels.BlockedReadAsyncOperation<System.Memory<System.Byte>>
7ffcd18364b0      1        104 RabbitMQ.Client.Impl.MainSession
7ffcd187ef00      1        104 System.Threading.Tasks.Task<System.Int32>[]
7ffcd1d289d8      1        104 System.Text.Json.Serialization.Converters.EnumConverter<Order.Infrastructure.Entities.Abstractions.BaseStatus>
7ffcd1fbe9a0      1        104 System.Text.Json.Serialization.Converters.EnumConverter<Swashbuckle.AspNetCore.SwaggerUI.ModelRendering>
7ffcd1fc2ff8      1        104 System.Text.Json.Serialization.Converters.EnumConverter<Swashbuckle.AspNetCore.SwaggerUI.DocExpansion>
7ffcd1fcaff0      1        104 System.Text.Json.Serialization.Converters.EnumConverter<Swashbuckle.AspNetCore.SwaggerUI.SubmitMethod>
7ffcd32de758      1        104 Microsoft.EntityFrameworkCore.Metadata.RuntimeModel
7ffcd053db10      2        112 System.ValueTuple<System.String, Microsoft.DotNet.HotReload.AgentMessageSeverity>[]
7ffcd06803f8      2        112 System.Collections.Concurrent.ConcurrentDictionary<Microsoft.Extensions.FileProviders.IPollingChangeToken, Microsoft.Extensions.FileProviders.IPollingChangeToken>+Tables
7ffcd099e0b8      2        112 Serilog.Sinks.SystemConsole.Output.TimestampTokenRenderer
7ffcd1ab6688      2        112 Microsoft.AspNetCore.Watch.BrowserRefresh.BrowserScriptMiddleware
7ffcd1197448      2        112 System.Collections.Concurrent.ConcurrentDictionary<System.ValueTuple<System.Type, System.Type>, System.Boolean>+Tables
7ffcd11c1dd8      1        112 Autofac.Core.SelfComponentRegistration
7ffcd09d46e8      1        112 Microsoft.Extensions.Hosting.Internal.ConsoleLifetime
7ffcd1468118      1        112 Microsoft.AspNetCore.Server.Kestrel.KestrelConfigurationLoader
7ffcd12c81a0      2        112 Microsoft.AspNetCore.Http.ParameterBindingMethodCache
7ffcd14ef4d8      2        112 System.Collections.Concurrent.ConcurrentDictionary<System.Type, System.Func<System.Linq.Expressions.ParameterExpression, System.Linq.Expressions.Expression, System.Linq.Expressions.Expression>>+Tables
7ffcd14efd30      2        112 System.Collections.Concurrent.ConcurrentDictionary<System.Type, System.ValueTuple<System.Func<System.Reflection.ParameterInfo, System.Linq.Expressions.Expression>, System.Int32>>+Tables
7ffcd14f05a0      2        112 System.Collections.Concurrent.ConcurrentDictionary<System.Type, System.ValueTuple<System.Reflection.ConstructorInfo, Microsoft.AspNetCore.Http.ParameterBindingMethodCache+ConstructorParameter[]>>+Tables
7ffcd12be778      2        112 System.Collections.Concurrent.ConcurrentDictionary<System.Type, Microsoft.Extensions.Internal.PropertyActivator<Microsoft.AspNetCore.Mvc.ControllerContext>[]>+Tables
7ffcd0e00548      2        112 Microsoft.AspNetCore.Mvc.ViewFeatures.ViewDataDictionaryControllerPropertyActivator
7ffcd1346ce0      2        112 Microsoft.AspNetCore.Mvc.Razor.RazorPagePropertyActivator+PropertyValueAccessors
7ffcd2df7370      2        112 System.Text.Json.Serialization.Converters.ObjectDefaultConverter<Order.Business.Mediator.Commands.Order.GetSubOrderCommand>
7ffcd2df7d48      2        112 System.Text.Json.Serialization.Converters.ObjectDefaultConverter<MediatR.IRequest<CommonApiMessage.AggregatesModel.SubOrderMessage.SubOrderMessageViewModel>>
7ffcd2df8598      2        112 System.Text.Json.Serialization.Converters.ObjectDefaultConverter<MediatR.IBaseRequest>
7ffcd2de47d0      1        112 System.Collections.Concurrent.ConcurrentDictionary<AutoMapper.Internal.TypePair, System.Lazy<AutoMapper.TypeMap>>+VolatileNode[]
7ffcd2ec1aa8      2        112 System.Collections.Concurrent.ConcurrentDictionary<System.Type, System.Reflection.MethodInfo>+Tables
7ffcd2ec0018      2        112 Microsoft.EntityFrameworkCore.Storage.ValueConversion.ConverterMappingHints
7ffcd11d6598      2        112 Microsoft.Extensions.Caching.Memory.MemoryCacheOptions
7ffcd1344648      2        112 System.Collections.Concurrent.ConcurrentDictionary<System.String, Microsoft.Extensions.Caching.Memory.CacheEntry>+Tables
7ffcd2fd2a20      2        112 System.Collections.Concurrent.ConcurrentDictionary<System.Type, System.Reflection.PropertyInfo>+Tables
7ffcd13449d0      2        112 System.Collections.Concurrent.ConcurrentDictionary<System.Object, Microsoft.Extensions.Caching.Memory.CacheEntry>+Tables
7ffcd0e69868      1        112 Microsoft.AspNetCore.Mvc.RazorPages.Infrastructure.PageActionInvokerProvider
7ffcd134b340      2        112 System.Collections.Concurrent.ConcurrentDictionary<System.Type, Microsoft.Extensions.Internal.PropertyActivator<Microsoft.AspNetCore.Mvc.Rendering.ViewContext>[]>+Tables
7ffcd166cbc8      2        112 System.Collections.Concurrent.ConcurrentDictionary<System.Type, Microsoft.Extensions.Internal.PropertyHelper[]>+Tables
7ffcd1733fa0      2        112 EventBus.RabbitMQ.EventBusRabbitMQConsumeWorker[]
7ffcd1771418      2        112 RabbitMQ.Client.Impl.AutorecoveringModel[]
7ffcd1881f60      1        112 System.Runtime.CompilerServices.AsyncTaskMethodBuilder<System.Threading.Tasks.VoidTaskResult>+AsyncStateMachineBox<RabbitMQ.Client.Framing.Impl.AutorecoveringConnection+<MainRecoveryLoop>d__139>
7ffcd0683a28      2        112 Microsoft.Extensions.Primitives.CompositeChangeToken
7ffcd1b4ea40      2        112 Microsoft.AspNetCore.Server.Kestrel.Transport.Sockets.SocketConnectionListener
7ffcd1b4ebe8      2        112 Microsoft.AspNetCore.Server.Kestrel.Transport.Sockets.SocketConnectionContextFactory
7ffcd1c707a0      1        112 Confluent.Kafka.ConsumerBuilder<Confluent.Kafka.Ignore, System.String>
7ffcd1d29198      2        112 System.Text.Json.Serialization.Converters.EnumConverter<Order.Infrastructure.Entities.Abstractions.BaseStatus>+EnumFieldInfo
7ffcd1dbb7d8      2        112 Microsoft.AspNetCore.Server.Kestrel.Core.Internal.Http.ZeroContentLengthMessageBody
7ffcd26435b0      2        112 System.Collections.Concurrent.ConcurrentDictionary<Microsoft.AspNetCore.Mvc.ModelBinding.ModelBinderFactory+Key, Microsoft.AspNetCore.Mvc.ModelBinding.IModelBinder>+Node
7ffcd27c97d0      2        112 Microsoft.EntityFrameworkCore.Diagnostics.EventDefinition
7ffcd2fd2da8      2        112 System.Collections.Concurrent.ConcurrentDictionary<System.Type, System.String>+Tables
7ffcd3827200      2        112 System.Collections.Concurrent.ConcurrentDictionary<System.Object, System.Object>+Tables
7ffcd42a1e40      2        112 System.Text.Json.Serialization.Converters.ObjectDefaultConverter<CommonApiMessage.AggregatesModel.SubOrderMessage.SubOrderMessageViewModel>
7ffcd42b6598      2        112 System.Text.Json.Serialization.Converters.ListOfTConverter<System.Collections.Generic.List<System.String>, System.String>
7ffcd42b7b70      2        112 System.Text.Json.Serialization.Converters.ListOfTConverter<System.Collections.Generic.List<CommonApiMessage.AggregatesModel.SubOrderMessage.SubOrderMessageRemarkViewModel>, CommonApiMessage.AggregatesModel.SubOrderMessage.SubOrderMessageRemarkViewModel>
7ffcd42b8580      2        112 System.Text.Json.Serialization.Converters.ObjectDefaultConverter<CommonApiMessage.AggregatesModel.SubOrderMessage.SubOrderMessageRemarkViewModel>
7ffcd42b8f58      2        112 System.Text.Json.Serialization.Converters.ListOfTConverter<System.Collections.Generic.List<CommonApiMessage.AggregatesModel.SubOrderMessage.SubOrderMessageAddressViewModel>, CommonApiMessage.AggregatesModel.SubOrderMessage.SubOrderMessageAddressViewModel>
7ffcd42b9968      2        112 System.Text.Json.Serialization.Converters.ObjectDefaultConverter<CommonApiMessage.AggregatesModel.SubOrderMessage.SubOrderMessageAddressViewModel>
7ffcd42bdb70      2        112 System.Text.Json.Serialization.Converters.ListOfTConverter<System.Collections.Generic.List<CommonApiMessage.AggregatesModel.SubOrderMessage.SubOrderMessageItemViewModel>, CommonApiMessage.AggregatesModel.SubOrderMessage.SubOrderMessageItemViewModel>
7ffcd42be580      2        112 System.Text.Json.Serialization.Converters.ObjectDefaultConverter<CommonApiMessage.AggregatesModel.SubOrderMessage.SubOrderMessageItemViewModel>
7ffcd42fa338      2        112 System.Text.Json.Serialization.Converters.ObjectDefaultConverter<CommonApiMessage.AggregatesModel.SubOrderMessage.SubOrderMessageItemPromotionViewModel>
7ffcd42fdf30      2        112 System.Text.Json.Serialization.Converters.ObjectDefaultConverter<CommonApiMessage.AggregatesModel.SubOrderMessage.SubOrderMessageItemFulFillmentViewModel>
7ffcd4305ab0      2        112 System.Text.Json.Serialization.Converters.ListOfTConverter<System.Collections.Generic.List<CommonApiMessage.AggregatesModel.SubOrderMessage.SubOrderMessageItemDeliveryWindowViewModel>, CommonApiMessage.AggregatesModel.SubOrderMessage.SubOrderMessageItemDeliveryWindowViewModel>
7ffcd43064c0      2        112 System.Text.Json.Serialization.Converters.ObjectDefaultConverter<CommonApiMessage.AggregatesModel.SubOrderMessage.SubOrderMessageItemDeliveryWindowViewModel>
7ffcd4306e98      2        112 System.Text.Json.Serialization.Converters.ListOfTConverter<System.Collections.Generic.List<CommonApiMessage.AggregatesModel.SubOrderMessage.SubOrderMessageItemFulFillmentServiceTypeViewModel>, CommonApiMessage.AggregatesModel.SubOrderMessage.SubOrderMessageItemFulFillmentServiceTypeViewModel>
7ffcd43078a8      2        112 System.Text.Json.Serialization.Converters.ObjectDefaultConverter<CommonApiMessage.AggregatesModel.SubOrderMessage.SubOrderMessageItemFulFillmentServiceTypeViewModel>
7ffcd4309e98      2        112 System.Text.Json.Serialization.Converters.ListOfTConverter<System.Collections.Generic.List<CommonApiMessage.AggregatesModel.SubOrderMessage.SubOrderMessageItemRemarkViewModel>, CommonApiMessage.AggregatesModel.SubOrderMessage.SubOrderMessageItemRemarkViewModel>
7ffcd430a8a8      2        112 System.Text.Json.Serialization.Converters.ObjectDefaultConverter<CommonApiMessage.AggregatesModel.SubOrderMessage.SubOrderMessageItemRemarkViewModel>
7ffcd430b280      2        112 System.Text.Json.Serialization.Converters.ObjectDefaultConverter<CommonApiMessage.AggregatesModel.SubOrderMessage.SubOrderMessageItemAmountViewModel>
7ffcd430ccd0      2        112 System.Text.Json.Serialization.Converters.ObjectDefaultConverter<CommonApiMessage.AggregatesModel.SubOrderMessage.SubOrderMessageItemAmountDetailViewModel>
7ffcd430e720      2        112 System.Text.Json.Serialization.Converters.ListOfTConverter<System.Collections.Generic.List<CommonApiMessage.AggregatesModel.SubOrderMessage.SubOrderMessageItemTaxViewModel>, CommonApiMessage.AggregatesModel.SubOrderMessage.SubOrderMessageItemTaxViewModel>
7ffcd430f130      2        112 System.Text.Json.Serialization.Converters.ObjectDefaultConverter<CommonApiMessage.AggregatesModel.SubOrderMessage.SubOrderMessageItemTaxViewModel>
7ffcd4311c40      2        112 System.Text.Json.Serialization.Converters.ListOfTConverter<System.Collections.Generic.List<CommonApiMessage.AggregatesModel.SubOrderMessage.SubOrderMessageItemPaymentViewModel>, CommonApiMessage.AggregatesModel.SubOrderMessage.SubOrderMessageItemPaymentViewModel>
7ffcd4312650      2        112 System.Text.Json.Serialization.Converters.ObjectDefaultConverter<CommonApiMessage.AggregatesModel.SubOrderMessage.SubOrderMessageItemPaymentViewModel>
7ffcd4313028      2        112 System.Text.Json.Serialization.Converters.ListOfTConverter<System.Collections.Generic.List<CommonApiMessage.AggregatesModel.SubOrderMessage.SubOrderMessageItemSubBarcodeViewModel>, CommonApiMessage.AggregatesModel.SubOrderMessage.SubOrderMessageItemSubBarcodeViewModel>
7ffcd4313a38      2        112 System.Text.Json.Serialization.Converters.ObjectDefaultConverter<CommonApiMessage.AggregatesModel.SubOrderMessage.SubOrderMessageItemSubBarcodeViewModel>
7ffcd4314410      2        112 System.Text.Json.Serialization.Converters.ListOfTConverter<System.Collections.Generic.List<CommonApiMessage.AggregatesModel.SubOrderMessage.SubOrderMessageItemPromotionsViewModel>, CommonApiMessage.AggregatesModel.SubOrderMessage.SubOrderMessageItemPromotionsViewModel>
7ffcd4314e20      2        112 System.Text.Json.Serialization.Converters.ObjectDefaultConverter<CommonApiMessage.AggregatesModel.SubOrderMessage.SubOrderMessageItemPromotionsViewModel>
7ffcd43157f8      2        112 System.Text.Json.Serialization.Converters.ListOfTConverter<System.Collections.Generic.List<CommonApiMessage.AggregatesModel.OrderMessage.OrderMessagePaymentViewModel>, CommonApiMessage.AggregatesModel.OrderMessage.OrderMessagePaymentViewModel>
7ffcd4316208      2        112 System.Text.Json.Serialization.Converters.ObjectDefaultConverter<CommonApiMessage.AggregatesModel.OrderMessage.OrderMessagePaymentViewModel>
7ffcd43199b0      2        112 System.Text.Json.Serialization.Converters.ListOfTConverter<System.Collections.Generic.List<CommonApiMessage.AggregatesModel.OrderMessage.OrderMessagePaymentTransactionViewModel>, CommonApiMessage.AggregatesModel.OrderMessage.OrderMessagePaymentTransactionViewModel>
7ffcd431a3c0      2        112 System.Text.Json.Serialization.Converters.ObjectDefaultConverter<CommonApiMessage.AggregatesModel.OrderMessage.OrderMessagePaymentTransactionViewModel>
7ffcd431ad98      2        112 System.Text.Json.Serialization.Converters.ListOfTConverter<System.Collections.Generic.List<CommonApiMessage.AggregatesModel.OrderMessage.OrderMessageCustomerViewModel>, CommonApiMessage.AggregatesModel.OrderMessage.OrderMessageCustomerViewModel>
7ffcd431b7a8      2        112 System.Text.Json.Serialization.Converters.ObjectDefaultConverter<CommonApiMessage.AggregatesModel.OrderMessage.OrderMessageCustomerViewModel>
7ffcd431c180      2        112 System.Text.Json.Serialization.Converters.ListOfTConverter<System.Collections.Generic.List<CommonApiMessage.AggregatesModel.OrderMessage.OrderMessageItemViewModel>, CommonApiMessage.AggregatesModel.OrderMessage.OrderMessageItemViewModel>
7ffcd431cb90      2        112 System.Text.Json.Serialization.Converters.ObjectDefaultConverter<CommonApiMessage.AggregatesModel.OrderMessage.OrderMessageItemViewModel>
7ffcd432c860      2        112 System.Text.Json.Serialization.Converters.ObjectDefaultConverter<CommonApiMessage.AggregatesModel.OrderMessage.OrderMessageItemFulFillmentViewModel>
7ffcd4332df8      2        112 System.Text.Json.Serialization.Converters.ListOfTConverter<System.Collections.Generic.List<CommonApiMessage.AggregatesModel.OrderMessage.OrderMessageItemDeliveryWindowViewModel>, CommonApiMessage.AggregatesModel.OrderMessage.OrderMessageItemDeliveryWindowViewModel>
7ffcd4333808      2        112 System.Text.Json.Serialization.Converters.ObjectDefaultConverter<CommonApiMessage.AggregatesModel.OrderMessage.OrderMessageItemDeliveryWindowViewModel>
7ffcd43341e0      2        112 System.Text.Json.Serialization.Converters.ListOfTConverter<System.Collections.Generic.List<CommonApiMessage.AggregatesModel.OrderMessage.OrderMessageItemFulFillmentServiceTypeViewModel>, CommonApiMessage.AggregatesModel.OrderMessage.OrderMessageItemFulFillmentServiceTypeViewModel>
7ffcd4334bf0      2        112 System.Text.Json.Serialization.Converters.ObjectDefaultConverter<CommonApiMessage.AggregatesModel.OrderMessage.OrderMessageItemFulFillmentServiceTypeViewModel>
7ffcd43355c8      2        112 System.Text.Json.Serialization.Converters.ListOfTConverter<System.Collections.Generic.List<CommonApiMessage.AggregatesModel.OrderMessage.OrderMessageItemRemarkViewModel>, CommonApiMessage.AggregatesModel.OrderMessage.OrderMessageItemRemarkViewModel>
7ffcd4335fd8      2        112 System.Text.Json.Serialization.Converters.ObjectDefaultConverter<CommonApiMessage.AggregatesModel.OrderMessage.OrderMessageItemRemarkViewModel>
7ffcd43369b0      2        112 System.Text.Json.Serialization.Converters.ObjectDefaultConverter<CommonApiMessage.AggregatesModel.OrderMessage.OrderMessageItemAmountViewModel>
7ffcd4338400      2        112 System.Text.Json.Serialization.Converters.ObjectDefaultConverter<CommonApiMessage.AggregatesModel.OrderMessage.OrderMessageItemAmountDetailViewModel>
7ffcd433ba68      2        112 System.Text.Json.Serialization.Converters.ListOfTConverter<System.Collections.Generic.List<CommonApiMessage.AggregatesModel.OrderMessage.OrderMessageItemTaxViewModel>, CommonApiMessage.AggregatesModel.OrderMessage.OrderMessageItemTaxViewModel>
7ffcd433c478      2        112 System.Text.Json.Serialization.Converters.ObjectDefaultConverter<CommonApiMessage.AggregatesModel.OrderMessage.OrderMessageItemTaxViewModel>
7ffcd433ce50      2        112 System.Text.Json.Serialization.Converters.ListOfTConverter<System.Collections.Generic.List<CommonApiMessage.AggregatesModel.OrderMessage.OrderMessageItemPaymentViewModel>, CommonApiMessage.AggregatesModel.OrderMessage.OrderMessageItemPaymentViewModel>
7ffcd433d860      2        112 System.Text.Json.Serialization.Converters.ObjectDefaultConverter<CommonApiMessage.AggregatesModel.OrderMessage.OrderMessageItemPaymentViewModel>
7ffcd433e238      2        112 System.Text.Json.Serialization.Converters.ListOfTConverter<System.Collections.Generic.List<CommonApiMessage.AggregatesModel.OrderMessage.OrderMessageSubBarcodeViewModel>, CommonApiMessage.AggregatesModel.OrderMessage.OrderMessageSubBarcodeViewModel>
7ffcd433ec48      2        112 System.Text.Json.Serialization.Converters.ObjectDefaultConverter<CommonApiMessage.AggregatesModel.OrderMessage.OrderMessageSubBarcodeViewModel>
7ffcd433f620      2        112 System.Text.Json.Serialization.Converters.ObjectDefaultConverter<CommonApiMessage.AggregatesModel.OrderMessage.OrderMessageItemPromotionViewModel>
7ffcd4341c40      2        112 System.Text.Json.Serialization.Converters.ListOfTConverter<System.Collections.Generic.List<CommonApiMessage.AggregatesModel.OrderMessage.OrderMessageItemPromotionsViewModel>, CommonApiMessage.AggregatesModel.OrderMessage.OrderMessageItemPromotionsViewModel>
7ffcd4342650      2        112 System.Text.Json.Serialization.Converters.ObjectDefaultConverter<CommonApiMessage.AggregatesModel.OrderMessage.OrderMessageItemPromotionsViewModel>
7ffcd4343028      2        112 System.Text.Json.Serialization.Converters.ListOfTConverter<System.Collections.Generic.List<CommonApiMessage.AggregatesModel.OrderMessage.OrderMessagePromotionViewModel>, CommonApiMessage.AggregatesModel.OrderMessage.OrderMessagePromotionViewModel>
7ffcd4343a38      2        112 System.Text.Json.Serialization.Converters.ObjectDefaultConverter<CommonApiMessage.AggregatesModel.OrderMessage.OrderMessagePromotionViewModel>
7ffcd43455c8      2        112 System.Text.Json.Serialization.Converters.ObjectDefaultConverter<CommonApiMessage.AggregatesModel.OrderMessage.OrderMessagePromotionAmountViewModel>
7ffcd4347a78      2        112 System.Text.Json.Serialization.Converters.ListOfTConverter<System.Collections.Generic.List<CommonApiMessage.AggregatesModel.SubOrderMessage.SubOrderMessagePromotionViewModel>, CommonApiMessage.AggregatesModel.SubOrderMessage.SubOrderMessagePromotionViewModel>
7ffcd4348488      2        112 System.Text.Json.Serialization.Converters.ObjectDefaultConverter<CommonApiMessage.AggregatesModel.SubOrderMessage.SubOrderMessagePromotionViewModel>
7ffcd434a018      2        112 System.Text.Json.Serialization.Converters.ObjectDefaultConverter<CommonApiMessage.AggregatesModel.SubOrderMessage.SubOrderMessagePromotionAmountViewModel>
7ffcd434c4c8      2        112 System.Text.Json.Serialization.Converters.ListOfTConverter<System.Collections.Generic.List<CommonApiMessage.AggregatesModel.SubOrderMessage.SubOrderMessageFeeViewModel>, CommonApiMessage.AggregatesModel.SubOrderMessage.SubOrderMessageFeeViewModel>
7ffcd434ced8      2        112 System.Text.Json.Serialization.Converters.ObjectDefaultConverter<CommonApiMessage.AggregatesModel.SubOrderMessage.SubOrderMessageFeeViewModel>
7ffcd434fc20      2        112 System.Text.Json.Serialization.Converters.ObjectDefaultConverter<CommonApiMessage.AggregatesModel.SubOrderMessage.SubOrderMessageFeeAmountViewModel>
7ffcd4351780      2        112 System.Text.Json.Serialization.Converters.ObjectDefaultConverter<CommonApiMessage.AggregatesModel.SubOrderMessage.SubOrderMessageFeeAmountDtlViewModel>
7ffcd43550a0      2        112 System.Text.Json.Serialization.Converters.ICollectionOfTConverter<System.Collections.Generic.ICollection<CommonApiMessage.AggregatesModel.SubOrderMessage.SubOrderMessageFeeTaxViewModel>, CommonApiMessage.AggregatesModel.SubOrderMessage.SubOrderMessageFeeTaxViewModel>
7ffcd4355e30      2        112 System.Text.Json.Serialization.Converters.ObjectDefaultConverter<CommonApiMessage.AggregatesModel.SubOrderMessage.SubOrderMessageFeeTaxViewModel>
7ffcd4356808      2        112 System.Text.Json.Serialization.Converters.ICollectionOfTConverter<System.Collections.Generic.ICollection<CommonApiMessage.AggregatesModel.SubOrderMessage.SubOrderMessageFeePaymentViewModel>, CommonApiMessage.AggregatesModel.SubOrderMessage.SubOrderMessageFeePaymentViewModel>
7ffcd43572d8      2        112 System.Text.Json.Serialization.Converters.ObjectDefaultConverter<CommonApiMessage.AggregatesModel.SubOrderMessage.SubOrderMessageFeePaymentViewModel>
7ffcd4357cb0      2        112 System.Text.Json.Serialization.Converters.ListOfTConverter<System.Collections.Generic.List<CommonApiMessage.AggregatesModel.Package.PackageInfoMessageViewModel>, CommonApiMessage.AggregatesModel.Package.PackageInfoMessageViewModel>
7ffcd4358718      2        112 System.Text.Json.Serialization.Converters.ObjectDefaultConverter<CommonApiMessage.AggregatesModel.Package.PackageInfoMessageViewModel>
7ffcd435ad08      2        112 System.Text.Json.Serialization.Converters.ListOfTConverter<System.Collections.Generic.List<CommonApiMessage.AggregatesModel.OrderMessage.OrderMessageAddressViewModel>, CommonApiMessage.AggregatesModel.OrderMessage.OrderMessageAddressViewModel>
7ffcd435b718      2        112 System.Text.Json.Serialization.Converters.ObjectDefaultConverter<CommonApiMessage.AggregatesModel.OrderMessage.OrderMessageAddressViewModel>
7ffcd435f920      2        112 System.Text.Json.Serialization.Converters.ListOfTConverter<System.Collections.Generic.List<CommonApiMessage.AggregatesModel.Package.PackageTbMessage>, CommonApiMessage.AggregatesModel.Package.PackageTbMessage>
7ffcd4380490      2        112 System.Text.Json.Serialization.Converters.ObjectDefaultConverter<CommonApiMessage.AggregatesModel.Package.PackageTbMessage>
7ffcd3ea4760      2        112 Microsoft.EntityFrameworkCore.Diagnostics.EventDefinition<System.String, System.Int32>
7ffcd3eb1e48      3        120 System.Data.SqlTypes.SqlDecimal
7ffcd416f6c0      5        120 Microsoft.EntityFrameworkCore.Storage.ExecutionStrategy+<>c__DisplayClass28_0<Microsoft.EntityFrameworkCore.Query.Internal.SingleQueryingEnumerable<Order.Infrastructure.Entities.OrderItemInformation.OrderItemOtherInfoModel>+Enumerator, System.Boolean>
7ffcd162b910      5        120 Order.Domain.AggregatesModel.Order.OrderRepository+<>c__DisplayClass54_0
7ffcd16299f0      5        120 Order.Domain.AggregatesModel.Order.OrderRepository+<>c__DisplayClass12_0
7ffcd4230f88      5        120 Microsoft.EntityFrameworkCore.EntityFrameworkQueryableExtensions+IncludableQueryable<Order.Infrastructure.Entities.OrderModels.OrderModel, System.Collections.Generic.ICollection<Order.Infrastructure.Entities.OrderModels.OrderCustomerModel>>
7ffcd4254950      5        120 Microsoft.EntityFrameworkCore.Storage.ExecutionStrategy+<>c__DisplayClass28_0<Microsoft.EntityFrameworkCore.Query.Internal.SingleQueryingEnumerable<Order.Infrastructure.Entities.OrderModels.OrderModel>+Enumerator, System.Boolean>
7ffcd03608c8      1        120 System.OutOfMemoryException
7ffcd03609f0      1        120 System.StackOverflowException
7ffcd0360b18      1        120 System.ExecutionEngineException
7ffcd0438680      1        120 System.Collections.Generic.Dictionary<System.Guid, System.Diagnostics.Tracing.EventSource+OverrideEventProvider>+Entry[]
7ffcd0565b78      1        120 System.IO.Pipes.NamedPipeClientStream
7ffcd0670928      3        120 Microsoft.Extensions.Configuration.ConfigurationRoot
7ffcd07ae078      3        120 System.IO.EnumerationOptions
7ffcd08504a8      5        120 Serilog.Parsing.MessageTemplateParser
7ffcd09cd0d0      3        120 Microsoft.Extensions.Configuration.Memory.MemoryConfigurationProvider
7ffcd0b452e8      3        120 System.ComponentModel.ReflectTypeDescriptionProvider
7ffcd0b45c10      3        120 System.Collections.Concurrent.ConcurrentDictionary<System.Type, System.ComponentModel.ReflectTypeDescriptionProvider+ReflectedTypeData>
7ffcd117b320      3        120 Autofac.Util.Cache.ReflectionCacheDictionary<System.Type, System.Boolean>
7ffcd0ac6498      1        120 Microsoft.AspNetCore.Server.Kestrel.Core.KestrelServerImpl
7ffcd146c498      3        120 System.Collections.Concurrent.ConcurrentDictionary<System.Int64, Microsoft.AspNetCore.Server.Kestrel.Core.Internal.Infrastructure.ConnectionReference>
7ffcd0c3a258      3        120 Microsoft.AspNetCore.Authorization.DefaultAuthorizationPolicyProvider
7ffcd2f71a40      1        120 System.Text.RegularExpressions.Generated.<RegexGenerator_g>FCDFAA894408A4BE52DB36407A8838158E1347B18C8E6D1FBD1331CEC2A9DD6BE__CreateConnectionStringValidKeyRegex_0+RunnerFactory+Runner
7ffcd2f746d0      1        120 System.Text.RegularExpressions.Generated.<RegexGenerator_g>FCDFAA894408A4BE52DB36407A8838158E1347B18C8E6D1FBD1331CEC2A9DD6BE__CreateConnectionStringQuoteValueRegex_1+RunnerFactory+Runner
7ffcd2fd3728      1        120 System.Collections.Generic.Dictionary<System.Type, System.ValueTuple<Microsoft.EntityFrameworkCore.Metadata.ConfigurationSource, System.Collections.Generic.SortedSet<Microsoft.EntityFrameworkCore.Metadata.Internal.EntityType>>>+Entry[]
7ffcd15520d8      1        120 Microsoft.AspNetCore.Mvc.Routing.ControllerActionEndpointDataSource
7ffcd08409b0      5        120 System.Runtime.InteropServices.OptionalAttribute
7ffcd1688760      3        120 System.ComponentModel.NullableConverter
7ffcd067f390      5        120 System.Threading.Timer
7ffcd187fc10      5        120 System.Threading.TimerHolder
7ffcd0ae7128      1        120 Microsoft.AspNetCore.Hosting.GenericWebHostService
7ffcd197ea80      1        120 System.Collections.Generic.Dictionary<System.ValueTuple<System.Type, System.String>, System.Action>+Entry[]
7ffcd1ab3740      3        120 Microsoft.AspNetCore.Builder.UseMiddlewareExtensions+ReflectionMiddlewareBinder+<>c__DisplayClass6_0
7ffcd1adf1e0      1        120 System.Collections.Generic.Dictionary<System.String, System.ValueTuple<Microsoft.AspNetCore.Cors.Infrastructure.CorsPolicy, System.Threading.Tasks.Task<Microsoft.AspNetCore.Cors.Infrastructure.CorsPolicy>>>+Entry[]
7ffcd1b9b830      5        120 System.WeakReference<System.Text.Json.JsonSerializerOptions+CachingContext>
7ffcd1c6d068      1        120 System.Runtime.CompilerServices.AsyncTaskMethodBuilder<System.Threading.Tasks.VoidTaskResult>+AsyncStateMachineBox<EventBus.Kafka.EventBusKafka+<ConsumerWorker>d__15>
7ffcd1c73070      1        120 System.Runtime.CompilerServices.AsyncTaskMethodBuilder<System.Threading.Tasks.VoidTaskResult>+AsyncStateMachineBox<Microsoft.Extensions.Hosting.HostingAbstractionsHostExtensions+<WaitForShutdownAsync>d__5>
7ffcd1f2acc8      1        120 System.Threading.RegisteredWaitHandle
7ffcd1218a68      1        120 System.Diagnostics.UnreachableException
7ffcd1b431a0      2        128 System.Collections.Concurrent.ConcurrentDictionary<Microsoft.AspNetCore.PinnedBlockMemoryPool, System.UIntPtr>+Enumerator
7ffcd04f8080      2        128 System.Func<System.Runtime.Loader.AssemblyLoadContext, System.Reflection.AssemblyName, System.Reflection.Assembly>
7ffcd05fe8f0      2        128 Microsoft.Extensions.FileProviders.PhysicalFileProvider
7ffcd05fef28      2        128 System.Func<Microsoft.Extensions.FileProviders.Physical.PhysicalFilesWatcher>
7ffcd0670b50      4        128 System.Collections.Generic.List<Microsoft.Extensions.Configuration.IConfigurationProvider>
7ffcd0673dc8      2        128 System.Func<System.Char, System.Boolean>
7ffcd067c6a0      2        128 System.IO.RenamedEventHandler
7ffcd067c3b0      2        128 System.IO.ErrorEventHandler
7ffcd067f480      2        128 System.Func<System.Threading.Timer>
7ffcd068b140      2        128 System.IO.FileSystemWatcher+AsyncReadState
7ffcd0738c60      2        128 System.Func<Microsoft.Extensions.DependencyModel.DependencyContextJsonReader+RuntimeTargetEntryStub, System.Boolean>
7ffcd0738dd0      2        128 System.Func<Microsoft.Extensions.DependencyModel.DependencyContextJsonReader+RuntimeTargetEntryStub, Microsoft.Extensions.DependencyModel.RuntimeFile>
7ffcd0739080      2        128 System.Func<Microsoft.Extensions.DependencyModel.RuntimeFile, System.Boolean>
7ffcd076d3d8      2        128 System.Func<Microsoft.Extensions.Configuration.IConfigurationSection, System.String>
7ffcd0844540      2        128 System.Func<Microsoft.Extensions.Configuration.IConfigurationSection, System.Boolean>
7ffcd0989f78      2        128 System.Threading.ParameterizedThreadStart
7ffcd098cd10      2        128 System.Collections.Concurrent.BlockingCollection<Serilog.Events.LogEvent>+<GetConsumingEnumerable>d__68
7ffcd098cec0      2        128 System.Threading.CancellationTokenSource+Linked1CancellationTokenSource
7ffcd099fa58      4        128 Serilog.Sinks.SystemConsole.Formatting.ThemedDisplayValueFormatter
7ffcd09b26e8      4        128 Serilog.Capturing.PropertyValueConverter+DepthLimiter
7ffcd09cd720      2        128 System.Func<System.IServiceProvider>
7ffcd09d8ce0      2        128 System.Action<Microsoft.Extensions.Logging.LoggerFilterOptions>
7ffcd1ab6c68      2        128 System.Reflection.InvokerEmitUtil+InvokeFunc_Obj4Args
7ffcd1ab8400      4        128 Microsoft.AspNetCore.Builder.Extensions.MapMiddleware
7ffcd1cd5420      2        128 System.Comparison<System.Text.RegularExpressions.RegexFindOptimizations+FixedDistanceSet>
7ffcd0a52160      2        128 System.Action<Microsoft.Extensions.Hosting.HostBuilderContext, Microsoft.Extensions.Configuration.IConfigurationBuilder>
7ffcd0ac1ab0      2        128 System.Action<Microsoft.AspNetCore.Hosting.GenericWebHostServiceOptions>
7ffcd0ac1c80      2        128 System.Func<System.IServiceProvider, System.Diagnostics.DiagnosticSource>
7ffcd0ac40c8      2        128 System.Func<System.IServiceProvider, Microsoft.AspNetCore.Mvc.ApiExplorer.IApiDescriptionGroupCollectionProvider>
7ffcd0acc010      2        128 System.Action<Microsoft.AspNetCore.HostFiltering.HostFilteringOptions>
7ffcd0b611e0      2        128 System.Func<System.Reflection.Assembly, System.String>
7ffcd0aecb38      2        128 System.Action<Microsoft.AspNetCore.Mvc.JsonOptions>
7ffcd0c3f208      2        128 System.Func<System.Reflection.Assembly, System.Boolean>
7ffcd0d5f590      2        128 System.Action<Microsoft.AspNetCore.Mvc.MvcOptions>
7ffcd084d200      2        128 System.Func<System.Reflection.Assembly, System.Collections.Generic.IEnumerable<System.Reflection.TypeInfo>>
7ffcd084fc60      2        128 System.Func<System.Reflection.TypeInfo, System.Boolean>
7ffcd1006ba0      2        128 System.Func<Microsoft.Extensions.DependencyInjection.ServiceDescriptor, System.Type>
7ffcd1006dd0      2        128 System.Func<System.Type, System.Collections.Generic.IEnumerable<System.Type>>
7ffcd05f7a00      2        128 System.Action<Autofac.ContainerBuilder>
7ffcd116fa68      2        128 System.Func<System.IServiceProvider, Microsoft.Extensions.Logging.ILoggerFactory>
7ffcd11a4df0      2        128 System.Func<System.Type, System.Reflection.ConstructorInfo[]>
7ffcd1d86998      2        128 System.Net.Sockets.GetAcceptExSockaddrsDelegate
7ffcd0a55578      1        128 Microsoft.AspNetCore.Server.Kestrel.Core.KestrelServerOptions
7ffcd1b56b28      2        128 System.Net.Sockets.AcceptExDelegate
7ffcd14d7178      2        128 Microsoft.Net.Http.Headers.GenericHeaderParser<Microsoft.Net.Http.Headers.MediaTypeHeaderValue>+GetParsedValueLengthDelegate
7ffcd12ff888      2        128 System.Func<System.Type, Microsoft.Extensions.Internal.PropertyActivator<Microsoft.AspNetCore.Mvc.ControllerContext>[]>
7ffcd1524628      2        128 System.Func<Microsoft.AspNetCore.Mvc.RazorPages.PageContext, Microsoft.AspNetCore.Mvc.Rendering.ViewContext, System.Object, System.Threading.Tasks.ValueTask>
7ffcd15281f8      2        128 System.Func<Microsoft.AspNetCore.Mvc.RazorPages.PageContext, System.Object, System.Threading.Tasks.ValueTask>
7ffcd2df7c68      2        128 System.Func<Order.Business.Mediator.Commands.Order.GetSubOrderCommand>
7ffcd085a6a0      4        128 System.Reflection.CustomAttributeCtorParameter
7ffcd085d368      4        128 System.Collections.Generic.List<System.Reflection.RuntimePropertyInfo>
7ffcd1d38040      4        128 System.Collections.Generic.List<System.Boolean[]>
7ffcd17fe7e8      4        128 System.Threading.AsyncLocalValueMap+OneElementAsyncLocalValueMap
7ffcd2932b70      2        128 System.Action<AutoMapper.IMemberConfigurationExpression<Order.Infrastructure.Entities.OrderModels.OrderModel, CommonApiMessage.AggregatesModel.OrderMessage.OrderMessageViewModel, System.String>>
7ffcd2b24668      2        128 System.Func<System.Linq.IGrouping<System.String, System.Reflection.PropertyInfo>, System.Reflection.PropertyInfo>
7ffcd2b28f38      2        128 System.Func<System.Linq.IGrouping<System.Type, System.Type>, System.Type>
7ffcd1ed7738      2        128 System.Func<Microsoft.AspNetCore.Http.Features.IFeatureCollection, Microsoft.AspNetCore.Http.Features.IHttpRequestFeature>
7ffcd2debe38      2        128 Microsoft.AspNetCore.Http.QueryCollection+Enumerator
7ffcd2e1f2e0      2        128 System.Func<System.Type, System.Reflection.MemberInfo, System.Linq.Expressions.LambdaExpression, System.String>
7ffcd2e20400      2        128 System.Func<System.Collections.Generic.IEnumerable<System.String>, FluentValidation.Internal.IValidatorSelector>
7ffcd2ec08d8      4        128 System.Linq.Expressions.Expression1<System.Func<System.Byte[], System.Int32>>
7ffcd2ec0c08      4        128 System.Linq.Expressions.Expression1<System.Func<System.Byte[], System.Byte[]>>
7ffcd0e0ae00      1        128 Microsoft.AspNetCore.DataProtection.KeyManagement.XmlKeyManager
7ffcd134af90      2        128 System.Func<System.Type, Microsoft.Extensions.Internal.PropertyActivator<Microsoft.AspNetCore.Mvc.Rendering.ViewContext>[]>
7ffcd12f3948      2        128 System.Action<System.Type[]>
7ffcd14801f8      2        128 System.Action<Microsoft.AspNetCore.Routing.IEndpointRouteBuilder>
7ffcd1554118      4        128 System.Collections.Generic.List<System.Action<Microsoft.AspNetCore.Builder.EndpointBuilder>>
7ffcd16b7058      2        128 System.Func<CommonApiMessage.AggregatesModel.WebRequest.Abstraction.WebRequestSearch<Order.Domain.AggregatesModel.FrontActionRequest.FrontSubOrderFilter>, System.Int32>
7ffcd16b7448      2        128 System.Action<CommonApiMessage.AggregatesModel.WebRequest.Abstraction.WebRequestSearch<Order.Domain.AggregatesModel.FrontActionRequest.FrontSubOrderFilter>, System.Int32>
7ffcd16b8ca8      2        128 System.Func<System.Collections.Generic.List<Order.API.Applictions.IntegrationEvents.EventHandling.MMS.MMSFilter>, System.Int32>
7ffcd16b8fc8      2        128 System.Func<Order.Domain.AggregatesModel.SubOrder.SubOrderFilterViewModel, System.String>
7ffcd16b9158      2        128 System.Action<Order.Domain.AggregatesModel.SubOrder.SubOrderFilterViewModel, System.String>
7ffcd16bd888      2        128 System.Func<Order.Business.Mediator.Queries.OrderInquiry.GetOrderInquiryListQuery, System.Int32>
7ffcd16bda18      2        128 System.Action<Order.Business.Mediator.Queries.OrderInquiry.GetOrderInquiryListQuery, System.Int32>
7ffcd16e01d8      2        128 System.Func<Order.Business.Mediator.Commands.OrderReturn.CreateOrderReturnCommand, System.Nullable<System.DateTime>>
7ffcd16e0368      2        128 System.Action<Order.Business.Mediator.Commands.OrderReturn.CreateOrderReturnCommand, System.Nullable<System.DateTime>>
7ffcd16e0f10      2        128 System.Func<Order.Business.Mediator.Queries.OrderReturn.OrderReturnTrackingListQuery, System.Int32>
7ffcd16e10a0      2        128 System.Action<Order.Business.Mediator.Queries.OrderReturn.OrderReturnTrackingListQuery, System.Int32>
7ffcd16e1b00      2        128 System.Func<Order.API.Applictions.IntegrationEvents.Events.OrderPos.PosUpdateOrderEvent, System.String>
7ffcd16e1c90      2        128 System.Action<Order.API.Applictions.IntegrationEvents.Events.OrderPos.PosUpdateOrderEvent, System.String>
7ffcd16e2998      2        128 System.Func<System.Collections.Generic.List<StandardMessage.AggregateModels.OrderStatusUpdateViewModel>, System.Int32>
7ffcd173be48      2        128 Polly.ExceptionPredicate
7ffcd17be980      1        128 System.Net.Security.SslAuthenticationOptions
7ffcd0594fa8      1        128 System.ObjectDisposedException
7ffcd177cb80      2        128 System.IO.BufferedStream
7ffcd18a1cb0      2        128 EventBus.Kafka.EventBusKafkaReaderSetting
7ffcd18e2ac8      2        128 System.Func<System.IntPtr, System.String, System.String, System.Text.StringBuilder, System.UIntPtr, Confluent.Kafka.Impl.ConfRes>
7ffcd18e3e00      2        128 System.Func<System.IntPtr, System.String, Confluent.Kafka.ErrorCode>
7ffcd18e4220      2        128 Confluent.Kafka.Impl.Librdkafka+ConfGet
7ffcd18e4398      2        128 Confluent.Kafka.Impl.Librdkafka+ConfDump
7ffcd18e4d80      2        128 System.Func<System.IntPtr, System.Int32>
7ffcd18e5ba0      2        128 System.Func<System.IntPtr, System.Int64>
7ffcd18e9208      2        128 System.Func<System.IntPtr, System.Int32, System.Int32[], System.UIntPtr, System.Text.StringBuilder, System.UIntPtr, Confluent.Kafka.ErrorCode>
7ffcd18e9c20      2        128 System.Func<System.String, System.IntPtr>
7ffcd18c4bf8      2        128 Confluent.Kafka.Impl.Librdkafka+ErrorDelegate
7ffcd18c4d70      2        128 Confluent.Kafka.Impl.Librdkafka+LogDelegate
7ffcd18c4ee8      2        128 Confluent.Kafka.Impl.Librdkafka+StatsDelegate
7ffcd18c5060      2        128 Confluent.Kafka.Impl.Librdkafka+OAuthBearerTokenRefreshDelegate
7ffcd0531f80      2        128 System.Action<System.Runtime.InteropServices.PosixSignalContext>
7ffcd126c610      2        128 System.Action<Microsoft.Extensions.Diagnostics.Metrics.MetricsOptions, System.String>
7ffcd19e0510      1        128 System.Xml.XmlTextReaderImpl+NodeData
7ffcd1b1a8d8      2        128 System.Func<Microsoft.AspNetCore.Diagnostics.ErrorContext, System.Threading.Tasks.Task>
7ffcd1b3aab0      2        128 System.Action<Microsoft.AspNetCore.HostFiltering.HostFilteringOptions, System.String>
7ffcd1b49728      2        128 System.Func<Microsoft.AspNetCore.Connections.ConnectionDelegate, Microsoft.AspNetCore.Connections.ConnectionDelegate>
7ffcd1b4ef48      2        128 Microsoft.AspNetCore.Server.Kestrel.Transport.Sockets.SocketConnectionFactoryOptions
7ffcd1b4d5b8      2        128 System.Func<Microsoft.AspNetCore.Connections.ConnectionContext, System.Threading.Tasks.Task>
7ffcd1b85978      2        128 System.Func<Order.Business.Mediator.Queries.SysChannel.GetSysChannelQuery, System.Int32>
7ffcd1b85b08      2        128 System.Action<Order.Business.Mediator.Queries.SysChannel.GetSysChannelQuery, System.Int32>
7ffcd1b887b8      2        128 System.Func<Order.Business.Mediator.Queries.SysChannel.GetConfigChannelUploadMappingQuery, System.Int32>
7ffcd1b88948      2        128 System.Action<Order.Business.Mediator.Queries.SysChannel.GetConfigChannelUploadMappingQuery, System.Int32>
7ffcd1b89198      2        128 System.Func<Order.Business.Mediator.Queries.SysDeliverySubType.GetSysDeliverySubTypeQuery, System.Int32>
7ffcd1b89328      2        128 System.Action<Order.Business.Mediator.Queries.SysDeliverySubType.GetSysDeliverySubTypeQuery, System.Int32>
7ffcd1b8a1b8      2        128 System.Func<Order.Business.Mediator.Queries.SysDeliveryType.GetSysDeliveryTypeQuery, System.Int32>
7ffcd1b8a348      2        128 System.Action<Order.Business.Mediator.Queries.SysDeliveryType.GetSysDeliveryTypeQuery, System.Int32>
7ffcd1b8b1d8      2        128 System.Func<Order.Business.Mediator.Queries.SysFulfillmentType.GetSysFulfillmentTypesQuery, System.Int32>
7ffcd1b8b368      2        128 System.Action<Order.Business.Mediator.Queries.SysFulfillmentType.GetSysFulfillmentTypesQuery, System.Int32>
7ffcd1b8c1f8      2        128 System.Func<Order.Business.Mediator.Queries.SysOrderFulfillmentType.GetSysOrderFulfillmentTypesQuery, System.Int32>
7ffcd1b8c388      2        128 System.Action<Order.Business.Mediator.Queries.SysOrderFulfillmentType.GetSysOrderFulfillmentTypesQuery, System.Int32>
7ffcd1b8d258      2        128 System.Func<Order.Business.Mediator.Queries.SysOrderType.GetSysOrderTypeQuery, System.Int32>
7ffcd1b8d3e8      2        128 System.Action<Order.Business.Mediator.Queries.SysOrderType.GetSysOrderTypeQuery, System.Int32>
7ffcd1b8e278      2        128 System.Func<Order.Business.Mediator.Queries.SysRunningNumber.GetSysRunningNumberQuery, System.Int32>
7ffcd1b8e408      2        128 System.Action<Order.Business.Mediator.Queries.SysRunningNumber.GetSysRunningNumberQuery, System.Int32>
7ffcd1b8ff38      2        128 System.Func<Order.Business.Mediator.Queries.SysStatus.GetSysStatusQuery, System.Int32>
7ffcd1b900c8      2        128 System.Action<Order.Business.Mediator.Queries.SysStatus.GetSysStatusQuery, System.Int32>
7ffcd1d4a6f0      2        128 System.Action<Microsoft.OpenApi.Writers.IOpenApiWriter, Microsoft.OpenApi.Models.OpenApiTag>
7ffcd1d4f3d0      2        128 System.Action<Microsoft.OpenApi.Writers.IOpenApiWriter, Microsoft.OpenApi.Models.OpenApiParameter>
7ffcd1d66038      2        128 System.Action<Microsoft.OpenApi.Writers.IOpenApiWriter, Microsoft.OpenApi.Models.OpenApiExample>
7ffcd1d4a578      2        128 System.Action<Microsoft.OpenApi.Writers.IOpenApiWriter, Microsoft.OpenApi.Models.OpenApiSecurityRequirement>
7ffcd06efe80      2        128 System.Threading.SendOrPostCallback
7ffcd1ef4c08      2        128 System.Func<Microsoft.AspNetCore.Http.Features.IFeatureCollection, Microsoft.AspNetCore.Http.Features.ISessionFeature>
7ffcd1f80148      2        128 System.Func<System.Object[]>
7ffcd1fd9a78      2        128 System.Action<Microsoft.Extensions.Logging.ILogger, Microsoft.Extensions.Primitives.StringValues, System.Exception>
7ffcd2981458      2        128 System.Action<AutoMapper.IMemberConfigurationExpression<Order.Infrastructure.Entities.SubOrderModels.SubOrderModel, CommonApiMessage.AggregatesModel.SubOrderMessage.SubOrderMessageViewModel, System.String>>
7ffcd29828b8      2        128 System.Action<AutoMapper.IMemberConfigurationExpression<Order.Infrastructure.Entities.SubOrderModels.SubOrderAddressModel, CommonApiMessage.AggregatesModel.SubOrderMessage.SubOrderMessageAddressViewModel, System.String>>
7ffcd2991540      4        128 System.Linq.Expressions.Expression1<System.Func<Order.Infrastructure.Entities.SubOrderModels.SubOrderItemModel, System.Collections.Generic.ICollection<Order.Infrastructure.Entities.SubOrderModels.SubOrderItemBarcodeModel>>>
7ffcd29b0738      2        128 System.Action<AutoMapper.IMemberConfigurationExpression<Order.Business.Mediator.Commands.RoleChannelMapping.CreateRoleChannelMappingCommand, Order.Infrastructure.Data.Readonlys.RoleChannelMapping.CreateRoleChannelMappingCommandDto, System.String>>
7ffcd29b4028      2        128 System.Action<AutoMapper.IMemberConfigurationExpression<CommonApiMessage.AggregatesModel.SubOrderMessage.SubOrderMessageAddressViewModel, Order.Business.Responses.Order.CustomerByPacking, System.String>>
7ffcd29b4740      2        128 System.Action<AutoMapper.IMemberConfigurationExpression<Order.Domain.AggregatesModel.Order.PackingDetails, Order.Business.Responses.Order.ProductByPacking, System.String>>
7ffcd29b9e78      2        128 System.Action<AutoMapper.IMemberConfigurationExpression<CommonApiMessage.AggregatesModel.OrderMessage.OrderMessageAddressViewModel, Order.Business.Responses.Order.Customer, System.String>>
7ffcd29ba590      2        128 System.Action<AutoMapper.IMemberConfigurationExpression<CommonApiMessage.AggregatesModel.OrderMessage.OrderMessageItemViewModel, Order.Business.Responses.Order.Product, System.String>>
7ffcd29bf378      2        128 System.Action<AutoMapper.IMemberConfigurationExpression<Order.Business.Mediator.Commands.OrderFront.CreateOrderFrontManualViewModel, Order.Infrastructure.Entities.OrderModels.OrderModel, System.DateTime>>
7ffcd29c1da0      2        128 System.Action<AutoMapper.IMemberConfigurationExpression<Order.Business.Model.Request.Order.OrderFeeViewModel, Order.Infrastructure.Entities.OrderModels.OrderFeeModel, System.Int32>>
7ffcd29c28f0      2        128 System.Action<AutoMapper.IMemberConfigurationExpression<Order.Business.Model.Request.Order.OrderFeeViewModel, Order.Infrastructure.Entities.OrderModels.OrderFeeModel, System.Decimal>>
7ffcd29c2d98      2        128 System.Action<AutoMapper.IMemberConfigurationExpression<Order.Business.Model.Request.Order.OrderFeeViewModel, Order.Infrastructure.Entities.OrderModels.OrderFeeModel, Order.Infrastructure.Entities.OrderModels.OrderFeeAmountModel>>
7ffcd29c3240      2        128 System.Action<AutoMapper.IMemberConfigurationExpression<Order.Business.Model.Request.Order.OrderFeeViewModel, Order.Infrastructure.Entities.OrderModels.OrderFeeModel, System.Collections.Generic.ICollection<Order.Infrastructure.Entities.OrderModels.OrderFeePaymentModel>>>
7ffcd29c3570      2        128 System.Action<AutoMapper.IMemberConfigurationExpression<Order.Business.Mediator.Commands.OrderFront.CreateOrderItemFrontManualViewModel, Order.Infrastructure.Entities.OrderModels.OrderItemModel, System.Int32>>
7ffcd29c6740      2        128 System.Action<AutoMapper.IMemberConfigurationExpression<Order.Business.Mediator.Commands.OrderFront.CreateOrderFrontManualViewModel, Order.Infrastructure.Entities.SubOrderModels.SubOrderModel, System.DateTime>>
7ffcd29c80d0      2        128 System.Action<AutoMapper.IMemberConfigurationExpression<Order.Business.Model.Request.Order.OrderFeeViewModel, Order.Infrastructure.Entities.SubOrderModels.SubOrderFeeModel, System.Int32>>
7ffcd29c84e8      2        128 System.Action<AutoMapper.IMemberConfigurationExpression<Order.Business.Model.Request.Order.OrderFeeViewModel, Order.Infrastructure.Entities.SubOrderModels.SubOrderFeeModel, System.Decimal>>
7ffcd29c8900      2        128 System.Action<AutoMapper.IMemberConfigurationExpression<Order.Business.Model.Request.Order.OrderFeeViewModel, Order.Infrastructure.Entities.SubOrderModels.SubOrderFeeModel, Order.Infrastructure.Entities.SubOrderModels.SubOrderFeeAmountModel>>
7ffcd29c8da8      2        128 System.Action<AutoMapper.IMemberConfigurationExpression<Order.Business.Model.Request.Order.OrderFeeViewModel, Order.Infrastructure.Entities.SubOrderModels.SubOrderFeeModel, System.Collections.Generic.ICollection<Order.Infrastructure.Entities.SubOrderModels.SubOrderFeePaymentModel>>>
7ffcd29c90d8      2        128 System.Action<AutoMapper.IMemberConfigurationExpression<Order.Business.Mediator.Commands.OrderFront.CreateOrderItemFrontManualViewModel, Order.Infrastructure.Entities.SubOrderModels.SubOrderItemModel, System.Int32>>
7ffcd29ffb30      2        128 System.Action<AutoMapper.IMemberConfigurationExpression<Order.Business.Mediator.Commands.OrderFront.CreateOrderFrontViewModel, Order.Infrastructure.Entities.OrderModels.OrderModel, System.DateTime>>
7ffcd2a11460      2        128 System.Action<AutoMapper.IMemberConfigurationExpression<Order.Business.Mediator.Commands.OrderFront.CreateOrderItemFrontViewModel, Order.Infrastructure.Entities.OrderModels.OrderItemModel, System.Int32>>
7ffcd2a13950      2        128 System.Action<AutoMapper.IMemberConfigurationExpression<Order.Business.Mediator.Commands.OrderFront.CreateOrderFrontViewModel, Order.Infrastructure.Entities.SubOrderModels.SubOrderModel, System.DateTime>>
7ffcd2a14760      2        128 System.Action<AutoMapper.IMemberConfigurationExpression<Order.Business.Mediator.Commands.OrderFront.CreateOrderItemFrontViewModel, Order.Infrastructure.Entities.SubOrderModels.SubOrderItemModel, System.Int32>>
7ffcd2a39b58      2        128 System.Action<AutoMapper.Configuration.IPathConfigurationExpression<Order.Infrastructure.Entities.OrderModels.OrderModel, Order.Domain.AggregatesModel.FrontAPI.Order.OrderDetailFrontView, System.DateTime>>
7ffcd2a65708      2        128 System.Action<AutoMapper.IMemberConfigurationExpression<Order.Business.Mediator.Commands.OrderFront.UpdateOrderItemFront, Order.Infrastructure.Entities.OrderModels.OrderItemModel, System.Decimal>>
7ffcd2a66390      2        128 System.Action<AutoMapper.IMemberConfigurationExpression<Order.Business.Mediator.Commands.OrderFront.UpdateOrderItemAmountDetailViewModel, Order.Infrastructure.Entities.OrderModels.OrderItemAmountDtlModel, System.Decimal>>
7ffcd2a66a18      2        128 System.Action<AutoMapper.IMemberConfigurationExpression<Order.Business.Mediator.Commands.OrderFront.UpdateOrderItemAmountDetailViewModel, Order.Infrastructure.Entities.OrderModels.OrderItemAmountDtlModel, System.Nullable<System.Decimal>>>
7ffcd2a6b078      2        128 System.Action<AutoMapper.IMemberConfigurationExpression<Order.Business.Mediator.Commands.OrderFront.UpdateOrderItemAmountDetailViewModel, Order.Business.Mediator.Commands.OrderFront.UpdateSubOrderItemAmountDetailViewModel, System.Decimal>>
7ffcd2a6b700      2        128 System.Action<AutoMapper.IMemberConfigurationExpression<Order.Business.Mediator.Commands.OrderFront.UpdateOrderItemAmountDetailViewModel, Order.Business.Mediator.Commands.OrderFront.UpdateSubOrderItemAmountDetailViewModel, System.Nullable<System.Decimal>>>
7ffcd2a7f460      2        128 System.Action<AutoMapper.IMemberConfigurationExpression<Order.Business.Mediator.Commands.OrderFront.UpdateSubOrderItemFront, Order.Infrastructure.Entities.SubOrderModels.SubOrderItemModel, System.Decimal>>
7ffcd2a90160      2        128 System.Action<AutoMapper.IMemberConfigurationExpression<Order.Business.Mediator.Commands.OrderFront.UpdateSubOrderItemAmountDetailViewModel, Order.Infrastructure.Entities.SubOrderModels.SubOrderItemAmtDtlModel, System.Decimal>>
7ffcd2a907e8      2        128 System.Action<AutoMapper.IMemberConfigurationExpression<Order.Business.Mediator.Commands.OrderFront.UpdateSubOrderItemAmountDetailViewModel, Order.Infrastructure.Entities.SubOrderModels.SubOrderItemAmtDtlModel, System.Nullable<System.Decimal>>>
7ffcd2a99518      2        128 System.Action<AutoMapper.IMemberConfigurationExpression<Order.Infrastructure.Data.Readonlys.CompanyBuMapping.GetCompanyBuMappingByIdViewModelDto, Order.Business.Dtos.ViewModels.CompanyBuMapping.GetCompanyBuMappingByIdViewModel, System.Boolean>>
7ffcd2a9f708      2        128 System.Action<AutoMapper.IMemberConfigurationExpression<Order.Infrastructure.Data.Readonlys.CompanyBuMapping.GetCompanyBuMappingViewModelDto, Order.Business.Dtos.ViewModels.CompanyBuMapping.GetCompanyBuMappingViewModel, System.Boolean>>
7ffcd2aa4810      2        128 System.Action<AutoMapper.IMemberConfigurationExpression<Order.Business.Mediator.Queries.CompanyBUMapping.GetCompanyBuMappingsQuery, Order.Infrastructure.Data.Readonlys.CompanyBuMapping.GetCompanyBuMappingsQueryDto, System.Int32>>
7ffcd26377d0      2        128 System.Action<System.Object, System.Action>
7ffcd04d9558      1        128 System.ArgumentNullException
7ffcd263d048      2        128 System.Func<System.Reflection.PropertyInfo, Microsoft.Extensions.Internal.PropertyActivator<Microsoft.AspNetCore.Mvc.ControllerContext>>
7ffcd12bb800      2        128 System.Action<Microsoft.AspNetCore.Mvc.ControllerContext, System.Object>
7ffcd27793c0      2        128 System.Func<System.IServiceProvider, Microsoft.EntityFrameworkCore.Storage.IDbContextTransactionManager>
7ffcd27cd6d0      2        128 System.Func<Microsoft.Extensions.Logging.LogLevel, System.Action<Microsoft.Extensions.Logging.ILogger, System.Exception>>
7ffcd3168e30      2        128 System.Func<Microsoft.EntityFrameworkCore.Metadata.IConventionEntityType, System.Collections.Generic.IEnumerable<Microsoft.EntityFrameworkCore.Metadata.IConventionIndex>>
7ffcd30dcdd0      2        128 System.Func<Microsoft.EntityFrameworkCore.Metadata.Internal.Property, System.Type>
7ffcd3082a10      2        128 System.Func<Microsoft.EntityFrameworkCore.Metadata.Internal.Property, System.String>
7ffcd303ddb0      4        128 System.Collections.Generic.List<Microsoft.EntityFrameworkCore.Metadata.IConventionEntityType>
7ffcd30dbcf8      2        128 System.Func<Microsoft.EntityFrameworkCore.Metadata.Internal.Navigation, Microsoft.EntityFrameworkCore.Metadata.Internal.InternalForeignKeyBuilder>
7ffcd30e2458      2        128 System.Func<Microsoft.EntityFrameworkCore.Metadata.IReadOnlyProperty, System.Type>
7ffcd3078988      2        128 System.Func<Microsoft.EntityFrameworkCore.Metadata.Internal.Property, System.Boolean>
7ffcd3094500      2        128 System.Func<Microsoft.EntityFrameworkCore.Metadata.IReadOnlyNavigation, System.Boolean>
7ffcd3152390      4        128 System.Linq.Expressions.Expression1<System.Func<Order.Infrastructure.Entities.Abstractions.BaseStatus, System.Int32>>
7ffcd31c9150      2        128 System.Func<Microsoft.EntityFrameworkCore.Metadata.IConventionProperty, System.String>
7ffcd324d3d8      2        128 System.Func<Microsoft.EntityFrameworkCore.Metadata.IConventionForeignKey, Microsoft.EntityFrameworkCore.Metadata.IConventionEntityType>
7ffcd324d7b8      2        128 System.Func<Microsoft.EntityFrameworkCore.Metadata.IConventionSkipNavigation, Microsoft.EntityFrameworkCore.Metadata.IConventionEntityType>
7ffcd32f0440      2        128 System.Func<System.Object, System.Collections.Concurrent.ConcurrentDictionary<System.String, Microsoft.EntityFrameworkCore.Infrastructure.Annotation>>
7ffcd32f1ce0      2        128 System.Func<Microsoft.EntityFrameworkCore.Metadata.IEntityType, System.Collections.Generic.IEnumerable<Microsoft.EntityFrameworkCore.Metadata.IIndex>>
7ffcd32edff8      2        128 System.Func<Microsoft.EntityFrameworkCore.Metadata.IProperty, Microsoft.EntityFrameworkCore.Storage.CoreTypeMapping>
7ffcd3303268      2        128 System.Func<Microsoft.EntityFrameworkCore.Metadata.IForeignKey, System.Boolean>
7ffcd3338030      2        128 System.Func<Microsoft.EntityFrameworkCore.Metadata.IPropertyBase, System.Boolean>
7ffcd3338268      2        128 System.Func<Microsoft.EntityFrameworkCore.Metadata.ParameterBinding, System.Collections.Generic.IEnumerable<Microsoft.EntityFrameworkCore.Metadata.IPropertyBase>>
7ffcd33821c8      4        128 System.Linq.Expressions.Expression1<System.Func<System.DateTime, System.Int32>>
7ffcd3382440      4        128 System.Linq.Expressions.Expression1<System.Func<System.DateTime, System.DateTime>>
7ffcd338aab8      4        128 System.Linq.Expressions.Expression1<System.Func<System.Boolean, System.Int32>>
7ffcd33a2340      4        128 System.Linq.Expressions.Expression1<System.Func<System.Guid, System.Int32>>
7ffcd33a25b8      4        128 System.Linq.Expressions.Expression1<System.Func<System.Guid, System.Guid>>
7ffcd36533a0      2        128 System.Func<Serilog.Sinks.File.RollingLogFile, System.Nullable<System.Int32>>
7ffcd376fd58      2        128 System.Action<Microsoft.EntityFrameworkCore.Metadata.Conventions.RuntimeModelConvention, System.Collections.Generic.Dictionary<System.String, System.Object>, Microsoft.EntityFrameworkCore.Metadata.INavigation, Microsoft.EntityFrameworkCore.Metadata.RuntimeNavigation, System.Boolean>
7ffcd42a2738      2        128 System.Func<CommonApiMessage.AggregatesModel.SubOrderMessage.SubOrderMessageViewModel>
7ffcd42a8840      2        128 System.Func<System.ValueTuple<System.String, System.Type, System.Reflection.MemberInfo>, System.Func<System.Object, System.Collections.Generic.List<CommonApiMessage.AggregatesModel.SubOrderMessage.SubOrderMessageAddressViewModel>>>
7ffcd42a9038      2        128 System.Func<System.ValueTuple<System.String, System.Type, System.Reflection.MemberInfo>, System.Action<System.Object, System.Collections.Generic.List<CommonApiMessage.AggregatesModel.SubOrderMessage.SubOrderMessageAddressViewModel>>>
7ffcd42b6ed8      2        128 System.Func<System.Collections.Generic.List<System.String>>
7ffcd42b84a0      2        128 System.Func<System.Collections.Generic.List<CommonApiMessage.AggregatesModel.SubOrderMessage.SubOrderMessageRemarkViewModel>>
7ffcd42b8e78      2        128 System.Func<CommonApiMessage.AggregatesModel.SubOrderMessage.SubOrderMessageRemarkViewModel>
7ffcd42b9888      2        128 System.Func<System.Collections.Generic.List<CommonApiMessage.AggregatesModel.SubOrderMessage.SubOrderMessageAddressViewModel>>
7ffcd42ba260      2        128 System.Func<CommonApiMessage.AggregatesModel.SubOrderMessage.SubOrderMessageAddressViewModel>
7ffcd42be4a0      2        128 System.Func<System.Collections.Generic.List<CommonApiMessage.AggregatesModel.SubOrderMessage.SubOrderMessageItemViewModel>>
7ffcd42bee78      2        128 System.Func<CommonApiMessage.AggregatesModel.SubOrderMessage.SubOrderMessageItemViewModel>
7ffcd42c9218      2        128 System.Func<System.ValueTuple<System.String, System.Type, System.Reflection.MemberInfo>, System.Func<System.Object, System.Nullable<System.Int64>>>
7ffcd42c99c0      2        128 System.Func<System.ValueTuple<System.String, System.Type, System.Reflection.MemberInfo>, System.Action<System.Object, System.Nullable<System.Int64>>>
7ffcd42f7890      2        128 System.Text.Json.Serialization.Converters.NullableConverter<System.Int64>
7ffcd42faaf0      2        128 System.Func<CommonApiMessage.AggregatesModel.SubOrderMessage.SubOrderMessageItemPromotionViewModel>
7ffcd42fd0a0      2        128 System.Text.Json.Serialization.Converters.NullableConverter<System.Decimal>
7ffcd42fe6e8      2        128 System.Func<CommonApiMessage.AggregatesModel.SubOrderMessage.SubOrderMessageItemFulFillmentViewModel>
7ffcd4304c20      2        128 System.Text.Json.Serialization.Converters.NullableConverter<System.DateTime>
7ffcd43063e0      2        128 System.Func<System.Collections.Generic.List<CommonApiMessage.AggregatesModel.SubOrderMessage.SubOrderMessageItemDeliveryWindowViewModel>>
7ffcd4306db8      2        128 System.Func<CommonApiMessage.AggregatesModel.SubOrderMessage.SubOrderMessageItemDeliveryWindowViewModel>
7ffcd43077c8      2        128 System.Func<System.Collections.Generic.List<CommonApiMessage.AggregatesModel.SubOrderMessage.SubOrderMessageItemFulFillmentServiceTypeViewModel>>
7ffcd43081a0      2        128 System.Func<CommonApiMessage.AggregatesModel.SubOrderMessage.SubOrderMessageItemFulFillmentServiceTypeViewModel>
7ffcd430a7c8      2        128 System.Func<System.Collections.Generic.List<CommonApiMessage.AggregatesModel.SubOrderMessage.SubOrderMessageItemRemarkViewModel>>
7ffcd430b1a0      2        128 System.Func<CommonApiMessage.AggregatesModel.SubOrderMessage.SubOrderMessageItemRemarkViewModel>
7ffcd430ba38      2        128 System.Func<CommonApiMessage.AggregatesModel.SubOrderMessage.SubOrderMessageItemAmountViewModel>
7ffcd430d488      2        128 System.Func<CommonApiMessage.AggregatesModel.SubOrderMessage.SubOrderMessageItemAmountDetailViewModel>
7ffcd430d9b8      2        128 System.Func<System.ValueTuple<System.String, System.Type, System.Reflection.MemberInfo>, System.Func<System.Object, System.Collections.Generic.List<CommonApiMessage.AggregatesModel.SubOrderMessage.SubOrderMessageItemTaxViewModel>>>
7ffcd430e1b0      2        128 System.Func<System.ValueTuple<System.String, System.Type, System.Reflection.MemberInfo>, System.Action<System.Object, System.Collections.Generic.List<CommonApiMessage.AggregatesModel.SubOrderMessage.SubOrderMessageItemTaxViewModel>>>
7ffcd430f050      2        128 System.Func<System.Collections.Generic.List<CommonApiMessage.AggregatesModel.SubOrderMessage.SubOrderMessageItemTaxViewModel>>
7ffcd430fa28      2        128 System.Func<CommonApiMessage.AggregatesModel.SubOrderMessage.SubOrderMessageItemTaxViewModel>
7ffcd4312570      2        128 System.Func<System.Collections.Generic.List<CommonApiMessage.AggregatesModel.SubOrderMessage.SubOrderMessageItemPaymentViewModel>>
7ffcd4312f48      2        128 System.Func<CommonApiMessage.AggregatesModel.SubOrderMessage.SubOrderMessageItemPaymentViewModel>
7ffcd4313958      2        128 System.Func<System.Collections.Generic.List<CommonApiMessage.AggregatesModel.SubOrderMessage.SubOrderMessageItemSubBarcodeViewModel>>
7ffcd4314330      2        128 System.Func<CommonApiMessage.AggregatesModel.SubOrderMessage.SubOrderMessageItemSubBarcodeViewModel>
7ffcd4314d40      2        128 System.Func<System.Collections.Generic.List<CommonApiMessage.AggregatesModel.SubOrderMessage.SubOrderMessageItemPromotionsViewModel>>
7ffcd4315718      2        128 System.Func<CommonApiMessage.AggregatesModel.SubOrderMessage.SubOrderMessageItemPromotionsViewModel>
7ffcd4316128      2        128 System.Func<System.Collections.Generic.List<CommonApiMessage.AggregatesModel.OrderMessage.OrderMessagePaymentViewModel>>
7ffcd4316b00      2        128 System.Func<CommonApiMessage.AggregatesModel.OrderMessage.OrderMessagePaymentViewModel>
7ffcd431a2e0      2        128 System.Func<System.Collections.Generic.List<CommonApiMessage.AggregatesModel.OrderMessage.OrderMessagePaymentTransactionViewModel>>
7ffcd431acb8      2        128 System.Func<CommonApiMessage.AggregatesModel.OrderMessage.OrderMessagePaymentTransactionViewModel>
7ffcd431b6c8      2        128 System.Func<System.Collections.Generic.List<CommonApiMessage.AggregatesModel.OrderMessage.OrderMessageCustomerViewModel>>
7ffcd431c0a0      2        128 System.Func<CommonApiMessage.AggregatesModel.OrderMessage.OrderMessageCustomerViewModel>
7ffcd431cab0      2        128 System.Func<System.Collections.Generic.List<CommonApiMessage.AggregatesModel.OrderMessage.OrderMessageItemViewModel>>
7ffcd431d488      2        128 System.Func<CommonApiMessage.AggregatesModel.OrderMessage.OrderMessageItemViewModel>
7ffcd432d018      2        128 System.Func<CommonApiMessage.AggregatesModel.OrderMessage.OrderMessageItemFulFillmentViewModel>
7ffcd4333728      2        128 System.Func<System.Collections.Generic.List<CommonApiMessage.AggregatesModel.OrderMessage.OrderMessageItemDeliveryWindowViewModel>>
7ffcd4334100      2        128 System.Func<CommonApiMessage.AggregatesModel.OrderMessage.OrderMessageItemDeliveryWindowViewModel>
7ffcd4334b10      2        128 System.Func<System.Collections.Generic.List<CommonApiMessage.AggregatesModel.OrderMessage.OrderMessageItemFulFillmentServiceTypeViewModel>>
7ffcd43354e8      2        128 System.Func<CommonApiMessage.AggregatesModel.OrderMessage.OrderMessageItemFulFillmentServiceTypeViewModel>
7ffcd4335ef8      2        128 System.Func<System.Collections.Generic.List<CommonApiMessage.AggregatesModel.OrderMessage.OrderMessageItemRemarkViewModel>>
7ffcd43368d0      2        128 System.Func<CommonApiMessage.AggregatesModel.OrderMessage.OrderMessageItemRemarkViewModel>
7ffcd4337168      2        128 System.Func<CommonApiMessage.AggregatesModel.OrderMessage.OrderMessageItemAmountViewModel>
7ffcd4338bb8      2        128 System.Func<CommonApiMessage.AggregatesModel.OrderMessage.OrderMessageItemAmountDetailViewModel>
7ffcd433ad00      2        128 System.Func<System.ValueTuple<System.String, System.Type, System.Reflection.MemberInfo>, System.Func<System.Object, System.Collections.Generic.List<CommonApiMessage.AggregatesModel.OrderMessage.OrderMessageItemTaxViewModel>>>
7ffcd433b4f8      2        128 System.Func<System.ValueTuple<System.String, System.Type, System.Reflection.MemberInfo>, System.Action<System.Object, System.Collections.Generic.List<CommonApiMessage.AggregatesModel.OrderMessage.OrderMessageItemTaxViewModel>>>
7ffcd433c398      2        128 System.Func<System.Collections.Generic.List<CommonApiMessage.AggregatesModel.OrderMessage.OrderMessageItemTaxViewModel>>
7ffcd433cd70      2        128 System.Func<CommonApiMessage.AggregatesModel.OrderMessage.OrderMessageItemTaxViewModel>
7ffcd433d780      2        128 System.Func<System.Collections.Generic.List<CommonApiMessage.AggregatesModel.OrderMessage.OrderMessageItemPaymentViewModel>>
7ffcd433e158      2        128 System.Func<CommonApiMessage.AggregatesModel.OrderMessage.OrderMessageItemPaymentViewModel>
7ffcd433eb68      2        128 System.Func<System.Collections.Generic.List<CommonApiMessage.AggregatesModel.OrderMessage.OrderMessageSubBarcodeViewModel>>
7ffcd433f540      2        128 System.Func<CommonApiMessage.AggregatesModel.OrderMessage.OrderMessageSubBarcodeViewModel>
7ffcd433fdd8      2        128 System.Func<CommonApiMessage.AggregatesModel.OrderMessage.OrderMessageItemPromotionViewModel>
7ffcd4342570      2        128 System.Func<System.Collections.Generic.List<CommonApiMessage.AggregatesModel.OrderMessage.OrderMessageItemPromotionsViewModel>>
7ffcd4342f48      2        128 System.Func<CommonApiMessage.AggregatesModel.OrderMessage.OrderMessageItemPromotionsViewModel>
7ffcd4343958      2        128 System.Func<System.Collections.Generic.List<CommonApiMessage.AggregatesModel.OrderMessage.OrderMessagePromotionViewModel>>
7ffcd4344330      2        128 System.Func<CommonApiMessage.AggregatesModel.OrderMessage.OrderMessagePromotionViewModel>
7ffcd4347998      2        128 System.Func<CommonApiMessage.AggregatesModel.OrderMessage.OrderMessagePromotionAmountViewModel>
7ffcd43483a8      2        128 System.Func<System.Collections.Generic.List<CommonApiMessage.AggregatesModel.SubOrderMessage.SubOrderMessagePromotionViewModel>>
7ffcd4348d80      2        128 System.Func<CommonApiMessage.AggregatesModel.SubOrderMessage.SubOrderMessagePromotionViewModel>
7ffcd434a7d0      2        128 System.Func<CommonApiMessage.AggregatesModel.SubOrderMessage.SubOrderMessagePromotionAmountViewModel>
7ffcd434cdf8      2        128 System.Func<System.Collections.Generic.List<CommonApiMessage.AggregatesModel.SubOrderMessage.SubOrderMessageFeeViewModel>>
7ffcd434d7d0      2        128 System.Func<CommonApiMessage.AggregatesModel.SubOrderMessage.SubOrderMessageFeeViewModel>
7ffcd43504e8      2        128 System.Func<CommonApiMessage.AggregatesModel.SubOrderMessage.SubOrderMessageFeeAmountViewModel>
7ffcd4350a18      2        128 System.Func<System.ValueTuple<System.String, System.Type, System.Reflection.MemberInfo>, System.Func<System.Object, CommonApiMessage.AggregatesModel.SubOrderMessage.SubOrderMessageFeeAmountDtlViewModel>>
7ffcd4351210      2        128 System.Func<System.ValueTuple<System.String, System.Type, System.Reflection.MemberInfo>, System.Action<System.Object, CommonApiMessage.AggregatesModel.SubOrderMessage.SubOrderMessageFeeAmountDtlViewModel>>
7ffcd4351f38      2        128 System.Func<CommonApiMessage.AggregatesModel.SubOrderMessage.SubOrderMessageFeeAmountDtlViewModel>
7ffcd4354080      2        128 System.Func<System.ValueTuple<System.String, System.Type, System.Reflection.MemberInfo>, System.Func<System.Object, System.Collections.Generic.ICollection<CommonApiMessage.AggregatesModel.SubOrderMessage.SubOrderMessageFeeTaxViewModel>>>
7ffcd4354878      2        128 System.Func<System.ValueTuple<System.String, System.Type, System.Reflection.MemberInfo>, System.Action<System.Object, System.Collections.Generic.ICollection<CommonApiMessage.AggregatesModel.SubOrderMessage.SubOrderMessageFeeTaxViewModel>>>
7ffcd4355d50      2        128 System.Func<System.Collections.Generic.ICollection<CommonApiMessage.AggregatesModel.SubOrderMessage.SubOrderMessageFeeTaxViewModel>>
7ffcd4356728      2        128 System.Func<CommonApiMessage.AggregatesModel.SubOrderMessage.SubOrderMessageFeeTaxViewModel>
7ffcd43571f8      2        128 System.Func<System.Collections.Generic.ICollection<CommonApiMessage.AggregatesModel.SubOrderMessage.SubOrderMessageFeePaymentViewModel>>
7ffcd4357bd0      2        128 System.Func<CommonApiMessage.AggregatesModel.SubOrderMessage.SubOrderMessageFeePaymentViewModel>
7ffcd4358638      2        128 System.Func<System.Collections.Generic.List<CommonApiMessage.AggregatesModel.Package.PackageInfoMessageViewModel>>
7ffcd4359010      2        128 System.Func<CommonApiMessage.AggregatesModel.Package.PackageInfoMessageViewModel>
7ffcd435b638      2        128 System.Func<System.Collections.Generic.List<CommonApiMessage.AggregatesModel.OrderMessage.OrderMessageAddressViewModel>>
7ffcd435c010      2        128 System.Func<CommonApiMessage.AggregatesModel.OrderMessage.OrderMessageAddressViewModel>
7ffcd43803b0      2        128 System.Func<System.Collections.Generic.List<CommonApiMessage.AggregatesModel.Package.PackageTbMessage>>
7ffcd4380d88      2        128 System.Func<CommonApiMessage.AggregatesModel.Package.PackageTbMessage>
7ffcd3f1e118      4        128 System.Linq.Expressions.Expression1<System.Func<System.Object, System.Int32>>
7ffcd2637df8      4        128 System.Linq.Expressions.Expression1<System.Func<System.Object, System.Object>>
7ffcd3f30158      4        128 System.Linq.Expressions.Expression1<System.Func<System.Collections.Generic.IEnumerable<System.String>, System.String>>
7ffcd3f30688      4        128 System.Linq.Expressions.Expression1<System.Func<System.String, System.Collections.Generic.IEnumerable<System.String>>>
7ffcd3efd780      2        128 System.Func<Microsoft.EntityFrameworkCore.Query.QueryContext, System.Collections.Generic.IEnumerable<Order.Infrastructure.Entities.OrderReference.OrderReferenceModel>>
7ffcd41ff380      2        128 System.Func<Order.Infrastructure.Entities.Package.PackageTbModel, System.Nullable<System.DateTime>>
7ffcd3a0fac0      2        128 System.Func<System.ValueTuple<Microsoft.EntityFrameworkCore.Query.SqlExpressions.ColumnExpression, Microsoft.EntityFrameworkCore.ChangeTracking.ValueComparer>, System.ValueTuple<Microsoft.EntityFrameworkCore.Query.SqlExpressions.ColumnExpression, Microsoft.EntityFrameworkCore.ChangeTracking.ValueComparer>>
7ffcd423d398      2        128 System.Action<Order.Infrastructure.Entities.OrderModels.OrderModel, System.Collections.Generic.ICollection<Order.Infrastructure.Entities.OrderModels.OrderCustomerModel>>
7ffcd4231b58      2        128 System.Func<Microsoft.EntityFrameworkCore.Query.QueryContext, Order.Infrastructure.Entities.OrderModels.OrderModel>
7ffcd425feb8      2        128 System.Action<Order.Infrastructure.Entities.OrderModels.OrderPaymentModel, System.Collections.Generic.ICollection<Order.Infrastructure.Entities.OrderModels.OrderPaymentTransactionModel>>
7ffcd4272618      2        128 System.Action<Order.Infrastructure.Entities.OrderModels.OrderModel, System.Collections.Generic.ICollection<Order.Infrastructure.Entities.OrderModels.OrderPaymentModel>>
7ffcd4388328      2        128 Microsoft.Net.Http.Headers.GenericHeaderParser<Microsoft.Net.Http.Headers.StringWithQualityHeaderValue>+GetParsedValueLengthDelegate
7ffcd38b2e78      2        128 System.Func<Microsoft.EntityFrameworkCore.Metadata.INavigationBase, System.Boolean>
7ffcd39c6d70      2        128 System.Func<Microsoft.EntityFrameworkCore.Metadata.IEntityType, System.Collections.Generic.IEnumerable<Microsoft.EntityFrameworkCore.Metadata.INavigation>>
7ffcd39471e8      2        128 System.Func<Microsoft.EntityFrameworkCore.Metadata.ITableMappingBase, System.Boolean>
7ffcd39e36e8      2        128 System.Collections.Generic.HashSet<System.Linq.Expressions.ExpressionType>
7ffcd3a04b50      2        128 System.Func<Microsoft.EntityFrameworkCore.Query.SqlExpressions.ColumnExpression, System.ValueTuple<Microsoft.EntityFrameworkCore.Query.SqlExpressions.ColumnExpression, Microsoft.EntityFrameworkCore.ChangeTracking.ValueComparer>, System.ValueTuple<Microsoft.EntityFrameworkCore.Query.SqlExpressions.ColumnExpression, Microsoft.EntityFrameworkCore.ChangeTracking.ValueComparer>>
7ffcd3d99468      2        128 System.Configuration.SectionInput
7ffcd3dcd420      2        128 Microsoft.Data.SqlClient.SqlNoneIntervalEnumerator
7ffcd3df0520      2        128 Interop.Windows.Sni.SqlAsyncCallbackDelegate
7ffcd3ea4fb8      2        128 System.Func<Microsoft.Extensions.Logging.LogLevel, System.Action<Microsoft.Extensions.Logging.ILogger, System.String, System.Int32, System.Exception>>
7ffcd3ea4eb8      2        128 System.Action<Microsoft.Extensions.Logging.ILogger, System.String, System.Int32, System.Exception>
7ffcd2e64138      2        128 System.Func<<>f__AnonymousType12<System.String, System.String, System.String, System.String, System.String, System.String>, System.String>
7ffcd3fdbdb0      2        128 System.Func<System.ValueTuple<Microsoft.EntityFrameworkCore.Query.SqlExpressions.TableExpressionBase, Microsoft.EntityFrameworkCore.Query.SqlExpressions.TableExpressionBase>, Microsoft.EntityFrameworkCore.Query.Internal.TpcTablesExpression>
7ffcd3ffee48      2        128 System.Action<Order.Infrastructure.Entities.SubOrderModels.SubOrderModel, System.Collections.Generic.ICollection<Order.Infrastructure.Entities.SubOrderModels.SubOrderAddressModel>>
7ffcd401c2b0      2        128 System.Action<Order.Infrastructure.Entities.SubOrderModels.SubOrderItemAmtDtlModel, System.Collections.Generic.ICollection<Order.Infrastructure.Entities.SubOrderModels.SubOrderItemTaxModel>>
7ffcd401d110      2        128 System.Func<System.Collections.Generic.ICollection<Order.Infrastructure.Entities.SubOrderModels.SubOrderItemTaxModel>>
7ffcd40361d8      2        128 System.Action<Order.Infrastructure.Entities.SubOrderModels.SubOrderItemFulFillmentModel, System.Collections.Generic.List<Order.Infrastructure.Entities.SubOrderModels.SubOrderItemDeliveryWindowModel>>
7ffcd403ae58      2        128 System.Action<Order.Infrastructure.Entities.SubOrderModels.SubOrderItemModel, System.Collections.Generic.ICollection<Order.Infrastructure.Entities.SubOrderModels.SubOrderItemPromotionsModel>>
7ffcd40416a8      2        128 System.Action<Order.Infrastructure.Entities.SubOrderModels.SubOrderItemPayModel, System.Collections.Generic.ICollection<Order.Infrastructure.Entities.SubOrderModels.SubOrderItemTaxModel>>
7ffcd4043700      2        128 System.Action<Order.Infrastructure.Entities.SubOrderModels.SubOrderItemModel, System.Collections.Generic.ICollection<Order.Infrastructure.Entities.SubOrderModels.SubOrderItemPayModel>>
7ffcd4047a70      2        128 System.Action<Order.Infrastructure.Entities.SubOrderModels.SubOrderItemModel, System.Collections.Generic.ICollection<Order.Infrastructure.Entities.SubOrderModels.SubOrderItemRemarkModel>>
7ffcd404bde0      2        128 System.Action<Order.Infrastructure.Entities.SubOrderModels.SubOrderItemModel, System.Collections.Generic.ICollection<Order.Infrastructure.Entities.SubOrderModels.SubOrderItemBarcodeModel>>
7ffcd404e538      2        128 System.Action<Order.Infrastructure.Entities.SubOrderModels.SubOrderModel, System.Collections.Generic.ICollection<Order.Infrastructure.Entities.SubOrderModels.SubOrderItemModel>>
7ffcd4060c78      2        128 System.Action<Order.Infrastructure.Entities.SubOrderModels.SubOrderModel, System.Collections.Generic.ICollection<Order.Infrastructure.Entities.SubOrderModels.SubOrderRemarkModel>>
7ffcd40654c8      2        128 System.Action<Order.Infrastructure.Entities.SubOrderModels.SubOrderModel, System.Collections.Generic.ICollection<Order.Infrastructure.Entities.SubOrderModels.SubOrderPromotionModel>>
7ffcd406b4e0      2        128 System.Action<Order.Infrastructure.Entities.SubOrderModels.SubOrderFeeAmountDtlModel, System.Collections.Generic.ICollection<Order.Infrastructure.Entities.SubOrderModels.SubOrderFeeTaxModel>>
7ffcd406c340      2        128 System.Func<System.Collections.Generic.ICollection<Order.Infrastructure.Entities.SubOrderModels.SubOrderFeeTaxModel>>
7ffcd4071ec0      2        128 System.Action<Order.Infrastructure.Entities.SubOrderModels.SubOrderFeePaymentModel, System.Collections.Generic.ICollection<Order.Infrastructure.Entities.SubOrderModels.SubOrderFeeTaxModel>>
7ffcd40739d0      2        128 System.Action<Order.Infrastructure.Entities.SubOrderModels.SubOrderFeeModel, System.Collections.Generic.ICollection<Order.Infrastructure.Entities.SubOrderModels.SubOrderFeePaymentModel>>
7ffcd4077d40      2        128 System.Action<Order.Infrastructure.Entities.SubOrderModels.SubOrderModel, System.Collections.Generic.ICollection<Order.Infrastructure.Entities.SubOrderModels.SubOrderFeeModel>>
7ffcd05d5368      1        136 System.Runtime.CompilerServices.AsyncTaskMethodBuilder<System.Byte>+AsyncStateMachineBox<Microsoft.DotNet.HotReload.StreamExtesions+<ReadByteAsync>d__9>
7ffcd05dcf00      1        136 System.Runtime.CompilerServices.AsyncTaskMethodBuilder<System.Threading.Tasks.VoidTaskResult>+AsyncStateMachineBox<Microsoft.DotNet.HotReload.PipeListener+<ReceiveAndApplyUpdatesAsync>d__9>
7ffcd12b9238      3        136 Microsoft.AspNetCore.Mvc.ApplicationModels.IActionModelConvention[]
7ffcd1822d58      1        136 System.Runtime.CompilerServices.PoolingAsyncValueTaskMethodBuilder<System.Int32>+StateMachineBox<System.Net.Security.SslStream+<EnsureFullTlsFrameAsync>d__170<System.Net.AsyncReadWriteAdapter>>
7ffcd18a22c0      3        136 EventBus.Kafka.EventBusKafkaWriterSetting[]
7ffcd18a2380      3        136 EventBus.Kafka.EventBusKafkaReaderSetting[]
7ffcd1b4a590      3        136 System.Func<Microsoft.AspNetCore.Connections.ConnectionDelegate, Microsoft.AspNetCore.Connections.ConnectionDelegate>[]
7ffcd3666b10      1        136 System.Collections.Generic.Dictionary<Serilog.Events.LogEventLevel, Serilog.Sinks.SystemConsole.Themes.ConsoleThemeStyle>+Entry[]
7ffcd3e8c550      1        136 System.Text.SBCSCodePageEncoding
7ffcd222f670      1        144 System.Threading.WindowsThreadPool+WorkingThreadCounter
7ffcd427add0      6        144 Microsoft.EntityFrameworkCore.Storage.ExecutionStrategy+<>c__DisplayClass28_0<Microsoft.EntityFrameworkCore.Query.Internal.SplitQueryingEnumerable<Order.Infrastructure.Entities.OrderModels.OrderModel>+Enumerator, System.Boolean>
7ffcd0596cd8      2        144 System.Threading.Tasks.Task<System.Threading.Tasks.VoidTaskResult>
7ffcd05d39b8      1        144 System.Runtime.CompilerServices.AsyncTaskMethodBuilder<System.Int32>+AsyncStateMachineBox<Microsoft.DotNet.HotReload.StreamExtesions+<ReadExactlyAsync>d__16>
7ffcd04ff000      6        144 System.Buffers.SharedArrayPoolPartitions
7ffcd0949998      2        144 Serilog.Sinks.File.PathRoller
7ffcd0987e50      2        144 Serilog.Sinks.Async.BackgroundWorkerSink
7ffcd0989570      2        144 System.Collections.Concurrent.BlockingCollection<Serilog.Events.LogEvent>
7ffcd07f87a8      3        144 System.Text.UnicodeEncoding
7ffcd0a575d0      6        144 Microsoft.AspNetCore.Hosting.WebHostBuilderBase+<>c__DisplayClass5_0
7ffcd0b456f8      3        144 System.ComponentModel.TypeDescriptor+TypeDescriptionNode
7ffcd141f438      2        144 System.Collections.Generic.Dictionary<System.Int32, System.Boolean>+Entry[]
7ffcd1274420      6        144 System.Diagnostics.Metrics.InstrumentAdvice<System.Double>
7ffcd12790d8      6        144 System.Collections.ObjectModel.ReadOnlyCollection<System.Double>
7ffcd2947b60      6        144 AutoMapper.Configuration.MemberConfigurationExpression<Order.Infrastructure.Entities.OrderModels.OrderModel, CommonApiMessage.AggregatesModel.OrderMessage.OrderMessageViewModel, System.String>+<>c__DisplayClass24_0
7ffcd29e8478      6        144 AutoMapper.Configuration.MemberConfigurationExpression<Order.Business.Model.Request.Order.OrderFeeViewModel, Order.Infrastructure.Entities.OrderModels.OrderFeeModel, System.Int32>+<>c__DisplayClass24_0
7ffcd29ea968      6        144 AutoMapper.Configuration.MemberConfigurationExpression<Order.Business.Model.Request.Order.OrderFeeViewModel, Order.Infrastructure.Entities.OrderModels.OrderFeeModel, System.Decimal>+<>c__DisplayClass24_0
7ffcd29eb6e8      6        144 AutoMapper.Configuration.MemberConfigurationExpression<Order.Business.Model.Request.Order.OrderFeeViewModel, Order.Infrastructure.Entities.OrderModels.OrderFeeModel, Order.Infrastructure.Entities.OrderModels.OrderFeeAmountModel>+<>c__DisplayClass24_0
7ffcd29f42b8      6        144 AutoMapper.Configuration.MemberConfigurationExpression<Order.Business.Mediator.Commands.OrderFront.CreateOrderFrontManualViewModel, Order.Infrastructure.Entities.SubOrderModels.SubOrderModel, System.DateTime>+<>c__DisplayClass24_0
7ffcd29f75e0      6        144 AutoMapper.Configuration.MemberConfigurationExpression<Order.Business.Model.Request.Order.OrderFeeViewModel, Order.Infrastructure.Entities.SubOrderModels.SubOrderFeeModel, System.Int32>+<>c__DisplayClass24_0
7ffcd29f8088      6        144 AutoMapper.Configuration.MemberConfigurationExpression<Order.Business.Model.Request.Order.OrderFeeViewModel, Order.Infrastructure.Entities.SubOrderModels.SubOrderFeeModel, System.Decimal>+<>c__DisplayClass24_0
7ffcd29f8e08      6        144 AutoMapper.Configuration.MemberConfigurationExpression<Order.Business.Model.Request.Order.OrderFeeViewModel, Order.Infrastructure.Entities.SubOrderModels.SubOrderFeeModel, Order.Infrastructure.Entities.SubOrderModels.SubOrderFeeAmountModel>+<>c__DisplayClass24_0
7ffcd2a18ea8      6        144 AutoMapper.Configuration.MemberConfigurationExpression<Order.Business.Mediator.Commands.OrderFront.CreateOrderFrontViewModel, Order.Infrastructure.Entities.OrderModels.OrderModel, System.DateTime>+<>c__DisplayClass24_0
7ffcd2a338a8      6        144 AutoMapper.Configuration.MemberConfigurationExpression<Order.Business.Mediator.Commands.OrderFront.CreateOrderFrontViewModel, Order.Infrastructure.Entities.SubOrderModels.SubOrderModel, System.DateTime>+<>c__DisplayClass24_0
7ffcd2a63580      6        144 AutoMapper.Configuration.PathConfigurationExpression<Order.Infrastructure.Entities.OrderModels.OrderModel, Order.Domain.AggregatesModel.FrontAPI.Order.OrderDetailFrontView, System.DateTime>+<>c__DisplayClass13_0
7ffcd2a71218      6        144 AutoMapper.Configuration.MemberConfigurationExpression<Order.Business.Mediator.Commands.OrderFront.UpdateOrderItemFront, Order.Infrastructure.Entities.OrderModels.OrderItemModel, System.Decimal>+<>c__DisplayClass24_0
7ffcd2a73960      6        144 AutoMapper.Configuration.MemberConfigurationExpression<Order.Business.Mediator.Commands.OrderFront.UpdateOrderItemAmountDetailViewModel, Order.Infrastructure.Entities.OrderModels.OrderItemAmountDtlModel, System.Decimal>+<>c__DisplayClass24_0
7ffcd2a746e0      6        144 AutoMapper.Configuration.MemberConfigurationExpression<Order.Business.Mediator.Commands.OrderFront.UpdateOrderItemAmountDetailViewModel, Order.Infrastructure.Entities.OrderModels.OrderItemAmountDtlModel, System.Nullable<System.Decimal>>+<>c__DisplayClass24_0
7ffcd2a7cea8      6        144 AutoMapper.Configuration.MemberConfigurationExpression<Order.Business.Mediator.Commands.OrderFront.UpdateOrderItemAmountDetailViewModel, Order.Business.Mediator.Commands.OrderFront.UpdateSubOrderItemAmountDetailViewModel, System.Decimal>+<>c__DisplayClass24_0
7ffcd2a7d780      6        144 AutoMapper.Configuration.MemberConfigurationExpression<Order.Business.Mediator.Commands.OrderFront.UpdateOrderItemAmountDetailViewModel, Order.Business.Mediator.Commands.OrderFront.UpdateSubOrderItemAmountDetailViewModel, System.Nullable<System.Decimal>>+<>c__DisplayClass24_0
7ffcd2a946e0      6        144 AutoMapper.Configuration.MemberConfigurationExpression<Order.Business.Mediator.Commands.OrderFront.UpdateSubOrderItemFront, Order.Infrastructure.Entities.SubOrderModels.SubOrderItemModel, System.Decimal>+<>c__DisplayClass24_0
7ffcd2a964d8      6        144 AutoMapper.Configuration.MemberConfigurationExpression<Order.Business.Mediator.Commands.OrderFront.UpdateSubOrderItemAmountDetailViewModel, Order.Infrastructure.Entities.SubOrderModels.SubOrderItemAmtDtlModel, System.Decimal>+<>c__DisplayClass24_0
7ffcd2a96db0      6        144 AutoMapper.Configuration.MemberConfigurationExpression<Order.Business.Mediator.Commands.OrderFront.UpdateSubOrderItemAmountDetailViewModel, Order.Infrastructure.Entities.SubOrderModels.SubOrderItemAmtDtlModel, System.Nullable<System.Decimal>>+<>c__DisplayClass24_0
7ffcd2a9dac8      6        144 AutoMapper.Configuration.MemberConfigurationExpression<Order.Infrastructure.Data.Readonlys.CompanyBuMapping.GetCompanyBuMappingByIdViewModelDto, Order.Business.Dtos.ViewModels.CompanyBuMapping.GetCompanyBuMappingByIdViewModel, System.Boolean>+<>c__DisplayClass24_0
7ffcd2aa2bd0      6        144 AutoMapper.Configuration.MemberConfigurationExpression<Order.Infrastructure.Data.Readonlys.CompanyBuMapping.GetCompanyBuMappingViewModelDto, Order.Business.Dtos.ViewModels.CompanyBuMapping.GetCompanyBuMappingViewModel, System.Boolean>+<>c__DisplayClass24_0
7ffcd2aa7810      6        144 AutoMapper.Configuration.MemberConfigurationExpression<Order.Business.Mediator.Queries.CompanyBUMapping.GetCompanyBuMappingsQuery, Order.Infrastructure.Data.Readonlys.CompanyBuMapping.GetCompanyBuMappingsQueryDto, System.Int32>+<>c__DisplayClass24_0
7ffcd2ea2918      3        144 Microsoft.EntityFrameworkCore.Storage.ValueConversion.ValueConverterInfo
7ffcd1362270      2        144 Microsoft.AspNetCore.Mvc.ApplicationModels.IPageApplicationModelProvider[]
7ffcd183c850      1        144 System.Runtime.CompilerServices.AsyncTaskMethodBuilder<System.Threading.Tasks.VoidTaskResult>+AsyncStateMachineBox<RabbitMQ.Client.Impl.SocketFrameHandler+<WriteLoop>d__32>
7ffcd188da60      6        144 System.Threading.Channels.SingleConsumerUnboundedChannel<RabbitMQ.Client.Impl.Work>+UnboundedChannelWriter
7ffcd1ad32c8      2        144 Microsoft.AspNetCore.Routing.CompositeEndpointDataSource
7ffcd1b903b0      2        144 System.ComponentModel.DataAnnotations.RequiredAttribute
7ffcd1c73760      1        144 System.Runtime.CompilerServices.AsyncTaskMethodBuilder<System.Threading.Tasks.VoidTaskResult>+AsyncStateMachineBox<Microsoft.Extensions.Hosting.HostingAbstractionsHostExtensions+<RunAsync>d__4>
7ffcd0d604a8      2        144 Swashbuckle.AspNetCore.SwaggerGen.SchemaGeneratorOptions
7ffcd1cd1b48      1        144 System.Text.RegularExpressions.RegexCache+Node[]
7ffcd1f14040      3        144 System.Net.Http.Headers.MediaTypeHeaderParser
7ffcd298c3f8      6        144 AutoMapper.Configuration.MemberConfigurationExpression<Order.Infrastructure.Entities.SubOrderModels.SubOrderModel, CommonApiMessage.AggregatesModel.SubOrderMessage.SubOrderMessageViewModel, System.String>+<>c__DisplayClass24_0
7ffcd298e630      6        144 AutoMapper.Configuration.MemberConfigurationExpression<Order.Infrastructure.Entities.SubOrderModels.SubOrderAddressModel, CommonApiMessage.AggregatesModel.SubOrderMessage.SubOrderMessageAddressViewModel, System.String>+<>c__DisplayClass24_0
7ffcd29b29f8      6        144 AutoMapper.Configuration.MemberConfigurationExpression<Order.Business.Mediator.Commands.RoleChannelMapping.CreateRoleChannelMappingCommand, Order.Infrastructure.Data.Readonlys.RoleChannelMapping.CreateRoleChannelMappingCommandDto, System.String>+<>c__DisplayClass24_0
7ffcd29b6638      6        144 AutoMapper.Configuration.MemberConfigurationExpression<CommonApiMessage.AggregatesModel.SubOrderMessage.SubOrderMessageAddressViewModel, Order.Business.Responses.Order.CustomerByPacking, System.String>+<>c__DisplayClass24_0
7ffcd29b7be0      6        144 AutoMapper.Configuration.MemberConfigurationExpression<Order.Domain.AggregatesModel.Order.PackingDetails, Order.Business.Responses.Order.ProductByPacking, System.String>+<>c__DisplayClass24_0
7ffcd29bc0e8      6        144 AutoMapper.Configuration.MemberConfigurationExpression<CommonApiMessage.AggregatesModel.OrderMessage.OrderMessageAddressViewModel, Order.Business.Responses.Order.Customer, System.String>+<>c__DisplayClass24_0
7ffcd29bd008      6        144 AutoMapper.Configuration.MemberConfigurationExpression<CommonApiMessage.AggregatesModel.OrderMessage.OrderMessageItemViewModel, Order.Business.Responses.Order.Product, System.String>+<>c__DisplayClass24_0
7ffcd29cfeb0      6        144 AutoMapper.Configuration.MemberConfigurationExpression<Order.Business.Mediator.Commands.OrderFront.CreateOrderFrontManualViewModel, Order.Infrastructure.Entities.OrderModels.OrderModel, System.DateTime>+<>c__DisplayClass24_0
7ffcd430cc18      6        144 System.Text.Json.Serialization.Metadata.JsonPropertyInfo<CommonApiMessage.AggregatesModel.SubOrderMessage.SubOrderMessageItemAmountDetailViewModel>+<>c__DisplayClass10_0
7ffcd4338348      6        144 System.Text.Json.Serialization.Metadata.JsonPropertyInfo<CommonApiMessage.AggregatesModel.OrderMessage.OrderMessageItemAmountDetailViewModel>+<>c__DisplayClass10_0
7ffcd043e060      1        144 System.MissingMethodException
7ffcd3ea3068      3        144 Microsoft.Extensions.Logging.LoggerMessage+<>c__DisplayClass10_0<System.String>
7ffcd3efa838      3        144 Microsoft.Extensions.Logging.LoggerMessage+<>c__DisplayClass14_0<System.String, System.String, System.Int32>
7ffcd3d9a890      2        144 System.Configuration.SectionRecord
7ffcd07665e0      3        152 Microsoft.Extensions.DependencyModel.RuntimeFallbacks[]
7ffcd085bce8      5        152 System.Reflection.CustomAttributeCtorParameter[]
7ffcd14aeba8      3        152 Microsoft.AspNetCore.Mvc.Filters.IFilterMetadata[]
7ffcd16b29f8      1        152 System.Decimal+DecCalc+PowerOvfl[]
7ffcd1776bd8      1        152 RabbitMQ.Client.Framing.Impl.AutorecoveringConnection+RecoveryCommand[]
7ffcd094d7c8      1        152 System.Text.RegularExpressions.CompiledRegexRunner
7ffcd3a94db0      1        152 System.Runtime.CompilerServices.ConditionalWeakTable<System.Transactions.ContextKey, System.Transactions.ContextData>+Entry[]
7ffcd0853ed0      5        160 System.DateTimeOffset
7ffcd2e61538      5        160 System.Collections.Generic.List<Order.Infrastructure.Entities.OrderItemInformation.OrderItemOtherInfoModel>
7ffcd056b0c8      4        160 System.Threading.LowLevelLock
7ffcd067e170      4        160 System.Collections.Concurrent.ConcurrentDictionary<System.String, Microsoft.Extensions.FileProviders.Physical.PhysicalFilesWatcher+ChangeTokenInfo>
7ffcd09b0498      4        160 Serilog.Capturing.MessageTemplateProcessor
7ffcd09b47c0      4        160 Serilog.Core.Pipeline.MessageTemplateCache
7ffcd09cd800      5        160 System.Collections.Generic.List<Microsoft.Extensions.DependencyInjection.ServiceDescriptor>
7ffcd1ab3100      4        160 Microsoft.AspNetCore.Builder.Extensions.MapOptions
7ffcd0dfca40      2        160 System.Collections.Generic.Dictionary<System.String, System.Type>
7ffcd0e6ef80      2        160 EventBus.RabbitMQ.RabbitMQSetting
7ffcd19efc40      5        160 Microsoft.AspNetCore.DataProtection.KeyManagement.Key+<>c__DisplayClass32_0
7ffcd141de88      2        160 System.Collections.Generic.Dictionary<System.Int32, System.Boolean>
7ffcd124ea68      5        160 System.Collections.Generic.List<Microsoft.Extensions.Diagnostics.Metrics.FactoryMeter>
7ffcd127eec0      1        160 Microsoft.AspNetCore.Server.Kestrel.Core.KestrelServerLimits
7ffcd0aeaeb0      2        160 Utility.Package.Models.Jwt
7ffcd1a2eae8      5        160 Microsoft.AspNetCore.DataProtection.KeyManagement.KeyRing+KeyHolder
7ffcd0c31f80      1        160 Microsoft.AspNetCore.Mvc.MvcOptions
7ffcd14dcb78      5        160 Microsoft.AspNetCore.Mvc.ModelBinding.Metadata.BindingSourceMetadataProvider
7ffcd085e770      4        160 System.Reflection.CustomAttributeNamedParameter[]
7ffcd1d37e78      4        160 System.Collections.Generic.Queue<System.Int32>
7ffcd2aab1a8      2        160 System.Collections.Generic.Dictionary<AutoMapper.Internal.TypePair, AutoMapper.TypeMap>
7ffcd136bb50      4        160 System.Linq.Expressions.Block3
7ffcd2ec05a8      4        160 System.Linq.Expressions.Expression2<System.Func<System.Byte[], System.Byte[], System.Boolean>>
7ffcd2ec1c98      5        160 System.Linq.Expressions.Expression1<System.Func<System.Boolean, System.Boolean>>
7ffcd2eac5a8      2        160 System.Collections.Generic.Dictionary<System.Type, Microsoft.EntityFrameworkCore.Storage.RelationalTypeMapping>
7ffcd18c5f30      2        160 Confluent.Kafka.Impl.SafeKafkaHandle
7ffcd1966178      2        160 System.Collections.Generic.Dictionary<System.String, Confluent.Kafka.Impl.SafeTopicHandle>
7ffcd14663e0      2        160 Microsoft.AspNetCore.Server.Kestrel.Core.ListenOptions
7ffcd05a81c0      1        160 System.Runtime.CompilerServices.PoolingAsyncValueTaskMethodBuilder<System.Threading.Tasks.VoidTaskResult>+StateMachineBox<System.Threading.AsyncOverSyncWithIoCancellation+<InvokeAsync>d__7<System.ValueTuple<Microsoft.Win32.SafeHandles.SafeFileHandle, System.ReadOnlyMemory<System.Byte>, System.Int64, System.IO.Strategies.OSFileStreamStrategy>>>
7ffcd1d95e18      1        160 System.Tuple<System.UInt64, System.UInt64, Microsoft.AspNetCore.Server.Kestrel.Core.Internal.Http.HttpMethod, System.Int32>[]
7ffcd1c82ab0      2        160 System.Collections.Generic.Dictionary<System.String, Microsoft.OpenApi.Models.OpenApiInfo>
7ffcd1c84468      2        160 System.Collections.Generic.Dictionary<System.String, Microsoft.OpenApi.Models.OpenApiSecurityScheme>
7ffcd1c884e0      2        160 System.Collections.Generic.Dictionary<System.Type, System.Func<Microsoft.OpenApi.Models.OpenApiSchema>>
7ffcd1c821a8      5        160 System.Collections.Generic.List<Swashbuckle.AspNetCore.SwaggerGen.FilterDescriptor>
7ffcd1d2adc0      4        160 System.Collections.Concurrent.ConcurrentDictionary<System.UInt64, System.Text.Json.JsonEncodedText>
7ffcd1d2ca40      4        160 System.Collections.Concurrent.ConcurrentDictionary<System.String, System.UInt64>
7ffcd2759630      2        160 System.Collections.Generic.Dictionary<System.Type, Microsoft.EntityFrameworkCore.Infrastructure.ServiceCharacteristics>
7ffcd3381f50      4        160 System.Linq.Expressions.Expression2<System.Func<System.DateTime, System.DateTime, System.Boolean>>
7ffcd3367498      2        160 Microsoft.EntityFrameworkCore.ChangeTracking.ValueComparer+DefaultDateTimeOffsetValueComparer
7ffcd338a840      4        160 System.Linq.Expressions.Expression2<System.Func<System.Boolean, System.Boolean, System.Boolean>>
7ffcd33a20c8      4        160 System.Linq.Expressions.Expression2<System.Func<System.Guid, System.Guid, System.Boolean>>
7ffcd37acf40      2        160 Microsoft.EntityFrameworkCore.ChangeTracking.ValueComparer<Order.Infrastructure.Entities.Abstractions.BaseStatus>
7ffcd38997a8      2        160 System.Collections.Generic.Dictionary<System.Reflection.MethodInfo, System.Reflection.MethodInfo>
7ffcd1d628f8      4        160 System.Reflection.CerHashtable<System.String, System.Reflection.RuntimeEventInfo[]>+Table
7ffcd1d62d18      4        160 System.Reflection.CerHashtable<System.String, System.RuntimeType[]>+Table
7ffcd3db1750      4        160 System.Collections.Specialized.HybridDictionary
7ffcd3db43c0      4        160 System.Collections.Specialized.ListDictionary
7ffcd3db4598      4        160 System.Collections.Specialized.ListDictionary+DictionaryNode
7ffcd042dad8      7        168 System.Text.EncoderReplacementFallback
7ffcd042d788      7        168 System.Text.DecoderReplacementFallback
7ffcd07a5b80      3        168 System.Globalization.CompareInfo
7ffcd0b62cf8      7        168 Microsoft.AspNetCore.Mvc.ApplicationParts.AssemblyPart
7ffcd17b96b0      7        168 System.Net.Sockets.DynamicWinsockMethods+SocketDelegateHelper
7ffcd14d2368      4        168 System.Text.Json.Serialization.JsonConverter[]
7ffcd0b48d58      3        168 System.Collections.Concurrent.ConcurrentDictionary<System.Type, System.ComponentModel.ReflectTypeDescriptionProvider+ReflectedTypeData>+Tables
7ffcd17678d8      7        168 RabbitMQ.Client.Framing.Protocol
7ffcd183ea58      7        168 RabbitMQ.Client.Impl.RpcContinuationQueue
7ffcd146d6b8      3        168 System.Collections.Concurrent.ConcurrentDictionary<System.Int64, Microsoft.AspNetCore.Server.Kestrel.Core.Internal.Infrastructure.ConnectionReference>+Tables
7ffcd3ea2710      3        168 Microsoft.EntityFrameworkCore.Diagnostics.EventDefinition<System.String>
7ffcd3ef9ce8      3        168 Microsoft.EntityFrameworkCore.Diagnostics.EventDefinition<System.String, System.String, System.Int32>
7ffcd0598068      1        176 System.Threading.LowLevelLifoSemaphore
7ffcd05fd038      2        176 Microsoft.Extensions.Configuration.IConfigurationSource[]
7ffcd0731c68      3        176 Microsoft.Extensions.DependencyModel.ResourceAssembly[]
7ffcd09b66b0      2        176 Serilog.Core.LevelOverrideMap+LevelOverride[]
7ffcd0a52fd0      2        176 System.Action<Microsoft.Extensions.Hosting.HostBuilderContext, Microsoft.Extensions.DependencyInjection.IServiceCollection>[]
7ffcd0aa1cd0      2        176 System.Diagnostics.Metrics.Meter[]
7ffcd0b60998      2        176 Microsoft.AspNetCore.Mvc.ApplicationParts.ApplicationPart[]
7ffcd146ed38      2        176 System.Func<Microsoft.AspNetCore.Http.RequestDelegate, Microsoft.AspNetCore.Http.RequestDelegate>[]
7ffcd0e64fe0      2        176 Microsoft.Extensions.Caching.Memory.MemoryCache
7ffcd1b50908      2        176 Microsoft.AspNetCore.Server.Kestrel.Transport.Sockets.SocketConnectionContextFactory+QueueSettings[]
7ffcd1f26098      1        176 System.Net.Http.HttpWindowsProxy
7ffcd1fbeeb8      4        176 System.Text.Json.Serialization.Converters.EnumConverter<Swashbuckle.AspNetCore.SwaggerUI.ModelRendering>+EnumFieldInfo[]
7ffcd3150840      2        176 Microsoft.EntityFrameworkCore.Storage.ValueConversion.EnumToNumberConverter<Order.Infrastructure.Entities.Abstractions.BaseStatus, System.Int32>
7ffcd3f1d078      2        176 Microsoft.EntityFrameworkCore.ChangeTracking.ListOfReferenceTypesComparer<System.Collections.Generic.List<System.String>, System.String>
7ffcd3de53b8      1        176 Microsoft.Data.SqlClient.ConnectionPool.WaitHandleDbConnectionPool
7ffcd3fcde10      2        176 Microsoft.EntityFrameworkCore.ChangeTracking.ListOfReferenceTypesComparer<System.String[], System.String>
7ffcd2b509b8      5        184 AutoMapper.Internal.ConstructorParameters[]
7ffcd040a690      1        184 System.Diagnostics.Tracing.NativeRuntimeEventSource
7ffcd04ff318      1        184 System.Buffers.ArrayPoolEventSource
7ffcd056d2b8      1        184 System.Diagnostics.Tracing.FrameworkEventSource
7ffcd070ac20      5        184 Serilog.Core.IDestructuringPolicy[]
7ffcd0a5d768      1        184 System.Net.NetEventSource
7ffcd140da18      1        184 System.Collections.Concurrent.CDSCollectionETWBCLProvider
7ffcd2f58d18      1        184 System.Data.DataCommonEventSource
7ffcd2f77ef8      1        184 Microsoft.EntityFrameworkCore.Metadata.Internal.Model
7ffcd1707f50      1        184 RabbitMQ.Client.ConnectionFactory
7ffcd177f530      1        184 System.Net.NetEventSource
7ffcd17bf470      1        184 System.Net.NetEventSource
7ffcd1afca70      1        184 Microsoft.IO.RecyclableMemoryStreamManager+Events
7ffcd1b3cbe8      1        184 System.Net.NetEventSource
7ffcd3a94378      1        184 System.Transactions.TransactionsEtwProvider
7ffcd3afbe90      1        184 Microsoft.Data.SqlClient.SqlClientEventSource
7ffcd422b9f8      6        192 System.Linq.Expressions.Expression1<System.Func<Order.Infrastructure.Entities.OrderReference.OrderReferenceModel, System.DateTime>>
7ffcd42301e0      6        192 System.Linq.Expressions.Expression1<System.Func<Order.Infrastructure.Entities.OrderModels.OrderModel, System.Collections.Generic.ICollection<Order.Infrastructure.Entities.OrderModels.OrderCustomerModel>>>
7ffcd04d6358      3        192 System.Reflection.MemberFilter
7ffcd04f89a8      3        192 System.Action<System.String>
7ffcd056aab0      1        192 System.Threading.ThreadPoolWorkQueue
7ffcd059afb8      1        192 System.Threading.Tasks.TplEventSource
7ffcd05805e8      3        192 System.Threading.ThreadStart
7ffcd05fee38      2        192 Microsoft.Extensions.FileProviders.Physical.PhysicalFilesWatcher
7ffcd0857c88      3        192 System.Func<System.Reflection.CustomAttributeData, System.Boolean>
7ffcd0901b68      1        192 System.Collections.Generic.Dictionary<System.Type, System.Reflection.MethodInfo[]>+Entry[]
7ffcd091ab28      3        192 System.Func<System.String, System.Object>
7ffcd0854478      4        192 Serilog.Events.MessageTemplate
7ffcd1cb3428      3        192 System.Func<Microsoft.AspNetCore.Mvc.ApiExplorer.ApiParameterDescription, System.Boolean>
7ffcd0aa20e0      1        192 System.Diagnostics.Metrics.MetricsEventSource
7ffcd0ae66c8      4        192 Microsoft.AspNetCore.Routing.EndpointDataSource[]
7ffcd076c5b0      3        192 System.Collections.Generic.HashSet<System.Reflection.Assembly>
7ffcd0c3fdd0      3        192 System.Action<AutoMapper.MapperConfigurationExpression>
7ffcd05dcb40      3        192 System.Action<System.Object, System.Threading.CancellationToken>
7ffcd0ac1350      4        192 System.Diagnostics.DiagnosticListener
7ffcd13e03e0      3        192 System.Func<Autofac.Core.ServiceRegistration, System.Boolean>
7ffcd152ddb8      6        192 Microsoft.AspNetCore.DataProtection.Secret
7ffcd1277218      6        192 System.Collections.Generic.List<System.Double>
7ffcd14d4b78      4        192 System.Text.Encoding[]
7ffcd0785c70      1        192 System.Collections.Generic.Dictionary<System.String, System.Globalization.CultureData>+Entry[]
7ffcd4344770      3        192 System.Func<System.Object, CommonApiMessage.AggregatesModel.OrderMessage.OrderMessagePromotionAmountViewModel>
7ffcd4344f68      3        192 System.Action<System.Object, CommonApiMessage.AggregatesModel.OrderMessage.OrderMessagePromotionAmountViewModel>
7ffcd43491c0      3        192 System.Func<System.Object, CommonApiMessage.AggregatesModel.SubOrderMessage.SubOrderMessagePromotionAmountViewModel>
7ffcd43499b8      3        192 System.Action<System.Object, CommonApiMessage.AggregatesModel.SubOrderMessage.SubOrderMessagePromotionAmountViewModel>
7ffcd434dc10      3        192 System.Func<System.Object, CommonApiMessage.AggregatesModel.SubOrderMessage.SubOrderMessageFeeAmountViewModel>
7ffcd434e408      3        192 System.Action<System.Object, CommonApiMessage.AggregatesModel.SubOrderMessage.SubOrderMessageFeeAmountViewModel>
7ffcd434edc8      3        192 System.Func<System.Object, System.Collections.Generic.ICollection<CommonApiMessage.AggregatesModel.SubOrderMessage.SubOrderMessageFeePaymentViewModel>>
7ffcd434f5c0      3        192 System.Action<System.Object, System.Collections.Generic.ICollection<CommonApiMessage.AggregatesModel.SubOrderMessage.SubOrderMessageFeePaymentViewModel>>
7ffcd085eab8      4        192 System.Reflection.CustomAttributeEncodedArgument
7ffcd29e3940      3        192 AutoMapper.Configuration.MemberConfigurationExpression<Order.Business.Mediator.Commands.OrderFront.CreateOrderPaymentFrontManualViewModel, Order.Infrastructure.Entities.OrderModels.OrderPaymentModel, System.DateTime>
7ffcd29e46c0      3        192 AutoMapper.Configuration.MemberConfigurationExpression<Order.Business.Mediator.Commands.OrderFront.CreateOrderPaymentFrontManualViewModel, Order.Infrastructure.Entities.OrderModels.OrderPaymentModel, System.Collections.Generic.ICollection<Order.Infrastructure.Entities.OrderModels.OrderPaymentTransactionModel>>
7ffcd29e6450      6        192 System.Linq.Expressions.Expression1<System.Func<Order.Business.Mediator.Commands.OrderFront.OrderPaymentTransactionFrontViewModel, Order.Infrastructure.Entities.OrderModels.OrderPaymentTransactionModel>>
7ffcd29e76f8      6        192 AutoMapper.Configuration.MemberConfigurationExpression<Order.Business.Model.Request.Order.OrderFeeViewModel, Order.Infrastructure.Entities.OrderModels.OrderFeeModel, System.String>+<>c__DisplayClass40_0
7ffcd29eb580      6        192 System.Linq.Expressions.Expression1<System.Func<Order.Business.Model.Request.Order.OrderFeeViewModel, Order.Infrastructure.Entities.OrderModels.OrderFeeAmountModel>>
7ffcd29ebeb0      6        192 AutoMapper.Configuration.MemberConfigurationExpression<Order.Business.Model.Request.Order.OrderFeeViewModel, Order.Infrastructure.Entities.OrderModels.OrderFeeModel, System.Collections.Generic.ICollection<Order.Infrastructure.Entities.OrderModels.OrderFeePaymentModel>>+<>c__DisplayClass40_0
7ffcd29ee730      3        192 AutoMapper.Configuration.MemberConfigurationExpression<Order.Business.Mediator.Commands.OrderFront.CreateOrderItemFrontManualViewModel, Order.Infrastructure.Entities.OrderModels.OrderItemModel, System.DateTime>
7ffcd29eeed8      6        192 System.Linq.Expressions.Expression1<System.Func<Order.Business.Mediator.Commands.OrderFront.CreateOrderItemFrontManualViewModel, System.DateTime>>
7ffcd29ef5e0      6        192 System.Linq.Expressions.Expression1<System.Func<Order.Business.Mediator.Commands.OrderFront.CreateOrderItemFrontManualViewModel, System.Int32>>
7ffcd29efc48      3        192 AutoMapper.Configuration.MemberConfigurationExpression<Order.Business.Mediator.Commands.OrderFront.CreateOrderItemFrontManualViewModel, Order.Infrastructure.Entities.OrderModels.OrderItemModel, Order.Infrastructure.Entities.OrderModels.OrderItemFulFillmentModel>
7ffcd29f09e0      3        192 AutoMapper.Configuration.MemberConfigurationExpression<Order.Business.Mediator.Commands.OrderFront.CreateOrderItemFrontManualViewModel, Order.Infrastructure.Entities.OrderModels.OrderItemModel, Order.Infrastructure.Entities.OrderModels.OrderItemPromotionModel>
7ffcd29f11a8      3        192 AutoMapper.Configuration.MemberConfigurationExpression<Order.Business.Mediator.Commands.OrderFront.CreateOrderItemFrontManualViewModel, Order.Infrastructure.Entities.OrderModels.OrderItemModel, Order.Infrastructure.Entities.OrderModels.OrderItemAmountModel>
7ffcd29f1970      3        192 AutoMapper.Configuration.MemberConfigurationExpression<Order.Business.Mediator.Commands.OrderFront.CreateOrderItemFrontManualViewModel, Order.Infrastructure.Entities.OrderModels.OrderItemModel, System.Collections.Generic.ICollection<Order.Infrastructure.Entities.OrderModels.OrderItemPaymentModel>>
7ffcd29f2138      3        192 AutoMapper.Configuration.MemberConfigurationExpression<Order.Business.Mediator.Commands.OrderFront.CreateOrderItemFrontManualViewModel, Order.Infrastructure.Entities.OrderModels.OrderItemModel, System.Collections.Generic.ICollection<Order.Infrastructure.Entities.OrderModels.OrderItemRemarkModel>>
7ffcd29f25d0      3        192 AutoMapper.Configuration.MemberConfigurationExpression<Order.Business.Mediator.Commands.OrderFront.CreateOrderItemFrontManualViewModel, Order.Infrastructure.Entities.OrderModels.OrderItemModel, System.Collections.Generic.ICollection<Order.Infrastructure.Entities.OrderModels.OrderItemBarcodeModel>>
7ffcd29f30b0      3        192 AutoMapper.Configuration.MemberConfigurationExpression<Order.Business.Mediator.Commands.OrderFront.CreateOrderFrontManualViewModel, Order.Infrastructure.Entities.SubOrderModels.SubOrderModel, System.Int32>
7ffcd29f47b8      3        192 AutoMapper.Configuration.MemberConfigurationExpression<Order.Business.Mediator.Commands.OrderFront.CreateOrderFrontManualViewModel, Order.Infrastructure.Entities.SubOrderModels.SubOrderModel, System.Collections.Generic.ICollection<Order.Infrastructure.Entities.SubOrderModels.SubOrderItemModel>>
7ffcd29f4f80      3        192 AutoMapper.Configuration.MemberConfigurationExpression<Order.Business.Mediator.Commands.OrderFront.CreateOrderFrontManualViewModel, Order.Infrastructure.Entities.SubOrderModels.SubOrderModel, System.Collections.Generic.ICollection<Order.Infrastructure.Entities.SubOrderModels.SubOrderFeeModel>>
7ffcd29f5d28      6        192 AutoMapper.Configuration.MemberConfigurationExpression<Order.Business.Mediator.Commands.OrderFront.OrderAddressFrontManualViewModel, Order.Infrastructure.Entities.SubOrderModels.SubOrderAddressModel, System.String>+<>c__DisplayClass40_0
7ffcd29f6d08      6        192 AutoMapper.Configuration.MemberConfigurationExpression<Order.Business.Model.Request.Order.OrderFeeViewModel, Order.Infrastructure.Entities.SubOrderModels.SubOrderFeeModel, System.String>+<>c__DisplayClass40_0
7ffcd29f8ca0      6        192 System.Linq.Expressions.Expression1<System.Func<Order.Business.Model.Request.Order.OrderFeeViewModel, Order.Infrastructure.Entities.SubOrderModels.SubOrderFeeAmountModel>>
7ffcd29f95d0      6        192 AutoMapper.Configuration.MemberConfigurationExpression<Order.Business.Model.Request.Order.OrderFeeViewModel, Order.Infrastructure.Entities.SubOrderModels.SubOrderFeeModel, System.Collections.Generic.ICollection<Order.Infrastructure.Entities.SubOrderModels.SubOrderFeePaymentModel>>+<>c__DisplayClass40_0
7ffcd29fb4f0      3        192 AutoMapper.Configuration.MemberConfigurationExpression<Order.Business.Mediator.Commands.OrderFront.CreateOrderItemFrontManualViewModel, Order.Infrastructure.Entities.SubOrderModels.SubOrderItemModel, System.DateTime>
7ffcd29fbf98      3        192 AutoMapper.Configuration.MemberConfigurationExpression<Order.Business.Mediator.Commands.OrderFront.CreateOrderItemFrontManualViewModel, Order.Infrastructure.Entities.SubOrderModels.SubOrderItemModel, Order.Infrastructure.Entities.SubOrderModels.SubOrderItemFulFillmentModel>
7ffcd29fd220      3        192 AutoMapper.Configuration.MemberConfigurationExpression<Order.Business.Mediator.Commands.OrderFront.CreateOrderItemFrontManualViewModel, Order.Infrastructure.Entities.SubOrderModels.SubOrderItemModel, Order.Infrastructure.Entities.SubOrderModels.SubOrderItemPromotionModel>
7ffcd29fd9e8      3        192 AutoMapper.Configuration.MemberConfigurationExpression<Order.Business.Mediator.Commands.OrderFront.CreateOrderItemFrontManualViewModel, Order.Infrastructure.Entities.SubOrderModels.SubOrderItemModel, Order.Infrastructure.Entities.SubOrderModels.SubOrderItemAmountModel>
7ffcd29fe1b0      3        192 AutoMapper.Configuration.MemberConfigurationExpression<Order.Business.Mediator.Commands.OrderFront.CreateOrderItemFrontManualViewModel, Order.Infrastructure.Entities.SubOrderModels.SubOrderItemModel, System.Collections.Generic.ICollection<Order.Infrastructure.Entities.SubOrderModels.SubOrderItemPayModel>>
7ffcd29fe978      3        192 AutoMapper.Configuration.MemberConfigurationExpression<Order.Business.Mediator.Commands.OrderFront.CreateOrderItemFrontManualViewModel, Order.Infrastructure.Entities.SubOrderModels.SubOrderItemModel, System.Collections.Generic.ICollection<Order.Infrastructure.Entities.SubOrderModels.SubOrderItemRemarkModel>>
7ffcd29fee10      3        192 AutoMapper.Configuration.MemberConfigurationExpression<Order.Business.Mediator.Commands.OrderFront.CreateOrderItemFrontManualViewModel, Order.Infrastructure.Entities.SubOrderModels.SubOrderItemModel, System.Collections.Generic.ICollection<Order.Infrastructure.Entities.SubOrderModels.SubOrderItemBarcodeModel>>
7ffcd2a17680      3        192 AutoMapper.Configuration.MemberConfigurationExpression<Order.Business.Mediator.Commands.OrderFront.CreateOrderFrontViewModel, Order.Infrastructure.Entities.OrderModels.OrderModel, System.Int32>
7ffcd2a19078      3        192 AutoMapper.Configuration.MemberConfigurationExpression<Order.Business.Mediator.Commands.OrderFront.CreateOrderFrontViewModel, Order.Infrastructure.Entities.OrderModels.OrderModel, System.Collections.Generic.ICollection<Order.Infrastructure.Entities.OrderModels.OrderItemModel>>
7ffcd2a19510      3        192 AutoMapper.Configuration.MemberConfigurationExpression<Order.Business.Mediator.Commands.OrderFront.CreateOrderFrontViewModel, Order.Infrastructure.Entities.OrderModels.OrderModel, System.Collections.Generic.ICollection<Order.Infrastructure.Entities.OrderModels.OrderFeeModel>>
7ffcd2a1a2b8      6        192 AutoMapper.Configuration.MemberConfigurationExpression<Order.Business.Mediator.Commands.OrderFront.OrderAddressFrontViewModel, Order.Infrastructure.Entities.OrderModels.OrderAddressModel, System.String>+<>c__DisplayClass40_0
7ffcd2a1b410      6        192 AutoMapper.Configuration.MemberConfigurationExpression<Order.Business.Mediator.Commands.OrderFront.CreateOrderPaymentFrontViewModel, Order.Infrastructure.Entities.OrderModels.OrderPaymentModel, System.String>+<>c__DisplayClass40_0
7ffcd2a1bc58      3        192 AutoMapper.Configuration.MemberConfigurationExpression<Order.Business.Mediator.Commands.OrderFront.CreateOrderPaymentFrontViewModel, Order.Infrastructure.Entities.OrderModels.OrderPaymentModel, System.DateTime>
7ffcd2a1c6a8      3        192 AutoMapper.Configuration.MemberConfigurationExpression<Order.Business.Mediator.Commands.OrderFront.CreateOrderPaymentFrontViewModel, Order.Infrastructure.Entities.OrderModels.OrderPaymentModel, System.Collections.Generic.ICollection<Order.Infrastructure.Entities.OrderModels.OrderPaymentTransactionModel>>
7ffcd2a1f138      3        192 AutoMapper.Configuration.MemberConfigurationExpression<Order.Business.Mediator.Commands.OrderFront.CreateOrderItemFrontViewModel, Order.Infrastructure.Entities.OrderModels.OrderItemModel, System.DateTime>
7ffcd2a1f850      6        192 System.Linq.Expressions.Expression1<System.Func<Order.Business.Mediator.Commands.OrderFront.CreateOrderItemFrontViewModel, System.DateTime>>
7ffcd2a1fec8      6        192 System.Linq.Expressions.Expression1<System.Func<Order.Business.Mediator.Commands.OrderFront.CreateOrderItemFrontViewModel, System.Int32>>
7ffcd2a30240      3        192 AutoMapper.Configuration.MemberConfigurationExpression<Order.Business.Mediator.Commands.OrderFront.CreateOrderItemFrontViewModel, Order.Infrastructure.Entities.OrderModels.OrderItemModel, Order.Infrastructure.Entities.OrderModels.OrderItemFulFillmentModel>
7ffcd2a30c90      3        192 AutoMapper.Configuration.MemberConfigurationExpression<Order.Business.Mediator.Commands.OrderFront.CreateOrderItemFrontViewModel, Order.Infrastructure.Entities.OrderModels.OrderItemModel, Order.Infrastructure.Entities.OrderModels.OrderItemPromotionModel>
7ffcd2a31128      3        192 AutoMapper.Configuration.MemberConfigurationExpression<Order.Business.Mediator.Commands.OrderFront.CreateOrderItemFrontViewModel, Order.Infrastructure.Entities.OrderModels.OrderItemModel, Order.Infrastructure.Entities.OrderModels.OrderItemAmountModel>
7ffcd2a315c0      3        192 AutoMapper.Configuration.MemberConfigurationExpression<Order.Business.Mediator.Commands.OrderFront.CreateOrderItemFrontViewModel, Order.Infrastructure.Entities.OrderModels.OrderItemModel, System.Collections.Generic.ICollection<Order.Infrastructure.Entities.OrderModels.OrderItemPaymentModel>>
7ffcd2a31a58      3        192 AutoMapper.Configuration.MemberConfigurationExpression<Order.Business.Mediator.Commands.OrderFront.CreateOrderItemFrontViewModel, Order.Infrastructure.Entities.OrderModels.OrderItemModel, System.Collections.Generic.ICollection<Order.Infrastructure.Entities.OrderModels.OrderItemRemarkModel>>
7ffcd2a31ef0      3        192 AutoMapper.Configuration.MemberConfigurationExpression<Order.Business.Mediator.Commands.OrderFront.CreateOrderItemFrontViewModel, Order.Infrastructure.Entities.OrderModels.OrderItemModel, System.Collections.Generic.ICollection<Order.Infrastructure.Entities.OrderModels.OrderItemBarcodeModel>>
7ffcd2a329d0      3        192 AutoMapper.Configuration.MemberConfigurationExpression<Order.Business.Mediator.Commands.OrderFront.CreateOrderFrontViewModel, Order.Infrastructure.Entities.SubOrderModels.SubOrderModel, System.Int32>
7ffcd2a33a78      3        192 AutoMapper.Configuration.MemberConfigurationExpression<Order.Business.Mediator.Commands.OrderFront.CreateOrderFrontViewModel, Order.Infrastructure.Entities.SubOrderModels.SubOrderModel, System.Collections.Generic.ICollection<Order.Infrastructure.Entities.SubOrderModels.SubOrderItemModel>>
7ffcd2a33f10      3        192 AutoMapper.Configuration.MemberConfigurationExpression<Order.Business.Mediator.Commands.OrderFront.CreateOrderFrontViewModel, Order.Infrastructure.Entities.SubOrderModels.SubOrderModel, System.Collections.Generic.ICollection<Order.Infrastructure.Entities.SubOrderModels.SubOrderFeeModel>>
7ffcd2a34cb8      6        192 AutoMapper.Configuration.MemberConfigurationExpression<Order.Business.Mediator.Commands.OrderFront.OrderAddressFrontViewModel, Order.Infrastructure.Entities.SubOrderModels.SubOrderAddressModel, System.String>+<>c__DisplayClass40_0
7ffcd2a36748      3        192 AutoMapper.Configuration.MemberConfigurationExpression<Order.Business.Mediator.Commands.OrderFront.CreateOrderItemFrontViewModel, Order.Infrastructure.Entities.SubOrderModels.SubOrderItemModel, System.DateTime>
7ffcd2a36ec0      3        192 AutoMapper.Configuration.MemberConfigurationExpression<Order.Business.Mediator.Commands.OrderFront.CreateOrderItemFrontViewModel, Order.Infrastructure.Entities.SubOrderModels.SubOrderItemModel, Order.Infrastructure.Entities.SubOrderModels.SubOrderItemFulFillmentModel>
7ffcd2a37910      3        192 AutoMapper.Configuration.MemberConfigurationExpression<Order.Business.Mediator.Commands.OrderFront.CreateOrderItemFrontViewModel, Order.Infrastructure.Entities.SubOrderModels.SubOrderItemModel, Order.Infrastructure.Entities.SubOrderModels.SubOrderItemPromotionModel>
7ffcd2a37da8      3        192 AutoMapper.Configuration.MemberConfigurationExpression<Order.Business.Mediator.Commands.OrderFront.CreateOrderItemFrontViewModel, Order.Infrastructure.Entities.SubOrderModels.SubOrderItemModel, Order.Infrastructure.Entities.SubOrderModels.SubOrderItemAmountModel>
7ffcd2a38240      3        192 AutoMapper.Configuration.MemberConfigurationExpression<Order.Business.Mediator.Commands.OrderFront.CreateOrderItemFrontViewModel, Order.Infrastructure.Entities.SubOrderModels.SubOrderItemModel, System.Collections.Generic.ICollection<Order.Infrastructure.Entities.SubOrderModels.SubOrderItemPayModel>>
7ffcd2a386d8      3        192 AutoMapper.Configuration.MemberConfigurationExpression<Order.Business.Mediator.Commands.OrderFront.CreateOrderItemFrontViewModel, Order.Infrastructure.Entities.SubOrderModels.SubOrderItemModel, System.Collections.Generic.ICollection<Order.Infrastructure.Entities.SubOrderModels.SubOrderItemRemarkModel>>
7ffcd2a38b70      3        192 AutoMapper.Configuration.MemberConfigurationExpression<Order.Business.Mediator.Commands.OrderFront.CreateOrderItemFrontViewModel, Order.Infrastructure.Entities.SubOrderModels.SubOrderItemModel, System.Collections.Generic.ICollection<Order.Infrastructure.Entities.SubOrderModels.SubOrderItemBarcodeModel>>
7ffcd2a607c0      3        192 AutoMapper.Configuration.MemberConfigurationExpression<Order.Infrastructure.Entities.OrderModels.OrderModel, Order.Domain.AggregatesModel.FrontAPI.Order.OrderDetailFrontView, System.Object>
7ffcd2a62ae0      6        192 System.Linq.Expressions.Expression1<System.Func<Order.Domain.AggregatesModel.FrontAPI.Order.OrderDetailFrontView, System.DateTime>>
7ffcd29ce348      6        192 System.Linq.Expressions.Expression1<System.Func<Order.Infrastructure.Entities.OrderModels.OrderModel, System.DateTime>>
7ffcd2a6cf90      3        192 AutoMapper.Configuration.MemberConfigurationExpression<Order.Business.Mediator.Commands.OrderFront.UpdateOrderFrontViewModel, Order.Infrastructure.Entities.OrderModels.OrderModel, System.DateTime>
7ffcd2a6d6a8      6        192 System.Linq.Expressions.Expression1<System.Func<Order.Business.Mediator.Commands.OrderFront.UpdateOrderFrontViewModel, System.Nullable<System.DateTime>>>
7ffcd2a6dd10      3        192 AutoMapper.Configuration.MemberConfigurationExpression<Order.Business.Mediator.Commands.OrderFront.UpdateOrderFrontViewModel, Order.Infrastructure.Entities.OrderModels.OrderModel, System.Collections.Generic.ICollection<Order.Infrastructure.Entities.OrderModels.OrderAddressModel>>
7ffcd2a6e1a8      3        192 AutoMapper.Configuration.MemberConfigurationExpression<Order.Business.Mediator.Commands.OrderFront.UpdateOrderFrontViewModel, Order.Infrastructure.Entities.OrderModels.OrderModel, System.Collections.Generic.ICollection<Order.Infrastructure.Entities.OrderModels.OrderItemModel>>
7ffcd2a6e970      3        192 AutoMapper.Configuration.MemberConfigurationExpression<Order.Business.Mediator.Commands.OrderFront.UpdateOrderFrontViewModel, Order.Infrastructure.Entities.OrderModels.OrderModel, System.Collections.Generic.ICollection<Order.Infrastructure.Entities.OrderModels.OrderPaymentModel>>
7ffcd2a70500      3        192 AutoMapper.Configuration.MemberConfigurationExpression<Order.Business.Mediator.Commands.OrderFront.UpdateOrderItemFront, Order.Infrastructure.Entities.OrderModels.OrderItemModel, System.Int32>
7ffcd2a713e8      3        192 AutoMapper.Configuration.MemberConfigurationExpression<Order.Business.Mediator.Commands.OrderFront.UpdateOrderItemFront, Order.Infrastructure.Entities.OrderModels.OrderItemModel, System.String>
7ffcd2a71b00      6        192 System.Linq.Expressions.Expression1<System.Func<Order.Business.Mediator.Commands.OrderFront.UpdateOrderItemFront, System.String>>
7ffcd2a71e38      3        192 AutoMapper.Configuration.MemberConfigurationExpression<Order.Business.Mediator.Commands.OrderFront.UpdateOrderItemFront, Order.Infrastructure.Entities.OrderModels.OrderItemModel, Order.Infrastructure.Entities.OrderModels.OrderItemAmountModel>
7ffcd2a722d0      3        192 AutoMapper.Configuration.MemberConfigurationExpression<Order.Business.Mediator.Commands.OrderFront.UpdateOrderItemFront, Order.Infrastructure.Entities.OrderModels.OrderItemModel, Order.Infrastructure.Entities.OrderModels.OrderItemPromotionModel>
7ffcd2a763b8      3        192 AutoMapper.Configuration.MemberConfigurationExpression<Order.Business.Mediator.Commands.OrderFront.UpdateOrderFrontViewModel, Order.Business.Mediator.Commands.OrderFront.UpdateSubOrderFrontViewModel, System.Nullable<System.DateTime>>
7ffcd2a76db0      3        192 AutoMapper.Configuration.MemberConfigurationExpression<Order.Business.Mediator.Commands.OrderFront.UpdateOrderFrontViewModel, Order.Business.Mediator.Commands.OrderFront.UpdateSubOrderFrontViewModel, System.Collections.Generic.List<Order.Business.Mediator.Commands.OrderFront.SubOrderAddressViewModel>>
7ffcd2a77578      3        192 AutoMapper.Configuration.MemberConfigurationExpression<Order.Business.Mediator.Commands.OrderFront.UpdateOrderFrontViewModel, Order.Business.Mediator.Commands.OrderFront.UpdateSubOrderFrontViewModel, System.Collections.Generic.List<Order.Business.Mediator.Commands.OrderFront.UpdateSubOrderItemFront>>
7ffcd2a792a8      3        192 AutoMapper.Configuration.MemberConfigurationExpression<Order.Business.Mediator.Commands.OrderFront.UpdateOrderItemFront, Order.Business.Mediator.Commands.OrderFront.UpdateSubOrderItemFront, System.Int32>
7ffcd2a79a70      3        192 AutoMapper.Configuration.MemberConfigurationExpression<Order.Business.Mediator.Commands.OrderFront.UpdateOrderItemFront, Order.Business.Mediator.Commands.OrderFront.UpdateSubOrderItemFront, System.Nullable<System.Decimal>>
7ffcd2a7a348      3        192 AutoMapper.Configuration.MemberConfigurationExpression<Order.Business.Mediator.Commands.OrderFront.UpdateOrderItemFront, Order.Business.Mediator.Commands.OrderFront.UpdateSubOrderItemFront, System.String>
7ffcd2a7ac20      3        192 AutoMapper.Configuration.MemberConfigurationExpression<Order.Business.Mediator.Commands.OrderFront.UpdateOrderItemFront, Order.Business.Mediator.Commands.OrderFront.UpdateSubOrderItemFront, System.Decimal>
7ffcd2a7b4f8      3        192 AutoMapper.Configuration.MemberConfigurationExpression<Order.Business.Mediator.Commands.OrderFront.UpdateOrderItemFront, Order.Business.Mediator.Commands.OrderFront.UpdateSubOrderItemFront, Order.Business.Mediator.Commands.OrderFront.UpdateSubOrderItemAmountViewModel>
7ffcd2a7bcc0      3        192 AutoMapper.Configuration.MemberConfigurationExpression<Order.Business.Mediator.Commands.OrderFront.UpdateOrderItemFront, Order.Business.Mediator.Commands.OrderFront.UpdateSubOrderItemFront, Order.Business.Mediator.Commands.OrderFront.UpdateSubOrderItemPromotionOtherViewModel>
7ffcd2a91a30      3        192 AutoMapper.Configuration.MemberConfigurationExpression<Order.Business.Mediator.Commands.OrderFront.UpdateSubOrderFrontViewModel, Order.Infrastructure.Entities.SubOrderModels.SubOrderModel, System.DateTime>
7ffcd2a92308      3        192 AutoMapper.Configuration.MemberConfigurationExpression<Order.Business.Mediator.Commands.OrderFront.UpdateSubOrderFrontViewModel, Order.Infrastructure.Entities.SubOrderModels.SubOrderModel, System.Collections.Generic.ICollection<Order.Infrastructure.Entities.SubOrderModels.SubOrderAddressModel>>
7ffcd2a927a0      3        192 AutoMapper.Configuration.MemberConfigurationExpression<Order.Business.Mediator.Commands.OrderFront.UpdateSubOrderFrontViewModel, Order.Infrastructure.Entities.SubOrderModels.SubOrderModel, System.Collections.Generic.ICollection<Order.Infrastructure.Entities.SubOrderModels.SubOrderItemModel>>
7ffcd2a93e70      3        192 AutoMapper.Configuration.MemberConfigurationExpression<Order.Business.Mediator.Commands.OrderFront.UpdateSubOrderItemFront, Order.Infrastructure.Entities.SubOrderModels.SubOrderItemModel, System.Int32>
7ffcd2a7aa30      6        192 System.Linq.Expressions.Expression1<System.Func<Order.Business.Mediator.Commands.OrderFront.UpdateSubOrderItemFront, System.Decimal>>
7ffcd2a948b0      3        192 AutoMapper.Configuration.MemberConfigurationExpression<Order.Business.Mediator.Commands.OrderFront.UpdateSubOrderItemFront, Order.Infrastructure.Entities.SubOrderModels.SubOrderItemModel, System.String>
7ffcd2a94e58      3        192 AutoMapper.Configuration.MemberConfigurationExpression<Order.Business.Mediator.Commands.OrderFront.UpdateSubOrderItemFront, Order.Infrastructure.Entities.SubOrderModels.SubOrderItemModel, Order.Infrastructure.Entities.SubOrderModels.SubOrderItemAmountModel>
7ffcd2a952f0      3        192 AutoMapper.Configuration.MemberConfigurationExpression<Order.Business.Mediator.Commands.OrderFront.UpdateSubOrderItemFront, Order.Infrastructure.Entities.SubOrderModels.SubOrderItemModel, Order.Infrastructure.Entities.SubOrderModels.SubOrderItemPromotionModel>
7ffcd2a7c8e0      6        192 System.Linq.Expressions.Expression1<System.Func<Order.Business.Mediator.Commands.OrderFront.UpdateSubOrderItemAmountDetailViewModel, System.Decimal>>
7ffcd2a7d1b8      6        192 System.Linq.Expressions.Expression1<System.Func<Order.Business.Mediator.Commands.OrderFront.UpdateSubOrderItemAmountDetailViewModel, System.Nullable<System.Decimal>>>
7ffcd2a9b3d0      3        192 AutoMapper.Configuration.MemberConfigurationExpression<Order.Infrastructure.Data.Readonlys.CompanyBuMapping.GetCompanyBuMappingByIdViewModelDto, Order.Business.Dtos.ViewModels.CompanyBuMapping.GetCompanyBuMappingByIdViewModel, System.Int32>
7ffcd2a9d748      6        192 System.Linq.Expressions.Expression1<System.Func<Order.Infrastructure.Data.Readonlys.CompanyBuMapping.GetCompanyBuMappingByIdViewModelDto, System.Boolean>>
7ffcd2a9dfc8      3        192 AutoMapper.Configuration.MemberConfigurationExpression<Order.Infrastructure.Data.Readonlys.CompanyBuMapping.GetCompanyBuMappingByIdViewModelDto, Order.Business.Dtos.ViewModels.CompanyBuMapping.GetCompanyBuMappingByIdViewModel, System.DateTime>
7ffcd2aa15d0      3        192 AutoMapper.Configuration.MemberConfigurationExpression<Order.Infrastructure.Data.Readonlys.CompanyBuMapping.GetCompanyBuMappingViewModelDto, Order.Business.Dtos.ViewModels.CompanyBuMapping.GetCompanyBuMappingViewModel, System.Int32>
7ffcd2aa2a68      6        192 System.Linq.Expressions.Expression1<System.Func<Order.Infrastructure.Data.Readonlys.CompanyBuMapping.GetCompanyBuMappingViewModelDto, System.Boolean>>
7ffcd2aa30d0      3        192 AutoMapper.Configuration.MemberConfigurationExpression<Order.Infrastructure.Data.Readonlys.CompanyBuMapping.GetCompanyBuMappingViewModelDto, Order.Business.Dtos.ViewModels.CompanyBuMapping.GetCompanyBuMappingViewModel, System.DateTime>
7ffcd2aa6210      3        192 AutoMapper.Configuration.MemberConfigurationExpression<Order.Business.Mediator.Queries.CompanyBUMapping.GetCompanyBuMappingsQuery, Order.Infrastructure.Data.Readonlys.CompanyBuMapping.GetCompanyBuMappingsQueryDto, System.Boolean>
7ffcd2aa76a8      6        192 System.Linq.Expressions.Expression1<System.Func<Order.Business.Mediator.Queries.CompanyBUMapping.GetCompanyBuMappingsQuery, System.Int32>>
7ffcd2b59fb8      6        192 System.Collections.Generic.List<AutoMapper.ConstructorParameterMap>
7ffcd168bd70      4        192 Microsoft.AspNetCore.Mvc.HttpPutAttribute
7ffcd16b79b0      3        192 System.Func<CommonApiMessage.AggregatesModel.WebRequest.Abstraction.WebRequestBase, System.String>
7ffcd16b7b40      3        192 System.Action<CommonApiMessage.AggregatesModel.WebRequest.Abstraction.WebRequestBase, System.String>
7ffcd16b9c68      3        192 System.Func<Order.Business.Mediator.Commands.SysInsuranceConfiguration.GetInsuranceConfigurationCommand, System.String>
7ffcd16b9df8      3        192 System.Action<Order.Business.Mediator.Commands.SysInsuranceConfiguration.GetInsuranceConfigurationCommand, System.String>
7ffcd16bc958      3        192 System.Func<Order.Business.Mediator.Commands.Order.UpdateOrderAddressCommand, System.String>
7ffcd16bcae8      3        192 System.Action<Order.Business.Mediator.Commands.Order.UpdateOrderAddressCommand, System.String>
7ffcd16bfdf0      3        192 System.Func<Order.Business.Mediator.Commands.OrderReturn.CreateOrderReturnCommand, System.String>
7ffcd16e0028      3        192 System.Action<Order.Business.Mediator.Commands.OrderReturn.CreateOrderReturnCommand, System.String>
7ffcd16ee510      3        192 System.Func<Microsoft.AspNetCore.Mvc.Filters.IFilterMetadata, Microsoft.AspNetCore.Mvc.Filters.FilterDescriptor>
7ffcd17b8e98      3        192 System.Net.Sockets.ConnectExDelegate
7ffcd188c128      6        192 System.Collections.Concurrent.SingleProducerSingleConsumerQueue<RabbitMQ.Client.Impl.Work>
7ffcd1886480      1        192 System.Collections.Generic.Dictionary<System.Int32, RabbitMQ.Client.Impl.ISession>+Entry[]
7ffcd1730f50      6        192 System.Collections.Generic.List<EventBus.InMemoryEventBusSubscriptionsManager+SubscriptionInfo>
7ffcd1730ed8      6        192 EventBus.InMemoryEventBusSubscriptionsManager+SubscriptionInfo
7ffcd1887ce0      1        192 System.Collections.Generic.Dictionary<System.String, System.Collections.Generic.List<EventBus.InMemoryEventBusSubscriptionsManager+SubscriptionInfo>>+Entry[]
7ffcd18c76d0      3        192 System.Func<System.Collections.Generic.KeyValuePair<System.String, System.String>, System.String>
7ffcd18e0f38      3        192 System.Func<System.IntPtr>
7ffcd18e94f8      3        192 System.Func<System.IntPtr, System.String, System.String, Confluent.Kafka.ErrorCode>
7ffcd196b038      4        192 System.Runtime.InteropServices.PosixSignalRegistration+Token[]
7ffcd1972668      1        192 Microsoft.Extensions.Options.IConfigureOptions<Microsoft.Extensions.Options.StartupValidatorOptions>[]
7ffcd1449dd8      1        192 System.Collections.Generic.Dictionary<System.String, System.Collections.Generic.List<Microsoft.Extensions.Diagnostics.Metrics.FactoryMeter>>+Entry[]
7ffcd1ad73e0      3        192 System.Func<System.Object, Microsoft.AspNetCore.Http.HttpContext, System.IServiceProvider, System.Threading.Tasks.Task>
7ffcd1afaf40      1        192 Microsoft.IO.RecyclableMemoryStreamManager
7ffcd1480ef0      2        192 Microsoft.AspNetCore.Diagnostics.DeveloperExceptionPageMiddlewareImpl
7ffcd1b1ecd8      3        192 System.Func<Microsoft.AspNetCore.Mvc.Filters.FilterDescriptor, Microsoft.AspNetCore.Mvc.Filters.IFilterMetadata>
7ffcd1b49648      3        192 Microsoft.AspNetCore.Connections.ConnectionDelegate
7ffcd1c89c40      2        192 System.Collections.Generic.Dictionary<System.String, Microsoft.OpenApi.Models.OpenApiInfo>+Entry[]
7ffcd1d49ff0      3        192 System.Action<Microsoft.OpenApi.Writers.IOpenApiWriter, Microsoft.OpenApi.Models.OpenApiServer>
7ffcd1d4aab0      3        192 System.Action<Microsoft.OpenApi.Writers.IOpenApiWriter, Microsoft.OpenApi.Models.OpenApiExternalDocs>
7ffcd1d661b0      3        192 System.Action<Microsoft.OpenApi.Writers.IOpenApiWriter, Microsoft.OpenApi.Models.OpenApiMediaType>
7ffcd1ec80b8      3        192 System.Buffers.SpanAction<System.Char, System.ReadOnlySpan<System.Byte>>
7ffcd1f14498      3        192 System.Func<System.Net.Http.Headers.MediaTypeHeaderValue>
7ffcd1f18c68      4        192 System.Net.Http.Headers.TransferCodingHeaderParser
7ffcd294d2b8      3        192 AutoMapper.Configuration.MemberConfigurationExpression<Order.Infrastructure.Entities.OrderModels.OrderItemModel, CommonApiMessage.AggregatesModel.OrderMessage.OrderMessageItemViewModel, System.Int32>
7ffcd294f0b0      3        192 AutoMapper.Configuration.MemberConfigurationExpression<Order.Infrastructure.Entities.OrderModels.OrderItemModel, CommonApiMessage.AggregatesModel.OrderMessage.OrderMessageItemViewModel, System.Collections.Generic.List<CommonApiMessage.AggregatesModel.OrderMessage.OrderMessageSubBarcodeViewModel>>
7ffcd2970e20      3        192 AutoMapper.Configuration.MemberConfigurationExpression<Order.Infrastructure.Entities.OrderModels.OrderItemFulFillmentModel, CommonApiMessage.AggregatesModel.OrderMessage.OrderMessageItemFulFillmentViewModel, System.Collections.Generic.List<CommonApiMessage.AggregatesModel.OrderMessage.OrderMessageItemFulFillmentServiceTypeViewModel>>
7ffcd2971c30      3        192 AutoMapper.Configuration.MemberConfigurationExpression<Order.Infrastructure.Entities.OrderModels.OrderItemFulFillmentModel, CommonApiMessage.AggregatesModel.OrderMessage.OrderMessageItemFulFillmentViewModel, System.Collections.Generic.List<CommonApiMessage.AggregatesModel.OrderMessage.OrderMessageItemDeliveryWindowViewModel>>
7ffcd2972eb8      3        192 AutoMapper.Configuration.MemberConfigurationExpression<Order.Infrastructure.Entities.OrderModels.OrderItemFulFillmentModel, CommonApiMessage.AggregatesModel.OrderMessage.OrderMessageItemFulFillmentViewModel, System.String>
7ffcd2974a88      3        192 AutoMapper.Configuration.MemberConfigurationExpression<Order.Infrastructure.Entities.OrderModels.OrderItemFulFillmentModel, CommonApiMessage.AggregatesModel.OrderMessage.OrderMessageItemFulFillmentViewModel, System.Nullable<System.DateTime>>
7ffcd2979e00      3        192 AutoMapper.Configuration.MemberConfigurationExpression<Order.Infrastructure.Entities.OrderModels.OrderItemBarcodeModel, CommonApiMessage.AggregatesModel.OrderMessage.OrderMessageSubBarcodeViewModel, System.String>
7ffcd298e4c8      6        192 System.Linq.Expressions.Expression1<System.Func<Order.Infrastructure.Entities.SubOrderModels.SubOrderAddressModel, System.String>>
7ffcd298f178      3        192 AutoMapper.Configuration.MemberConfigurationExpression<Order.Infrastructure.Entities.SubOrderModels.SubOrderItemModel, CommonApiMessage.AggregatesModel.SubOrderMessage.SubOrderMessageItemViewModel, System.Int32>
7ffcd2990d98      3        192 AutoMapper.Configuration.MemberConfigurationExpression<Order.Infrastructure.Entities.SubOrderModels.SubOrderItemModel, CommonApiMessage.AggregatesModel.SubOrderMessage.SubOrderMessageItemViewModel, System.Collections.Generic.List<CommonApiMessage.AggregatesModel.SubOrderMessage.SubOrderMessageItemSubBarcodeViewModel>>
7ffcd2992aa8      3        192 AutoMapper.Configuration.MemberConfigurationExpression<Order.Infrastructure.Entities.SubOrderModels.SubOrderItemFulFillmentModel, CommonApiMessage.AggregatesModel.SubOrderMessage.SubOrderMessageItemFulFillmentViewModel, System.Collections.Generic.List<CommonApiMessage.AggregatesModel.SubOrderMessage.SubOrderMessageItemFulFillmentServiceTypeViewModel>>
7ffcd29938b8      3        192 AutoMapper.Configuration.MemberConfigurationExpression<Order.Infrastructure.Entities.SubOrderModels.SubOrderItemFulFillmentModel, CommonApiMessage.AggregatesModel.SubOrderMessage.SubOrderMessageItemFulFillmentViewModel, System.String>
7ffcd2994638      3        192 AutoMapper.Configuration.MemberConfigurationExpression<Order.Infrastructure.Entities.SubOrderModels.SubOrderItemFulFillmentModel, CommonApiMessage.AggregatesModel.SubOrderMessage.SubOrderMessageItemFulFillmentViewModel, System.Nullable<System.DateTime>>
7ffcd299f3c0      3        192 AutoMapper.Configuration.MemberConfigurationExpression<Order.Infrastructure.Entities.Promotion.PromotionItemModel, CommonApiMessage.AggregatesModel.SubOrderMessage.SubOrderMessageItemViewModel, System.Int32>
7ffcd29b13f8      3        192 AutoMapper.Configuration.MemberConfigurationExpression<Order.Business.Mediator.Commands.RoleChannelMapping.CreateRoleChannelMappingCommand, Order.Infrastructure.Data.Readonlys.RoleChannelMapping.CreateRoleChannelMappingCommandDto, System.Int32>
7ffcd29b2890      6        192 System.Linq.Expressions.Expression1<System.Func<Order.Business.Mediator.Commands.RoleChannelMapping.CreateRoleChannelMappingCommand, System.String>>
7ffcd298dbc0      6        192 System.Linq.Expressions.Expression1<System.Func<CommonApiMessage.AggregatesModel.SubOrderMessage.SubOrderMessageAddressViewModel, System.String>>
7ffcd29b7a78      6        192 System.Linq.Expressions.Expression1<System.Func<Order.Domain.AggregatesModel.Order.PackingDetails, System.String>>
7ffcd29b8f30      3        192 AutoMapper.Configuration.MemberConfigurationExpression<Order.Domain.AggregatesModel.Order.PackingDetails, Order.Business.Responses.Order.ProductByPacking, System.Nullable<System.Decimal>>
7ffcd29bbf80      6        192 System.Linq.Expressions.Expression1<System.Func<CommonApiMessage.AggregatesModel.OrderMessage.OrderMessageAddressViewModel, System.String>>
7ffcd294e0f0      6        192 System.Linq.Expressions.Expression1<System.Func<CommonApiMessage.AggregatesModel.OrderMessage.OrderMessageItemViewModel, System.String>>
7ffcd29bd508      3        192 AutoMapper.Configuration.MemberConfigurationExpression<CommonApiMessage.AggregatesModel.OrderMessage.OrderMessageItemViewModel, Order.Business.Responses.Order.Product, System.Nullable<System.Decimal>>
7ffcd29ccd00      3        192 AutoMapper.Configuration.MemberConfigurationExpression<Order.Business.Mediator.Commands.OrderFront.CreateOrderFrontManualViewModel, Order.Infrastructure.Entities.OrderModels.OrderModel, System.Int32>
7ffcd29e03d0      3        192 AutoMapper.Configuration.MemberConfigurationExpression<Order.Business.Mediator.Commands.OrderFront.CreateOrderFrontManualViewModel, Order.Infrastructure.Entities.OrderModels.OrderModel, System.Collections.Generic.ICollection<Order.Infrastructure.Entities.OrderModels.OrderItemModel>>
7ffcd29e0b98      3        192 AutoMapper.Configuration.MemberConfigurationExpression<Order.Business.Mediator.Commands.OrderFront.CreateOrderFrontManualViewModel, Order.Infrastructure.Entities.OrderModels.OrderModel, System.Collections.Generic.ICollection<Order.Infrastructure.Entities.OrderModels.OrderFeeModel>>
7ffcd29e1940      6        192 AutoMapper.Configuration.MemberConfigurationExpression<Order.Business.Mediator.Commands.OrderFront.OrderAddressFrontManualViewModel, Order.Infrastructure.Entities.OrderModels.OrderAddressModel, System.String>+<>c__DisplayClass40_0
7ffcd29c0740      3        192 System.Action<AutoMapper.IMemberConfigurationExpression<Order.Business.Mediator.Commands.OrderFront.CreateOrderPaymentFrontManualViewModel, Order.Infrastructure.Entities.OrderModels.OrderPaymentModel, System.String>>
7ffcd29e2dc8      6        192 AutoMapper.Configuration.MemberConfigurationExpression<Order.Business.Mediator.Commands.OrderFront.CreateOrderPaymentFrontManualViewModel, Order.Infrastructure.Entities.OrderModels.OrderPaymentModel, System.String>+<>c__DisplayClass40_0
7ffcd2a10980      3        192 System.Action<AutoMapper.IMemberConfigurationExpression<Order.Business.Mediator.Commands.OrderFront.CreateOrderPaymentFrontViewModel, Order.Infrastructure.Entities.OrderModels.OrderPaymentModel, System.String>>
7ffcd12bb710      3        192 System.Func<Microsoft.AspNetCore.Mvc.ControllerContext, System.Object>
7ffcd30e75a0      3        192 System.Func<System.ValueTuple<Microsoft.EntityFrameworkCore.Metadata.Internal.InternalForeignKeyBuilder, System.Boolean, Microsoft.EntityFrameworkCore.Metadata.Internal.InternalForeignKeyBuilder+Resolution, System.Boolean>, System.Boolean>
7ffcd3041ac0      1        192 System.Collections.Generic.Dictionary<System.Type, System.Collections.Generic.List<Microsoft.EntityFrameworkCore.Metadata.IConventionEntityType>>+Entry[]
7ffcd31a5e40      3        192 System.Func<Microsoft.EntityFrameworkCore.Metadata.IConventionSkipNavigation, System.Boolean>
7ffcd333c420      3        192 System.Func<Microsoft.EntityFrameworkCore.Metadata.INavigation, System.Boolean>
7ffcd3365558      3        192 System.Func<Microsoft.EntityFrameworkCore.Storage.CoreTypeMapping, Microsoft.EntityFrameworkCore.ChangeTracking.ValueComparer>
7ffcd42a2b78      3        192 System.Func<System.Object, System.Collections.Generic.List<System.String>>
7ffcd42a3370      3        192 System.Action<System.Object, System.Collections.Generic.List<System.String>>
7ffcd42a7598      3        192 System.Func<System.Object, System.Collections.Generic.List<CommonApiMessage.AggregatesModel.SubOrderMessage.SubOrderMessageRemarkViewModel>>
7ffcd42a7d90      3        192 System.Action<System.Object, System.Collections.Generic.List<CommonApiMessage.AggregatesModel.SubOrderMessage.SubOrderMessageRemarkViewModel>>
7ffcd42a9908      3        192 System.Func<System.Object, System.Collections.Generic.List<CommonApiMessage.AggregatesModel.SubOrderMessage.SubOrderMessageItemViewModel>>
7ffcd42aa100      3        192 System.Action<System.Object, System.Collections.Generic.List<CommonApiMessage.AggregatesModel.SubOrderMessage.SubOrderMessageItemViewModel>>
7ffcd42aaac0      3        192 System.Func<System.Object, System.Collections.Generic.List<CommonApiMessage.AggregatesModel.OrderMessage.OrderMessagePaymentViewModel>>
7ffcd42ab2b8      3        192 System.Action<System.Object, System.Collections.Generic.List<CommonApiMessage.AggregatesModel.OrderMessage.OrderMessagePaymentViewModel>>
7ffcd42abc78      3        192 System.Func<System.Object, System.Collections.Generic.List<CommonApiMessage.AggregatesModel.OrderMessage.OrderMessageCustomerViewModel>>
7ffcd42ac470      3        192 System.Action<System.Object, System.Collections.Generic.List<CommonApiMessage.AggregatesModel.OrderMessage.OrderMessageCustomerViewModel>>
7ffcd42ace30      3        192 System.Func<System.Object, System.Collections.Generic.List<CommonApiMessage.AggregatesModel.OrderMessage.OrderMessageItemViewModel>>
7ffcd42ad628      3        192 System.Action<System.Object, System.Collections.Generic.List<CommonApiMessage.AggregatesModel.OrderMessage.OrderMessageItemViewModel>>
7ffcd42adfe8      3        192 System.Func<System.Object, System.Collections.Generic.List<CommonApiMessage.AggregatesModel.OrderMessage.OrderMessagePromotionViewModel>>
7ffcd42ae7e0      3        192 System.Action<System.Object, System.Collections.Generic.List<CommonApiMessage.AggregatesModel.OrderMessage.OrderMessagePromotionViewModel>>
7ffcd42af1a0      3        192 System.Func<System.Object, System.Collections.Generic.List<CommonApiMessage.AggregatesModel.SubOrderMessage.SubOrderMessagePromotionViewModel>>
7ffcd42af998      3        192 System.Action<System.Object, System.Collections.Generic.List<CommonApiMessage.AggregatesModel.SubOrderMessage.SubOrderMessagePromotionViewModel>>
7ffcd42b0388      3        192 System.Func<System.Object, System.Collections.Generic.List<CommonApiMessage.AggregatesModel.SubOrderMessage.SubOrderMessageFeeViewModel>>
7ffcd42b0b80      3        192 System.Action<System.Object, System.Collections.Generic.List<CommonApiMessage.AggregatesModel.SubOrderMessage.SubOrderMessageFeeViewModel>>
7ffcd42b1540      3        192 System.Func<System.Object, System.Collections.Generic.List<CommonApiMessage.AggregatesModel.Package.PackageInfoMessageViewModel>>
7ffcd42b1d38      3        192 System.Action<System.Object, System.Collections.Generic.List<CommonApiMessage.AggregatesModel.Package.PackageInfoMessageViewModel>>
7ffcd42b26f8      3        192 System.Func<System.Object, System.Collections.Generic.List<CommonApiMessage.AggregatesModel.OrderMessage.OrderMessageAddressViewModel>>
7ffcd42b2ef0      3        192 System.Action<System.Object, System.Collections.Generic.List<CommonApiMessage.AggregatesModel.OrderMessage.OrderMessageAddressViewModel>>
7ffcd42b54c8      3        192 System.Func<System.Object, System.Collections.Generic.List<CommonApiMessage.AggregatesModel.Package.PackageTbMessage>>
7ffcd42b5cc0      3        192 System.Action<System.Object, System.Collections.Generic.List<CommonApiMessage.AggregatesModel.Package.PackageTbMessage>>
7ffcd42c70e0      3        192 System.Func<System.Object, System.Int64>
7ffcd42c79c0      3        192 System.Action<System.Object, System.Int64>
7ffcd42cdff8      3        192 System.Func<System.Object, CommonApiMessage.AggregatesModel.SubOrderMessage.SubOrderMessageItemPromotionViewModel>
7ffcd42ce7f0      3        192 System.Action<System.Object, CommonApiMessage.AggregatesModel.SubOrderMessage.SubOrderMessageItemPromotionViewModel>
7ffcd42cf1b0      3        192 System.Func<System.Object, CommonApiMessage.AggregatesModel.SubOrderMessage.SubOrderMessageItemFulFillmentViewModel>
7ffcd42cf9a8      3        192 System.Action<System.Object, CommonApiMessage.AggregatesModel.SubOrderMessage.SubOrderMessageItemFulFillmentViewModel>
7ffcd42f0388      3        192 System.Func<System.Object, System.Collections.Generic.List<CommonApiMessage.AggregatesModel.SubOrderMessage.SubOrderMessageItemRemarkViewModel>>
7ffcd42f0b80      3        192 System.Action<System.Object, System.Collections.Generic.List<CommonApiMessage.AggregatesModel.SubOrderMessage.SubOrderMessageItemRemarkViewModel>>
7ffcd42f1540      3        192 System.Func<System.Object, CommonApiMessage.AggregatesModel.SubOrderMessage.SubOrderMessageItemAmountViewModel>
7ffcd42f1d38      3        192 System.Action<System.Object, CommonApiMessage.AggregatesModel.SubOrderMessage.SubOrderMessageItemAmountViewModel>
7ffcd42f26f8      3        192 System.Func<System.Object, System.Collections.Generic.List<CommonApiMessage.AggregatesModel.SubOrderMessage.SubOrderMessageItemPaymentViewModel>>
7ffcd42f2ef0      3        192 System.Action<System.Object, System.Collections.Generic.List<CommonApiMessage.AggregatesModel.SubOrderMessage.SubOrderMessageItemPaymentViewModel>>
7ffcd42f38b0      3        192 System.Func<System.Object, System.Collections.Generic.List<CommonApiMessage.AggregatesModel.SubOrderMessage.SubOrderMessageItemSubBarcodeViewModel>>
7ffcd42f40a8      3        192 System.Action<System.Object, System.Collections.Generic.List<CommonApiMessage.AggregatesModel.SubOrderMessage.SubOrderMessageItemSubBarcodeViewModel>>
7ffcd42f4a68      3        192 System.Func<System.Object, System.Collections.Generic.List<CommonApiMessage.AggregatesModel.SubOrderMessage.SubOrderMessageItemPromotionsViewModel>>
7ffcd42f5260      3        192 System.Action<System.Object, System.Collections.Generic.List<CommonApiMessage.AggregatesModel.SubOrderMessage.SubOrderMessageItemPromotionsViewModel>>
7ffcd42ff6b8      8        192 System.Text.Json.Serialization.Metadata.JsonPropertyInfo<System.Nullable<System.DateTime>>+<>c__DisplayClass9_0
7ffcd42ffe60      8        192 System.Text.Json.Serialization.Metadata.JsonPropertyInfo<System.Nullable<System.DateTime>>+<>c__DisplayClass10_0
7ffcd4300778      3        192 System.Func<System.Object, System.Collections.Generic.List<CommonApiMessage.AggregatesModel.SubOrderMessage.SubOrderMessageItemDeliveryWindowViewModel>>
7ffcd4300f70      3        192 System.Action<System.Object, System.Collections.Generic.List<CommonApiMessage.AggregatesModel.SubOrderMessage.SubOrderMessageItemDeliveryWindowViewModel>>
7ffcd4303548      3        192 System.Func<System.Object, System.Collections.Generic.List<CommonApiMessage.AggregatesModel.SubOrderMessage.SubOrderMessageItemFulFillmentServiceTypeViewModel>>
7ffcd4303d40      3        192 System.Action<System.Object, System.Collections.Generic.List<CommonApiMessage.AggregatesModel.SubOrderMessage.SubOrderMessageItemFulFillmentServiceTypeViewModel>>
7ffcd430bf68      3        192 System.Func<System.ValueTuple<System.String, System.Type, System.Reflection.MemberInfo>, System.Func<System.Object, CommonApiMessage.AggregatesModel.SubOrderMessage.SubOrderMessageItemAmountDetailViewModel>>
7ffcd430c760      3        192 System.Func<System.ValueTuple<System.String, System.Type, System.Reflection.MemberInfo>, System.Action<System.Object, CommonApiMessage.AggregatesModel.SubOrderMessage.SubOrderMessageItemAmountDetailViewModel>>
7ffcd430d8c8      3        192 System.Func<System.Object, System.Collections.Generic.List<CommonApiMessage.AggregatesModel.SubOrderMessage.SubOrderMessageItemTaxViewModel>>
7ffcd430e0c0      3        192 System.Action<System.Object, System.Collections.Generic.List<CommonApiMessage.AggregatesModel.SubOrderMessage.SubOrderMessageItemTaxViewModel>>
7ffcd4318b58      3        192 System.Func<System.Object, System.Collections.Generic.List<CommonApiMessage.AggregatesModel.OrderMessage.OrderMessagePaymentTransactionViewModel>>
7ffcd4319350      3        192 System.Action<System.Object, System.Collections.Generic.List<CommonApiMessage.AggregatesModel.OrderMessage.OrderMessagePaymentTransactionViewModel>>
7ffcd4324fb8      3        192 System.Func<System.Object, CommonApiMessage.AggregatesModel.OrderMessage.OrderMessageItemFulFillmentViewModel>
7ffcd43257b0      3        192 System.Action<System.Object, CommonApiMessage.AggregatesModel.OrderMessage.OrderMessageItemFulFillmentViewModel>
7ffcd4326170      3        192 System.Func<System.Object, System.Collections.Generic.List<CommonApiMessage.AggregatesModel.OrderMessage.OrderMessageItemRemarkViewModel>>
7ffcd4326968      3        192 System.Action<System.Object, System.Collections.Generic.List<CommonApiMessage.AggregatesModel.OrderMessage.OrderMessageItemRemarkViewModel>>
7ffcd4327328      3        192 System.Func<System.Object, CommonApiMessage.AggregatesModel.OrderMessage.OrderMessageItemAmountViewModel>
7ffcd4327b20      3        192 System.Action<System.Object, CommonApiMessage.AggregatesModel.OrderMessage.OrderMessageItemAmountViewModel>
7ffcd43284e0      3        192 System.Func<System.Object, System.Collections.Generic.List<CommonApiMessage.AggregatesModel.OrderMessage.OrderMessageItemPaymentViewModel>>
7ffcd4328cd8      3        192 System.Action<System.Object, System.Collections.Generic.List<CommonApiMessage.AggregatesModel.OrderMessage.OrderMessageItemPaymentViewModel>>
7ffcd4329698      3        192 System.Func<System.Object, System.Collections.Generic.List<CommonApiMessage.AggregatesModel.OrderMessage.OrderMessageSubBarcodeViewModel>>
7ffcd4329e90      3        192 System.Action<System.Object, System.Collections.Generic.List<CommonApiMessage.AggregatesModel.OrderMessage.OrderMessageSubBarcodeViewModel>>
7ffcd432a850      3        192 System.Func<System.Object, CommonApiMessage.AggregatesModel.OrderMessage.OrderMessageItemPromotionViewModel>
7ffcd432b048      3        192 System.Action<System.Object, CommonApiMessage.AggregatesModel.OrderMessage.OrderMessageItemPromotionViewModel>
7ffcd432ba08      3        192 System.Func<System.Object, System.Collections.Generic.List<CommonApiMessage.AggregatesModel.OrderMessage.OrderMessageItemPromotionsViewModel>>
7ffcd432c200      3        192 System.Action<System.Object, System.Collections.Generic.List<CommonApiMessage.AggregatesModel.OrderMessage.OrderMessageItemPromotionsViewModel>>
7ffcd432f070      3        192 System.Func<System.Object, System.Collections.Generic.List<CommonApiMessage.AggregatesModel.OrderMessage.OrderMessageItemDeliveryWindowViewModel>>
7ffcd432f868      3        192 System.Action<System.Object, System.Collections.Generic.List<CommonApiMessage.AggregatesModel.OrderMessage.OrderMessageItemDeliveryWindowViewModel>>
7ffcd4331fa0      3        192 System.Func<System.Object, System.Collections.Generic.List<CommonApiMessage.AggregatesModel.OrderMessage.OrderMessageItemFulFillmentServiceTypeViewModel>>
7ffcd4332798      3        192 System.Action<System.Object, System.Collections.Generic.List<CommonApiMessage.AggregatesModel.OrderMessage.OrderMessageItemFulFillmentServiceTypeViewModel>>
7ffcd4337698      3        192 System.Func<System.ValueTuple<System.String, System.Type, System.Reflection.MemberInfo>, System.Func<System.Object, CommonApiMessage.AggregatesModel.OrderMessage.OrderMessageItemAmountDetailViewModel>>
7ffcd4337e90      3        192 System.Func<System.ValueTuple<System.String, System.Type, System.Reflection.MemberInfo>, System.Action<System.Object, CommonApiMessage.AggregatesModel.OrderMessage.OrderMessageItemAmountDetailViewModel>>
7ffcd433ac10      3        192 System.Func<System.Object, System.Collections.Generic.List<CommonApiMessage.AggregatesModel.OrderMessage.OrderMessageItemTaxViewModel>>
7ffcd433b408      3        192 System.Action<System.Object, System.Collections.Generic.List<CommonApiMessage.AggregatesModel.OrderMessage.OrderMessageItemTaxViewModel>>
7ffcd3ea2bc8      3        192 System.Func<Microsoft.Extensions.Logging.LogLevel, System.Action<Microsoft.Extensions.Logging.ILogger, System.String, System.Exception>>
7ffcd25a7508      3        192 System.Action<Microsoft.Extensions.Logging.ILogger, System.String, System.Exception>
7ffcd3efa340      3        192 System.Func<Microsoft.Extensions.Logging.LogLevel, System.Action<Microsoft.Extensions.Logging.ILogger, System.String, System.String, System.Int32, System.Exception>>
7ffcd3efa238      3        192 System.Action<Microsoft.Extensions.Logging.ILogger, System.String, System.String, System.Int32, System.Exception>
7ffcd3db46b8      4        192 System.Configuration.Internal.FileVersion
7ffcd416bbe0      5        200 Microsoft.EntityFrameworkCore.Query.Internal.QueryCompiler+<>c__DisplayClass11_0<System.Collections.Generic.IEnumerable<Order.Infrastructure.Entities.OrderItemInformation.OrderItemOtherInfoModel>>
7ffcd422c158      5        200 Microsoft.EntityFrameworkCore.Query.Internal.QueryCompiler+<>c__DisplayClass11_0<Order.Infrastructure.Entities.OrderReference.OrderReferenceModel>
7ffcd05a9f00      1        200 System.Threading.PortableThreadPool+HillClimbing
7ffcd0498068      1        200 System.Buffers.ProbabilisticWithAsciiCharSearchValues<System.Buffers.IndexOfAnyAsciiSearcher+Default>
7ffcd08414f0      1        200 System.Collections.Generic.HashSet<System.RuntimeType>+Entry[]
7ffcd0a18df0      1        200 Microsoft.Extensions.Logging.EventSource.LoggingEventSource
7ffcd04973a0      1        200 System.Buffers.ProbabilisticWithAsciiCharSearchValues<System.Buffers.IndexOfAnyAsciiSearcher+Ssse3AndWasmHandleZeroInNeedle>
7ffcd1346270      5        200 System.Collections.Concurrent.ConcurrentDictionary<System.String, System.String>
7ffcd1768d60      1        200 RabbitMQ.Client.Framing.Impl.AutorecoveringConnection
7ffcd1b9ab60      5        200 System.Text.Json.JsonSerializerOptions+CachingContext
7ffcd1b9af40      5        200 System.Collections.Concurrent.ConcurrentDictionary<System.Type, System.Text.Json.JsonSerializerOptions+CachingContext+CacheEntry>
7ffcd27bf898      1        200 Microsoft.Extensions.DependencyInjection.DependencyInjectionEventSource
7ffcd3f1dea0      5        200 System.Linq.Expressions.Expression2<System.Func<System.Object, System.Object, System.Boolean>>
7ffcd3d9ac58      5        200 System.Configuration.ConfigurationSchemaErrors
7ffcd170d1d0      2        208 System.IO.StreamWriter
7ffcd0aea720      2        208 EventBus.Kafka.EventBusKafkaSetting
7ffcd18ac548      1        208 Confluent.Kafka.Producer<Confluent.Kafka.Null, System.String>
7ffcd1c76338      1        208 Confluent.Kafka.Consumer<Confluent.Kafka.Ignore, System.String>
7ffcd291f898      1        208 AutoMapper.MapperConfiguration
7ffcd3d9b810      2        208 System.Configuration.SectionXmlInfo
7ffcd0581c18      3        216 Microsoft.Win32.SafeHandles.SafeFileHandle
7ffcd076ebe8      3        216 System.Collections.Generic.HashSet<System.Reflection.Assembly>+Entry[]
7ffcd1170a28      1        216 System.Diagnostics.DiagnosticSourceEventSource
7ffcd14de438      9        216 System.Resources.ResourceManager+ResourceManagerMediator
7ffcd14de0c8      9        216 System.Resources.ManifestBasedResourceGroveler
7ffcd12dc6c8      3        216 System.Threading.Tasks.Task<System.Boolean>
7ffcd39e8be0      2        216 System.Collections.Generic.HashSet<System.Linq.Expressions.ExpressionType>+Entry[]
7ffcd14b4a48      4        224 System.Runtime.CompilerServices.ConditionalWeakTable<System.Text.Json.JsonSerializerOptions, System.Object>+Container
7ffcd067fcf0      4        224 System.Collections.Concurrent.ConcurrentDictionary<System.String, Microsoft.Extensions.FileProviders.Physical.PhysicalFilesWatcher+ChangeTokenInfo>+Tables
7ffcd0aa70b8      7        224 Microsoft.Win32.SafeHandles.SafeRegistryHandle
7ffcd11962e0      4        224 System.Collections.Concurrent.ConcurrentDictionary<System.Type, System.Boolean>+Tables
7ffcd1798b50      1        224 System.Net.NameResolutionTelemetry
7ffcd183d910      1        224 RabbitMQ.Client.Framing.Impl.Model
7ffcd1d31658      4        224 System.Collections.Concurrent.ConcurrentDictionary<System.UInt64, System.Text.Json.JsonEncodedText>+Tables
7ffcd1d31f00      4        224 System.Collections.Concurrent.ConcurrentDictionary<System.String, System.UInt64>+Tables
7ffcd1fbede8      4        224 System.Text.Json.Serialization.Converters.EnumConverter<Swashbuckle.AspNetCore.SwaggerUI.ModelRendering>+EnumFieldInfo
7ffcd0c3fb98      1        224 AutoMapper.MapperConfigurationExpression
7ffcd31c7680      7        224 System.RuntimeType+CreateUninitializedCache
7ffcd1d61d50      4        224 System.RuntimeType+RuntimeTypeCache+MemberInfoCache<System.Reflection.RuntimeEventInfo>
7ffcd3db1ab8      4        224 System.Configuration.StreamInfo
7ffcd0581050      1        232 System.Collections.Concurrent.ConcurrentQueueSegment<System.Threading.PortableThreadPool+IOCompletionPoller+Event>
7ffcd099e968      3        232 Serilog.Sinks.SystemConsole.Output.OutputTemplateTokenRenderer[]
7ffcd170a490      1        232 RabbitMQ.Client.Framing.Impl.Connection
7ffcd25ddfe8      1        232 System.Collections.Concurrent.ConcurrentQueueSegment<Microsoft.AspNetCore.Routing.UriBuildingContext>
7ffcd3de77a0      1        232 System.Collections.Concurrent.ConcurrentQueueSegment<Microsoft.Data.SqlClient.ConnectionPool.WaitHandleDbConnectionPool+PendingGetConnection>
7ffcd15547e8      2        240 Microsoft.AspNetCore.Mvc.Routing.ConventionalRouteEntry[]
7ffcd41fe6e0     10        240 ActAttribute.Common.ObjectExtensions+<>c__DisplayClass9_0<System.Object, CommonApiMessage.AggregatesModel.Package.PackageInfoMessageViewModel>
7ffcd427c090      6        240 System.Collections.Generic.HashSet<Order.Infrastructure.Entities.OrderModels.OrderPaymentModel>+Enumerator
7ffcd427c230      6        240 System.Collections.Generic.HashSet<Order.Infrastructure.Entities.OrderModels.OrderPaymentTransactionModel>+Enumerator
7ffcd393d040      6        240 System.Collections.Generic.List<Microsoft.EntityFrameworkCore.Metadata.RuntimeForeignKey>+Enumerator
7ffcd427e030      6        240 Microsoft.EntityFrameworkCore.Query.Internal.QueryCompiler+<>c__DisplayClass11_0<System.Collections.Generic.IEnumerable<Order.Infrastructure.Entities.OrderModels.OrderPromotionModel>>
7ffcd067a528      2        240 System.IO.FileSystemWatcher
7ffcd068d478      5        240 Microsoft.Extensions.Configuration.EnvironmentVariables.EnvironmentVariablesConfigurationProvider
7ffcd0990ff8      3        240 System.Collections.Generic.Dictionary<Serilog.Sinks.SystemConsole.Themes.ConsoleThemeStyle, Serilog.Sinks.SystemConsole.Themes.SystemConsoleThemeStyle>
7ffcd0a5fb68      3        240 System.Diagnostics.Metrics.Meter
7ffcd05d7728      3        240 System.Threading.Tasks.Task+ContingentProperties
7ffcd152e220      6        240 Microsoft.AspNetCore.Cryptography.SafeHandles.SecureLocalAllocHandle
7ffcd17b8710      3        240 System.Net.Sockets.DynamicWinsockMethods
7ffcd1b726c8      2        240 System.Runtime.CompilerServices.AsyncTaskMethodBuilder<System.Threading.Tasks.VoidTaskResult>+AsyncStateMachineBox<Microsoft.AspNetCore.Server.Kestrel.Core.Internal.ConnectionDispatcher<Microsoft.AspNetCore.Connections.ConnectionContext>+<>c__DisplayClass10_0+<<StartAcceptingConnectionsCore>g__AcceptConnectionsAsync|0>d>
7ffcd1ab0d78      1        240 Microsoft.AspNetCore.Hosting.HostingEventSource
7ffcd2b2e938      6        240 AutoMapper.ConstructorMap
7ffcd1ad6a68      5        240 System.Linq.Expressions.MethodCallExpression3
7ffcd17b5a48      6        240 System.Net.IPAddress+ReadOnlyIPAddress
7ffcd088d698      3        240 System.TimeZoneInfo
7ffcd188cd78      6        240 System.Threading.Channels.SingleConsumerUnboundedChannel<RabbitMQ.Client.Impl.Work>+UnboundedChannelReader
7ffcd1b1b738      3        240 Microsoft.AspNetCore.Diagnostics.ExtensionsExceptionJsonContext
7ffcd1fc3510      5        240 System.Text.Json.Serialization.Converters.EnumConverter<Swashbuckle.AspNetCore.SwaggerUI.DocExpansion>+EnumFieldInfo[]
7ffcd26339c0      6        240 Microsoft.AspNetCore.Mvc.Filters.FilterItem
7ffcd38d7da0     10        240 Microsoft.EntityFrameworkCore.Query.ProjectionMember
7ffcd1a2f340      1        248 System.Collections.Generic.Dictionary<System.Guid, Microsoft.AspNetCore.DataProtection.KeyManagement.KeyRing+KeyHolder>+Entry[]
7ffcd1d38fd8      5        248 System.Boolean[][]
7ffcd2ead1b0      1        248 Microsoft.EntityFrameworkCore.SqlServer.Storage.Internal.SqlServerDateOnlyTypeMapping
7ffcd2eadad8      1        248 Microsoft.EntityFrameworkCore.SqlServer.Storage.Internal.SqlServerByteTypeMapping
7ffcd2eadf30      1        248 Microsoft.EntityFrameworkCore.SqlServer.Storage.Internal.SqlServerShortTypeMapping
7ffcd2eae668      1        248 Microsoft.EntityFrameworkCore.SqlServer.Storage.Internal.SqlServerSqlVariantTypeMapping
7ffcd2eae888      1        248 Microsoft.EntityFrameworkCore.SqlServer.Storage.Internal.SqlServerVectorTypeMapping
7ffcd1d33bf0      1        248 System.Text.Json.Serialization.Metadata.JsonPropertyInfo<Order.Infrastructure.Entities.Abstractions.BaseStatus>
7ffcd1d361d0      1        248 System.Text.Json.Serialization.Metadata.JsonPropertyInfo<System.Enum>
7ffcd1d36f58      1        248 System.Text.Json.Serialization.Metadata.JsonPropertyInfo<System.ValueType>
7ffcd1d377a8      1        248 System.Text.Json.Serialization.Metadata.JsonPropertyInfo<System.IComparable>
7ffcd1d39898      1        248 System.Text.Json.Serialization.Metadata.JsonPropertyInfo<System.ISpanFormattable>
7ffcd1d3aaa0      1        248 System.Text.Json.Serialization.Metadata.JsonPropertyInfo<System.IFormattable>
7ffcd1d3b2f0      1        248 System.Text.Json.Serialization.Metadata.JsonPropertyInfo<System.IConvertible>
7ffcd1d3e6d8      1        248 System.Text.Json.Serialization.Metadata.JsonPropertyInfo<System.Text.Json.JsonElement>
7ffcd1f8d760      1        248 System.Text.Json.Serialization.Metadata.JsonPropertyInfo<Swashbuckle.AspNetCore.SwaggerUI.ConfigObject>
7ffcd1fbd3d0      1        248 System.Text.Json.Serialization.Metadata.JsonPropertyInfo<Swashbuckle.AspNetCore.SwaggerUI.UrlDescriptor>
7ffcd1fcd8a0      1        248 System.Text.Json.Serialization.Metadata.JsonPropertyInfo<Swashbuckle.AspNetCore.SwaggerUI.SubmitMethod>
7ffcd1fd2ea0      1        248 System.Text.Json.Serialization.Metadata.JsonPropertyInfo<Swashbuckle.AspNetCore.SwaggerUI.OAuthConfigObject>
7ffcd1fd8c18      1        248 System.Text.Json.Serialization.Metadata.JsonPropertyInfo<Swashbuckle.AspNetCore.SwaggerUI.InterceptorFunctions>
7ffcd05a8a60      1        248 System.Threading.ThreadPoolWorkQueue+WorkStealingQueue[]
7ffcd39f78a8      1        248 System.Collections.Generic.Dictionary<System.Reflection.MethodInfo, System.ValueTuple<System.String, System.String>>+Entry[]
7ffcd3a72a28      1        248 Microsoft.EntityFrameworkCore.Storage.Internal.NullTypeMapping
7ffcd05a5c50      8        256 Microsoft.Win32.SafeHandles.SafeWaitHandle
7ffcd07843c8      4        256 System.Globalization.TextInfo
7ffcd090caa8      4        256 System.Func<System.Reflection.ParameterInfo, System.Boolean>
7ffcd09313d0      8        256 System.Text.RegularExpressions.RegexInterpreterFactory
7ffcd099e8b8      8        256 Serilog.Sinks.SystemConsole.Output.TextTokenRenderer
7ffcd09b0a60      4        256 Serilog.Capturing.PropertyValueConverter
7ffcd09b1c00      4        256 Serilog.Core.IScalarConversionPolicy[]
7ffcd0a577d0      8        256 Microsoft.AspNetCore.Hosting.WebHostBuilderBase+<>c__DisplayClass6_0
7ffcd070f618      8        256 System.LazyHelper
7ffcd1006f50      4        256 System.Func<System.Type, System.Type>
7ffcd12b7e88      4        256 System.Func<Microsoft.AspNetCore.Mvc.ActionContext, System.Boolean>
7ffcd08581d0      4        256 System.Reflection.RuntimeCustomAttributeData
7ffcd091f4d0      4        256 System.Func<System.Reflection.FieldInfo, System.Boolean>
7ffcd2ec3af8      4        256 System.Func<Microsoft.EntityFrameworkCore.Storage.ValueConversion.ValueConverterInfo, Microsoft.EntityFrameworkCore.Storage.ValueConversion.ValueConverter>
7ffcd2eae400      1        256 Microsoft.EntityFrameworkCore.SqlServer.Storage.Internal.SqlServerTimeSpanTypeMapping
7ffcd1670f48      4        256 System.Func<Microsoft.AspNetCore.Mvc.ControllerBase, Microsoft.AspNetCore.Http.HttpContext>
7ffcd1671430      4        256 System.Func<Microsoft.AspNetCore.Mvc.ControllerBase, Microsoft.AspNetCore.Http.HttpRequest>
7ffcd1671740      4        256 System.Func<Microsoft.AspNetCore.Mvc.ControllerBase, Microsoft.AspNetCore.Http.HttpResponse>
7ffcd16719b0      4        256 System.Func<Microsoft.AspNetCore.Mvc.ControllerBase, Microsoft.AspNetCore.Routing.RouteData>
7ffcd1671c20      4        256 System.Func<Microsoft.AspNetCore.Mvc.ControllerBase, Microsoft.AspNetCore.Mvc.ModelBinding.ModelStateDictionary>
7ffcd16720b0      4        256 System.Func<Microsoft.AspNetCore.Mvc.ControllerBase, Microsoft.AspNetCore.Mvc.ControllerContext>
7ffcd1672608      4        256 System.Func<Microsoft.AspNetCore.Mvc.ControllerBase, Microsoft.AspNetCore.Mvc.ModelBinding.IModelMetadataProvider>
7ffcd1672798      4        256 System.Action<Microsoft.AspNetCore.Mvc.ControllerBase, Microsoft.AspNetCore.Mvc.ModelBinding.IModelMetadataProvider>
7ffcd1672928      4        256 System.Func<Microsoft.AspNetCore.Mvc.ControllerBase, Microsoft.AspNetCore.Mvc.ModelBinding.IModelBinderFactory>
7ffcd1672ab8      4        256 System.Action<Microsoft.AspNetCore.Mvc.ControllerBase, Microsoft.AspNetCore.Mvc.ModelBinding.IModelBinderFactory>
7ffcd1672c48      4        256 System.Func<Microsoft.AspNetCore.Mvc.ControllerBase, Microsoft.AspNetCore.Mvc.IUrlHelper>
7ffcd1672dd8      4        256 System.Action<Microsoft.AspNetCore.Mvc.ControllerBase, Microsoft.AspNetCore.Mvc.IUrlHelper>
7ffcd1672f68      4        256 System.Func<Microsoft.AspNetCore.Mvc.ControllerBase, Microsoft.AspNetCore.Mvc.ModelBinding.Validation.IObjectModelValidator>
7ffcd16730f8      4        256 System.Action<Microsoft.AspNetCore.Mvc.ControllerBase, Microsoft.AspNetCore.Mvc.ModelBinding.Validation.IObjectModelValidator>
7ffcd1673288      4        256 System.Func<Microsoft.AspNetCore.Mvc.ControllerBase, Microsoft.AspNetCore.Mvc.Infrastructure.ProblemDetailsFactory>
7ffcd1673418      4        256 System.Action<Microsoft.AspNetCore.Mvc.ControllerBase, Microsoft.AspNetCore.Mvc.Infrastructure.ProblemDetailsFactory>
7ffcd16735a8      4        256 System.Func<Microsoft.AspNetCore.Mvc.ControllerBase, System.Security.Claims.ClaimsPrincipal>
7ffcd16ee420      4        256 System.Func<Microsoft.AspNetCore.Mvc.Filters.FilterDescriptor, Microsoft.AspNetCore.Mvc.Filters.FilterDescriptor>
7ffcd18e8478      4        256 System.Func<System.IntPtr, System.IntPtr, System.Text.StringBuilder, System.UIntPtr, Confluent.Kafka.ErrorCode>
7ffcd1b85618      4        256 System.Func<Order.Business.Mediator.Queries.SysChannel.GetSysChannelQuery, System.String>
7ffcd1b857a8      4        256 System.Action<Order.Business.Mediator.Queries.SysChannel.GetSysChannelQuery, System.String>
7ffcd1b88458      4        256 System.Func<Order.Business.Mediator.Queries.SysChannel.GetConfigChannelUploadMappingQuery, System.String>
7ffcd1b885e8      4        256 System.Action<Order.Business.Mediator.Queries.SysChannel.GetConfigChannelUploadMappingQuery, System.String>
7ffcd1b88e38      4        256 System.Func<Order.Business.Mediator.Queries.SysDeliverySubType.GetSysDeliverySubTypeQuery, System.String>
7ffcd1b88fc8      4        256 System.Action<Order.Business.Mediator.Queries.SysDeliverySubType.GetSysDeliverySubTypeQuery, System.String>
7ffcd1b89e58      4        256 System.Func<Order.Business.Mediator.Queries.SysDeliveryType.GetSysDeliveryTypeQuery, System.String>
7ffcd1b89fe8      4        256 System.Action<Order.Business.Mediator.Queries.SysDeliveryType.GetSysDeliveryTypeQuery, System.String>
7ffcd1b8ae78      4        256 System.Func<Order.Business.Mediator.Queries.SysFulfillmentType.GetSysFulfillmentTypesQuery, System.String>
7ffcd1b8b008      4        256 System.Action<Order.Business.Mediator.Queries.SysFulfillmentType.GetSysFulfillmentTypesQuery, System.String>
7ffcd1b8be98      4        256 System.Func<Order.Business.Mediator.Queries.SysOrderFulfillmentType.GetSysOrderFulfillmentTypesQuery, System.String>
7ffcd1b8c028      4        256 System.Action<Order.Business.Mediator.Queries.SysOrderFulfillmentType.GetSysOrderFulfillmentTypesQuery, System.String>
7ffcd1b8df18      4        256 System.Func<Order.Business.Mediator.Queries.SysRunningNumber.GetSysRunningNumberQuery, System.String>
7ffcd1b8e0a8      4        256 System.Action<Order.Business.Mediator.Queries.SysRunningNumber.GetSysRunningNumberQuery, System.String>
7ffcd1b8fbb8      4        256 System.Func<Order.Business.Mediator.Queries.SysStatus.GetSysStatusQuery, System.String>
7ffcd1b8fd48      4        256 System.Action<Order.Business.Mediator.Queries.SysStatus.GetSysStatusQuery, System.String>
7ffcd0d5fc48      2        256 Swashbuckle.AspNetCore.SwaggerGen.SwaggerGeneratorOptions
7ffcd1f19000      4        256 System.Func<System.Net.Http.Headers.TransferCodingHeaderValue>
7ffcd1fcc790      8        256 System.Collections.Generic.List<System.Text.Json.Serialization.Converters.EnumConverter<Swashbuckle.AspNetCore.SwaggerUI.SubmitMethod>+EnumFieldInfo>
7ffcd29c3e98      4        256 System.Action<AutoMapper.IMemberConfigurationExpression<Order.Business.Mediator.Commands.OrderFront.CreateOrderItemFrontManualViewModel, Order.Infrastructure.Entities.OrderModels.OrderItemModel, System.Decimal>>
7ffcd29c9a00      4        256 System.Action<AutoMapper.IMemberConfigurationExpression<Order.Business.Mediator.Commands.OrderFront.CreateOrderItemFrontManualViewModel, Order.Infrastructure.Entities.SubOrderModels.SubOrderItemModel, System.Decimal>>
7ffcd2a11c10      4        256 System.Action<AutoMapper.IMemberConfigurationExpression<Order.Business.Mediator.Commands.OrderFront.CreateOrderItemFrontViewModel, Order.Infrastructure.Entities.OrderModels.OrderItemModel, System.Decimal>>
7ffcd2a14f10      4        256 System.Action<AutoMapper.IMemberConfigurationExpression<Order.Business.Mediator.Commands.OrderFront.CreateOrderItemFrontViewModel, Order.Infrastructure.Entities.SubOrderModels.SubOrderItemModel, System.Decimal>>
7ffcd2a9ec68      4        256 System.Action<AutoMapper.IMemberConfigurationExpression<Order.Infrastructure.Data.Readonlys.CompanyBuMapping.GetCompanyBuMappingViewModelDto, Order.Business.Dtos.ViewModels.CompanyBuMapping.GetCompanyBuMappingViewModel, System.String>>
7ffcd3159ff8      4        256 System.Func<Microsoft.EntityFrameworkCore.Metadata.IConventionEntityType, System.Boolean>
7ffcd31769c8      4        256 System.Func<Microsoft.EntityFrameworkCore.Metadata.IReadOnlyForeignKey, System.Boolean>
7ffcd30702b8      4        256 System.Func<Microsoft.EntityFrameworkCore.Metadata.IConventionForeignKey, System.Boolean>
7ffcd33851e0      8        256 System.Linq.Expressions.Expression1<System.Func<System.Int64, System.Int32>>
7ffcd3385458      8        256 System.Linq.Expressions.Expression1<System.Func<System.Int64, System.Int64>>
7ffcd34088e0      4        256 System.Func<Microsoft.EntityFrameworkCore.Metadata.IEntityType, System.Collections.Generic.IEnumerable<Microsoft.EntityFrameworkCore.Metadata.IProperty>>
7ffcd34067e8      4        256 System.Func<Microsoft.EntityFrameworkCore.Metadata.IProperty, System.String>
7ffcd42ff1c8      4        256 System.Func<System.ValueTuple<System.String, System.Type, System.Reflection.MemberInfo>, System.Func<System.Object, System.Nullable<System.DateTime>>>
7ffcd42ff970      4        256 System.Func<System.ValueTuple<System.String, System.Type, System.Reflection.MemberInfo>, System.Action<System.Object, System.Nullable<System.DateTime>>>
7ffcd3ac42d0      4        256 System.Action<Microsoft.EntityFrameworkCore.Storage.IRelationalCommandBuilder>
7ffcd3a569b8      4        256 System.Func<Microsoft.EntityFrameworkCore.ChangeTracking.ValueComparer, System.Func<System.Object, System.Object, System.Boolean>>
7ffcd3a56cd0      4        256 System.Func<Microsoft.EntityFrameworkCore.ChangeTracking.ValueComparer, System.Linq.Expressions.LambdaExpression>
7ffcd3a039c8      4        256 System.Func<System.ValueTuple<Microsoft.EntityFrameworkCore.Query.SqlExpressions.ColumnExpression, Microsoft.EntityFrameworkCore.ChangeTracking.ValueComparer>, Microsoft.EntityFrameworkCore.Query.SqlExpressions.ColumnExpression>
7ffcd3af2ea8      4        256 System.Action<System.Runtime.Loader.AssemblyLoadContext>
7ffcd1629cf0     11        264 Order.Domain.AggregatesModel.Order.OrderRepository+<>c__DisplayClass16_0
7ffcd4259e20     11        264 Microsoft.EntityFrameworkCore.EntityFrameworkQueryableExtensions+IncludableQueryable<Order.Infrastructure.Entities.OrderModels.OrderModel, System.Collections.Generic.ICollection<Order.Infrastructure.Entities.OrderModels.OrderPaymentModel>>
7ffcd425a3b8     11        264 Microsoft.EntityFrameworkCore.EntityFrameworkQueryableExtensions+IncludableQueryable<Order.Infrastructure.Entities.OrderModels.OrderModel, System.Collections.Generic.ICollection<Order.Infrastructure.Entities.OrderModels.OrderPaymentTransactionModel>>
7ffcd162b190     11        264 Order.Domain.AggregatesModel.Order.OrderRepository+<>c__DisplayClass43_0
7ffcd427d370     11        264 Microsoft.EntityFrameworkCore.EntityFrameworkQueryableExtensions+IncludableQueryable<Order.Infrastructure.Entities.OrderModels.OrderPromotionModel, Order.Infrastructure.Entities.OrderModels.OrderPromotionAmountModel>
7ffcd4295b70     11        264 Microsoft.EntityFrameworkCore.Storage.ExecutionStrategy+<>c__DisplayClass28_0<Microsoft.EntityFrameworkCore.Query.Internal.SingleQueryingEnumerable<Order.Infrastructure.Entities.OrderModels.OrderPromotionModel>+Enumerator, System.Boolean>
7ffcd0c3c0c0     11        264 Microsoft.AspNetCore.Cors.Infrastructure.DefaultCorsPolicyProvider
7ffcd266d058     11        264 System.Collections.Generic.SortedDictionary<System.Type, System.ValueTuple<Microsoft.EntityFrameworkCore.Infrastructure.IDbContextOptionsExtension, System.Int32>>+KeyValuePairComparer
7ffcd266e338     11        264 Microsoft.EntityFrameworkCore.DbContextOptionsBuilder<Order.Infrastructure.OrderContext>
7ffcd266e8c0     11        264 Microsoft.EntityFrameworkCore.DbContextOptionsBuilder+<>c__DisplayClass19_0
7ffcd269d9f8     11        264 Microsoft.EntityFrameworkCore.Infrastructure.SqlServerDbContextOptionsBuilder
7ffcd26e3e58     11        264 Microsoft.EntityFrameworkCore.Infrastructure.RelationalDbContextOptionsBuilder<Microsoft.EntityFrameworkCore.Infrastructure.SqlServerDbContextOptionsBuilder, Microsoft.EntityFrameworkCore.SqlServer.Infrastructure.Internal.SqlServerOptionsExtension>+<>c__DisplayClass8_0
7ffcd26e7170     11        264 Microsoft.EntityFrameworkCore.Infrastructure.RelationalDbContextOptionsBuilder<Microsoft.EntityFrameworkCore.Infrastructure.SqlServerDbContextOptionsBuilder, Microsoft.EntityFrameworkCore.SqlServer.Infrastructure.Internal.SqlServerOptionsExtension>+<>c__DisplayClass14_0
7ffcd16163f8     11        264 Order.Domain.AggregatesModel.SubOrder.SubOrderRepository+<>c__DisplayClass21_0
7ffcd0d63150     11        264 Microsoft.EntityFrameworkCore.DbContextOptionsBuilder
7ffcd2683e18     11        264 Microsoft.EntityFrameworkCore.DbLoggerCategory+ChangeTracking
7ffcd26839e0     11        264 Microsoft.EntityFrameworkCore.DbLoggerCategory+Infrastructure
7ffcd26e2bf0     11        264 Microsoft.EntityFrameworkCore.DbLoggerCategory+Database+Command
7ffcd2683878     11        264 Microsoft.EntityFrameworkCore.DbLoggerCategory+Query
7ffcd26e2d58     11        264 Microsoft.EntityFrameworkCore.DbLoggerCategory+Database+Transaction
7ffcd26e2878     11        264 Microsoft.EntityFrameworkCore.DbLoggerCategory+Database+Connection
7ffcd2683b48     11        264 Microsoft.EntityFrameworkCore.DbLoggerCategory+Model
7ffcd2683cb0     11        264 Microsoft.EntityFrameworkCore.DbLoggerCategory+Model+Validation
7ffcd37bd770     11        264 <>z__ReadOnlyArray<Microsoft.EntityFrameworkCore.Query.IMemberTranslator>
7ffcd37bfde0     11        264 <>z__ReadOnlyArray<Microsoft.EntityFrameworkCore.Query.IMethodCallTranslator>
7ffcd37dacc0     11        264 <>z__ReadOnlyArray<Microsoft.EntityFrameworkCore.Query.IAggregateMethodCallTranslator>
7ffcd2683608     11        264 Microsoft.EntityFrameworkCore.DbLoggerCategory+Update
7ffcd3a927c0     11        264 Microsoft.EntityFrameworkCore.Storage.ExecutionStrategy+<>c__DisplayClass28_0<Microsoft.EntityFrameworkCore.Query.Internal.SingleQueryingEnumerable<<>f__AnonymousType11<System.String, System.String>>+Enumerator, System.Boolean>
7ffcd26e2ec0     11        264 Microsoft.EntityFrameworkCore.DbLoggerCategory+Migrations
7ffcd412e448     11        264 Microsoft.EntityFrameworkCore.Storage.ExecutionStrategy+<>c__DisplayClass28_0<Microsoft.EntityFrameworkCore.Query.Internal.SplitQueryingEnumerable<Order.Infrastructure.Entities.SubOrderModels.SubOrderModel>+Enumerator, System.Boolean>
7ffcd429e1b0     11        264 Microsoft.EntityFrameworkCore.Storage.ExecutionStrategy+<>c__DisplayClass28_0<Microsoft.EntityFrameworkCore.Query.Internal.SingleQueryingEnumerable<Order.Infrastructure.Entities.Promotion.PromotionItemModel>+Enumerator, System.Boolean>
7ffcd1c2cb00     11        264 System.Text.Json.Serialization.Metadata.JsonPropertyInfo<System.Boolean>+<>c__DisplayClass9_0
7ffcd1675528     11        264 System.ComponentModel.ReferenceConverter
7ffcd1c2d4d8     11        264 System.Text.Json.Serialization.Metadata.JsonPropertyInfo<System.Boolean>+<>c__DisplayClass10_0
7ffcd179e060      3        264 System.Threading.TimerQueue[]
7ffcd291aaf0      1        264 Microsoft.EntityFrameworkCore.Infrastructure.EntityFrameworkEventSource
7ffcd3af9f68      1        264 Microsoft.Data.SqlClient.SqlConnectionString
7ffcd0593ec8      2        272 System.IO.Pipes.PipeStream+ReadWriteValueTaskSource
7ffcd070a720      8        272 Serilog.Core.ILogEventSink[]
7ffcd17bc7d0      1        272 System.Net.Security.SslStream
7ffcd1a0f600      5        280 System.Collections.Concurrent.ConcurrentDictionary<System.Guid, Microsoft.AspNetCore.DataProtection.KeyManagement.Key>+Node
7ffcd13468d8      5        280 System.Collections.Concurrent.ConcurrentDictionary<System.String, System.String>+Tables
7ffcd14f1618      5        280 Microsoft.AspNetCore.Http.ParameterBindingMethodCache+<>c__DisplayClass18_0
7ffcd183f910      7        280 System.Collections.Generic.LinkedList<System.UInt64>
7ffcd18402c0      7        280 System.Threading.CountdownEvent
7ffcd18411e0      7        280 RabbitMQ.Client.Impl.AsyncConsumerDispatcher
7ffcd0417c00      1        280 System.WeakReference<System.Diagnostics.Tracing.EventSource>[]
7ffcd4035738      7        280 System.Linq.Expressions.Expression2<System.Func<System.Data.Common.DbDataReader, System.Int32[], System.Int64>>
7ffcd3afd178      1        280 Microsoft.Data.SqlClient.Diagnostics.SqlClientMetrics
7ffcd12d0be8     12        288 Microsoft.AspNetCore.Mvc.Formatters.FormatterCollection<Microsoft.AspNetCore.Mvc.Formatters.IOutputFormatter>
7ffcd068d778      9        288 System.Collections.Generic.List<System.IDisposable>
7ffcd0949548      2        288 Serilog.Sinks.File.RollingFileSink
7ffcd11c0910     12        288 Autofac.Features.OpenGenerics.OpenGenericRegistrationExtensions+<>c__DisplayClass0_0
7ffcd11a94f0     12        288 Autofac.Builder.DynamicRegistrationStyle
7ffcd129ebe0      9        288 System.Text.Json.JsonEncodedText
7ffcd14b7f30      2        288 System.Text.Encodings.Web.DefaultJavaScriptEncoder+EscaperImplementation
7ffcd14de1d0      9        288 System.Resources.ResourceManager+CultureNameResourceSetPair
7ffcd29ee230     12        288 AutoMapper.Configuration.MemberConfigurationExpression<Order.Business.Mediator.Commands.OrderFront.CreateOrderItemFrontManualViewModel, Order.Infrastructure.Entities.OrderModels.OrderItemModel, System.Decimal>+<>c__DisplayClass24_0
7ffcd29faff0     12        288 AutoMapper.Configuration.MemberConfigurationExpression<Order.Business.Mediator.Commands.OrderFront.CreateOrderItemFrontManualViewModel, Order.Infrastructure.Entities.SubOrderModels.SubOrderItemModel, System.Decimal>+<>c__DisplayClass24_0
7ffcd2a1ef68     12        288 AutoMapper.Configuration.MemberConfigurationExpression<Order.Business.Mediator.Commands.OrderFront.CreateOrderItemFrontViewModel, Order.Infrastructure.Entities.OrderModels.OrderItemModel, System.Decimal>+<>c__DisplayClass24_0
7ffcd2a36578     12        288 AutoMapper.Configuration.MemberConfigurationExpression<Order.Business.Mediator.Commands.OrderFront.CreateOrderItemFrontViewModel, Order.Infrastructure.Entities.SubOrderModels.SubOrderItemModel, System.Decimal>+<>c__DisplayClass24_0
7ffcd2a63090      6        288 AutoMapper.Configuration.PathConfigurationExpression<Order.Infrastructure.Entities.OrderModels.OrderModel, Order.Domain.AggregatesModel.FrontAPI.Order.OrderDetailFrontView, System.DateTime>
7ffcd2aa10d0     12        288 AutoMapper.Configuration.MemberConfigurationExpression<Order.Infrastructure.Data.Readonlys.CompanyBuMapping.GetCompanyBuMappingViewModelDto, Order.Business.Dtos.ViewModels.CompanyBuMapping.GetCompanyBuMappingViewModel, System.String>+<>c__DisplayClass24_0
7ffcd188dc00      6        288 System.Collections.Concurrent.ConcurrentDictionary<RabbitMQ.Client.IModel, RabbitMQ.Client.Impl.AsyncConsumerWorkService+WorkPool>+Node
7ffcd29f45c8      9        288 System.Linq.Expressions.Expression1<System.Func<Order.Infrastructure.Entities.SubOrderModels.SubOrderModel, System.Collections.Generic.ICollection<Order.Infrastructure.Entities.SubOrderModels.SubOrderItemModel>>>
7ffcd17b6948      1        296 System.Net.Sockets.SocketsTelemetry
7ffcd39f6050      1        296 System.Collections.Generic.HashSet<System.Reflection.MethodInfo>+Entry[]
7ffcd412c5d0      6        304 Order.Infrastructure.Entities.SubOrderModels.SubOrderModel[]
7ffcd3ef8f80      6        304 Microsoft.EntityFrameworkCore.Query.Internal.SingleQueryCollectionContext[]
7ffcd1174d80      2        304 Autofac.Core.IRegistrationSource[]
7ffcd1449c20      6        304 Microsoft.Extensions.Diagnostics.Metrics.FactoryMeter[]
7ffcd14b19b8      2        304 Microsoft.AspNetCore.Mvc.ModelBinding.Metadata.IMetadataDetailsProvider[]
7ffcd27c07f8     13        312 Microsoft.Extensions.DependencyInjection.ServiceProvider+<>c__DisplayClass33_0
7ffcd0f269a8     13        312 Order.Infrastructure.Entities.Abstractions.BaseStatus
7ffcd38286b0     13        312 Microsoft.EntityFrameworkCore.Query.SqlAliasManager
7ffcd416b5d0      5        320 System.Func<System.Linq.IQueryable<Order.Infrastructure.Entities.OrderItemInformation.OrderItemOtherInfoModel>, System.Linq.Expressions.Expression<System.Func<Order.Infrastructure.Entities.OrderItemInformation.OrderItemOtherInfoModel, System.Boolean>>, System.Linq.IQueryable<Order.Infrastructure.Entities.OrderItemInformation.OrderItemOtherInfoModel>>
7ffcd416be98      5        320 System.Func<System.Func<Microsoft.EntityFrameworkCore.Query.QueryContext, System.Collections.Generic.IEnumerable<Order.Infrastructure.Entities.OrderItemInformation.OrderItemOtherInfoModel>>>
7ffcd416c710      5        320 System.Func<Microsoft.EntityFrameworkCore.Query.QueryContext, System.Data.Common.DbDataReader, Microsoft.EntityFrameworkCore.Query.Internal.ResultContext, Microsoft.EntityFrameworkCore.Query.Internal.SingleQueryResultCoordinator, Order.Infrastructure.Entities.OrderItemInformation.OrderItemOtherInfoModel>
7ffcd416f5d8      5        320 System.Func<Microsoft.EntityFrameworkCore.DbContext, Microsoft.EntityFrameworkCore.Query.Internal.SingleQueryingEnumerable<Order.Infrastructure.Entities.OrderItemInformation.OrderItemOtherInfoModel>+Enumerator, Microsoft.EntityFrameworkCore.Storage.ExecutionResult<System.Boolean>>
7ffcd422bcd8      5        320 System.Func<System.Linq.IQueryable<Order.Infrastructure.Entities.OrderReference.OrderReferenceModel>, System.Linq.Expressions.Expression<System.Func<Order.Infrastructure.Entities.OrderReference.OrderReferenceModel, System.DateTime>>, System.Linq.IOrderedQueryable<Order.Infrastructure.Entities.OrderReference.OrderReferenceModel>>
7ffcd422bdd0      5        320 System.Func<System.Linq.IQueryable<Order.Infrastructure.Entities.OrderReference.OrderReferenceModel>, Order.Infrastructure.Entities.OrderReference.OrderReferenceModel>
7ffcd422c410      5        320 System.Func<System.Func<Microsoft.EntityFrameworkCore.Query.QueryContext, Order.Infrastructure.Entities.OrderReference.OrderReferenceModel>>
7ffcd423f538      5        320 System.Func<Microsoft.EntityFrameworkCore.Query.QueryContext, System.Data.Common.DbDataReader, Microsoft.EntityFrameworkCore.Query.Internal.ResultContext, Microsoft.EntityFrameworkCore.Query.Internal.SingleQueryResultCoordinator, Order.Infrastructure.Entities.OrderModels.OrderModel>
7ffcd4254868      5        320 System.Func<Microsoft.EntityFrameworkCore.DbContext, Microsoft.EntityFrameworkCore.Query.Internal.SingleQueryingEnumerable<Order.Infrastructure.Entities.OrderModels.OrderModel>+Enumerator, Microsoft.EntityFrameworkCore.Storage.ExecutionResult<System.Boolean>>
7ffcd3ef8968      5        320 Microsoft.EntityFrameworkCore.Query.Internal.SingleQueryCollectionContext
7ffcd053f578      1        320 System.Collections.Concurrent.ConcurrentDictionary<System.Guid, System.Collections.Generic.List<Microsoft.DotNet.HotReload.RuntimeManagedCodeUpdate>>+VolatileNode[]
7ffcd053f9d8      1        320 System.Collections.Concurrent.ConcurrentDictionary<System.Reflection.Assembly, System.Reflection.Assembly>+VolatileNode[]
7ffcd05944c8      5        320 System.Threading.IOCompletionCallback
7ffcd0497cf8      4        320 System.Buffers.AsciiCharSearchValues<System.Buffers.IndexOfAnyAsciiSearcher+Ssse3AndWasmHandleZeroInNeedle, System.Buffers.SearchValues+FalseConst>
7ffcd06837b8     10        320 Microsoft.Extensions.Primitives.CancellationChangeToken
7ffcd072a1a0     10        320 Microsoft.Extensions.DependencyModel.RuntimeFallbacks
7ffcd05292e0      5        320 System.Func<System.String, System.Boolean>
7ffcd0842358     10        320 Serilog.Settings.Configuration.ConfigurationReader+<>c__DisplayClass12_0
7ffcd09b10b0      5        320 System.Func<System.Threading.Tasks.ValueTask>
7ffcd12da130      1        320 System.Collections.Concurrent.ConcurrentDictionary<System.Type, System.Lazy<Microsoft.AspNetCore.Http.RequestDelegate>>+VolatileNode[]
7ffcd091ed18      5        320 System.Func<System.Reflection.ConstructorInfo, System.Boolean>
7ffcd0b475e8      1        320 System.Collections.Concurrent.ConcurrentDictionary<System.Type, System.ComponentModel.TypeDescriptor+TypeDescriptionNode>+VolatileNode[]
7ffcd0df5f60      5        320 System.Action<Microsoft.Extensions.Configuration.BinderOptions>
7ffcd0dfd488      4        320 System.Collections.Generic.Dictionary<System.Type, System.String>
7ffcd1194a80      1        320 System.Collections.Concurrent.ConcurrentDictionary<System.Reflection.Assembly, System.Collections.Generic.IEnumerable<System.Type>>+VolatileNode[]
7ffcd1198760      1        320 System.Collections.Concurrent.ConcurrentDictionary<System.Reflection.PropertyInfo, System.Action<System.Object, System.Object>>+VolatileNode[]
7ffcd1199328      1        320 System.Collections.Concurrent.ConcurrentDictionary<System.Type, System.Collections.Generic.IReadOnlyList<System.Reflection.PropertyInfo>>+VolatileNode[]
7ffcd119a5a8      1        320 System.Collections.Concurrent.ConcurrentDictionary<System.Type, System.Type>+VolatileNode[]
7ffcd19efd68      5        320 System.Func<Microsoft.AspNetCore.DataProtection.AuthenticatedEncryption.ConfigurationModel.IAuthenticatedEncryptorDescriptor>
7ffcd1a2c700     10        320 Microsoft.AspNetCore.Cryptography.Cng.CachedAlgorithmHandles+CachedAlgorithmInfo
7ffcd1289688      1        320 System.Collections.Concurrent.ConcurrentDictionary<Microsoft.AspNetCore.PinnedBlockMemoryPool, System.UIntPtr>+VolatileNode[]
7ffcd146ddd0      4        320 System.Collections.Generic.Dictionary<System.Type, System.Object>
7ffcd12cb298      1        320 System.Collections.Concurrent.ConcurrentDictionary<Microsoft.AspNetCore.Mvc.ModelBinding.ModelBinderFactory+Key, Microsoft.AspNetCore.Mvc.ModelBinding.IModelBinder>+VolatileNode[]
7ffcd14f9bb8      1        320 System.Collections.Concurrent.ConcurrentDictionary<Microsoft.AspNetCore.Mvc.ModelBinding.ModelMetadata, Microsoft.AspNetCore.Mvc.ModelBinding.Validation.ValidatorCache+CacheEntry>+VolatileNode[]
7ffcd12cf6b0      1        320 System.Collections.Concurrent.ConcurrentDictionary<System.Type, Microsoft.Extensions.DependencyInjection.ObjectFactory>+VolatileNode[]
7ffcd13025c8      1        320 System.Collections.Concurrent.ConcurrentDictionary<System.Linq.Expressions.LambdaExpression, System.String>+VolatileNode[]
7ffcd085d8f8      4        320 System.Collections.Generic.Dictionary<System.String, System.Collections.Generic.List<System.Reflection.RuntimePropertyInfo>>
7ffcd1d385d0      4        320 System.Collections.Generic.Dictionary<System.Type, System.Int32>
7ffcd2b079a8      1        320 System.Collections.Concurrent.ConcurrentDictionary<AutoMapper.Internal.MapRequest, System.Lazy<System.Delegate>>+VolatileNode[]
7ffcd0b42178      5        320 System.Func<System.Reflection.PropertyInfo, System.String>
7ffcd2dfb710      1        320 System.Collections.Concurrent.ConcurrentDictionary<System.Type, MediatR.Wrappers.RequestHandlerBase>+VolatileNode[]
7ffcd2dfba98      1        320 System.Collections.Concurrent.ConcurrentDictionary<System.Type, MediatR.Wrappers.NotificationHandlerWrapper>+VolatileNode[]
7ffcd2dfbe20      1        320 System.Collections.Concurrent.ConcurrentDictionary<System.Type, MediatR.Wrappers.StreamRequestHandlerBase>+VolatileNode[]
7ffcd2e21bd0      1        320 System.Collections.Concurrent.ConcurrentDictionary<FluentValidation.Internal.AccessorCache<Order.Business.Mediator.Commands.Order.GetSubOrderCommand>+Key, System.Delegate>+VolatileNode[]
7ffcd2e9f7d0      1        320 System.Collections.Concurrent.ConcurrentDictionary<System.Type, System.Func<Microsoft.EntityFrameworkCore.ChangeTracking.Internal.IStateManager, Microsoft.EntityFrameworkCore.Internal.IDbSetSource, Microsoft.EntityFrameworkCore.Internal.IDbSetCache, Microsoft.EntityFrameworkCore.Metadata.IEntityType, Microsoft.EntityFrameworkCore.Internal.IEntityFinder>>+VolatileNode[]
7ffcd2ea4f50      1        320 System.Collections.Concurrent.ConcurrentDictionary<System.ValueTuple<System.Type, System.Type>, Microsoft.EntityFrameworkCore.Storage.ValueConversion.ValueConverterInfo>+VolatileNode[]
7ffcd2ea7a40      4        320 Microsoft.EntityFrameworkCore.ChangeTracking.ValueComparer<System.Byte[]>
7ffcd2f54f70      1        320 System.Collections.Concurrent.ConcurrentDictionary<System.String, System.Boolean>+VolatileNode[]
7ffcd27b1040      4        320 Microsoft.Extensions.DependencyInjection.ServiceLookup.ConstantCallSite
7ffcd1887328      5        320 System.Func<System.Type, System.String>
7ffcd12fa798      1        320 System.Collections.Concurrent.ConcurrentDictionary<System.Guid, Microsoft.AspNetCore.DataProtection.KeyManagement.Key>+VolatileNode[]
7ffcd1349a90      1        320 System.Collections.Concurrent.ConcurrentDictionary<Microsoft.AspNetCore.Mvc.Razor.RazorPageActivator+CacheKey, Microsoft.AspNetCore.Mvc.Razor.RazorPagePropertyActivator>+VolatileNode[]
7ffcd12d5058      1        320 System.Collections.Concurrent.ConcurrentDictionary<Microsoft.AspNetCore.Routing.IEndpointRouteBuilder, Microsoft.AspNetCore.Mvc.Infrastructure.OrderedEndpointsSequenceProvider>+VolatileNode[]
7ffcd1672260      5        320 System.Action<Microsoft.AspNetCore.Mvc.ControllerBase, Microsoft.AspNetCore.Mvc.ControllerContext>
7ffcd12c6f80      5        320 System.Func<System.Linq.Expressions.ParameterExpression, System.Linq.Expressions.Expression, System.Linq.Expressions.Expression>
7ffcd17715d0      1        320 System.Collections.Concurrent.ConcurrentDictionary<System.String, RabbitMQ.Client.Impl.RecordedExchange>+VolatileNode[]
7ffcd1771958      1        320 System.Collections.Concurrent.ConcurrentDictionary<System.String, RabbitMQ.Client.Impl.RecordedQueue>+VolatileNode[]
7ffcd1803aa0      1        320 System.Collections.Concurrent.ConcurrentDictionary<System.Net.Security.SslSessionsCache+SslCredKey, System.Net.Security.SafeCredentialReference>+VolatileNode[]
7ffcd1839780      1        320 System.Collections.Concurrent.ConcurrentDictionary<RabbitMQ.Client.IModel, RabbitMQ.Client.Impl.AsyncConsumerWorkService+WorkPool>+VolatileNode[]
7ffcd183aa80      1        320 System.Collections.Concurrent.ConcurrentDictionary<RabbitMQ.Client.IModel, RabbitMQ.Client.Impl.ConsumerWorkService+WorkPool>+VolatileNode[]
7ffcd1882bb0      1        320 System.Collections.Concurrent.ConcurrentDictionary<System.String, Microsoft.Extensions.Logging.LogValuesFormatter>+VolatileNode[]
7ffcd18e3f90      5        320 System.Action<System.IntPtr, System.IntPtr>
7ffcd197af40      1        320 System.Collections.Concurrent.ConcurrentDictionary<System.String, System.Lazy<Microsoft.Extensions.Diagnostics.Metrics.MetricsOptions>>+VolatileNode[]
7ffcd1978978      1        320 System.Collections.Concurrent.ConcurrentDictionary<System.String, System.Lazy<Microsoft.Extensions.DependencyInjection.MetricsServiceExtensions+NoOpOptions>>+VolatileNode[]
7ffcd1ad4378      5        320 System.Func<System.Object, System.Threading.Tasks.Task>
7ffcd1b31220      1        320 System.Collections.Concurrent.ConcurrentDictionary<Microsoft.AspNetCore.Http.Endpoint, Microsoft.AspNetCore.Authorization.AuthorizationPolicy>+VolatileNode[]
7ffcd1b37c10      1        320 System.Collections.Concurrent.ConcurrentDictionary<System.String, System.Lazy<Microsoft.AspNetCore.HostFiltering.HostFilteringOptions>>+VolatileNode[]
7ffcd1b40aa0      2        320 System.Globalization.CalendarData
7ffcd1b74190      5        320 System.Func<Microsoft.AspNetCore.Mvc.ApiExplorer.ApiDescription, System.String>
7ffcd1cd18b8      1        320 System.Collections.Concurrent.ConcurrentDictionary<System.Text.RegularExpressions.RegexCache+Key, System.Text.RegularExpressions.RegexCache+Node>+VolatileNode[]
7ffcd1d65ec0      5        320 System.Action<Microsoft.OpenApi.Writers.IOpenApiWriter, Microsoft.OpenApi.Any.IOpenApiAny>
7ffcd1f1be48      1        320 System.Net.Http.HttpTelemetry
7ffcd1f24bf0      1        320 System.Collections.Concurrent.ConcurrentDictionary<System.Net.Http.HttpConnectionPoolManager+HttpConnectionKey, System.Net.Http.HttpConnectionPool>+VolatileNode[]
7ffcd1f29b40      1        320 System.Collections.Concurrent.ConcurrentDictionary<System.Uri, System.Int64>+VolatileNode[]
7ffcd2a63828      5        320 System.Action<AutoMapper.IMemberConfigurationExpression<Order.Business.Mediator.Commands.OrderFront.UpdateOrderFrontViewModel, Order.Infrastructure.Entities.OrderModels.OrderModel, System.String>>
7ffcd2a66f50      5        320 System.Action<AutoMapper.IMemberConfigurationExpression<Order.Business.Mediator.Commands.OrderFront.UpdateOrderFrontViewModel, Order.Business.Mediator.Commands.OrderFront.UpdateSubOrderFrontViewModel, System.String>>
7ffcd2a7da28      5        320 System.Action<AutoMapper.IMemberConfigurationExpression<Order.Business.Mediator.Commands.OrderFront.UpdateSubOrderFrontViewModel, Order.Infrastructure.Entities.SubOrderModels.SubOrderModel, System.String>>
7ffcd2a98340      5        320 System.Action<AutoMapper.IMemberConfigurationExpression<Order.Infrastructure.Data.Readonlys.CompanyBuMapping.GetCompanyBuMappingByIdViewModelDto, Order.Business.Dtos.ViewModels.CompanyBuMapping.GetCompanyBuMappingByIdViewModel, System.String>>
7ffcd2aa3d70      5        320 System.Action<AutoMapper.IMemberConfigurationExpression<Order.Business.Mediator.Queries.CompanyBUMapping.GetCompanyBuMappingsQuery, Order.Infrastructure.Data.Readonlys.CompanyBuMapping.GetCompanyBuMappingsQueryDto, System.String>>
7ffcd2630190      1        320 System.Collections.Concurrent.ConcurrentDictionary<Microsoft.AspNetCore.Mvc.Abstractions.ActionDescriptor, Microsoft.AspNetCore.Mvc.ActionConstraints.ActionConstraintCache+CacheEntry>+VolatileNode[]
7ffcd26e8bc8      1        320 System.Collections.Concurrent.ConcurrentDictionary<Microsoft.EntityFrameworkCore.Infrastructure.IDbContextOptions, System.ValueTuple<System.IServiceProvider, System.Collections.Generic.IDictionary<System.String, System.String>>>+VolatileNode[]
7ffcd27ce898      1        320 System.Collections.Concurrent.ConcurrentDictionary<System.Type, System.Collections.Generic.IReadOnlyList<Microsoft.EntityFrameworkCore.Infrastructure.DbSetProperty>>+VolatileNode[]
7ffcd3309cd0      5        320 System.Func<Microsoft.EntityFrameworkCore.Metadata.IProperty, System.Boolean>
7ffcd3380b98      4        320 Microsoft.EntityFrameworkCore.ChangeTracking.ValueComparer+DefaultValueComparer<System.DateTime>
7ffcd3384f68      8        320 System.Linq.Expressions.Expression2<System.Func<System.Int64, System.Int64, System.Boolean>>
7ffcd3389860      4        320 Microsoft.EntityFrameworkCore.ChangeTracking.ValueComparer+DefaultValueComparer<System.Boolean>
7ffcd33a0e08      4        320 Microsoft.EntityFrameworkCore.ChangeTracking.ValueComparer+DefaultValueComparer<System.Guid>
7ffcd091f6f8      5        320 System.Func<System.Reflection.ParameterInfo, System.Type>
7ffcd3788098      1        320 System.Collections.Concurrent.ConcurrentDictionary<System.Type, Microsoft.EntityFrameworkCore.Metadata.RuntimeEntityType>+VolatileNode[]
7ffcd37fa7a0      1        320 System.Collections.Concurrent.ConcurrentDictionary<System.String, Microsoft.EntityFrameworkCore.SqlServer.ValueGeneration.Internal.SqlServerSequenceValueGeneratorState>+VolatileNode[]
7ffcd37fd548      1        320 System.Collections.Concurrent.ConcurrentDictionary<Microsoft.EntityFrameworkCore.ValueGeneration.ValueGeneratorCache+CacheKey, Microsoft.EntityFrameworkCore.ValueGeneration.ValueGenerator>+VolatileNode[]
7ffcd0966160      8        320 System.Reflection.Emit.RuntimeLocalBuilder
7ffcd2201508     10        320 System.Collections.Generic.List<System.Reflection.MemberInfo>
7ffcd1d62a10      4        320 System.Reflection.RuntimeEventInfo[][]
7ffcd1d62e30      4        320 System.RuntimeType[][]
7ffcd3a73d28      1        320 System.Collections.Concurrent.ConcurrentDictionary<System.Type, System.Reflection.ConstructorInfo>+VolatileNode[]
7ffcd3af3390      1        320 System.Collections.Concurrent.ConcurrentDictionary<System.String, System.Collections.Generic.IList<System.String>>+VolatileNode[]
7ffcd3affa58      1        320 System.Collections.Concurrent.ConcurrentDictionary<Microsoft.Data.SqlClient.ConnectionPool.DbConnectionPoolIdentity, Microsoft.Data.SqlClient.ConnectionPool.IDbConnectionPool>+VolatileNode[]
7ffcd3d9b000      5        320 System.Configuration.BaseConfigurationRecord+ConfigRecordStreamInfo
7ffcd3dc7c18      1        320 System.Collections.Concurrent.ConcurrentDictionary<System.ValueTuple<System.String, Interop+BCrypt+BCryptOpenAlgorithmProviderFlags>, System.ValueTuple<Microsoft.Win32.SafeHandles.SafeBCryptAlgorithmHandle, System.Int32>>+VolatileNode[]
7ffcd3dc8458      1        320 System.Collections.Concurrent.ConcurrentDictionary<System.ValueTuple<System.String, Interop+BCrypt+BCryptOpenAlgorithmProviderFlags>, System.Boolean>+VolatileNode[]
7ffcd3de8460      1        320 System.Collections.Concurrent.ConcurrentDictionary<Microsoft.Data.SqlClient.ConnectionPool.DbConnectionPoolAuthenticationContextKey, Microsoft.Data.SqlClient.ConnectionPool.DbConnectionPoolAuthenticationContext>+VolatileNode[]
7ffcd3e2b018      1        320 System.Collections.Concurrent.ConcurrentDictionary<System.String, Microsoft.Data.SqlClient.SQLDNSInfo>+VolatileNode[]
7ffcd0e6f968      3        328 EventBus.RabbitMQ.RabbitMQQueueSetting[]
7ffcd0355250     14        336 System.Double
7ffcd0670120      7        336 Microsoft.Extensions.Configuration.Json.JsonConfigurationSource
7ffcd1885b40      7        336 System.Collections.Concurrent.ConcurrentDictionary<System.String, Microsoft.Extensions.Logging.LogValuesFormatter>+Node
7ffcd0aa6f68      7        336 Microsoft.Win32.RegistryKey
7ffcd29483d8      3        336 AutoMapper.Configuration.MappingExpression<Order.Infrastructure.Entities.OrderModels.OrderAddressModel, CommonApiMessage.AggregatesModel.OrderMessage.OrderMessageAddressViewModel>
7ffcd2948c90      3        336 AutoMapper.Configuration.MappingExpression<CommonApiMessage.AggregatesModel.OrderMessage.OrderMessageAddressViewModel, Order.Infrastructure.Entities.OrderModels.OrderAddressModel>
7ffcd2949548      3        336 AutoMapper.Configuration.MappingExpression<Order.Infrastructure.Entities.OrderModels.OrderAddressModel, Order.Business.Model.Response.orderAddress>
7ffcd29ec010      3        336 AutoMapper.Configuration.MappingExpression<Order.Business.Mediator.Commands.OrderFront.CreateOrderItemFrontManualViewModel, Order.Infrastructure.Entities.OrderModels.OrderItemModel>
7ffcd29f29f8      3        336 AutoMapper.Configuration.MappingExpression<Order.Business.Mediator.Commands.OrderFront.CreateOrderFrontManualViewModel, Order.Infrastructure.Entities.SubOrderModels.SubOrderModel>
7ffcd29f53a8      3        336 AutoMapper.Configuration.MappingExpression<Order.Business.Mediator.Commands.OrderFront.OrderAddressFrontManualViewModel, Order.Infrastructure.Entities.SubOrderModels.SubOrderAddressModel>
7ffcd29f9730      3        336 AutoMapper.Configuration.MappingExpression<Order.Business.Mediator.Commands.OrderFront.CreateOrderItemFrontManualViewModel, Order.Infrastructure.Entities.SubOrderModels.SubOrderItemModel>
7ffcd2a16fa8      3        336 AutoMapper.Configuration.MappingExpression<Order.Business.Mediator.Commands.OrderFront.CreateOrderFrontViewModel, Order.Infrastructure.Entities.OrderModels.OrderModel>
7ffcd2a19938      3        336 AutoMapper.Configuration.MappingExpression<Order.Business.Mediator.Commands.OrderFront.OrderAddressFrontViewModel, Order.Infrastructure.Entities.OrderModels.OrderAddressModel>
7ffcd2a1aa90      3        336 AutoMapper.Configuration.MappingExpression<Order.Business.Mediator.Commands.OrderFront.CreateOrderPaymentFrontViewModel, Order.Infrastructure.Entities.OrderModels.OrderPaymentModel>
7ffcd2a1d088      3        336 AutoMapper.Configuration.MappingExpression<Order.Business.Mediator.Commands.OrderFront.CreateOrderItemFrontViewModel, Order.Infrastructure.Entities.OrderModels.OrderItemModel>
7ffcd2a32318      3        336 AutoMapper.Configuration.MappingExpression<Order.Business.Mediator.Commands.OrderFront.CreateOrderFrontViewModel, Order.Infrastructure.Entities.SubOrderModels.SubOrderModel>
7ffcd2a34338      3        336 AutoMapper.Configuration.MappingExpression<Order.Business.Mediator.Commands.OrderFront.OrderAddressFrontViewModel, Order.Infrastructure.Entities.SubOrderModels.SubOrderAddressModel>
7ffcd2a34fe8      3        336 AutoMapper.Configuration.MappingExpression<Order.Business.Mediator.Commands.OrderFront.CreateOrderItemFrontViewModel, Order.Infrastructure.Entities.SubOrderModels.SubOrderItemModel>
7ffcd2a39ed8      3        336 AutoMapper.Configuration.MappingExpression<Order.Infrastructure.Entities.OrderModels.OrderModel, Order.Domain.AggregatesModel.FrontAPI.Order.OrderDetailFrontView>
7ffcd2a6be68      3        336 AutoMapper.Configuration.MappingExpression<Order.Business.Mediator.Commands.OrderFront.UpdateOrderFrontViewModel, Order.Infrastructure.Entities.OrderModels.OrderModel>
7ffcd2a6ed98      3        336 AutoMapper.Configuration.MappingExpression<Order.Business.Mediator.Commands.OrderFront.UpdateOrderAddressViewModel, Order.Infrastructure.Entities.OrderModels.OrderAddressModel>
7ffcd2a6fe30      3        336 AutoMapper.Configuration.MappingExpression<Order.Business.Mediator.Commands.OrderFront.UpdateOrderItemFront, Order.Infrastructure.Entities.OrderModels.OrderItemModel>
7ffcd2a726f8      3        336 AutoMapper.Configuration.MappingExpression<Order.Business.Mediator.Commands.OrderFront.UpdateOrderItemAmountDetailViewModel, Order.Infrastructure.Entities.OrderModels.OrderItemAmountDtlModel>
7ffcd2a74840      3        336 AutoMapper.Configuration.MappingExpression<Order.Business.Mediator.Commands.OrderFront.UpdateOrderFrontCommand, Order.Business.Mediator.Commands.OrderFront.UpdateSubOrderFrontCommand>
7ffcd2a750f8      3        336 AutoMapper.Configuration.MappingExpression<Order.Business.Mediator.Commands.OrderFront.UpdateOrderFrontViewModel, Order.Business.Mediator.Commands.OrderFront.UpdateSubOrderFrontViewModel>
7ffcd2a779a0      3        336 AutoMapper.Configuration.MappingExpression<Order.Business.Mediator.Commands.OrderFront.UpdateOrderAddressViewModel, Order.Business.Mediator.Commands.OrderFront.SubOrderAddressViewModel>
7ffcd2a788c0      3        336 AutoMapper.Configuration.MappingExpression<Order.Business.Mediator.Commands.OrderFront.UpdateOrderItemFront, Order.Business.Mediator.Commands.OrderFront.UpdateSubOrderItemFront>
7ffcd2a7c0e8      3        336 AutoMapper.Configuration.MappingExpression<Order.Business.Mediator.Commands.OrderFront.UpdateOrderItemAmountDetailViewModel, Order.Business.Mediator.Commands.OrderFront.UpdateSubOrderItemAmountDetailViewModel>
7ffcd2a90db0      3        336 AutoMapper.Configuration.MappingExpression<Order.Business.Mediator.Commands.OrderFront.UpdateSubOrderFrontViewModel, Order.Infrastructure.Entities.SubOrderModels.SubOrderModel>
7ffcd2a92bc8      3        336 AutoMapper.Configuration.MappingExpression<Order.Business.Mediator.Commands.OrderFront.SubOrderAddressViewModel, Order.Infrastructure.Entities.SubOrderModels.SubOrderAddressModel>
7ffcd2a937b8      3        336 AutoMapper.Configuration.MappingExpression<Order.Business.Mediator.Commands.OrderFront.UpdateSubOrderItemFront, Order.Infrastructure.Entities.SubOrderModels.SubOrderItemModel>
7ffcd2a95718      3        336 AutoMapper.Configuration.MappingExpression<Order.Business.Mediator.Commands.OrderFront.UpdateSubOrderItemAmountDetailViewModel, Order.Infrastructure.Entities.SubOrderModels.SubOrderItemAmtDtlModel>
7ffcd2a96f10      3        336 AutoMapper.Configuration.MappingExpression<Order.Business.Mediator.Commands.OrderFront.UpdateSubOrderItemFront, Order.Business.Mediator.Commands.OrderFront.UpdateSubOrderItemFront>
7ffcd2a977c8      3        336 AutoMapper.Configuration.MappingExpression<Order.Business.Mediator.Commands.OrderFront.UpdateSubOrderItemAmountDetailViewModel, Order.Business.Mediator.Commands.OrderFront.UpdateSubOrderItemAmountDetailViewModel>
7ffcd2a99c48      3        336 AutoMapper.Configuration.MappingExpression<Order.Infrastructure.Data.Readonlys.CompanyBuMapping.GetCompanyBuMappingByIdViewModelDto, Order.Business.Dtos.ViewModels.CompanyBuMapping.GetCompanyBuMappingByIdViewModel>
7ffcd2a9fd98      3        336 AutoMapper.Configuration.MappingExpression<Order.Infrastructure.Data.Readonlys.CompanyBuMapping.GetCompanyBuMappingViewModelDto, Order.Business.Dtos.ViewModels.CompanyBuMapping.GetCompanyBuMappingViewModel>
7ffcd2aa4a88      3        336 AutoMapper.Configuration.MappingExpression<Order.Business.Mediator.Queries.CompanyBUMapping.GetCompanyBuMappingsQuery, Order.Infrastructure.Data.Readonlys.CompanyBuMapping.GetCompanyBuMappingsQueryDto>
7ffcd2928510      2        336 AutoMapper.Internal.Mappers.IObjectMapper[]
7ffcd17f1138      2        336 System.Security.Cryptography.X509Certificates.X509Certificate2
7ffcd1b553d0      1        336 Microsoft.AspNetCore.Server.Kestrel.Core.Internal.Infrastructure.KestrelEventSource
7ffcd1fc3440      6        336 System.Text.Json.Serialization.Converters.EnumConverter<Swashbuckle.AspNetCore.SwaggerUI.DocExpansion>+EnumFieldInfo
7ffcd294a910      3        336 AutoMapper.Configuration.MappingExpression<Order.Infrastructure.Model.Address.InsertAddressInfoViewModel, Order.Infrastructure.Entities.OrderModels.OrderAddressModel>
7ffcd294b1c8      3        336 AutoMapper.Configuration.MappingExpression<Order.Infrastructure.Model.Address.InsertAddressInfoViewModel, Order.Infrastructure.Entities.SubOrderModels.SubOrderAddressModel>
7ffcd294ba80      3        336 AutoMapper.Configuration.MappingExpression<Order.Infrastructure.Entities.OrderModels.OrderItemModel, CommonApiMessage.AggregatesModel.OrderMessage.OrderMessageItemViewModel>
7ffcd294fb20      3        336 AutoMapper.Configuration.MappingExpression<Order.Infrastructure.Entities.OrderModels.OrderItemPromotionModel, CommonApiMessage.AggregatesModel.OrderMessage.OrderMessageItemPromotionsViewModel>
7ffcd2970438      3        336 AutoMapper.Configuration.MappingExpression<Order.Infrastructure.Entities.OrderModels.OrderItemFulFillmentModel, CommonApiMessage.AggregatesModel.OrderMessage.OrderMessageItemFulFillmentViewModel>
7ffcd2975710      3        336 AutoMapper.Configuration.MappingExpression<Order.Infrastructure.Entities.OrderModels.OrderItemDeliveryWindowModel, CommonApiMessage.AggregatesModel.OrderMessage.OrderMessageItemDeliveryWindowViewModel>
7ffcd2975fc8      3        336 AutoMapper.Configuration.MappingExpression<Order.Infrastructure.Entities.OrderModels.OrderItemFulFillmentServiceTypeModel, CommonApiMessage.AggregatesModel.OrderMessage.OrderMessageItemFulFillmentServiceTypeViewModel>
7ffcd2976880      3        336 AutoMapper.Configuration.MappingExpression<Order.Infrastructure.Entities.OrderModels.OrderItemRemarkModel, CommonApiMessage.AggregatesModel.OrderMessage.OrderMessageItemRemarkViewModel>
7ffcd2977138      3        336 AutoMapper.Configuration.MappingExpression<Order.Infrastructure.Entities.OrderModels.OrderItemAmountModel, CommonApiMessage.AggregatesModel.OrderMessage.OrderMessageItemAmountViewModel>
7ffcd29779f0      3        336 AutoMapper.Configuration.MappingExpression<Order.Infrastructure.Entities.OrderModels.OrderItemAmountDtlModel, CommonApiMessage.AggregatesModel.OrderMessage.OrderMessageItemAmountDetailViewModel>
7ffcd29782a8      3        336 AutoMapper.Configuration.MappingExpression<Order.Infrastructure.Entities.OrderModels.OrderItemTaxModel, CommonApiMessage.AggregatesModel.OrderMessage.OrderMessageItemTaxViewModel>
7ffcd2978b60      3        336 AutoMapper.Configuration.MappingExpression<Order.Infrastructure.Entities.OrderModels.OrderItemPaymentModel, CommonApiMessage.AggregatesModel.OrderMessage.OrderMessageItemPaymentViewModel>
7ffcd2979418      3        336 AutoMapper.Configuration.MappingExpression<Order.Infrastructure.Entities.OrderModels.OrderItemBarcodeModel, CommonApiMessage.AggregatesModel.OrderMessage.OrderMessageSubBarcodeViewModel>
7ffcd297a7e0      3        336 AutoMapper.Configuration.MappingExpression<Order.Infrastructure.Entities.OrderModels.OrderItemPromotionsModel, CommonApiMessage.AggregatesModel.OrderMessage.OrderMessageItemPromotionsViewModel>
7ffcd297b098      3        336 AutoMapper.Configuration.MappingExpression<Order.Infrastructure.Entities.OrderModels.OrderCustomerModel, CommonApiMessage.AggregatesModel.OrderMessage.OrderMessageCustomerViewModel>
7ffcd297b950      3        336 AutoMapper.Configuration.MappingExpression<Order.Infrastructure.Entities.OrderModels.OrderPaymentModel, CommonApiMessage.AggregatesModel.OrderMessage.OrderMessagePaymentViewModel>
7ffcd297c208      3        336 AutoMapper.Configuration.MappingExpression<Order.Infrastructure.Entities.OrderModels.OrderPaymentTransactionModel, CommonApiMessage.AggregatesModel.OrderMessage.OrderMessagePaymentTransactionViewModel>
7ffcd297cac0      3        336 AutoMapper.Configuration.MappingExpression<Order.Infrastructure.Entities.OrderModels.OrderPromotionModel, CommonApiMessage.AggregatesModel.OrderMessage.OrderMessagePromotionViewModel>
7ffcd297d378      3        336 AutoMapper.Configuration.MappingExpression<Order.Infrastructure.Entities.OrderModels.OrderPromotionAmountModel, CommonApiMessage.AggregatesModel.OrderMessage.OrderMessagePromotionAmountViewModel>
7ffcd297dc30      3        336 AutoMapper.Configuration.MappingExpression<Order.Infrastructure.Entities.OrderModels.OrderFeeModel, CommonApiMessage.AggregatesModel.OrderMessage.OrderMessageFeeViewModel>
7ffcd297eda0      3        336 AutoMapper.Configuration.MappingExpression<Order.Infrastructure.Entities.OrderModels.OrderFeePaymentModel, CommonApiMessage.AggregatesModel.OrderMessage.OrderMessageFeePaymentViewModel>
7ffcd297f658      3        336 AutoMapper.Configuration.MappingExpression<Order.Infrastructure.Entities.OrderModels.OrderFeeAmountDtlModel, CommonApiMessage.AggregatesModel.OrderMessage.OrderMessageFeeAmountDtlViewModel>
7ffcd2980028      3        336 AutoMapper.Configuration.MappingExpression<Order.Infrastructure.Entities.OrderModels.OrderFeeTaxModel, CommonApiMessage.AggregatesModel.OrderMessage.OrderMessageFeeTaxViewModel>
7ffcd29808e0      3        336 AutoMapper.Configuration.MappingExpression<Order.Infrastructure.Entities.OrderModels.OrderRemarkModel, CommonApiMessage.AggregatesModel.OrderMessage.OrderMessageRemarkViewModel>
7ffcd298b170      3        336 AutoMapper.Configuration.MappingExpression<Order.Infrastructure.Entities.SubOrderModels.SubOrderModel, CommonApiMessage.AggregatesModel.SubOrderMessage.SubOrderMessageViewModel>
7ffcd298cb10      3        336 AutoMapper.Configuration.MappingExpression<Order.Infrastructure.Entities.SubOrderModels.SubOrderRemarkModel, CommonApiMessage.AggregatesModel.SubOrderMessage.SubOrderMessageRemarkViewModel>
7ffcd298d3c8      3        336 AutoMapper.Configuration.MappingExpression<Order.Infrastructure.Entities.SubOrderModels.SubOrderAddressModel, CommonApiMessage.AggregatesModel.SubOrderMessage.SubOrderMessageAddressViewModel>
7ffcd298e790      3        336 AutoMapper.Configuration.MappingExpression<Order.Infrastructure.Entities.SubOrderModels.SubOrderItemModel, CommonApiMessage.AggregatesModel.SubOrderMessage.SubOrderMessageItemViewModel>
7ffcd2991808      3        336 AutoMapper.Configuration.MappingExpression<Order.Infrastructure.Entities.SubOrderModels.SubOrderItemPromotionModel, CommonApiMessage.AggregatesModel.SubOrderMessage.SubOrderMessageItemPromotionViewModel>
7ffcd29920c0      3        336 AutoMapper.Configuration.MappingExpression<Order.Infrastructure.Entities.SubOrderModels.SubOrderItemFulFillmentModel, CommonApiMessage.AggregatesModel.SubOrderMessage.SubOrderMessageItemFulFillmentViewModel>
7ffcd2995018      3        336 AutoMapper.Configuration.MappingExpression<Order.Infrastructure.Entities.SubOrderModels.SubOrderItemDeliveryWindowModel, CommonApiMessage.AggregatesModel.SubOrderMessage.SubOrderMessageItemDeliveryWindowViewModel>
7ffcd29958d0      3        336 AutoMapper.Configuration.MappingExpression<Order.Infrastructure.Entities.SubOrderModels.SubOrderItemFulFillmentServiceTypeModel, CommonApiMessage.AggregatesModel.SubOrderMessage.SubOrderMessageItemFulFillmentServiceTypeViewModel>
7ffcd2996188      3        336 AutoMapper.Configuration.MappingExpression<Order.Infrastructure.Entities.SubOrderModels.SubOrderItemRemarkModel, CommonApiMessage.AggregatesModel.SubOrderMessage.SubOrderMessageItemRemarkViewModel>
7ffcd2996a40      3        336 AutoMapper.Configuration.MappingExpression<Order.Infrastructure.Entities.SubOrderModels.SubOrderItemAmountModel, CommonApiMessage.AggregatesModel.SubOrderMessage.SubOrderMessageItemAmountViewModel>
7ffcd29972f8      3        336 AutoMapper.Configuration.MappingExpression<Order.Infrastructure.Entities.SubOrderModels.SubOrderItemAmtDtlModel, CommonApiMessage.AggregatesModel.SubOrderMessage.SubOrderMessageItemAmountDetailViewModel>
7ffcd2997bb0      3        336 AutoMapper.Configuration.MappingExpression<Order.Infrastructure.Entities.SubOrderModels.SubOrderItemTaxModel, CommonApiMessage.AggregatesModel.SubOrderMessage.SubOrderMessageItemTaxViewModel>
7ffcd2998468      3        336 AutoMapper.Configuration.MappingExpression<Order.Infrastructure.Entities.SubOrderModels.SubOrderItemPayModel, CommonApiMessage.AggregatesModel.SubOrderMessage.SubOrderMessageItemPaymentViewModel>
7ffcd2998d20      3        336 AutoMapper.Configuration.MappingExpression<Order.Infrastructure.Entities.SubOrderModels.SubOrderItemBarcodeModel, CommonApiMessage.AggregatesModel.SubOrderMessage.SubOrderMessageItemSubBarcodeViewModel>
7ffcd29995d8      3        336 AutoMapper.Configuration.MappingExpression<Order.Infrastructure.Entities.SubOrderModels.SubOrderItemPromotionsModel, CommonApiMessage.AggregatesModel.SubOrderMessage.SubOrderMessageItemPromotionsViewModel>
7ffcd2999e90      3        336 AutoMapper.Configuration.MappingExpression<Order.Infrastructure.Entities.SubOrderModels.SubOrderPromotionModel, CommonApiMessage.AggregatesModel.SubOrderMessage.SubOrderMessagePromotionViewModel>
7ffcd299a748      3        336 AutoMapper.Configuration.MappingExpression<Order.Infrastructure.Entities.SubOrderModels.SubOrderPromotionAmountModel, CommonApiMessage.AggregatesModel.SubOrderMessage.SubOrderMessagePromotionAmountViewModel>
7ffcd299b000      3        336 AutoMapper.Configuration.MappingExpression<Order.Infrastructure.Entities.SubOrderModels.SubOrderFeeModel, CommonApiMessage.AggregatesModel.SubOrderMessage.SubOrderMessageFeeViewModel>
7ffcd299b8b8      3        336 AutoMapper.Configuration.MappingExpression<Order.Infrastructure.Entities.SubOrderModels.SubOrderFeeAmountModel, CommonApiMessage.AggregatesModel.SubOrderMessage.SubOrderMessageFeeAmountViewModel>
7ffcd299c170      3        336 AutoMapper.Configuration.MappingExpression<Order.Infrastructure.Entities.SubOrderModels.SubOrderFeeAmountDtlModel, CommonApiMessage.AggregatesModel.SubOrderMessage.SubOrderMessageFeeAmountDtlViewModel>
7ffcd299ca28      3        336 AutoMapper.Configuration.MappingExpression<Order.Infrastructure.Entities.SubOrderModels.SubOrderFeeTaxModel, CommonApiMessage.AggregatesModel.SubOrderMessage.SubOrderMessageFeeTaxViewModel>
7ffcd299d2e0      3        336 AutoMapper.Configuration.MappingExpression<Order.Infrastructure.Entities.SubOrderModels.SubOrderFeePaymentModel, CommonApiMessage.AggregatesModel.SubOrderMessage.SubOrderMessageFeePaymentViewModel>
7ffcd299db98      3        336 AutoMapper.Configuration.MappingExpression<Order.Infrastructure.Entities.StoreLocation.StoreLocationModel, CommonApiMessage.AggregatesModel.SubOrderMessage.SubOrderMessageAddressViewModel>
7ffcd299e450      3        336 AutoMapper.Configuration.MappingExpression<Order.Infrastructure.Entities.Package.PackageInfoModel, CommonApiMessage.AggregatesModel.Package.PackageInfoMessageViewModel>
7ffcd299ed08      3        336 AutoMapper.Configuration.MappingExpression<Order.Infrastructure.Entities.Promotion.PromotionItemModel, CommonApiMessage.AggregatesModel.SubOrderMessage.SubOrderMessageItemViewModel>
7ffcd29b09f0      3        336 AutoMapper.Configuration.MappingExpression<Order.Business.Mediator.Commands.RoleChannelMapping.CreateRoleChannelMappingCommand, Order.Infrastructure.Data.Readonlys.RoleChannelMapping.CreateRoleChannelMappingCommandDto>
7ffcd29b2b58      3        336 AutoMapper.Configuration.MappingExpression<Order.Business.Dtos.ViewModels.RoleChannelMapping.CreateChannelViewModel, Order.Infrastructure.Data.Readonlys.RoleChannelMapping.CreateChannelViewModelDto>
7ffcd29b34b0      3        336 AutoMapper.Configuration.MappingExpression<Order.Business.Mediator.Queries.RoleChannelMapping.GetRoleChannelMappingsQuery, Order.Infrastructure.Data.Readonlys.RoleChannelMapping.GetRoleChannelMappingsQueryDto>
7ffcd29b57d8      3        336 AutoMapper.Configuration.MappingExpression<CommonApiMessage.AggregatesModel.SubOrderMessage.SubOrderMessageAddressViewModel, Order.Business.Responses.Order.CustomerByPacking>
7ffcd29b6978      3        336 AutoMapper.Configuration.MappingExpression<Order.Domain.AggregatesModel.Order.PackingDetails, Order.Business.Responses.Order.ProductByPacking>
7ffcd29bae60      3        336 AutoMapper.Configuration.MappingExpression<CommonApiMessage.AggregatesModel.OrderMessage.OrderMessageAddressViewModel, Order.Business.Responses.Order.Customer>
7ffcd29bc248      3        336 AutoMapper.Configuration.MappingExpression<CommonApiMessage.AggregatesModel.OrderMessage.OrderMessageItemViewModel, Order.Business.Responses.Order.Product>
7ffcd29cc628      3        336 AutoMapper.Configuration.MappingExpression<Order.Business.Mediator.Commands.OrderFront.CreateOrderFrontManualViewModel, Order.Infrastructure.Entities.OrderModels.OrderModel>
7ffcd29e0fc0      3        336 AutoMapper.Configuration.MappingExpression<Order.Business.Mediator.Commands.OrderFront.OrderAddressFrontManualViewModel, Order.Infrastructure.Entities.OrderModels.OrderAddressModel>
7ffcd29e2118      3        336 AutoMapper.Configuration.MappingExpression<Order.Business.Mediator.Commands.OrderFront.CreateOrderPaymentFrontManualViewModel, Order.Infrastructure.Entities.OrderModels.OrderPaymentModel>
7ffcd29423a8      3        336 AutoMapper.Configuration.MappingExpression<Order.Infrastructure.Entities.OrderModels.OrderModel, CommonApiMessage.AggregatesModel.OrderMessage.OrderMessageViewModel>
7ffcd3a74438      7        336 System.Collections.Concurrent.ConcurrentDictionary<System.Type, System.Reflection.ConstructorInfo>+Node
7ffcd2b2ca58     11        352 System.Collections.Generic.List<CommonApiMessage.AggregatesModel.OrderMessage.OrderMessagePaymentViewModel>
7ffcd2b62d20     11        352 System.Collections.Generic.List<CommonApiMessage.AggregatesModel.OrderMessage.OrderMessagePaymentTransactionViewModel>
7ffcd2b2db08     11        352 System.Collections.Generic.List<CommonApiMessage.AggregatesModel.OrderMessage.OrderMessagePromotionViewModel>
7ffcd416b4e0     11        352 System.Linq.Expressions.Expression1<System.Func<Order.Infrastructure.Entities.OrderItemInformation.OrderItemOtherInfoModel, System.Boolean>>
7ffcd4387040     11        352 System.Collections.Generic.List<Microsoft.AspNetCore.Mvc.Formatters.MediaTypeSegmentWithQuality>
7ffcd262b050     11        352 System.Collections.Generic.Stack<Microsoft.AspNetCore.Routing.Tree.UrlMatchingNode>
7ffcd2632280     11        352 Microsoft.AspNetCore.Mvc.Abstractions.ActionInvokerProviderContext
7ffcd2694e40     11        352 Microsoft.EntityFrameworkCore.Infrastructure.IDbContextOptionsConfiguration<Order.Infrastructure.OrderContext>[]
7ffcd2695568     11        352 System.SZGenericArrayEnumerator<Microsoft.EntityFrameworkCore.Infrastructure.IDbContextOptionsConfiguration<Order.Infrastructure.OrderContext>>
7ffcd2de8e10     11        352 Microsoft.AspNetCore.Mvc.ModelBinding.ValueProviderFactoryContext
7ffcd2df0210     11        352 Microsoft.AspNetCore.Mvc.ModelBinding.PrefixContainer
7ffcd2e20d28     11        352 System.Linq.Expressions.ExpressionStringBuilder
7ffcd06a4908     11        352 System.Collections.Generic.Stack<System.String>
7ffcd2e266a0     11        352 FluentValidation.Internal.RuleBuilder<Order.Business.Mediator.Commands.Order.GetSubOrderCommand, Order.Business.Mediator.Commands.Order.GetSubOrderCommand>
7ffcd2e2c090     11        352 FluentValidation.Results.ValidationResult
7ffcd2e99440     11        352 System.Collections.Generic.List<Microsoft.EntityFrameworkCore.Storage.IDatabaseProvider>
7ffcd3806380     11        352 Microsoft.EntityFrameworkCore.Query.Internal.EntityQueryable<<>f__AnonymousType11<System.String, System.String>>
7ffcd2e4f498     11        352 System.Collections.Generic.List<<>f__AnonymousType11<System.String, System.String>>
7ffcd2e603c8     11        352 System.Collections.Generic.List<<>f__AnonymousType12<System.String, System.String, System.String, System.String, System.String, System.String>>
7ffcd2e60958     11        352 System.Collections.Generic.List<Order.Infrastructure.Entities.SubOrderModels.SubOrderModel>
7ffcd2e48d18     11        352 System.Collections.Generic.List<CommonApiMessage.AggregatesModel.RewardPromotion.Internal.RewardItemPromotionViewModel>
7ffcd2e492a8     11        352 System.Collections.Generic.List<Order.Infrastructure.Entities.Promotion.PromotionItemModel>
7ffcd2b2bf38     11        352 System.Collections.Generic.List<CommonApiMessage.AggregatesModel.OrderMessage.OrderMessageCustomerViewModel>
7ffcd099f068     11        352 System.SZGenericArrayEnumerator<Serilog.Parsing.MessageTemplateToken>
7ffcd416cbe8      5        360 Microsoft.EntityFrameworkCore.Query.Internal.SingleQueryingEnumerable<Order.Infrastructure.Entities.OrderItemInformation.OrderItemOtherInfoModel>
7ffcd16165f8     15        360 Order.Domain.AggregatesModel.SubOrder.SubOrderRepository+<>c__DisplayClass21_2
7ffcd418a590     15        360 Microsoft.EntityFrameworkCore.Storage.ExecutionStrategy+<>c__DisplayClass28_0<Microsoft.EntityFrameworkCore.Query.Internal.SingleQueryingEnumerable<Order.Infrastructure.Entities.StoreLocation.StoreLocationModel>+Enumerator, System.Boolean>
7ffcd41d0280     15        360 Microsoft.EntityFrameworkCore.Storage.ExecutionStrategy+<>c__DisplayClass28_0<Microsoft.EntityFrameworkCore.Query.Internal.SingleQueryingEnumerable<Order.Infrastructure.Entities.Package.PackageInfoModel>+Enumerator, System.Boolean>
7ffcd4206a60     15        360 Microsoft.EntityFrameworkCore.Storage.ExecutionStrategy+<>c__DisplayClass28_0<Microsoft.EntityFrameworkCore.Query.Internal.SingleQueryingEnumerable<Order.Infrastructure.Entities.Package.PackageTbModel>+Enumerator, System.Boolean>
7ffcd423fa10      5        360 Microsoft.EntityFrameworkCore.Query.Internal.SingleQueryingEnumerable<Order.Infrastructure.Entities.OrderModels.OrderModel>
7ffcd2a6cdc0     15        360 AutoMapper.Configuration.MemberConfigurationExpression<Order.Business.Mediator.Commands.OrderFront.UpdateOrderFrontViewModel, Order.Infrastructure.Entities.OrderModels.OrderModel, System.String>+<>c__DisplayClass24_0
7ffcd2a75eb8     15        360 AutoMapper.Configuration.MemberConfigurationExpression<Order.Business.Mediator.Commands.OrderFront.UpdateOrderFrontViewModel, Order.Business.Mediator.Commands.OrderFront.UpdateSubOrderFrontViewModel, System.String>+<>c__DisplayClass24_0
7ffcd2a91860     15        360 AutoMapper.Configuration.MemberConfigurationExpression<Order.Business.Mediator.Commands.OrderFront.UpdateSubOrderFrontViewModel, Order.Infrastructure.Entities.SubOrderModels.SubOrderModel, System.String>+<>c__DisplayClass24_0
7ffcd2a9aed0     15        360 AutoMapper.Configuration.MemberConfigurationExpression<Order.Infrastructure.Data.Readonlys.CompanyBuMapping.GetCompanyBuMappingByIdViewModelDto, Order.Business.Dtos.ViewModels.CompanyBuMapping.GetCompanyBuMappingByIdViewModel, System.String>+<>c__DisplayClass24_0
7ffcd2aa5d10     15        360 AutoMapper.Configuration.MemberConfigurationExpression<Order.Business.Mediator.Queries.CompanyBUMapping.GetCompanyBuMappingsQuery, Order.Infrastructure.Data.Readonlys.CompanyBuMapping.GetCompanyBuMappingsQueryDto, System.String>+<>c__DisplayClass24_0
7ffcd2b5a548      7        360 AutoMapper.ConstructorParameterMap[]
7ffcd17f6c10      1        360 System.Net.Security.NetSecurityTelemetry
7ffcd1887b28      7        360 EventBus.InMemoryEventBusSubscriptionsManager+SubscriptionInfo[]
7ffcd1d95c20      9        360 System.Tuple<System.UInt64, System.UInt64, Microsoft.AspNetCore.Server.Kestrel.Core.Internal.Http.HttpMethod, System.Int32>
7ffcd1d61230      9        360 System.Reflection.CerHashtable<System.String, System.Reflection.RuntimeConstructorInfo[]>+Table
7ffcd12bf6e0      6        368 Microsoft.AspNetCore.Mvc.ModelBinding.IValueProviderFactory[]
7ffcd1d32fc0      1        368 System.Text.Json.Serialization.Metadata.JsonTypeInfo<Order.Infrastructure.Entities.Abstractions.BaseStatus>
7ffcd1d36078      1        368 System.Text.Json.Serialization.Metadata.JsonTypeInfo<System.Enum>
7ffcd1d36e00      1        368 System.Text.Json.Serialization.Metadata.JsonTypeInfo<System.ValueType>
7ffcd1d37650      1        368 System.Text.Json.Serialization.Metadata.JsonTypeInfo<System.IComparable>
7ffcd1d39740      1        368 System.Text.Json.Serialization.Metadata.JsonTypeInfo<System.ISpanFormattable>
7ffcd1d3a948      1        368 System.Text.Json.Serialization.Metadata.JsonTypeInfo<System.IFormattable>
7ffcd1d3b198      1        368 System.Text.Json.Serialization.Metadata.JsonTypeInfo<System.IConvertible>
7ffcd1d3d930      1        368 System.Text.Json.Serialization.Metadata.JsonTypeInfo<System.Text.Json.JsonElement>
7ffcd1f8d180      1        368 System.Text.Json.Serialization.Metadata.JsonTypeInfo<Swashbuckle.AspNetCore.SwaggerUI.ConfigObject>
7ffcd1fbcc10      1        368 System.Text.Json.Serialization.Metadata.JsonTypeInfo<System.Collections.Generic.IEnumerable<Swashbuckle.AspNetCore.SwaggerUI.UrlDescriptor>>
7ffcd1fbd278      1        368 System.Text.Json.Serialization.Metadata.JsonTypeInfo<Swashbuckle.AspNetCore.SwaggerUI.UrlDescriptor>
7ffcd1fc1bb8      1        368 System.Text.Json.Serialization.Metadata.JsonTypeInfo<Swashbuckle.AspNetCore.SwaggerUI.ModelRendering>
7ffcd1fc5520      1        368 System.Text.Json.Serialization.Metadata.JsonTypeInfo<Swashbuckle.AspNetCore.SwaggerUI.DocExpansion>
7ffcd1fc7a58      1        368 System.Text.Json.Serialization.Metadata.JsonTypeInfo<System.Nullable<System.Int32>>
7ffcd1fca1e8      1        368 System.Text.Json.Serialization.Metadata.JsonTypeInfo<System.Collections.Generic.IEnumerable<Swashbuckle.AspNetCore.SwaggerUI.SubmitMethod>>
7ffcd1fcd2f8      1        368 System.Text.Json.Serialization.Metadata.JsonTypeInfo<Swashbuckle.AspNetCore.SwaggerUI.SubmitMethod>
7ffcd1fcf2e0      1        368 System.Text.Json.Serialization.Metadata.JsonTypeInfo<System.Collections.Generic.Dictionary<System.String, System.Object>>
7ffcd1fd28c0      1        368 System.Text.Json.Serialization.Metadata.JsonTypeInfo<Swashbuckle.AspNetCore.SwaggerUI.OAuthConfigObject>
7ffcd1fd7818      1        368 System.Text.Json.Serialization.Metadata.JsonTypeInfo<System.Collections.Generic.IEnumerable<System.String>>
7ffcd1fd8118      1        368 System.Text.Json.Serialization.Metadata.JsonTypeInfo<System.Collections.Generic.Dictionary<System.String, System.String>>
7ffcd1fd8638      1        368 System.Text.Json.Serialization.Metadata.JsonTypeInfo<Swashbuckle.AspNetCore.SwaggerUI.InterceptorFunctions>
7ffcd0671250      5        376 Microsoft.Extensions.Configuration.IConfigurationProvider[]
7ffcd2e9e230     12        376 System.Func<System.IServiceProvider, System.Object>[]
7ffcd0408238     12        384 System.Guid
7ffcd2a6e780     12        384 System.Linq.Expressions.Expression1<System.Func<Order.Infrastructure.Entities.OrderModels.OrderModel, System.Collections.Generic.ICollection<Order.Infrastructure.Entities.OrderModels.OrderPaymentModel>>>
7ffcd29e44d0     12        384 System.Linq.Expressions.Expression1<System.Func<Order.Infrastructure.Entities.OrderModels.OrderPaymentModel, System.Collections.Generic.ICollection<Order.Infrastructure.Entities.OrderModels.OrderPaymentTransactionModel>>>
7ffcd427ace8      6        384 System.Func<Microsoft.EntityFrameworkCore.DbContext, Microsoft.EntityFrameworkCore.Query.Internal.SplitQueryingEnumerable<Order.Infrastructure.Entities.OrderModels.OrderModel>+Enumerator, Microsoft.EntityFrameworkCore.Storage.ExecutionResult<System.Boolean>>
7ffcd427d168     12        384 System.Linq.Expressions.Expression1<System.Func<Order.Infrastructure.Entities.OrderModels.OrderPromotionModel, Order.Infrastructure.Entities.OrderModels.OrderPromotionAmountModel>>
7ffcd425f7d8      6        384 System.Func<Microsoft.EntityFrameworkCore.Query.QueryContext, System.Data.Common.DbDataReader, Microsoft.EntityFrameworkCore.Query.Internal.ResultContext, Microsoft.EntityFrameworkCore.Query.Internal.SplitQueryResultCoordinator, Order.Infrastructure.Entities.OrderModels.OrderPaymentTransactionModel>
7ffcd4271af0      6        384 System.Action<Order.Infrastructure.Entities.OrderModels.OrderPaymentModel, Order.Infrastructure.Entities.OrderModels.OrderPaymentTransactionModel>
7ffcd14af000     12        384 System.Collections.Generic.List<Microsoft.AspNetCore.Mvc.Formatters.IOutputFormatter>
7ffcd15550c0     12        384 System.Collections.Generic.List<Microsoft.AspNetCore.Mvc.Abstractions.ActionDescriptor>
7ffcd2e20710     12        384 FluentValidation.Internal.AccessorCache<Order.Business.Mediator.Commands.Order.GetSubOrderCommand>+Key
7ffcd2e99c48     12        384 Microsoft.EntityFrameworkCore.Storage.IDatabaseProvider[]
7ffcd3806008     12        384 System.Linq.Expressions.Expression1<System.Func<Order.Infrastructure.Entities.SubOrderModels.SubOrderModel, <>f__AnonymousType11<System.String, System.String>>>
7ffcd427d7c8      6        384 System.Func<System.Linq.IQueryable<Order.Infrastructure.Entities.OrderModels.OrderPromotionModel>, System.Linq.Expressions.Expression<System.Func<Order.Infrastructure.Entities.OrderModels.OrderPromotionModel, System.Boolean>>, System.Linq.IQueryable<Order.Infrastructure.Entities.OrderModels.OrderPromotionModel>>
7ffcd427e3f8      6        384 System.Func<System.Func<Microsoft.EntityFrameworkCore.Query.QueryContext, System.Collections.Generic.IEnumerable<Order.Infrastructure.Entities.OrderModels.OrderPromotionModel>>>
7ffcd056e328     12        384 System.Version
7ffcd067c528      6        384 System.IO.FileSystemEventHandler
7ffcd0ac7c70      6        384 System.Func<System.IServiceProvider, System.Object>
7ffcd11c6e10      6        384 System.EventHandler<Autofac.Core.RegistrationSourceAddedEventArgs>
7ffcd14dca08     12        384 Microsoft.AspNetCore.Mvc.ModelBinding.SuppressChildValidationMetadataProvider
7ffcd4350928      6        384 System.Func<System.Object, CommonApiMessage.AggregatesModel.SubOrderMessage.SubOrderMessageFeeAmountDtlViewModel>
7ffcd4351120      6        384 System.Action<System.Object, CommonApiMessage.AggregatesModel.SubOrderMessage.SubOrderMessageFeeAmountDtlViewModel>
7ffcd4353f90      6        384 System.Func<System.Object, System.Collections.Generic.ICollection<CommonApiMessage.AggregatesModel.SubOrderMessage.SubOrderMessageFeeTaxViewModel>>
7ffcd4354788      6        384 System.Action<System.Object, System.Collections.Generic.ICollection<CommonApiMessage.AggregatesModel.SubOrderMessage.SubOrderMessageFeeTaxViewModel>>
7ffcd085e430      4        384 System.Collections.Generic.Dictionary<System.String, System.Collections.Generic.List<System.Reflection.RuntimePropertyInfo>>+Entry[]
7ffcd085a810      8        384 System.Reflection.CustomAttributeNamedParameter
7ffcd1d38da0      4        384 System.Collections.Generic.Dictionary<System.Type, System.Int32>+Entry[]
7ffcd2945570      6        384 AutoMapper.Configuration.MemberConfigurationExpression<Order.Infrastructure.Entities.OrderModels.OrderModel, CommonApiMessage.AggregatesModel.OrderMessage.OrderMessageViewModel, System.String>
7ffcd29e7bf8      6        384 AutoMapper.Configuration.MemberConfigurationExpression<Order.Business.Model.Request.Order.OrderFeeViewModel, Order.Infrastructure.Entities.OrderModels.OrderFeeModel, System.Int32>
7ffcd29e8310     12        384 System.Linq.Expressions.Expression1<System.Func<Order.Business.Model.Request.Order.OrderFeeViewModel, System.Int32>>
7ffcd29e9e40      6        384 AutoMapper.Configuration.MemberConfigurationExpression<Order.Business.Model.Request.Order.OrderFeeViewModel, Order.Infrastructure.Entities.OrderModels.OrderFeeModel, System.Decimal>
7ffcd29ea5e8     12        384 System.Linq.Expressions.Expression1<System.Func<Order.Business.Model.Request.Order.OrderFeeViewModel, System.Decimal>>
7ffcd29eae68      6        384 AutoMapper.Configuration.MemberConfigurationExpression<Order.Business.Model.Request.Order.OrderFeeViewModel, Order.Infrastructure.Entities.OrderModels.OrderFeeModel, Order.Infrastructure.Entities.OrderModels.OrderFeeAmountModel>
7ffcd29ebbe8      6        384 AutoMapper.Configuration.MemberConfigurationExpression<Order.Business.Model.Request.Order.OrderFeeViewModel, Order.Infrastructure.Entities.OrderModels.OrderFeeModel, System.Collections.Generic.ICollection<Order.Infrastructure.Entities.OrderModels.OrderFeePaymentModel>>
7ffcd29ec6c8      6        384 AutoMapper.Configuration.MemberConfigurationExpression<Order.Business.Mediator.Commands.OrderFront.CreateOrderItemFrontManualViewModel, Order.Infrastructure.Entities.OrderModels.OrderItemModel, System.Int32>
7ffcd29f3ee0      6        384 AutoMapper.Configuration.MemberConfigurationExpression<Order.Business.Mediator.Commands.OrderFront.CreateOrderFrontManualViewModel, Order.Infrastructure.Entities.SubOrderModels.SubOrderModel, System.DateTime>
7ffcd29cfb30     12        384 System.Linq.Expressions.Expression1<System.Func<Order.Business.Mediator.Commands.OrderFront.CreateOrderFrontManualViewModel, System.Nullable<System.DateTime>>>
7ffcd29f7208      6        384 AutoMapper.Configuration.MemberConfigurationExpression<Order.Business.Model.Request.Order.OrderFeeViewModel, Order.Infrastructure.Entities.SubOrderModels.SubOrderFeeModel, System.Int32>
7ffcd29f7cb0      6        384 AutoMapper.Configuration.MemberConfigurationExpression<Order.Business.Model.Request.Order.OrderFeeViewModel, Order.Infrastructure.Entities.SubOrderModels.SubOrderFeeModel, System.Decimal>
7ffcd29f8588      6        384 AutoMapper.Configuration.MemberConfigurationExpression<Order.Business.Model.Request.Order.OrderFeeViewModel, Order.Infrastructure.Entities.SubOrderModels.SubOrderFeeModel, Order.Infrastructure.Entities.SubOrderModels.SubOrderFeeAmountModel>
7ffcd29f9308      6        384 AutoMapper.Configuration.MemberConfigurationExpression<Order.Business.Model.Request.Order.OrderFeeViewModel, Order.Infrastructure.Entities.SubOrderModels.SubOrderFeeModel, System.Collections.Generic.ICollection<Order.Infrastructure.Entities.SubOrderModels.SubOrderFeePaymentModel>>
7ffcd29f9de8      6        384 AutoMapper.Configuration.MemberConfigurationExpression<Order.Business.Mediator.Commands.OrderFront.CreateOrderItemFrontManualViewModel, Order.Infrastructure.Entities.SubOrderModels.SubOrderItemModel, System.Int32>
7ffcd2a18628      6        384 AutoMapper.Configuration.MemberConfigurationExpression<Order.Business.Mediator.Commands.OrderFront.CreateOrderFrontViewModel, Order.Infrastructure.Entities.OrderModels.OrderModel, System.DateTime>
7ffcd2a18d40     12        384 System.Linq.Expressions.Expression1<System.Func<Order.Business.Mediator.Commands.OrderFront.CreateOrderFrontViewModel, System.Nullable<System.DateTime>>>
7ffcd2a1d740      6        384 AutoMapper.Configuration.MemberConfigurationExpression<Order.Business.Mediator.Commands.OrderFront.CreateOrderItemFrontViewModel, Order.Infrastructure.Entities.OrderModels.OrderItemModel, System.Int32>
7ffcd2a334d0      6        384 AutoMapper.Configuration.MemberConfigurationExpression<Order.Business.Mediator.Commands.OrderFront.CreateOrderFrontViewModel, Order.Infrastructure.Entities.SubOrderModels.SubOrderModel, System.DateTime>
7ffcd2a356a0      6        384 AutoMapper.Configuration.MemberConfigurationExpression<Order.Business.Mediator.Commands.OrderFront.CreateOrderItemFrontViewModel, Order.Infrastructure.Entities.SubOrderModels.SubOrderItemModel, System.Int32>
7ffcd2a70998      6        384 AutoMapper.Configuration.MemberConfigurationExpression<Order.Business.Mediator.Commands.OrderFront.UpdateOrderItemFront, Order.Infrastructure.Entities.OrderModels.OrderItemModel, System.Decimal>
7ffcd2a710b0     12        384 System.Linq.Expressions.Expression1<System.Func<Order.Business.Mediator.Commands.OrderFront.UpdateOrderItemFront, System.Decimal>>
7ffcd2a730e0      6        384 AutoMapper.Configuration.MemberConfigurationExpression<Order.Business.Mediator.Commands.OrderFront.UpdateOrderItemAmountDetailViewModel, Order.Infrastructure.Entities.OrderModels.OrderItemAmountDtlModel, System.Decimal>
7ffcd2a737f8     12        384 System.Linq.Expressions.Expression1<System.Func<Order.Business.Mediator.Commands.OrderFront.UpdateOrderItemAmountDetailViewModel, System.Decimal>>
7ffcd2a73e60      6        384 AutoMapper.Configuration.MemberConfigurationExpression<Order.Business.Mediator.Commands.OrderFront.UpdateOrderItemAmountDetailViewModel, Order.Infrastructure.Entities.OrderModels.OrderItemAmountDtlModel, System.Nullable<System.Decimal>>
7ffcd2a74578     12        384 System.Linq.Expressions.Expression1<System.Func<Order.Business.Mediator.Commands.OrderFront.UpdateOrderItemAmountDetailViewModel, System.Nullable<System.Decimal>>>
7ffcd2a7cad0      6        384 AutoMapper.Configuration.MemberConfigurationExpression<Order.Business.Mediator.Commands.OrderFront.UpdateOrderItemAmountDetailViewModel, Order.Business.Mediator.Commands.OrderFront.UpdateSubOrderItemAmountDetailViewModel, System.Decimal>
7ffcd2a7d3a8      6        384 AutoMapper.Configuration.MemberConfigurationExpression<Order.Business.Mediator.Commands.OrderFront.UpdateOrderItemAmountDetailViewModel, Order.Business.Mediator.Commands.OrderFront.UpdateSubOrderItemAmountDetailViewModel, System.Nullable<System.Decimal>>
7ffcd2a94308      6        384 AutoMapper.Configuration.MemberConfigurationExpression<Order.Business.Mediator.Commands.OrderFront.UpdateSubOrderItemFront, Order.Infrastructure.Entities.SubOrderModels.SubOrderItemModel, System.Decimal>
7ffcd2a96100      6        384 AutoMapper.Configuration.MemberConfigurationExpression<Order.Business.Mediator.Commands.OrderFront.UpdateSubOrderItemAmountDetailViewModel, Order.Infrastructure.Entities.SubOrderModels.SubOrderItemAmtDtlModel, System.Decimal>
7ffcd2a969d8      6        384 AutoMapper.Configuration.MemberConfigurationExpression<Order.Business.Mediator.Commands.OrderFront.UpdateSubOrderItemAmountDetailViewModel, Order.Infrastructure.Entities.SubOrderModels.SubOrderItemAmtDtlModel, System.Nullable<System.Decimal>>
7ffcd2a9cfa0      6        384 AutoMapper.Configuration.MemberConfigurationExpression<Order.Infrastructure.Data.Readonlys.CompanyBuMapping.GetCompanyBuMappingByIdViewModelDto, Order.Business.Dtos.ViewModels.CompanyBuMapping.GetCompanyBuMappingByIdViewModel, System.Boolean>
7ffcd2aa0f68     12        384 System.Linq.Expressions.Expression1<System.Func<Order.Infrastructure.Data.Readonlys.CompanyBuMapping.GetCompanyBuMappingViewModelDto, System.String>>
7ffcd2aa2350      6        384 AutoMapper.Configuration.MemberConfigurationExpression<Order.Infrastructure.Data.Readonlys.CompanyBuMapping.GetCompanyBuMappingViewModelDto, Order.Business.Dtos.ViewModels.CompanyBuMapping.GetCompanyBuMappingViewModel, System.Boolean>
7ffcd2aa6f90      6        384 AutoMapper.Configuration.MemberConfigurationExpression<Order.Business.Mediator.Queries.CompanyBUMapping.GetCompanyBuMappingsQuery, Order.Infrastructure.Data.Readonlys.CompanyBuMapping.GetCompanyBuMappingsQueryDto, System.Int32>
7ffcd1ad70b0      8        384 System.Linq.Expressions.InstanceMethodCallExpression2
7ffcd1838dc8      6        384 RabbitMQ.Client.Impl.AsyncConsumerWorkService+WorkPool
7ffcd188a200      6        384 RabbitMQ.Client.Events.AsyncEventHandler<RabbitMQ.Client.Events.BasicDeliverEventArgs>
7ffcd18e6620      6        384 System.Func<System.IntPtr, System.IntPtr, Confluent.Kafka.ErrorCode>
7ffcd1b8ceb8      6        384 System.Func<Order.Business.Mediator.Queries.SysOrderType.GetSysOrderTypeQuery, System.String>
7ffcd1b8d048      6        384 System.Action<Order.Business.Mediator.Queries.SysOrderType.GetSysOrderTypeQuery, System.String>
7ffcd298bb78      6        384 AutoMapper.Configuration.MemberConfigurationExpression<Order.Infrastructure.Entities.SubOrderModels.SubOrderModel, CommonApiMessage.AggregatesModel.SubOrderMessage.SubOrderMessageViewModel, System.String>
7ffcd298ddb0      6        384 AutoMapper.Configuration.MemberConfigurationExpression<Order.Infrastructure.Entities.SubOrderModels.SubOrderAddressModel, CommonApiMessage.AggregatesModel.SubOrderMessage.SubOrderMessageAddressViewModel, System.String>
7ffcd29b2178      6        384 AutoMapper.Configuration.MemberConfigurationExpression<Order.Business.Mediator.Commands.RoleChannelMapping.CreateRoleChannelMappingCommand, Order.Infrastructure.Data.Readonlys.RoleChannelMapping.CreateRoleChannelMappingCommandDto, System.String>
7ffcd29b61e0      6        384 AutoMapper.Configuration.MemberConfigurationExpression<CommonApiMessage.AggregatesModel.SubOrderMessage.SubOrderMessageAddressViewModel, Order.Business.Responses.Order.CustomerByPacking, System.String>
7ffcd29b7360      6        384 AutoMapper.Configuration.MemberConfigurationExpression<Order.Domain.AggregatesModel.Order.PackingDetails, Order.Business.Responses.Order.ProductByPacking, System.String>
7ffcd29bb868      6        384 AutoMapper.Configuration.MemberConfigurationExpression<CommonApiMessage.AggregatesModel.OrderMessage.OrderMessageAddressViewModel, Order.Business.Responses.Order.Customer, System.String>
7ffcd29bcc30      6        384 AutoMapper.Configuration.MemberConfigurationExpression<CommonApiMessage.AggregatesModel.OrderMessage.OrderMessageItemViewModel, Order.Business.Responses.Order.Product, System.String>
7ffcd29cf388      6        384 AutoMapper.Configuration.MemberConfigurationExpression<Order.Business.Mediator.Commands.OrderFront.CreateOrderFrontManualViewModel, Order.Infrastructure.Entities.OrderModels.OrderModel, System.DateTime>
7ffcd42a8750      6        384 System.Func<System.Object, System.Collections.Generic.List<CommonApiMessage.AggregatesModel.SubOrderMessage.SubOrderMessageAddressViewModel>>
7ffcd42a8f48      6        384 System.Action<System.Object, System.Collections.Generic.List<CommonApiMessage.AggregatesModel.SubOrderMessage.SubOrderMessageAddressViewModel>>
7ffcd42c8f68      6        384 System.Func<System.Object, System.Nullable<System.Int64>>
7ffcd42c8c48      6        384 System.Action<System.Object, System.Nullable<System.Int64>>
7ffcd3f1f8e0      4        384 Microsoft.EntityFrameworkCore.Storage.ValueConversion.CollectionToJsonStringConverter<System.String>
7ffcd0945b78      4        392 Serilog.Parsing.PropertyToken[]
7ffcd0ac0b50      7        392 System.Diagnostics.ActivitySource
7ffcd2aa8d08      1        392 AutoMapper.ProfileMap[]
7ffcd2e60e60      5        400 System.Collections.Generic.Dictionary<System.ValueTuple<System.String, System.String>, Order.Infrastructure.Entities.OrderReference.OrderReferenceModel>
7ffcd4231880     10        400 Microsoft.EntityFrameworkCore.Query.Internal.QueryCompiler+<>c__DisplayClass11_0<Order.Infrastructure.Entities.OrderModels.OrderModel>
7ffcd0418770      1        400 System.Diagnostics.Tracing.RuntimeEventSource
7ffcd0709840     10        400 Serilog.Core.LoggingLevelSwitch
7ffcd124e990      5        400 Microsoft.Extensions.Diagnostics.Metrics.FactoryMeter
7ffcd14dd228     10        400 Microsoft.AspNetCore.Mvc.ModelBinding.BindingSource
7ffcd3369cd0     10        400 System.Linq.Expressions.Expression2<System.Func<System.Int32, System.Int32, System.Boolean>>
7ffcd25abb80     17        408 Microsoft.AspNetCore.Http.Features.ItemsFeature
7ffcd25abfa0     17        408 Microsoft.AspNetCore.Http.ItemsDictionary
7ffcd163ec38     17        408 Utility.Package.Middlewares.SprintConnectMiddleWareService+<>c__DisplayClass5_0
7ffcd0ac05b0     17        408 Microsoft.AspNetCore.Http.MiddlewareFactory
7ffcd163dd70     17        408 Utility.Package.Middlewares.BodySignatureMiddleware+<>c__DisplayClass5_0
7ffcd163e7b0     17        408 Utility.Package.Middlewares.DecryptAndBindingMiddleware+<>c__DisplayClass5_0
7ffcd25dc880     17        408 Microsoft.AspNetCore.Routing.RoutingFeature
7ffcd2644e08     17        408 Microsoft.AspNetCore.Mvc.MvcCoreLoggerExtensions+ActionLogScope
7ffcd2695428     17        408 Microsoft.EntityFrameworkCore.Infrastructure.Internal.DbContextOptionsConfiguration<Order.Infrastructure.OrderContext>
7ffcd2e1ce58     17        408 FluentValidation.Internal.PropertyRule<Order.Business.Mediator.Commands.Order.GetSubOrderCommand, Order.Business.Mediator.Commands.Order.GetSubOrderCommand>+<>c__DisplayClass1_0
7ffcd2e27e40     17        408 FluentValidation.DefaultValidatorExtensions+<>c__DisplayClass67_0<Order.Business.Mediator.Commands.Order.GetSubOrderCommand, Order.Business.Mediator.Commands.Order.GetSubOrderCommand>
7ffcd2e29328     17        408 FluentValidation.Validators.PredicateValidator<Order.Business.Mediator.Commands.Order.GetSubOrderCommand, Order.Business.Mediator.Commands.Order.GetSubOrderCommand>
7ffcd2dff670     17        408 Order.Business.Validations.ValidationBehavior<Order.Business.Mediator.Commands.Order.GetSubOrderCommand, CommonApiMessage.AggregatesModel.SubOrderMessage.SubOrderMessageViewModel>
7ffcd2e2cfb8     17        408 Order.Business.Validations.ValidationBehavior<Order.Business.Mediator.Commands.Order.GetSubOrderCommand, CommonApiMessage.AggregatesModel.SubOrderMessage.SubOrderMessageViewModel>+<>c__DisplayClass2_0
7ffcd2e1f648     17        408 FluentValidation.Internal.MessageFormatter
7ffcd2e99a40     17        408 Microsoft.EntityFrameworkCore.Infrastructure.Internal.CurrentDbContext
7ffcd26ef330     17        408 Microsoft.EntityFrameworkCore.Diagnostics.Internal.NullDbContextLogger
7ffcd278e210     17        408 Microsoft.EntityFrameworkCore.Infrastructure.Internal.ConcurrencyDetector
7ffcd2779948     17        408 Microsoft.EntityFrameworkCore.Storage.Internal.NamedConnectionStringResolver
7ffcd2f53640     17        408 System.Collections.Concurrent.ConcurrentStack<System.Transactions.Transaction>
7ffcd27521f8     17        408 Microsoft.EntityFrameworkCore.SqlServer.Query.Internal.SqlServerQueryStringFactory
7ffcd27ad408     17        408 Microsoft.EntityFrameworkCore.Infrastructure.ModelDependencies
7ffcd2784e70     17        408 Microsoft.EntityFrameworkCore.Query.RelationalCompiledQueryCacheKeyGeneratorDependencies
7ffcd2786fd0     17        408 Microsoft.EntityFrameworkCore.Query.RelationalQueryTranslationPreprocessorDependencies
7ffcd27abb68     17        408 Microsoft.EntityFrameworkCore.Query.QueryableMethodTranslatingExpressionVisitorDependencies
7ffcd37bbb50     17        408 Microsoft.EntityFrameworkCore.SqlServer.Query.Internal.SqlServerDateOnlyMemberTranslator
7ffcd37bbdb0     17        408 Microsoft.EntityFrameworkCore.SqlServer.Query.Internal.SqlServerStringMemberTranslator
7ffcd37bbee8     17        408 Microsoft.EntityFrameworkCore.SqlServer.Query.Internal.SqlServerTimeSpanMemberTranslator
7ffcd37bc020     17        408 Microsoft.EntityFrameworkCore.SqlServer.Query.Internal.SqlServerTimeOnlyMemberTranslator
7ffcd37d09c8     17        408 Microsoft.EntityFrameworkCore.Query.Internal.EqualsTranslator
7ffcd37d0b38     17        408 Microsoft.EntityFrameworkCore.Query.Internal.StringMethodTranslator
7ffcd37d0c68     17        408 Microsoft.EntityFrameworkCore.Query.Internal.CollateTranslator
7ffcd37d0de8     17        408 Microsoft.EntityFrameworkCore.Query.Internal.ContainsTranslator
7ffcd37d0f38     17        408 Microsoft.EntityFrameworkCore.Query.Internal.LikeTranslator
7ffcd37d10c8     17        408 Microsoft.EntityFrameworkCore.Query.Internal.EnumMethodTranslator
7ffcd37d1200     17        408 Microsoft.EntityFrameworkCore.Query.Internal.GetValueOrDefaultTranslator
7ffcd37d1318     17        408 Microsoft.EntityFrameworkCore.Query.Internal.ComparisonTranslator
7ffcd37d1430     17        408 Microsoft.EntityFrameworkCore.Query.Internal.ByteArraySequenceEqualTranslator
7ffcd37d1570     17        408 Microsoft.EntityFrameworkCore.Query.Internal.RandomTranslator
7ffcd37be6b0     17        408 Microsoft.EntityFrameworkCore.SqlServer.Query.Internal.SqlServerByteArrayMethodTranslator
7ffcd37be810     17        408 Microsoft.EntityFrameworkCore.SqlServer.Query.Internal.SqlServerConvertTranslator
7ffcd37be980     17        408 Microsoft.EntityFrameworkCore.SqlServer.Query.Internal.SqlServerDataLengthFunctionTranslator
7ffcd37bf148     17        408 Microsoft.EntityFrameworkCore.SqlServer.Query.Internal.SqlServerFullTextSearchFunctionsTranslator
7ffcd37bf2a8     17        408 Microsoft.EntityFrameworkCore.SqlServer.Query.Internal.SqlServerIsDateFunctionTranslator
7ffcd37bf408     17        408 Microsoft.EntityFrameworkCore.SqlServer.Query.Internal.SqlServerIsNumericFunctionTranslator
7ffcd37bf588     17        408 Microsoft.EntityFrameworkCore.SqlServer.Query.Internal.SqlServerMathTranslator
7ffcd37bf6e8     17        408 Microsoft.EntityFrameworkCore.SqlServer.Query.Internal.SqlServerNewGuidTranslator
7ffcd37bfd08     17        408 Microsoft.EntityFrameworkCore.SqlServer.Query.Internal.SqlServerTimeOnlyMethodTranslator
7ffcd37db7d8     17        408 Microsoft.EntityFrameworkCore.Query.Internal.QueryableAggregateMethodTranslator
7ffcd37da960     17        408 Microsoft.EntityFrameworkCore.SqlServer.Query.Internal.SqlServerLongCountMethodTranslator
7ffcd27ac2c0     17        408 Microsoft.EntityFrameworkCore.Query.QueryTranslationPostprocessorDependencies
7ffcd37f0d68     17        408 Microsoft.EntityFrameworkCore.Query.MaterializerLiftableConstantContext
7ffcd37f22f8     17        408 Microsoft.EntityFrameworkCore.Query.LiftableConstantProcessor+UnsupportedConstantChecker
7ffcd2788990     17        408 Microsoft.EntityFrameworkCore.Query.RelationalQueryCompilationContextDependencies
7ffcd27a54b0     17        408 Microsoft.EntityFrameworkCore.Update.Internal.UpdateAdapterFactory
7ffcd278cb00     17        408 Microsoft.EntityFrameworkCore.ChangeTracking.Internal.LocalViewListener
7ffcd27acc68     17        408 Microsoft.EntityFrameworkCore.ValueGeneration.ValueGeneratorSelectorDependencies
7ffcd37fd888     17        408 Microsoft.EntityFrameworkCore.ValueGeneration.TemporaryNumberValueGeneratorFactory
7ffcd278c2c8     17        408 Microsoft.EntityFrameworkCore.ChangeTracking.Internal.KeyPropagator
7ffcd3a93040     17        408 Microsoft.EntityFrameworkCore.Internal.SemanticVersionComparer
7ffcd2776918     17        408 Microsoft.EntityFrameworkCore.Migrations.Internal.MigrationCommandExecutor
7ffcd2788cb0     17        408 Microsoft.EntityFrameworkCore.Metadata.RelationalAdHocMapperDependencies
7ffcd2b50548      3        408 AutoMapper.TypeMap+TypeMapDetails
7ffcd2f7bb58     13        416 Microsoft.EntityFrameworkCore.Infrastructure.ModelCacheKey
7ffcd1b40b40      2        416 System.Globalization.CalendarData[]
7ffcd1776908      1        424 System.Collections.Concurrent.SingleProducerSingleConsumerQueue<RabbitMQ.Client.Framing.Impl.AutorecoveringConnection+RecoveryCommand>+Segment
7ffcd177e560      1        424 System.Collections.Concurrent.SingleProducerSingleConsumerQueue<System.Memory<System.Byte>>+Segment
7ffcd1ed6650     18        432 Microsoft.AspNetCore.Http.HttpContextAccessor+HttpContextHolder
7ffcd1635158     18        432 Swashbuckle.AspNetCore.SwaggerGen.JsonSerializerDataContractResolver
7ffcd4292ef0      6        432 Microsoft.EntityFrameworkCore.Query.Internal.SingleQueryingEnumerable<Order.Infrastructure.Entities.OrderModels.OrderPromotionModel>
7ffcd06718e8      9        432 Microsoft.Extensions.Configuration.Json.JsonConfigurationProvider
7ffcd0aa5540      6        432 System.Diagnostics.Metrics.ObservableGauge<System.Int64>
7ffcd128a368      6        432 System.Diagnostics.Metrics.Counter<System.Int64>
7ffcd2b88938      9        432 System.Linq.Expressions.Block4
7ffcd168ef48      9        432 Microsoft.AspNetCore.Mvc.HttpDeleteAttribute
7ffcd1836250      6        432 RabbitMQ.Client.Impl.Session
7ffcd188e8f8      1        432 System.Collections.Generic.Dictionary<System.String, RabbitMQ.Client.Impl.RecordedConsumer>+Entry[]
7ffcd1caf418      1        432 System.Collections.Generic.Dictionary<System.String, Microsoft.OpenApi.Models.OperationType>+Entry[]
7ffcd1fcc5b8      1        432 System.Collections.Generic.Dictionary<System.String, System.Text.Json.Serialization.Converters.EnumConverter<Swashbuckle.AspNetCore.SwaggerUI.SubmitMethod>+EnumFieldInfo>+Entry[]
7ffcd1fd9c40      9        432 Microsoft.Extensions.Logging.LoggerMessage+<>c__DisplayClass8_0
7ffcd33fa1e8      9        432 Microsoft.Extensions.Logging.LoggerMessage+<>c__DisplayClass12_0<System.String, System.String>
7ffcd382cb68     18        432 Microsoft.EntityFrameworkCore.Query.SqlAliasManager+MutableInt
7ffcd11ffd20     18        432 System.Linq.Expressions.ParameterExpression
7ffcd3afe580      9        432 Microsoft.Data.Common.NameValuePair
7ffcd4274550      5        440 Microsoft.EntityFrameworkCore.Query.Internal.SplitQueryingEnumerable<Order.Infrastructure.Entities.OrderModels.OrderModel>
7ffcd1b82468     11        440 System.Collections.Generic.List<Microsoft.AspNetCore.Mvc.Formatters.IOutputFormatter>+Enumerator
7ffcd266a070     11        440 System.Collections.Generic.SortedDictionary<System.Type, System.ValueTuple<Microsoft.EntityFrameworkCore.Infrastructure.IDbContextOptionsExtension, System.Int32>>
7ffcd2e2a978     11        440 MediatR.Wrappers.RequestHandlerWrapperImpl<Order.Business.Mediator.Commands.Order.GetSubOrderCommand, CommonApiMessage.AggregatesModel.SubOrderMessage.SubOrderMessageViewModel>+<>c__DisplayClass1_1
7ffcd3807c40     11        440 Microsoft.EntityFrameworkCore.Query.Internal.QueryCompiler+<>c__DisplayClass11_0<System.Collections.Generic.IEnumerable<<>f__AnonymousType11<System.String, System.String>>>
7ffcd4296d18     11        440 Microsoft.EntityFrameworkCore.Query.Internal.QueryCompiler+<>c__DisplayClass11_0<System.Collections.Generic.IEnumerable<Order.Infrastructure.Entities.Promotion.PromotionItemModel>>
7ffcd429e6f8     11        440 System.Collections.Generic.HashSet<Order.Infrastructure.Entities.OrderModels.OrderCustomerModel>+Enumerator
7ffcd293bde0     11        440 CommonApiMessage.AggregatesModel.OrderMessage.OrderMessageCustomerViewModel
7ffcd1d8d768     14        448 System.Threading.QueueUserWorkItemCallbackDefaultContext<Microsoft.AspNetCore.Server.Kestrel.Transport.Sockets.Internal.SocketConnection>
7ffcd06859d0      7        448 System.Collections.Concurrent.ConcurrentDictionary<System.String, Microsoft.Extensions.FileProviders.Physical.PhysicalFilesWatcher+ChangeTokenInfo>+Node
7ffcd093f148      8        448 System.Text.RegularExpressions.RegexInterpreterCode
7ffcd0708a20      7        448 System.Collections.Generic.HashSet<System.Type>
7ffcd14a2448      7        448 System.Action<Microsoft.AspNetCore.Builder.IApplicationBuilder>
7ffcd119fbe8      7        448 System.EventHandler<Autofac.Core.ComponentRegisteredEventArgs>
7ffcd1843428      7        448 RabbitMQ.Client.Impl.CommandReceivedAction
7ffcd1735170      7        448 System.EventHandler<RabbitMQ.Client.Events.CallbackExceptionEventArgs>
7ffcd18e6018      7        448 System.Func<System.IntPtr, Confluent.Kafka.ErrorCode>
7ffcd1b837c8      7        448 System.Func<CommonApiMessage.AggregatesModel.SearchFilter.OrderSearchFilter, System.String>
7ffcd1b83958      7        448 System.Action<CommonApiMessage.AggregatesModel.SearchFilter.OrderSearchFilter, System.String>
7ffcd1cbe928      7        448 System.Text.RegularExpressions.RegexCache+Node
7ffcd1b9d158      8        448 System.Collections.Concurrent.ConcurrentDictionary<System.Type, System.Text.Json.JsonSerializerOptions+CachingContext+CacheEntry>+Tables
7ffcd3070938      7        448 System.Func<Microsoft.EntityFrameworkCore.Metadata.IConventionProperty, System.Boolean>
7ffcd316b3d8      7        448 System.Func<Microsoft.EntityFrameworkCore.Metadata.IConventionEntityType, System.Collections.Generic.IEnumerable<Microsoft.EntityFrameworkCore.Metadata.IConventionForeignKey>>
7ffcd4035880      7        448 Microsoft.EntityFrameworkCore.Storage.ReaderColumn<System.Int64>
7ffcd40353d8      7        448 System.Func<System.Data.Common.DbDataReader, System.Int32[], System.Int64>
7ffcd0989af8      2        464 System.Collections.Concurrent.ConcurrentQueueSegment<Serilog.Events.LogEvent>
7ffcd12c86f8      3        472 Microsoft.AspNetCore.Mvc.ModelBinding.IModelBinderProvider[]
7ffcd1cd2300      4        480 System.Text.RegularExpressions.RegexFindOptimizations+FixedDistanceSet[]
7ffcd0e961e8     20        480 Microsoft.AspNetCore.Http.HttpContextAccessor
7ffcd12fdd80     20        480 System.Random
7ffcd16166c8     15        480 Order.Domain.AggregatesModel.SubOrder.SubOrderRepository+<>c__DisplayClass21_3
7ffcd2e61bb0     15        480 System.Collections.Generic.List<Order.Infrastructure.Entities.SubOrderModels.SubOrderItemFulFillmentModel>
7ffcd16167d8     15        480 Order.Domain.AggregatesModel.SubOrder.SubOrderRepository+<>c__DisplayClass21_4
7ffcd1616c20     15        480 Order.Domain.AggregatesModel.SubOrder.SubOrderRepository+<>c__DisplayClass25_0
7ffcd418b040     15        480 System.Collections.Generic.List<Order.Infrastructure.Entities.Package.PackageInfoModel>
7ffcd1616a58     15        480 Order.Domain.AggregatesModel.SubOrder.SubOrderRepository+<>c__DisplayClass24_0
7ffcd17b5568     15        480 System.Net.SocketAddress
7ffcd042cb78     10        480 System.Text.UTF8Encoding
7ffcd119b200     12        480 Autofac.Builder.DeferredCallback
7ffcd11cd478     12        480 Autofac.Features.OpenGenerics.OpenGenericRegistrationSource
7ffcd085a9a0     12        480 System.Reflection.CustomAttributeType
7ffcd2a758f0     15        480 System.Linq.Expressions.Expression1<System.Func<Order.Business.Mediator.Commands.OrderFront.UpdateSubOrderFrontViewModel, System.String>>
7ffcd2a9ad68     15        480 System.Linq.Expressions.Expression1<System.Func<Order.Infrastructure.Data.Readonlys.CompanyBuMapping.GetCompanyBuMappingByIdViewModelDto, System.String>>
7ffcd2aa5ba8     15        480 System.Linq.Expressions.Expression1<System.Func<Order.Business.Mediator.Queries.CompanyBUMapping.GetCompanyBuMappingsQuery, System.String>>
7ffcd2b59de0      6        480 AutoMapper.ConstructorParameterMap
7ffcd1672570     20        480 System.Diagnostics.DebuggerBrowsableAttribute
7ffcd179d420      5        480 System.Threading.TimerQueueTimer
7ffcd1b3c148      2        480 System.Net.Http.HttpConnectionSettings
7ffcd3383690     15        480 Microsoft.EntityFrameworkCore.ChangeTracking.EntryCurrentValueComparer<System.Int64>
7ffcd2df7950      2        496 System.Text.Json.Serialization.Metadata.JsonPropertyInfo<Order.Business.Mediator.Commands.Order.GetSubOrderCommand>
7ffcd2df8328      2        496 System.Text.Json.Serialization.Metadata.JsonPropertyInfo<MediatR.IRequest<CommonApiMessage.AggregatesModel.SubOrderMessage.SubOrderMessageViewModel>>
7ffcd2df8b78      2        496 System.Text.Json.Serialization.Metadata.JsonPropertyInfo<MediatR.IBaseRequest>
7ffcd2ea6588      2        496 Microsoft.EntityFrameworkCore.SqlServer.Storage.Internal.SqlServerFloatTypeMapping
7ffcd1f8e878      2        496 System.Text.Json.Serialization.Metadata.JsonPropertyInfo<System.Collections.Generic.IEnumerable<Swashbuckle.AspNetCore.SwaggerUI.UrlDescriptor>>
7ffcd1f8fce0      2        496 System.Text.Json.Serialization.Metadata.JsonPropertyInfo<Swashbuckle.AspNetCore.SwaggerUI.ModelRendering>
7ffcd1fb4068      2        496 System.Text.Json.Serialization.Metadata.JsonPropertyInfo<Swashbuckle.AspNetCore.SwaggerUI.DocExpansion>
7ffcd1fb7c60      2        496 System.Text.Json.Serialization.Metadata.JsonPropertyInfo<System.Nullable<System.Int32>>
7ffcd1fb99a0      2        496 System.Text.Json.Serialization.Metadata.JsonPropertyInfo<System.Collections.Generic.IEnumerable<Swashbuckle.AspNetCore.SwaggerUI.SubmitMethod>>
7ffcd1fbab58      2        496 System.Text.Json.Serialization.Metadata.JsonPropertyInfo<System.Collections.Generic.Dictionary<System.String, System.Object>>
7ffcd1fd4eb0      2        496 System.Text.Json.Serialization.Metadata.JsonPropertyInfo<System.Collections.Generic.IEnumerable<System.String>>
7ffcd1fd6068      2        496 System.Text.Json.Serialization.Metadata.JsonPropertyInfo<System.Collections.Generic.Dictionary<System.String, System.String>>
7ffcd42a2420      2        496 System.Text.Json.Serialization.Metadata.JsonPropertyInfo<CommonApiMessage.AggregatesModel.SubOrderMessage.SubOrderMessageViewModel>
7ffcd42b8b60      2        496 System.Text.Json.Serialization.Metadata.JsonPropertyInfo<CommonApiMessage.AggregatesModel.SubOrderMessage.SubOrderMessageRemarkViewModel>
7ffcd42b9f48      2        496 System.Text.Json.Serialization.Metadata.JsonPropertyInfo<CommonApiMessage.AggregatesModel.SubOrderMessage.SubOrderMessageAddressViewModel>
7ffcd42beb60      2        496 System.Text.Json.Serialization.Metadata.JsonPropertyInfo<CommonApiMessage.AggregatesModel.SubOrderMessage.SubOrderMessageItemViewModel>
7ffcd4306aa0      2        496 System.Text.Json.Serialization.Metadata.JsonPropertyInfo<CommonApiMessage.AggregatesModel.SubOrderMessage.SubOrderMessageItemDeliveryWindowViewModel>
7ffcd4307e88      2        496 System.Text.Json.Serialization.Metadata.JsonPropertyInfo<CommonApiMessage.AggregatesModel.SubOrderMessage.SubOrderMessageItemFulFillmentServiceTypeViewModel>
7ffcd430ae88      2        496 System.Text.Json.Serialization.Metadata.JsonPropertyInfo<CommonApiMessage.AggregatesModel.SubOrderMessage.SubOrderMessageItemRemarkViewModel>
7ffcd430f710      2        496 System.Text.Json.Serialization.Metadata.JsonPropertyInfo<CommonApiMessage.AggregatesModel.SubOrderMessage.SubOrderMessageItemTaxViewModel>
7ffcd4312c30      2        496 System.Text.Json.Serialization.Metadata.JsonPropertyInfo<CommonApiMessage.AggregatesModel.SubOrderMessage.SubOrderMessageItemPaymentViewModel>
7ffcd4314018      2        496 System.Text.Json.Serialization.Metadata.JsonPropertyInfo<CommonApiMessage.AggregatesModel.SubOrderMessage.SubOrderMessageItemSubBarcodeViewModel>
7ffcd4315400      2        496 System.Text.Json.Serialization.Metadata.JsonPropertyInfo<CommonApiMessage.AggregatesModel.SubOrderMessage.SubOrderMessageItemPromotionsViewModel>
7ffcd43167e8      2        496 System.Text.Json.Serialization.Metadata.JsonPropertyInfo<CommonApiMessage.AggregatesModel.OrderMessage.OrderMessagePaymentViewModel>
7ffcd431a9a0      2        496 System.Text.Json.Serialization.Metadata.JsonPropertyInfo<CommonApiMessage.AggregatesModel.OrderMessage.OrderMessagePaymentTransactionViewModel>
7ffcd431bd88      2        496 System.Text.Json.Serialization.Metadata.JsonPropertyInfo<CommonApiMessage.AggregatesModel.OrderMessage.OrderMessageCustomerViewModel>
7ffcd431d170      2        496 System.Text.Json.Serialization.Metadata.JsonPropertyInfo<CommonApiMessage.AggregatesModel.OrderMessage.OrderMessageItemViewModel>
7ffcd4333de8      2        496 System.Text.Json.Serialization.Metadata.JsonPropertyInfo<CommonApiMessage.AggregatesModel.OrderMessage.OrderMessageItemDeliveryWindowViewModel>
7ffcd43351d0      2        496 System.Text.Json.Serialization.Metadata.JsonPropertyInfo<CommonApiMessage.AggregatesModel.OrderMessage.OrderMessageItemFulFillmentServiceTypeViewModel>
7ffcd43365b8      2        496 System.Text.Json.Serialization.Metadata.JsonPropertyInfo<CommonApiMessage.AggregatesModel.OrderMessage.OrderMessageItemRemarkViewModel>
7ffcd433ca58      2        496 System.Text.Json.Serialization.Metadata.JsonPropertyInfo<CommonApiMessage.AggregatesModel.OrderMessage.OrderMessageItemTaxViewModel>
7ffcd433de40      2        496 System.Text.Json.Serialization.Metadata.JsonPropertyInfo<CommonApiMessage.AggregatesModel.OrderMessage.OrderMessageItemPaymentViewModel>
7ffcd433f228      2        496 System.Text.Json.Serialization.Metadata.JsonPropertyInfo<CommonApiMessage.AggregatesModel.OrderMessage.OrderMessageSubBarcodeViewModel>
7ffcd4342c30      2        496 System.Text.Json.Serialization.Metadata.JsonPropertyInfo<CommonApiMessage.AggregatesModel.OrderMessage.OrderMessageItemPromotionsViewModel>
7ffcd4344018      2        496 System.Text.Json.Serialization.Metadata.JsonPropertyInfo<CommonApiMessage.AggregatesModel.OrderMessage.OrderMessagePromotionViewModel>
7ffcd4348a68      2        496 System.Text.Json.Serialization.Metadata.JsonPropertyInfo<CommonApiMessage.AggregatesModel.SubOrderMessage.SubOrderMessagePromotionViewModel>
7ffcd434d4b8      2        496 System.Text.Json.Serialization.Metadata.JsonPropertyInfo<CommonApiMessage.AggregatesModel.SubOrderMessage.SubOrderMessageFeeViewModel>
7ffcd4356410      2        496 System.Text.Json.Serialization.Metadata.JsonPropertyInfo<CommonApiMessage.AggregatesModel.SubOrderMessage.SubOrderMessageFeeTaxViewModel>
7ffcd43578b8      2        496 System.Text.Json.Serialization.Metadata.JsonPropertyInfo<CommonApiMessage.AggregatesModel.SubOrderMessage.SubOrderMessageFeePaymentViewModel>
7ffcd4358cf8      2        496 System.Text.Json.Serialization.Metadata.JsonPropertyInfo<CommonApiMessage.AggregatesModel.Package.PackageInfoMessageViewModel>
7ffcd435bcf8      2        496 System.Text.Json.Serialization.Metadata.JsonPropertyInfo<CommonApiMessage.AggregatesModel.OrderMessage.OrderMessageAddressViewModel>
7ffcd4380a70      2        496 System.Text.Json.Serialization.Metadata.JsonPropertyInfo<CommonApiMessage.AggregatesModel.Package.PackageTbMessage>
7ffcd3f62208     21        504 Microsoft.EntityFrameworkCore.Storage.ExecutionStrategy+<>c__DisplayClass28_0<Microsoft.EntityFrameworkCore.Query.Internal.SingleQueryingEnumerable<Order.Infrastructure.Entities.OrderReference.OrderReferenceModel>+Enumerator, System.Boolean>
7ffcd09db9b8     21        504 Microsoft.Extensions.DependencyInjection.OptionsBuilderExtensions+<>c__DisplayClass0_0<Microsoft.Extensions.DependencyInjection.MetricsServiceExtensions+NoOpOptions>
7ffcd1275770      7        504 System.Diagnostics.Metrics.Histogram<System.Double>
7ffcd07f5190      9        504 System.IO.BinaryReader
7ffcd0c55848      3        504 Order.API.MappingProfiles.OrderFront.CreateOrderFrontProfile
7ffcd0c55950      3        504 Order.API.MappingProfiles.OrderFront.OrderFrontMappingProfile
7ffcd0c57688      3        504 Order.API.MappingProfiles.OrderFront.UpdateOrderFrontProfile
7ffcd0c57790      3        504 Order.API.MappingProfiles.OrderFront.UpdateSubOrderFrontProfile
7ffcd0c57898      3        504 Order.API.MappingProfiles.CompanyBuMapping.GetCompanyBuMappingByIdProfile
7ffcd0c579a0      3        504 Order.API.MappingProfiles.CompanyBuMapping.GetCompanyBuMappingProfile
7ffcd0c57aa8      3        504 Order.API.MappingProfiles.CompanyBuMapping.GetCompanyBuMappingsQueryProfile
7ffcd2b6d4c8      5        504 AutoMapper.PathMap[]
7ffcd16857f0     21        504 System.Runtime.CompilerServices.DynamicAttribute
7ffcd1cd76c8      7        504 System.Collections.Concurrent.ConcurrentDictionary<System.Text.RegularExpressions.RegexCache+Key, System.Text.RegularExpressions.RegexCache+Node>+Node
7ffcd0b40a10      3        504 Order.API.MappingProfiles.SubOrderMappingProfile
7ffcd0c55320      3        504 Order.API.MappingProfiles.RoleChannelMapping.CreateRoleChannelMappingProfile
7ffcd0c55428      3        504 Order.API.MappingProfiles.RoleChannelMapping.GetRoleChannelMappingsQueryProfile
7ffcd0c55530      3        504 Order.API.MappingProfiles.Order.GetOrderDeliveryNoteByPackingIdProfile
7ffcd0c55638      3        504 Order.API.MappingProfiles.Order.GetOrderDeliveryNoteProfile
7ffcd0c55740      3        504 Order.API.MappingProfiles.OrderFront.CreateOrderFrontManualProfile
7ffcd0b40018      3        504 AutoMapper.Profile
7ffcd0b40340      3        504 Order.API.MappingProfiles.OrderMappingProfile
7ffcd33f8e30      9        504 Microsoft.EntityFrameworkCore.Diagnostics.EventDefinition<System.String, System.String>
7ffcd2e4fa28     16        512 System.Collections.Generic.List<Order.Infrastructure.Entities.OrderReference.OrderReferenceModel>
7ffcd0b4f268      8        512 System.Func<Microsoft.Extensions.DependencyInjection.ServiceDescriptor, System.Boolean>
7ffcd2eac208      2        512 Microsoft.EntityFrameworkCore.SqlServer.Storage.Internal.SqlServerTimeOnlyTypeMapping
7ffcd144b2d8     16        512 Microsoft.AspNetCore.Server.Kestrel.Transport.Sockets.Internal.IOQueue
7ffcd056f6e8      1        520 System.Threading.PortableThreadPool
7ffcd072f5c8     13        520 Microsoft.Extensions.DependencyModel.ResourceAssembly
7ffcd0966378     13        520 System.Reflection.CerHashtable<System.String, System.Reflection.RuntimeFieldInfo[]>+Table
7ffcd3ff5ca0     13        520 System.Linq.Expressions.Expression2<System.Func<System.Data.Common.DbDataReader, System.Int32[], System.Boolean>>
7ffcd422a8d0     11        528 System.Linq.CollectionLookup<<>f__AnonymousType14<System.String>, CommonApiMessage.AggregatesModel.SubOrderMessage.SubOrderMessageViewModel>
7ffcd293c060     11        528 CommonApiMessage.AggregatesModel.OrderMessage.OrderMessagePaymentViewModel
7ffcd25af018     11        528 Microsoft.AspNetCore.WebUtilities.FileBufferingReadStream+<>c__DisplayClass46_0
7ffcd2631360     11        528 Microsoft.AspNetCore.Mvc.ActionConstraints.ActionConstraintContext
7ffcd12b7df8     11        528 Microsoft.AspNetCore.Mvc.ActionContext
7ffcd266d468     11        528 System.Collections.Generic.TreeSet<System.Collections.Generic.KeyValuePair<System.Type, System.ValueTuple<Microsoft.EntityFrameworkCore.Infrastructure.IDbContextOptionsExtension, System.Int32>>>
7ffcd2de9f90     11        528 Microsoft.AspNetCore.Mvc.ModelBinding.RouteValueProvider
7ffcd2deeb38     22        528 Microsoft.AspNetCore.Mvc.ModelBinding.Validation.ValidationStateDictionary
7ffcd2e29800     11        528 System.Linq.Enumerable+ReverseIterator<MediatR.IPipelineBehavior<Order.Business.Mediator.Commands.Order.GetSubOrderCommand, CommonApiMessage.AggregatesModel.SubOrderMessage.SubOrderMessageViewModel>>
7ffcd3f6c6d8     11        528 System.Linq.CollectionLookup<System.String, Order.Infrastructure.Entities.OrderReference.OrderReferenceModel>
7ffcd3f6ced8     11        528 <>f__AnonymousType12<System.String, System.String, System.String, System.String, System.String, System.String>[]
7ffcd068dd08      9        528 System.IDisposable[]
7ffcd06ef390      6        528 System.Buffers.SharedArrayPoolPartitions+Partition[]
7ffcd188bc28      6        528 System.Threading.Channels.SingleConsumerUnboundedChannel<RabbitMQ.Client.Impl.Work>
7ffcd1889a30      6        528 RabbitMQ.Client.Events.AsyncEventingBasicConsumer
7ffcd2b8bb80      1        536 System.Dynamic.Utils.CacheDict<System.Type, System.Func<System.Linq.Expressions.Expression, System.String, System.Boolean, System.Collections.ObjectModel.ReadOnlyCollection<System.Linq.Expressions.ParameterExpression>, System.Linq.Expressions.LambdaExpression>>+Entry[]
7ffcd177e668      1        536 System.Memory<System.Byte>[]
7ffcd19ea510      1        536 System.Xml.Linq.XHashtable<System.WeakReference<System.Xml.Linq.XNamespace>>+XHashtableState+Entry[]
7ffcd1b9bb70      1        536 System.WeakReference<System.Text.Json.JsonSerializerOptions+CachingContext>[]
7ffcd25de198      1        536 System.Collections.Concurrent.ConcurrentQueueSegment<Microsoft.AspNetCore.Routing.UriBuildingContext>+Slot[]
7ffcd3de7950      1        536 System.Collections.Concurrent.ConcurrentQueueSegment<Microsoft.Data.SqlClient.ConnectionPool.WaitHandleDbConnectionPool+PendingGetConnection>+Slot[]
7ffcd29fc260     17        544 System.Collections.Generic.List<Order.Infrastructure.Entities.SubOrderModels.SubOrderItemDeliveryWindowModel>
7ffcd1f86038     17        544 Microsoft.AspNetCore.Authentication.AuthenticationFeature
7ffcd1481948     17        544 Autofac.Extensions.DependencyInjection.AutofacServiceScope
7ffcd0c37368     17        544 Microsoft.AspNetCore.Authentication.AuthenticationHandlerProvider
7ffcd2632a50     17        544 Microsoft.AspNetCore.Mvc.Infrastructure.CopyOnWriteList<Microsoft.AspNetCore.Mvc.ModelBinding.IValueProviderFactory>
7ffcd0f379a0     17        544 MediatR.Mediator
7ffcd2df1020     17        544 System.Collections.Generic.List<Microsoft.AspNetCore.Mvc.ModelBinding.ModelStateDictionary+ModelStateNode>
7ffcd0cd2a38     17        544 Order.API.Controllers.OrderController+<>c__DisplayClass11_0
7ffcd0e9e0d0     17        544 Order.Business.Mediator.Commands.Order.GetSubOrderCommand
7ffcd2dff828     17        544 FluentValidation.IValidator<Order.Business.Mediator.Commands.Order.GetSubOrderCommand>[]
7ffcd2e15500     17        544 System.Collections.Generic.List<FluentValidation.IValidationRuleInternal<Order.Business.Mediator.Commands.Order.GetSubOrderCommand>>
7ffcd2e15df8     17        544 System.Linq.Expressions.Expression1<System.Func<Order.Business.Mediator.Commands.Order.GetSubOrderCommand, Order.Business.Mediator.Commands.Order.GetSubOrderCommand>>
7ffcd2e25290     17        544 System.Collections.Generic.List<FluentValidation.Internal.RuleComponent<Order.Business.Mediator.Commands.Order.GetSubOrderCommand, Order.Business.Mediator.Commands.Order.GetSubOrderCommand>>
7ffcd0ff7198     17        544 Order.Business.Mediator.Handlers.Order.GetSubOrderHandler+<>c__DisplayClass5_0
7ffcd2b2d578     17        544 System.Collections.Generic.List<CommonApiMessage.AggregatesModel.SubOrderMessage.SubOrderMessageViewModel>
7ffcd26eeee8     17        544 Microsoft.EntityFrameworkCore.Diagnostics.Internal.ScopedLoggerFactory
7ffcd277c018     17        544 Microsoft.EntityFrameworkCore.Diagnostics.Internal.DbConnectionInterceptorAggregator
7ffcd277c588     17        544 Microsoft.EntityFrameworkCore.Diagnostics.Internal.DbTransactionInterceptorAggregator
7ffcd277cc20     17        544 Microsoft.EntityFrameworkCore.Diagnostics.Internal.DbCommandInterceptorAggregator
7ffcd27a13c8     17        544 Microsoft.EntityFrameworkCore.Diagnostics.Internal.SaveChangesInterceptorAggregator
7ffcd27a1810     17        544 Microsoft.EntityFrameworkCore.Diagnostics.Internal.IdentityResolutionInterceptorAggregator
7ffcd27a1b30     17        544 Microsoft.EntityFrameworkCore.Diagnostics.Internal.QueryExpressionInterceptorAggregator
7ffcd278bff0     17        544 Microsoft.EntityFrameworkCore.ChangeTracking.Internal.EntityGraphAttacher
7ffcd27a0960     17        544 Microsoft.EntityFrameworkCore.Query.Internal.EntityQueryProvider
7ffcd2751f70     17        544 Microsoft.EntityFrameworkCore.SqlServer.Storage.Internal.SqlServerExecutionStrategyFactory
7ffcd0700018     17        544 System.Collections.Generic.List<System.Exception>
7ffcd27795d8     17        544 Microsoft.EntityFrameworkCore.Query.Internal.RelationalQueryContextFactory
7ffcd2788600     17        544 Microsoft.EntityFrameworkCore.Query.RelationalQueryContextDependencies
7ffcd278aec0     17        544 Microsoft.EntityFrameworkCore.Metadata.Conventions.Internal.RuntimeConventionSetBuilder
7ffcd2783240     17        544 Microsoft.EntityFrameworkCore.Metadata.Conventions.Infrastructure.RelationalConventionSetBuilderDependencies
7ffcd2f79d08     17        544 System.Collections.Generic.List<Microsoft.EntityFrameworkCore.Metadata.Conventions.Infrastructure.IConventionSetPlugin>
7ffcd277de20     17        544 Microsoft.EntityFrameworkCore.Query.Internal.RelationalQueryTranslationPreprocessorFactory
7ffcd27539a8     17        544 Microsoft.EntityFrameworkCore.SqlServer.Query.Internal.SqlServerSqlTranslatingExpressionVisitorFactory
7ffcd2785ab0     17        544 Microsoft.EntityFrameworkCore.Query.RelationalMemberTranslatorProviderDependencies
7ffcd37bbc98     17        544 Microsoft.EntityFrameworkCore.SqlServer.Query.Internal.SqlServerDateTimeMemberTranslator
7ffcd37beac8     17        544 Microsoft.EntityFrameworkCore.SqlServer.Query.Internal.SqlServerDateDiffFunctionsTranslator
7ffcd37bec38     17        544 Microsoft.EntityFrameworkCore.SqlServer.Query.Internal.SqlServerDateOnlyMethodTranslator
7ffcd37bedd8     17        544 Microsoft.EntityFrameworkCore.SqlServer.Query.Internal.SqlServerDateTimeMethodTranslator
7ffcd37befa8     17        544 Microsoft.EntityFrameworkCore.SqlServer.Query.Internal.SqlServerFromPartsFunctionTranslator
7ffcd37bf858     17        544 Microsoft.EntityFrameworkCore.SqlServer.Query.Internal.SqlServerObjectToStringTranslator
7ffcd37bfb68     17        544 Microsoft.EntityFrameworkCore.SqlServer.Query.Internal.SqlServerStringMethodTranslator
7ffcd37daa88     17        544 Microsoft.EntityFrameworkCore.SqlServer.Query.Internal.SqlServerStatisticsAggregateMethodTranslator
7ffcd37dabe8     17        544 Microsoft.EntityFrameworkCore.SqlServer.Query.Internal.SqlServerStringAggregateMethodTranslator
7ffcd2754fc0     17        544 Microsoft.EntityFrameworkCore.SqlServer.Query.Internal.SqlServerQueryTranslationPostprocessorFactory
7ffcd27873b0     17        544 Microsoft.EntityFrameworkCore.Query.RelationalQueryTranslationPostprocessorDependencies
7ffcd277d420     17        544 Microsoft.EntityFrameworkCore.Query.Internal.RelationalShapedQueryCompilingExpressionVisitorFactory
7ffcd2755248     17        544 Microsoft.EntityFrameworkCore.SqlServer.Query.Internal.SqlServerParameterBasedSqlProcessorFactory
7ffcd37f1720     17        544 System.Collections.Generic.List<Microsoft.EntityFrameworkCore.Query.LiftableConstantProcessor+LiftedConstant>
7ffcd37f1d50     17        544 Microsoft.EntityFrameworkCore.Query.LiftableConstantProcessor+LiftedExpressionProcessor
7ffcd273bc80     17        544 Microsoft.EntityFrameworkCore.SqlServer.Update.Internal.SqlServerModificationCommandBatchFactory
7ffcd2777310     17        544 Microsoft.EntityFrameworkCore.Update.Internal.BatchExecutor
7ffcd37f94d0     17        544 System.Collections.Generic.List<System.Action<Microsoft.EntityFrameworkCore.ChangeTracking.Internal.InternalEntityEntry, Microsoft.EntityFrameworkCore.EntityState>>
7ffcd37fe260     17        544 System.Collections.Generic.List<Microsoft.EntityFrameworkCore.Diagnostics.IInterceptor>
7ffcd27adcb8     17        544 Microsoft.EntityFrameworkCore.Metadata.AdHocMapperDependencies
7ffcd1abcb58     17        544 System.UriParser+BuiltInUriParser
7ffcd3805ab8     23        552 System.Runtime.CompilerServices.TrueReadOnlyCollection<System.Reflection.MemberInfo>
7ffcd0b48870     23        552 System.Runtime.InteropServices.ClassInterfaceAttribute
7ffcd0940248     11        560 System.UInt32[][]
7ffcd1481198     10        560 Microsoft.AspNetCore.Builder.UseMiddlewareExtensions+ReflectionMiddlewareBinder
7ffcd183c5b0      7        560 RabbitMQ.Client.Impl.CommandAssembler
7ffcd183e2b8      7        560 System.Collections.Generic.Dictionary<System.String, RabbitMQ.Client.IBasicConsumer>
7ffcd1fcb508     10        560 System.Text.Json.Serialization.Converters.EnumConverter<Swashbuckle.AspNetCore.SwaggerUI.SubmitMethod>+EnumFieldInfo[]
7ffcd2924f88      2        560 AutoMapper.Profile[]
7ffcd427d6d8     18        576 System.Linq.Expressions.Expression1<System.Func<Order.Infrastructure.Entities.OrderModels.OrderPromotionModel, System.Boolean>>
7ffcd13bf638     18        576 System.Collections.Generic.Stack<System.Object>
7ffcd0d619b0     18        576 Swashbuckle.AspNetCore.SwaggerGen.SchemaGenerator
7ffcd0e964d0     18        576 Utility.Package.UtilityServices.SignatureService
7ffcd2785e90     18        576 Microsoft.EntityFrameworkCore.Query.SqlExpressionFactoryDependencies
7ffcd0b48938     24        576 System.Runtime.InteropServices.ComVisibleAttribute
7ffcd1194d10     12        576 System.Collections.Concurrent.ConcurrentDictionary<System.String, Autofac.Core.IReflectionCache>+Node
7ffcd11c09c0     12        576 Autofac.Builder.RegistrationBuilder<System.Object, Autofac.Builder.ReflectionActivatorData, Autofac.Builder.DynamicRegistrationStyle>
7ffcd14df718      9        576 System.Resources.RuntimeResourceSet
7ffcd29e8af0     24        576 AutoMapper.Configuration.MemberConfigurationExpression<Order.Business.Model.Request.Order.OrderFeeViewModel, Order.Infrastructure.Entities.OrderModels.OrderFeeModel, System.String>+<>c__DisplayClass24_0
7ffcd29f77b0     24        576 AutoMapper.Configuration.MemberConfigurationExpression<Order.Business.Model.Request.Order.OrderFeeViewModel, Order.Infrastructure.Entities.SubOrderModels.SubOrderFeeModel, System.String>+<>c__DisplayClass24_0
7ffcd2a1b148      9        576 AutoMapper.Configuration.MemberConfigurationExpression<Order.Business.Mediator.Commands.OrderFront.CreateOrderPaymentFrontViewModel, Order.Infrastructure.Entities.OrderModels.OrderPaymentModel, System.String>
7ffcd1213448     24        576 System.Linq.Expressions.PrimitiveParameterExpression<System.Boolean>
7ffcd16e2c98      9        576 System.Func<Order.Business.Model.Order.PosOrder.GetPosOrderRequestJsonModel, System.String>
7ffcd16e2e28      9        576 System.Action<Order.Business.Model.Order.PosOrder.GetPosOrderRequestJsonModel, System.String>
7ffcd17333e8      6        576 EventBus.RabbitMQ.EventBusRabbitMQConsumeWorker
7ffcd188ab38      6        576 System.Collections.Generic.Dictionary<System.String, RabbitMQ.Client.IBasicConsumer>+Entry[]
7ffcd188d2c0      6        576 System.Threading.Channels.BlockedReadAsyncOperation<RabbitMQ.Client.Impl.Work>
7ffcd176ecd8      6        576 RabbitMQ.Client.Impl.AutorecoveringModel
7ffcd18e97d8      9        576 System.Action<System.IntPtr, System.IntPtr[], System.UIntPtr, System.IntPtr, System.IntPtr>
7ffcd1b1ea48     24        576 Microsoft.AspNetCore.Routing.SuppressLinkGenerationMetadata
7ffcd1d65d48      9        576 System.Action<Microsoft.OpenApi.Writers.IOpenApiWriter, Microsoft.OpenApi.Models.OpenApiSchema>
7ffcd1fd9258      9        576 System.Action<Microsoft.Extensions.Logging.ILogger, System.Exception>
7ffcd29e2b00      9        576 AutoMapper.Configuration.MemberConfigurationExpression<Order.Business.Mediator.Commands.OrderFront.CreateOrderPaymentFrontManualViewModel, Order.Infrastructure.Entities.OrderModels.OrderPaymentModel, System.String>
7ffcd2a393d8      9        576 System.Action<AutoMapper.Configuration.IPathConfigurationExpression<Order.Infrastructure.Entities.OrderModels.OrderModel, Order.Domain.AggregatesModel.FrontAPI.Order.OrderDetailFrontView, System.String>>
7ffcd338c858     18        576 System.Linq.Expressions.Expression1<System.Func<System.Decimal, System.Int32>>
7ffcd338cad0     18        576 System.Linq.Expressions.Expression1<System.Func<System.Decimal, System.Decimal>>
7ffcd33f99a0      9        576 System.Func<Microsoft.Extensions.Logging.LogLevel, System.Action<Microsoft.Extensions.Logging.ILogger, System.String, System.String, System.Exception>>
7ffcd33f98a0      9        576 System.Action<Microsoft.Extensions.Logging.ILogger, System.String, System.String, System.Exception>
7ffcd430be78      9        576 System.Func<System.Object, CommonApiMessage.AggregatesModel.SubOrderMessage.SubOrderMessageItemAmountDetailViewModel>
7ffcd430c670      9        576 System.Action<System.Object, CommonApiMessage.AggregatesModel.SubOrderMessage.SubOrderMessageItemAmountDetailViewModel>
7ffcd43375a8      9        576 System.Func<System.Object, CommonApiMessage.AggregatesModel.OrderMessage.OrderMessageItemAmountDetailViewModel>
7ffcd4337da0      9        576 System.Action<System.Object, CommonApiMessage.AggregatesModel.OrderMessage.OrderMessageItemAmountDetailViewModel>
7ffcd418c410     11        584 Order.Infrastructure.Entities.Package.PackageInfoModel[]
7ffcd416faf0     15        600 System.Collections.Generic.HashSet<Order.Infrastructure.Entities.SubOrderModels.SubOrderAddressModel>+Enumerator
7ffcd416fd50     15        600 System.Collections.Generic.HashSet<Order.Infrastructure.Entities.SubOrderModels.SubOrderItemModel>+Enumerator
7ffcd41807c0     15        600 System.Collections.Generic.HashSet<Order.Infrastructure.Entities.SubOrderModels.SubOrderItemPayModel>+Enumerator
7ffcd1617ea0     15        600 Order.Domain.AggregatesModel.SubOrder.SubOrderRepository+<>c__DisplayClass51_0
7ffcd4183280     15        600 Microsoft.EntityFrameworkCore.Query.Internal.QueryCompiler+<>c__DisplayClass11_0<System.Collections.Generic.IEnumerable<Order.Infrastructure.Entities.StoreLocation.StoreLocationModel>>
7ffcd418c778     15        600 Microsoft.EntityFrameworkCore.Query.Internal.QueryCompiler+<>c__DisplayClass11_0<System.Collections.Generic.IEnumerable<Order.Infrastructure.Entities.Package.PackageInfoModel>>
7ffcd42008e0     15        600 Microsoft.EntityFrameworkCore.Query.Internal.QueryCompiler+<>c__DisplayClass11_0<System.Collections.Generic.IEnumerable<Order.Infrastructure.Entities.Package.PackageTbModel>>
7ffcd040a870     25        600 System.Diagnostics.Tracing.TraceLoggingEventHandleTable
7ffcd0417580     25        600 System.WeakReference<System.Diagnostics.Tracing.EventSource>
7ffcd1cb6640     19        608 System.Tuple<Swashbuckle.AspNetCore.SwaggerGen.DataType, System.String>
7ffcd422a4b0     11        616 System.Linq.Enumerable+IteratorSelectIterator<System.Linq.IGrouping<<>f__AnonymousType14<System.String>, CommonApiMessage.AggregatesModel.SubOrderMessage.SubOrderMessageViewModel>, System.String>
7ffcd0c325f0     11        616 Microsoft.AspNetCore.Mvc.ObjectResult
7ffcd0780c78     11        616 System.Collections.Generic.Dictionary<System.String, System.String>+Enumerator
7ffcd1616518     11        616 Order.Domain.AggregatesModel.SubOrder.SubOrderRepository+<>c__DisplayClass21_1
7ffcd3e1c210     26        624 Microsoft.Data.SqlClient.LastIOTimer
7ffcd0783068      2        624 System.Globalization.NumberFormatInfo
7ffcd141aea0     26        624 Serilog.Extensions.Logging.SerilogLoggerProvider+ScopeCollector
7ffcd363e9f0     26        624 System.Threading.ThreadLocal<Serilog.Extensions.Logging.SerilogLoggerProvider+ScopeCollector>+FinalizationHelper
7ffcd2ec77a0      2        624 System.Collections.Generic.Dictionary<System.Type, Microsoft.EntityFrameworkCore.Storage.RelationalTypeMapping>+Entry[]
7ffcd3e82490     26        624 Microsoft.Data.SqlClient.SqlCollation
7ffcd3e878e8     26        624 Microsoft.Data.SqlClient.SqlLoginAck
7ffcd42fbac0     26        624 System.Text.Json.Serialization.Metadata.JsonPropertyInfo<System.Nullable<System.Decimal>>+<>c__DisplayClass9_0
7ffcd42fc268     26        624 System.Text.Json.Serialization.Metadata.JsonPropertyInfo<System.Nullable<System.Decimal>>+<>c__DisplayClass10_0
7ffcd3deabc8     26        624 Microsoft.Data.SqlClient.SqlInternalConnectionTds+SyncAsyncLock
7ffcd0362568     26        624 System.WeakReference
7ffcd3a72b58     13        624 System.Collections.Concurrent.ConcurrentDictionary<System.Type, System.Reflection.MethodInfo>+Node
7ffcd427c170     12        640 CommonApiMessage.AggregatesModel.OrderMessage.OrderMessagePaymentTransactionViewModel[]
7ffcd427bfd0     12        640 CommonApiMessage.AggregatesModel.OrderMessage.OrderMessagePaymentViewModel[]
7ffcd3efd5b8     16        640 Microsoft.EntityFrameworkCore.Query.Internal.QueryCompiler+<>c__DisplayClass11_0<System.Collections.Generic.IEnumerable<Order.Infrastructure.Entities.OrderReference.OrderReferenceModel>>
7ffcd416f0f8      5        640 Microsoft.EntityFrameworkCore.Query.Internal.SingleQueryingEnumerable<Order.Infrastructure.Entities.OrderItemInformation.OrderItemOtherInfoModel>+Enumerator
7ffcd0990018     20        640 System.Collections.Generic.List<System.Reflection.PropertyInfo>
7ffcd41ff0f8     10        640 System.Func<Order.Infrastructure.Entities.Package.PackageTbModel, System.Boolean>
7ffcd42313f0     10        640 System.Func<System.Linq.IQueryable<Order.Infrastructure.Entities.OrderModels.OrderModel>, System.Linq.Expressions.Expression<System.Func<Order.Infrastructure.Entities.OrderModels.OrderModel, System.Boolean>>, System.Linq.IQueryable<Order.Infrastructure.Entities.OrderModels.OrderModel>>
7ffcd42314f8     10        640 System.Func<System.Linq.IQueryable<Order.Infrastructure.Entities.OrderModels.OrderModel>, Order.Infrastructure.Entities.OrderModels.OrderModel>
7ffcd4231c48     10        640 System.Func<System.Func<Microsoft.EntityFrameworkCore.Query.QueryContext, Order.Infrastructure.Entities.OrderModels.OrderModel>>
7ffcd42542f8      5        640 Microsoft.EntityFrameworkCore.Query.Internal.SingleQueryingEnumerable<Order.Infrastructure.Entities.OrderModels.OrderModel>+Enumerator
7ffcd423cc20     10        640 System.Func<Microsoft.EntityFrameworkCore.Query.QueryContext, System.Data.Common.DbDataReader, Microsoft.EntityFrameworkCore.Query.Internal.ResultContext, Microsoft.EntityFrameworkCore.Query.Internal.SingleQueryResultCoordinator, Order.Infrastructure.Entities.OrderModels.OrderCustomerModel>
7ffcd423f0f0     10        640 System.Action<Order.Infrastructure.Entities.OrderModels.OrderModel, Order.Infrastructure.Entities.OrderModels.OrderCustomerModel>
7ffcd262b420     12        640 Microsoft.AspNetCore.Routing.Tree.UrlMatchingNode[]
7ffcd3806780     12        640 <>f__AnonymousType11<System.String, System.String>[]
7ffcd429e638     12        640 CommonApiMessage.AggregatesModel.OrderMessage.OrderMessageCustomerViewModel[]
7ffcd067ff60      2        640 System.Collections.Concurrent.ConcurrentDictionary<Microsoft.Extensions.FileProviders.IPollingChangeToken, Microsoft.Extensions.FileProviders.IPollingChangeToken>+VolatileNode[]
7ffcd06e4b10      8        640 System.Buffers.AsciiByteSearchValues<System.Buffers.SearchValues+FalseConst>
7ffcd0a55808     10        640 System.Action<Microsoft.Extensions.DependencyInjection.IServiceCollection>
7ffcd1a2cd48     10        640 System.Func<Microsoft.AspNetCore.Cryptography.SafeHandles.BCryptAlgorithmHandle>
7ffcd05abc88     16        640 System.Threading.ManualResetEventSlim
7ffcd14af388     10        640 System.Func<System.String>
7ffcd14efb58      2        640 System.Collections.Concurrent.ConcurrentDictionary<System.Type, System.ValueTuple<System.Func<System.Reflection.ParameterInfo, System.Linq.Expressions.Expression>, System.Int32>>+VolatileNode[]
7ffcd14f03c8      2        640 System.Collections.Concurrent.ConcurrentDictionary<System.Type, System.ValueTuple<System.Reflection.ConstructorInfo, Microsoft.AspNetCore.Http.ParameterBindingMethodCache+ConstructorParameter[]>>+VolatileNode[]
7ffcd12be5a0      2        640 System.Collections.Concurrent.ConcurrentDictionary<System.Type, Microsoft.Extensions.Internal.PropertyActivator<Microsoft.AspNetCore.Mvc.ControllerContext>[]>+VolatileNode[]
7ffcd1349738     10        640 System.Func<Microsoft.AspNetCore.Mvc.Rendering.ViewContext, System.Object>
7ffcd2ec18d0      2        640 System.Collections.Concurrent.ConcurrentDictionary<System.Type, System.Reflection.MethodInfo>+VolatileNode[]
7ffcd1344470      2        640 System.Collections.Concurrent.ConcurrentDictionary<System.String, Microsoft.Extensions.Caching.Memory.CacheEntry>+VolatileNode[]
7ffcd2fd2848      2        640 System.Collections.Concurrent.ConcurrentDictionary<System.Type, System.Reflection.PropertyInfo>+VolatileNode[]
7ffcd134b168      2        640 System.Collections.Concurrent.ConcurrentDictionary<System.Type, Microsoft.Extensions.Internal.PropertyActivator<Microsoft.AspNetCore.Mvc.Rendering.ViewContext>[]>+VolatileNode[]
7ffcd16e33d8     10        640 System.Func<Order.Business.Model.Order.PosOrder.FinishPosRequestJsonModel, System.String>
7ffcd16e3568     10        640 System.Action<Order.Business.Model.Order.PosOrder.FinishPosRequestJsonModel, System.String>
7ffcd18c3fc8     10        640 System.Func<System.Collections.Generic.KeyValuePair<System.String, System.String>, System.Boolean>
7ffcd1b50f28     16        640 System.Collections.Concurrent.ConcurrentQueue<Microsoft.AspNetCore.MemoryPoolBlock>
7ffcd1b50478     16        640 System.Collections.Concurrent.ConcurrentQueue<Microsoft.AspNetCore.Server.Kestrel.Transport.Sockets.Internal.IOQueue+Work>
7ffcd1b4f0f8     16        640 Microsoft.AspNetCore.Server.Kestrel.Transport.Sockets.Internal.SocketSenderPool
7ffcd1b4fd48     16        640 System.Collections.Concurrent.ConcurrentQueue<Microsoft.AspNetCore.Server.Kestrel.Transport.Sockets.Internal.SocketSender>
7ffcd1eff600     10        640 System.Net.Http.HttpMethod
7ffcd29c1718     10        640 System.Action<AutoMapper.IMemberConfigurationExpression<Order.Business.Model.Request.Order.OrderFeeViewModel, Order.Infrastructure.Entities.OrderModels.OrderFeeModel, System.String>>
7ffcd29c7a48     10        640 System.Action<AutoMapper.IMemberConfigurationExpression<Order.Business.Model.Request.Order.OrderFeeViewModel, Order.Infrastructure.Entities.SubOrderModels.SubOrderFeeModel, System.String>>
7ffcd336a170     20        640 System.Linq.Expressions.Expression1<System.Func<System.Int32, System.Int32>>
7ffcd3383ca8      8        640 Microsoft.EntityFrameworkCore.ChangeTracking.ValueComparer+DefaultValueComparer<System.Int64>
7ffcd3827028      2        640 System.Collections.Concurrent.ConcurrentDictionary<System.Object, System.Object>+VolatileNode[]
7ffcd05da410      9        648 System.Threading.Tasks.UnwrapPromise<System.Threading.Tasks.VoidTaskResult>
7ffcd0945de0      4        648 Serilog.Parsing.MessageTemplateToken[]
7ffcd1274e08      9        648 System.Diagnostics.Metrics.UpDownCounter<System.Int64>
7ffcd2a627c0     27        648 AutoMapper.Configuration.PathConfigurationExpression<Order.Infrastructure.Entities.OrderModels.OrderModel, Order.Domain.AggregatesModel.FrontAPI.Order.OrderDetailFrontView, System.String>+<>c__DisplayClass13_0
7ffcd1ab4198     20        656 Microsoft.Extensions.DependencyInjection.ActivatorUtilities+ConstructorInfoEx[]
7ffcd2e25b38     28        672 FluentValidation.Internal.PropertyChain
7ffcd416adb0     21        672 Microsoft.EntityFrameworkCore.Query.Internal.EntityQueryable<Order.Infrastructure.Entities.OrderItemInformation.OrderItemOtherInfoModel>
7ffcd3afa9f8     12        672 Microsoft.Data.SqlClient.ConnectionPool.SqlConnectionPoolKey
7ffcd05a8bd8     28        672 System.Threading.ThreadInt64PersistentCounter+ThreadLocalNodeFinalizationHelper
7ffcd09db0e0     21        672 Microsoft.Extensions.Options.OptionsBuilder<Microsoft.Extensions.DependencyInjection.MetricsServiceExtensions+NoOpOptions>
7ffcd09db670     21        672 Microsoft.Extensions.Options.OptionsBuilder<Microsoft.Extensions.Options.StartupValidatorOptions>
7ffcd09dc048     21        672 Microsoft.Extensions.Options.OptionsBuilder<Microsoft.Extensions.Options.StartupValidatorOptions>+<>c__DisplayClass9_0<Microsoft.Extensions.Options.IOptionsMonitor<Microsoft.Extensions.DependencyInjection.MetricsServiceExtensions+NoOpOptions>>
7ffcd119d970     12        672 Autofac.Builder.ReflectionActivatorData
7ffcd29e6a48      6        672 AutoMapper.Configuration.MappingExpression<Order.Business.Model.Request.Order.OrderFeeViewModel, Order.Infrastructure.Entities.OrderModels.OrderFeeModel>
7ffcd29f6058      6        672 AutoMapper.Configuration.MappingExpression<Order.Business.Model.Request.Order.OrderFeeViewModel, Order.Infrastructure.Entities.SubOrderModels.SubOrderFeeModel>
7ffcd297e4e8      6        672 AutoMapper.Configuration.MappingExpression<Order.Infrastructure.Entities.OrderModels.OrderFeeAmountModel, CommonApiMessage.AggregatesModel.OrderMessage.OrderMessageFeeAmountViewModel>
7ffcd25dca50     17        680 Microsoft.AspNetCore.Routing.RouteContext
7ffcd166d798     17        680 Microsoft.AspNetCore.Routing.RouteData
7ffcd262b8d8     17        680 Microsoft.AspNetCore.Mvc.Routing.MvcAttributeRouteHandler+<>c__DisplayClass10_0
7ffcd2646700     17        680 Microsoft.AspNetCore.Mvc.ViewFeatures.Filters.SaveTempDataFilter+SaveTempDataContext
7ffcd2dfd658     17        680 MediatR.Wrappers.RequestHandlerWrapperImpl<Order.Business.Mediator.Commands.Order.GetSubOrderCommand, CommonApiMessage.AggregatesModel.SubOrderMessage.SubOrderMessageViewModel>+<>c__DisplayClass1_0
7ffcd0e9df40     17        680 Order.Business.Validations.Order.GetSubOrderValidator
7ffcd2e14298     17        680 FluentValidation.Internal.TrackingCollection<FluentValidation.IValidationRuleInternal<Order.Business.Mediator.Commands.Order.GetSubOrderCommand>>
7ffcd2e258e0     17        680 FluentValidation.Internal.RuleBase<Order.Business.Mediator.Commands.Order.GetSubOrderCommand, Order.Business.Mediator.Commands.Order.GetSubOrderCommand, Order.Business.Mediator.Commands.Order.GetSubOrderCommand>+<>c__DisplayClass44_0
7ffcd0f131f0     17        680 Order.Business.Mediator.Handlers.Order.GetSubOrderHandler
7ffcd26e18b8     17        680 Microsoft.EntityFrameworkCore.Storage.ExecutionStrategyDependencies
7ffcd273ae10     17        680 Microsoft.EntityFrameworkCore.Metadata.Conventions.SqlServerConventionSetBuilder
7ffcd27ab308     17        680 Microsoft.EntityFrameworkCore.Query.CompiledQueryCacheKeyGeneratorDependencies
7ffcd2752718     17        680 Microsoft.EntityFrameworkCore.SqlServer.Query.Internal.SqlServerCompiledQueryCacheKeyGenerator
7ffcd27abfa0     17        680 Microsoft.EntityFrameworkCore.Query.QueryTranslationPreprocessorDependencies
7ffcd27559a8     17        680 Microsoft.EntityFrameworkCore.SqlServer.Query.Internal.SqlServerQueryableMethodTranslatingExpressionVisitorFactory
7ffcd27534d0     17        680 Microsoft.EntityFrameworkCore.SqlServer.Query.Internal.SqlServerMemberTranslatorProvider
7ffcd27852a0     17        680 Microsoft.EntityFrameworkCore.Query.RelationalMethodCallTranslatorProviderDependencies
7ffcd2753160     17        680 Microsoft.EntityFrameworkCore.SqlServer.Query.Internal.SqlServerAggregateMethodCallTranslatorProvider
7ffcd27856d0     17        680 Microsoft.EntityFrameworkCore.Query.RelationalAggregateMethodCallTranslatorProviderDependencies
7ffcd2786c40     17        680 Microsoft.EntityFrameworkCore.Query.RelationalShapedQueryCompilingExpressionVisitorDependencies
7ffcd37f10a8     17        680 Microsoft.EntityFrameworkCore.Query.RelationalMaterializerLiftableConstantContext
7ffcd2752a28     17        680 Microsoft.EntityFrameworkCore.SqlServer.Query.Internal.SqlServerQueryCompilationContextFactory
7ffcd27ad078     17        680 Microsoft.EntityFrameworkCore.Storage.DatabaseDependencies
7ffcd2777078     17        680 Microsoft.EntityFrameworkCore.Storage.RelationalDatabase
7ffcd2777da0     17        680 Microsoft.EntityFrameworkCore.Update.Internal.CommandBatchPreparer
7ffcd2788220     17        680 Microsoft.EntityFrameworkCore.Storage.RelationalDatabaseDependencies
7ffcd278e558     17        680 Microsoft.EntityFrameworkCore.ChangeTracking.Internal.InternalEntityEntryNotifier
7ffcd2806240     17        680 Microsoft.EntityFrameworkCore.Infrastructure.DatabaseFacade
7ffcd277e708     17        680 Microsoft.EntityFrameworkCore.Metadata.RelationalAdHocMapper
7ffcd12f9598      5        680 Microsoft.AspNetCore.DataProtection.KeyManagement.Key
7ffcd16bfd30      5        680 Newtonsoft.Json.JsonPropertyAttribute
7ffcd3d981a8      5        680 System.Configuration.RuntimeConfigurationRecord
7ffcd19e6e90      2        688 System.Xml.Linq.XHashtable<System.Xml.Linq.XName>+XHashtableState+Entry[]
7ffcd056c898      3        696 System.Collections.Concurrent.ConcurrentQueueSegment<System.Object>
7ffcd4274078     11        704 System.Func<Microsoft.EntityFrameworkCore.Query.QueryContext, System.Data.Common.DbDataReader, Microsoft.EntityFrameworkCore.Query.Internal.ResultContext, Microsoft.EntityFrameworkCore.Query.Internal.SplitQueryResultCoordinator, Order.Infrastructure.Entities.OrderModels.OrderModel>
7ffcd412ef20     22        704 System.Collections.Generic.List<Microsoft.EntityFrameworkCore.Query.Internal.SplitQueryCollectionContext>
7ffcd412f5e0     22        704 System.Collections.Generic.List<Microsoft.EntityFrameworkCore.Query.Internal.SplitQueryDataReaderContext>
7ffcd4271f38     11        704 System.Func<Microsoft.EntityFrameworkCore.Query.QueryContext, System.Data.Common.DbDataReader, Microsoft.EntityFrameworkCore.Query.Internal.ResultContext, Microsoft.EntityFrameworkCore.Query.Internal.SplitQueryResultCoordinator, Order.Infrastructure.Entities.OrderModels.OrderPaymentModel>
7ffcd4273c30     11        704 System.Action<Order.Infrastructure.Entities.OrderModels.OrderModel, Order.Infrastructure.Entities.OrderModels.OrderPaymentModel>
7ffcd4270358     11        704 System.Collections.Generic.HashSet<Order.Infrastructure.Entities.OrderModels.OrderPaymentTransactionModel>
7ffcd4292a18     11        704 System.Func<Microsoft.EntityFrameworkCore.Query.QueryContext, System.Data.Common.DbDataReader, Microsoft.EntityFrameworkCore.Query.Internal.ResultContext, Microsoft.EntityFrameworkCore.Query.Internal.SingleQueryResultCoordinator, Order.Infrastructure.Entities.OrderModels.OrderPromotionModel>
7ffcd4295a88     11        704 System.Func<Microsoft.EntityFrameworkCore.DbContext, Microsoft.EntityFrameworkCore.Query.Internal.SingleQueryingEnumerable<Order.Infrastructure.Entities.OrderModels.OrderPromotionModel>+Enumerator, Microsoft.EntityFrameworkCore.Storage.ExecutionResult<System.Boolean>>
7ffcd2004038     22        704 System.Collections.Generic.List<System.ArraySegment<System.Byte>>
7ffcd438a2e0     11        704 Microsoft.AspNetCore.Mvc.ViewFeatures.TempDataDictionary
7ffcd1efaf60     22        704 System.Collections.Generic.List<Microsoft.Net.Http.Headers.MediaTypeHeaderValue>
7ffcd2075c80     11        704 System.IO.StringWriter
7ffcd26860e8     11        704 System.Collections.Immutable.ImmutableSortedDictionary<System.Int32, System.ValueTuple<System.Nullable<Microsoft.EntityFrameworkCore.WarningBehavior>, System.Nullable<Microsoft.Extensions.Logging.LogLevel>>>+Builder
7ffcd28ef6e0     11        704 System.Linq.Enumerable+ArrayWhereIterator<Microsoft.EntityFrameworkCore.Infrastructure.DbSetProperty>
7ffcd1449910     22        704 Autofac.Core.Activators.Reflection.DefaultValueParameter+<>c__DisplayClass0_0
7ffcd2def588     22        704 System.Collections.Generic.Stack<Microsoft.AspNetCore.Mvc.ModelBinding.DefaultModelBindingContext+State>
7ffcd2df1e48     22        704 Microsoft.AspNetCore.Mvc.ModelBinding.Validation.ValidationStack
7ffcd2dfdae0     22        704 MediatR.IPipelineBehavior<Order.Business.Mediator.Commands.Order.GetSubOrderCommand, CommonApiMessage.AggregatesModel.SubOrderMessage.SubOrderMessageViewModel>[]
7ffcd38058e0     11        704 System.Func<System.Linq.IQueryable<Order.Infrastructure.Entities.SubOrderModels.SubOrderModel>, System.Linq.Expressions.Expression<System.Func<Order.Infrastructure.Entities.SubOrderModels.SubOrderModel, System.Boolean>>, System.Linq.IQueryable<Order.Infrastructure.Entities.SubOrderModels.SubOrderModel>>
7ffcd3806188     11        704 System.Func<System.Linq.IQueryable<Order.Infrastructure.Entities.SubOrderModels.SubOrderModel>, System.Linq.Expressions.Expression<System.Func<Order.Infrastructure.Entities.SubOrderModels.SubOrderModel, <>f__AnonymousType11<System.String, System.String>>>, System.Linq.IQueryable<<>f__AnonymousType11<System.String, System.String>>>
7ffcd3824858     11        704 System.Func<System.Func<Microsoft.EntityFrameworkCore.Query.QueryContext, System.Collections.Generic.IEnumerable<<>f__AnonymousType11<System.String, System.String>>>>
7ffcd3a79f00     11        704 System.Func<Microsoft.EntityFrameworkCore.Query.QueryContext, System.Data.Common.DbDataReader, Microsoft.EntityFrameworkCore.Query.Internal.ResultContext, Microsoft.EntityFrameworkCore.Query.Internal.SingleQueryResultCoordinator, <>f__AnonymousType11<System.String, System.String>>
7ffcd3a91a98     11        704 System.Func<Microsoft.EntityFrameworkCore.DbContext, Microsoft.EntityFrameworkCore.Query.Internal.SingleQueryingEnumerable<<>f__AnonymousType11<System.String, System.String>>+Enumerator, Microsoft.EntityFrameworkCore.Storage.ExecutionResult<System.Boolean>>
7ffcd2e63e48     11        704 System.Func<<>f__AnonymousType11<System.String, System.String>, <>f__AnonymousType12<System.String, System.String, System.String, System.String, System.String, System.String>>
7ffcd4079e48     11        704 System.Func<Microsoft.EntityFrameworkCore.Query.QueryContext, System.Data.Common.DbDataReader, Microsoft.EntityFrameworkCore.Query.Internal.ResultContext, Microsoft.EntityFrameworkCore.Query.Internal.SplitQueryResultCoordinator, Order.Infrastructure.Entities.SubOrderModels.SubOrderModel>
7ffcd412e360     11        704 System.Func<Microsoft.EntityFrameworkCore.DbContext, Microsoft.EntityFrameworkCore.Query.Internal.SplitQueryingEnumerable<Order.Infrastructure.Entities.SubOrderModels.SubOrderModel>+Enumerator, Microsoft.EntityFrameworkCore.Storage.ExecutionResult<System.Boolean>>
7ffcd4296798     11        704 System.Func<System.Linq.IQueryable<Order.Infrastructure.Entities.Promotion.PromotionItemModel>, System.Linq.Expressions.Expression<System.Func<Order.Infrastructure.Entities.Promotion.PromotionItemModel, System.Boolean>>, System.Linq.IQueryable<Order.Infrastructure.Entities.Promotion.PromotionItemModel>>
7ffcd4296fd0     11        704 System.Func<System.Func<Microsoft.EntityFrameworkCore.Query.QueryContext, System.Collections.Generic.IEnumerable<Order.Infrastructure.Entities.Promotion.PromotionItemModel>>>
7ffcd429b200     11        704 System.Func<Microsoft.EntityFrameworkCore.Query.QueryContext, System.Data.Common.DbDataReader, Microsoft.EntityFrameworkCore.Query.Internal.ResultContext, Microsoft.EntityFrameworkCore.Query.Internal.SingleQueryResultCoordinator, Order.Infrastructure.Entities.Promotion.PromotionItemModel>
7ffcd429e0c8     11        704 System.Func<Microsoft.EntityFrameworkCore.DbContext, Microsoft.EntityFrameworkCore.Query.Internal.SingleQueryingEnumerable<Order.Infrastructure.Entities.Promotion.PromotionItemModel>+Enumerator, Microsoft.EntityFrameworkCore.Storage.ExecutionResult<System.Boolean>>
7ffcd0671cd0     22        704 Microsoft.Extensions.Configuration.ConfigurationReloadToken
7ffcd091f220     11        704 System.Func<System.Reflection.PropertyInfo, System.Boolean>
7ffcd0a527e0     11        704 System.Action<Microsoft.Extensions.Hosting.HostBuilderContext, Microsoft.Extensions.DependencyInjection.IServiceCollection>
7ffcd0c52130     11        704 System.Func<System.Type, System.Boolean>
7ffcd18e50c0     11        704 System.Func<System.IntPtr, System.IntPtr, System.IntPtr>
7ffcd338e710     22        704 System.Linq.Expressions.Expression1<System.Func<System.Nullable<System.Int64>, System.Int32>>
7ffcd338e988     22        704 System.Linq.Expressions.Expression1<System.Func<System.Nullable<System.Int64>, System.Nullable<System.Int64>>>
7ffcd1ed26d0     18        720 Microsoft.AspNetCore.Hosting.HostingApplicationDiagnostics+Log+HostingLogScope
7ffcd13bb6e0     18        720 System.Collections.Concurrent.ConcurrentDictionary<System.Guid, System.Object>
7ffcd13bd4a0     18        720 System.Collections.Concurrent.ConcurrentDictionary<System.ValueTuple<System.Guid, System.Guid>, System.Object>
7ffcd13be5c0     18        720 Autofac.Core.Disposer
7ffcd0d61268     18        720 Swashbuckle.AspNetCore.SwaggerGen.SwaggerGenerator
7ffcd26e69f0     18        720 Microsoft.EntityFrameworkCore.Infrastructure.SqlServerDbContextOptionsBuilder+<>c__DisplayClass4_0
7ffcd26ec298     18        720 Microsoft.EntityFrameworkCore.SqlServer.Infrastructure.Internal.SqlServerOptionsExtension+ExtensionInfo
7ffcd1616b50     15        720 Order.Domain.AggregatesModel.SubOrder.SubOrderRepository+<>c__DisplayClass24_1
7ffcd4208370     10        720 System.Linq.Enumerable+ListWhereIterator<Order.Infrastructure.Entities.Package.PackageTbModel>
7ffcd42089d0     10        720 System.Linq.Enumerable+ListSelectIterator<Order.Infrastructure.Entities.Package.PackageTbModel, CommonApiMessage.AggregatesModel.Package.PackageTbMessage>
7ffcd0aa0908      9        720 System.Collections.Generic.Dictionary<System.String, System.Collections.Generic.List<System.Diagnostics.Metrics.Instrument>>
7ffcd14de848      9        720 System.Collections.Generic.Dictionary<System.String, System.Resources.ResourceSet>
7ffcd14e1578      9        720 System.Collections.Generic.Dictionary<System.String, System.Resources.ResourceLocator>
7ffcd168bbc0     30        720 Microsoft.AspNetCore.Mvc.FromQueryAttribute
7ffcd1732b58      9        720 System.Collections.Generic.Dictionary<System.String, System.Boolean>
7ffcd1d32b58     15        720 System.Collections.Concurrent.ConcurrentDictionary<System.String, System.UInt64>+Node
7ffcd338c5e0     18        720 System.Linq.Expressions.Expression2<System.Func<System.Decimal, System.Decimal, System.Boolean>>
7ffcd42a48c0     30        720 System.Text.Json.Serialization.Metadata.JsonPropertyInfo<System.DateTime>+<>c__DisplayClass9_0
7ffcd42a5068     30        720 System.Text.Json.Serialization.Metadata.JsonPropertyInfo<System.DateTime>+<>c__DisplayClass10_0
7ffcd1d61348      9        720 System.Reflection.RuntimeConstructorInfo[][]
7ffcd42966a8     23        736 System.Linq.Expressions.Expression1<System.Func<Order.Infrastructure.Entities.Promotion.PromotionItemModel, System.Boolean>>
7ffcd1175ea0      1        736 System.Collections.Concurrent.ConcurrentDictionary<System.String, Autofac.Core.IReflectionCache>+VolatileNode[]
7ffcd2df77f8      2        736 System.Text.Json.Serialization.Metadata.JsonTypeInfo<Order.Business.Mediator.Commands.Order.GetSubOrderCommand>
7ffcd2df81d0      2        736 System.Text.Json.Serialization.Metadata.JsonTypeInfo<MediatR.IRequest<CommonApiMessage.AggregatesModel.SubOrderMessage.SubOrderMessageViewModel>>
7ffcd2df8a20      2        736 System.Text.Json.Serialization.Metadata.JsonTypeInfo<MediatR.IBaseRequest>
7ffcd123e828     23        736 System.Linq.Expressions.LabelTarget
7ffcd27ba8e8      1        736 System.Collections.Concurrent.ConcurrentDictionary<Microsoft.Extensions.DependencyInjection.ServiceLookup.ServiceIdentifier, Microsoft.Extensions.DependencyInjection.ServiceProvider+ServiceAccessor>+VolatileNode[]
7ffcd1ab4cf0      1        736 System.Collections.Concurrent.ConcurrentDictionary<System.Type, Microsoft.Extensions.DependencyInjection.ActivatorUtilities+ConstructorInfoEx[]>+VolatileNode[]
7ffcd42a22c8      2        736 System.Text.Json.Serialization.Metadata.JsonTypeInfo<CommonApiMessage.AggregatesModel.SubOrderMessage.SubOrderMessageViewModel>
7ffcd42b6ba8      2        736 System.Text.Json.Serialization.Metadata.JsonTypeInfo<System.Collections.Generic.List<System.String>>
7ffcd42b7358      2        736 System.Text.Json.Serialization.Metadata.JsonTypeInfo<System.DateTime>
7ffcd42b8170      2        736 System.Text.Json.Serialization.Metadata.JsonTypeInfo<System.Collections.Generic.List<CommonApiMessage.AggregatesModel.SubOrderMessage.SubOrderMessageRemarkViewModel>>
7ffcd42b8a08      2        736 System.Text.Json.Serialization.Metadata.JsonTypeInfo<CommonApiMessage.AggregatesModel.SubOrderMessage.SubOrderMessageRemarkViewModel>
7ffcd42b9558      2        736 System.Text.Json.Serialization.Metadata.JsonTypeInfo<System.Collections.Generic.List<CommonApiMessage.AggregatesModel.SubOrderMessage.SubOrderMessageAddressViewModel>>
7ffcd42b9df0      2        736 System.Text.Json.Serialization.Metadata.JsonTypeInfo<CommonApiMessage.AggregatesModel.SubOrderMessage.SubOrderMessageAddressViewModel>
7ffcd42be170      2        736 System.Text.Json.Serialization.Metadata.JsonTypeInfo<System.Collections.Generic.List<CommonApiMessage.AggregatesModel.SubOrderMessage.SubOrderMessageItemViewModel>>
7ffcd42bea08      2        736 System.Text.Json.Serialization.Metadata.JsonTypeInfo<CommonApiMessage.AggregatesModel.SubOrderMessage.SubOrderMessageItemViewModel>
7ffcd42f5c60      2        736 System.Text.Json.Serialization.Metadata.JsonTypeInfo<System.Decimal>
7ffcd42f6818      2        736 System.Text.Json.Serialization.Metadata.JsonTypeInfo<System.Int64>
7ffcd42f7f08      2        736 System.Text.Json.Serialization.Metadata.JsonTypeInfo<System.Nullable<System.Int64>>
7ffcd42fa7c0      2        736 System.Text.Json.Serialization.Metadata.JsonTypeInfo<CommonApiMessage.AggregatesModel.SubOrderMessage.SubOrderMessageItemPromotionViewModel>
7ffcd42fd718      2        736 System.Text.Json.Serialization.Metadata.JsonTypeInfo<System.Nullable<System.Decimal>>
7ffcd42fe3b8      2        736 System.Text.Json.Serialization.Metadata.JsonTypeInfo<CommonApiMessage.AggregatesModel.SubOrderMessage.SubOrderMessageItemFulFillmentViewModel>
7ffcd4305298      2        736 System.Text.Json.Serialization.Metadata.JsonTypeInfo<System.Nullable<System.DateTime>>
7ffcd43060b0      2        736 System.Text.Json.Serialization.Metadata.JsonTypeInfo<System.Collections.Generic.List<CommonApiMessage.AggregatesModel.SubOrderMessage.SubOrderMessageItemDeliveryWindowViewModel>>
7ffcd4306948      2        736 System.Text.Json.Serialization.Metadata.JsonTypeInfo<CommonApiMessage.AggregatesModel.SubOrderMessage.SubOrderMessageItemDeliveryWindowViewModel>
7ffcd4307498      2        736 System.Text.Json.Serialization.Metadata.JsonTypeInfo<System.Collections.Generic.List<CommonApiMessage.AggregatesModel.SubOrderMessage.SubOrderMessageItemFulFillmentServiceTypeViewModel>>
7ffcd4307d30      2        736 System.Text.Json.Serialization.Metadata.JsonTypeInfo<CommonApiMessage.AggregatesModel.SubOrderMessage.SubOrderMessageItemFulFillmentServiceTypeViewModel>
7ffcd430a498      2        736 System.Text.Json.Serialization.Metadata.JsonTypeInfo<System.Collections.Generic.List<CommonApiMessage.AggregatesModel.SubOrderMessage.SubOrderMessageItemRemarkViewModel>>
7ffcd430ad30      2        736 System.Text.Json.Serialization.Metadata.JsonTypeInfo<CommonApiMessage.AggregatesModel.SubOrderMessage.SubOrderMessageItemRemarkViewModel>
7ffcd430b708      2        736 System.Text.Json.Serialization.Metadata.JsonTypeInfo<CommonApiMessage.AggregatesModel.SubOrderMessage.SubOrderMessageItemAmountViewModel>
7ffcd430d158      2        736 System.Text.Json.Serialization.Metadata.JsonTypeInfo<CommonApiMessage.AggregatesModel.SubOrderMessage.SubOrderMessageItemAmountDetailViewModel>
7ffcd430ed20      2        736 System.Text.Json.Serialization.Metadata.JsonTypeInfo<System.Collections.Generic.List<CommonApiMessage.AggregatesModel.SubOrderMessage.SubOrderMessageItemTaxViewModel>>
7ffcd430f5b8      2        736 System.Text.Json.Serialization.Metadata.JsonTypeInfo<CommonApiMessage.AggregatesModel.SubOrderMessage.SubOrderMessageItemTaxViewModel>
7ffcd4312240      2        736 System.Text.Json.Serialization.Metadata.JsonTypeInfo<System.Collections.Generic.List<CommonApiMessage.AggregatesModel.SubOrderMessage.SubOrderMessageItemPaymentViewModel>>
7ffcd4312ad8      2        736 System.Text.Json.Serialization.Metadata.JsonTypeInfo<CommonApiMessage.AggregatesModel.SubOrderMessage.SubOrderMessageItemPaymentViewModel>
7ffcd4313628      2        736 System.Text.Json.Serialization.Metadata.JsonTypeInfo<System.Collections.Generic.List<CommonApiMessage.AggregatesModel.SubOrderMessage.SubOrderMessageItemSubBarcodeViewModel>>
7ffcd4313ec0      2        736 System.Text.Json.Serialization.Metadata.JsonTypeInfo<CommonApiMessage.AggregatesModel.SubOrderMessage.SubOrderMessageItemSubBarcodeViewModel>
7ffcd4314a10      2        736 System.Text.Json.Serialization.Metadata.JsonTypeInfo<System.Collections.Generic.List<CommonApiMessage.AggregatesModel.SubOrderMessage.SubOrderMessageItemPromotionsViewModel>>
7ffcd43152a8      2        736 System.Text.Json.Serialization.Metadata.JsonTypeInfo<CommonApiMessage.AggregatesModel.SubOrderMessage.SubOrderMessageItemPromotionsViewModel>
7ffcd4315df8      2        736 System.Text.Json.Serialization.Metadata.JsonTypeInfo<System.Collections.Generic.List<CommonApiMessage.AggregatesModel.OrderMessage.OrderMessagePaymentViewModel>>
7ffcd4316690      2        736 System.Text.Json.Serialization.Metadata.JsonTypeInfo<CommonApiMessage.AggregatesModel.OrderMessage.OrderMessagePaymentViewModel>
7ffcd4319fb0      2        736 System.Text.Json.Serialization.Metadata.JsonTypeInfo<System.Collections.Generic.List<CommonApiMessage.AggregatesModel.OrderMessage.OrderMessagePaymentTransactionViewModel>>
7ffcd431a848      2        736 System.Text.Json.Serialization.Metadata.JsonTypeInfo<CommonApiMessage.AggregatesModel.OrderMessage.OrderMessagePaymentTransactionViewModel>
7ffcd431b398      2        736 System.Text.Json.Serialization.Metadata.JsonTypeInfo<System.Collections.Generic.List<CommonApiMessage.AggregatesModel.OrderMessage.OrderMessageCustomerViewModel>>
7ffcd431bc30      2        736 System.Text.Json.Serialization.Metadata.JsonTypeInfo<CommonApiMessage.AggregatesModel.OrderMessage.OrderMessageCustomerViewModel>
7ffcd431c780      2        736 System.Text.Json.Serialization.Metadata.JsonTypeInfo<System.Collections.Generic.List<CommonApiMessage.AggregatesModel.OrderMessage.OrderMessageItemViewModel>>
7ffcd431d018      2        736 System.Text.Json.Serialization.Metadata.JsonTypeInfo<CommonApiMessage.AggregatesModel.OrderMessage.OrderMessageItemViewModel>
7ffcd432cce8      2        736 System.Text.Json.Serialization.Metadata.JsonTypeInfo<CommonApiMessage.AggregatesModel.OrderMessage.OrderMessageItemFulFillmentViewModel>
7ffcd43333f8      2        736 System.Text.Json.Serialization.Metadata.JsonTypeInfo<System.Collections.Generic.List<CommonApiMessage.AggregatesModel.OrderMessage.OrderMessageItemDeliveryWindowViewModel>>
7ffcd4333c90      2        736 System.Text.Json.Serialization.Metadata.JsonTypeInfo<CommonApiMessage.AggregatesModel.OrderMessage.OrderMessageItemDeliveryWindowViewModel>
7ffcd43347e0      2        736 System.Text.Json.Serialization.Metadata.JsonTypeInfo<System.Collections.Generic.List<CommonApiMessage.AggregatesModel.OrderMessage.OrderMessageItemFulFillmentServiceTypeViewModel>>
7ffcd4335078      2        736 System.Text.Json.Serialization.Metadata.JsonTypeInfo<CommonApiMessage.AggregatesModel.OrderMessage.OrderMessageItemFulFillmentServiceTypeViewModel>
7ffcd4335bc8      2        736 System.Text.Json.Serialization.Metadata.JsonTypeInfo<System.Collections.Generic.List<CommonApiMessage.AggregatesModel.OrderMessage.OrderMessageItemRemarkViewModel>>
7ffcd4336460      2        736 System.Text.Json.Serialization.Metadata.JsonTypeInfo<CommonApiMessage.AggregatesModel.OrderMessage.OrderMessageItemRemarkViewModel>
7ffcd4336e38      2        736 System.Text.Json.Serialization.Metadata.JsonTypeInfo<CommonApiMessage.AggregatesModel.OrderMessage.OrderMessageItemAmountViewModel>
7ffcd4338888      2        736 System.Text.Json.Serialization.Metadata.JsonTypeInfo<CommonApiMessage.AggregatesModel.OrderMessage.OrderMessageItemAmountDetailViewModel>
7ffcd433c068      2        736 System.Text.Json.Serialization.Metadata.JsonTypeInfo<System.Collections.Generic.List<CommonApiMessage.AggregatesModel.OrderMessage.OrderMessageItemTaxViewModel>>
7ffcd433c900      2        736 System.Text.Json.Serialization.Metadata.JsonTypeInfo<CommonApiMessage.AggregatesModel.OrderMessage.OrderMessageItemTaxViewModel>
7ffcd433d450      2        736 System.Text.Json.Serialization.Metadata.JsonTypeInfo<System.Collections.Generic.List<CommonApiMessage.AggregatesModel.OrderMessage.OrderMessageItemPaymentViewModel>>
7ffcd433dce8      2        736 System.Text.Json.Serialization.Metadata.JsonTypeInfo<CommonApiMessage.AggregatesModel.OrderMessage.OrderMessageItemPaymentViewModel>
7ffcd433e838      2        736 System.Text.Json.Serialization.Metadata.JsonTypeInfo<System.Collections.Generic.List<CommonApiMessage.AggregatesModel.OrderMessage.OrderMessageSubBarcodeViewModel>>
7ffcd433f0d0      2        736 System.Text.Json.Serialization.Metadata.JsonTypeInfo<CommonApiMessage.AggregatesModel.OrderMessage.OrderMessageSubBarcodeViewModel>
7ffcd433faa8      2        736 System.Text.Json.Serialization.Metadata.JsonTypeInfo<CommonApiMessage.AggregatesModel.OrderMessage.OrderMessageItemPromotionViewModel>
7ffcd4342240      2        736 System.Text.Json.Serialization.Metadata.JsonTypeInfo<System.Collections.Generic.List<CommonApiMessage.AggregatesModel.OrderMessage.OrderMessageItemPromotionsViewModel>>
7ffcd4342ad8      2        736 System.Text.Json.Serialization.Metadata.JsonTypeInfo<CommonApiMessage.AggregatesModel.OrderMessage.OrderMessageItemPromotionsViewModel>
7ffcd4343628      2        736 System.Text.Json.Serialization.Metadata.JsonTypeInfo<System.Collections.Generic.List<CommonApiMessage.AggregatesModel.OrderMessage.OrderMessagePromotionViewModel>>
7ffcd4343ec0      2        736 System.Text.Json.Serialization.Metadata.JsonTypeInfo<CommonApiMessage.AggregatesModel.OrderMessage.OrderMessagePromotionViewModel>
7ffcd4345a50      2        736 System.Text.Json.Serialization.Metadata.JsonTypeInfo<CommonApiMessage.AggregatesModel.OrderMessage.OrderMessagePromotionAmountViewModel>
7ffcd4348078      2        736 System.Text.Json.Serialization.Metadata.JsonTypeInfo<System.Collections.Generic.List<CommonApiMessage.AggregatesModel.SubOrderMessage.SubOrderMessagePromotionViewModel>>
7ffcd4348910      2        736 System.Text.Json.Serialization.Metadata.JsonTypeInfo<CommonApiMessage.AggregatesModel.SubOrderMessage.SubOrderMessagePromotionViewModel>
7ffcd434a4a0      2        736 System.Text.Json.Serialization.Metadata.JsonTypeInfo<CommonApiMessage.AggregatesModel.SubOrderMessage.SubOrderMessagePromotionAmountViewModel>
7ffcd434cac8      2        736 System.Text.Json.Serialization.Metadata.JsonTypeInfo<System.Collections.Generic.List<CommonApiMessage.AggregatesModel.SubOrderMessage.SubOrderMessageFeeViewModel>>
7ffcd434d360      2        736 System.Text.Json.Serialization.Metadata.JsonTypeInfo<CommonApiMessage.AggregatesModel.SubOrderMessage.SubOrderMessageFeeViewModel>
7ffcd43501b8      2        736 System.Text.Json.Serialization.Metadata.JsonTypeInfo<CommonApiMessage.AggregatesModel.SubOrderMessage.SubOrderMessageFeeAmountViewModel>
7ffcd4351c08      2        736 System.Text.Json.Serialization.Metadata.JsonTypeInfo<CommonApiMessage.AggregatesModel.SubOrderMessage.SubOrderMessageFeeAmountDtlViewModel>
7ffcd43556b0      2        736 System.Text.Json.Serialization.Metadata.JsonTypeInfo<System.Collections.Generic.ICollection<CommonApiMessage.AggregatesModel.SubOrderMessage.SubOrderMessageFeeTaxViewModel>>
7ffcd43562b8      2        736 System.Text.Json.Serialization.Metadata.JsonTypeInfo<CommonApiMessage.AggregatesModel.SubOrderMessage.SubOrderMessageFeeTaxViewModel>
7ffcd4356e08      2        736 System.Text.Json.Serialization.Metadata.JsonTypeInfo<System.Collections.Generic.ICollection<CommonApiMessage.AggregatesModel.SubOrderMessage.SubOrderMessageFeePaymentViewModel>>
7ffcd4357760      2        736 System.Text.Json.Serialization.Metadata.JsonTypeInfo<CommonApiMessage.AggregatesModel.SubOrderMessage.SubOrderMessageFeePaymentViewModel>
7ffcd43582b0      2        736 System.Text.Json.Serialization.Metadata.JsonTypeInfo<System.Collections.Generic.List<CommonApiMessage.AggregatesModel.Package.PackageInfoMessageViewModel>>
7ffcd4358ba0      2        736 System.Text.Json.Serialization.Metadata.JsonTypeInfo<CommonApiMessage.AggregatesModel.Package.PackageInfoMessageViewModel>
7ffcd435b308      2        736 System.Text.Json.Serialization.Metadata.JsonTypeInfo<System.Collections.Generic.List<CommonApiMessage.AggregatesModel.OrderMessage.OrderMessageAddressViewModel>>
7ffcd435bba0      2        736 System.Text.Json.Serialization.Metadata.JsonTypeInfo<CommonApiMessage.AggregatesModel.OrderMessage.OrderMessageAddressViewModel>
7ffcd4380028      2        736 System.Text.Json.Serialization.Metadata.JsonTypeInfo<System.Collections.Generic.List<CommonApiMessage.AggregatesModel.Package.PackageTbMessage>>
7ffcd4380918      2        736 System.Text.Json.Serialization.Metadata.JsonTypeInfo<CommonApiMessage.AggregatesModel.Package.PackageTbMessage>
7ffcd2eab340      3        744 Microsoft.EntityFrameworkCore.SqlServer.Storage.Internal.SqlServerDoubleTypeMapping
7ffcd1d269b8      3        744 System.Text.Json.Serialization.Metadata.JsonPropertyInfo<System.Object>
7ffcd3af8ba8     31        744 System.WeakReference<System.Data.Common.DbConnection>
7ffcd076c1f0     19        760 Microsoft.Extensions.Configuration.ConfigurationSection
7ffcd07813f8     12        768 System.Comparison<System.String>
7ffcd38057f0     24        768 System.Linq.Expressions.Expression1<System.Func<Order.Infrastructure.Entities.SubOrderModels.SubOrderModel, System.Boolean>>
7ffcd0a57660     12        768 System.Action<Microsoft.AspNetCore.Hosting.WebHostBuilderContext, Microsoft.Extensions.DependencyInjection.IServiceCollection>
7ffcd11a4330     24        768 System.Collections.Generic.List<Autofac.Core.Parameter>
7ffcd11a5cc0     12        768 System.Collections.Generic.HashSet<Autofac.Core.Service>
7ffcd11a0f98     12        768 System.Action<Autofac.Core.Registration.IComponentRegistryBuilder>
7ffcd29ed9a0     12        768 AutoMapper.Configuration.MemberConfigurationExpression<Order.Business.Mediator.Commands.OrderFront.CreateOrderItemFrontManualViewModel, Order.Infrastructure.Entities.OrderModels.OrderItemModel, System.Decimal>
7ffcd29ee0c8     24        768 System.Linq.Expressions.Expression1<System.Func<Order.Business.Mediator.Commands.OrderFront.CreateOrderItemFrontManualViewModel, System.Decimal>>
7ffcd29fac18     12        768 AutoMapper.Configuration.MemberConfigurationExpression<Order.Business.Mediator.Commands.OrderFront.CreateOrderItemFrontManualViewModel, Order.Infrastructure.Entities.SubOrderModels.SubOrderItemModel, System.Decimal>
7ffcd2a1e6e8     12        768 AutoMapper.Configuration.MemberConfigurationExpression<Order.Business.Mediator.Commands.OrderFront.CreateOrderItemFrontViewModel, Order.Infrastructure.Entities.OrderModels.OrderItemModel, System.Decimal>
7ffcd2a1ee00     24        768 System.Linq.Expressions.Expression1<System.Func<Order.Business.Mediator.Commands.OrderFront.CreateOrderItemFrontViewModel, System.Decimal>>
7ffcd2a361a0     12        768 AutoMapper.Configuration.MemberConfigurationExpression<Order.Business.Mediator.Commands.OrderFront.CreateOrderItemFrontViewModel, Order.Infrastructure.Entities.SubOrderModels.SubOrderItemModel, System.Decimal>
7ffcd2aa0850     12        768 AutoMapper.Configuration.MemberConfigurationExpression<Order.Infrastructure.Data.Readonlys.CompanyBuMapping.GetCompanyBuMappingViewModelDto, Order.Business.Dtos.ViewModels.CompanyBuMapping.GetCompanyBuMappingViewModel, System.String>
7ffcd1779580      8        768 System.Threading.Channels.WaitingReadAsyncOperation
7ffcd179d980      8        768 System.Threading.TimerQueue
7ffcd176c900     12        768 RabbitMQ.Client.Impl.RecordedConsumer
7ffcd16ab740     24        768 System.Collections.Generic.List<Microsoft.AspNetCore.Routing.Patterns.RoutePatternPathSegment>
7ffcd1b519c0     16        768 System.Collections.Concurrent.ConcurrentDictionary<Microsoft.AspNetCore.PinnedBlockMemoryPool, System.UIntPtr>+Node
7ffcd1c2ce90     12        768 System.Action<System.Object, System.Boolean>
7ffcd42fef18     12        768 System.Func<System.Object, System.Nullable<System.DateTime>>
7ffcd42fedc0     12        768 System.Action<System.Object, System.Nullable<System.DateTime>>
7ffcd180e5d8      1        776 System.Collections.Generic.Dictionary<Interop+SECURITY_STATUS, System.Net.SecurityStatusPalErrorCode>+Entry[]
7ffcd180ec38      1        776 System.Collections.Generic.Dictionary<System.Net.SecurityStatusPalErrorCode, Interop+SECURITY_STATUS>+Entry[]
7ffcd055fc10      7        784 System.Globalization.CultureInfo
7ffcd4229e00     11        792 System.Linq.Enumerable+ListWhereIterator<CommonApiMessage.AggregatesModel.SubOrderMessage.SubOrderMessageViewModel>
7ffcd422a0b8     11        792 System.Linq.Enumerable+GroupByIterator<CommonApiMessage.AggregatesModel.SubOrderMessage.SubOrderMessageViewModel, <>f__AnonymousType14<System.String>>
7ffcd2e4e080     33        792 <>f__AnonymousType14<System.String>
7ffcd4259120     11        792 System.Collections.Generic.HashSet<Order.Infrastructure.Entities.OrderModels.OrderCustomerModel>+Entry[]
7ffcd427b6e8     11        792 System.Collections.Generic.HashSet<Order.Infrastructure.Entities.OrderModels.OrderPaymentTransactionModel>+Entry[]
7ffcd427bdf8     11        792 System.Collections.Generic.HashSet<Order.Infrastructure.Entities.OrderModels.OrderPaymentModel>+Entry[]
7ffcd168f038     11        792 System.Threading.Tasks.Task<Microsoft.AspNetCore.Mvc.ObjectResult>
7ffcd43861f8     11        792 Microsoft.AspNetCore.Mvc.Formatters.OutputFormatterWriteContext
7ffcd1c6e950     11        792 System.Threading.Tasks.Task<System.String>
7ffcd2de6fe0     33        792 Microsoft.AspNetCore.Mvc.ModelBinding.CompositeValueProvider
7ffcd2dec000     11        792 System.Threading.Tasks.Task<Microsoft.AspNetCore.Mvc.ModelBinding.CompositeValueProvider>
7ffcd3a7bc58     11        792 Microsoft.EntityFrameworkCore.Query.Internal.SingleQueryingEnumerable<<>f__AnonymousType11<System.String, System.String>>
7ffcd3efc578     11        792 System.Linq.Enumerable+ListSelectIterator<<>f__AnonymousType11<System.String, System.String>, System.String>
7ffcd3f6bee0     11        792 System.Linq.Enumerable+GroupByIterator<Order.Infrastructure.Entities.OrderReference.OrderReferenceModel, System.String>
7ffcd3f6cbc8     11        792 System.Linq.Enumerable+ListSelectIterator<<>f__AnonymousType11<System.String, System.String>, <>f__AnonymousType12<System.String, System.String, System.String, System.String, System.String, System.String>>
7ffcd429b6d8     11        792 Microsoft.EntityFrameworkCore.Query.Internal.SingleQueryingEnumerable<Order.Infrastructure.Entities.Promotion.PromotionItemModel>
7ffcd0581208      1        792 System.Collections.Concurrent.ConcurrentQueueSegment<System.Threading.PortableThreadPool+IOCompletionPoller+Event>+Slot[]
7ffcd05d16e8     11        792 System.Threading.Tasks.Task<System.Int32>
7ffcd0850cd0     33        792 Serilog.Parsing.TextToken
7ffcd1213cd0     33        792 System.Linq.Expressions.PrimitiveParameterExpression<System.Int64>
7ffcd3a53e10     33        792 Microsoft.EntityFrameworkCore.Query.RelationalParameterBasedSqlProcessorParameters
7ffcd38b5810     33        792 Microsoft.EntityFrameworkCore.Utilities.OrderedDictionary<System.String, Microsoft.EntityFrameworkCore.Metadata.RuntimeNavigation>+ValueCollection
7ffcd41feb58     25        800 System.Collections.Generic.List<Order.Infrastructure.Entities.Package.PackageTbModel>
7ffcd4208250     20        800 System.Collections.Generic.List<Order.Infrastructure.Entities.Package.PackageTbModel>+Enumerator
7ffcd0787420      2        800 System.Globalization.DateTimeFormatInfo
7ffcd33663b8     10        800 Microsoft.EntityFrameworkCore.ChangeTracking.ValueComparer+DefaultValueComparer<System.Int32>
7ffcd1ef77f0     17        816 Microsoft.AspNetCore.Http.StreamResponseBodyFeature
7ffcd0e956f0     17        816 Utility.Package.Middlewares.BodySignatureMiddleware
7ffcd2e2d7f0     17        816 System.Linq.Enumerable+ArraySelectIterator<FluentValidation.IValidator<Order.Business.Mediator.Commands.Order.GetSubOrderCommand>, FluentValidation.Results.ValidationResult>
7ffcd0efe4e0     17        816 Order.Business.Model.Common.Result
7ffcd2752df0     17        816 Microsoft.EntityFrameworkCore.SqlServer.Query.Internal.SqlServerMethodCallTranslatorProvider
7ffcd2786810     17        816 Microsoft.EntityFrameworkCore.Query.RelationalQueryableMethodTranslatingExpressionVisitorDependencies
7ffcd37f1f08     17        816 Microsoft.EntityFrameworkCore.Query.LiftableConstantProcessor+LiftedConstantOptimizer
7ffcd37f4b18     17        816 Microsoft.EntityFrameworkCore.Utilities.Multigraph<Microsoft.EntityFrameworkCore.Update.IReadOnlyModificationCommand, Microsoft.EntityFrameworkCore.Update.Internal.CommandBatchPreparer+CommandDependency>
7ffcd278c8b0     17        816 Microsoft.EntityFrameworkCore.ChangeTracking.Internal.NavigationFixer
7ffcd278e8c0     17        816 Microsoft.EntityFrameworkCore.ChangeTracking.Internal.ValueGenerationManager
7ffcd14d44f0     34        816 Microsoft.AspNetCore.Mvc.Formatters.MediaTypeCollection
7ffcd1688ff8     17        816 Microsoft.AspNetCore.Mvc.HttpPatchAttribute
7ffcd18a07b0      6        816 System.Runtime.CompilerServices.AsyncTaskMethodBuilder<System.Threading.Tasks.VoidTaskResult>+AsyncStateMachineBox<RabbitMQ.Client.Impl.AsyncConsumerWorkService+WorkPool+<Loop>d__9>
7ffcd26924e0     26        832 System.Collections.Generic.Stack<System.Collections.Immutable.RefAsValueType<System.Collections.Immutable.SecurePooledObject<System.Collections.Generic.Stack<System.Collections.Immutable.RefAsValueType<System.Collections.Immutable.ImmutableSortedDictionary<System.Int32, System.ValueTuple<System.Nullable<Microsoft.EntityFrameworkCore.WarningBehavior>, System.Nullable<Microsoft.Extensions.Logging.LogLevel>>>+Node>>>>>
7ffcd146e6c8     13        832 System.Func<Microsoft.AspNetCore.Http.RequestDelegate, Microsoft.AspNetCore.Http.RequestDelegate>
7ffcd3e19d98     26        832 Microsoft.Data.SqlClient.SNIPacket
7ffcd363e550     26        832 System.Threading.ThreadLocal<Serilog.Extensions.Logging.SerilogLoggerProvider+ScopeCollector>+LinkedSlotVolatile[]
7ffcd153ab68     26        832 Microsoft.AspNetCore.Mvc.ClientErrorData
7ffcd26ec738     26        832 System.Collections.Generic.Stack<System.Collections.Immutable.RefAsValueType<System.Collections.Immutable.SecurePooledObject<System.Collections.Generic.Stack<System.Collections.Immutable.RefAsValueType<System.Collections.Immutable.ImmutableSortedDictionary<System.Type, System.ValueTuple<Microsoft.EntityFrameworkCore.Infrastructure.IDbContextOptionsExtension, System.Int32>>+Node>>>>>
7ffcd42fb5d0     13        832 System.Func<System.ValueTuple<System.String, System.Type, System.Reflection.MemberInfo>, System.Func<System.Object, System.Nullable<System.Decimal>>>
7ffcd42fbd78     13        832 System.Func<System.ValueTuple<System.String, System.Type, System.Reflection.MemberInfo>, System.Action<System.Object, System.Nullable<System.Decimal>>>
7ffcd3deb938     26        832 System.Tuple<System.String, System.String>
7ffcd3e19c88     26        832 Microsoft.Data.SqlClient.TdsParserStateObjectNative+WritePacketCache
7ffcd3e1bbd0     26        832 System.Collections.Generic.Stack<Microsoft.Data.SqlClient.SNIPacket>
7ffcd3ff5de8     13        832 Microsoft.EntityFrameworkCore.Storage.ReaderColumn<System.Boolean>
7ffcd3ff5940     13        832 System.Func<System.Data.Common.DbDataReader, System.Int32[], System.Boolean>
7ffcd4180cc0     15        840 System.Linq.Enumerable+IEnumerableSelectIterator<Order.Infrastructure.Entities.SubOrderModels.SubOrderItemBarcodeModel, CommonApiMessage.AggregatesModel.SubOrderMessage.SubOrderMessageItemSubBarcodeViewModel>
7ffcd0520018     21        840 System.Gen2GcCallback
7ffcd2b88b58     15        840 System.Linq.Expressions.Block5
7ffcd1976140     21        840 Microsoft.Extensions.Options.ConfigureNamedOptions<Microsoft.Extensions.Options.StartupValidatorOptions, Microsoft.Extensions.Options.IOptionsMonitor<Microsoft.Extensions.DependencyInjection.MetricsServiceExtensions+NoOpOptions>>
7ffcd1d32328     15        840 System.Collections.Concurrent.ConcurrentDictionary<System.UInt64, System.Text.Json.JsonEncodedText>+Node
7ffcd3de82a8      2        848 Microsoft.Data.ProviderBase.DbConnectionInternal[]
7ffcd27b1540     18        864 Microsoft.Extensions.DependencyInjection.ServiceLookup.ServiceProviderEngineScope
7ffcd2754cb8     18        864 Microsoft.EntityFrameworkCore.SqlServer.Query.Internal.SqlServerSqlExpressionFactory
7ffcd2787830     18        864 Microsoft.EntityFrameworkCore.Query.RelationalParameterBasedSqlProcessorDependencies
7ffcd416fc90     16        864 Order.Infrastructure.Entities.SubOrderModels.SubOrderItemFulFillmentModel[]
7ffcd16853d0     12        864 System.Threading.Tasks.Task<Microsoft.AspNetCore.Mvc.IActionResult>
7ffcd073d970      1        864 Microsoft.Extensions.DependencyModel.RuntimeLibrary[]
7ffcd11a0f08     12        864 Autofac.Builder.RegistrationData
7ffcd11a6a60     12        864 System.Collections.Generic.HashSet<Autofac.Core.Service>+Entry[]
7ffcd14ddd08      9        864 System.Resources.ResourceManager
7ffcd14e2890      9        864 System.Collections.Generic.Dictionary<System.String, System.Resources.ResourceSet>+Entry[]
7ffcd2a1a930     36        864 AutoMapper.Configuration.MemberConfigurationExpression<Order.Business.Mediator.Commands.OrderFront.OrderAddressFrontViewModel, Order.Infrastructure.Entities.OrderModels.OrderAddressModel, System.String>+<>c__DisplayClass24_0
7ffcd2a34e88     36        864 AutoMapper.Configuration.MemberConfigurationExpression<Order.Business.Mediator.Commands.OrderFront.OrderAddressFrontViewModel, Order.Infrastructure.Entities.SubOrderModels.SubOrderAddressModel, System.String>+<>c__DisplayClass24_0
7ffcd2a3a6d0     27        864 System.Linq.Expressions.Expression1<System.Func<Order.Domain.AggregatesModel.FrontAPI.Order.OrderDetailFrontView, System.String>>
7ffcd073b548      2        872 Microsoft.Extensions.DependencyModel.CompilationLibrary[]
7ffcd422af28     11        880 System.Linq.Grouping<<>f__AnonymousType14<System.String>, CommonApiMessage.AggregatesModel.SubOrderMessage.SubOrderMessageViewModel>[]
7ffcd4385ac0     11        880 Microsoft.AspNetCore.Mvc.Infrastructure.ResourceInvoker+ResultExecutingContextSealed
7ffcd2647f98     11        880 System.Collections.Generic.Dictionary<System.Type, Microsoft.EntityFrameworkCore.Infrastructure.IDbContextOptionsExtension>
7ffcd2e63760     11        880 System.Collections.Generic.Dictionary<System.String, Order.Infrastructure.Entities.OrderReference.OrderReferenceModel>
7ffcd3f6c9f0     11        880 System.Linq.Grouping<System.String, Order.Infrastructure.Entities.OrderReference.OrderReferenceModel>[]
7ffcd04fd998     22        880 System.Runtime.CompilerServices.ConditionalWeakTable<System.Buffers.SharedArrayPoolThreadLocalArray[], System.Object>
7ffcd0931130     10        880 System.Text.RegularExpressions.Regex
7ffcd19e5800     22        880 System.Xml.Linq.XName
7ffcd338e498     22        880 System.Linq.Expressions.Expression2<System.Func<System.Nullable<System.Int64>, System.Nullable<System.Int64>, System.Boolean>>
7ffcd25ae298     28        896 System.Collections.Generic.List<System.Byte[]>
7ffcd05a8c88     28        896 System.Collections.Generic.List<System.Threading.ThreadInt64PersistentCounter+ThreadLocalNodeFinalizationHelper>
7ffcd05a9218     28        896 System.Threading.ThreadInt64PersistentCounter+ThreadLocalNodeFinalizationHelper[]
7ffcd078abc8     14        896 System.Func<System.String, System.String>
7ffcd27b4c78     28        896 Microsoft.Extensions.DependencyInjection.ServiceProvider+ServiceAccessor
7ffcd1842c20      7        896 RabbitMQ.Client.Framing.BasicProperties
7ffcd1b4f370     16        896 Microsoft.AspNetCore.Server.Kestrel.Transport.Sockets.SocketConnectionContextFactory+QueueSettings
7ffcd1fcb438     16        896 System.Text.Json.Serialization.Converters.EnumConverter<Swashbuckle.AspNetCore.SwaggerUI.SubmitMethod>+EnumFieldInfo
7ffcd29c6328     14        896 System.Action<AutoMapper.IMemberConfigurationExpression<Order.Business.Mediator.Commands.OrderFront.CreateOrderFrontManualViewModel, Order.Infrastructure.Entities.SubOrderModels.SubOrderModel, System.String>>
7ffcd2a103e0     14        896 System.Action<AutoMapper.IMemberConfigurationExpression<Order.Business.Mediator.Commands.OrderFront.OrderAddressFrontViewModel, Order.Infrastructure.Entities.OrderModels.OrderAddressModel, System.String>>
7ffcd2a136b0     14        896 System.Action<AutoMapper.IMemberConfigurationExpression<Order.Business.Mediator.Commands.OrderFront.CreateOrderFrontViewModel, Order.Infrastructure.Entities.SubOrderModels.SubOrderModel, System.String>>
7ffcd2a141c0     14        896 System.Action<AutoMapper.IMemberConfigurationExpression<Order.Business.Mediator.Commands.OrderFront.OrderAddressFrontViewModel, Order.Infrastructure.Entities.SubOrderModels.SubOrderAddressModel, System.String>>
7ffcd37a3c40     14        896 System.Func<Microsoft.EntityFrameworkCore.Infrastructure.IAnnotation, System.String>
7ffcd37a3ef8     14        896 System.Func<Microsoft.EntityFrameworkCore.Infrastructure.IAnnotation, System.Object>
7ffcd41531e8     14        896 System.Func<System.ValueTuple<Microsoft.EntityFrameworkCore.Query.RelationalQueryContext, Microsoft.EntityFrameworkCore.Query.Internal.RelationalCommandResolver, System.Collections.Generic.IReadOnlyList<Microsoft.EntityFrameworkCore.Storage.ReaderColumn>, System.Boolean>, Microsoft.EntityFrameworkCore.Storage.RelationalDataReader>
7ffcd4200578     21        904 Order.Infrastructure.Entities.Package.PackageTbModel[]
7ffcd0b4d7e8      1        912 System.Collections.Generic.Dictionary<System.Object, System.ComponentModel.ReflectTypeDescriptionProvider+IntrinsicTypeConverterData>+Entry[]
7ffcd153e008      1        912 System.Collections.Generic.Dictionary<System.Int32, Microsoft.AspNetCore.Mvc.ClientErrorData>+Entry[]
7ffcd1b9fc90      1        912 System.Collections.Generic.Dictionary<System.Type, System.Text.Json.Serialization.JsonConverter>+Entry[]
7ffcd1cb7658      1        912 System.Collections.Generic.Dictionary<System.Type, System.Tuple<Swashbuckle.AspNetCore.SwaggerGen.DataType, System.String>>+Entry[]
7ffcd4037ad0     17        920 Order.Infrastructure.Entities.SubOrderModels.SubOrderItemDeliveryWindowModel[]
7ffcd26eb190     23        920 Microsoft.EntityFrameworkCore.Infrastructure.CoreOptionsExtension+ExtensionInfo
7ffcd136c488     23        920 System.Linq.Expressions.LoopExpression
7ffcd29f3920     39        936 AutoMapper.Configuration.MemberConfigurationExpression<Order.Business.Mediator.Commands.OrderFront.CreateOrderFrontManualViewModel, Order.Infrastructure.Entities.SubOrderModels.SubOrderModel, System.String>+<>c__DisplayClass24_0
7ffcd2a33240     39        936 AutoMapper.Configuration.MemberConfigurationExpression<Order.Business.Mediator.Commands.OrderFront.CreateOrderFrontViewModel, Order.Infrastructure.Entities.SubOrderModels.SubOrderModel, System.String>+<>c__DisplayClass24_0
7ffcd3041908      6        944 Microsoft.EntityFrameworkCore.Metadata.IConventionEntityType[]
7ffcd1f86640     17        952 Microsoft.AspNetCore.Http.Features.RequestServicesFeature
7ffcd14ae168     17        952 Microsoft.AspNetCore.Mvc.ModelBinding.ModelStateDictionary
7ffcd12bb650     17        952 Microsoft.AspNetCore.Mvc.ControllerContext
7ffcd2deaa30     17        952 Microsoft.AspNetCore.Http.Features.QueryFeature
7ffcd2e2e118     17        952 System.Linq.Enumerable+IEnumerableWhereIterator<FluentValidation.Results.ValidationFailure>
7ffcd27a1238     17        952 Microsoft.EntityFrameworkCore.Diagnostics.Internal.Interceptors
7ffcd27ad8d8     17        952 Microsoft.EntityFrameworkCore.ModelCreationDependencies
7ffcd278ead0     17        952 Microsoft.EntityFrameworkCore.ChangeTracking.Internal.ChangeTrackerFactory
7ffcd2750ad0     17        952 Microsoft.EntityFrameworkCore.SqlServer.Storage.Internal.SqlServerDatabaseCreator
7ffcd05a35a0     40        960 System.TimeSpan
7ffcd09d18c8     20        960 System.Runtime.CompilerServices.ConditionalWeakTable<System.Buffers.SharedArrayPoolThreadLocalArray[], System.Object>+Enumerator
7ffcd4042938     15        960 System.Action<Order.Infrastructure.Entities.SubOrderModels.SubOrderItemPayModel, Order.Infrastructure.Entities.SubOrderModels.SubOrderItemTaxModel>
7ffcd4045808     15        960 System.Func<Microsoft.EntityFrameworkCore.Query.QueryContext, System.Data.Common.DbDataReader, Microsoft.EntityFrameworkCore.Query.Internal.ResultContext, Microsoft.EntityFrameworkCore.Query.Internal.SplitQueryResultCoordinator, Order.Infrastructure.Entities.SubOrderModels.SubOrderItemRemarkModel>
7ffcd4049730     15        960 System.Action<Order.Infrastructure.Entities.SubOrderModels.SubOrderItemModel, Order.Infrastructure.Entities.SubOrderModels.SubOrderItemRemarkModel>
7ffcd4049b78     15        960 System.Func<Microsoft.EntityFrameworkCore.Query.QueryContext, System.Data.Common.DbDataReader, Microsoft.EntityFrameworkCore.Query.Internal.ResultContext, Microsoft.EntityFrameworkCore.Query.Internal.SplitQueryResultCoordinator, Order.Infrastructure.Entities.SubOrderModels.SubOrderItemBarcodeModel>
7ffcd404daa0     15        960 System.Action<Order.Infrastructure.Entities.SubOrderModels.SubOrderItemModel, Order.Infrastructure.Entities.SubOrderModels.SubOrderItemBarcodeModel>
7ffcd4060628     15        960 System.Func<Microsoft.EntityFrameworkCore.Query.QueryContext, System.Data.Common.DbDataReader, Microsoft.EntityFrameworkCore.Query.Internal.ResultContext, Microsoft.EntityFrameworkCore.Query.Internal.SplitQueryResultCoordinator, Order.Infrastructure.Entities.SubOrderModels.SubOrderRemarkModel>
7ffcd4062938     15        960 System.Action<Order.Infrastructure.Entities.SubOrderModels.SubOrderModel, Order.Infrastructure.Entities.SubOrderModels.SubOrderRemarkModel>
7ffcd4064e78     15        960 System.Func<Microsoft.EntityFrameworkCore.Query.QueryContext, System.Data.Common.DbDataReader, Microsoft.EntityFrameworkCore.Query.Internal.ResultContext, Microsoft.EntityFrameworkCore.Query.Internal.SplitQueryResultCoordinator, Order.Infrastructure.Entities.SubOrderModels.SubOrderPromotionModel>
7ffcd4067188     15        960 System.Action<Order.Infrastructure.Entities.SubOrderModels.SubOrderModel, Order.Infrastructure.Entities.SubOrderModels.SubOrderPromotionModel>
7ffcd4075ad8     15        960 System.Func<Microsoft.EntityFrameworkCore.Query.QueryContext, System.Data.Common.DbDataReader, Microsoft.EntityFrameworkCore.Query.Internal.ResultContext, Microsoft.EntityFrameworkCore.Query.Internal.SplitQueryResultCoordinator, Order.Infrastructure.Entities.SubOrderModels.SubOrderFeeModel>
7ffcd4079a00     15        960 System.Action<Order.Infrastructure.Entities.SubOrderModels.SubOrderModel, Order.Infrastructure.Entities.SubOrderModels.SubOrderFeeModel>
7ffcd2e62790     15        960 System.Func<Order.Infrastructure.Entities.SubOrderModels.SubOrderModel, System.Boolean>
7ffcd2e64c50     15        960 System.Func<Order.Infrastructure.Entities.OrderItemInformation.OrderItemOtherInfoModel, System.Boolean>
7ffcd2e652d8     15        960 System.Func<Order.Infrastructure.Entities.SubOrderModels.SubOrderItemFulFillmentModel, System.Boolean>
7ffcd4182988     15        960 System.Func<System.Linq.IQueryable<Order.Infrastructure.Entities.StoreLocation.StoreLocationModel>, System.Linq.Expressions.Expression<System.Func<Order.Infrastructure.Entities.StoreLocation.StoreLocationModel, System.Boolean>>, System.Linq.IQueryable<Order.Infrastructure.Entities.StoreLocation.StoreLocationModel>>
7ffcd4183538     15        960 System.Func<System.Func<Microsoft.EntityFrameworkCore.Query.QueryContext, System.Collections.Generic.IEnumerable<Order.Infrastructure.Entities.StoreLocation.StoreLocationModel>>>
7ffcd41859c8     15        960 System.Func<Microsoft.EntityFrameworkCore.Query.QueryContext, System.Data.Common.DbDataReader, Microsoft.EntityFrameworkCore.Query.Internal.ResultContext, Microsoft.EntityFrameworkCore.Query.Internal.SingleQueryResultCoordinator, Order.Infrastructure.Entities.StoreLocation.StoreLocationModel>
7ffcd418a4a8     15        960 System.Func<Microsoft.EntityFrameworkCore.DbContext, Microsoft.EntityFrameworkCore.Query.Internal.SingleQueryingEnumerable<Order.Infrastructure.Entities.StoreLocation.StoreLocationModel>+Enumerator, Microsoft.EntityFrameworkCore.Storage.ExecutionResult<System.Boolean>>
7ffcd418c168     15        960 System.Func<System.Linq.IQueryable<Order.Infrastructure.Entities.Package.PackageInfoModel>, System.Linq.Expressions.Expression<System.Func<Order.Infrastructure.Entities.Package.PackageInfoModel, System.Boolean>>, System.Linq.IQueryable<Order.Infrastructure.Entities.Package.PackageInfoModel>>
7ffcd418ca30     15        960 System.Func<System.Func<Microsoft.EntityFrameworkCore.Query.QueryContext, System.Collections.Generic.IEnumerable<Order.Infrastructure.Entities.Package.PackageInfoModel>>>
7ffcd418d2a8     15        960 System.Func<Microsoft.EntityFrameworkCore.Query.QueryContext, System.Data.Common.DbDataReader, Microsoft.EntityFrameworkCore.Query.Internal.ResultContext, Microsoft.EntityFrameworkCore.Query.Internal.SingleQueryResultCoordinator, Order.Infrastructure.Entities.Package.PackageInfoModel>
7ffcd41d0198     15        960 System.Func<Microsoft.EntityFrameworkCore.DbContext, Microsoft.EntityFrameworkCore.Query.Internal.SingleQueryingEnumerable<Order.Infrastructure.Entities.Package.PackageInfoModel>+Enumerator, Microsoft.EntityFrameworkCore.Storage.ExecutionResult<System.Boolean>>
7ffcd42002d0     15        960 System.Func<System.Linq.IQueryable<Order.Infrastructure.Entities.Package.PackageTbModel>, System.Linq.Expressions.Expression<System.Func<Order.Infrastructure.Entities.Package.PackageTbModel, System.Boolean>>, System.Linq.IQueryable<Order.Infrastructure.Entities.Package.PackageTbModel>>
7ffcd4200c30     15        960 System.Func<System.Func<Microsoft.EntityFrameworkCore.Query.QueryContext, System.Collections.Generic.IEnumerable<Order.Infrastructure.Entities.Package.PackageTbModel>>>
7ffcd4203ab0     15        960 System.Func<Microsoft.EntityFrameworkCore.Query.QueryContext, System.Data.Common.DbDataReader, Microsoft.EntityFrameworkCore.Query.Internal.ResultContext, Microsoft.EntityFrameworkCore.Query.Internal.SingleQueryResultCoordinator, Order.Infrastructure.Entities.Package.PackageTbModel>
7ffcd4206978     15        960 System.Func<Microsoft.EntityFrameworkCore.DbContext, Microsoft.EntityFrameworkCore.Query.Internal.SingleQueryingEnumerable<Order.Infrastructure.Entities.Package.PackageTbModel>+Enumerator, Microsoft.EntityFrameworkCore.Storage.ExecutionResult<System.Boolean>>
7ffcd07f7a60     10        960 System.Reflection.RuntimeAssembly+ManifestResourceStream
7ffcd2948140     30        960 System.Linq.Expressions.Expression1<System.Func<Order.Infrastructure.Entities.OrderModels.OrderModel, System.String>>
7ffcd2a6c540     15        960 AutoMapper.Configuration.MemberConfigurationExpression<Order.Business.Mediator.Commands.OrderFront.UpdateOrderFrontViewModel, Order.Infrastructure.Entities.OrderModels.OrderModel, System.String>
7ffcd2a6cc58     30        960 System.Linq.Expressions.Expression1<System.Func<Order.Business.Mediator.Commands.OrderFront.UpdateOrderFrontViewModel, System.String>>
7ffcd2a75ae0     15        960 AutoMapper.Configuration.MemberConfigurationExpression<Order.Business.Mediator.Commands.OrderFront.UpdateOrderFrontViewModel, Order.Business.Mediator.Commands.OrderFront.UpdateSubOrderFrontViewModel, System.String>
7ffcd2a91488     15        960 AutoMapper.Configuration.MemberConfigurationExpression<Order.Business.Mediator.Commands.OrderFront.UpdateSubOrderFrontViewModel, Order.Infrastructure.Entities.SubOrderModels.SubOrderModel, System.String>
7ffcd2a9a650     15        960 AutoMapper.Configuration.MemberConfigurationExpression<Order.Infrastructure.Data.Readonlys.CompanyBuMapping.GetCompanyBuMappingByIdViewModelDto, Order.Business.Dtos.ViewModels.CompanyBuMapping.GetCompanyBuMappingByIdViewModel, System.String>
7ffcd2aa5490     15        960 AutoMapper.Configuration.MemberConfigurationExpression<Order.Business.Mediator.Queries.CompanyBUMapping.GetCompanyBuMappingsQuery, Order.Infrastructure.Data.Readonlys.CompanyBuMapping.GetCompanyBuMappingsQueryDto, System.String>
7ffcd1556538     20        960 Microsoft.AspNetCore.Mvc.ProducesAttribute
7ffcd1ab51b0     20        960 System.Collections.Concurrent.ConcurrentDictionary<System.Type, Microsoft.Extensions.DependencyInjection.ActivatorUtilities+ConstructorInfoEx[]>+Node
7ffcd29be828     15        960 System.Action<AutoMapper.IMemberConfigurationExpression<Order.Business.Mediator.Commands.OrderFront.CreateOrderFrontManualViewModel, Order.Infrastructure.Entities.OrderModels.OrderModel, System.String>>
7ffcd29ff890     15        960 System.Action<AutoMapper.IMemberConfigurationExpression<Order.Business.Mediator.Commands.OrderFront.CreateOrderFrontViewModel, Order.Infrastructure.Entities.OrderModels.OrderModel, System.String>>
7ffcd42a43d0     15        960 System.Func<System.ValueTuple<System.String, System.Type, System.Reflection.MemberInfo>, System.Func<System.Object, System.DateTime>>
7ffcd42a4b78     15        960 System.Func<System.ValueTuple<System.String, System.Type, System.Reflection.MemberInfo>, System.Action<System.Object, System.DateTime>>
7ffcd2645c38     11        968 Microsoft.AspNetCore.Mvc.Infrastructure.ResourceInvoker+ResourceExecutedContextSealed
7ffcd407aa78     11        968 Microsoft.EntityFrameworkCore.Query.Internal.SplitQueryingEnumerable<Order.Infrastructure.Entities.SubOrderModels.SubOrderModel>
7ffcd2e15a08     18        976 FluentValidation.IValidationRuleInternal<Order.Business.Mediator.Commands.Order.GetSubOrderCommand>[]
7ffcd2e25820     18        976 FluentValidation.Internal.RuleComponent<Order.Business.Mediator.Commands.Order.GetSubOrderCommand, Order.Business.Mediator.Commands.Order.GetSubOrderCommand>[]
7ffcd4182898     31        992 System.Linq.Expressions.Expression1<System.Func<Order.Infrastructure.Entities.StoreLocation.StoreLocationModel, System.Boolean>>
7ffcd418c078     31        992 System.Linq.Expressions.Expression1<System.Func<Order.Infrastructure.Entities.Package.PackageInfoModel, System.Boolean>>
7ffcd42001e0     31        992 System.Linq.Expressions.Expression1<System.Func<Order.Infrastructure.Entities.Package.PackageTbModel, System.Boolean>>
7ffcd0aa0378     31        992 System.Collections.Generic.List<System.Diagnostics.Metrics.Instrument>
7ffcd2eac488      4        992 Microsoft.EntityFrameworkCore.Storage.GuidTypeMapping
7ffcd42a2818      4        992 System.Text.Json.Serialization.Metadata.JsonPropertyInfo<System.Collections.Generic.List<System.String>>
7ffcd42a7238      4        992 System.Text.Json.Serialization.Metadata.JsonPropertyInfo<System.Collections.Generic.List<CommonApiMessage.AggregatesModel.SubOrderMessage.SubOrderMessageRemarkViewModel>>
7ffcd42a95a8      4        992 System.Text.Json.Serialization.Metadata.JsonPropertyInfo<System.Collections.Generic.List<CommonApiMessage.AggregatesModel.SubOrderMessage.SubOrderMessageItemViewModel>>
7ffcd42aa760      4        992 System.Text.Json.Serialization.Metadata.JsonPropertyInfo<System.Collections.Generic.List<CommonApiMessage.AggregatesModel.OrderMessage.OrderMessagePaymentViewModel>>
7ffcd42ab918      4        992 System.Text.Json.Serialization.Metadata.JsonPropertyInfo<System.Collections.Generic.List<CommonApiMessage.AggregatesModel.OrderMessage.OrderMessageCustomerViewModel>>
7ffcd42acad0      4        992 System.Text.Json.Serialization.Metadata.JsonPropertyInfo<System.Collections.Generic.List<CommonApiMessage.AggregatesModel.OrderMessage.OrderMessageItemViewModel>>
7ffcd42adc88      4        992 System.Text.Json.Serialization.Metadata.JsonPropertyInfo<System.Collections.Generic.List<CommonApiMessage.AggregatesModel.OrderMessage.OrderMessagePromotionViewModel>>
7ffcd42aee40      4        992 System.Text.Json.Serialization.Metadata.JsonPropertyInfo<System.Collections.Generic.List<CommonApiMessage.AggregatesModel.SubOrderMessage.SubOrderMessagePromotionViewModel>>
7ffcd42b0028      4        992 System.Text.Json.Serialization.Metadata.JsonPropertyInfo<System.Collections.Generic.List<CommonApiMessage.AggregatesModel.SubOrderMessage.SubOrderMessageFeeViewModel>>
7ffcd42b11e0      4        992 System.Text.Json.Serialization.Metadata.JsonPropertyInfo<System.Collections.Generic.List<CommonApiMessage.AggregatesModel.Package.PackageInfoMessageViewModel>>
7ffcd42b2398      4        992 System.Text.Json.Serialization.Metadata.JsonPropertyInfo<System.Collections.Generic.List<CommonApiMessage.AggregatesModel.OrderMessage.OrderMessageAddressViewModel>>
7ffcd42b5168      4        992 System.Text.Json.Serialization.Metadata.JsonPropertyInfo<System.Collections.Generic.List<CommonApiMessage.AggregatesModel.Package.PackageTbMessage>>
7ffcd42c6d20      4        992 System.Text.Json.Serialization.Metadata.JsonPropertyInfo<System.Int64>
7ffcd42cdc98      4        992 System.Text.Json.Serialization.Metadata.JsonPropertyInfo<CommonApiMessage.AggregatesModel.SubOrderMessage.SubOrderMessageItemPromotionViewModel>
7ffcd42cee50      4        992 System.Text.Json.Serialization.Metadata.JsonPropertyInfo<CommonApiMessage.AggregatesModel.SubOrderMessage.SubOrderMessageItemFulFillmentViewModel>
7ffcd42f0028      4        992 System.Text.Json.Serialization.Metadata.JsonPropertyInfo<System.Collections.Generic.List<CommonApiMessage.AggregatesModel.SubOrderMessage.SubOrderMessageItemRemarkViewModel>>
7ffcd42f11e0      4        992 System.Text.Json.Serialization.Metadata.JsonPropertyInfo<CommonApiMessage.AggregatesModel.SubOrderMessage.SubOrderMessageItemAmountViewModel>
7ffcd42f2398      4        992 System.Text.Json.Serialization.Metadata.JsonPropertyInfo<System.Collections.Generic.List<CommonApiMessage.AggregatesModel.SubOrderMessage.SubOrderMessageItemPaymentViewModel>>
7ffcd42f3550      4        992 System.Text.Json.Serialization.Metadata.JsonPropertyInfo<System.Collections.Generic.List<CommonApiMessage.AggregatesModel.SubOrderMessage.SubOrderMessageItemSubBarcodeViewModel>>
7ffcd42f4708      4        992 System.Text.Json.Serialization.Metadata.JsonPropertyInfo<System.Collections.Generic.List<CommonApiMessage.AggregatesModel.SubOrderMessage.SubOrderMessageItemPromotionsViewModel>>
7ffcd4300418      4        992 System.Text.Json.Serialization.Metadata.JsonPropertyInfo<System.Collections.Generic.List<CommonApiMessage.AggregatesModel.SubOrderMessage.SubOrderMessageItemDeliveryWindowViewModel>>
7ffcd43031e8      4        992 System.Text.Json.Serialization.Metadata.JsonPropertyInfo<System.Collections.Generic.List<CommonApiMessage.AggregatesModel.SubOrderMessage.SubOrderMessageItemFulFillmentServiceTypeViewModel>>
7ffcd43187f8      4        992 System.Text.Json.Serialization.Metadata.JsonPropertyInfo<System.Collections.Generic.List<CommonApiMessage.AggregatesModel.OrderMessage.OrderMessagePaymentTransactionViewModel>>
7ffcd4324c58      4        992 System.Text.Json.Serialization.Metadata.JsonPropertyInfo<CommonApiMessage.AggregatesModel.OrderMessage.OrderMessageItemFulFillmentViewModel>
7ffcd4325e10      4        992 System.Text.Json.Serialization.Metadata.JsonPropertyInfo<System.Collections.Generic.List<CommonApiMessage.AggregatesModel.OrderMessage.OrderMessageItemRemarkViewModel>>
7ffcd4326fc8      4        992 System.Text.Json.Serialization.Metadata.JsonPropertyInfo<CommonApiMessage.AggregatesModel.OrderMessage.OrderMessageItemAmountViewModel>
7ffcd4328180      4        992 System.Text.Json.Serialization.Metadata.JsonPropertyInfo<System.Collections.Generic.List<CommonApiMessage.AggregatesModel.OrderMessage.OrderMessageItemPaymentViewModel>>
7ffcd4329338      4        992 System.Text.Json.Serialization.Metadata.JsonPropertyInfo<System.Collections.Generic.List<CommonApiMessage.AggregatesModel.OrderMessage.OrderMessageSubBarcodeViewModel>>
7ffcd432a4f0      4        992 System.Text.Json.Serialization.Metadata.JsonPropertyInfo<CommonApiMessage.AggregatesModel.OrderMessage.OrderMessageItemPromotionViewModel>
7ffcd432b6a8      4        992 System.Text.Json.Serialization.Metadata.JsonPropertyInfo<System.Collections.Generic.List<CommonApiMessage.AggregatesModel.OrderMessage.OrderMessageItemPromotionsViewModel>>
7ffcd432ed10      4        992 System.Text.Json.Serialization.Metadata.JsonPropertyInfo<System.Collections.Generic.List<CommonApiMessage.AggregatesModel.OrderMessage.OrderMessageItemDeliveryWindowViewModel>>
7ffcd4331c40      4        992 System.Text.Json.Serialization.Metadata.JsonPropertyInfo<System.Collections.Generic.List<CommonApiMessage.AggregatesModel.OrderMessage.OrderMessageItemFulFillmentServiceTypeViewModel>>
7ffcd4344410      4        992 System.Text.Json.Serialization.Metadata.JsonPropertyInfo<CommonApiMessage.AggregatesModel.OrderMessage.OrderMessagePromotionAmountViewModel>
7ffcd4348e60      4        992 System.Text.Json.Serialization.Metadata.JsonPropertyInfo<CommonApiMessage.AggregatesModel.SubOrderMessage.SubOrderMessagePromotionAmountViewModel>
7ffcd434d8b0      4        992 System.Text.Json.Serialization.Metadata.JsonPropertyInfo<CommonApiMessage.AggregatesModel.SubOrderMessage.SubOrderMessageFeeAmountViewModel>
7ffcd434ea68      4        992 System.Text.Json.Serialization.Metadata.JsonPropertyInfo<System.Collections.Generic.ICollection<CommonApiMessage.AggregatesModel.SubOrderMessage.SubOrderMessageFeePaymentViewModel>>
7ffcd13bf580     18      1,008 System.Collections.Concurrent.ConcurrentDictionary<System.ValueTuple<System.Guid, System.Guid>, System.Object>+Tables
7ffcd1c2e870     42      1,008 System.Text.Json.Serialization.Metadata.JsonPropertyInfo<System.Int32>+<>c__DisplayClass9_0
7ffcd0dff178      2      1,008 System.Collections.Generic.Dictionary<System.String, System.Type>+Entry[]
7ffcd2a18398     42      1,008 AutoMapper.Configuration.MemberConfigurationExpression<Order.Business.Mediator.Commands.OrderFront.CreateOrderFrontViewModel, Order.Infrastructure.Entities.OrderModels.OrderModel, System.String>+<>c__DisplayClass24_0
7ffcd1556a18     42      1,008 Microsoft.AspNetCore.Mvc.ApiControllerAttribute
7ffcd1c2f150     42      1,008 System.Text.Json.Serialization.Metadata.JsonPropertyInfo<System.Int32>+<>c__DisplayClass10_0
7ffcd29cdde0     42      1,008 AutoMapper.Configuration.MemberConfigurationExpression<Order.Business.Mediator.Commands.OrderFront.CreateOrderFrontManualViewModel, Order.Infrastructure.Entities.OrderModels.OrderModel, System.String>+<>c__DisplayClass24_0
7ffcd4035af8     16      1,024 System.Func<Microsoft.EntityFrameworkCore.Query.QueryContext, System.Data.Common.DbDataReader, Microsoft.EntityFrameworkCore.Query.Internal.ResultContext, Microsoft.EntityFrameworkCore.Query.Internal.SplitQueryResultCoordinator, Order.Infrastructure.Entities.SubOrderModels.SubOrderItemDeliveryWindowModel>
7ffcd4037d58     16      1,024 System.Action<Order.Infrastructure.Entities.SubOrderModels.SubOrderItemFulFillmentModel, Order.Infrastructure.Entities.SubOrderModels.SubOrderItemDeliveryWindowModel>
7ffcd403a778     16      1,024 System.Func<Microsoft.EntityFrameworkCore.Query.QueryContext, System.Data.Common.DbDataReader, Microsoft.EntityFrameworkCore.Query.Internal.ResultContext, Microsoft.EntityFrameworkCore.Query.Internal.SplitQueryResultCoordinator, Order.Infrastructure.Entities.SubOrderModels.SubOrderItemPromotionsModel>
7ffcd403cb18     16      1,024 System.Action<Order.Infrastructure.Entities.SubOrderModels.SubOrderItemModel, Order.Infrastructure.Entities.SubOrderModels.SubOrderItemPromotionsModel>
7ffcd40430b0     16      1,024 System.Func<Microsoft.EntityFrameworkCore.Query.QueryContext, System.Data.Common.DbDataReader, Microsoft.EntityFrameworkCore.Query.Internal.ResultContext, Microsoft.EntityFrameworkCore.Query.Internal.SplitQueryResultCoordinator, Order.Infrastructure.Entities.SubOrderModels.SubOrderItemPayModel>
7ffcd40453c0     16      1,024 System.Action<Order.Infrastructure.Entities.SubOrderModels.SubOrderItemModel, Order.Infrastructure.Entities.SubOrderModels.SubOrderItemPayModel>
7ffcd3efd870     16      1,024 System.Func<System.Func<Microsoft.EntityFrameworkCore.Query.QueryContext, System.Collections.Generic.IEnumerable<Order.Infrastructure.Entities.OrderReference.OrderReferenceModel>>>
7ffcd2eab830      4      1,024 Microsoft.EntityFrameworkCore.SqlServer.Storage.Internal.SqlServerDateTimeOffsetTypeMapping
7ffcd2df15b0     28      1,032 Microsoft.AspNetCore.Mvc.ModelBinding.ModelStateDictionary+ModelStateNode[]
7ffcd1057ab8     10      1,040 Order.Infrastructure.Entities.Package.PackageInfoModel
7ffcd0966490     13      1,040 System.Reflection.RuntimeFieldInfo[][]
7ffcd1d26e48     26      1,040 System.Text.Json.Utf8JsonWriterCache+ThreadLocalState
7ffcd3e2a660     26      1,040 Microsoft.Data.SqlClient.SNIHandle
7ffcd3b12668     26      1,040 Microsoft.Data.Common.ActivityCorrelator+ActivityId
7ffcd382da18     13      1,040 System.Collections.Generic.Dictionary<System.Char, Microsoft.EntityFrameworkCore.Query.SqlAliasManager+MutableInt>
7ffcd3deb388     26      1,040 Microsoft.Data.ProviderBase.TimeoutTimer
7ffcd3e1c128     26      1,040 System.Security.SecureString[]
7ffcd12188e8      1      1,048 System.Dynamic.Utils.CacheDict<System.Reflection.MethodBase, System.Reflection.ParameterInfo[]>+Entry[]
7ffcd1afc750      1      1,048 System.Collections.Concurrent.ConcurrentStack<System.Byte[]>[]
7ffcd3a56080     22      1,056 Microsoft.EntityFrameworkCore.Query.Internal.SplitQueryResultCoordinator
7ffcd2b68538     33      1,056 System.Collections.Generic.List<CommonApiMessage.AggregatesModel.SubOrderMessage.SubOrderMessageItemDeliveryWindowViewModel>
7ffcd2b67d68     33      1,056 System.Collections.Generic.List<CommonApiMessage.AggregatesModel.SubOrderMessage.SubOrderMessageItemPromotionsViewModel>
7ffcd2b674b0     33      1,056 System.Collections.Generic.List<CommonApiMessage.AggregatesModel.SubOrderMessage.SubOrderMessageItemPaymentViewModel>
7ffcd2b66f20     33      1,056 System.Collections.Generic.List<CommonApiMessage.AggregatesModel.SubOrderMessage.SubOrderMessageItemRemarkViewModel>
7ffcd2985470     33      1,056 System.Collections.Generic.List<CommonApiMessage.AggregatesModel.SubOrderMessage.SubOrderMessageItemSubBarcodeViewModel>
7ffcd2b640c0     33      1,056 System.Collections.Generic.List<CommonApiMessage.AggregatesModel.SubOrderMessage.SubOrderMessageRemarkViewModel>
7ffcd2b65170     33      1,056 System.Collections.Generic.List<CommonApiMessage.AggregatesModel.SubOrderMessage.SubOrderMessagePromotionViewModel>
7ffcd2b65700     33      1,056 System.Collections.Generic.List<CommonApiMessage.AggregatesModel.SubOrderMessage.SubOrderMessageFeeViewModel>
7ffcd26471c8     11      1,056 Microsoft.AspNetCore.Mvc.Infrastructure.ControllerActionInvoker+ActionExecutedContextSealed
7ffcd4385838     11      1,056 Microsoft.AspNetCore.Mvc.Infrastructure.ResourceInvoker+ResultExecutedContextSealed
7ffcd0883c38     44      1,056 Microsoft.AspNetCore.Http.HostString
7ffcd262c698     33      1,056 System.Collections.Generic.List<Microsoft.AspNetCore.Mvc.ActionConstraints.ActionSelectorCandidate>
7ffcd2665f18     11      1,056 System.Linq.Enumerable+<SelectIterator>d__251<System.Collections.Generic.KeyValuePair<System.Type, Microsoft.EntityFrameworkCore.Infrastructure.IDbContextOptionsExtension>, System.Collections.Generic.KeyValuePair<System.Type, System.ValueTuple<Microsoft.EntityFrameworkCore.Infrastructure.IDbContextOptionsExtension, System.Int32>>>
7ffcd2de8e98     33      1,056 System.Collections.Generic.List<Microsoft.AspNetCore.Mvc.ModelBinding.IValueProvider>
7ffcd2e9a198     22      1,056 System.Linq.Enumerable+OfTypeIterator<Microsoft.EntityFrameworkCore.SqlServer.Infrastructure.Internal.SqlServerOptionsExtension>
7ffcd37fe9b8     22      1,056 System.Linq.Enumerable+OfTypeIterator<Microsoft.EntityFrameworkCore.Infrastructure.CoreOptionsExtension>
7ffcd2e4f3c8     33      1,056 <>f__AnonymousType11<System.String, System.String>
7ffcd4296000     33      1,056 Microsoft.EntityFrameworkCore.Query.Internal.EntityQueryable<Order.Infrastructure.Entities.Promotion.PromotionItemModel>
7ffcd363fa20     22      1,056 Microsoft.AspNetCore.Mvc.MvcCoreLoggerExtensions+ActionLogScope+<GetEnumerator>d__6
7ffcd363fd80     22      1,056 Microsoft.AspNetCore.Hosting.HostingApplicationDiagnostics+Log+HostingLogScope+<GetEnumerator>d__9
7ffcd3650028     22      1,056 Microsoft.AspNetCore.Server.Kestrel.Core.Internal.ConnectionLogScope+<GetEnumerator>d__7
7ffcd2a3e260     33      1,056 System.Collections.Generic.List<System.Action<AutoMapper.PathMap>>
7ffcd13447f8      2      1,056 System.Collections.Concurrent.ConcurrentDictionary<System.Object, Microsoft.Extensions.Caching.Memory.CacheEntry>+VolatileNode[]
7ffcd1f2b0e0      2      1,056 System.Threading.RegisteredWaitHandle[]
7ffcd3f4d288     44      1,056 System.Collections.Generic.Dictionary<Microsoft.EntityFrameworkCore.Metadata.IPropertyBase, System.Int32>+ValueCollection
7ffcd3db8050     11      1,056 System.Configuration.FactoryRecord
7ffcd0989ca8      2      1,072 System.Collections.Concurrent.ConcurrentQueueSegment<Serilog.Events.LogEvent>+Slot[]
7ffcd1824418      2      1,072 Internal.PaddedReference[]
7ffcd4163278     15      1,080 System.Collections.Generic.HashSet<Order.Infrastructure.Entities.SubOrderModels.SubOrderItemPayModel>+Entry[]
7ffcd4165860     15      1,080 System.Collections.Generic.HashSet<Order.Infrastructure.Entities.SubOrderModels.SubOrderItemModel>+Entry[]
7ffcd4180320     15      1,080 System.Linq.Enumerable+ListWhereIterator<Order.Infrastructure.Entities.SubOrderModels.SubOrderItemFulFillmentModel>
7ffcd4185ea0     15      1,080 Microsoft.EntityFrameworkCore.Query.Internal.SingleQueryingEnumerable<Order.Infrastructure.Entities.StoreLocation.StoreLocationModel>
7ffcd418d780     15      1,080 Microsoft.EntityFrameworkCore.Query.Internal.SingleQueryingEnumerable<Order.Infrastructure.Entities.Package.PackageInfoModel>
7ffcd4203f88     15      1,080 Microsoft.EntityFrameworkCore.Query.Internal.SingleQueryingEnumerable<Order.Infrastructure.Entities.Package.PackageTbModel>
7ffcd25d1e50     45      1,080 Microsoft.AspNetCore.Http.QueryString
7ffcd380faa8     45      1,080 Microsoft.EntityFrameworkCore.Storage.ValueBuffer
7ffcd42312f0     34      1,088 System.Linq.Expressions.Expression1<System.Func<Order.Infrastructure.Entities.OrderModels.OrderModel, System.Boolean>>
7ffcd4047f08     17      1,088 System.Collections.Generic.HashSet<Order.Infrastructure.Entities.SubOrderModels.SubOrderItemRemarkModel>
7ffcd4043b98     17      1,088 System.Collections.Generic.HashSet<Order.Infrastructure.Entities.SubOrderModels.SubOrderItemPayModel>
7ffcd40330d8     17      1,088 System.Action<Order.Infrastructure.Entities.SubOrderModels.SubOrderItemModel, Order.Infrastructure.Entities.SubOrderModels.SubOrderItemAmountModel>
7ffcd4038238     17      1,088 System.Action<Order.Infrastructure.Entities.SubOrderModels.SubOrderItemModel, Order.Infrastructure.Entities.SubOrderModels.SubOrderItemFulFillmentModel>
7ffcd403a330     17      1,088 System.Action<Order.Infrastructure.Entities.SubOrderModels.SubOrderItemModel, Order.Infrastructure.Entities.SubOrderModels.SubOrderItemPromotionModel>
7ffcd403b2f0     17      1,088 System.Collections.Generic.HashSet<Order.Infrastructure.Entities.SubOrderModels.SubOrderItemPromotionsModel>
7ffcd404c278     17      1,088 System.Collections.Generic.HashSet<Order.Infrastructure.Entities.SubOrderModels.SubOrderItemBarcodeModel>
7ffcd1ed49d0     17      1,088 Microsoft.AspNetCore.Http.DefaultHttpResponse
7ffcd163eb10     17      1,088 Utility.Package.Middlewares.DecryptAndBindingMiddleware+<InvokeAsync>d__5
7ffcd28f4e60     17      1,088 Microsoft.EntityFrameworkCore.Internal.InternalDbSet<Order.Infrastructure.Entities.Setting.AllowedStatusModel>
7ffcd28f5800     17      1,088 Microsoft.EntityFrameworkCore.Internal.InternalDbSet<Order.Infrastructure.Entities.Setting.BackGroudSeviceModel>
7ffcd28f5ba8     17      1,088 Microsoft.EntityFrameworkCore.Internal.InternalDbSet<Order.Infrastructure.Entities.StoreLocation.BuModel>
7ffcd28f5f50     17      1,088 Microsoft.EntityFrameworkCore.Internal.InternalDbSet<Order.Infrastructure.Entities.EmailMaster.EmailMasterModel>
7ffcd28f6308     17      1,088 Microsoft.EntityFrameworkCore.Internal.InternalDbSet<Order.Infrastructure.Entities.EmailMaster.EmailRecipientModel>
7ffcd28f66b0     17      1,088 Microsoft.EntityFrameworkCore.Internal.InternalDbSet<Order.Infrastructure.Entities.MessageLog.ExternalLogModel>
7ffcd28f6a58     17      1,088 Microsoft.EntityFrameworkCore.Internal.InternalDbSet<Order.Infrastructure.Entities.SettingModel.FunctionModel>
7ffcd28f6e00     17      1,088 Microsoft.EntityFrameworkCore.Internal.InternalDbSet<Order.Infrastructure.Entities.MessageLog.HttpLogModel>
7ffcd28f76a8     17      1,088 Microsoft.EntityFrameworkCore.Internal.InternalDbSet<Order.Infrastructure.Entities.Log.InternalLog>
7ffcd28f7a50     17      1,088 Microsoft.EntityFrameworkCore.Internal.InternalDbSet<Order.Infrastructure.Entities.OrderItemInformation.OrderItemOtherInfoModel>
7ffcd28f7df8     17      1,088 Microsoft.EntityFrameworkCore.Internal.InternalDbSet<Order.Infrastructure.Entities.MessageLog.MessageLogsModel>
7ffcd28f81a0     17      1,088 Microsoft.EntityFrameworkCore.Internal.InternalDbSet<Order.Infrastructure.Entities.OrderModels.OrderModel>
7ffcd28f8548     17      1,088 Microsoft.EntityFrameworkCore.Internal.InternalDbSet<Order.Infrastructure.Entities.OrderModels.OrderAddressModel>
7ffcd28f88f0     17      1,088 Microsoft.EntityFrameworkCore.Internal.InternalDbSet<Order.Infrastructure.Entities.OrderModels.OrderCustomerModel>
7ffcd28f8c98     17      1,088 Microsoft.EntityFrameworkCore.Internal.InternalDbSet<Order.Infrastructure.Entities.OrderModels.OrderFeeAmountModel>
7ffcd28f9040     17      1,088 Microsoft.EntityFrameworkCore.Internal.InternalDbSet<Order.Infrastructure.Entities.OrderModels.OrderFeeAmountDtlModel>
7ffcd28f93e8     17      1,088 Microsoft.EntityFrameworkCore.Internal.InternalDbSet<Order.Infrastructure.Entities.OrderModels.OrderFeeModel>
7ffcd28f9790     17      1,088 Microsoft.EntityFrameworkCore.Internal.InternalDbSet<Order.Infrastructure.Entities.OrderModels.OrderFeePaymentModel>
7ffcd28f9b38     17      1,088 Microsoft.EntityFrameworkCore.Internal.InternalDbSet<Order.Infrastructure.Entities.OrderModels.OrderFeeTaxModel>
7ffcd28f9ee0     17      1,088 Microsoft.EntityFrameworkCore.Internal.InternalDbSet<Order.Infrastructure.Entities.OrderModels.OrderItemModel>
7ffcd28fa288     17      1,088 Microsoft.EntityFrameworkCore.Internal.InternalDbSet<Order.Infrastructure.Entities.OrderModels.OrderItemAmountModel>
7ffcd28fa630     17      1,088 Microsoft.EntityFrameworkCore.Internal.InternalDbSet<Order.Infrastructure.Entities.OrderModels.OrderItemAmountDtlModel>
7ffcd28fa9d8     17      1,088 Microsoft.EntityFrameworkCore.Internal.InternalDbSet<Order.Infrastructure.Entities.OrderModels.OrderItemBarcodeModel>
7ffcd28fad80     17      1,088 Microsoft.EntityFrameworkCore.Internal.InternalDbSet<Order.Infrastructure.Entities.OrderModels.OrderItemDeliveryWindowModel>
7ffcd28fb128     17      1,088 Microsoft.EntityFrameworkCore.Internal.InternalDbSet<Order.Infrastructure.Entities.OrderModels.OrderItemFulFillmentModel>
7ffcd28fb4d0     17      1,088 Microsoft.EntityFrameworkCore.Internal.InternalDbSet<Order.Infrastructure.Entities.OrderModels.OrderItemFulFillmentServiceTypeModel>
7ffcd28fb878     17      1,088 Microsoft.EntityFrameworkCore.Internal.InternalDbSet<Order.Infrastructure.Entities.OrderModels.OrderItemPaymentModel>
7ffcd28fbc20     17      1,088 Microsoft.EntityFrameworkCore.Internal.InternalDbSet<Order.Infrastructure.Entities.OrderModels.OrderItemPromotionModel>
7ffcd28fbfc8     17      1,088 Microsoft.EntityFrameworkCore.Internal.InternalDbSet<Order.Infrastructure.Entities.OrderModels.OrderItemPromotionsModel>
7ffcd28fc370     17      1,088 Microsoft.EntityFrameworkCore.Internal.InternalDbSet<Order.Infrastructure.Entities.OrderModels.OrderItemRemarkModel>
7ffcd28fc718     17      1,088 Microsoft.EntityFrameworkCore.Internal.InternalDbSet<Order.Infrastructure.Entities.OrderModels.OrderItemTaxModel>
7ffcd28fcac0     17      1,088 Microsoft.EntityFrameworkCore.Internal.InternalDbSet<Order.Infrastructure.Entities.SysStatusAggregate.OrderOutboxModel>
7ffcd28fce68     17      1,088 Microsoft.EntityFrameworkCore.Internal.InternalDbSet<Order.Infrastructure.Entities.OrderModels.OrderPaymentModel>
7ffcd28fd210     17      1,088 Microsoft.EntityFrameworkCore.Internal.InternalDbSet<Order.Infrastructure.Entities.OrderModels.OrderPaymentTransactionModel>
7ffcd28fd5b8     17      1,088 Microsoft.EntityFrameworkCore.Internal.InternalDbSet<Order.Infrastructure.Entities.OrderProcessCondition.OrderProcessConditionModel>
7ffcd28fd960     17      1,088 Microsoft.EntityFrameworkCore.Internal.InternalDbSet<Order.Infrastructure.Entities.OrderModels.OrderPromotionModel>
7ffcd28fdd08     17      1,088 Microsoft.EntityFrameworkCore.Internal.InternalDbSet<Order.Infrastructure.Entities.OrderModels.OrderPromotionAmountModel>
7ffcd28fe0b0     17      1,088 Microsoft.EntityFrameworkCore.Internal.InternalDbSet<Order.Infrastructure.Entities.OrderReference.OrderReferenceModel>
7ffcd28fe458     17      1,088 Microsoft.EntityFrameworkCore.Internal.InternalDbSet<Order.Infrastructure.Entities.OrderModels.OrderRemarkModel>
7ffcd28fe800     17      1,088 Microsoft.EntityFrameworkCore.Internal.InternalDbSet<Order.Infrastructure.Entities.OrderReturn.OrderReturnModel>
7ffcd28feba8     17      1,088 Microsoft.EntityFrameworkCore.Internal.InternalDbSet<Order.Infrastructure.Entities.OrderReturn.OrderReturnItemModel>
7ffcd28fef50     17      1,088 Microsoft.EntityFrameworkCore.Internal.InternalDbSet<Order.Infrastructure.Entities.SysStatusAggregate.OrderSagaModel>
7ffcd28ff2f8     17      1,088 Microsoft.EntityFrameworkCore.Internal.InternalDbSet<Order.Infrastructure.Entities.OrderStaging.OrderStagingModel>
7ffcd28ff6a0     17      1,088 Microsoft.EntityFrameworkCore.Internal.InternalDbSet<Order.Infrastructure.Entities.PackageAuditInfo.PackageAuditInfoModel>
7ffcd28ffa48     17      1,088 Microsoft.EntityFrameworkCore.Internal.InternalDbSet<Order.Infrastructure.Entities.Package.PackageInfoModel>
7ffcd28ffdf0     17      1,088 Microsoft.EntityFrameworkCore.Internal.InternalDbSet<Order.Infrastructure.Entities.Package.PackageTbModel>
7ffcd29101c8     17      1,088 Microsoft.EntityFrameworkCore.Internal.InternalDbSet<Order.Infrastructure.Entities.ProcessOrder.ProcessOrderModel>
7ffcd2910570     17      1,088 Microsoft.EntityFrameworkCore.Internal.InternalDbSet<Order.Infrastructure.Entities.ProcessOrder.ProcessOrderItemModel>
7ffcd2910918     17      1,088 Microsoft.EntityFrameworkCore.Internal.InternalDbSet<Order.Infrastructure.Entities.Promotion.ConditionPromotionItemModel>
7ffcd2910cc0     17      1,088 Microsoft.EntityFrameworkCore.Internal.InternalDbSet<Order.Infrastructure.Entities.Promotion.PromotionItemModel>
7ffcd2911068     17      1,088 Microsoft.EntityFrameworkCore.Internal.InternalDbSet<Order.Infrastructure.Entities.Setting.StateControlModel>
7ffcd2911410     17      1,088 Microsoft.EntityFrameworkCore.Internal.InternalDbSet<Order.Infrastructure.Entities.StoreLocation.StoreLocationModel>
7ffcd29117b8     17      1,088 Microsoft.EntityFrameworkCore.Internal.InternalDbSet<Order.Infrastructure.Entities.SubOrderModels.SubOrderModel>
7ffcd2911b60     17      1,088 Microsoft.EntityFrameworkCore.Internal.InternalDbSet<Order.Infrastructure.Entities.SubOrderModels.SubOrderAddressModel>
7ffcd2911f08     17      1,088 Microsoft.EntityFrameworkCore.Internal.InternalDbSet<Order.Infrastructure.Entities.SubOrderModels.SubOrderFeeAmountModel>
7ffcd29122b0     17      1,088 Microsoft.EntityFrameworkCore.Internal.InternalDbSet<Order.Infrastructure.Entities.SubOrderModels.SubOrderFeeAmountDtlModel>
7ffcd2912658     17      1,088 Microsoft.EntityFrameworkCore.Internal.InternalDbSet<Order.Infrastructure.Entities.SubOrderModels.SubOrderFeeModel>
7ffcd2912a00     17      1,088 Microsoft.EntityFrameworkCore.Internal.InternalDbSet<Order.Infrastructure.Entities.SubOrderModels.SubOrderFeePaymentModel>
7ffcd2912da8     17      1,088 Microsoft.EntityFrameworkCore.Internal.InternalDbSet<Order.Infrastructure.Entities.SubOrderModels.SubOrderFeeTaxModel>
7ffcd2913150     17      1,088 Microsoft.EntityFrameworkCore.Internal.InternalDbSet<Order.Infrastructure.Entities.SubOrderModels.SubOrderItemModel>
7ffcd29134f8     17      1,088 Microsoft.EntityFrameworkCore.Internal.InternalDbSet<Order.Infrastructure.Entities.SubOrderModels.SubOrderItemAmountModel>
7ffcd29138a0     17      1,088 Microsoft.EntityFrameworkCore.Internal.InternalDbSet<Order.Infrastructure.Entities.SubOrderModels.SubOrderItemAmtDtlModel>
7ffcd2913c48     17      1,088 Microsoft.EntityFrameworkCore.Internal.InternalDbSet<Order.Infrastructure.Entities.SubOrderModels.SubOrderItemBarcodeModel>
7ffcd2913ff0     17      1,088 Microsoft.EntityFrameworkCore.Internal.InternalDbSet<Order.Infrastructure.Entities.SubOrderModels.SubOrderItemDeliveryWindowModel>
7ffcd2914398     17      1,088 Microsoft.EntityFrameworkCore.Internal.InternalDbSet<Order.Infrastructure.Entities.SubOrderModels.SubOrderItemFulFillmentModel>
7ffcd2914740     17      1,088 Microsoft.EntityFrameworkCore.Internal.InternalDbSet<Order.Infrastructure.Entities.SubOrderModels.SubOrderItemFulFillmentServiceTypeModel>
7ffcd2914ae8     17      1,088 Microsoft.EntityFrameworkCore.Internal.InternalDbSet<Order.Infrastructure.Entities.SubOrderModels.SubOrderItemPayModel>
7ffcd2914e90     17      1,088 Microsoft.EntityFrameworkCore.Internal.InternalDbSet<Order.Infrastructure.Entities.SubOrderModels.SubOrderItemPromotionModel>
7ffcd2915238     17      1,088 Microsoft.EntityFrameworkCore.Internal.InternalDbSet<Order.Infrastructure.Entities.SubOrderModels.SubOrderItemPromotionsModel>
7ffcd29155e0     17      1,088 Microsoft.EntityFrameworkCore.Internal.InternalDbSet<Order.Infrastructure.Entities.SubOrderModels.SubOrderItemRemarkModel>
7ffcd2915988     17      1,088 Microsoft.EntityFrameworkCore.Internal.InternalDbSet<Order.Infrastructure.Entities.SubOrderModels.SubOrderItemTaxModel>
7ffcd2915d30     17      1,088 Microsoft.EntityFrameworkCore.Internal.InternalDbSet<Order.Infrastructure.Entities.SubOrderModels.SubOrderPromotionModel>
7ffcd29160d8     17      1,088 Microsoft.EntityFrameworkCore.Internal.InternalDbSet<Order.Infrastructure.Entities.SubOrderModels.SubOrderPromotionAmountModel>
7ffcd2916480     17      1,088 Microsoft.EntityFrameworkCore.Internal.InternalDbSet<Order.Infrastructure.Entities.SubOrderModels.SubOrderRemarkModel>
7ffcd2916828     17      1,088 Microsoft.EntityFrameworkCore.Internal.InternalDbSet<Order.Infrastructure.Entities.MasterData.SysAddressTypeModel>
7ffcd2916bd0     17      1,088 Microsoft.EntityFrameworkCore.Internal.InternalDbSet<Order.Infrastructure.Entities.MasterData.SysChannelModel>
7ffcd2916f78     17      1,088 Microsoft.EntityFrameworkCore.Internal.InternalDbSet<Order.Infrastructure.Entities.MasterData.SysConfigChannelUploadMappingModel>
7ffcd2917320     17      1,088 Microsoft.EntityFrameworkCore.Internal.InternalDbSet<Order.Infrastructure.Entities.MasterData.SysDeliverySubTypeModel>
7ffcd29176c8     17      1,088 Microsoft.EntityFrameworkCore.Internal.InternalDbSet<Order.Infrastructure.Entities.MasterData.SysDeliveryTypeModel>
7ffcd2917a70     17      1,088 Microsoft.EntityFrameworkCore.Internal.InternalDbSet<Order.Infrastructure.Entities.MasterData.SysFulfillmentOptionModel>
7ffcd2917e18     17      1,088 Microsoft.EntityFrameworkCore.Internal.InternalDbSet<Order.Infrastructure.Entities.MasterData.SysFulfillmentPriorityModel>
7ffcd29181c0     17      1,088 Microsoft.EntityFrameworkCore.Internal.InternalDbSet<Order.Infrastructure.Entities.MasterData.SysFulfillmentTypeModel>
7ffcd2918568     17      1,088 Microsoft.EntityFrameworkCore.Internal.InternalDbSet<Order.Infrastructure.Entities.SettingModel.SysFunctionConfigModel>
7ffcd2918910     17      1,088 Microsoft.EntityFrameworkCore.Internal.InternalDbSet<Order.Infrastructure.Entities.SettingModel.SysFunctionModel>
7ffcd2918cb8     17      1,088 Microsoft.EntityFrameworkCore.Internal.InternalDbSet<Order.Infrastructure.Entities.MasterData.SysInsuranceConfigurationModel>
7ffcd2919060     17      1,088 Microsoft.EntityFrameworkCore.Internal.InternalDbSet<Order.Infrastructure.Entities.MasterData.SysOrderFulfillmentTypeModel>
7ffcd2919408     17      1,088 Microsoft.EntityFrameworkCore.Internal.InternalDbSet<Order.Infrastructure.Entities.MasterData.SysOrderTypeModel>
7ffcd29197b0     17      1,088 Microsoft.EntityFrameworkCore.Internal.InternalDbSet<Order.Infrastructure.Entities.MasterData.SysRoleChannelMappingModel>
7ffcd2919b58     17      1,088 Microsoft.EntityFrameworkCore.Internal.InternalDbSet<Order.Infrastructure.Entities.SysRunningNumber.SysRunningNumberModel>
7ffcd2919f00     17      1,088 Microsoft.EntityFrameworkCore.Internal.InternalDbSet<Order.Infrastructure.Entities.SysRunningNumber.SysRunningNumberTypeModel>
7ffcd291a2a8     17      1,088 Microsoft.EntityFrameworkCore.Internal.InternalDbSet<Order.Infrastructure.Entities.SysStatusAggregate.SysStatusAggregateModel>
7ffcd291a650     17      1,088 Microsoft.EntityFrameworkCore.Internal.InternalDbSet<Order.Infrastructure.Entities.MasterData.SysStatusModel>
7ffcd2de4af8     17      1,088 CommonBuilder.Commons.Implementation.ForController.BaseHeader
7ffcd2de9818     17      1,088 Microsoft.AspNetCore.Http.Features.FormFeature
7ffcd163f358     17      1,088 Utility.Package.Extensions.ControllerExtension+HandleDelegateAsync
7ffcd0d3f978     17      1,088 Order.API.Controllers.OrderController+<>c__DisplayClass11_0+<<GetSubOrder>b__0>d
7ffcd2e27f08     17      1,088 System.Func<Order.Business.Mediator.Commands.Order.GetSubOrderCommand, Order.Business.Mediator.Commands.Order.GetSubOrderCommand, FluentValidation.ValidationContext<Order.Business.Mediator.Commands.Order.GetSubOrderCommand>, System.Boolean>
7ffcd2e2b160     34      1,088 System.Collections.Generic.List<FluentValidation.Results.ValidationFailure>
7ffcd2e2d2e0     17      1,088 System.Func<FluentValidation.IValidator<Order.Business.Mediator.Commands.Order.GetSubOrderCommand>, FluentValidation.Results.ValidationResult>
7ffcd2e2ddd8     17      1,088 System.Linq.Enumerable+SelectManySingleSelectorIterator<FluentValidation.Results.ValidationResult, FluentValidation.Results.ValidationFailure>
7ffcd2e4eb40     34      1,088 System.Collections.Generic.List<Order.Infrastructure.Entities.Setting.AllowedStatusModel>
7ffcd278f510     17      1,088 Microsoft.EntityFrameworkCore.Internal.DbContextServices
7ffcd2e9ad58     17      1,088 Microsoft.EntityFrameworkCore.Diagnostics.Internal.DiagnosticsLogger<Microsoft.EntityFrameworkCore.DbLoggerCategory+ChangeTracking>
7ffcd26ee798     17      1,088 Microsoft.EntityFrameworkCore.Diagnostics.Internal.DiagnosticsLogger<Microsoft.EntityFrameworkCore.DbLoggerCategory+Infrastructure>
7ffcd2ea1418     17      1,088 Microsoft.EntityFrameworkCore.SqlServerRetryingExecutionStrategy
7ffcd27ab848     17      1,088 Microsoft.EntityFrameworkCore.Query.QueryContextDependencies
7ffcd2e9bbd8     17      1,088 Microsoft.EntityFrameworkCore.Diagnostics.Internal.DiagnosticsLogger<Microsoft.EntityFrameworkCore.DbLoggerCategory+Query>
7ffcd2e9be60     17      1,088 Microsoft.EntityFrameworkCore.Diagnostics.Internal.DiagnosticsLogger<Microsoft.EntityFrameworkCore.DbLoggerCategory+Database+Transaction>
7ffcd2f78a78     17      1,088 Microsoft.EntityFrameworkCore.Diagnostics.Internal.DiagnosticsLogger<Microsoft.EntityFrameworkCore.DbLoggerCategory+Model>
7ffcd2f78b70     17      1,088 Microsoft.EntityFrameworkCore.Diagnostics.Internal.DiagnosticsLogger<Microsoft.EntityFrameworkCore.DbLoggerCategory+Model+Validation>
7ffcd37bdc98     34      1,088 System.Collections.Generic.List<Microsoft.EntityFrameworkCore.Query.IMemberTranslator>
7ffcd37bc208     34      1,088 Microsoft.EntityFrameworkCore.SqlServer.Query.Internal.SqlServerVectorTranslator
7ffcd37d0398     34      1,088 System.Collections.Generic.List<Microsoft.EntityFrameworkCore.Query.IMethodCallTranslator>
7ffcd2786390     17      1,088 Microsoft.EntityFrameworkCore.Query.RelationalSqlTranslatingExpressionVisitorDependencies
7ffcd37db1b8     34      1,088 System.Collections.Generic.List<Microsoft.EntityFrameworkCore.Query.IAggregateMethodCallTranslator>
7ffcd2e9c178     17      1,088 Microsoft.EntityFrameworkCore.Diagnostics.Internal.DiagnosticsLogger<Microsoft.EntityFrameworkCore.DbLoggerCategory+Update>
7ffcd2783740     17      1,088 Microsoft.EntityFrameworkCore.Update.ModificationCommandBatchFactoryDependencies
7ffcd37f7b50     17      1,088 System.Collections.Generic.HashSet<Microsoft.EntityFrameworkCore.Update.IReadOnlyModificationCommand>
7ffcd273c570     17      1,088 Microsoft.EntityFrameworkCore.SqlServer.ValueGeneration.Internal.SqlServerValueGeneratorSelector
7ffcd3a92d50     17      1,088 Microsoft.EntityFrameworkCore.Diagnostics.Internal.DiagnosticsLogger<Microsoft.EntityFrameworkCore.DbLoggerCategory+Migrations>
7ffcd273e358     17      1,088 Microsoft.EntityFrameworkCore.Migrations.SqlServerMigrationsSqlGenerator
7ffcd093a128      8      1,088 System.Text.RegularExpressions.RegexFindOptimizations
7ffcd2936ab8     17      1,088 System.Action<AutoMapper.IMemberConfigurationExpression<Order.Infrastructure.Entities.OrderModels.OrderItemModel, CommonApiMessage.AggregatesModel.OrderMessage.OrderMessageItemViewModel, System.String>>
7ffcd0b4c6e8     23      1,104 System.Reflection.FieldAccessor
7ffcd2b0cab8     46      1,104 AutoMapper.Configuration.Conventions.DefaultNameSplitMember
7ffcd136c058     23      1,104 System.Linq.Expressions.GotoExpression
7ffcd1b9e4f0      3      1,104 System.Text.Json.Serialization.Metadata.JsonTypeInfo<System.Object>
7ffcd1c551a8      3      1,104 System.Text.Json.Serialization.Metadata.JsonTypeInfo<System.Boolean>
7ffcd1c56968      3      1,104 System.Text.Json.Serialization.Metadata.JsonTypeInfo<System.Int32>
7ffcd1673dc8     35      1,112 System.Reflection.NullabilityInfo[]
7ffcd0c51b78     28      1,120 AutoMapper.Mapper
7ffcd05a49e0     28      1,120 System.Threading.ThreadPoolWorkQueue+WorkStealingQueue
7ffcd2b8c228     20      1,120 System.Linq.Expressions.InvocationExpression3
7ffcd10dba78     11      1,144 Order.Infrastructure.Entities.OrderModels.OrderCustomerModel
7ffcd27c6578     13      1,144 Microsoft.Extensions.DependencyInjection.ServiceLookup.IEnumerableCallSite
7ffcd26e1b30     18      1,152 System.Func<Microsoft.EntityFrameworkCore.Storage.ExecutionStrategyDependencies, Microsoft.EntityFrameworkCore.Storage.IExecutionStrategy>
7ffcd2dff9c8     18      1,152 System.Func<Order.Business.Mediator.Commands.Order.GetSubOrderCommand, Order.Business.Mediator.Commands.Order.GetSubOrderCommand>
7ffcd404dee8     18      1,152 System.Func<Microsoft.EntityFrameworkCore.Query.QueryContext, System.Data.Common.DbDataReader, Microsoft.EntityFrameworkCore.Query.Internal.ResultContext, Microsoft.EntityFrameworkCore.Query.Internal.SplitQueryResultCoordinator, Order.Infrastructure.Entities.SubOrderModels.SubOrderItemModel>
7ffcd40601e0     18      1,152 System.Action<Order.Infrastructure.Entities.SubOrderModels.SubOrderModel, Order.Infrastructure.Entities.SubOrderModels.SubOrderItemModel>
7ffcd14e0518      9      1,152 System.Resources.ResourceReader
7ffcd37bb338     24      1,152 System.Collections.Concurrent.ConcurrentDictionary<System.Object, Microsoft.Extensions.Caching.Memory.CacheEntry>+Node
7ffcd166f2b8     49      1,176 Microsoft.AspNetCore.Mvc.ModelBinding.ModelPropertyCollection
7ffcd2b65c90     37      1,184 System.Collections.Generic.List<CommonApiMessage.AggregatesModel.Package.PackageInfoMessageViewModel>
7ffcd136f4c8     37      1,184 System.Linq.Expressions.Block2
7ffcd0414e08     50      1,200 System.WeakReference<System.Diagnostics.Tracing.EventProvider>
7ffcd144a0c8      7      1,200 System.Collections.Generic.Dictionary<System.String, System.Collections.Generic.List<System.Diagnostics.Metrics.Instrument>>+Entry[]
7ffcd153dbd0      1      1,208 System.Collections.Generic.Dictionary<System.Int32, System.ValueTuple<System.String, System.String>>+Entry[]
7ffcd2e13f58     19      1,216 System.Func<FluentValidation.CascadeMode>
7ffcd1b826c8     38      1,216 System.Collections.Generic.List<Microsoft.AspNetCore.Routing.IRouteConstraint>
7ffcd1f87b48     17      1,224 System.Threading.Tasks.Task<System.Collections.Generic.IEnumerable<Microsoft.AspNetCore.Authentication.AuthenticationScheme>>
7ffcd2645e48     17      1,224 Microsoft.AspNetCore.Mvc.Infrastructure.ResourceInvoker+ResourceExecutingContextSealed
7ffcd278f108     17      1,224 Microsoft.EntityFrameworkCore.ChangeTracking.Internal.ChangeDetector
7ffcd2e9ce60     17      1,224 Microsoft.EntityFrameworkCore.Diagnostics.IInterceptorAggregator[]
7ffcd2783cb0     17      1,224 Microsoft.EntityFrameworkCore.Update.Internal.CommandBatchPreparerDependencies
7ffcd37fdc40     17      1,224 Microsoft.EntityFrameworkCore.ChangeTracking.Internal.EntityReferenceMap
7ffcd2806a68     17      1,224 Microsoft.EntityFrameworkCore.ChangeTracking.ChangeTracker
7ffcd2778a50     17      1,224 Microsoft.EntityFrameworkCore.Migrations.Internal.MigrationsModelDiffer
7ffcd08841a0     51      1,224 Microsoft.AspNetCore.Http.PathString
7ffcd13bb4c0     51      1,224 Microsoft.AspNetCore.Mvc.ControllerAttribute
7ffcd294ebb0     51      1,224 AutoMapper.Configuration.MemberConfigurationExpression<Order.Infrastructure.Entities.OrderModels.OrderItemModel, CommonApiMessage.AggregatesModel.OrderMessage.OrderMessageItemViewModel, System.String>+<>c__DisplayClass24_0
7ffcd098df20     11      1,232 System.Text.RegularExpressions.Match
7ffcd10ddff8     11      1,232 Order.Infrastructure.Entities.OrderModels.OrderPaymentModel
7ffcd04fe630     22      1,232 System.Runtime.CompilerServices.ConditionalWeakTable<System.Buffers.SharedArrayPoolThreadLocalArray[], System.Object>+Container
7ffcd1ab4120     22      1,232 Microsoft.Extensions.DependencyInjection.ActivatorUtilities+ConstructorInfoEx
7ffcd2ead680      5      1,240 Microsoft.EntityFrameworkCore.SqlServer.Storage.Internal.SqlServerBoolTypeMapping
7ffcd3800e50     39      1,248 Microsoft.EntityFrameworkCore.Query.Internal.EntityQueryable<Order.Infrastructure.Entities.SubOrderModels.SubOrderModel>
7ffcd3a945d8     26      1,248 System.Transactions.ContextData
7ffcd1eda2e0     26      1,248 System.Diagnostics.RandomNumberGenerator
7ffcd3eb8680     26      1,248 Microsoft.Data.SqlClient.SqlReferenceCollection
7ffcd3e1c048     52      1,248 System.WeakReference<System.Object>
7ffcd3e29680     26      1,248 Microsoft.Data.SqlClient.SQLDNSInfo
7ffcd3deae40     26      1,248 Microsoft.Data.SqlClient.ActiveDirectoryAuthenticationTimeoutRetryHelper
7ffcd3dec500     52      1,248 Microsoft.Data.SqlClient.SqlClientLogger
7ffcd3deb190     26      1,248 Microsoft.Data.SqlClient.SqlConnectionTimeoutErrorInternal
7ffcd39bf1b0     13      1,248 System.Collections.Generic.Dictionary<System.Char, Microsoft.EntityFrameworkCore.Query.SqlAliasManager+MutableInt>+Entry[]
7ffcd1efb3c8     23      1,256 Microsoft.Net.Http.Headers.MediaTypeHeaderValue[]
7ffcd0563028     53      1,272 System.Runtime.CompilerServices.StrongBox<System.Boolean>
7ffcd067fb18      4      1,280 System.Collections.Concurrent.ConcurrentDictionary<System.String, Microsoft.Extensions.FileProviders.Physical.PhysicalFilesWatcher+ChangeTokenInfo>+VolatileNode[]
7ffcd0b4cca0     32      1,280 System.ComponentModel.ReflectTypeDescriptionProvider+IntrinsicTypeConverterData
7ffcd1d31400      4      1,280 System.Collections.Concurrent.ConcurrentDictionary<System.UInt64, System.Text.Json.JsonEncodedText>+VolatileNode[]
7ffcd1d31d28      4      1,280 System.Collections.Concurrent.ConcurrentDictionary<System.String, System.UInt64>+VolatileNode[]
7ffcd1c2e3a0     20      1,280 System.Func<System.ValueTuple<System.String, System.Type, System.Reflection.MemberInfo>, System.Func<System.Object, System.Int32>>
7ffcd1c2ec80     20      1,280 System.Func<System.ValueTuple<System.String, System.Type, System.Reflection.MemberInfo>, System.Action<System.Object, System.Int32>>
7ffcd415af80     18      1,296 System.Collections.Generic.HashSet<Order.Infrastructure.Entities.SubOrderModels.SubOrderAddressModel>+Entry[]
7ffcd141cf68     27      1,296 System.Threading.ThreadLocal<Serilog.Extensions.Logging.SerilogLoggerProvider+ScopeCollector>+LinkedSlot
7ffcd2a3db50     27      1,296 AutoMapper.Configuration.PathConfigurationExpression<Order.Infrastructure.Entities.OrderModels.OrderModel, Order.Domain.AggregatesModel.FrontAPI.Order.OrderDetailFrontView, System.String>
7ffcd14e4a30     41      1,312 System.Collections.Generic.List<Microsoft.AspNetCore.Routing.IRouter>
7ffcd4182168     41      1,312 Microsoft.EntityFrameworkCore.Query.Internal.EntityQueryable<Order.Infrastructure.Entities.StoreLocation.StoreLocationModel>
7ffcd418b948     41      1,312 Microsoft.EntityFrameworkCore.Query.Internal.EntityQueryable<Order.Infrastructure.Entities.Package.PackageInfoModel>
7ffcd41ffa98     41      1,312 Microsoft.EntityFrameworkCore.Query.Internal.EntityQueryable<Order.Infrastructure.Entities.Package.PackageTbModel>
7ffcd2987e80     33      1,320 CommonApiMessage.AggregatesModel.SubOrderMessage.SubOrderMessageItemDeliveryWindowViewModel
7ffcd1410940     33      1,320 Autofac.Core.Activators.Reflection.BoundConstructor[]
7ffcd1ef4480     55      1,320 Microsoft.AspNetCore.Hosting.HttpActivityFeature
7ffcd11a6898     55      1,320 Autofac.Core.AutoActivateService
7ffcd3a54a08     33      1,320 Microsoft.EntityFrameworkCore.SqlServer.Query.Internal.SqlServerParameterBasedSqlProcessor
7ffcd43879b8     12      1,344 Microsoft.AspNetCore.Mvc.Formatters.MediaTypeSegmentWithQuality[]
7ffcd25d1190     42      1,344 System.Collections.Concurrent.ConcurrentStack<System.Byte[]>+Node
7ffcd13b7798     28      1,344 AutoMapper.ResolutionContext
7ffcd4061110     21      1,344 System.Collections.Generic.HashSet<Order.Infrastructure.Entities.SubOrderModels.SubOrderRemarkModel>
7ffcd3fff300     21      1,344 System.Collections.Generic.HashSet<Order.Infrastructure.Entities.SubOrderModels.SubOrderAddressModel>
7ffcd404e9d0     21      1,344 System.Collections.Generic.HashSet<Order.Infrastructure.Entities.SubOrderModels.SubOrderItemModel>
7ffcd4065960     21      1,344 System.Collections.Generic.HashSet<Order.Infrastructure.Entities.SubOrderModels.SubOrderPromotionModel>
7ffcd40781d8     21      1,344 System.Collections.Generic.HashSet<Order.Infrastructure.Entities.SubOrderModels.SubOrderFeeModel>
7ffcd3ff98f8     21      1,344 System.Func<Microsoft.EntityFrameworkCore.Query.QueryContext, System.Data.Common.DbDataReader, Microsoft.EntityFrameworkCore.Query.Internal.ResultContext, Microsoft.EntityFrameworkCore.Query.Internal.SplitQueryResultCoordinator, Order.Infrastructure.Entities.SubOrderModels.SubOrderAddressModel>
7ffcd4013cb0     21      1,344 System.Action<Order.Infrastructure.Entities.SubOrderModels.SubOrderModel, Order.Infrastructure.Entities.SubOrderModels.SubOrderAddressModel>
7ffcd3efd038     21      1,344 System.Func<System.Linq.IQueryable<Order.Infrastructure.Entities.OrderReference.OrderReferenceModel>, System.Linq.Expressions.Expression<System.Func<Order.Infrastructure.Entities.OrderReference.OrderReferenceModel, System.Boolean>>, System.Linq.IQueryable<Order.Infrastructure.Entities.OrderReference.OrderReferenceModel>>
7ffcd3f5bd48     21      1,344 System.Func<Microsoft.EntityFrameworkCore.Query.QueryContext, System.Data.Common.DbDataReader, Microsoft.EntityFrameworkCore.Query.Internal.ResultContext, Microsoft.EntityFrameworkCore.Query.Internal.SingleQueryResultCoordinator, Order.Infrastructure.Entities.OrderReference.OrderReferenceModel>
7ffcd3f62120     21      1,344 System.Func<Microsoft.EntityFrameworkCore.DbContext, Microsoft.EntityFrameworkCore.Query.Internal.SingleQueryingEnumerable<Order.Infrastructure.Entities.OrderReference.OrderReferenceModel>+Enumerator, Microsoft.EntityFrameworkCore.Storage.ExecutionResult<System.Boolean>>
7ffcd4181640     46      1,344 Order.Infrastructure.Entities.StoreLocation.StoreLocationModel[]
7ffcd09dbbf0     21      1,344 System.Action<Microsoft.Extensions.Options.StartupValidatorOptions, Microsoft.Extensions.Options.IOptionsMonitor<Microsoft.Extensions.DependencyInjection.MetricsServiceExtensions+NoOpOptions>>
7ffcd09dc188     21      1,344 System.Func<System.IServiceProvider, Microsoft.Extensions.Options.IConfigureOptions<Microsoft.Extensions.Options.StartupValidatorOptions>>
7ffcd1f151d8     24      1,344 System.Net.Http.Headers.GenericHeaderParser
7ffcd12dacb8     17      1,360 System.Collections.Generic.Dictionary<System.String, Microsoft.AspNetCore.Authentication.IAuthenticationHandler>
7ffcd28f0018     17      1,360 System.Collections.Generic.Dictionary<System.ValueTuple<System.Type, System.String>, System.Object>
7ffcd2646e50     17      1,360 Microsoft.AspNetCore.Mvc.Infrastructure.ControllerActionInvoker+ActionExecutingContextSealed
7ffcd1559c90     17      1,360 Order.Domain.AggregatesModel.SubOrder.SubOrderRepository
7ffcd155b318     34      1,360 Order.Domain.AggregatesModel.StatusFlow.StatusFlowRepository
7ffcd15ecce8     17      1,360 Order.Domain.AggregatesModel.Order.OrderRepository
7ffcd2e9d588     17      1,360 System.Collections.Generic.Dictionary<System.Type, Microsoft.EntityFrameworkCore.Diagnostics.IInterceptorAggregator>
7ffcd2787df0     17      1,360 Microsoft.EntityFrameworkCore.Storage.RelationalConnectionDependencies
7ffcd27a9ee0     17      1,360 Microsoft.EntityFrameworkCore.Metadata.Conventions.Infrastructure.ProviderConventionSetBuilderDependencies
7ffcd37f2bf8     17      1,360 System.Collections.Generic.Dictionary<System.Linq.Expressions.Expression, Microsoft.EntityFrameworkCore.Query.LiftableConstantProcessor+LiftedConstantOptimizer+ExpressionInfo>
7ffcd27a0d60     17      1,360 Microsoft.EntityFrameworkCore.Query.Internal.QueryCompiler
7ffcd098f2a8      9      1,368 System.Text.RegularExpressions.RegexInterpreter
7ffcd07028c8     19      1,368 System.Collections.Hashtable
7ffcd1d93818     57      1,368 Serilog.Context.LogContext+ContextStackBookmark
7ffcd056ff78     29      1,392 System.Threading.ThreadInt64PersistentCounter+ThreadLocalNode
7ffcd29e5c00     58      1,392 System.Runtime.CompilerServices.TrueReadOnlyCollection<System.Linq.Expressions.MemberBinding>
7ffcd3a56f28     23      1,392 System.Func<System.Object, System.Object, System.Boolean>[]
7ffcd06a6e08     25      1,400 System.Text.DecoderNLS
7ffcd4254b20     22      1,408 System.Collections.Generic.HashSet<Order.Infrastructure.Entities.OrderModels.OrderRemarkModel>
7ffcd423d830     22      1,408 System.Collections.Generic.HashSet<Order.Infrastructure.Entities.OrderModels.OrderCustomerModel>
7ffcd4254f18     22      1,408 System.Collections.Generic.HashSet<Order.Infrastructure.Entities.OrderModels.OrderAddressModel>
7ffcd4255280     22      1,408 System.Collections.Generic.HashSet<Order.Infrastructure.Entities.OrderModels.OrderPaymentModel>
7ffcd42555e8     22      1,408 System.Collections.Generic.HashSet<Order.Infrastructure.Entities.OrderModels.OrderItemModel>
7ffcd4255950     22      1,408 System.Collections.Generic.HashSet<Order.Infrastructure.Entities.OrderModels.OrderPromotionModel>
7ffcd4255d48     22      1,408 System.Collections.Generic.HashSet<Order.Infrastructure.Entities.OrderModels.OrderFeeModel>
7ffcd427cac0     44      1,408 Microsoft.EntityFrameworkCore.Query.Internal.EntityQueryable<Order.Infrastructure.Entities.OrderModels.OrderPromotionModel>
7ffcd42955a8     11      1,408 Microsoft.EntityFrameworkCore.Query.Internal.SingleQueryingEnumerable<Order.Infrastructure.Entities.OrderModels.OrderPromotionModel>+Enumerator
7ffcd1fdf088     11      1,408 System.IO.Pipelines.StreamPipeWriter
7ffcd26e3f20     22      1,408 System.Func<Microsoft.EntityFrameworkCore.SqlServer.Infrastructure.Internal.SqlServerOptionsExtension, Microsoft.EntityFrameworkCore.SqlServer.Infrastructure.Internal.SqlServerOptionsExtension>
7ffcd3a7ee18     11      1,408 Microsoft.EntityFrameworkCore.Query.Internal.SingleQueryingEnumerable<<>f__AnonymousType11<System.String, System.String>>+Enumerator
7ffcd07886a0     22      1,408 System.Linq.Enumerable+DistinctIterator<System.String>
7ffcd429dbe8     11      1,408 Microsoft.EntityFrameworkCore.Query.Internal.SingleQueryingEnumerable<Order.Infrastructure.Entities.Promotion.PromotionItemModel>+Enumerator
7ffcd18e1880     22      1,408 System.Action<System.IntPtr>
7ffcd1cd5068      8      1,424 System.String[][]
7ffcd27b2490     18      1,440 System.Collections.Generic.Dictionary<Microsoft.Extensions.DependencyInjection.ServiceLookup.ServiceCacheKey, System.Object>
7ffcd3efcf48     45      1,440 System.Linq.Expressions.Expression1<System.Func<Order.Infrastructure.Entities.OrderReference.OrderReferenceModel, System.Boolean>>
7ffcd4181700     45      1,440 System.Collections.Generic.List<Order.Infrastructure.Entities.StoreLocation.StoreLocationModel>
7ffcd1885f20      6      1,440 RabbitMQ.Client.Impl.RecoveryAwareModel
7ffcd338b248     18      1,440 Microsoft.EntityFrameworkCore.ChangeTracking.ValueComparer+DefaultValueComparer<System.Decimal>
7ffcd262d010     24      1,456 Microsoft.AspNetCore.Mvc.ActionConstraints.ActionSelectorCandidate[]
7ffcd06eed78     26      1,456 System.Text.Json.PooledByteBufferWriter
7ffcd37a1640     41      1,464 Microsoft.EntityFrameworkCore.Metadata.RuntimeForeignKey[]
7ffcd0593c08     46      1,472 System.Threading.CancellationTokenRegistration
7ffcd2925890     46      1,472 System.Collections.Generic.List<AutoMapper.Configuration.TypeMapConfiguration>
7ffcd2925fb8     46      1,472 AutoMapper.Configuration.Conventions.PrePostfixName
7ffcd2926290     46      1,472 System.Collections.Generic.List<AutoMapper.Configuration.Conventions.ISourceToDestinationNameMapper>
7ffcd2b07ce8     46      1,472 AutoMapper.ProfileMap+<>c__DisplayClass5_0
7ffcd1c54a48      4      1,472 System.Text.Json.Serialization.Metadata.JsonTypeInfo<System.String>
7ffcd42a83f0      6      1,488 System.Text.Json.Serialization.Metadata.JsonPropertyInfo<System.Collections.Generic.List<CommonApiMessage.AggregatesModel.SubOrderMessage.SubOrderMessageAddressViewModel>>
7ffcd42c8738      6      1,488 System.Text.Json.Serialization.Metadata.JsonPropertyInfo<System.Nullable<System.Int64>>
7ffcd430d568      6      1,488 System.Text.Json.Serialization.Metadata.JsonPropertyInfo<System.Collections.Generic.List<CommonApiMessage.AggregatesModel.SubOrderMessage.SubOrderMessageItemTaxViewModel>>
7ffcd433a8b0      6      1,488 System.Text.Json.Serialization.Metadata.JsonPropertyInfo<System.Collections.Generic.List<CommonApiMessage.AggregatesModel.OrderMessage.OrderMessageItemTaxViewModel>>
7ffcd43505c8      6      1,488 System.Text.Json.Serialization.Metadata.JsonPropertyInfo<CommonApiMessage.AggregatesModel.SubOrderMessage.SubOrderMessageFeeAmountDtlViewModel>
7ffcd4353c30      6      1,488 System.Text.Json.Serialization.Metadata.JsonPropertyInfo<System.Collections.Generic.ICollection<CommonApiMessage.AggregatesModel.SubOrderMessage.SubOrderMessageFeeTaxViewModel>>
7ffcd427a808     11      1,496 Microsoft.EntityFrameworkCore.Query.Internal.SplitQueryingEnumerable<Order.Infrastructure.Entities.OrderModels.OrderModel>+Enumerator
7ffcd2e25070     17      1,496 FluentValidation.Internal.RuleComponent<Order.Business.Mediator.Commands.Order.GetSubOrderCommand, Order.Business.Mediator.Commands.Order.GetSubOrderCommand>
7ffcd27ac8d8     17      1,496 Microsoft.EntityFrameworkCore.Query.ShapedQueryCompilingExpressionVisitorDependencies
7ffcd277f368     17      1,496 Microsoft.EntityFrameworkCore.Query.RelationalLiftableConstantProcessor
7ffcd278f950     17      1,496 Microsoft.EntityFrameworkCore.Internal.DbContextDependencies
7ffcd2782dd0     17      1,496 Microsoft.EntityFrameworkCore.Migrations.MigrationsSqlGeneratorDependencies
7ffcd412d1b8     11      1,496 Microsoft.EntityFrameworkCore.Query.Internal.SplitQueryingEnumerable<Order.Infrastructure.Entities.SubOrderModels.SubOrderModel>+Enumerator
7ffcd1b747f0      2      1,496 Microsoft.AspNetCore.Mvc.ApiExplorer.ApiDescription[]
7ffcd0992010      3      1,500 System.Collections.Generic.Dictionary<Serilog.Sinks.SystemConsole.Themes.ConsoleThemeStyle, Serilog.Sinks.SystemConsole.Themes.SystemConsoleThemeStyle>+Entry[]
7ffcd2b66780     47      1,504 System.Collections.Generic.List<CommonApiMessage.AggregatesModel.Package.PackageTbMessage>
7ffcd3f5c220     21      1,512 Microsoft.EntityFrameworkCore.Query.Internal.SingleQueryingEnumerable<Order.Infrastructure.Entities.OrderReference.OrderReferenceModel>
7ffcd1b7a9c0     38      1,520 Microsoft.AspNetCore.Mvc.ApiExplorer.ApiParameterRouteInfo
7ffcd37da830     30      1,528 Microsoft.EntityFrameworkCore.Query.IAggregateMethodCallTranslator[]
7ffcd06ef180     48      1,536 System.Buffers.SharedArrayPoolPartitions+Partition
7ffcd29e8988     48      1,536 System.Linq.Expressions.Expression1<System.Func<Order.Business.Model.Request.Order.OrderFeeViewModel, System.String>>
7ffcd12137f0     64      1,536 System.Linq.Expressions.PrimitiveParameterExpression<System.DateTime>
7ffcd1b77410     28      1,536 Microsoft.AspNetCore.Mvc.ApiExplorer.ApiResponseType[]
7ffcd1f15348     24      1,536 System.Net.Http.Headers.GenericHeaderParser+GetParsedValueLengthDelegate
7ffcd27cce88     24      1,536 System.Func<Microsoft.EntityFrameworkCore.Diagnostics.IDiagnosticsLogger, Microsoft.EntityFrameworkCore.Diagnostics.EventDefinitionBase>
7ffcd27340a0      1      1,544 Microsoft.EntityFrameworkCore.SqlServer.Diagnostics.Internal.SqlServerLoggingDefinitions
7ffcd14e5d10     49      1,568 System.Reflection.NullabilityInfoContext
7ffcd27c5658     28      1,568 System.Collections.Concurrent.ConcurrentDictionary<Microsoft.Extensions.DependencyInjection.ServiceLookup.ServiceIdentifier, Microsoft.Extensions.DependencyInjection.ServiceProvider+ServiceAccessor>+Node
7ffcd1675ec8     49      1,568 System.Collections.Generic.List<Microsoft.AspNetCore.Mvc.ModelBinding.ModelMetadata>
7ffcd41fea98     33      1,576 CommonApiMessage.AggregatesModel.Package.PackageTbMessage[]
7ffcd293c380     22      1,584 CommonApiMessage.AggregatesModel.OrderMessage.OrderMessagePaymentTransactionViewModel
7ffcd2988320     33      1,584 CommonApiMessage.AggregatesModel.SubOrderMessage.SubOrderMessageItemAmountViewModel
7ffcd2df6a30     22      1,584 System.Threading.Tasks.Task<System.Object>
7ffcd14d59e0     33      1,584 Microsoft.Net.Http.Headers.MediaTypeHeaderValue
7ffcd3f6cff8     22      1,584 System.Linq.Enumerable+ListSelectIterator<<>f__AnonymousType12<System.String, System.String, System.String, System.String, System.String, System.String>, System.String>
7ffcd2df9168     22      1,584 System.Threading.Tasks.Task<CommonApiMessage.AggregatesModel.SubOrderMessage.SubOrderMessageViewModel>
7ffcd2ea5998     49      1,584 Microsoft.EntityFrameworkCore.Storage.RelationalTypeMapping[]
7ffcd3a5b2c8     33      1,584 Microsoft.EntityFrameworkCore.Query.Internal.RelationalCommandCache
7ffcd3f3a970     33      1,584 Microsoft.EntityFrameworkCore.Metadata.Internal.PropertyCounts
7ffcd0408af0     25      1,600 System.Func<System.Diagnostics.Tracing.EventSource>
7ffcd0414a68     25      1,600 System.Diagnostics.Tracing.EventPipeEventProvider
7ffcd17b4588      4      1,600 System.Net.Sockets.Socket+AwaitableSocketAsyncEventArgs
7ffcd1346700      5      1,600 System.Collections.Concurrent.ConcurrentDictionary<System.String, System.String>+VolatileNode[]
7ffcd29851c8     25      1,600 System.Action<AutoMapper.IMemberConfigurationExpression<Order.Infrastructure.Entities.SubOrderModels.SubOrderItemModel, CommonApiMessage.AggregatesModel.SubOrderMessage.SubOrderMessageItemViewModel, System.String>>
7ffcd2a64c58     25      1,600 System.Action<AutoMapper.IMemberConfigurationExpression<Order.Business.Mediator.Commands.OrderFront.UpdateOrderAddressViewModel, Order.Infrastructure.Entities.OrderModels.OrderAddressModel, System.String>>
7ffcd2a68dd0     25      1,600 System.Action<AutoMapper.IMemberConfigurationExpression<Order.Business.Mediator.Commands.OrderFront.UpdateOrderAddressViewModel, Order.Business.Mediator.Commands.OrderFront.SubOrderAddressViewModel, System.String>>
7ffcd2a7e9b0     25      1,600 System.Action<AutoMapper.IMemberConfigurationExpression<Order.Business.Mediator.Commands.OrderFront.SubOrderAddressViewModel, Order.Infrastructure.Entities.SubOrderModels.SubOrderAddressModel, System.String>>
7ffcd1230d18     67      1,608 System.Linq.Expressions.BlockN
7ffcd13bea00     29      1,624 System.Collections.Concurrent.ConcurrentDictionary<System.Guid, System.Object>+Tables
7ffcd1ed3f08     17      1,632 Microsoft.AspNetCore.Http.DefaultHttpRequest
7ffcd163dfc8     17      1,632 Utility.Package.Middlewares.BodySignatureMiddleware+<InvokeAsync>d__5
7ffcd163f700     17      1,632 Utility.Package.Extensions.ControllerExtension+<ProcessControllerCoreAsync>d__11
7ffcd0ff7368     17      1,632 Order.Business.Mediator.Handlers.Order.GetSubOrderHandler+<Handle>d__4
7ffcd37fde48     34      1,632 Microsoft.EntityFrameworkCore.Internal.EntityFinderFactory
7ffcd27842f0     17      1,632 Microsoft.EntityFrameworkCore.Storage.RelationalDatabaseCreatorDependencies
7ffcd3821130     68      1,632 Microsoft.EntityFrameworkCore.Query.NotParameterizedAttribute[]
7ffcd146e1f0      4      1,632 System.Collections.Generic.Dictionary<System.Type, System.Object>+Entry[]
7ffcd294ea48     51      1,632 System.Linq.Expressions.Expression1<System.Func<Order.Infrastructure.Entities.OrderModels.OrderItemModel, System.String>>
7ffcd173b248     41      1,640 Microsoft.Extensions.Logging.LogValuesFormatter
7ffcd26ea318     52      1,664 System.Collections.Generic.Stack<System.Collections.Immutable.RefAsValueType<System.Collections.Immutable.ImmutableSortedDictionary<System.Type, System.ValueTuple<Microsoft.EntityFrameworkCore.Infrastructure.IDbContextOptionsExtension, System.Int32>>+Node>>
7ffcd26ea6f8     52      1,664 System.Collections.Immutable.SecurePooledObject<System.Collections.Generic.Stack<System.Collections.Immutable.RefAsValueType<System.Collections.Immutable.ImmutableSortedDictionary<System.Type, System.ValueTuple<Microsoft.EntityFrameworkCore.Infrastructure.IDbContextOptionsExtension, System.Int32>>+Node>>>
7ffcd268f8f0     52      1,664 System.Collections.Generic.Stack<System.Collections.Immutable.RefAsValueType<System.Collections.Immutable.ImmutableSortedDictionary<System.Int32, System.ValueTuple<System.Nullable<Microsoft.EntityFrameworkCore.WarningBehavior>, System.Nullable<Microsoft.Extensions.Logging.LogLevel>>>+Node>>
7ffcd268fef0     52      1,664 System.Collections.Immutable.SecurePooledObject<System.Collections.Generic.Stack<System.Collections.Immutable.RefAsValueType<System.Collections.Immutable.ImmutableSortedDictionary<System.Int32, System.ValueTuple<System.Nullable<Microsoft.EntityFrameworkCore.WarningBehavior>, System.Nullable<Microsoft.Extensions.Logging.LogLevel>>>+Node>>>
7ffcd1ab5900     19      1,672 System.Reflection.ConstructorInvoker
7ffcd415cf90     70      1,680 Microsoft.EntityFrameworkCore.Storage.RelationalCommandBuilderExtensions+Indenter
7ffcd188c738      6      1,680 RabbitMQ.Client.Impl.Work[]
7ffcd2e4f108     45      1,696 CommonApiMessage.AggregatesModel.SubOrderMessage.SubOrderMessageViewModel[]
7ffcd0dfdc58      4      1,728 System.Collections.Generic.Dictionary<System.Type, System.String>+Entry[]
7ffcd0e6f2f0     24      1,728 EventBus.RabbitMQ.RabbitMQQueueSetting
7ffcd42fb320     27      1,728 System.Func<System.Object, System.Nullable<System.Decimal>>
7ffcd42fb1c8     27      1,728 System.Action<System.Object, System.Nullable<System.Decimal>>
7ffcd2f5b400      1      1,728 System.Collections.Generic.Dictionary<System.String, Microsoft.Data.SqlClient.SqlConnectionStringBuilder+Keywords>+Entry[]
7ffcd1733db8      9      1,728 System.Collections.Generic.Dictionary<System.String, System.Boolean>+Entry[]
7ffcd1b7fcb0     54      1,728 System.Collections.Generic.List<Microsoft.AspNetCore.Mvc.ApiExplorer.ApiResponseFormat>
7ffcd1b7fc30     54      1,728 Microsoft.AspNetCore.Mvc.ApiExplorer.ApiResponseFormat
7ffcd29c0028     27      1,728 System.Action<AutoMapper.IMemberConfigurationExpression<Order.Business.Mediator.Commands.OrderFront.OrderAddressFrontManualViewModel, Order.Infrastructure.Entities.OrderModels.OrderAddressModel, System.String>>
7ffcd29c7330     27      1,728 System.Action<AutoMapper.IMemberConfigurationExpression<Order.Business.Mediator.Commands.OrderFront.OrderAddressFrontManualViewModel, Order.Infrastructure.Entities.SubOrderModels.SubOrderAddressModel, System.String>>
7ffcd2b64be0     55      1,760 System.Collections.Generic.List<CommonApiMessage.AggregatesModel.SubOrderMessage.SubOrderMessageItemViewModel>
7ffcd2defcc8     22      1,760 System.Collections.Generic.Dictionary<System.Object, Microsoft.AspNetCore.Mvc.ModelBinding.Validation.ValidationStateEntry>
7ffcd2e45408     22      1,760 System.Collections.Generic.Dictionary<Order.Business.EnumConfig.StatusCodeEnum, System.String>
7ffcd25d2808     55      1,760 Microsoft.AspNetCore.Server.Kestrel.Core.Internal.Http.HttpRequestHeaders+EnumeratorCache
7ffcd27c3528     20      1,760 Microsoft.Extensions.DependencyInjection.ServiceLookup.FactoryCallSite
7ffcd1ecfcd8     55      1,760 Microsoft.AspNetCore.Server.Kestrel.Core.Internal.Infrastructure.WrappingPipeWriter
7ffcd33a3de8     22      1,760 System.Collections.Generic.Dictionary<System.Type, System.Reflection.MethodInfo>
7ffcd3824578     37      1,776 System.Dynamic.Utils.ListProvider<System.Linq.Expressions.ParameterExpression>+<GetEnumerator>d__20
7ffcd1f2b1a0     27      1,784 Microsoft.Win32.SafeHandles.SafeWaitHandle[]
7ffcd2dfd8b0     28      1,792 MediatR.RequestHandlerDelegate<CommonApiMessage.AggregatesModel.SubOrderMessage.SubOrderMessageViewModel>
7ffcd1db0e88     56      1,792 Microsoft.AspNetCore.Http.HeaderDictionary
7ffcd1db8c90     56      1,792 System.Collections.Generic.List<System.ValueTuple<System.Action<System.Object>, System.Object>>
7ffcd2933f50     28      1,792 System.Action<AutoMapper.IMemberConfigurationExpression<Order.Infrastructure.Entities.OrderModels.OrderAddressModel, Order.Business.Model.Response.orderAddress, System.String>>
7ffcd2ea7f88      7      1,792 Microsoft.EntityFrameworkCore.SqlServer.Storage.Internal.SqlServerByteArrayTypeMapping
7ffcd1287308     16      1,792 Microsoft.AspNetCore.PinnedBlockMemoryPool
7ffcd33a0180     56      1,792 System.Linq.Expressions.Expression1<System.Func<System.Nullable<System.Decimal>, System.Int32>>
7ffcd33a03f8     56      1,792 System.Linq.Expressions.Expression1<System.Func<System.Nullable<System.Decimal>, System.Nullable<System.Decimal>>>
7ffcd33a0628     56      1,792 Microsoft.EntityFrameworkCore.ChangeTracking.EntryCurrentValueComparer<System.Nullable<System.Int32>>
7ffcd29f5ef8     75      1,800 AutoMapper.Configuration.MemberConfigurationExpression<Order.Business.Mediator.Commands.OrderFront.OrderAddressFrontManualViewModel, Order.Infrastructure.Entities.SubOrderModels.SubOrderAddressModel, System.String>+<>c__DisplayClass24_0
7ffcd2a6fcd0     75      1,800 AutoMapper.Configuration.MemberConfigurationExpression<Order.Business.Mediator.Commands.OrderFront.UpdateOrderAddressViewModel, Order.Infrastructure.Entities.OrderModels.OrderAddressModel, System.String>+<>c__DisplayClass24_0
7ffcd2a78760     75      1,800 AutoMapper.Configuration.MemberConfigurationExpression<Order.Business.Mediator.Commands.OrderFront.UpdateOrderAddressViewModel, Order.Business.Mediator.Commands.OrderFront.SubOrderAddressViewModel, System.String>+<>c__DisplayClass24_0
7ffcd2a93658     75      1,800 AutoMapper.Configuration.MemberConfigurationExpression<Order.Business.Mediator.Commands.OrderFront.SubOrderAddressViewModel, Order.Infrastructure.Entities.SubOrderModels.SubOrderAddressModel, System.String>+<>c__DisplayClass24_0
7ffcd2990898     75      1,800 AutoMapper.Configuration.MemberConfigurationExpression<Order.Infrastructure.Entities.SubOrderModels.SubOrderItemModel, CommonApiMessage.AggregatesModel.SubOrderMessage.SubOrderMessageItemViewModel, System.String>+<>c__DisplayClass24_0
7ffcd29e1fb8     75      1,800 AutoMapper.Configuration.MemberConfigurationExpression<Order.Business.Mediator.Commands.OrderFront.OrderAddressFrontManualViewModel, Order.Infrastructure.Entities.OrderModels.OrderAddressModel, System.String>+<>c__DisplayClass24_0
7ffcd418af80     33      1,816 CommonApiMessage.AggregatesModel.Package.PackageInfoMessageViewModel[]
7ffcd1d93230     57      1,824 Microsoft.AspNetCore.Server.Kestrel.Core.Internal.ConnectionLogScope
7ffcd36397f8     23      1,840 System.Collections.Generic.Dictionary<System.String, Serilog.Events.LogEventPropertyValue>
7ffcd0854088     23      1,840 Serilog.Events.LogEvent
7ffcd422adb8     33      1,848 System.Linq.Grouping<<>f__AnonymousType14<System.String>, CommonApiMessage.AggregatesModel.SubOrderMessage.SubOrderMessageViewModel>
7ffcd136dfc0     58      1,856 System.Linq.Expressions.MemberInitExpression
7ffcd173a6a0     29      1,856 System.EventHandler<RabbitMQ.Client.ShutdownEventArgs>
7ffcd4180488     34      1,872 CommonApiMessage.AggregatesModel.SubOrderMessage.SubOrderMessageItemDeliveryWindowViewModel[]
7ffcd4180700     34      1,872 CommonApiMessage.AggregatesModel.SubOrderMessage.SubOrderMessageItemPaymentViewModel[]
7ffcd416fbd0     34      1,872 CommonApiMessage.AggregatesModel.SubOrderMessage.SubOrderMessageItemViewModel[]
7ffcd2de9150     34      1,872 Microsoft.AspNetCore.Mvc.ModelBinding.IValueProvider[]
7ffcd2a3e800     34      1,872 System.Action<AutoMapper.PathMap>[]
7ffcd14e4fc0     42      1,880 Microsoft.AspNetCore.Routing.IRouter[]
7ffcd0b4dd88     79      1,896 System.Runtime.CompilerServices.IsReadOnlyAttribute
7ffcd27aa5e0     17      1,904 Microsoft.EntityFrameworkCore.Query.QueryCompilationContextDependencies
7ffcd1b5c488     14      1,904 System.Runtime.CompilerServices.AsyncTaskMethodBuilder<Microsoft.AspNetCore.Connections.ConnectionContext>+AsyncStateMachineBox<Microsoft.AspNetCore.Server.Kestrel.Transport.Sockets.SocketConnectionListener+<AcceptAsync>d__10>
7ffcd1d91cd8     80      1,920 System.WeakReference<Microsoft.AspNetCore.Server.Kestrel.Core.Internal.Infrastructure.KestrelConnection>
7ffcd4189fc8     15      1,920 Microsoft.EntityFrameworkCore.Query.Internal.SingleQueryingEnumerable<Order.Infrastructure.Entities.StoreLocation.StoreLocationModel>+Enumerator
7ffcd418fc90     15      1,920 Microsoft.EntityFrameworkCore.Query.Internal.SingleQueryingEnumerable<Order.Infrastructure.Entities.Package.PackageInfoModel>+Enumerator
7ffcd4206498     15      1,920 Microsoft.EntityFrameworkCore.Query.Internal.SingleQueryingEnumerable<Order.Infrastructure.Entities.Package.PackageTbModel>+Enumerator
7ffcd0673060     40      1,920 Microsoft.Extensions.Primitives.ChangeToken+ChangeTokenRegistration<System.Action>
7ffcd29e7430     30      1,920 AutoMapper.Configuration.MemberConfigurationExpression<Order.Business.Model.Request.Order.OrderFeeViewModel, Order.Infrastructure.Entities.OrderModels.OrderFeeModel, System.String>
7ffcd29f6a40     30      1,920 AutoMapper.Configuration.MemberConfigurationExpression<Order.Business.Model.Request.Order.OrderFeeViewModel, Order.Infrastructure.Entities.SubOrderModels.SubOrderFeeModel, System.String>
7ffcd312f2a0     60      1,920 Microsoft.EntityFrameworkCore.Metadata.Internal.InternalIndexBuilder
7ffcd3137e18     60      1,920 System.Collections.Generic.List<Microsoft.EntityFrameworkCore.Metadata.Internal.Index>
7ffcd30754a0     60      1,920 System.Collections.Generic.List<Microsoft.EntityFrameworkCore.Metadata.Internal.ForeignKey>
7ffcd3064c58     60      1,920 Microsoft.EntityFrameworkCore.Metadata.Internal.InternalForeignKeyBuilder
7ffcd37abaa0     60      1,920 System.Collections.Generic.List<Microsoft.EntityFrameworkCore.Metadata.RuntimeIndex>
7ffcd37ac998     60      1,920 Microsoft.EntityFrameworkCore.Metadata.RuntimeIndex[]
7ffcd42c24e0     80      1,920 System.Text.Json.Serialization.Metadata.JsonPropertyInfo<System.Decimal>+<>c__DisplayClass9_0
7ffcd42c2c88     80      1,920 System.Text.Json.Serialization.Metadata.JsonPropertyInfo<System.Decimal>+<>c__DisplayClass10_0
7ffcd338d780     22      1,936 Microsoft.EntityFrameworkCore.ChangeTracking.Internal.NullableValueComparer<System.Int64>
7ffcd0aa3ea0     61      1,952 System.Diagnostics.DiagLinkedList<System.Diagnostics.Metrics.ListenerSubscription>
7ffcd2005ac8     11      1,960 System.Net.Sockets.WSABuffer[]
7ffcd18835c8     41      1,968 System.Text.CompositeFormat
7ffcd11a88d0     82      1,968 Autofac.Extensions.DependencyInjection.AutofacRegistration+<>c__DisplayClass5_0
7ffcd1a0ddf0      2      1,968 System.Xml.XmlWellFormedWriter+State[]
7ffcd1684f70     82      1,968 Microsoft.AspNetCore.Mvc.FromBodyAttribute
7ffcd3138698     62      1,968 Microsoft.EntityFrameworkCore.Metadata.Internal.Index[]
7ffcd307db20     62      1,968 Microsoft.EntityFrameworkCore.Metadata.Internal.ForeignKey[]
7ffcd430bb18      8      1,984 System.Text.Json.Serialization.Metadata.JsonPropertyInfo<CommonApiMessage.AggregatesModel.SubOrderMessage.SubOrderMessageItemAmountDetailViewModel>
7ffcd4337248      8      1,984 System.Text.Json.Serialization.Metadata.JsonPropertyInfo<CommonApiMessage.AggregatesModel.OrderMessage.OrderMessageItemAmountDetailViewModel>
7ffcd39c71b8     22      2,000 System.ValueTuple<Microsoft.EntityFrameworkCore.Query.SqlExpressions.ColumnExpression, Microsoft.EntityFrameworkCore.ChangeTracking.ValueComparer>[]
7ffcd05a3ee8     28      2,016 System.Threading.ThreadPoolWorkQueueThreadLocals
7ffcd294a7b0     84      2,016 AutoMapper.Configuration.MemberConfigurationExpression<Order.Infrastructure.Entities.OrderModels.OrderAddressModel, Order.Business.Model.Response.orderAddress, System.String>+<>c__DisplayClass24_0
7ffcd39b64a0     36      2,016 Microsoft.EntityFrameworkCore.Query.SqlExpressions.InnerJoinExpression
7ffcd10d5ec0     15      2,040 Order.Infrastructure.Entities.SubOrderModels.SubOrderItemPayModel
7ffcd0cd3d00     17      2,040 Order.API.Controllers.OrderController+<GetSubOrder>d__11
7ffcd2e11470     17      2,040 FluentValidation.ValidationContext<Order.Business.Mediator.Commands.Order.GetSubOrderCommand>
7ffcd277a2d8     17      2,040 Microsoft.EntityFrameworkCore.Storage.Internal.RelationalDatabaseFacadeDependencies
7ffcd3efc818     64      2,048 Microsoft.EntityFrameworkCore.Query.Internal.EntityQueryable<Order.Infrastructure.Entities.OrderReference.OrderReferenceModel>
7ffcd298a7f0     32      2,048 CommonApiMessage.AggregatesModel.Package.PackageInfoMessageViewModel
7ffcd0b4d600     32      2,048 System.Func<System.Type, System.ComponentModel.TypeConverter>
7ffcd37bba00     30      2,064 Microsoft.EntityFrameworkCore.Query.IMemberTranslator[]
7ffcd1213b98     86      2,064 System.Linq.Expressions.PrimitiveParameterExpression<System.Int32>
7ffcd20750c8      1      2,072 System.UInt16[][]
7ffcd3f9d3f8      1      2,072 System.Dynamic.Utils.CacheDict<System.Reflection.MethodInfo, System.Linq.Expressions.Interpreter.CallInstruction>+Entry[]
7ffcd26ea8e0     52      2,080 System.Collections.Immutable.RefAsValueType<System.Collections.Immutable.ImmutableSortedDictionary<System.Type, System.ValueTuple<Microsoft.EntityFrameworkCore.Infrastructure.IDbContextOptionsExtension, System.Int32>>+Node>[]
7ffcd0aa0fe0     32      2,080 System.Diagnostics.Metrics.Instrument[]
7ffcd3debaa0     26      2,080 System.Collections.Generic.Dictionary<System.String, System.Tuple<System.String, System.String>>
7ffcd3e1acb0     26      2,080 System.Collections.Generic.Dictionary<System.IntPtr, Microsoft.Data.SqlClient.SNIPacket>
7ffcd3f9a1a0      2      2,096 System.Linq.Expressions.Interpreter.Instruction[]
7ffcd06a5758     22      2,112 System.IO.StreamReader
7ffcd1dbe850     33      2,112 System.Threading.AsyncLocalValueMap+ThreeElementAsyncLocalValueMap
7ffcd13e2230     66      2,112 System.Collections.Generic.List<Autofac.Core.ServiceRegistration>
7ffcd2e602b8     33      2,112 <>f__AnonymousType12<System.String, System.String, System.String, System.String, System.String, System.String>
7ffcd2a3e190     33      2,112 System.Action<AutoMapper.PathMap>
7ffcd12f56c0     33      2,112 System.Threading.TimerCallback
7ffcd2de4eb8     90      2,160 CommonBuilder.JsonBuilders.JsonBuilder
7ffcd0498540     27      2,160 System.Buffers.AsciiCharSearchValues<System.Buffers.IndexOfAnyAsciiSearcher+Default, System.Buffers.SearchValues+FalseConst>
7ffcd2ec9c28      1      2,160 System.Collections.Generic.Dictionary<System.String, Microsoft.EntityFrameworkCore.Storage.RelationalTypeMapping[]>+Entry[]
7ffcd30b3ed8      1      2,160 System.Collections.Generic.Dictionary<System.Type, System.Collections.Generic.SortedSet<System.Type>>+Entry[]
7ffcd0e98120     17      2,176 Utility.Package.UtilityModels.Actor
7ffcd2e26428     34      2,176 System.Func<FluentValidation.ValidationContext<Order.Business.Mediator.Commands.Order.GetSubOrderCommand>, System.String>
7ffcd040b750     25      2,200 System.Diagnostics.Tracing.EtwEventProvider
7ffcd1ed17c8     55      2,200 Microsoft.AspNetCore.Server.Kestrel.Core.Internal.Http.HttpResponseStream
7ffcd1ed03b0     55      2,200 Microsoft.AspNetCore.Server.Kestrel.Core.Internal.Infrastructure.WrappingStream
7ffcd1ed1e28     55      2,200 Microsoft.AspNetCore.Server.Kestrel.Core.Internal.Http.HttpUpgradeStream
7ffcd1ecf0d0     55      2,200 Microsoft.AspNetCore.Server.Kestrel.Core.Internal.Infrastructure.StatusCheckPipeWriter
7ffcd1ecf820     55      2,200 Microsoft.AspNetCore.Server.Kestrel.Core.Internal.Infrastructure.StatusCheckWriteStream
7ffcd2926210     46      2,208 AutoMapper.Configuration.Conventions.MemberConfiguration
7ffcd31a5ab8     93      2,232 System.Collections.Generic.SortedDictionary<System.String, Microsoft.EntityFrameworkCore.Metadata.Internal.SkipNavigation>+ValueCollection
7ffcd316a740     93      2,232 System.Collections.Generic.SortedDictionary<System.Collections.Generic.IReadOnlyList<Microsoft.EntityFrameworkCore.Metadata.IReadOnlyProperty>, Microsoft.EntityFrameworkCore.Metadata.Internal.Index>+ValueCollection
7ffcd3006398     93      2,232 System.Collections.Generic.SortedDictionary<System.String, Microsoft.EntityFrameworkCore.Metadata.Internal.Navigation>+KeyValuePairComparer
7ffcd3006af0     93      2,232 System.Collections.Generic.SortedDictionary<System.String, Microsoft.EntityFrameworkCore.Metadata.Internal.SkipNavigation>+KeyValuePairComparer
7ffcd3007248     93      2,232 System.Collections.Generic.SortedDictionary<System.String, Microsoft.EntityFrameworkCore.Metadata.Internal.ServiceProperty>+KeyValuePairComparer
7ffcd30079c0     93      2,232 System.Collections.Generic.SortedDictionary<System.Collections.Generic.IReadOnlyList<Microsoft.EntityFrameworkCore.Metadata.IReadOnlyProperty>, Microsoft.EntityFrameworkCore.Metadata.Internal.Index>+KeyValuePairComparer
7ffcd3008118     93      2,232 System.Collections.Generic.SortedDictionary<System.String, Microsoft.EntityFrameworkCore.Metadata.Internal.Index>+KeyValuePairComparer
7ffcd3008870     93      2,232 System.Collections.Generic.SortedDictionary<System.Collections.Generic.IReadOnlyList<Microsoft.EntityFrameworkCore.Metadata.IReadOnlyProperty>, Microsoft.EntityFrameworkCore.Metadata.Internal.Key>+KeyValuePairComparer
7ffcd3008fc8     93      2,232 System.Collections.Generic.SortedDictionary<System.String, Microsoft.EntityFrameworkCore.Metadata.Internal.Trigger>+KeyValuePairComparer
7ffcd300e4e0     93      2,232 System.Collections.Generic.SortedDictionary<System.String, Microsoft.EntityFrameworkCore.Metadata.Internal.ComplexProperty>+KeyValuePairComparer
7ffcd300fc60     93      2,232 System.Collections.Generic.SortedDictionary<System.String, Microsoft.EntityFrameworkCore.Metadata.Internal.Property>+KeyValuePairComparer
7ffcd27d0bb8      1      2,232 Microsoft.EntityFrameworkCore.Infrastructure.DbSetProperty[]
7ffcd302aa98     93      2,232 System.Collections.Generic.SortedDictionary<System.String, System.Reflection.PropertyInfo>+KeyValuePairComparer
7ffcd302baf0     93      2,232 System.Collections.Generic.SortedDictionary<System.String, System.Reflection.PropertyInfo>+ValueCollection
7ffcd302cba0     93      2,232 System.Collections.Generic.SortedDictionary<System.String, System.Reflection.FieldInfo>+KeyValuePairComparer
7ffcd302d440     93      2,232 System.Collections.Generic.SortedDictionary<System.String, System.Reflection.FieldInfo>+ValueCollection
7ffcd3070c30     93      2,232 System.Collections.Generic.SortedDictionary<System.String, Microsoft.EntityFrameworkCore.Metadata.Internal.Property>+ValueCollection
7ffcd3086cc0     93      2,232 System.Collections.Generic.SortedDictionary<System.Collections.Generic.IReadOnlyList<Microsoft.EntityFrameworkCore.Metadata.IReadOnlyProperty>, Microsoft.EntityFrameworkCore.Metadata.Internal.Key>+ValueCollection
7ffcd3261590     93      2,232 System.Collections.Generic.SortedDictionary<System.String, Microsoft.EntityFrameworkCore.Metadata.Internal.Navigation>+ValueCollection
7ffcd3267a50     93      2,232 System.Collections.Generic.SortedDictionary<System.String, Microsoft.EntityFrameworkCore.Metadata.Internal.ComplexProperty>+ValueCollection
7ffcd32df4c0     93      2,232 System.Collections.Generic.SortedDictionary<System.String, Microsoft.EntityFrameworkCore.Metadata.Internal.Trigger>+ValueCollection
7ffcd32f6640     93      2,232 System.Collections.Generic.Dictionary<System.String, Microsoft.EntityFrameworkCore.Metadata.ConfigurationSource>+KeyCollection
7ffcd32fe8c8     93      2,232 System.Collections.Generic.SortedDictionary<System.String, Microsoft.EntityFrameworkCore.Metadata.Internal.ServiceProperty>+ValueCollection
7ffcd3915330     93      2,232 Microsoft.EntityFrameworkCore.Utilities.OrderedDictionary<System.String, Microsoft.EntityFrameworkCore.Metadata.RuntimeProperty>+ValueCollection
7ffcd3930110     93      2,232 System.Collections.Generic.SortedDictionary<System.String, Microsoft.EntityFrameworkCore.Metadata.Internal.UniqueConstraint>+KeyValuePairComparer
7ffcd3930868     93      2,232 System.Collections.Generic.SortedDictionary<System.String, Microsoft.EntityFrameworkCore.Metadata.Internal.TableIndex>+KeyValuePairComparer
7ffcd3930fc0     93      2,232 System.Collections.Generic.SortedDictionary<System.String, Microsoft.EntityFrameworkCore.Metadata.Internal.CheckConstraint>+KeyValuePairComparer
7ffcd3931718     93      2,232 System.Collections.Generic.SortedDictionary<System.String, Microsoft.EntityFrameworkCore.Metadata.ITrigger>+KeyValuePairComparer
7ffcd3930018     93      2,232 Microsoft.EntityFrameworkCore.Metadata.Internal.ColumnNameComparer
7ffcd3954158     93      2,232 Microsoft.EntityFrameworkCore.Utilities.OrderedDictionary<System.Collections.Generic.IReadOnlyList<Microsoft.EntityFrameworkCore.Metadata.IReadOnlyProperty>, Microsoft.EntityFrameworkCore.Metadata.RuntimeKey>+ValueCollection
7ffcd3958238     93      2,232 Microsoft.EntityFrameworkCore.Utilities.OrderedDictionary<System.Collections.Generic.IReadOnlyList<Microsoft.EntityFrameworkCore.Metadata.IReadOnlyProperty>, Microsoft.EntityFrameworkCore.Metadata.RuntimeIndex>+ValueCollection
7ffcd39583a8     93      2,232 Microsoft.EntityFrameworkCore.Utilities.OrderedDictionary<System.String, Microsoft.EntityFrameworkCore.Metadata.RuntimeIndex>+ValueCollection
7ffcd39003c8     93      2,232 System.Collections.Generic.SortedDictionary<System.String, Microsoft.EntityFrameworkCore.Metadata.IColumnBase>+ValueCollection
7ffcd3900cc0     93      2,232 System.Collections.Generic.SortedDictionary<System.String, Microsoft.EntityFrameworkCore.Metadata.Internal.UniqueConstraint>+ValueCollection
7ffcd39015b8     93      2,232 System.Collections.Generic.SortedDictionary<System.String, Microsoft.EntityFrameworkCore.Metadata.Internal.TableIndex>+ValueCollection
7ffcd070df20      5      2,240 System.Globalization.CultureData
7ffcd1db80d8     56      2,240 Microsoft.AspNetCore.Server.Kestrel.Core.Internal.Infrastructure.PipeWriterHelpers.TimingPipeFlusher
7ffcd18e16e0     35      2,240 System.Func<System.IntPtr, System.IntPtr>
7ffcd338fee0     56      2,240 System.Linq.Expressions.Expression2<System.Func<System.Nullable<System.Decimal>, System.Nullable<System.Decimal>, System.Boolean>>
7ffcd17b4d58     95      2,280 System.Runtime.CompilerServices.StrongBox<System.Net.Sockets.SocketAsyncEventArgs>
7ffcd438b078     22      2,288 Microsoft.AspNetCore.Server.Kestrel.Core.Internal.Http.HttpResponseHeaders+Enumerator
7ffcd11c2970     18      2,304 Autofac.Core.Lifetime.LifetimeScope
7ffcd05a43e0     48      2,304 System.Random+XoshiroImpl
7ffcd0aa3390     32      2,304 System.Diagnostics.Metrics.ObservableCounter<System.Int64>
7ffcd2a1a7c8     72      2,304 System.Linq.Expressions.Expression1<System.Func<Order.Business.Mediator.Commands.OrderFront.OrderAddressFrontViewModel, System.String>>
7ffcd1ed3378     17      2,312 Microsoft.AspNetCore.Http.DefaultHttpContext
7ffcd0c5da18     17      2,312 Order.API.Controllers.OrderController
7ffcd277b7d8     17      2,312 Microsoft.EntityFrameworkCore.Diagnostics.Internal.RelationalCommandDiagnosticsLogger
7ffcd2774070     17      2,312 Microsoft.EntityFrameworkCore.SqlServer.Storage.Internal.SqlServerConnection
7ffcd277ac30     17      2,312 Microsoft.EntityFrameworkCore.Diagnostics.Internal.RelationalConnectionDiagnosticsLogger
7ffcd1d93a88     58      2,320 Serilog.Context.EnricherStack
7ffcd1675148      3      2,352 System.Collections.Generic.Dictionary<System.Reflection.MemberInfo, System.Reflection.NullabilityState>+Entry[]
7ffcd0520440     37      2,368 System.Func<System.Object, System.Boolean>
7ffcd412fc30     31      2,376 Microsoft.EntityFrameworkCore.Query.Internal.SplitQueryDataReaderContext[]
7ffcd2a3de68     33      2,376 AutoMapper.PathMap
7ffcd2eaadf8      9      2,376 Microsoft.EntityFrameworkCore.SqlServer.Storage.Internal.SqlServerDateTimeTypeMapping
7ffcd1b4f650     33      2,376 System.IO.Pipelines.PipeOptions
7ffcd10d8eb8     10      2,400 Order.Infrastructure.Entities.Package.PackageTbModel
7ffcd2a78198     75      2,400 System.Linq.Expressions.Expression1<System.Func<Order.Business.Mediator.Commands.OrderFront.SubOrderAddressViewModel, System.String>>
7ffcd2990730     75      2,400 System.Linq.Expressions.Expression1<System.Func<Order.Infrastructure.Entities.SubOrderModels.SubOrderItemModel, System.String>>
7ffcd1ad6c70     43      2,408 System.Linq.Expressions.InstanceMethodCallExpression3
7ffcd056ab60     38      2,432 System.Action<System.Object>
7ffcd0a5fdd8     38      2,432 System.Func<System.Int64>
7ffcd3111848     76      2,432 Microsoft.EntityFrameworkCore.Metadata.Internal.InternalNavigationBuilder
7ffcd336f5f8     76      2,432 Microsoft.EntityFrameworkCore.ChangeTracking.EntryCurrentValueComparer<System.Int32>
7ffcd4156700    102      2,448 Microsoft.EntityFrameworkCore.Storage.ExecutionStrategy+<>c__DisplayClass28_0<System.ValueTuple<Microsoft.EntityFrameworkCore.Query.RelationalQueryContext, Microsoft.EntityFrameworkCore.Query.Internal.RelationalCommandResolver, System.Collections.Generic.IReadOnlyList<Microsoft.EntityFrameworkCore.Storage.ReaderColumn>, System.Boolean>, Microsoft.EntityFrameworkCore.Storage.RelationalDataReader>
7ffcd2e1bcc8     17      2,448 FluentValidation.Internal.PropertyRule<Order.Business.Mediator.Commands.Order.GetSubOrderCommand, Order.Business.Mediator.Commands.Order.GetSubOrderCommand>
7ffcd04885a0     28      2,464 System.Reflection.Metadata.TypeName
7ffcd2ea9a88     10      2,480 Microsoft.EntityFrameworkCore.SqlServer.Storage.Internal.SqlServerLongTypeMapping
7ffcd2eacd68     10      2,480 Microsoft.EntityFrameworkCore.Storage.IntTypeMapping
7ffcd42fea78     10      2,480 System.Text.Json.Serialization.Metadata.JsonPropertyInfo<System.Nullable<System.DateTime>>
7ffcd1687318     52      2,496 Microsoft.AspNetCore.Mvc.ProducesResponseTypeAttribute
7ffcd1343160     24      2,496 Microsoft.Extensions.Caching.Memory.CacheEntry
7ffcd3dea288     26      2,496 Microsoft.Data.SqlClient.SessionData
7ffcd3dec270     26      2,496 System.Collections.Generic.Dictionary<System.String, System.Tuple<System.String, System.String>>+Entry[]
7ffcd3dec6b0     26      2,496 Microsoft.Data.SqlClient.SqlConnectionTimeoutPhaseDuration[]
7ffcd2b8bac8     63      2,520 System.Dynamic.Utils.CacheDict<System.Type, System.Func<System.Linq.Expressions.Expression, System.String, System.Boolean, System.Collections.ObjectModel.ReadOnlyCollection<System.Linq.Expressions.ParameterExpression>, System.Linq.Expressions.LambdaExpression>>+Entry
7ffcd188c690      6      2,544 System.Collections.Concurrent.SingleProducerSingleConsumerQueue<RabbitMQ.Client.Impl.Work>+Segment
7ffcd14e2ff8      9      2,552 System.Collections.Generic.Dictionary<System.String, System.Resources.ResourceLocator>+Entry[]
7ffcd29c3a80     40      2,560 System.Action<AutoMapper.IMemberConfigurationExpression<Order.Business.Mediator.Commands.OrderFront.CreateOrderItemFrontManualViewModel, Order.Infrastructure.Entities.OrderModels.OrderItemModel, System.String>>
7ffcd29c95e8     40      2,560 System.Action<AutoMapper.IMemberConfigurationExpression<Order.Business.Mediator.Commands.OrderFront.CreateOrderItemFrontManualViewModel, Order.Infrastructure.Entities.SubOrderModels.SubOrderItemModel, System.String>>
7ffcd2a11970     40      2,560 System.Action<AutoMapper.IMemberConfigurationExpression<Order.Business.Mediator.Commands.OrderFront.CreateOrderItemFrontViewModel, Order.Infrastructure.Entities.OrderModels.OrderItemModel, System.String>>
7ffcd2a14c70     40      2,560 System.Action<AutoMapper.IMemberConfigurationExpression<Order.Business.Mediator.Commands.OrderFront.CreateOrderItemFrontViewModel, Order.Infrastructure.Entities.SubOrderModels.SubOrderItemModel, System.String>>
7ffcd42c1ff0     40      2,560 System.Func<System.ValueTuple<System.String, System.Type, System.Reflection.MemberInfo>, System.Func<System.Object, System.Decimal>>
7ffcd42c2798     40      2,560 System.Func<System.ValueTuple<System.String, System.Type, System.Reflection.MemberInfo>, System.Action<System.Object, System.Decimal>>
7ffcd27aae50     17      2,584 Microsoft.EntityFrameworkCore.ChangeTracking.Internal.StateManagerDependencies
7ffcd422fb28     81      2,592 Microsoft.EntityFrameworkCore.Query.Internal.EntityQueryable<Order.Infrastructure.Entities.OrderModels.OrderModel>
7ffcd29cdc78     81      2,592 System.Linq.Expressions.Expression1<System.Func<Order.Business.Mediator.Commands.OrderFront.CreateOrderFrontManualViewModel, System.String>>
7ffcd2a18230     81      2,592 System.Linq.Expressions.Expression1<System.Func<Order.Business.Mediator.Commands.OrderFront.CreateOrderFrontViewModel, System.String>>
7ffcd2eca6c8     81      2,592 System.Linq.Expressions.Expression1<System.Func<System.String, System.Int32>>
7ffcd2ecbbb8     81      2,592 System.Linq.Expressions.Expression1<System.Func<System.String, System.String>>
7ffcd30354a8     54      2,592 System.Collections.Generic.SortedSet<System.Type>
7ffcd3788420      1      2,592 System.Collections.Generic.Dictionary<System.String, Microsoft.EntityFrameworkCore.Metadata.RuntimeEntityType>+Entry[]
7ffcd2926b60     47      2,600 AutoMapper.Configuration.Conventions.ISourceToDestinationNameMapper[]
7ffcd1219e70      2      2,608 System.Dynamic.Utils.CacheDict<System.Type, System.Reflection.MethodInfo>+Entry[]
7ffcd3388fe0     82      2,624 System.Linq.Expressions.Expression1<System.Func<System.Nullable<System.DateTime>, System.Int32>>
7ffcd3389258     82      2,624 System.Linq.Expressions.Expression1<System.Func<System.Nullable<System.DateTime>, System.Nullable<System.DateTime>>>
7ffcd1403260     33      2,640 Autofac.Core.Registration.ServiceRegistrationInfo+<get_Implementations>d__19
7ffcd2e6c398     22      2,640 System.Linq.Enumerable+<ZipIterator>d__361<System.Collections.Generic.KeyValuePair<System.Type, System.ValueTuple<Microsoft.EntityFrameworkCore.Infrastructure.IDbContextOptionsExtension, System.Int32>>, System.Collections.Generic.KeyValuePair<System.Type, System.ValueTuple<Microsoft.EntityFrameworkCore.Infrastructure.IDbContextOptionsExtension, System.Int32>>>
7ffcd141cd28    110      2,640 <>z__ReadOnlySingleElementList<Serilog.Core.ILogEventEnricher>
7ffcd11aa698     55      2,640 Autofac.Core.Activators.ProvidedInstance.ProvidedInstanceActivator
7ffcd1ed13d0     55      2,640 Microsoft.AspNetCore.Server.Kestrel.Core.Internal.Http.HttpResponsePipeWriter
7ffcd40163a8     67      2,680 System.Linq.Expressions.Expression2<System.Func<System.Data.Common.DbDataReader, System.Int32[], System.Decimal>>
7ffcd3f61c40     21      2,688 Microsoft.EntityFrameworkCore.Query.Internal.SingleQueryingEnumerable<Order.Infrastructure.Entities.OrderReference.OrderReferenceModel>+Enumerator
7ffcd0671b18     42      2,688 System.Func<Microsoft.Extensions.Primitives.IChangeToken>
7ffcd17fe930     56      2,688 System.Threading.AsyncLocalValueMap+TwoElementAsyncLocalValueMap
7ffcd29f3548     42      2,688 AutoMapper.Configuration.MemberConfigurationExpression<Order.Business.Mediator.Commands.OrderFront.CreateOrderFrontManualViewModel, Order.Infrastructure.Entities.SubOrderModels.SubOrderModel, System.String>
7ffcd2a19ff0     42      2,688 AutoMapper.Configuration.MemberConfigurationExpression<Order.Business.Mediator.Commands.OrderFront.OrderAddressFrontViewModel, Order.Infrastructure.Entities.OrderModels.OrderAddressModel, System.String>
7ffcd2a32e68     42      2,688 AutoMapper.Configuration.MemberConfigurationExpression<Order.Business.Mediator.Commands.OrderFront.CreateOrderFrontViewModel, Order.Infrastructure.Entities.SubOrderModels.SubOrderModel, System.String>
7ffcd2a349f0     42      2,688 AutoMapper.Configuration.MemberConfigurationExpression<Order.Business.Mediator.Commands.OrderFront.OrderAddressFrontViewModel, Order.Infrastructure.Entities.SubOrderModels.SubOrderAddressModel, System.String>
7ffcd294a648     84      2,688 System.Linq.Expressions.Expression1<System.Func<Order.Infrastructure.Entities.OrderModels.OrderAddressModel, System.String>>
7ffcd163ee98     17      2,720 Utility.Package.Middlewares.SprintConnectMiddleWareService+<InvokeAsync>d__5
7ffcd37f89e8     34      2,720 System.Collections.Generic.Dictionary<Microsoft.EntityFrameworkCore.Update.IReadOnlyModificationCommand, System.Collections.Generic.Dictionary<Microsoft.EntityFrameworkCore.Update.IReadOnlyModificationCommand, System.Object>>
7ffcd03622f8     38      2,736 System.Threading.Thread
7ffcd20052e0     11      2,808 System.Buffers.MemoryHandle[]
7ffcd29ed4a0    117      2,808 AutoMapper.Configuration.MemberConfigurationExpression<Order.Business.Mediator.Commands.OrderFront.CreateOrderItemFrontManualViewModel, Order.Infrastructure.Entities.OrderModels.OrderItemModel, System.String>+<>c__DisplayClass24_0
7ffcd29fa718    117      2,808 AutoMapper.Configuration.MemberConfigurationExpression<Order.Business.Mediator.Commands.OrderFront.CreateOrderItemFrontManualViewModel, Order.Infrastructure.Entities.SubOrderModels.SubOrderItemModel, System.String>+<>c__DisplayClass24_0
7ffcd2a1e518    117      2,808 AutoMapper.Configuration.MemberConfigurationExpression<Order.Business.Mediator.Commands.OrderFront.CreateOrderItemFrontViewModel, Order.Infrastructure.Entities.OrderModels.OrderItemModel, System.String>+<>c__DisplayClass24_0
7ffcd2a35fd0    117      2,808 AutoMapper.Configuration.MemberConfigurationExpression<Order.Business.Mediator.Commands.OrderFront.CreateOrderItemFrontViewModel, Order.Infrastructure.Entities.SubOrderModels.SubOrderItemModel, System.String>+<>c__DisplayClass24_0
7ffcd3ea90e0     39      2,808 Microsoft.Data.SqlClient.MetaType
7ffcd10d4b00     32      2,816 Order.Infrastructure.Entities.SubOrderModels.SubOrderItemDeliveryWindowModel
7ffcd17b26b8     88      2,816 System.Net.IPEndPoint
7ffcd2df1c20     22      2,816 Microsoft.AspNetCore.Mvc.ModelBinding.Validation.ValidationVisitor
7ffcd11fae18     69      2,824 Autofac.Core.Activators.Reflection.ConstructorBinder[]
7ffcd0850af8     45      2,880 Serilog.Parsing.PropertyToken
7ffcd42a4120     45      2,880 System.Func<System.Object, System.DateTime>
7ffcd42a3fc8     45      2,880 System.Action<System.Object, System.DateTime>
7ffcd2a17b18     45      2,880 AutoMapper.Configuration.MemberConfigurationExpression<Order.Business.Mediator.Commands.OrderFront.CreateOrderFrontViewModel, Order.Infrastructure.Entities.OrderModels.OrderModel, System.String>
7ffcd29cd560     45      2,880 AutoMapper.Configuration.MemberConfigurationExpression<Order.Business.Mediator.Commands.OrderFront.CreateOrderFrontManualViewModel, Order.Infrastructure.Entities.OrderModels.OrderModel, System.String>
7ffcd3a5d478     45      2,880 System.Func<Microsoft.EntityFrameworkCore.Query.QueryContext, System.Data.Common.DbDataReader, System.Object[]>
7ffcd394dea8     60      2,880 System.Collections.Generic.SortedSet<Microsoft.EntityFrameworkCore.Metadata.IIndex>
7ffcd394dae0     60      2,880 System.Collections.Generic.SortedSet<Microsoft.EntityFrameworkCore.Metadata.Internal.TableIndex>
7ffcd39a0a48     60      2,880 System.Collections.Generic.SortedSet<Microsoft.EntityFrameworkCore.Metadata.Internal.TableIndex>+Node
7ffcd39a0b80     60      2,880 System.Collections.Generic.SortedSet<Microsoft.EntityFrameworkCore.Metadata.IIndex>+Node
7ffcd39a19c8     60      2,880 System.Collections.Generic.SortedSet<Microsoft.EntityFrameworkCore.Metadata.IForeignKey>
7ffcd39a6b90     60      2,880 System.Collections.Generic.SortedSet<Microsoft.EntityFrameworkCore.Metadata.IForeignKey>+Node
7ffcd14042d0     33      2,904 System.Linq.Enumerable+ListWhereIterator<Autofac.Core.ServiceRegistration>
7ffcd4156260     91      2,912 Microsoft.EntityFrameworkCore.Storage.ExecutionResult<Microsoft.EntityFrameworkCore.Storage.RelationalDataReader>
7ffcd2690fa8     52      2,912 System.Collections.Immutable.RefAsValueType<System.Collections.Immutable.ImmutableSortedDictionary<System.Int32, System.ValueTuple<System.Nullable<Microsoft.EntityFrameworkCore.WarningBehavior>, System.Nullable<Microsoft.Extensions.Logging.LogLevel>>>+Node>[]
7ffcd1219db8     73      2,920 System.Dynamic.Utils.CacheDict<System.Type, System.Reflection.MethodInfo>+Entry
7ffcd1682ac8     61      2,928 Microsoft.AspNetCore.Mvc.HttpGetAttribute
7ffcd098f578     92      2,944 System.Int32[][]
7ffcd2b0a1d8     46      2,944 System.Func<System.Collections.Concurrent.ConcurrentDictionary<System.Type, AutoMapper.Internal.TypeDetails>>
7ffcd3073e40     92      2,944 Microsoft.EntityFrameworkCore.Metadata.Internal.InternalKeyBuilder
7ffcd3074680     92      2,944 System.Collections.Generic.List<Microsoft.EntityFrameworkCore.Metadata.Internal.Key>
7ffcd37a9c10     92      2,944 System.Collections.Generic.List<Microsoft.EntityFrameworkCore.Metadata.RuntimeKey>
7ffcd37aaf50     92      2,944 Microsoft.EntityFrameworkCore.Metadata.RuntimeKey[]
7ffcd1248108     93      2,976 Autofac.Core.Activators.Reflection.ReflectionActivator+<>c__DisplayClass14_1
7ffcd2ff3868     93      2,976 Microsoft.EntityFrameworkCore.Metadata.Internal.InternalEntityTypeBuilder
7ffcd378b268     93      2,976 System.Collections.Generic.List<Microsoft.EntityFrameworkCore.Metadata.RuntimeForeignKey>
7ffcd390e5b0     93      2,976 System.Collections.Generic.List<Microsoft.EntityFrameworkCore.Metadata.Internal.TableMappingBase<Microsoft.EntityFrameworkCore.Metadata.Internal.ColumnMappingBase>>
7ffcd391c1a8     93      2,976 System.Collections.Generic.List<Microsoft.EntityFrameworkCore.Metadata.Internal.TableMapping>
7ffcd30827d0     94      2,992 Microsoft.EntityFrameworkCore.Metadata.Internal.Key[]
7ffcd3a919c0    125      3,000 Microsoft.EntityFrameworkCore.Storage.ExecutionResult<System.Boolean>
7ffcd412f568     94      3,008 Microsoft.EntityFrameworkCore.Query.Internal.SplitQueryDataReaderContext
7ffcd1b5f398     54      3,024 Microsoft.AspNetCore.Mvc.ApiExplorer.ApiResponseType
7ffcd16e9c08     38      3,040 System.Collections.Generic.Dictionary<System.Reflection.MethodInfo, System.String>
7ffcd1b80258     55      3,048 Microsoft.AspNetCore.Mvc.ApiExplorer.ApiResponseFormat[]
7ffcd2b64650     96      3,072 System.Collections.Generic.List<CommonApiMessage.AggregatesModel.SubOrderMessage.SubOrderMessageAddressViewModel>
7ffcd39c7778     96      3,072 Microsoft.EntityFrameworkCore.Query.SqlExpressions.OrderingExpression
7ffcd3ac11a0    129      3,096 Microsoft.EntityFrameworkCore.Storage.ParameterNameGenerator
7ffcd3a9cb68    129      3,096 Microsoft.EntityFrameworkCore.SqlServer.Query.Internal.SearchConditionConverter
7ffcd3a57138    129      3,096 Microsoft.EntityFrameworkCore.Query.SqlExpressions.SelectExpression+<>c__DisplayClass112_0
7ffcd1afc430    129      3,096 System.Collections.Concurrent.ConcurrentStack<System.Byte[]>
7ffcd401c748     49      3,136 System.Collections.Generic.HashSet<Order.Infrastructure.Entities.SubOrderModels.SubOrderItemTaxModel>
7ffcd401df70     49      3,136 System.Action<Order.Infrastructure.Entities.SubOrderModels.SubOrderItemAmtDtlModel, Order.Infrastructure.Entities.SubOrderModels.SubOrderItemTaxModel>
7ffcd14d2598     98      3,136 System.Text.Json.Serialization.Metadata.JsonTypeInfo+JsonPropertyInfoList
7ffcd1db82b0     56      3,136 System.IO.Pipelines.BufferSegmentStack+SegmentAsValueType[]
7ffcd2b86e20     98      3,136 System.Linq.Expressions.Scope1
7ffcd143ab50     33      3,168 System.Linq.Enumerable+OrderedIterator<Autofac.Core.ServiceRegistration, System.Int64>
7ffcd1d90578     80      3,200 Microsoft.AspNetCore.Server.Kestrel.Core.Internal.Infrastructure.ConnectionMetricsContext
7ffcd040bd50     50      3,200 System.Diagnostics.Tracing.EventSource+OverrideEventProvider
7ffcd166c9f0      2      3,200 System.Collections.Concurrent.ConcurrentDictionary<System.Type, Microsoft.Extensions.Internal.PropertyHelper[]>+VolatileNode[]
7ffcd2eca388     81      3,240 System.Linq.Expressions.Expression2<System.Func<System.String, System.String, System.Boolean>>
7ffcd1174e40     14      3,248 System.Collections.Concurrent.ConcurrentQueueSegment<Autofac.Core.IComponentRegistration>
7ffcd4155de0    102      3,264 Microsoft.EntityFrameworkCore.ExecutionStrategyExtensions+<>c__DisplayClass12_0<System.ValueTuple<Microsoft.EntityFrameworkCore.Query.RelationalQueryContext, Microsoft.EntityFrameworkCore.Query.Internal.RelationalCommandResolver, System.Collections.Generic.IReadOnlyList<Microsoft.EntityFrameworkCore.Storage.ReaderColumn>, System.Boolean>, Microsoft.EntityFrameworkCore.Storage.RelationalDataReader>
7ffcd401e500     51      3,264 System.Action<Order.Infrastructure.Entities.SubOrderModels.SubOrderItemAmountModel, Order.Infrastructure.Entities.SubOrderModels.SubOrderItemAmtDtlModel>
7ffcd0562c50     51      3,264 System.Threading.SemaphoreSlim
7ffcd25da9c8     51      3,264 System.Predicate<System.String>
7ffcd12c0348     17      3,264 Microsoft.AspNetCore.Mvc.Infrastructure.ControllerActionInvoker
7ffcd2e9e990     17      3,264 System.Collections.Generic.Dictionary<System.Type, Microsoft.EntityFrameworkCore.Diagnostics.IInterceptorAggregator>+Entry[]
7ffcd294e2e0     51      3,264 AutoMapper.Configuration.MemberConfigurationExpression<Order.Infrastructure.Entities.OrderModels.OrderItemModel, CommonApiMessage.AggregatesModel.OrderMessage.OrderMessageItemViewModel, System.String>
7ffcd3386730     82      3,280 System.Linq.Expressions.Expression2<System.Func<System.Nullable<System.DateTime>, System.Nullable<System.DateTime>, System.Boolean>>
7ffcd2b66700     22      3,344 CommonApiMessage.AggregatesModel.Package.PackageTbMessage
7ffcd1791480     84      3,360 System.Net.IPAddress
7ffcd31cd788     60      3,360 System.Collections.Generic.SortedSet<System.Collections.Generic.KeyValuePair<System.Collections.Generic.IReadOnlyList<Microsoft.EntityFrameworkCore.Metadata.IReadOnlyProperty>, Microsoft.EntityFrameworkCore.Metadata.Internal.Index>>+Node
7ffcd30b40b0     70      3,360 System.Collections.Generic.SortedSet<System.Type>+Node
7ffcd398fc30     60      3,360 System.Collections.Generic.SortedSet<System.Collections.Generic.KeyValuePair<System.String, Microsoft.EntityFrameworkCore.Metadata.Internal.TableIndex>>+Node
7ffcd0d6d338    106      3,392 Microsoft.EntityFrameworkCore.DbContextOptions<Order.Infrastructure.OrderContext>
7ffcd16adcd0    107      3,424 System.Collections.Generic.List<Microsoft.AspNetCore.Routing.Patterns.RoutePatternParameterPart>
7ffcd0569e50     86      3,440 System.Threading.ThreadPoolBoundHandle
7ffcd0410eb8    108      3,456 System.Decimal
7ffcd0597068     54      3,456 System.Action
7ffcd1c2c1e8     14      3,472 System.Text.Json.Serialization.Metadata.JsonPropertyInfo<System.Boolean>
7ffcd27cf928      1      3,472 System.Collections.Concurrent.ConcurrentDictionary<System.ValueTuple<System.Type, System.String>, System.Func<Microsoft.EntityFrameworkCore.DbContext, System.String, System.Object>>+VolatileNode[]
7ffcd27b9c68      1      3,472 System.Collections.Concurrent.ConcurrentDictionary<Microsoft.Extensions.DependencyInjection.ServiceLookup.ServiceCacheKey, Microsoft.Extensions.DependencyInjection.ServiceLookup.ILEmitResolverBuilder+GeneratedMethod>+VolatileNode[]
7ffcd0858e08    145      3,480 System.Runtime.CompilerServices.AsyncStateMachineAttribute
7ffcd16829d0    145      3,480 System.Diagnostics.DebuggerStepThroughAttribute
7ffcd3ef89e0    109      3,488 System.Collections.Generic.List<Microsoft.EntityFrameworkCore.Query.Internal.SingleQueryCollectionContext>
7ffcd2dee418     22      3,520 Microsoft.AspNetCore.Mvc.ModelBinding.DefaultModelBindingContext
7ffcd1f872d0    110      3,520 System.Collections.Generic.Stack<System.Collections.Generic.KeyValuePair<System.Func<System.Object, System.Threading.Tasks.Task>, System.Object>>
7ffcd146d4e0      3      3,520 System.Collections.Concurrent.ConcurrentDictionary<System.Int64, Microsoft.AspNetCore.Server.Kestrel.Core.Internal.Infrastructure.ConnectionReference>+VolatileNode[]
7ffcd3a571b8     44      3,520 System.Collections.Generic.Dictionary<Microsoft.EntityFrameworkCore.Metadata.IPropertyBase, System.Int32>
7ffcd0fdb8a8     17      3,536 Order.Infrastructure.Entities.SubOrderModels.SubOrderItemFulFillmentModel
7ffcd2e96508    112      3,584 Microsoft.Extensions.DependencyInjection.ServiceLookup.ILEmitResolverBuilder+ILEmitResolverBuilderRuntimeContext
7ffcd17b7c08     18      3,600 System.Diagnostics.Activity
7ffcd1556858     90      3,600 Microsoft.AspNetCore.Mvc.RouteAttribute
7ffcd056cbb8      3      3,656 System.Collections.Concurrent.ConcurrentQueueSegment<System.Object>+Slot[]
7ffcd278dd10     17      3,672 Microsoft.EntityFrameworkCore.ChangeTracking.Internal.StateManager
7ffcd3acee98     17      3,672 Microsoft.Data.SqlClient.SqlConnection
7ffcd2b0f098     46      3,680 System.Collections.Generic.Dictionary<AutoMapper.Internal.TypePair, AutoMapper.Configuration.TypeMapConfiguration>
7ffcd1b51230     16      3,712 System.Collections.Concurrent.ConcurrentQueueSegment<Microsoft.AspNetCore.MemoryPoolBlock>
7ffcd1b51cd8     16      3,712 System.Collections.Concurrent.ConcurrentQueueSegment<Microsoft.AspNetCore.Server.Kestrel.Transport.Sockets.Internal.IOQueue+Work>
7ffcd1b526b0     16      3,712 System.Collections.Concurrent.ConcurrentQueueSegment<Microsoft.AspNetCore.Server.Kestrel.Transport.Sockets.Internal.SocketSender>
7ffcd2fffc10     93      3,720 System.Collections.Generic.SortedDictionary<System.String, Microsoft.EntityFrameworkCore.Metadata.Internal.Navigation>
7ffcd3001188     93      3,720 System.Collections.Generic.SortedDictionary<System.String, Microsoft.EntityFrameworkCore.Metadata.Internal.SkipNavigation>
7ffcd3002390     93      3,720 System.Collections.Generic.SortedDictionary<System.String, Microsoft.EntityFrameworkCore.Metadata.Internal.ServiceProperty>
7ffcd3003950     93      3,720 System.Collections.Generic.SortedDictionary<System.Collections.Generic.IReadOnlyList<Microsoft.EntityFrameworkCore.Metadata.IReadOnlyProperty>, Microsoft.EntityFrameworkCore.Metadata.Internal.Index>
7ffcd3003f58     93      3,720 System.Collections.Generic.SortedDictionary<System.String, Microsoft.EntityFrameworkCore.Metadata.Internal.Index>
7ffcd30050d8     93      3,720 System.Collections.Generic.SortedDictionary<System.Collections.Generic.IReadOnlyList<Microsoft.EntityFrameworkCore.Metadata.IReadOnlyProperty>, Microsoft.EntityFrameworkCore.Metadata.Internal.Key>
7ffcd3005d20     93      3,720 System.Collections.Generic.SortedDictionary<System.String, Microsoft.EntityFrameworkCore.Metadata.Internal.Trigger>
7ffcd300a170     93      3,720 System.Collections.Generic.SortedDictionary<System.String, Microsoft.EntityFrameworkCore.Metadata.Internal.ComplexProperty>
7ffcd300deb8     93      3,720 System.Collections.Generic.SortedDictionary<System.String, Microsoft.EntityFrameworkCore.Metadata.Internal.Property>
7ffcd3029e60     93      3,720 System.Collections.Generic.SortedDictionary<System.String, System.Reflection.PropertyInfo>
7ffcd302bf68     93      3,720 System.Collections.Generic.SortedDictionary<System.String, System.Reflection.FieldInfo>
7ffcd39006b8     93      3,720 System.Collections.Generic.SortedDictionary<System.String, Microsoft.EntityFrameworkCore.Metadata.Internal.UniqueConstraint>
7ffcd3900fb0     93      3,720 System.Collections.Generic.SortedDictionary<System.String, Microsoft.EntityFrameworkCore.Metadata.Internal.TableIndex>
7ffcd391f6e8     93      3,720 System.Collections.Generic.SortedDictionary<System.String, Microsoft.EntityFrameworkCore.Metadata.Internal.CheckConstraint>
7ffcd391fcf0     93      3,720 System.Collections.Generic.SortedDictionary<System.String, Microsoft.EntityFrameworkCore.Metadata.ITrigger>
7ffcd07065e0    117      3,744 System.Collections.Generic.List<System.Type>
7ffcd1296a18      3      3,768 Microsoft.AspNetCore.Http.Endpoint[]
7ffcd14ef300      2      3,792 System.Collections.Concurrent.ConcurrentDictionary<System.Type, System.Func<System.Linq.Expressions.ParameterExpression, System.Linq.Expressions.Expression, System.Linq.Expressions.Expression>>+VolatileNode[]
7ffcd2fd2bd0      2      3,792 System.Collections.Concurrent.ConcurrentDictionary<System.Type, System.String>+VolatileNode[]
7ffcd040a938     56      3,832 System.IntPtr[]
7ffcd190dfc0     59      3,832 System.Linq.Expressions.MemberBinding[]
7ffcd146b370     80      3,840 Microsoft.AspNetCore.Server.Kestrel.Core.Internal.Infrastructure.ConnectionReference
7ffcd0b48528    160      3,840 System.Runtime.Versioning.NonVersionableAttribute
7ffcd1c24638     48      3,840 System.Collections.Generic.Dictionary<System.String, System.ValueTuple<System.Text.Json.Serialization.Metadata.JsonPropertyInfo, System.Int32>>
7ffcd124dfb8     96      3,840 System.Diagnostics.DebuggerTypeProxyAttribute
7ffcd1213060    162      3,888 System.Linq.Expressions.PrimitiveParameterExpression<System.Decimal>
7ffcd412fb70     45      3,896 Microsoft.EntityFrameworkCore.Query.Internal.SplitQueryCollectionContext[]
7ffcd14e89a8     49      3,920 System.Collections.Generic.Dictionary<System.Reflection.Module, System.Reflection.NullabilityInfoContext+NotAnnotatedStatus>
7ffcd14e6be0     49      3,920 System.Collections.Generic.Dictionary<System.Reflection.MemberInfo, System.Reflection.NullabilityState>
7ffcd0594328     99      3,960 System.Threading.PreAllocatedOverlapped
7ffcd1b4fa78     11      3,960 Microsoft.AspNetCore.Server.Kestrel.Transport.Sockets.Internal.SocketSender
7ffcd1ab0018     55      3,960 Microsoft.AspNetCore.Hosting.HostingApplication+Context
7ffcd3f5b988     99      3,960 System.Linq.Expressions.Expression2<System.Func<System.Data.Common.DbDataReader, System.Int32[], System.DateTime>>
7ffcd1c2e228     62      3,968 System.Func<System.Object, System.Int32>
7ffcd1c2eb08     62      3,968 System.Action<System.Object, System.Int32>
7ffcd37a1ac8     40      3,984 Microsoft.EntityFrameworkCore.Utilities.OrderedDictionary<System.Collections.Generic.IReadOnlyList<Microsoft.EntityFrameworkCore.Metadata.IReadOnlyProperty>, Microsoft.EntityFrameworkCore.Metadata.RuntimeIndex>+Entry[]
7ffcd05aa208      1      4,024 System.Threading.PortableThreadPool+HillClimbing+LogEntry[]
7ffcd1d94380     56      4,032 Microsoft.AspNetCore.Server.Kestrel.Core.Internal.HttpConnection
7ffcd2b8b910     63      4,032 System.Func<System.Linq.Expressions.Expression, System.String, System.Boolean, System.Collections.ObjectModel.ReadOnlyCollection<System.Linq.Expressions.ParameterExpression>, System.Linq.Expressions.LambdaExpression>
7ffcd119bd28    127      4,064 Autofac.Extensions.DependencyInjection.AutofacServiceProvider
7ffcd1790278     85      4,080 System.Net.Sockets.SafeSocketHandle
7ffcd26320b8     51      4,080 Microsoft.AspNetCore.Mvc.ModelBinding.ModelStateDictionary+ModelStateNode
7ffcd1058a08     15      4,080 Order.Infrastructure.Entities.StoreLocation.StoreLocationModel
7ffcd401bbb0     64      4,096 System.Func<Microsoft.EntityFrameworkCore.Query.QueryContext, System.Data.Common.DbDataReader, Microsoft.EntityFrameworkCore.Query.Internal.ResultContext, Microsoft.EntityFrameworkCore.Query.Internal.SplitQueryResultCoordinator, Order.Infrastructure.Entities.SubOrderModels.SubOrderItemTaxModel>
7ffcd1283060    171      4,104 System.Threading.Tasks.TaskCompletionSource
7ffcd04fed88     22      4,112 System.Runtime.CompilerServices.ConditionalWeakTable<System.Buffers.SharedArrayPoolThreadLocalArray[], System.Object>+Entry[]
7ffcd3a9c7c0    129      4,128 Microsoft.EntityFrameworkCore.Query.ParametersCacheDecorator
7ffcd3a9c910    129      4,128 Microsoft.EntityFrameworkCore.SqlServer.Query.Internal.SqlServerZeroLimitConverter
7ffcd3aa0840    129      4,128 System.Collections.Generic.DelegateEqualityComparer<Microsoft.EntityFrameworkCore.Query.SqlExpressions.SqlParameterExpression>
7ffcd3aa09f8    129      4,128 System.Collections.Generic.DelegateEqualityComparer<Microsoft.EntityFrameworkCore.Query.QueryParameterExpression>
7ffcd1669350     87      4,176 Microsoft.AspNetCore.Mvc.HttpPostAttribute
7ffcd37a17f8     38      4,176 Microsoft.EntityFrameworkCore.Utilities.OrderedDictionary<System.String, Microsoft.EntityFrameworkCore.Metadata.RuntimeNavigation>+Entry[]
7ffcd07f80e0     66      4,224 System.IO.MemoryStream
7ffcd336de38    132      4,224 System.Linq.Expressions.Expression1<System.Func<System.Nullable<System.Int32>, System.Int32>>
7ffcd336e2d8    132      4,224 System.Linq.Expressions.Expression1<System.Func<System.Nullable<System.Int32>, System.Nullable<System.Int32>>>
7ffcd3112078     76      4,256 System.Collections.Generic.SortedSet<System.Collections.Generic.KeyValuePair<System.String, Microsoft.EntityFrameworkCore.Metadata.Internal.Navigation>>+Node
7ffcd08541f8    134      4,288 Serilog.Events.LogEventProperty
7ffcd40164f0     67      4,288 Microsoft.EntityFrameworkCore.Storage.ReaderColumn<System.Decimal>
7ffcd4016048     67      4,288 System.Func<System.Data.Common.DbDataReader, System.Int32[], System.Decimal>
7ffcd1d912f0    135      4,320 System.Collections.Generic.List<System.Collections.Generic.KeyValuePair<System.Type, System.Object>>
7ffcd275c1c0      2      4,320 System.Collections.Generic.Dictionary<System.Type, Microsoft.EntityFrameworkCore.Infrastructure.ServiceCharacteristics>+Entry[]
7ffcd32f3d08     60      4,320 Microsoft.EntityFrameworkCore.Metadata.RuntimeIndex
7ffcd1669d70    181      4,344 Microsoft.AspNetCore.Mvc.ActionConstraints.HttpMethodActionConstraint
7ffcd1701790    181      4,344 Microsoft.AspNetCore.Mvc.ApiDescriptionActionData
7ffcd3a5ad38    109      4,360 Microsoft.EntityFrameworkCore.Query.Internal.SingleQueryResultCoordinator
7ffcd3dec630    182      4,368 Microsoft.Data.SqlClient.SqlConnectionTimeoutPhaseDuration
7ffcd39b6970     78      4,368 Microsoft.EntityFrameworkCore.Query.SqlExpressions.LeftJoinExpression
7ffcd0ac2a20    183      4,392 System.Collections.ObjectModel.ReadOnlyCollection<System.String>
7ffcd0987988    110      4,400 System.Reflection.RuntimeParameterInfo[]
7ffcd1ecaf10     55      4,400 System.Collections.Generic.Dictionary<System.String, Microsoft.Extensions.Primitives.StringValues>
7ffcd1ed0e80    110      4,400 Microsoft.AspNetCore.Server.Kestrel.Core.Internal.Http.HttpRequestStream
7ffcd38272d8     92      4,416 System.Collections.Concurrent.ConcurrentDictionary<System.Object, System.Object>+Node
7ffcd059c278     69      4,416 System.Threading.ContextCallback
7ffcd394d688     92      4,416 System.Collections.Generic.SortedSet<Microsoft.EntityFrameworkCore.Metadata.IKey>
7ffcd394d2c0     92      4,416 System.Collections.Generic.SortedSet<Microsoft.EntityFrameworkCore.Metadata.Internal.UniqueConstraint>
7ffcd3957ee8     92      4,416 System.Collections.Generic.SortedSet<Microsoft.EntityFrameworkCore.Metadata.Internal.UniqueConstraint>+Node
7ffcd3958020     92      4,416 System.Collections.Generic.SortedSet<Microsoft.EntityFrameworkCore.Metadata.IKey>+Node
7ffcd30065f0     93      4,464 System.Collections.Generic.TreeSet<System.Collections.Generic.KeyValuePair<System.String, Microsoft.EntityFrameworkCore.Metadata.Internal.Navigation>>
7ffcd3006d48     93      4,464 System.Collections.Generic.TreeSet<System.Collections.Generic.KeyValuePair<System.String, Microsoft.EntityFrameworkCore.Metadata.Internal.SkipNavigation>>
7ffcd30074a0     93      4,464 System.Collections.Generic.TreeSet<System.Collections.Generic.KeyValuePair<System.String, Microsoft.EntityFrameworkCore.Metadata.Internal.ServiceProperty>>
7ffcd3007c18     93      4,464 System.Collections.Generic.TreeSet<System.Collections.Generic.KeyValuePair<System.Collections.Generic.IReadOnlyList<Microsoft.EntityFrameworkCore.Metadata.IReadOnlyProperty>, Microsoft.EntityFrameworkCore.Metadata.Internal.Index>>
7ffcd3008370     93      4,464 System.Collections.Generic.TreeSet<System.Collections.Generic.KeyValuePair<System.String, Microsoft.EntityFrameworkCore.Metadata.Internal.Index>>
7ffcd3008ac8     93      4,464 System.Collections.Generic.TreeSet<System.Collections.Generic.KeyValuePair<System.Collections.Generic.IReadOnlyList<Microsoft.EntityFrameworkCore.Metadata.IReadOnlyProperty>, Microsoft.EntityFrameworkCore.Metadata.Internal.Key>>
7ffcd3009220     93      4,464 System.Collections.Generic.TreeSet<System.Collections.Generic.KeyValuePair<System.String, Microsoft.EntityFrameworkCore.Metadata.Internal.Trigger>>
7ffcd300e738     93      4,464 System.Collections.Generic.TreeSet<System.Collections.Generic.KeyValuePair<System.String, Microsoft.EntityFrameworkCore.Metadata.Internal.ComplexProperty>>
7ffcd300a778     93      4,464 System.Collections.Generic.SortedSet<Microsoft.EntityFrameworkCore.Metadata.Internal.TypeBase>
7ffcd300ae00    186      4,464 Microsoft.EntityFrameworkCore.Metadata.Internal.PropertyNameComparer
7ffcd300feb8     93      4,464 System.Collections.Generic.TreeSet<System.Collections.Generic.KeyValuePair<System.String, Microsoft.EntityFrameworkCore.Metadata.Internal.Property>>
7ffcd302acf0     93      4,464 System.Collections.Generic.TreeSet<System.Collections.Generic.KeyValuePair<System.String, System.Reflection.PropertyInfo>>
7ffcd302cdf8     93      4,464 System.Collections.Generic.TreeSet<System.Collections.Generic.KeyValuePair<System.String, System.Reflection.FieldInfo>>
7ffcd3911410    186      4,464 System.Collections.Generic.SortedDictionary<System.String, Microsoft.EntityFrameworkCore.Metadata.IColumnBase>+KeyValuePairComparer
7ffcd3930368     93      4,464 System.Collections.Generic.TreeSet<System.Collections.Generic.KeyValuePair<System.String, Microsoft.EntityFrameworkCore.Metadata.Internal.UniqueConstraint>>
7ffcd3930ac0     93      4,464 System.Collections.Generic.TreeSet<System.Collections.Generic.KeyValuePair<System.String, Microsoft.EntityFrameworkCore.Metadata.Internal.TableIndex>>
7ffcd3931218     93      4,464 System.Collections.Generic.TreeSet<System.Collections.Generic.KeyValuePair<System.String, Microsoft.EntityFrameworkCore.Metadata.Internal.CheckConstraint>>
7ffcd3931970     93      4,464 System.Collections.Generic.TreeSet<System.Collections.Generic.KeyValuePair<System.String, Microsoft.EntityFrameworkCore.Metadata.ITrigger>>
7ffcd3efbfb8    140      4,480 System.Collections.Concurrent.ConcurrentStack<Microsoft.Data.ProviderBase.DbConnectionInternal>+Node
7ffcd2988b00     33      4,488 CommonApiMessage.AggregatesModel.SubOrderMessage.SubOrderMessageItemPaymentViewModel
7ffcd2ea0018    142      4,544 System.Collections.Generic.List<Microsoft.EntityFrameworkCore.Infrastructure.RelationalOptionsExtension>
7ffcd2ea0c40    142      4,544 Microsoft.EntityFrameworkCore.Infrastructure.RelationalOptionsExtension[]
7ffcd13ee880    142      4,544 Autofac.Features.Collections.CollectionRegistrationSource+<>c__DisplayClass2_0
7ffcd1ef4328     57      4,560 System.Threading.AsyncLocalValueMap+FourElementAsyncLocalValueMap
7ffcd416fa30     82      4,560 CommonApiMessage.AggregatesModel.SubOrderMessage.SubOrderMessageAddressViewModel[]
7ffcd1c29cf0    143      4,576 System.Collections.Generic.List<System.Text.Json.Serialization.Metadata.JsonPropertyInfo>
7ffcd264d508     96      4,608 System.Collections.Immutable.ImmutableSortedDictionary<System.Type, System.ValueTuple<Microsoft.EntityFrameworkCore.Infrastructure.IDbContextOptionsExtension, System.Int32>>
7ffcd10de3e0     34      4,624 Order.Infrastructure.Entities.OrderModels.OrderPaymentTransactionModel
7ffcd0737d20    116      4,640 Microsoft.Extensions.DependencyModel.RuntimeAssetGroup
7ffcd2f54868    146      4,672 Microsoft.EntityFrameworkCore.Infrastructure.IndentedStringBuilder
7ffcd06833b0    196      4,704 System.DateTime
7ffcd25ade60     28      4,704 Microsoft.IO.RecyclableMemoryStream
7ffcd0d2a788     21      4,704 Order.Infrastructure.Entities.SubOrderModels.SubOrderModel
7ffcd2944ed0    147      4,704 System.Collections.Generic.List<AutoMapper.Configuration.IPropertyMapConfiguration>
7ffcd2926850     44      4,704 AutoMapper.Configuration.TypeMapConfiguration[]
7ffcd3911c60      1      4,752 System.Collections.Generic.Dictionary<System.String, Microsoft.EntityFrameworkCore.Metadata.Internal.TableBase>+Entry[]
7ffcd3ac3a40    199      4,776 Microsoft.EntityFrameworkCore.Query.QuerySqlGenerator+<>c__DisplayClass20_0
7ffcd3ac3f98    199      4,776 Microsoft.EntityFrameworkCore.Query.QuerySqlGenerator+<>c__DisplayClass17_0
7ffcd09b3658      7      4,792 System.Collections.Generic.HashSet<System.Type>+Entry[]
7ffcd41fe7d8    150      4,800 ActAttribute.Common.ObjectExtensions+<>c__DisplayClass9_1<System.Object, CommonApiMessage.AggregatesModel.Package.PackageInfoMessageViewModel>
7ffcd29e1e50    150      4,800 System.Linq.Expressions.Expression1<System.Func<Order.Business.Mediator.Commands.OrderFront.OrderAddressFrontManualViewModel, System.String>>
7ffcd2a6f450     75      4,800 AutoMapper.Configuration.MemberConfigurationExpression<Order.Business.Mediator.Commands.OrderFront.UpdateOrderAddressViewModel, Order.Infrastructure.Entities.OrderModels.OrderAddressModel, System.String>
7ffcd2a6fb68    150      4,800 System.Linq.Expressions.Expression1<System.Func<Order.Business.Mediator.Commands.OrderFront.UpdateOrderAddressViewModel, System.String>>
7ffcd2a78388     75      4,800 AutoMapper.Configuration.MemberConfigurationExpression<Order.Business.Mediator.Commands.OrderFront.UpdateOrderAddressViewModel, Order.Business.Mediator.Commands.OrderFront.SubOrderAddressViewModel, System.String>
7ffcd2a93280     75      4,800 AutoMapper.Configuration.MemberConfigurationExpression<Order.Business.Mediator.Commands.OrderFront.SubOrderAddressViewModel, Order.Infrastructure.Entities.SubOrderModels.SubOrderAddressModel, System.String>
7ffcd2990018     75      4,800 AutoMapper.Configuration.MemberConfigurationExpression<Order.Infrastructure.Entities.SubOrderModels.SubOrderItemModel, CommonApiMessage.AggregatesModel.SubOrderMessage.SubOrderMessageItemViewModel, System.String>
7ffcd304a8c8    150      4,800 System.Collections.Generic.List<Microsoft.EntityFrameworkCore.Metadata.Internal.Property>
7ffcd38fa050     60      4,800 Microsoft.EntityFrameworkCore.Metadata.Internal.TableIndex
7ffcd1ad6498    152      4,864 System.Linq.Expressions.TypedConstantExpression
7ffcd10d5880     34      4,896 Order.Infrastructure.Entities.SubOrderModels.SubOrderItemAmtDtlModel
7ffcd2e48350     17      4,896 System.Diagnostics.Process
7ffcd3069990    154      4,912 Microsoft.EntityFrameworkCore.Metadata.Internal.Property[]
7ffcd338f1c8     56      4,928 Microsoft.EntityFrameworkCore.ChangeTracking.Internal.NullableValueComparer<System.Decimal>
7ffcd17043b0    206      4,944 System.Collections.Generic.Dictionary<System.String, System.String>+KeyCollection
7ffcd1b1e8a0    206      4,944 Microsoft.AspNetCore.Routing.RouteNameMetadata
7ffcd1b30668    206      4,944 Microsoft.AspNetCore.Routing.RouteEndpointBuilder+RouteDiagnosticsMetadata
7ffcd389a418      2      4,944 System.Collections.Generic.Dictionary<System.Reflection.MethodInfo, System.Reflection.MethodInfo>+Entry[]
7ffcd1db9280     57      4,952 System.ValueTuple<System.Action<System.Object>, System.Object>[]
7ffcd2f54078    156      4,992 System.Collections.Generic.List<Microsoft.EntityFrameworkCore.Storage.IRelationalParameter>
7ffcd1b5a7d8     37      5,032 System.Text.Json.Utf8JsonWriter
7ffcd1d8a180    160      5,120 System.IO.Pipelines.Pipe+DefaultPipeReader
7ffcd1d8a720    160      5,120 System.IO.Pipelines.Pipe+DefaultPipeWriter
7ffcd1d888c0    160      5,120 System.IO.Pipelines.DuplexPipe
7ffcd141b4a8     92      5,152 Serilog.Extensions.Logging.SerilogLoggerScope
7ffcd28f1d58     92      5,152 System.Collections.Concurrent.ConcurrentDictionary<System.ValueTuple<System.Type, System.String>, System.Func<Microsoft.EntityFrameworkCore.DbContext, System.String, System.Object>>+Node
7ffcd3082698     92      5,152 System.Collections.Generic.SortedSet<System.Collections.Generic.KeyValuePair<System.Collections.Generic.IReadOnlyList<Microsoft.EntityFrameworkCore.Metadata.IReadOnlyProperty>, Microsoft.EntityFrameworkCore.Metadata.Internal.Key>>+Node
7ffcd3957b20     92      5,152 System.Collections.Generic.SortedSet<System.Collections.Generic.KeyValuePair<System.String, Microsoft.EntityFrameworkCore.Metadata.Internal.UniqueConstraint>>+Node
7ffcd1c0d098    162      5,184 System.Reflection.MethodBase[]
7ffcd29f5a60     81      5,184 AutoMapper.Configuration.MemberConfigurationExpression<Order.Business.Mediator.Commands.OrderFront.OrderAddressFrontManualViewModel, Order.Infrastructure.Entities.SubOrderModels.SubOrderAddressModel, System.String>
7ffcd29e1678     81      5,184 AutoMapper.Configuration.MemberConfigurationExpression<Order.Business.Mediator.Commands.OrderFront.OrderAddressFrontManualViewModel, Order.Infrastructure.Entities.OrderModels.OrderAddressModel, System.String>
7ffcd3de3780     26      5,200 Microsoft.Data.SqlClient.TdsParser
7ffcd30208d0     93      5,208 System.Collections.Generic.SortedSet<System.Collections.Generic.KeyValuePair<System.String, Microsoft.EntityFrameworkCore.Metadata.Internal.EntityType>>+Node
7ffcd3911070     94      5,232 Microsoft.EntityFrameworkCore.Metadata.Internal.TableMappingBase<Microsoft.EntityFrameworkCore.Metadata.Internal.ColumnMappingBase>[]
7ffcd391d1b8     94      5,232 Microsoft.EntityFrameworkCore.Metadata.Internal.TableMapping[]
7ffcd3a56110     82      5,248 System.Action<Microsoft.EntityFrameworkCore.Query.QueryContext, Microsoft.EntityFrameworkCore.Storage.IExecutionStrategy, Microsoft.EntityFrameworkCore.Query.Internal.SplitQueryResultCoordinator>
7ffcd2004bc0     23      5,272 System.ArraySegment<System.Byte>[]
7ffcd0c56990     22      5,280 Order.Infrastructure.Entities.OrderModels.OrderModel
7ffcd04ff080     22      5,280 System.Buffers.SharedArrayPoolPartitions[]
7ffcd1ecc2b8     55      5,280 System.Collections.Generic.Dictionary<System.String, Microsoft.Extensions.Primitives.StringValues>+Entry[]
7ffcd1ed0a58    110      5,280 Microsoft.AspNetCore.Server.Kestrel.Core.Internal.Http.HttpRequestPipeReader
7ffcd336c050    132      5,280 System.Linq.Expressions.Expression2<System.Func<System.Nullable<System.Int32>, System.Nullable<System.Int32>, System.Boolean>>
7ffcd2626cf8    166      5,312 Microsoft.AspNetCore.Routing.DecisionTree.DecisionCriterion<Microsoft.AspNetCore.Routing.Tree.OutboundMatch>
7ffcd39c8b20     56      5,376 System.Collections.Generic.Dictionary<Microsoft.EntityFrameworkCore.Query.ProjectionMember, System.Linq.Expressions.Expression>+Entry[]
7ffcd2949f30     84      5,376 AutoMapper.Configuration.MemberConfigurationExpression<Order.Infrastructure.Entities.OrderModels.OrderAddressModel, Order.Business.Model.Response.orderAddress, System.String>
7ffcd0966da8    226      5,424 System.Reflection.Emit.OpCode
7ffcd173abd8    171      5,472 Microsoft.Extensions.Logging.EventId
7ffcd078acc8    139      5,560 System.Collections.Generic.List<System.String>+Enumerator
7ffcd13e88a0    101      5,592 Autofac.Core.ServiceRegistration[]
7ffcd0568110    100      5,600 System.RuntimeType+ActivatorCache
7ffcd1b77350    101      5,624 Microsoft.AspNetCore.Mvc.ApiExplorer.ApiRequestFormat[]
7ffcd129d0d8     32      5,632 System.Text.Json.JsonSerializerOptions
7ffcd1c160e0     88      5,632 System.Func<System.ValueTuple<System.String, System.Type, System.Reflection.MemberInfo>, System.Func<System.Object>>
7ffcd3038290     38      5,648 Microsoft.EntityFrameworkCore.Utilities.OrderedDictionary<System.Reflection.PropertyInfo, System.ValueTuple<System.Type, System.Nullable<System.Boolean>>>+Entry[]
7ffcd1b50da0    143      5,720 Microsoft.AspNetCore.MemoryPoolBlock
7ffcd13bf3a8     18      5,760 System.Collections.Concurrent.ConcurrentDictionary<System.ValueTuple<System.Guid, System.Guid>, System.Object>+VolatileNode[]
7ffcd37b1808    120      5,760 System.Collections.Generic.SortedSet<Microsoft.EntityFrameworkCore.Metadata.RuntimeForeignKey>
7ffcd38fa960     60      5,760 Microsoft.EntityFrameworkCore.Metadata.Internal.ForeignKeyConstraint
7ffcd166a008    181      5,792 Microsoft.AspNetCore.Routing.HttpMethodMetadata
7ffcd166a1e0    181      5,792 System.Collections.Generic.List<Microsoft.AspNetCore.Mvc.ActionConstraints.IActionConstraintMetadata>
7ffcd1b76388    181      5,792 System.Collections.Generic.List<Microsoft.AspNetCore.Mvc.ApiExplorer.ApiParameterDescription>
7ffcd1b768a0    181      5,792 System.Collections.Generic.List<Microsoft.AspNetCore.Mvc.ApiExplorer.ApiRequestFormat>
7ffcd1b76d98    181      5,792 System.Collections.Generic.List<Microsoft.AspNetCore.Mvc.ApiExplorer.ApiResponseType>
7ffcd2606890    181      5,792 Microsoft.AspNetCore.Routing.Tree.InboundMatch
7ffcd26092b0    181      5,792 Microsoft.AspNetCore.Routing.Tree.OutboundMatch
7ffcd166a770    182      5,816 Microsoft.AspNetCore.Mvc.ActionConstraints.IActionConstraintMetadata[]
7ffcd16b3740    182      5,824 System.Collections.Generic.List<Microsoft.AspNetCore.Routing.Template.TemplateSegment>
7ffcd16b1518    109      5,848 Microsoft.AspNetCore.Routing.Patterns.RoutePatternParameterPart[]
7ffcd12c5940     98      5,872 Microsoft.AspNetCore.Mvc.ModelBinding.ModelMetadata[]
7ffcd0a1a658    147      5,880 System.Reflection.CerHashtable<System.String, System.Reflection.RuntimePropertyInfo[]>+Table
7ffcd2eabce8     23      5,888 Microsoft.EntityFrameworkCore.SqlServer.Storage.Internal.SqlServerDecimalTypeMapping
7ffcd27ceb48     92      5,888 System.Func<Microsoft.EntityFrameworkCore.DbContext, System.String, System.Object>
7ffcd376c9d0     92      5,888 Microsoft.EntityFrameworkCore.Metadata.RuntimeKey
7ffcd1885918     42      5,928 System.ValueTuple<System.String, System.Int32, System.Int32, System.String>[]
7ffcd073d1c0    106      5,936 Microsoft.Extensions.DependencyModel.RuntimeAssetGroup[]
7ffcd124da88    106      5,936 System.Diagnostics.DebuggerDisplayAttribute
7ffcd30349f0     93      5,952 Microsoft.EntityFrameworkCore.Utilities.OrderedDictionary<System.Reflection.PropertyInfo, System.ValueTuple<System.Type, System.Nullable<System.Boolean>>>
7ffcd37a00b0     93      5,952 Microsoft.EntityFrameworkCore.Utilities.OrderedDictionary<System.String, Microsoft.EntityFrameworkCore.Metadata.RuntimeProperty>
7ffcd378c408     93      5,952 Microsoft.EntityFrameworkCore.Utilities.OrderedDictionary<System.String, Microsoft.EntityFrameworkCore.Metadata.RuntimeNavigation>
7ffcd378cbd8     93      5,952 Microsoft.EntityFrameworkCore.Utilities.OrderedDictionary<System.Collections.Generic.IReadOnlyList<Microsoft.EntityFrameworkCore.Metadata.IReadOnlyProperty>, Microsoft.EntityFrameworkCore.Metadata.RuntimeIndex>
7ffcd378e348     93      5,952 Microsoft.EntityFrameworkCore.Utilities.OrderedDictionary<System.String, Microsoft.EntityFrameworkCore.Metadata.RuntimeIndex>
7ffcd378d3a8     93      5,952 Microsoft.EntityFrameworkCore.Utilities.OrderedDictionary<System.Collections.Generic.IReadOnlyList<Microsoft.EntityFrameworkCore.Metadata.IReadOnlyProperty>, Microsoft.EntityFrameworkCore.Metadata.RuntimeKey>
7ffcd390e470     93      5,952 Microsoft.EntityFrameworkCore.Metadata.Internal.TableMappingBase<Microsoft.EntityFrameworkCore.Metadata.Internal.ColumnMappingBase>
7ffcd10d55d8     17      5,984 Order.Infrastructure.Entities.SubOrderModels.SubOrderItemAmountModel
7ffcd05a4578     21      6,048 System.GCMemoryInfoData
7ffcd1ece520     55      6,160 Microsoft.AspNetCore.Server.Kestrel.Core.Internal.Infrastructure.BodyControl
7ffcd3003628     60      6,240 Microsoft.EntityFrameworkCore.Metadata.Internal.Index
7ffcd0b48498    261      6,264 System.Reflection.DefaultMemberAttribute
7ffcd3931f80      1      6,328 System.Collections.Generic.Dictionary<System.ValueTuple<System.String, System.String>, Microsoft.EntityFrameworkCore.Metadata.Internal.Table>+Entry[]
7ffcd25d3110     66      6,336 Microsoft.AspNetCore.Server.Kestrel.Core.Internal.Http.HttpRequestHeaders+EnumeratorBox
7ffcd3f5bad0     99      6,336 Microsoft.EntityFrameworkCore.Storage.ReaderColumn<System.DateTime>
7ffcd3f5b628     99      6,336 System.Func<System.Data.Common.DbDataReader, System.Int32[], System.DateTime>
7ffcd336fde0     80      6,400 Microsoft.EntityFrameworkCore.ChangeTracking.ValueComparer+DefaultValueComparer<System.String>
7ffcd16ec200    190      6,424 Microsoft.AspNetCore.Mvc.Abstractions.ParameterDescriptor[]
7ffcd0731548    118      6,520 Microsoft.Extensions.DependencyModel.RuntimeFile[]
7ffcd4155ea8    102      6,528 System.Func<Microsoft.EntityFrameworkCore.DbContext, System.ValueTuple<Microsoft.EntityFrameworkCore.Query.RelationalQueryContext, Microsoft.EntityFrameworkCore.Query.Internal.RelationalCommandResolver, System.Collections.Generic.IReadOnlyList<Microsoft.EntityFrameworkCore.Storage.ReaderColumn>, System.Boolean>, Microsoft.EntityFrameworkCore.Storage.RelationalDataReader>
7ffcd4156318    102      6,528 System.Func<Microsoft.EntityFrameworkCore.DbContext, System.ValueTuple<Microsoft.EntityFrameworkCore.Query.RelationalQueryContext, Microsoft.EntityFrameworkCore.Query.Internal.RelationalCommandResolver, System.Collections.Generic.IReadOnlyList<Microsoft.EntityFrameworkCore.Storage.ReaderColumn>, System.Boolean>, Microsoft.EntityFrameworkCore.Storage.ExecutionResult<Microsoft.EntityFrameworkCore.Storage.RelationalDataReader>>
7ffcd1700d50    205      6,560 System.Collections.Generic.List<Microsoft.AspNetCore.Mvc.Filters.FilterDescriptor>
7ffcd39b3768    155      6,584 Microsoft.EntityFrameworkCore.Query.SqlExpressions.ColumnExpression[]
7ffcd1adfe38    206      6,592 Microsoft.AspNetCore.Http.EndpointMetadataCollection
7ffcd1ec5da0     55      6,600 System.Runtime.CompilerServices.AsyncTaskMethodBuilder<System.Threading.Tasks.VoidTaskResult>+AsyncStateMachineBox<Microsoft.AspNetCore.Server.Kestrel.Core.Internal.Http.HttpProtocol+<ProcessRequestsAsync>d__236<Microsoft.AspNetCore.Hosting.HostingApplication+Context>>
7ffcd38f98e0     92      6,624 Microsoft.EntityFrameworkCore.Metadata.Internal.UniqueConstraint
7ffcd0737d98    210      6,720 System.Collections.Generic.List<Microsoft.Extensions.DependencyModel.RuntimeAssetGroup>
7ffcd1d94828     56      6,720 Microsoft.AspNetCore.Server.Kestrel.Core.Internal.HttpConnectionContext
7ffcd376d5f8     60      6,720 Microsoft.EntityFrameworkCore.Metadata.RuntimeForeignKey
7ffcd2557ee0    105      6,720 System.Func<System.Object, System.Object, System.Boolean>
7ffcd37a8d78    212      6,784 System.Collections.Generic.List<Microsoft.EntityFrameworkCore.Metadata.RuntimeProperty>
7ffcd394d200    212      6,784 Microsoft.EntityFrameworkCore.Metadata.Internal.Column[]
7ffcd25ace90     66      6,864 Microsoft.AspNetCore.WebUtilities.FileBufferingReadStream
7ffcd27c4680    146      6,872 Microsoft.Extensions.DependencyInjection.ServiceLookup.ServiceCallSite[]
7ffcd3ef17a8    216      6,912 System.Linq.Enumerable+RepeatIterator<Microsoft.EntityFrameworkCore.Query.Internal.BufferedDataReader+BufferedDataRecord+TypeCase>
7ffcd42c1d40    108      6,912 System.Func<System.Object, System.Decimal>
7ffcd42c1be8    108      6,912 System.Action<System.Object, System.Decimal>
7ffcd42fae80     28      6,944 System.Text.Json.Serialization.Metadata.JsonPropertyInfo<System.Nullable<System.Decimal>>
7ffcd2f53e50    146      7,008 Microsoft.EntityFrameworkCore.Storage.RelationalCommandBuilder
7ffcd1407678    220      7,040 System.Collections.Generic.List<Autofac.Core.Resolving.Pipeline.DefaultResolveRequestContext>
7ffcd1408158    220      7,040 Autofac.Core.Resolving.SegmentedStack<Autofac.Core.Resolving.Pipeline.ResolveRequestContext>
7ffcd1f12258     98      7,056 System.Net.Http.Headers.KnownHeader
7ffcd3edc598    222      7,104 System.Collections.Generic.List<Microsoft.EntityFrameworkCore.Query.Internal.BufferedDataReader+BufferedDataRecord>
7ffcd2b68d98    222      7,104 System.Collections.Generic.List<CommonApiMessage.AggregatesModel.SubOrderMessage.SubOrderMessageItemTaxViewModel>
7ffcd3a5ab28     33      7,112 Microsoft.EntityFrameworkCore.Storage.ReaderColumn[]
7ffcd1db7df0     56      7,168 Microsoft.AspNetCore.Server.Kestrel.Core.Internal.Infrastructure.PipeWriterHelpers.ConcurrentPipeWriter
7ffcd3385a18     82      7,216 Microsoft.EntityFrameworkCore.ChangeTracking.Internal.NullableValueComparer<System.DateTime>
7ffcd3a9ed58    129      7,224 Microsoft.EntityFrameworkCore.SqlServer.Query.Internal.ParametersCounter
7ffcd16ede38    181      7,240 Microsoft.AspNetCore.Mvc.Routing.AttributeRouteInfo
7ffcd16aaa10    182      7,280 Microsoft.AspNetCore.Routing.Template.RouteTemplate
7ffcd2ea05d8    153      7,344 System.Linq.Enumerable+OfTypeIterator<Microsoft.EntityFrameworkCore.Infrastructure.RelationalOptionsExtension>
7ffcd2ffd9b0    153      7,344 System.Collections.Generic.SortedSet<Microsoft.EntityFrameworkCore.Metadata.Internal.ForeignKey>
7ffcd3004e00     92      7,360 Microsoft.EntityFrameworkCore.Metadata.Internal.Key
7ffcd27bd528      1      7,376 System.Collections.Concurrent.ConcurrentDictionary<Microsoft.Extensions.DependencyInjection.ServiceLookup.ServiceCacheKey, Microsoft.Extensions.DependencyInjection.ServiceLookup.ServiceCallSite>+VolatileNode[]
7ffcd12c3d20      1      7,376 System.Collections.Concurrent.ConcurrentDictionary<Microsoft.AspNetCore.Mvc.ModelBinding.Metadata.ModelMetadataIdentity, Microsoft.AspNetCore.Mvc.ModelBinding.Metadata.DefaultModelMetadataProvider+ModelMetadataCacheEntry>+VolatileNode[]
7ffcd2f52980      1      7,376 System.Collections.Concurrent.ConcurrentDictionary<System.ValueTuple<Microsoft.EntityFrameworkCore.Storage.RelationalTypeMappingInfo, System.Type, Microsoft.EntityFrameworkCore.Storage.ValueConversion.ValueConverter, Microsoft.EntityFrameworkCore.Storage.CoreTypeMapping>, Microsoft.EntityFrameworkCore.Storage.RelationalTypeMapping>+VolatileNode[]
7ffcd27bd8e0      1      7,376 System.Collections.Concurrent.ConcurrentDictionary<Microsoft.Extensions.DependencyInjection.ServiceLookup.ServiceIdentifier, System.Object>+VolatileNode[]
7ffcd3ea6388    231      7,392 Microsoft.Data.SqlClient.SqlParameterCollection
7ffcd3eb5710    231      7,392 System.Collections.Generic.List<Microsoft.Data.SqlClient.SqlParameter>
7ffcd3eba128    231      7,392 Microsoft.Data.SqlClient._SqlRPC[]
7ffcd2ff4d00    154      7,392 System.Collections.Concurrent.ConcurrentDictionary<System.Type, System.String>+Node
7ffcd38ffd40    186      7,440 System.Collections.Generic.SortedDictionary<System.String, Microsoft.EntityFrameworkCore.Metadata.IColumnBase>
7ffcd1c28e60    311      7,464 System.Text.Json.Serialization.Metadata.JsonPropertyInfo<System.String>+<>c__DisplayClass9_0
7ffcd29ed338    234      7,488 System.Linq.Expressions.Expression1<System.Func<Order.Business.Mediator.Commands.OrderFront.CreateOrderItemFrontManualViewModel, System.String>>
7ffcd2a1e3b0    234      7,488 System.Linq.Expressions.Expression1<System.Func<Order.Business.Mediator.Commands.OrderFront.CreateOrderItemFrontViewModel, System.String>>
7ffcd2fce0b8     94      7,520 System.Collections.Generic.Dictionary<System.String, Microsoft.EntityFrameworkCore.Metadata.ConfigurationSource>
7ffcd3a9dd08    236      7,552 System.Collections.Generic.List<Microsoft.EntityFrameworkCore.Query.SqlExpressions.SqlParameterExpression>
7ffcd1d923c8    160      7,680 System.Collections.Concurrent.ConcurrentDictionary<System.Int64, Microsoft.AspNetCore.Server.Kestrel.Core.Internal.Infrastructure.ConnectionReference>+Node
7ffcd29ecb60    120      7,680 AutoMapper.Configuration.MemberConfigurationExpression<Order.Business.Mediator.Commands.OrderFront.CreateOrderItemFrontManualViewModel, Order.Infrastructure.Entities.OrderModels.OrderItemModel, System.String>
7ffcd29fa280    120      7,680 AutoMapper.Configuration.MemberConfigurationExpression<Order.Business.Mediator.Commands.OrderFront.CreateOrderItemFrontManualViewModel, Order.Infrastructure.Entities.SubOrderModels.SubOrderItemModel, System.String>
7ffcd2a1dbd8    120      7,680 AutoMapper.Configuration.MemberConfigurationExpression<Order.Business.Mediator.Commands.OrderFront.CreateOrderItemFrontViewModel, Order.Infrastructure.Entities.OrderModels.OrderItemModel, System.String>
7ffcd2a35b38    120      7,680 AutoMapper.Configuration.MemberConfigurationExpression<Order.Business.Mediator.Commands.OrderFront.CreateOrderItemFrontViewModel, Order.Infrastructure.Entities.SubOrderModels.SubOrderItemModel, System.String>
7ffcd3824e18    121      7,744 Microsoft.EntityFrameworkCore.SqlServer.Query.Internal.SqlServerCompiledQueryCacheKeyGenerator+SqlServerCompiledQueryCacheKey
7ffcd1c2a1a0     97      7,760 System.Collections.Generic.Dictionary<System.String, System.Text.Json.Serialization.Metadata.JsonPropertyInfo>
7ffcd2f549d0    140      7,808 Microsoft.EntityFrameworkCore.Storage.IRelationalParameter[]
7ffcd14f6dd8    164      7,872 System.Collections.Concurrent.ConcurrentDictionary<System.Type, System.Func<System.Linq.Expressions.ParameterExpression, System.Linq.Expressions.Expression, System.Linq.Expressions.Expression>>+Node
7ffcd26927e8     26      7,904 System.Collections.Immutable.RefAsValueType<System.Collections.Immutable.SecurePooledObject<System.Collections.Generic.Stack<System.Collections.Immutable.RefAsValueType<System.Collections.Immutable.ImmutableSortedDictionary<System.Int32, System.ValueTuple<System.Nullable<Microsoft.EntityFrameworkCore.WarningBehavior>, System.Nullable<Microsoft.Extensions.Logging.LogLevel>>>+Node>>>>[]
7ffcd26eca08     26      7,904 System.Collections.Immutable.RefAsValueType<System.Collections.Immutable.SecurePooledObject<System.Collections.Generic.Stack<System.Collections.Immutable.RefAsValueType<System.Collections.Immutable.ImmutableSortedDictionary<System.Type, System.ValueTuple<Microsoft.EntityFrameworkCore.Infrastructure.IDbContextOptionsExtension, System.Int32>>+Node>>>>[]
7ffcd27bdd68      1      7,904 System.Collections.Generic.Dictionary<Microsoft.Extensions.DependencyInjection.ServiceLookup.ServiceIdentifier, Microsoft.Extensions.DependencyInjection.ServiceLookup.CallSiteFactory+ServiceDescriptorCacheItem>+Entry[]
7ffcd42a3c80     32      7,936 System.Text.Json.Serialization.Metadata.JsonPropertyInfo<System.DateTime>
7ffcd0840030    331      7,944 System.SerializableAttribute
7ffcd0b48610    331      7,944 System.Runtime.CompilerServices.TypeForwardedFromAttribute
7ffcd37be590     52      7,952 Microsoft.EntityFrameworkCore.Query.IMethodCallTranslator[]
7ffcd2661e08    125      8,000 System.Collections.Immutable.ImmutableSortedDictionary<System.Type, System.ValueTuple<Microsoft.EntityFrameworkCore.Infrastructure.IDbContextOptionsExtension, System.Int32>>+Node
7ffcd05ab0b0    200      8,000 System.Diagnostics.Stopwatch
7ffcd27c1da8    126      8,064 System.Func<Microsoft.Extensions.DependencyInjection.ServiceLookup.ServiceProviderEngineScope, System.Object>
7ffcd3f5b098    202      8,080 System.Linq.Expressions.Expression2<System.Func<System.Data.Common.DbDataReader, System.Int32[], System.Int32>>
7ffcd2aa8010     46      8,096 AutoMapper.ProfileMap
7ffcd1218830    204      8,160 System.Dynamic.Utils.CacheDict<System.Reflection.MethodBase, System.Reflection.ParameterInfo[]>+Entry
7ffcd3edd2e0    340      8,160 System.DateTimeOffset[]
7ffcd36e5d08    340      8,160 System.Single[]
7ffcd3edd940    340      8,160 System.Int16[]
7ffcd391be28     93      8,184 Microsoft.EntityFrameworkCore.Metadata.Internal.TableMapping
7ffcd06ef718    341      8,188 System.SByte[]
7ffcd1b1c988    205      8,200 Microsoft.AspNetCore.Mvc.Routing.ControllerRequestDelegateFactory+<>c__DisplayClass12_0
7ffcd38eb6d0    147      8,232 Microsoft.EntityFrameworkCore.Query.SqlExpressions.TableExpression
7ffcd0ac2c50    342      8,240 System.UInt64[]
7ffcd153f960    194      8,240 Microsoft.AspNetCore.Mvc.Abstractions.ActionDescriptor[]
7ffcd1af1ba0    206      8,240 System.Collections.Concurrent.ConcurrentDictionary<System.Type, System.Object[]>
7ffcd3a9f060    129      8,256 System.Func<System.Int32, Microsoft.EntityFrameworkCore.Storage.RelationalTypeMapping, System.Int32>
7ffcd3a9f510    129      8,256 System.Collections.Generic.HashSet<Microsoft.EntityFrameworkCore.Query.SqlExpressions.SqlParameterExpression>
7ffcd3a9fbc8    129      8,256 System.Collections.Generic.HashSet<Microsoft.EntityFrameworkCore.Query.QueryParameterExpression>
7ffcd14b4c30      4      8,288 System.Runtime.CompilerServices.ConditionalWeakTable<System.Text.Json.JsonSerializerOptions, System.Object>+Entry[]
7ffcd3807da0    131      8,384 Microsoft.EntityFrameworkCore.Query.RelationalQueryContext
7ffcd0a1b7f8    131      8,384 System.Reflection.InvokerEmitUtil+InvokeFunc_ObjSpanArgs
7ffcd29866b8     44      8,448 CommonApiMessage.AggregatesModel.SubOrderMessage.SubOrderMessageItemFulFillmentViewModel
7ffcd1d96758     56      8,512 Microsoft.AspNetCore.Server.Kestrel.Core.Internal.Infrastructure.TimeoutControl
7ffcd1b52860     16      8,576 System.Collections.Concurrent.ConcurrentQueueSegment<Microsoft.AspNetCore.Server.Kestrel.Transport.Sockets.Internal.SocketSender>+Slot[]
7ffcd306f5c8    180      8,640 System.Collections.Generic.SortedSet<Microsoft.EntityFrameworkCore.Metadata.Internal.ForeignKey>+Node
7ffcd37b2a60    180      8,640 System.Collections.Generic.SortedSet<Microsoft.EntityFrameworkCore.Metadata.RuntimeForeignKey>+Node
7ffcd39a52f0    180      8,640 System.Collections.Generic.SortedSet<Microsoft.EntityFrameworkCore.Metadata.Internal.ForeignKeyConstraint>+Node
7ffcd0b47c48    344      8,688 System.Guid[]
7ffcd2b212c8      2      8,688 System.Collections.Generic.Dictionary<AutoMapper.Internal.TypePair, AutoMapper.TypeMap>+Entry[]
7ffcd07312a0    134      8,720 Microsoft.Extensions.DependencyModel.Dependency[]
7ffcd3809418    109      8,720 System.Collections.Generic.Dictionary<System.Linq.Expressions.Expression, Microsoft.EntityFrameworkCore.Query.QueryParameterExpression>
7ffcd3a59c58    109      8,720 System.Collections.Generic.Dictionary<System.Linq.Expressions.ParameterExpression, System.Linq.Expressions.ParameterExpression>
7ffcd1b12dc0    182      8,736 Microsoft.AspNetCore.Routing.RoutePatternMatcher
7ffcd1ec6890     55      8,800 System.Runtime.CompilerServices.AsyncTaskMethodBuilder<System.Threading.Tasks.VoidTaskResult>+AsyncStateMachineBox<Microsoft.AspNetCore.Server.Kestrel.Core.Internal.HttpConnection+<ProcessRequestsAsync>d__12<Microsoft.AspNetCore.Hosting.HostingApplication+Context>>
7ffcd2606910    276      8,832 System.Collections.Generic.List<Microsoft.AspNetCore.Routing.Tree.InboundMatch>
7ffcd3edd180    222      8,880 System.Lazy<System.Collections.Generic.Dictionary<System.String, System.Int32>>
7ffcd37a22a0     93      8,880 Microsoft.EntityFrameworkCore.Utilities.OrderedDictionary<System.Collections.Generic.IReadOnlyList<Microsoft.EntityFrameworkCore.Metadata.IReadOnlyProperty>, Microsoft.EntityFrameworkCore.Metadata.RuntimeKey>+Entry[]
7ffcd2e9ca30    111      8,880 System.Collections.Concurrent.ConcurrentDictionary<Microsoft.Extensions.DependencyInjection.ServiceLookup.ServiceCacheKey, Microsoft.Extensions.DependencyInjection.ServiceLookup.ILEmitResolverBuilder+GeneratedMethod>+Node
7ffcd0cbfcd0    124      8,928 CommonBuilder.Commons.CLResult
7ffcd326e8e8    279      8,928 System.Collections.Generic.List<Microsoft.EntityFrameworkCore.Metadata.ParameterBinding>
7ffcd326ef78    279      8,928 Microsoft.EntityFrameworkCore.Metadata.ConstructorBinding
7ffcd3911668    186      8,928 System.Collections.Generic.TreeSet<System.Collections.Generic.KeyValuePair<System.String, Microsoft.EntityFrameworkCore.Metadata.IColumnBase>>
7ffcd391b960    186      8,928 System.Collections.Generic.SortedSet<Microsoft.EntityFrameworkCore.Metadata.ITableMappingBase>+Node
7ffcd3ed8750     26      8,944 Microsoft.Data.ProviderBase.DbReferenceCollection+CollectionEntry[]
7ffcd11ad1e8    225      9,000 Autofac.Core.Activators.Delegate.DelegateActivator
7ffcd04da328    226      9,040 System.Reflection.RuntimeModule
7ffcd13eead8    142      9,088 System.Func<System.Int32, System.Collections.IList>
7ffcd1b513e0     16      9,088 System.Collections.Concurrent.ConcurrentQueueSegment<Microsoft.AspNetCore.MemoryPoolBlock>+Slot[]
7ffcd412ff28    382      9,168 Microsoft.EntityFrameworkCore.Metadata.INavigationBase+<>c__DisplayClass6_0
7ffcd39c1648    382      9,168 <>z__ReadOnlySingleElementList<Microsoft.EntityFrameworkCore.Metadata.RuntimeTypeBase>
7ffcd166de80    192      9,216 System.Collections.Concurrent.ConcurrentDictionary<System.Type, Microsoft.Extensions.Internal.PropertyHelper[]>+Node
7ffcd3aa0c28    129      9,288 System.Collections.Generic.HashSet<Microsoft.EntityFrameworkCore.Query.SqlExpressions.SqlParameterExpression>+Entry[]
7ffcd2627340    167      9,320 Microsoft.AspNetCore.Routing.DecisionTree.DecisionCriterion<Microsoft.AspNetCore.Routing.Tree.OutboundMatch>[]
7ffcd16acb38    167      9,352 Microsoft.AspNetCore.Routing.Patterns.RoutePatternParameterPart
7ffcd3ebb558    234      9,360 Microsoft.Data.SqlClient.SqlDataReader+SharedState
7ffcd1b9aeb8    196      9,408 System.Text.Json.JsonSerializerOptions+CachingContext+CacheEntry
7ffcd1ec7350     56      9,408 System.Runtime.CompilerServices.AsyncTaskMethodBuilder<System.Threading.Tasks.VoidTaskResult>+AsyncStateMachineBox<Microsoft.AspNetCore.Server.Kestrel.Core.Internal.Infrastructure.KestrelConnection<Microsoft.AspNetCore.Connections.ConnectionContext>+<ExecuteAsync>d__8>
7ffcd2b2b358    294      9,408 System.Collections.Generic.List<AutoMapper.PropertyMap>
7ffcd3f63c88    236      9,440 Microsoft.EntityFrameworkCore.Query.SqlNullabilityProcessor+<>c__DisplayClass36_0
7ffcd124f780    265      9,440 System.Func<System.Object>[]
7ffcd1b77290    163      9,480 Microsoft.AspNetCore.Mvc.ApiExplorer.ApiParameterDescription[]
7ffcd16b3cd0    182      9,496 Microsoft.AspNetCore.Routing.Template.TemplateSegment[]
7ffcd2942a80    297      9,504 System.Collections.Generic.List<System.Action<AutoMapper.TypeMap>>
7ffcd33a9550     22      9,504 System.Collections.Generic.Dictionary<System.Type, System.Reflection.MethodInfo>+Entry[]
7ffcd081f620    365      9,560 System.UInt32[]
7ffcd1d8aa68    171      9,576 System.IO.Pipelines.BufferSegmentStack+SegmentAsValueType[]
7ffcd3031a70    150      9,600 System.Predicate<System.Reflection.PropertyInfo>
7ffcd1b705e8    300      9,600 Microsoft.AspNetCore.Mvc.ApiExplorer.ApiRequestFormat
7ffcd2609f98    173      9,656 Microsoft.AspNetCore.Routing.Tree.OutboundMatch[]
7ffcd1f876e8    111      9,704 System.Collections.Generic.KeyValuePair<System.Func<System.Object, System.Threading.Tasks.Task>, System.Object>[]
7ffcd1211240    244      9,760 System.Linq.Expressions.NewExpression
7ffcd207b040    111      9,768 System.Reflection.Emit.__ExceptionInfo
7ffcd072b590    103      9,888 Microsoft.Extensions.DependencyModel.CompilationLibrary
7ffcd1af2740    206      9,888 System.Collections.Concurrent.ConcurrentDictionary<System.Type, System.Object[]>+Node
7ffcd269ef28     62      9,920 Microsoft.EntityFrameworkCore.SqlServer.Infrastructure.Internal.SqlServerOptionsExtension
7ffcd3a5aa78    414      9,936 Microsoft.EntityFrameworkCore.Query.Internal.ResultContext
7ffcd2607578    181     10,104 Microsoft.AspNetCore.Routing.Tree.InboundMatch[]
7ffcd0b69a70    181     10,136 Microsoft.AspNetCore.Mvc.Routing.MvcAttributeRouteHandler
7ffcd09cdbe0      7     10,168 Microsoft.Extensions.DependencyInjection.ServiceDescriptor[]
7ffcd1b12980    182     10,192 Microsoft.AspNetCore.Routing.Template.TemplateMatcher
7ffcd0a5c9e0     85     10,200 System.Net.Sockets.Socket
7ffcd1d90b10     80     10,240 Microsoft.AspNetCore.Server.Kestrel.Core.Internal.Infrastructure.KestrelConnection<Microsoft.AspNetCore.Connections.ConnectionContext>
7ffcd1210d80    428     10,272 System.Linq.Expressions.DefaultExpression
7ffcd0594aa8     99     10,296 System.Threading.ThreadPoolBoundHandleOverlapped
7ffcd3ac0398    129     10,320 System.Collections.Generic.Dictionary<Microsoft.EntityFrameworkCore.Query.SqlExpressions.FromSqlExpression, System.Linq.Expressions.Expression>
7ffcd3ac0a70    129     10,320 System.Collections.Generic.Dictionary<System.String, Microsoft.EntityFrameworkCore.Query.SqlExpressions.SqlParameterExpression>
7ffcd3a9e298    129     10,320 System.Collections.Generic.Dictionary<Microsoft.EntityFrameworkCore.Query.SqlExpressions.SqlParameterExpression, System.Collections.Generic.List<Microsoft.EntityFrameworkCore.Query.SqlExpressions.SqlParameterExpression>>
7ffcd3aa76a0    258     10,320 Microsoft.EntityFrameworkCore.Query.SqlNullabilityProcessor+<>c__DisplayClass64_0
7ffcd09b1200    431     10,344 Serilog.Core.Enrichers.SafeAggregateEnricher
7ffcd0a1a4f0    434     10,416 System.Runtime.CompilerServices.NullableAttribute
7ffcd38f7058     93     10,416 Microsoft.EntityFrameworkCore.Metadata.Internal.TableBase
7ffcd3821ca0    109     10,464 System.Collections.Generic.Dictionary<System.Linq.Expressions.Expression, Microsoft.EntityFrameworkCore.Query.QueryParameterExpression>+Entry[]
7ffcd4209620    109     10,464 System.Collections.Generic.Dictionary<System.Linq.Expressions.ParameterExpression, System.Linq.Expressions.ParameterExpression>+Entry[]
7ffcd1214540    219     10,512 System.Linq.Expressions.SimpleBinaryExpression
7ffcd04dd540    263     10,520 System.Reflection.CerHashtable<System.String, System.Reflection.RuntimeMethodInfo[]>+Table
7ffcd1ec5300     55     10,560 System.Runtime.CompilerServices.AsyncTaskMethodBuilder<System.Threading.Tasks.VoidTaskResult>+AsyncStateMachineBox<Microsoft.AspNetCore.Server.Kestrel.Core.Internal.Http.HttpProtocol+<ProcessRequests>d__237<Microsoft.AspNetCore.Hosting.HostingApplication+Context>>
7ffcd1b9cf80      8     10,560 System.Collections.Concurrent.ConcurrentDictionary<System.Type, System.Text.Json.JsonSerializerOptions+CachingContext+CacheEntry>+VolatileNode[]
7ffcd05aa610    356     10,656 System.Double[]
7ffcd1d91738    147     10,792 System.Collections.Generic.KeyValuePair<System.Type, System.Object>[]
7ffcd2626db0    338     10,816 System.Collections.Generic.List<Microsoft.AspNetCore.Routing.DecisionTree.DecisionCriterion<Microsoft.AspNetCore.Routing.Tree.OutboundMatch>>
7ffcd2629738    338     10,816 Microsoft.AspNetCore.Routing.DecisionTree.DecisionTreeNode<Microsoft.AspNetCore.Routing.Tree.OutboundMatch>
7ffcd2609330    339     10,848 System.Collections.Generic.List<Microsoft.AspNetCore.Routing.Tree.OutboundMatch>
7ffcd38092c0    227     10,896 Microsoft.EntityFrameworkCore.Query.QueryParameterExpression
7ffcd3a7fa58    114     10,944 Microsoft.EntityFrameworkCore.Storage.RelationalDataReader
7ffcd380e928    342     10,944 System.SZGenericArrayEnumerator<System.Linq.Expressions.Expression>
7ffcd376da68     76     10,944 Microsoft.EntityFrameworkCore.Metadata.RuntimeNavigation
7ffcd271b1c8    197     11,032 System.Linq.Enumerable+IteratorSelectIterator<System.ValueTuple<Microsoft.EntityFrameworkCore.Infrastructure.IDbContextOptionsExtension, System.Int32>, Microsoft.EntityFrameworkCore.Infrastructure.IDbContextOptionsExtension>
7ffcd271ddc8    197     11,032 System.ValueTuple<Microsoft.EntityFrameworkCore.Infrastructure.IDbContextOptionsExtension, System.Int32>[]
7ffcd271ed60    197     11,032 System.Linq.Enumerable+EnumerableSorter<System.ValueTuple<Microsoft.EntityFrameworkCore.Infrastructure.IDbContextOptionsExtension, System.Int32>, System.Int32>
7ffcd04833e8    230     11,040 System.Reflection.RuntimeAssembly
7ffcd16ee058    231     11,088 Microsoft.AspNetCore.Mvc.Controllers.ControllerParameterDescriptor
7ffcd1c2de68     45     11,160 System.Text.Json.Serialization.Metadata.JsonPropertyInfo<System.Int32>
7ffcd0b48b80      3     11,168 System.Collections.Concurrent.ConcurrentDictionary<System.Type, System.ComponentModel.ReflectTypeDescriptionProvider+ReflectedTypeData>+VolatileNode[]
7ffcd1db08f8     56     11,200 Microsoft.AspNetCore.Server.Kestrel.Core.Internal.Http.Http1OutputProducer
7ffcd27c29c0    201     11,256 System.Collections.Concurrent.ConcurrentDictionary<Microsoft.Extensions.DependencyInjection.ServiceLookup.ServiceIdentifier, System.Object>+Node
7ffcd04fafb8    176     11,264 System.Threading.Tasks.Task
7ffcd3ac2838    129     11,352 Microsoft.EntityFrameworkCore.SqlServer.Query.Internal.SqlServerQuerySqlGenerator
7ffcd3a9d858    129     11,352 Microsoft.EntityFrameworkCore.SqlServer.Query.Internal.SqlServerSqlNullabilityProcessor
7ffcd3802938    238     11,424 Microsoft.EntityFrameworkCore.Query.EntityQueryRootExpression
7ffcd1af2688    206     11,536 System.Collections.Concurrent.ConcurrentDictionary<System.Type, System.Object[]>+Tables
7ffcd128b070    206     11,536 Microsoft.AspNetCore.Routing.RouteEndpoint
7ffcd2fff710     76     11,552 Microsoft.EntityFrameworkCore.Metadata.Internal.Navigation
7ffcd29e4bb0    290     11,600 System.Linq.Expressions.MemberAssignment
7ffcd336b1c0    132     11,616 Microsoft.EntityFrameworkCore.ChangeTracking.Internal.NullableValueComparer<System.Int32>
7ffcd266f060     73     11,680 Microsoft.EntityFrameworkCore.Infrastructure.CoreOptionsExtension
7ffcd072b8e0    105     11,760 Microsoft.Extensions.DependencyModel.RuntimeLibrary
7ffcd39019b0    246     11,808 System.Collections.Generic.SortedSet<Microsoft.EntityFrameworkCore.Metadata.Internal.ForeignKeyConstraint>
7ffcd37a9850    213     11,896 Microsoft.EntityFrameworkCore.Metadata.RuntimeProperty[]
7ffcd3de0f48     26     12,064 Microsoft.Data.SqlClient.SqlInternalConnectionTds
7ffcd187acc0    216     12,096 System.Collections.Generic.Dictionary<System.String, System.Object>+Enumerator
7ffcd166e4d0    169     12,168 Microsoft.AspNetCore.Mvc.ModelBinding.BindingInfo
7ffcd39c1db8    382     12,224 <>z__ReadOnlySingleElementList<Microsoft.EntityFrameworkCore.Metadata.RuntimeTypeBase>+Enumerator
7ffcd1411188    385     12,320 System.SZGenericArrayEnumerator<Autofac.Core.Parameter>
7ffcd3ac0220    129     12,384 Microsoft.EntityFrameworkCore.Query.Internal.RelationalParameterProcessor
7ffcd3f69c78    129     12,384 System.Collections.Generic.Dictionary<Microsoft.EntityFrameworkCore.Query.SqlExpressions.SqlParameterExpression, System.Collections.Generic.List<Microsoft.EntityFrameworkCore.Query.SqlExpressions.SqlParameterExpression>>+Entry[]
7ffcd3a721d8    222     12,432 Microsoft.EntityFrameworkCore.Query.Internal.BufferedDataReader
7ffcd207b0b8    333     12,432 System.Reflection.Emit.__ExceptionInfo[]
7ffcd0333110    519     12,456 System.Boolean
7ffcd3edcb28    223     12,456 Microsoft.EntityFrameworkCore.Query.Internal.BufferedDataReader+BufferedDataRecord[]
7ffcd39c7530    290     12,480 Microsoft.EntityFrameworkCore.Query.SqlExpressions.TableExpressionBase[]
7ffcd136d648    390     12,480 System.Linq.Expressions.InstanceMethodCallExpression0
7ffcd17b5b50    425     12,536 System.UInt16[]
7ffcd27180d0    197     12,608 System.Linq.Enumerable+IEnumerableSelectIterator<System.Collections.Generic.KeyValuePair<System.Type, System.ValueTuple<Microsoft.EntityFrameworkCore.Infrastructure.IDbContextOptionsExtension, System.Int32>>, System.ValueTuple<Microsoft.EntityFrameworkCore.Infrastructure.IDbContextOptionsExtension, System.Int32>>
7ffcd09c9bc0    197     12,608 System.Comparison<System.Int32>
7ffcd085be90    226     12,656 System.RuntimeType+RuntimeTypeCache+MemberInfoCache<System.Reflection.RuntimeFieldInfo>
7ffcd1b51ec0     16     12,672 System.Collections.Concurrent.ConcurrentQueueSegment<Microsoft.AspNetCore.Server.Kestrel.Transport.Sockets.Internal.IOQueue+Work>+Slot[]
7ffcd1e15988    402     12,864 System.Linq.Expressions.FieldExpression
7ffcd3e18fb0     26     12,896 Microsoft.Data.SqlClient.TdsParserStateObjectNative
7ffcd3f5b1e0    202     12,928 Microsoft.EntityFrameworkCore.Storage.ReaderColumn<System.Int32>
7ffcd3f5ad38    202     12,928 System.Func<System.Data.Common.DbDataReader, System.Int32[], System.Int32>
7ffcd2ffd390     60     12,960 Microsoft.EntityFrameworkCore.Metadata.Internal.ForeignKey
7ffcd26851a8    407     13,024 <>z__ReadOnlySingleElementList<Microsoft.Extensions.Logging.EventId>
7ffcd0d214a0     17     13,056 Order.Infrastructure.Entities.SubOrderModels.SubOrderItemModel
7ffcd16ed710    410     13,120 System.Collections.Generic.List<Microsoft.AspNetCore.Mvc.Abstractions.ParameterDescriptor>
7ffcd3f69ac0    237     13,240 Microsoft.EntityFrameworkCore.Query.SqlExpressions.SqlParameterExpression[]
7ffcd39c7f58    237     13,240 Microsoft.EntityFrameworkCore.Query.SqlExpressions.SqlExpression[]
7ffcd068cd68    207     13,248 System.Threading.CancellationTokenSource+Registrations
7ffcd2b27b18    166     13,280 System.Collections.Generic.Dictionary<System.String, System.Reflection.MemberInfo>
7ffcd26297f0    166     13,280 System.Collections.Generic.Dictionary<System.Object, Microsoft.AspNetCore.Routing.DecisionTree.DecisionTreeNode<Microsoft.AspNetCore.Routing.Tree.OutboundMatch>>
7ffcd412c418    278     13,344 Microsoft.EntityFrameworkCore.Query.Internal.SplitQueryCollectionContext
7ffcd06ef450     48     13,440 System.Array[]
7ffcd2607d98     90     13,488 System.Collections.Generic.Dictionary<System.String, Microsoft.AspNetCore.Routing.Tree.UrlMatchingNode>+Entry[]
7ffcd26e9af0    241     13,496 System.Collections.Immutable.ImmutableSortedDictionary<System.Type, System.ValueTuple<Microsoft.EntityFrameworkCore.Infrastructure.IDbContextOptionsExtension, System.Int32>>+Enumerator
7ffcd141fa08    429     13,728 Serilog.Extensions.Logging.EventIdPropertyCache
7ffcd1432e80    429     13,728 Serilog.Core.Enrichers.FixedPropertyEnricher
7ffcd16ec370    206     13,736 Microsoft.AspNetCore.Mvc.Filters.FilterDescriptor[]
7ffcd3ef4390    432     13,824 System.Linq.Enumerable+RepeatIterator<System.Int32>
7ffcd070a7e0    432     13,864 Serilog.Core.ILogEventEnricher[]
7ffcd3808cb0    109     13,952 Microsoft.EntityFrameworkCore.Query.Internal.ExpressionTreeFuncletizer
7ffcd27bf530    218     13,952 System.Collections.Concurrent.ConcurrentDictionary<Microsoft.Extensions.DependencyInjection.ServiceLookup.ServiceCacheKey, Microsoft.Extensions.DependencyInjection.ServiceLookup.ServiceCallSite>+Node
7ffcd3e87768    125     14,000 Microsoft.Data.SqlClient.SqlEnvChange
7ffcd1d8db40     80     14,080 System.Runtime.CompilerServices.AsyncTaskMethodBuilder<System.Threading.Tasks.VoidTaskResult>+AsyncStateMachineBox<Microsoft.AspNetCore.Server.Kestrel.Transport.Sockets.Internal.SocketConnection+<DoReceive>d__27>
7ffcd3eddcd8    222     14,208 System.Func<System.Collections.Generic.Dictionary<System.String, System.Int32>>
7ffcd1c54548    444     14,208 System.Collections.BitArray
7ffcd11a8ff8    225     14,400 System.Func<Autofac.IComponentContext, System.Collections.Generic.IEnumerable<Autofac.Core.Parameter>, System.Object>
7ffcd3ac83b8    258     14,448 Microsoft.EntityFrameworkCore.Storage.RelationalCommand
7ffcd1b5e318    181     14,480 Microsoft.AspNetCore.Mvc.ApiExplorer.ApiDescription
7ffcd25deba8    181     14,480 Microsoft.AspNetCore.Routing.Tree.InboundRouteEntry
7ffcd11cabc8    604     14,496 Autofac.Core.Activators.Reflection.AutowiringParameter
7ffcd11cacb0    604     14,496 Autofac.Core.Activators.Reflection.DefaultValueParameter
7ffcd0880dd0    608     14,592 System.Runtime.CompilerServices.NullableContextAttribute
7ffcd29885f0    144     14,976 CommonApiMessage.AggregatesModel.SubOrderMessage.SubOrderMessageItemAmountDetailViewModel
7ffcd1c29ac0    630     15,120 System.Text.Json.Serialization.Metadata.JsonPropertyInfo<System.String>+<>c__DisplayClass10_0
7ffcd12c6188    148     15,152 Microsoft.Extensions.Internal.PropertyHelper[]
7ffcd3aaf2d0    237     15,168 System.Collections.Generic.HashSet<Microsoft.EntityFrameworkCore.Query.SqlExpressions.ColumnExpression>
7ffcd0d66750     17     15,232 Order.Infrastructure.OrderContext
7ffcd1c17b98    318     15,264 System.Collections.Concurrent.ConcurrentDictionary<System.Type, System.Text.Json.JsonSerializerOptions+CachingContext+CacheEntry>+Node
7ffcd16b2d10    641     15,384 Microsoft.AspNetCore.Routing.Template.TemplateSegment
7ffcd1199c40      1     15,472 System.Collections.Concurrent.ConcurrentDictionary<System.Type, System.Reflection.ConstructorInfo[]>+VolatileNode[]
7ffcd0b47970      1     15,472 System.Collections.Concurrent.ConcurrentDictionary<System.Type, System.Object>+VolatileNode[]
7ffcd1402530      1     15,472 System.Collections.Concurrent.ConcurrentDictionary<System.Type, System.ValueTuple<System.Type, System.Type, System.Func<System.Int32, System.Collections.IList>>>+VolatileNode[]
7ffcd04f1898    501     15,612 System.Reflection.MethodBase+InvokerArgFlags[]
7ffcd39e71e8    244     15,616 Microsoft.EntityFrameworkCore.Query.SqlExpressions.InExpression
7ffcd38f7718     93     15,624 Microsoft.EntityFrameworkCore.Metadata.Internal.Table
7ffcd42a0cb8     66     15,840 System.Collections.Generic.Dictionary<Order.Business.EnumConfig.StatusCodeEnum, System.String>+Entry[]
7ffcd1294bd8    181     15,928 Microsoft.AspNetCore.Routing.Template.TemplateBinder
7ffcd3e875a0    250     16,000 Microsoft.Data.SqlClient._SqlMetaDataSet
7ffcd0b49940    401     16,040 System.ComponentModel.AttributeCollection
7ffcd3a731a8    401     16,040 System.Linq.Expressions.Expression2<System.Func<System.Data.Common.DbDataReader, System.Int32[], System.Object>>
7ffcd12d5650    255     16,320 Microsoft.AspNetCore.Http.RequestDelegate
7ffcd13be828     29     16,336 System.Collections.Concurrent.ConcurrentDictionary<System.Guid, System.Object>+VolatileNode[]
7ffcd085d0c8    337     16,368 System.Reflection.FieldInfo[]
7ffcd268cb40    418     16,720 <>z__ReadOnlySingleElementList<Microsoft.Extensions.Logging.EventId>+Enumerator
7ffcd38ef4d0    526     16,832 System.Collections.Generic.List<Microsoft.EntityFrameworkCore.Query.SqlExpressions.TableExpressionBase>
7ffcd39b4fd0    526     16,832 System.Collections.Generic.List<Microsoft.EntityFrameworkCore.Query.SqlExpressions.ProjectionExpression>
7ffcd1230f58    526     16,832 System.Collections.Generic.List<System.Linq.Expressions.Expression>
7ffcd09de858    234     16,848 System.RuntimeFieldInfoStub
7ffcd1248018    535     17,120 Autofac.Core.Activators.Reflection.ReflectionActivator+<>c__DisplayClass14_0
7ffcd141f818    429     17,160 Serilog.Extensions.Logging.SerilogLogger
7ffcd1431078    429     17,160 System.Collections.Concurrent.ConcurrentDictionary<Serilog.Extensions.Logging.EventIdPropertyCache+EventKey, Serilog.Events.LogEventPropertyValue>
7ffcd0d50ac0     50     17,200 CommonApiMessage.AggregatesModel.SubOrderMessage.SubOrderMessageViewModel
7ffcd27c3f88    180     17,280 Microsoft.Extensions.DependencyInjection.ServiceLookup.ConstructorCallSite
7ffcd03494e8    724     17,376 System.Int64
7ffcd25df4b8    181     17,376 Microsoft.AspNetCore.Routing.Tree.OutboundRouteEntry
7ffcd0b4b8a0    168     17,472 System.ComponentModel.AttributeCollection+AttributeEntry[]
7ffcd068ceb8    223     17,840 System.Threading.CancellationTokenSource+CallbackNode
7ffcd390ec78    372     17,856 System.Collections.Generic.SortedSet<Microsoft.EntityFrameworkCore.Metadata.ITableMappingBase>
7ffcd08546f0    749     17,976 Serilog.Events.ScalarValue
7ffcd2b898a8    564     18,048 System.Linq.Expressions.Compiler.DelegateHelpers+TypeInfo
7ffcd3a9a790    226     18,080 System.Collections.Generic.Dictionary<System.String, Microsoft.EntityFrameworkCore.Query.Internal.RelationalCommandCache+ParameterInfo>
7ffcd141d488    454     18,160 System.Threading.Lock
7ffcd2680cf0    572     18,304 System.ValueTuple<System.Nullable<Microsoft.EntityFrameworkCore.WarningBehavior>, System.Nullable<Microsoft.Extensions.Logging.LogLevel>>
7ffcd3331d38    382     18,336 System.Linq.Enumerable+CastICollectionIterator<Microsoft.EntityFrameworkCore.Metadata.IEntityType>
7ffcd1411300    385     18,480 Autofac.Core.Activators.Reflection.AutowiringParameter+<>c__DisplayClass0_0
7ffcd38f0178    578     18,496 System.Collections.Generic.List<System.ValueTuple<Microsoft.EntityFrameworkCore.Query.SqlExpressions.ColumnExpression, Microsoft.EntityFrameworkCore.ChangeTracking.ValueComparer>>
7ffcd0672368    236     18,880 System.Collections.Generic.Dictionary<System.String, System.String>
7ffcd2718d78    197     18,912 System.Linq.Enumerable+OrderedIterator<System.ValueTuple<Microsoft.EntityFrameworkCore.Infrastructure.IDbContextOptionsExtension, System.Int32>, System.Int32>
7ffcd0aaabe0    199     19,104 System.Collections.Generic.Dictionary<System.Object, System.Object>+Entry[]
7ffcd121a2e0    266     19,152 System.Collections.Generic.HashSet<System.Linq.Expressions.ParameterExpression>+Entry[]
7ffcd0b48e30    400     19,200 System.Collections.Concurrent.ConcurrentDictionary<System.Type, System.ComponentModel.ReflectTypeDescriptionProvider+ReflectedTypeData>+Node
7ffcd084d598    304     19,456 System.Func<System.Reflection.MethodInfo, System.Boolean>
7ffcd0b419a8    350     19,600 System.RuntimeType+RuntimeTypeCache+MemberInfoCache<System.RuntimeType>
7ffcd3a97fa0    613     19,616 Microsoft.EntityFrameworkCore.Query.Internal.RelationalCommandCache+CommandCacheKey
7ffcd1d8f8e0     80     19,840 System.Runtime.CompilerServices.AsyncTaskMethodBuilder<System.Threading.Tasks.VoidTaskResult>+AsyncStateMachineBox<Microsoft.AspNetCore.Server.Kestrel.Transport.Sockets.Internal.SocketConnection+<DoSend>d__28>
7ffcd2605de0    276     19,872 Microsoft.AspNetCore.Routing.Tree.UrlMatchingNode
7ffcd1c269b8    311     19,904 System.Func<System.ValueTuple<System.String, System.Type, System.Reflection.MemberInfo>, System.Func<System.Object, System.String>>
7ffcd1c29350    311     19,904 System.Func<System.ValueTuple<System.String, System.Type, System.Reflection.MemberInfo>, System.Action<System.Object, System.String>>
7ffcd1673a18    415     19,920 System.Reflection.NullabilityInfo
7ffcd39c78f8    623     19,936 System.Collections.Generic.List<Microsoft.EntityFrameworkCore.Query.SqlExpressions.OrderingExpression>
7ffcd12483f0    357     19,992 Autofac.Core.Activators.Reflection.BoundConstructor
7ffcd1c63708     44     20,064 System.Text.Json.WriteStackFrame[]
7ffcd42c16d8     82     20,336 System.Text.Json.Serialization.Metadata.JsonPropertyInfo<System.Decimal>
7ffcd2638678    638     20,416 System.Linq.Expressions.MethodCallExpression1
7ffcd1409fd8    638     20,416 Autofac.Core.Resolving.Middleware.SharingMiddleware+<>c__DisplayClass5_0
7ffcd16abfe0    641     20,512 System.Collections.Generic.List<Microsoft.AspNetCore.Routing.Patterns.RoutePatternPart>
7ffcd262a640    166     20,592 System.Collections.Generic.Dictionary<System.Object, Microsoft.AspNetCore.Routing.DecisionTree.DecisionTreeNode<Microsoft.AspNetCore.Routing.Tree.OutboundMatch>>+Entry[]
7ffcd0b48378    431     20,688 System.Collections.Concurrent.ConcurrentDictionary<System.Type, System.Object>+Node
7ffcd1ef64f0    872     20,928 System.Threading.AsyncLocalValueMap+MultiElementAsyncLocalValueMap
7ffcd085d240    374     20,944 System.RuntimeType+RuntimeTypeCache+MemberInfoCache<System.Reflection.RuntimePropertyInfo>
7ffcd09deac0    522     21,008 System.Attribute[]
7ffcd11fa820    885     21,240 Autofac.Core.Pipeline.ResolvePipeline
7ffcd1b5f070    242     21,296 Microsoft.AspNetCore.Mvc.ApiExplorer.ApiParameterDescription
7ffcd33f7170    382     21,392 System.Linq.Enumerable+IEnumerableWhereIterator<Microsoft.EntityFrameworkCore.Metadata.IEntityType>
7ffcd4151538    382     21,392 System.Linq.Enumerable+IEnumerableWhereIterator<Microsoft.EntityFrameworkCore.Metadata.IServiceProperty>
7ffcd13bf908    386     21,616 System.Collections.Concurrent.ConcurrentDictionary<System.Guid, System.Object>+Node
7ffcd0a1a770    147     21,760 System.Reflection.RuntimePropertyInfo[][]
7ffcd1215248    909     21,816 System.Collections.ObjectModel.ReadOnlyCollection<System.Linq.Expressions.Expression>
7ffcd266fc40    546     21,840 Microsoft.EntityFrameworkCore.Diagnostics.WarningsConfiguration
7ffcd39c8018    318     21,968 Microsoft.EntityFrameworkCore.Query.SqlExpressions.OrderingExpression[]
7ffcd2606ea0    276     22,080 System.Collections.Generic.Dictionary<System.String, Microsoft.AspNetCore.Routing.Tree.UrlMatchingNode>
7ffcd16b3f20    670     22,112 Microsoft.AspNetCore.Routing.Template.TemplatePart[]
7ffcd072dc08    461     22,128 Microsoft.Extensions.DependencyModel.RuntimeFile
7ffcd3eb6220    463     22,200 Microsoft.Data.SqlClient.SqlParameter[]
7ffcd2aa84a0    349     22,336 AutoMapper.Internal.TypeDetails
7ffcd0aa2550    575     22,448 System.Int64[]
7ffcd3aaf018    237     22,752 System.Linq.Enumerable+<IntersectIterator>d__121<Microsoft.EntityFrameworkCore.Query.SqlExpressions.ColumnExpression>
7ffcd1db6f48     56     22,848 Microsoft.AspNetCore.Server.Kestrel.Core.Internal.Http.HttpResponseHeaders
7ffcd2681f58    572     22,880 System.Collections.Generic.KeyValuePair<System.Int32, System.ValueTuple<System.Nullable<Microsoft.EntityFrameworkCore.WarningBehavior>, System.Nullable<Microsoft.Extensions.Logging.LogLevel>>>
7ffcd26817c8    481     23,088 System.Collections.Immutable.ImmutableSortedDictionary<System.Int32, System.ValueTuple<System.Nullable<Microsoft.EntityFrameworkCore.WarningBehavior>, System.Nullable<Microsoft.Extensions.Logging.LogLevel>>>
7ffcd1218de8    978     23,472 System.Collections.ObjectModel.ReadOnlyCollection<System.Linq.Expressions.ParameterExpression>
7ffcd39e4648    491     23,568 Microsoft.EntityFrameworkCore.Query.SqlExpressions.SqlConstantExpression
7ffcd3a5be08    374     23,936 Microsoft.EntityFrameworkCore.Query.Internal.RelationalCommandResolver
7ffcd1219980    375     24,000 System.Collections.Generic.HashSet<System.Linq.Expressions.ParameterExpression>
7ffcd1432ad0    429     24,024 System.Collections.Concurrent.ConcurrentDictionary<Serilog.Extensions.Logging.EventIdPropertyCache+EventKey, Serilog.Events.LogEventPropertyValue>+Tables
7ffcd0672280    501     24,048 System.Threading.CancellationTokenSource
7ffcd11a4a00    606     24,208 Autofac.Core.Parameter[]
7ffcd3f3a348    608     24,320 Microsoft.EntityFrameworkCore.Metadata.Internal.PropertyIndexes
7ffcd4151338    382     24,448 System.Linq.Enumerable+SelectManySingleSelectorIterator<Microsoft.EntityFrameworkCore.Metadata.IEntityType, Microsoft.EntityFrameworkCore.Metadata.IServiceProperty>
7ffcd085cf58    254     24,520 System.Reflection.RuntimeFieldInfo[]
7ffcd2984770     33     24,816 CommonApiMessage.AggregatesModel.SubOrderMessage.SubOrderMessageItemViewModel
7ffcd3306ce8    392     25,088 System.Func<Microsoft.EntityFrameworkCore.Metadata.IEntityType, System.Boolean>
7ffcd12c5c00    523     25,104 Microsoft.AspNetCore.Mvc.ModelBinding.ModelAttributes
7ffcd268bf18    451     25,256 System.Collections.Immutable.ImmutableSortedDictionary<System.Int32, System.ValueTuple<System.Nullable<Microsoft.EntityFrameworkCore.WarningBehavior>, System.Nullable<Microsoft.Extensions.Logging.LogLevel>>>+Enumerator
7ffcd3ac7c68    530     25,440 Microsoft.EntityFrameworkCore.Storage.Internal.TypeMappedRelationalParameter
7ffcd2947030    148     25,536 AutoMapper.Configuration.IPropertyMapConfiguration[]
7ffcd2eaa908     94     25,568 Microsoft.EntityFrameworkCore.SqlServer.Storage.Internal.SqlServerStringTypeMapping
7ffcd3a72e48    401     25,664 System.Func<System.Data.Common.DbDataReader, System.Int32[], System.Object>
7ffcd3a742d8    401     25,664 Microsoft.EntityFrameworkCore.Storage.ReaderColumn<System.Object>
7ffcd1676fc0    202     25,856 Microsoft.AspNetCore.Mvc.ModelBinding.Metadata.DisplayMetadata
7ffcd0702bb0     20     25,920 System.Collections.Hashtable+Bucket[]
7ffcd04dd668    263     25,936 System.Reflection.RuntimeMethodInfo[][]
7ffcd3f38158     44     25,968 System.Collections.Generic.Dictionary<Microsoft.EntityFrameworkCore.Metadata.IPropertyBase, System.Int32>+Entry[]
7ffcd0b413a0    800     26,208 System.Reflection.ConstructorInfo[]
7ffcd2b89938    328     26,240 System.Collections.Generic.Dictionary<System.Type, System.Linq.Expressions.Compiler.DelegateHelpers+TypeInfo>
7ffcd16b31b0    823     26,336 System.Collections.Generic.List<Microsoft.AspNetCore.Routing.Template.TemplatePart>
7ffcd1174ff0     14     26,448 System.Collections.Concurrent.ConcurrentQueueSegment<Autofac.Core.IComponentRegistration>+Slot[]
7ffcd166eb10    302     26,576 System.Collections.Concurrent.ConcurrentDictionary<Microsoft.AspNetCore.Mvc.ModelBinding.Metadata.ModelMetadataIdentity, Microsoft.AspNetCore.Mvc.ModelBinding.Metadata.DefaultModelMetadataProvider+ModelMetadataCacheEntry>+Node
7ffcd1d8d0b0    278     26,688 System.IO.Pipelines.BufferSegment
7ffcd363bc90     56     26,784 System.Collections.Generic.Dictionary<System.String, Serilog.Events.LogEventPropertyValue>+Entry[]
7ffcd3edd500    340     26,792 System.DateTime[]
7ffcd1db4118     56     27,328 Microsoft.AspNetCore.Server.Kestrel.Core.Internal.Http.HttpRequestHeaders
7ffcd3edcfa8    222     27,504 Microsoft.EntityFrameworkCore.Query.Internal.BufferedDataReader+BufferedDataRecord+TypeCase[]
7ffcd1d88278     80     27,520 Microsoft.AspNetCore.Server.Kestrel.Transport.Sockets.Internal.SocketConnection
7ffcd11cb7d8    577     27,696 System.Collections.Concurrent.ConcurrentDictionary<System.Type, System.Reflection.ConstructorInfo[]>+Node
7ffcd37a44c8  1,160     27,840 System.Collections.Generic.Dictionary<System.String, Microsoft.EntityFrameworkCore.Infrastructure.Annotation>+ValueCollection
7ffcd1670e28    439     28,096 System.Func<System.Object, System.Object>
7ffcd1d88568     80     28,160 Microsoft.AspNetCore.Server.Kestrel.Transport.Sockets.Internal.SocketReceiver
7ffcd263bb08    505     28,280 System.Linq.Expressions.MethodBinaryExpression
7ffcd11ac078    884     28,760 Autofac.Core.Service[]
7ffcd1c54850     89     28,800 System.Collections.Generic.Dictionary<System.String, System.Text.Json.Serialization.Metadata.JsonPropertyInfo>+Entry[]
7ffcd2602ff0    362     28,960 System.Collections.Generic.Dictionary<System.String, Microsoft.AspNetCore.Routing.IRouteConstraint>
7ffcd2dc2c98    908     29,056 System.Dynamic.Utils.ListArgumentProvider
7ffcd3eba0a8    231     29,568 Microsoft.Data.SqlClient._SqlRPC
7ffcd16abcf0    570     29,616 Microsoft.AspNetCore.Routing.Patterns.RoutePatternPathSegment[]
7ffcd1406d48    220     29,920 Autofac.Core.Resolving.ResolveOperation
7ffcd32dac60     93     30,504 Microsoft.EntityFrameworkCore.Metadata.RuntimeEntityType
7ffcd1680ee8    426     30,672 Microsoft.AspNetCore.Mvc.ModelBinding.Metadata.BindingMetadata
7ffcd2920bf0    297     30,888 AutoMapper.TypeMap
7ffcd16e73a0    205     31,160 Microsoft.AspNetCore.Mvc.Controllers.ControllerActionDescriptor
7ffcd2b85ab8    977     31,264 System.Dynamic.Utils.ListParameterProvider
7ffcd1247ef0    653     31,344 System.Collections.Concurrent.ConcurrentDictionary<System.Reflection.ConstructorInfo, System.Func<System.Object[], System.Object>>+Node
7ffcd1195fc8      4     31,584 System.Collections.Concurrent.ConcurrentDictionary<System.Type, System.Boolean>+VolatileNode[]
7ffcd38ed8c0    998     31,936 System.Collections.Generic.List<Microsoft.EntityFrameworkCore.Query.SqlExpressions.SqlExpression>
7ffcd0b45b98    400     32,000 System.ComponentModel.ReflectTypeDescriptionProvider+ReflectedTypeData
7ffcd04f12e0    501     32,064 System.Reflection.InvokerEmitUtil+InvokeFunc_RefArgs
7ffcd1174708      1     32,416 System.Collections.Concurrent.ConcurrentDictionary<Autofac.Core.Service, Autofac.Core.Registration.ServiceRegistrationInfo>+VolatileNode[]
7ffcd1197b98      1     32,416 System.Collections.Concurrent.ConcurrentDictionary<System.Reflection.ConstructorInfo, System.Func<System.Object[], System.Object>>+VolatileNode[]
7ffcd1c15b50      1     32,416 System.Collections.Concurrent.ConcurrentDictionary<System.ValueTuple<System.String, System.Type, System.Reflection.MemberInfo>, System.Text.Json.Serialization.Metadata.ReflectionEmitCachingMemberAccessor+Cache<System.ValueTuple<System.String, System.Type, System.Reflection.MemberInfo>>+CacheEntry>+VolatileNode[]
7ffcd38daf08    516     33,024 Microsoft.EntityFrameworkCore.Query.SqlExpressions.SqlParameterExpression
7ffcd39b4e68  1,032     33,024 Microsoft.EntityFrameworkCore.Query.SqlExpressions.ProjectionExpression
7ffcd1c2a0d0    268     33,280 System.Text.Json.Serialization.Metadata.JsonPropertyInfo[]
7ffcd14083a0    220     33,440 Autofac.Core.Resolving.Pipeline.ResolveRequestContext[]
7ffcd30483f8    220     33,440 System.Collections.Concurrent.ConcurrentDictionary<System.ValueTuple<Microsoft.EntityFrameworkCore.Storage.RelationalTypeMappingInfo, System.Type, Microsoft.EntityFrameworkCore.Storage.ValueConversion.ValueConverter, Microsoft.EntityFrameworkCore.Storage.CoreTypeMapping>, Microsoft.EntityFrameworkCore.Storage.RelationalTypeMapping>+Node
7ffcd04db8b0    604     33,824 System.RuntimeType+RuntimeTypeCache+MemberInfoCache<System.Reflection.RuntimeMethodInfo>
7ffcd3021f68  1,410     33,840 Microsoft.EntityFrameworkCore.Metadata.SqlServerValueGenerationStrategy
7ffcd1704d50    851     34,040 Microsoft.AspNetCore.Routing.RouteValueDictionary
7ffcd04fd3b8     76     34,656 System.Buffers.SharedArrayPoolThreadLocalArray[]
7ffcd16ebe28  1,099     35,168 Microsoft.AspNetCore.Mvc.Filters.FilterDescriptor
7ffcd1213350  1,468     35,232 System.Linq.Expressions.PrimitiveParameterExpression<System.String>
7ffcd11fa6b0    884     35,360 Autofac.Core.Resolving.Middleware.DelegateMiddleware
7ffcd2fcae18     93     35,712 Microsoft.EntityFrameworkCore.Metadata.Internal.EntityType
7ffcd1216220  1,489     35,736 System.Runtime.CompilerServices.TrueReadOnlyCollection<System.Linq.Expressions.Expression>
7ffcd1402f88    559     35,776 System.Collections.Concurrent.ConcurrentDictionary<System.Type, System.ValueTuple<System.Type, System.Type, System.Func<System.Int32, System.Collections.IList>>>+Node
7ffcd16b3130    642     35,952 Microsoft.AspNetCore.Routing.Template.TemplatePart
7ffcd0968088    284     36,064 System.Reflection.Emit.__LabelInfo[]
7ffcd043b360  1,133     36,256 System.Collections.Generic.List<System.String>
7ffcd1c2aab0     92     36,256 System.Collections.Generic.Dictionary<System.String, System.ValueTuple<System.Text.Json.Serialization.Metadata.JsonPropertyInfo, System.Int32>>+Entry[]
7ffcd11a5a20    908     36,320 Autofac.Core.Resolving.Pipeline.ResolvePipelineBuilder
7ffcd29824e8    132     36,960 CommonApiMessage.AggregatesModel.SubOrderMessage.SubOrderMessageAddressViewModel
7ffcd14b7868      4     37,024 System.Text.Encodings.Web.OptimizedInboxTextEncoder
7ffcd11c3ae0  1,158     37,056 System.Collections.Generic.List<Autofac.Core.IComponentRegistration>
7ffcd3ac1638    258     37,152 System.Collections.Generic.Dictionary<System.String, Microsoft.EntityFrameworkCore.Query.SqlExpressions.SqlParameterExpression>+Entry[]
7ffcd39e2b60    786     37,728 Microsoft.EntityFrameworkCore.Query.SqlExpressions.SqlUnaryExpression
7ffcd3edd720    340     38,080 System.Decimal[]
7ffcd11fad80    681     38,136 Autofac.Core.Activators.Reflection.ConstructorBinder
7ffcd2b8a108    328     38,256 System.Collections.Generic.Dictionary<System.Type, System.Linq.Expressions.Compiler.DelegateHelpers+TypeInfo>+Entry[]
7ffcd04f11f0    482     38,560 System.Reflection.MethodBaseInvoker
7ffcd12c60c8    804     38,592 Microsoft.Extensions.Internal.PropertyHelper
7ffcd0fdc680    108     38,880 Order.Infrastructure.Entities.SubOrderModels.SubOrderAddressModel
7ffcd11fc3f0    994     39,760 System.Collections.Concurrent.ConcurrentDictionary<System.Type, System.Boolean>+Node
7ffcd0590d88  1,023     40,920 System.Threading.ExecutionContext
7ffcd37a1468     94     41,040 Microsoft.EntityFrameworkCore.Utilities.OrderedDictionary<System.String, Microsoft.EntityFrameworkCore.Metadata.RuntimeProperty>+Entry[]
7ffcd37a1fd0     94     41,040 Microsoft.EntityFrameworkCore.Utilities.OrderedDictionary<System.String, Microsoft.EntityFrameworkCore.Metadata.RuntimeIndex>+Entry[]
7ffcd1190958    653     41,792 System.Func<System.Object[], System.Object>
7ffcd38d7e70    526     42,080 System.Collections.Generic.Dictionary<Microsoft.EntityFrameworkCore.Query.ProjectionMember, System.Linq.Expressions.Expression>
7ffcd085bc08  1,211     42,320 System.Reflection.RuntimeConstructorInfo[]
7ffcd190ca58  1,071     42,840 System.Linq.Expressions.InstanceMethodCallExpression1
7ffcd2b5b808  1,806     43,344 AutoMapper.Execution.ExpressionResolver
7ffcd11c4018    907     43,536 System.Collections.Concurrent.ConcurrentDictionary<Autofac.Core.Service, Autofac.Core.Registration.ServiceRegistrationInfo>+Node
7ffcd12193d0  1,832     43,968 System.Runtime.CompilerServices.TrueReadOnlyCollection<System.Linq.Expressions.ParameterExpression>
7ffcd09683e0  1,386     44,352 System.Reflection.Emit.GenericMethodInfo
7ffcd0b423a8    695     44,480 System.Func<System.Object>
7ffcd11a1700  1,871     44,904 Autofac.Core.TypedService
7ffcd3049de8  1,409     45,088 Microsoft.EntityFrameworkCore.Metadata.Internal.InternalPropertyBuilder
7ffcd11c3f58    792     45,280 Autofac.Core.IComponentRegistration[]
7ffcd1d89c60    160     46,080 System.IO.Pipelines.Pipe
7ffcd3aa6fb0    969     46,512 System.Linq.Enumerable+IListSkipTakeIterator<Microsoft.EntityFrameworkCore.Query.SqlExpressions.ColumnExpression>
7ffcd1236d78  1,467     46,944 System.Linq.Expressions.ScopeN
7ffcd1291ae0    660     46,976 System.Collections.Generic.KeyValuePair<System.String, System.Object>[]
7ffcd1d9fb00     56     47,040 Microsoft.AspNetCore.Server.Kestrel.Core.Internal.Http.Http1Connection<Microsoft.AspNetCore.Hosting.HostingApplication+Context>
7ffcd128e8e8  1,968     47,232 Microsoft.AspNetCore.Routing.Patterns.RoutePatternPathSegment
7ffcd3932158  1,502     48,064 System.Collections.Generic.List<Microsoft.EntityFrameworkCore.Metadata.Internal.ColumnMapping>
7ffcd39133d8  1,502     48,064 System.Collections.Generic.List<Microsoft.EntityFrameworkCore.Metadata.Internal.ColumnMappingBase>
7ffcd2b86540  2,007     48,168 System.Runtime.CompilerServices.TrueReadOnlyCollection<System.Linq.Expressions.CatchBlock>
7ffcd09cf840    606     48,480 System.Collections.Generic.Dictionary<System.Object, System.Object>
7ffcd3ed96f0    216     48,720 Microsoft.Data.SqlClient.SqlBuffer[]
7ffcd049b258  1,057     48,826 System.Boolean[]
7ffcd3023198  1,257     50,280 Microsoft.EntityFrameworkCore.Metadata.Internal.ConventionAnnotation
7ffcd38da048    289     50,864 Microsoft.EntityFrameworkCore.Query.SqlExpressions.SelectExpression
7ffcd136b580  1,279     51,160 System.Linq.Expressions.FullConditionalExpression
7ffcd05f6008    813     52,032 Microsoft.Extensions.DependencyInjection.ServiceDescriptor
7ffcd3deb878     26     53,872 Microsoft.Data.SqlClient.SessionStateRecord[]
7ffcd16adc38    570     54,720 Microsoft.AspNetCore.Routing.Patterns.RoutePattern
7ffcd25ae7c0     55     55,016 System.Byte[][]
7ffcd3ed9248    250     55,936 Microsoft.Data.SqlClient._SqlMetaData[]
7ffcd09685a0    284     56,448 System.Reflection.Emit.__FixupData[]
7ffcd3e869f8    228     56,544 Microsoft.Data.SqlClient.SqlDataReader
7ffcd11fa3f8    884     56,576 System.Action<Autofac.Core.Resolving.Pipeline.ResolveRequestContext, System.Action<Autofac.Core.Resolving.Pipeline.ResolveRequestContext>>
7ffcd16ac700  1,802     57,664 Microsoft.AspNetCore.Routing.Patterns.RoutePatternLiteralPart
7ffcd078ada8    906     57,984 System.Collections.Generic.HashSet<System.String>
7ffcd11c44b0    604     57,984 Autofac.Core.Activators.Reflection.ReflectionActivator
7ffcd302d308  1,038     58,128 System.Collections.Generic.SortedSet<System.Collections.Generic.KeyValuePair<System.String, System.Reflection.FieldInfo>>+Node
7ffcd37da350     82     59,184 System.Collections.Generic.Dictionary<System.Reflection.MethodInfo, System.String>+Entry[]
7ffcd1c268c8    939     60,096 System.Func<System.Object, System.String>
7ffcd1c29260    939     60,096 System.Action<System.Object, System.String>
7ffcd38efd68    957     61,248 Microsoft.EntityFrameworkCore.Query.SqlExpressions.ColumnExpression
7ffcd14082e0    220     61,600 Autofac.Core.Resolving.Pipeline.DefaultResolveRequestContext[]
7ffcd1c14a38  1,958     62,656 System.Text.Json.Serialization.Metadata.ReflectionEmitCachingMemberAccessor+Cache<System.ValueTuple<System.String, System.Type, System.Reflection.MemberInfo>>+CacheEntry
7ffcd2b2b8e8    296     63,168 AutoMapper.PropertyMap[]
7ffcd085e278  1,128     63,856 System.Reflection.RuntimePropertyInfo[]
7ffcd0967e50  2,011     64,352 System.Reflection.Emit.GenericFieldInfo
7ffcd3e84b00    231     64,680 Microsoft.Data.SqlClient.SqlCommand
7ffcd29469e0  2,028     64,896 System.Collections.Generic.List<System.Action<AutoMapper.PropertyMap>>
7ffcd1211368  2,019     65,672 System.Linq.Expressions.ParameterExpression[]
7ffcd1af28f0    206     65,920 System.Collections.Concurrent.ConcurrentDictionary<System.Type, System.Object[]>+VolatileNode[]
7ffcd078b210    658     67,056 System.Collections.Generic.HashSet<System.String>+Entry[]
7ffcd39327e8  1,409     67,632 System.Collections.Generic.SortedSet<Microsoft.EntityFrameworkCore.Metadata.Internal.ColumnMapping>
7ffcd3932d48  1,409     67,632 System.Collections.Generic.SortedSet<Microsoft.EntityFrameworkCore.Metadata.Internal.ColumnMapping>+Node
7ffcd39176c0  1,409     67,632 System.Collections.Generic.SortedSet<Microsoft.EntityFrameworkCore.Metadata.Internal.ColumnMappingBase>
7ffcd391ad48  1,409     67,632 System.Collections.Generic.SortedSet<Microsoft.EntityFrameworkCore.Metadata.Internal.ColumnMappingBase>+Node
7ffcd1197270      2     67,696 System.Collections.Concurrent.ConcurrentDictionary<System.ValueTuple<System.Type, System.Type>, System.Boolean>+VolatileNode[]
7ffcd085bae0  1,213     67,928 System.RuntimeType+RuntimeTypeCache+MemberInfoCache<System.Reflection.RuntimeConstructorInfo>
7ffcd39e2ed8  1,215     68,040 Microsoft.EntityFrameworkCore.Query.SqlExpressions.SqlBinaryExpression
7ffcd32ef6e8  1,716     68,640 System.Collections.Concurrent.ConcurrentDictionary<System.String, Microsoft.EntityFrameworkCore.Infrastructure.Annotation>
7ffcd190eac0  2,008     68,936 System.Linq.Expressions.CatchBlock[]
7ffcd0704f38    862     68,960 Serilog.Core.Logger
7ffcd085e6b0    408     69,232 System.Reflection.PropertyInfo[]
7ffcd12c48d0    523     71,128 Microsoft.AspNetCore.Mvc.ModelBinding.Metadata.DefaultMetadataDetails
7ffcd1191558  1,137     72,768 System.Action<System.Object, System.Object>
7ffcd1210018  3,065     73,560 System.Linq.Expressions.ConstantExpression
7ffcd1ad6eb8  1,842     73,680 System.Linq.Expressions.MethodCallExpression2
7ffcd3edc510    222     76,368 Microsoft.EntityFrameworkCore.Query.Internal.BufferedDataReader+BufferedDataRecord
7ffcd14073a8    638     76,560 Autofac.Core.Resolving.Pipeline.DefaultResolveRequestContext
7ffcd39b1710  2,421     77,472 System.Collections.Generic.List<Microsoft.EntityFrameworkCore.Query.SqlExpressions.ColumnExpression>
7ffcd16ac570  1,969     78,392 Microsoft.AspNetCore.Routing.Patterns.RoutePatternPart[]
7ffcd306aa28  1,409     78,904 System.Collections.Generic.SortedSet<System.Collections.Generic.KeyValuePair<System.String, Microsoft.EntityFrameworkCore.Metadata.Internal.Property>>+Node
7ffcd08586c0    825     79,200 System.Reflection.CustomAttributeRecord[]
7ffcd123e3a0  2,024     80,960 System.Linq.Expressions.LogicalBinaryExpression
7ffcd39c7e98    290     81,648 Microsoft.EntityFrameworkCore.Query.SqlExpressions.ProjectionExpression[]
7ffcd12c1e28    427     81,984 Microsoft.AspNetCore.Mvc.ModelBinding.Metadata.DefaultModelBindingMessageProvider
7ffcd302b200  1,483     83,048 System.Collections.Generic.SortedSet<System.Collections.Generic.KeyValuePair<System.String, System.Reflection.PropertyInfo>>+Node
7ffcd1172770    907     87,072 Autofac.Core.Registration.ServiceRegistrationInfo
7ffcd38f91c8  1,409     90,176 Microsoft.EntityFrameworkCore.Metadata.Internal.ColumnMapping
7ffcd38f8e98  1,409     90,176 Microsoft.EntityFrameworkCore.Metadata.Internal.ColumnMappingBase
7ffcd036ae08  1,163     93,040 System.Collections.Generic.Dictionary<System.String, System.Object>
7ffcd2b28af8    166     93,984 System.Collections.Generic.Dictionary<System.String, System.Reflection.MemberInfo>+Entry[]
7ffcd3a91190    872     94,336 System.Collections.Generic.KeyValuePair<System.Threading.IAsyncLocal, System.Object>[]
7ffcd123e4f8  2,966     94,912 System.Runtime.CompilerServices.Closure
7ffcd3a0a668  1,194     95,520 System.Linq.Enumerable+ListSelectIterator<System.ValueTuple<Microsoft.EntityFrameworkCore.Query.SqlExpressions.ColumnExpression, Microsoft.EntityFrameworkCore.ChangeTracking.ValueComparer>, Microsoft.EntityFrameworkCore.Query.SqlExpressions.ColumnExpression>
7ffcd32f08d0  1,716     96,096 System.Collections.Concurrent.ConcurrentDictionary<System.String, Microsoft.EntityFrameworkCore.Infrastructure.Annotation>+Tables
7ffcd39326e8  1,503     97,128 Microsoft.EntityFrameworkCore.Metadata.Internal.ColumnMapping[]
7ffcd3913968  1,503     97,128 Microsoft.EntityFrameworkCore.Metadata.Internal.ColumnMappingBase[]
7ffcd0337520  4,109     98,616 System.Int32
7ffcd11ae9d0    883     98,896 Autofac.Core.Registration.ComponentRegistration
7ffcd1230830  3,133    100,256 System.Linq.Expressions.AssignBinaryExpression
7ffcd06edbe0    232    106,128 System.Collections.Generic.Dictionary<System.String, System.String>+Entry[]
7ffcd11ffe58  2,389    113,400 System.Linq.Expressions.Expression[]
7ffcd2946f70  2,029    113,592 System.Action<AutoMapper.PropertyMap>[]
7ffcd190e338  2,030    113,680 System.Linq.Expressions.TryExpression
7ffcd1004e18  4,863    116,712 System.Reflection.Emit.DynamicResolver+DestroyScout
7ffcd190e568  2,593    124,464 System.Linq.Expressions.CatchBlock
7ffcd1c17ac0  1,953    124,992 System.Collections.Concurrent.ConcurrentDictionary<System.ValueTuple<System.String, System.Type, System.Reflection.MemberInfo>, System.Text.Json.Serialization.Metadata.ReflectionEmitCachingMemberAccessor+Cache<System.ValueTuple<System.String, System.Type, System.Reflection.MemberInfo>>+CacheEntry>+Node
7ffcd2682a80  2,248    125,888 System.Collections.Immutable.ImmutableSortedDictionary<System.Int32, System.ValueTuple<System.Nullable<Microsoft.EntityFrameworkCore.WarningBehavior>, System.Nullable<Microsoft.Extensions.Logging.LogLevel>>>+Node
7ffcd12c6938    523    129,704 Microsoft.AspNetCore.Mvc.ModelBinding.Metadata.DefaultModelMetadata
7ffcd2946910  2,028    129,792 System.Action<AutoMapper.PropertyMap>
7ffcd0400848  1,068    130,176 System.Collections.Generic.Dictionary<System.String, System.Object>+Entry[]
7ffcd11fab00  3,341    133,640 Autofac.Core.Resolving.Pipeline.ResolvePipelineBuilder+<>c__DisplayClass15_0
7ffcd390f4f0  1,409    135,264 Microsoft.EntityFrameworkCore.Metadata.Internal.ColumnBase<Microsoft.EntityFrameworkCore.Metadata.Internal.ColumnMappingBase>
7ffcd14328f8    429    137,280 System.Collections.Concurrent.ConcurrentDictionary<Serilog.Extensions.Logging.EventIdPropertyCache+EventKey, Serilog.Events.LogEventPropertyValue>+VolatileNode[]
7ffcd38f8ba0  1,409    146,536 Microsoft.EntityFrameworkCore.Metadata.Internal.Column
7ffcd1212d18  4,729    151,328 System.Linq.Expressions.TypedParameterExpression
7ffcd32f1030  3,224    154,752 System.Collections.Concurrent.ConcurrentDictionary<System.String, Microsoft.EntityFrameworkCore.Infrastructure.Annotation>+Node
7ffcd1c25a30    634    157,232 System.Text.Json.Serialization.Metadata.JsonPropertyInfo<System.String>
7ffcd3917588  2,818    157,808 System.Collections.Generic.SortedSet<System.Collections.Generic.KeyValuePair<System.String, Microsoft.EntityFrameworkCore.Metadata.IColumnBase>>+Node
7ffcd11af3a8  3,337    160,176 Autofac.Core.Resolving.Pipeline.MiddlewareDeclaration
7ffcd085a2a8  2,257    162,504 System.Reflection.RtFieldInfo
7ffcd28f51f0     72    162,752 System.Collections.Generic.Dictionary<System.ValueTuple<System.Type, System.String>, System.Object>+Entry[]
7ffcd04de8b8  1,654    172,016 System.Reflection.RuntimeConstructorInfo
7ffcd094fe48  7,356    176,544 System.Reflection.Emit.DynamicScope
7ffcd3ea8470  1,137    181,920 Microsoft.Data.SqlClient.SqlParameter
7ffcd0700e08      2    196,848 System.Runtime.CompilerServices.GenericCache<System.Runtime.CompilerServices.VirtualDispatchHelpers+VirtualResolutionData, System.IntPtr>+Entry[]
7ffcd3023050  6,171    197,472 Microsoft.EntityFrameworkCore.Infrastructure.Annotation
7ffcd1cf5228  4,589    201,008 System.Reflection.MemberInfo[]
7ffcd2e99258     72    203,008 System.Collections.Generic.Dictionary<Microsoft.Extensions.DependencyInjection.ServiceLookup.ServiceCacheKey, System.Object>+Entry[]
7ffcd04f0ca8  5,332    204,680 System.Reflection.ParameterInfo[]
7ffcd1210830  4,288    205,824 System.Linq.Expressions.UnaryExpression
7ffcd3809d28    395    206,792 Microsoft.EntityFrameworkCore.Query.Internal.ExpressionTreeFuncletizer+State[]
7ffcd30232b0  2,663    213,040 System.Collections.Generic.Dictionary<System.String, Microsoft.EntityFrameworkCore.Infrastructure.Annotation>
7ffcd11fa318  3,342    213,888 System.Action<Autofac.Core.Resolving.Pipeline.ResolveRequestContext>
7ffcd0560938  2,158    215,456 System.Reflection.MethodInfo[]
7ffcd04d66c0  4,198    217,768 System.Type[]
7ffcd04db9d8  1,045    222,624 System.Reflection.RuntimeMethodInfo[]
7ffcd0366a70  9,413    225,912 System.RuntimeTypeHandle
7ffcd1214bc0  7,176    229,632 System.Linq.Expressions.PropertyExpression
7ffcd043aa70  2,255    230,024 System.String[]
7ffcd13ec730  5,022    241,056 System.Collections.Concurrent.ConcurrentDictionary<System.ValueTuple<System.Type, System.Type>, System.Boolean>+Node
7ffcd04dcad0 10,150    243,600 System.RuntimeMethodHandle
7ffcd3a9c4d0    477    249,688 System.Collections.Generic.Dictionary<System.String, Microsoft.EntityFrameworkCore.Query.Internal.RelationalCommandCache+ParameterInfo>+Entry[]
7ffcd0902448  8,075    258,400 System.Collections.Generic.List<System.Object>
7ffcd3023b80  2,663    264,672 System.Collections.Generic.Dictionary<System.String, Microsoft.EntityFrameworkCore.Infrastructure.Annotation>+Entry[]
7ffcd04d8288  1,770    297,360 System.RuntimeType+RuntimeTypeCache
7ffcd3eaa2c0  5,442    348,288 Microsoft.Data.SqlClient.SqlBuffer
7ffcd09649f8  7,356    353,088 System.Reflection.Emit.ScopeTree
7ffcd2946598  4,524    361,920 AutoMapper.PropertyMap
7ffcd32ddbe0  1,409    371,976 Microsoft.EntityFrameworkCore.Metadata.RuntimeProperty
7ffcd300d5a0  1,409    394,520 Microsoft.EntityFrameworkCore.Metadata.Internal.Property
7ffcd085b000  3,817    396,968 System.Reflection.RuntimePropertyInfo
7ffcd0960638  8,342    400,416 System.Reflection.Emit.SignatureHelper
7ffcd068f178  9,025    433,200 System.Text.StringBuilder
7ffcd026a180 13,182    527,280 System.RuntimeType
7ffcd0a1d020  7,335    528,120 System.Reflection.Emit.DynamicResolver
7ffcd32f06f8  1,716    549,120 System.Collections.Concurrent.ConcurrentDictionary<System.String, Microsoft.EntityFrameworkCore.Infrastructure.Annotation>+VolatileNode[]
7ffcd0264738 23,507    564,168 System.Object
7ffcd04df950 21,614    709,680 System.RuntimeType[]
7ffcd0560db8  8,131    780,576 System.RuntimeMethodInfoStub
7ffcd04f08d0  9,574    842,512 System.Reflection.RuntimeParameterInfo
7ffcd035b188 13,305    855,620 System.Int32[]
7ffcd094cb18  7,356    941,568 System.Reflection.Emit.DynamicMethod
7ffcd3ed90a0  6,242    998,720 Microsoft.Data.SqlClient._SqlMetaData
7ffcd04df7c0 13,401  1,072,080 System.Signature
7ffcd094f9d0  7,356  1,118,112 System.Reflection.Emit.DynamicILGenerator
7ffcd0332308 14,421  1,460,032 System.Object[]
7ffcd043c248 10,813  1,684,130 System.Char[]
7ffcd04d8ba8 20,548  2,136,992 System.Reflection.RuntimeMethodInfo
7ffcd035dd88 80,399  6,317,512 System.String
7ffcd0433550 42,251  8,880,235 System.Byte[]
029c948fbc20  8,458 32,601,704 Free
Total 782,396 objects, 90,255,709 bytes

Fragmented blocks larger than 0.5 MB:
         Address           Size      Followed By
    029ca82ee238        624,216     029ca8386890 System.String
    029ca9128f90      1,003,792     029ca921e0a0 System.Int32[]
    029ca923f4e8      1,077,144     029ca9346480 System.Threading.CancellationTokenSource
    029ca98d5350        790,664     029ca99963d8 System.Byte[]
